2026-10-08 07:13:50,691  genstudy.io               INFO     Logging to evaluations/generalization_v4/results/v4_phys/random_control/run.log
2026-10-08 07:13:50,691  run_experiment            INFO     Command line: evaluations/generalization_v3/scripts/run_experiment.py control --model phys --balance-alpha 0 --lr 3e-4 --grad-clip 1.0 --seed 5 --families large --groups vqe --loss mixed --val-mode random --results-dir evaluations/generalization_v4/results/v4_phys
2026-10-08 07:13:50,691  gsv2.gpu                  WARNING  No CUDA device available — running on the CPU.
2026-10-08 07:13:50,692  gsv3.model                INFO     Hyper-parameters (/home/atudisco/pred-distr-tool/src/model/best_params.json + v3 defaults): {'device_hidden': 64, 'device_layers': 3, 'fusion_dim': 128, 'qubit_layers': 2, 'attn_heads': 4, 'lap_pe': 8, 'cost_bias_init': -6.0, 'hidden_dim': 142, 'num_conv_wo_resnet': 3, 'num_resnet_layers': 1, 'dropout': 0.0, 'bidirectional': True, 'mlp': [512, 256, 128], 'lr': 0.001, 'readout': 'meanmaxsum'}
2026-10-08 07:13:50,703  gsv3.devices              INFO     Device graphs: node features 13 (Laplacian PE 8), physical errors True
2026-10-08 07:13:50,703  genstudy.data             INFO     Loading graph dataset: /home/atudisco/pred-distr-tool/evaluations/generalization_v3/data/graph_dataset_expected_fidelity.pt
2026-10-08 07:13:55,198  genstudy.data             INFO     Loaded 17056 graphs
2026-10-08 07:13:55,224  genstudy.io               INFO     Wrote evaluations/generalization_v4/results/v4_phys/random_control/dataset_summary.json
2026-10-08 07:13:55,322  run_experiment            INFO     [1/1] random_seed5
2026-10-08 07:13:55,324  gsv3.experiment           INFO     === random / random_seed5 ===
2026-10-08 07:13:55,324  gsv3.experiment           INFO     Random split stratified by fidelity (test_fraction=0.3, seed=5): train = 11939, test = 5117 circuits; families and sizes appear on both sides.
2026-10-08 07:13:55,325  gsv3.experiment           INFO     train=9551  val=2388 ({'mode': 'random'})  test=5117
2026-10-08 07:13:55,505  gsv3.training             INFO     [random:random_seed5] model=phys (945374 params) train=9551 val=2388 lr=0.0003 clip=1.0 alpha=0.00
2026-10-08 07:15:11,208  gsv3.training             INFO     [random:random_seed5] epoch 0001  train_log_mse=0.27845  val_log_mse=0.74439  val_mse=0.004897  max_grad=273.74  patience=0/30
2026-10-08 07:16:26,646  gsv3.training             INFO     [random:random_seed5] epoch 0002  train_log_mse=0.05189  val_log_mse=0.41241  val_mse=0.001939  max_grad=4.58  patience=0/30
2026-10-08 07:17:42,252  gsv3.training             INFO     [random:random_seed5] epoch 0003  train_log_mse=0.03296  val_log_mse=0.36085  val_mse=0.001635  max_grad=3.64  patience=0/30
2026-10-08 07:18:57,766  gsv3.training             INFO     [random:random_seed5] epoch 0004  train_log_mse=0.02646  val_log_mse=0.42407  val_mse=0.003767  max_grad=3.51  patience=1/30
2026-10-08 07:20:13,129  gsv3.training             INFO     [random:random_seed5] epoch 0005  train_log_mse=0.02447  val_log_mse=0.22984  val_mse=0.001771  max_grad=4.43  patience=2/30
2026-10-08 07:21:29,003  gsv3.training             INFO     [random:random_seed5] epoch 0006  train_log_mse=0.01895  val_log_mse=0.17028  val_mse=0.001410  max_grad=2.83  patience=0/30
2026-10-08 07:22:44,817  gsv3.training             INFO     [random:random_seed5] epoch 0007  train_log_mse=0.01832  val_log_mse=0.17741  val_mse=0.001259  max_grad=2.31  patience=0/30
2026-10-08 07:24:00,678  gsv3.training             INFO     [random:random_seed5] epoch 0008  train_log_mse=0.01831  val_log_mse=0.16063  val_mse=0.001327  max_grad=2.59  patience=1/30
2026-10-08 07:25:17,068  gsv3.training             INFO     [random:random_seed5] epoch 0009  train_log_mse=0.01510  val_log_mse=0.14423  val_mse=0.001168  max_grad=2.35  patience=0/30
2026-10-08 07:26:32,944  gsv3.training             INFO     [random:random_seed5] epoch 0010  train_log_mse=0.01351  val_log_mse=0.26255  val_mse=0.001883  max_grad=2.54  patience=1/30
2026-10-08 07:27:48,873  gsv3.training             INFO     [random:random_seed5] epoch 0011  train_log_mse=0.01422  val_log_mse=0.25733  val_mse=0.001392  max_grad=33.78  patience=2/30
2026-10-08 07:29:04,408  gsv3.training             INFO     [random:random_seed5] epoch 0012  train_log_mse=0.01256  val_log_mse=0.17037  val_mse=0.001383  max_grad=1.78  patience=3/30
2026-10-08 07:30:20,307  gsv3.training             INFO     [random:random_seed5] epoch 0013  train_log_mse=0.08758  val_log_mse=0.23706  val_mse=0.001452  max_grad=740.14  patience=4/30
2026-10-08 07:31:38,387  gsv3.training             INFO     [random:random_seed5] epoch 0014  train_log_mse=0.01303  val_log_mse=0.19189  val_mse=0.001214  max_grad=2.89  patience=5/30
2026-10-08 07:32:56,124  gsv3.training             INFO     [random:random_seed5] epoch 0015  train_log_mse=0.01077  val_log_mse=0.15590  val_mse=0.001289  max_grad=2.44  patience=6/30
2026-10-08 07:34:14,057  gsv3.training             INFO     [random:random_seed5] epoch 0016  train_log_mse=0.01110  val_log_mse=0.15711  val_mse=0.001064  max_grad=2.06  patience=0/30
2026-10-08 07:35:32,039  gsv3.training             INFO     [random:random_seed5] epoch 0017  train_log_mse=0.01011  val_log_mse=0.16974  val_mse=0.001075  max_grad=1.52  patience=1/30
2026-10-08 07:36:49,744  gsv3.training             INFO     [random:random_seed5] epoch 0018  train_log_mse=0.01044  val_log_mse=0.16970  val_mse=0.001094  max_grad=2.01  patience=2/30
2026-10-08 07:38:11,105  gsv3.training             INFO     [random:random_seed5] epoch 0019  train_log_mse=0.00894  val_log_mse=0.16422  val_mse=0.001123  max_grad=1.72  patience=3/30
2026-10-08 07:39:29,589  gsv3.training             INFO     [random:random_seed5] epoch 0020  train_log_mse=0.00828  val_log_mse=0.17822  val_mse=0.000945  max_grad=1.32  patience=0/30
2026-10-08 07:40:47,954  gsv3.training             INFO     [random:random_seed5] epoch 0021  train_log_mse=0.00735  val_log_mse=0.13219  val_mse=0.000931  max_grad=1.57  patience=0/30
2026-10-08 07:42:06,154  gsv3.training             INFO     [random:random_seed5] epoch 0022  train_log_mse=0.00684  val_log_mse=0.15254  val_mse=0.000891  max_grad=1.19  patience=0/30
2026-10-08 07:43:24,279  gsv3.training             INFO     [random:random_seed5] epoch 0023  train_log_mse=0.00769  val_log_mse=0.14511  val_mse=0.001005  max_grad=1.18  patience=1/30
2026-10-08 07:44:42,138  gsv3.training             INFO     [random:random_seed5] epoch 0024  train_log_mse=0.00829  val_log_mse=0.15453  val_mse=0.000843  max_grad=1.63  patience=0/30
2026-10-08 07:45:59,635  gsv3.training             INFO     [random:random_seed5] epoch 0025  train_log_mse=0.00791  val_log_mse=0.12151  val_mse=0.000818  max_grad=1.13  patience=0/30
2026-10-08 07:47:16,981  gsv3.training             INFO     [random:random_seed5] epoch 0026  train_log_mse=0.00637  val_log_mse=0.16801  val_mse=0.000835  max_grad=0.97  patience=1/30
2026-10-08 07:48:34,373  gsv3.training             INFO     [random:random_seed5] epoch 0027  train_log_mse=0.00839  val_log_mse=0.14229  val_mse=0.000954  max_grad=2.00  patience=2/30
2026-10-08 07:49:50,582  gsv3.training             INFO     [random:random_seed5] epoch 0028  train_log_mse=0.00845  val_log_mse=0.20019  val_mse=0.000983  max_grad=5.45  patience=3/30
2026-10-08 07:51:06,272  gsv3.training             INFO     [random:random_seed5] epoch 0029  train_log_mse=0.00678  val_log_mse=0.17650  val_mse=0.000899  max_grad=1.24  patience=4/30
2026-10-08 07:52:21,777  gsv3.training             INFO     [random:random_seed5] epoch 0030  train_log_mse=0.00532  val_log_mse=0.14929  val_mse=0.000779  max_grad=0.83  patience=0/30
2026-10-08 07:53:38,242  gsv3.training             INFO     [random:random_seed5] epoch 0031  train_log_mse=0.00617  val_log_mse=0.14964  val_mse=0.000822  max_grad=1.71  patience=1/30
2026-10-08 07:54:54,990  gsv3.training             INFO     [random:random_seed5] epoch 0032  train_log_mse=0.00824  val_log_mse=0.17587  val_mse=0.000825  max_grad=1.59  patience=2/30
2026-10-08 07:56:11,824  gsv3.training             INFO     [random:random_seed5] epoch 0033  train_log_mse=0.00571  val_log_mse=0.15973  val_mse=0.000843  max_grad=0.87  patience=3/30
2026-10-08 07:57:29,031  gsv3.training             INFO     [random:random_seed5] epoch 0034  train_log_mse=0.00526  val_log_mse=0.13865  val_mse=0.000744  max_grad=0.76  patience=0/30
2026-10-08 07:58:46,184  gsv3.training             INFO     [random:random_seed5] epoch 0035  train_log_mse=0.00578  val_log_mse=0.14489  val_mse=0.000783  max_grad=1.05  patience=1/30
2026-10-08 08:00:03,829  gsv3.training             INFO     [random:random_seed5] epoch 0036  train_log_mse=0.00539  val_log_mse=0.15114  val_mse=0.000730  max_grad=3.04  patience=0/30
2026-10-08 08:01:21,803  gsv3.training             INFO     [random:random_seed5] epoch 0037  train_log_mse=0.00557  val_log_mse=0.14888  val_mse=0.000764  max_grad=0.93  patience=1/30
2026-10-08 08:02:38,490  gsv3.training             INFO     [random:random_seed5] epoch 0038  train_log_mse=0.00571  val_log_mse=0.16946  val_mse=0.000781  max_grad=2.13  patience=2/30
2026-10-08 08:03:54,941  gsv3.training             INFO     [random:random_seed5] epoch 0039  train_log_mse=0.00569  val_log_mse=0.15535  val_mse=0.000742  max_grad=1.07  patience=3/30
2026-10-08 08:05:11,366  gsv3.training             INFO     [random:random_seed5] epoch 0040  train_log_mse=0.00515  val_log_mse=0.17649  val_mse=0.000683  max_grad=0.95  patience=0/30
2026-10-08 08:06:27,518  gsv3.training             INFO     [random:random_seed5] epoch 0041  train_log_mse=0.00479  val_log_mse=0.13933  val_mse=0.000755  max_grad=0.63  patience=1/30
2026-10-08 08:07:43,475  gsv3.training             INFO     [random:random_seed5] epoch 0042  train_log_mse=0.00483  val_log_mse=0.20198  val_mse=0.000813  max_grad=0.68  patience=2/30
2026-10-08 08:08:59,278  gsv3.training             INFO     [random:random_seed5] epoch 0043  train_log_mse=0.00487  val_log_mse=0.15751  val_mse=0.000787  max_grad=0.74  patience=3/30
2026-10-08 08:10:15,567  gsv3.training             INFO     [random:random_seed5] epoch 0044  train_log_mse=0.00549  val_log_mse=0.13963  val_mse=0.000693  max_grad=0.85  patience=4/30
2026-10-08 08:11:31,764  gsv3.training             INFO     [random:random_seed5] epoch 0045  train_log_mse=0.00495  val_log_mse=0.14706  val_mse=0.000698  max_grad=0.92  patience=5/30
2026-10-08 08:12:48,232  gsv3.training             INFO     [random:random_seed5] epoch 0046  train_log_mse=0.00513  val_log_mse=0.14839  val_mse=0.000643  max_grad=0.89  patience=0/30
2026-10-08 08:14:04,407  gsv3.training             INFO     [random:random_seed5] epoch 0047  train_log_mse=0.00424  val_log_mse=0.13106  val_mse=0.000603  max_grad=0.66  patience=0/30
2026-10-08 08:15:20,312  gsv3.training             INFO     [random:random_seed5] epoch 0048  train_log_mse=0.00493  val_log_mse=0.12625  val_mse=0.000644  max_grad=0.87  patience=1/30
2026-10-08 08:16:35,943  gsv3.training             INFO     [random:random_seed5] epoch 0049  train_log_mse=0.00449  val_log_mse=0.12359  val_mse=0.000616  max_grad=0.75  patience=2/30
2026-10-08 08:17:51,590  gsv3.training             INFO     [random:random_seed5] epoch 0050  train_log_mse=0.00367  val_log_mse=0.12963  val_mse=0.000591  max_grad=0.57  patience=0/30
2026-10-08 08:19:07,417  gsv3.training             INFO     [random:random_seed5] epoch 0051  train_log_mse=0.00526  val_log_mse=0.16703  val_mse=0.000774  max_grad=1.14  patience=1/30
2026-10-08 08:20:25,493  gsv3.training             INFO     [random:random_seed5] epoch 0052  train_log_mse=0.00483  val_log_mse=0.13623  val_mse=0.000630  max_grad=0.76  patience=2/30
2026-10-08 08:21:42,619  gsv3.training             INFO     [random:random_seed5] epoch 0053  train_log_mse=0.00413  val_log_mse=0.13011  val_mse=0.000608  max_grad=0.79  patience=3/30
2026-10-08 08:22:59,212  gsv3.training             INFO     [random:random_seed5] epoch 0054  train_log_mse=0.00443  val_log_mse=0.14584  val_mse=0.000696  max_grad=0.87  patience=4/30
2026-10-08 08:24:14,399  gsv3.training             INFO     [random:random_seed5] epoch 0055  train_log_mse=0.00507  val_log_mse=0.11904  val_mse=0.000576  max_grad=0.80  patience=0/30
2026-10-08 08:25:28,897  gsv3.training             INFO     [random:random_seed5] epoch 0056  train_log_mse=0.00406  val_log_mse=0.14230  val_mse=0.000540  max_grad=0.60  patience=0/30
2026-10-08 08:26:43,098  gsv3.training             INFO     [random:random_seed5] epoch 0057  train_log_mse=0.00387  val_log_mse=0.14544  val_mse=0.000614  max_grad=0.69  patience=1/30
2026-10-08 08:27:58,046  gsv3.training             INFO     [random:random_seed5] epoch 0058  train_log_mse=0.00440  val_log_mse=0.14279  val_mse=0.000576  max_grad=1.11  patience=2/30
2026-10-08 08:29:13,449  gsv3.training             INFO     [random:random_seed5] epoch 0059  train_log_mse=0.00412  val_log_mse=0.13296  val_mse=0.000589  max_grad=0.60  patience=3/30
2026-10-08 08:30:30,117  gsv3.training             INFO     [random:random_seed5] epoch 0060  train_log_mse=0.00342  val_log_mse=0.12819  val_mse=0.000531  max_grad=0.37  patience=0/30
2026-10-08 08:31:46,856  gsv3.training             INFO     [random:random_seed5] epoch 0061  train_log_mse=0.00520  val_log_mse=0.14967  val_mse=0.000677  max_grad=0.86  patience=1/30
2026-10-08 08:33:03,385  gsv3.training             INFO     [random:random_seed5] epoch 0062  train_log_mse=0.00350  val_log_mse=0.13764  val_mse=0.000581  max_grad=0.55  patience=2/30
2026-10-08 08:34:18,299  gsv3.training             INFO     [random:random_seed5] epoch 0063  train_log_mse=0.00357  val_log_mse=0.14145  val_mse=0.000543  max_grad=21.96  patience=3/30
2026-10-08 08:35:34,436  gsv3.training             INFO     [random:random_seed5] epoch 0064  train_log_mse=0.00407  val_log_mse=0.14719  val_mse=0.000573  max_grad=0.54  patience=4/30
2026-10-08 08:36:50,683  gsv3.training             INFO     [random:random_seed5] epoch 0065  train_log_mse=0.00341  val_log_mse=0.15211  val_mse=0.000640  max_grad=0.46  patience=5/30
2026-10-08 08:38:08,843  gsv3.training             INFO     [random:random_seed5] epoch 0066  train_log_mse=0.00365  val_log_mse=0.14748  val_mse=0.000585  max_grad=0.63  patience=6/30
2026-10-08 08:39:24,541  gsv3.training             INFO     [random:random_seed5] epoch 0067  train_log_mse=0.00523  val_log_mse=0.13934  val_mse=0.000675  max_grad=1.10  patience=7/30
2026-10-08 08:40:39,162  gsv3.training             INFO     [random:random_seed5] epoch 0068  train_log_mse=0.00352  val_log_mse=0.14020  val_mse=0.000663  max_grad=0.68  patience=8/30
2026-10-08 08:41:53,731  gsv3.training             INFO     [random:random_seed5] epoch 0069  train_log_mse=0.00406  val_log_mse=0.12990  val_mse=0.000605  max_grad=0.61  patience=9/30
2026-10-08 08:43:08,724  gsv3.training             INFO     [random:random_seed5] epoch 0070  train_log_mse=0.00319  val_log_mse=0.11558  val_mse=0.000540  max_grad=0.59  patience=10/30
2026-10-08 08:44:23,062  gsv3.training             INFO     [random:random_seed5] epoch 0071  train_log_mse=0.00330  val_log_mse=0.13773  val_mse=0.000573  max_grad=0.44  patience=11/30
2026-10-08 08:45:37,472  gsv3.training             INFO     [random:random_seed5] epoch 0072  train_log_mse=0.00365  val_log_mse=0.12411  val_mse=0.000542  max_grad=0.57  patience=12/30
2026-10-08 08:46:51,469  gsv3.training             INFO     [random:random_seed5] epoch 0073  train_log_mse=0.00517  val_log_mse=0.15421  val_mse=0.000607  max_grad=0.82  patience=13/30
2026-10-08 08:48:05,718  gsv3.training             INFO     [random:random_seed5] epoch 0074  train_log_mse=0.00420  val_log_mse=0.15213  val_mse=0.000718  max_grad=0.68  patience=14/30
2026-10-08 08:49:19,938  gsv3.training             INFO     [random:random_seed5] epoch 0075  train_log_mse=0.00386  val_log_mse=0.13189  val_mse=0.000539  max_grad=0.58  patience=15/30
2026-10-08 08:50:34,162  gsv3.training             INFO     [random:random_seed5] epoch 0076  train_log_mse=0.00286  val_log_mse=0.15051  val_mse=0.000597  max_grad=0.39  patience=16/30
2026-10-08 08:51:48,554  gsv3.training             INFO     [random:random_seed5] epoch 0077  train_log_mse=0.00291  val_log_mse=0.10885  val_mse=0.000495  max_grad=0.39  patience=0/30
2026-10-08 08:53:02,785  gsv3.training             INFO     [random:random_seed5] epoch 0078  train_log_mse=0.00348  val_log_mse=0.11741  val_mse=0.000499  max_grad=0.82  patience=1/30
2026-10-08 08:54:16,936  gsv3.training             INFO     [random:random_seed5] epoch 0079  train_log_mse=0.00398  val_log_mse=0.13342  val_mse=0.000595  max_grad=0.80  patience=2/30
2026-10-08 08:55:31,025  gsv3.training             INFO     [random:random_seed5] epoch 0080  train_log_mse=0.00324  val_log_mse=0.11479  val_mse=0.000551  max_grad=0.36  patience=3/30
2026-10-08 08:56:45,086  gsv3.training             INFO     [random:random_seed5] epoch 0081  train_log_mse=0.00314  val_log_mse=0.11849  val_mse=0.000593  max_grad=0.46  patience=4/30
2026-10-08 08:57:59,397  gsv3.training             INFO     [random:random_seed5] epoch 0082  train_log_mse=0.00289  val_log_mse=0.12710  val_mse=0.000551  max_grad=0.38  patience=5/30
2026-10-08 08:59:13,337  gsv3.training             INFO     [random:random_seed5] epoch 0083  train_log_mse=0.00419  val_log_mse=0.13502  val_mse=0.000551  max_grad=0.76  patience=6/30
2026-10-08 09:00:27,500  gsv3.training             INFO     [random:random_seed5] epoch 0084  train_log_mse=0.00298  val_log_mse=0.13351  val_mse=0.000532  max_grad=0.45  patience=7/30
2026-10-08 09:01:41,735  gsv3.training             INFO     [random:random_seed5] epoch 0085  train_log_mse=0.00398  val_log_mse=0.13672  val_mse=0.000563  max_grad=0.71  patience=8/30
2026-10-08 09:02:56,102  gsv3.training             INFO     [random:random_seed5] epoch 0086  train_log_mse=0.00324  val_log_mse=0.14616  val_mse=0.000588  max_grad=0.61  patience=9/30
2026-10-08 09:04:10,567  gsv3.training             INFO     [random:random_seed5] epoch 0087  train_log_mse=0.00274  val_log_mse=0.12790  val_mse=0.000498  max_grad=0.31  patience=10/30
2026-10-08 09:05:24,786  gsv3.training             INFO     [random:random_seed5] epoch 0088  train_log_mse=0.00316  val_log_mse=0.13438  val_mse=0.000520  max_grad=0.67  patience=11/30
2026-10-08 09:06:38,464  gsv3.training             INFO     [random:random_seed5] epoch 0089  train_log_mse=0.00284  val_log_mse=0.13861  val_mse=0.000535  max_grad=0.45  patience=12/30
2026-10-08 09:07:52,264  gsv3.training             INFO     [random:random_seed5] epoch 0090  train_log_mse=0.00256  val_log_mse=0.14089  val_mse=0.000536  max_grad=0.28  patience=13/30
2026-10-08 09:09:06,170  gsv3.training             INFO     [random:random_seed5] epoch 0091  train_log_mse=0.00383  val_log_mse=0.17251  val_mse=0.000539  max_grad=0.76  patience=14/30
2026-10-08 09:10:20,238  gsv3.training             INFO     [random:random_seed5] epoch 0092  train_log_mse=0.00322  val_log_mse=0.12415  val_mse=0.000551  max_grad=0.36  patience=15/30
2026-10-08 09:11:34,585  gsv3.training             INFO     [random:random_seed5] epoch 0093  train_log_mse=0.00298  val_log_mse=0.12646  val_mse=0.000515  max_grad=0.42  patience=16/30
2026-10-08 09:12:48,944  gsv3.training             INFO     [random:random_seed5] epoch 0094  train_log_mse=0.00284  val_log_mse=0.13826  val_mse=0.000542  max_grad=0.34  patience=17/30
2026-10-08 09:14:03,115  gsv3.training             INFO     [random:random_seed5] epoch 0095  train_log_mse=0.00310  val_log_mse=0.12868  val_mse=0.000573  max_grad=0.48  patience=18/30
2026-10-08 09:15:17,286  gsv3.training             INFO     [random:random_seed5] epoch 0096  train_log_mse=0.00281  val_log_mse=0.14552  val_mse=0.000597  max_grad=0.45  patience=19/30
2026-10-08 09:16:31,436  gsv3.training             INFO     [random:random_seed5] epoch 0097  train_log_mse=0.00267  val_log_mse=0.13003  val_mse=0.000556  max_grad=0.36  patience=20/30
2026-10-08 09:17:45,723  gsv3.training             INFO     [random:random_seed5] epoch 0098  train_log_mse=0.00296  val_log_mse=0.14222  val_mse=0.000507  max_grad=0.42  patience=21/30
2026-10-08 09:19:00,011  gsv3.training             INFO     [random:random_seed5] epoch 0099  train_log_mse=0.00269  val_log_mse=0.13061  val_mse=0.000539  max_grad=0.42  patience=22/30
2026-10-08 09:20:14,063  gsv3.training             INFO     [random:random_seed5] epoch 0100  train_log_mse=0.00305  val_log_mse=0.13874  val_mse=0.000531  max_grad=0.40  patience=23/30
2026-10-08 09:21:28,344  gsv3.training             INFO     [random:random_seed5] epoch 0101  train_log_mse=0.00316  val_log_mse=0.12725  val_mse=0.000500  max_grad=0.53  patience=24/30
2026-10-08 09:22:42,834  gsv3.training             INFO     [random:random_seed5] epoch 0102  train_log_mse=0.00256  val_log_mse=0.13272  val_mse=0.000532  max_grad=0.47  patience=25/30
2026-10-08 09:23:57,289  gsv3.training             INFO     [random:random_seed5] epoch 0103  train_log_mse=0.00286  val_log_mse=0.12923  val_mse=0.000509  max_grad=0.35  patience=26/30
2026-10-08 09:25:12,032  gsv3.training             INFO     [random:random_seed5] epoch 0104  train_log_mse=0.00271  val_log_mse=0.13431  val_mse=0.000556  max_grad=0.36  patience=27/30
2026-10-08 09:26:26,771  gsv3.training             INFO     [random:random_seed5] epoch 0105  train_log_mse=0.00255  val_log_mse=0.12868  val_mse=0.000495  max_grad=0.30  patience=28/30
2026-10-08 09:27:41,196  gsv3.training             INFO     [random:random_seed5] epoch 0106  train_log_mse=0.00284  val_log_mse=0.12188  val_mse=0.000497  max_grad=0.47  patience=29/30
2026-10-08 09:28:55,509  gsv3.training             INFO     [random:random_seed5] epoch 0107  train_log_mse=0.00259  val_log_mse=0.11642  val_mse=0.000485  max_grad=0.35  patience=0/30
2026-10-08 09:30:10,194  gsv3.training             INFO     [random:random_seed5] epoch 0108  train_log_mse=0.00302  val_log_mse=0.13908  val_mse=0.000552  max_grad=0.53  patience=1/30
2026-10-08 09:31:24,743  gsv3.training             INFO     [random:random_seed5] epoch 0109  train_log_mse=0.00273  val_log_mse=0.12434  val_mse=0.000541  max_grad=0.39  patience=2/30
2026-10-08 09:32:39,458  gsv3.training             INFO     [random:random_seed5] epoch 0110  train_log_mse=0.00292  val_log_mse=0.11102  val_mse=0.000489  max_grad=0.41  patience=3/30
2026-10-08 09:33:54,244  gsv3.training             INFO     [random:random_seed5] epoch 0111  train_log_mse=0.00254  val_log_mse=0.16403  val_mse=0.000611  max_grad=0.36  patience=4/30
2026-10-08 09:35:08,958  gsv3.training             INFO     [random:random_seed5] epoch 0112  train_log_mse=0.00275  val_log_mse=0.13187  val_mse=0.000490  max_grad=0.44  patience=5/30
2026-10-08 09:36:23,702  gsv3.training             INFO     [random:random_seed5] epoch 0113  train_log_mse=0.00273  val_log_mse=0.12527  val_mse=0.000517  max_grad=0.54  patience=6/30
2026-10-08 09:37:37,971  gsv3.training             INFO     [random:random_seed5] epoch 0114  train_log_mse=0.00260  val_log_mse=0.12687  val_mse=0.000521  max_grad=0.33  patience=7/30
2026-10-08 09:38:52,663  gsv3.training             INFO     [random:random_seed5] epoch 0115  train_log_mse=0.00241  val_log_mse=0.14456  val_mse=0.000562  max_grad=0.30  patience=8/30
2026-10-08 09:40:07,105  gsv3.training             INFO     [random:random_seed5] epoch 0116  train_log_mse=0.00265  val_log_mse=0.14941  val_mse=0.000542  max_grad=0.42  patience=9/30
2026-10-08 09:41:17,444  gsv3.training             INFO     [random:random_seed5] epoch 0117  train_log_mse=0.00248  val_log_mse=0.11726  val_mse=0.000485  max_grad=0.34  patience=0/30
2026-10-08 09:42:26,944  gsv3.training             INFO     [random:random_seed5] epoch 0118  train_log_mse=0.00264  val_log_mse=0.13818  val_mse=0.000551  max_grad=0.46  patience=1/30
2026-10-08 09:43:36,294  gsv3.training             INFO     [random:random_seed5] epoch 0119  train_log_mse=0.00273  val_log_mse=0.12657  val_mse=0.000487  max_grad=0.35  patience=2/30
2026-10-08 09:44:45,769  gsv3.training             INFO     [random:random_seed5] epoch 0120  train_log_mse=0.00251  val_log_mse=0.12809  val_mse=0.000515  max_grad=0.30  patience=3/30
2026-10-08 09:45:55,220  gsv3.training             INFO     [random:random_seed5] epoch 0121  train_log_mse=0.00248  val_log_mse=0.12776  val_mse=0.000507  max_grad=0.51  patience=4/30
2026-10-08 09:47:05,236  gsv3.training             INFO     [random:random_seed5] epoch 0122  train_log_mse=0.00281  val_log_mse=0.14772  val_mse=0.000509  max_grad=0.44  patience=5/30
2026-10-08 09:48:15,082  gsv3.training             INFO     [random:random_seed5] epoch 0123  train_log_mse=0.00245  val_log_mse=0.12352  val_mse=0.000538  max_grad=0.34  patience=6/30
2026-10-08 09:49:24,752  gsv3.training             INFO     [random:random_seed5] epoch 0124  train_log_mse=0.00233  val_log_mse=0.13384  val_mse=0.000531  max_grad=0.32  patience=7/30
2026-10-08 09:50:34,247  gsv3.training             INFO     [random:random_seed5] epoch 0125  train_log_mse=0.00230  val_log_mse=0.11245  val_mse=0.000491  max_grad=0.30  patience=8/30
2026-10-08 09:51:43,693  gsv3.training             INFO     [random:random_seed5] epoch 0126  train_log_mse=0.00273  val_log_mse=0.11918  val_mse=0.000479  max_grad=0.40  patience=0/30
2026-10-08 09:52:51,252  gsv3.training             INFO     [random:random_seed5] epoch 0127  train_log_mse=0.00239  val_log_mse=0.13536  val_mse=0.000544  max_grad=0.43  patience=1/30
2026-10-08 09:53:55,798  gsv3.training             INFO     [random:random_seed5] epoch 0128  train_log_mse=0.00249  val_log_mse=0.13103  val_mse=0.000464  max_grad=0.36  patience=0/30
2026-10-08 09:55:01,161  gsv3.training             INFO     [random:random_seed5] epoch 0129  train_log_mse=0.00228  val_log_mse=0.12951  val_mse=0.000609  max_grad=0.25  patience=1/30
2026-10-08 09:56:05,479  gsv3.training             INFO     [random:random_seed5] epoch 0130  train_log_mse=0.00226  val_log_mse=0.12439  val_mse=0.000539  max_grad=0.32  patience=2/30
2026-10-08 09:57:10,497  gsv3.training             INFO     [random:random_seed5] epoch 0131  train_log_mse=0.00221  val_log_mse=0.12731  val_mse=0.000595  max_grad=0.24  patience=3/30
2026-10-08 09:58:15,061  gsv3.training             INFO     [random:random_seed5] epoch 0132  train_log_mse=0.00454  val_log_mse=0.11721  val_mse=0.000593  max_grad=1.09  patience=4/30
2026-10-08 09:59:20,055  gsv3.training             INFO     [random:random_seed5] epoch 0133  train_log_mse=0.00268  val_log_mse=0.13135  val_mse=0.000515  max_grad=0.40  patience=5/30
2026-10-08 10:00:24,488  gsv3.training             INFO     [random:random_seed5] epoch 0134  train_log_mse=0.00224  val_log_mse=0.12226  val_mse=0.000500  max_grad=0.28  patience=6/30
2026-10-08 10:01:28,823  gsv3.training             INFO     [random:random_seed5] epoch 0135  train_log_mse=0.00200  val_log_mse=0.13237  val_mse=0.000518  max_grad=0.22  patience=7/30
2026-10-08 10:02:33,473  gsv3.training             INFO     [random:random_seed5] epoch 0136  train_log_mse=0.00206  val_log_mse=0.11820  val_mse=0.000500  max_grad=0.23  patience=8/30
2026-10-08 10:03:38,171  gsv3.training             INFO     [random:random_seed5] epoch 0137  train_log_mse=0.00199  val_log_mse=0.12998  val_mse=0.000508  max_grad=0.20  patience=9/30
2026-10-08 10:04:42,429  gsv3.training             INFO     [random:random_seed5] epoch 0138  train_log_mse=0.00300  val_log_mse=0.12446  val_mse=0.000506  max_grad=0.44  patience=10/30
2026-10-08 10:05:47,425  gsv3.training             INFO     [random:random_seed5] epoch 0139  train_log_mse=0.00211  val_log_mse=0.11816  val_mse=0.000463  max_grad=0.28  patience=0/30
2026-10-08 10:06:52,319  gsv3.training             INFO     [random:random_seed5] epoch 0140  train_log_mse=0.00208  val_log_mse=0.13075  val_mse=0.000575  max_grad=0.22  patience=1/30
2026-10-08 10:07:57,304  gsv3.training             INFO     [random:random_seed5] epoch 0141  train_log_mse=0.00225  val_log_mse=0.12564  val_mse=0.000481  max_grad=0.35  patience=2/30
2026-10-08 10:09:02,042  gsv3.training             INFO     [random:random_seed5] epoch 0142  train_log_mse=0.00224  val_log_mse=0.11676  val_mse=0.000473  max_grad=0.32  patience=3/30
2026-10-08 10:10:04,483  gsv3.training             INFO     [random:random_seed5] epoch 0143  train_log_mse=0.00262  val_log_mse=0.12826  val_mse=0.000476  max_grad=0.42  patience=4/30
2026-10-08 10:11:05,763  gsv3.training             INFO     [random:random_seed5] epoch 0144  train_log_mse=0.00227  val_log_mse=0.13124  val_mse=0.000655  max_grad=0.38  patience=5/30
2026-10-08 10:12:07,061  gsv3.training             INFO     [random:random_seed5] epoch 0145  train_log_mse=0.00230  val_log_mse=0.14435  val_mse=0.000518  max_grad=0.36  patience=6/30
2026-10-08 10:13:08,586  gsv3.training             INFO     [random:random_seed5] epoch 0146  train_log_mse=0.00215  val_log_mse=0.13680  val_mse=0.000503  max_grad=0.44  patience=7/30
2026-10-08 10:14:10,198  gsv3.training             INFO     [random:random_seed5] epoch 0147  train_log_mse=0.00197  val_log_mse=0.11673  val_mse=0.000522  max_grad=0.26  patience=8/30
2026-10-08 10:15:11,807  gsv3.training             INFO     [random:random_seed5] epoch 0148  train_log_mse=0.00216  val_log_mse=0.12291  val_mse=0.000494  max_grad=0.32  patience=9/30
2026-10-08 10:16:13,622  gsv3.training             INFO     [random:random_seed5] epoch 0149  train_log_mse=0.00279  val_log_mse=0.14189  val_mse=0.000569  max_grad=0.68  patience=10/30
2026-10-08 10:17:15,278  gsv3.training             INFO     [random:random_seed5] epoch 0150  train_log_mse=0.00239  val_log_mse=0.12707  val_mse=0.000503  max_grad=0.30  patience=11/30
2026-10-08 10:18:16,806  gsv3.training             INFO     [random:random_seed5] epoch 0151  train_log_mse=0.00232  val_log_mse=0.12143  val_mse=0.000494  max_grad=0.34  patience=12/30
2026-10-08 10:19:18,596  gsv3.training             INFO     [random:random_seed5] epoch 0152  train_log_mse=0.00199  val_log_mse=0.12371  val_mse=0.000559  max_grad=0.19  patience=13/30
2026-10-08 10:20:20,436  gsv3.training             INFO     [random:random_seed5] epoch 0153  train_log_mse=0.00238  val_log_mse=0.12999  val_mse=0.000523  max_grad=0.26  patience=14/30
2026-10-08 10:21:22,433  gsv3.training             INFO     [random:random_seed5] epoch 0154  train_log_mse=0.00222  val_log_mse=0.14199  val_mse=0.000541  max_grad=0.25  patience=15/30
2026-10-08 10:22:24,080  gsv3.training             INFO     [random:random_seed5] epoch 0155  train_log_mse=0.00196  val_log_mse=0.12241  val_mse=0.000521  max_grad=0.22  patience=16/30
2026-10-08 10:23:26,013  gsv3.training             INFO     [random:random_seed5] epoch 0156  train_log_mse=0.00253  val_log_mse=0.12677  val_mse=0.000525  max_grad=0.40  patience=17/30
2026-10-08 10:24:27,994  gsv3.training             INFO     [random:random_seed5] epoch 0157  train_log_mse=0.00195  val_log_mse=0.12487  val_mse=0.000504  max_grad=0.19  patience=18/30
2026-10-08 10:25:29,845  gsv3.training             INFO     [random:random_seed5] epoch 0158  train_log_mse=0.00207  val_log_mse=0.11162  val_mse=0.000512  max_grad=0.36  patience=19/30
2026-10-08 10:26:30,917  gsv3.training             INFO     [random:random_seed5] epoch 0159  train_log_mse=0.00202  val_log_mse=0.12527  val_mse=0.000516  max_grad=0.22  patience=20/30
2026-10-08 10:27:31,971  gsv3.training             INFO     [random:random_seed5] epoch 0160  train_log_mse=0.00223  val_log_mse=0.11642  val_mse=0.000494  max_grad=0.33  patience=21/30
2026-10-08 10:28:32,866  gsv3.training             INFO     [random:random_seed5] epoch 0161  train_log_mse=0.00220  val_log_mse=0.12179  val_mse=0.000504  max_grad=0.36  patience=22/30
2026-10-08 10:29:33,593  gsv3.training             INFO     [random:random_seed5] epoch 0162  train_log_mse=0.00196  val_log_mse=0.13275  val_mse=0.000503  max_grad=0.22  patience=23/30
2026-10-08 10:30:34,291  gsv3.training             INFO     [random:random_seed5] epoch 0163  train_log_mse=0.00209  val_log_mse=0.12857  val_mse=0.000485  max_grad=0.34  patience=24/30
2026-10-08 10:31:35,222  gsv3.training             INFO     [random:random_seed5] epoch 0164  train_log_mse=0.00212  val_log_mse=0.12392  val_mse=0.000521  max_grad=0.33  patience=25/30
2026-10-08 10:32:36,069  gsv3.training             INFO     [random:random_seed5] epoch 0165  train_log_mse=0.00210  val_log_mse=0.14433  val_mse=0.000553  max_grad=0.25  patience=26/30
2026-10-08 10:33:37,068  gsv3.training             INFO     [random:random_seed5] epoch 0166  train_log_mse=0.00200  val_log_mse=0.12522  val_mse=0.000526  max_grad=0.26  patience=27/30
2026-10-08 10:34:37,942  gsv3.training             INFO     [random:random_seed5] epoch 0167  train_log_mse=0.00241  val_log_mse=0.13030  val_mse=0.000528  max_grad=0.37  patience=28/30
2026-10-08 10:35:38,917  gsv3.training             INFO     [random:random_seed5] epoch 0168  train_log_mse=0.00224  val_log_mse=0.12552  val_mse=0.000540  max_grad=0.31  patience=29/30
2026-10-08 10:36:39,886  gsv3.training             INFO     [random:random_seed5] epoch 0169  train_log_mse=0.00190  val_log_mse=0.13540  val_mse=0.000512  max_grad=0.22  patience=30/30
2026-10-08 10:36:48,490  gsv3.experiment           INFO     [random_seed5] TEST  n=5117  MAE=0.0110  R2=0.9942  device-acc=0.782  regret=0.0025
2026-10-08 10:36:48,493  genstudy.io               INFO     Wrote evaluations/generalization_v4/results/v4_phys/random_control/random_seed5/metrics.json
2026-10-08 10:36:48,518  genstudy.io               INFO     Wrote evaluations/generalization_v4/results/v4_phys/random_control/random_seed5/predictions.json
2026-10-08 10:36:48,531  genstudy.io               INFO     Wrote evaluations/generalization_v4/results/v4_phys/random_control/random_seed5/history.json
2026-10-08 10:36:48,547  run_experiment            INFO     random_control finished: 1 complete, 0 skipped
