2026-10-08 18:18:07,776  genstudy.io               INFO     Logging to evaluations/generalization_v6/results/v4u_phys/random_control/run.log
2026-10-08 18:18:07,777  run_experiment            INFO     Command line: evaluations/generalization_v3/scripts/run_experiment.py control --model phys_uniform --balance-alpha 0 --lr 3e-4 --grad-clip 1.0 --seed 5 --families x --groups x --loss mixed --val-mode random --results-dir evaluations/generalization_v6/results/v4u_phys
2026-10-08 18:18:07,777  gsv2.gpu                  WARNING  No CUDA device available — running on the CPU.
2026-10-08 18:18:07,778  gsv3.model                INFO     Hyper-parameters (/home/atudisco/pred-distr-tool/src/model/best_params.json + v3 defaults): {'device_hidden': 64, 'device_layers': 3, 'fusion_dim': 128, 'qubit_layers': 2, 'attn_heads': 4, 'lap_pe': 8, 'cost_bias_init': -6.0, 'hidden_dim': 142, 'num_conv_wo_resnet': 3, 'num_resnet_layers': 1, 'dropout': 0.0, 'bidirectional': True, 'mlp': [512, 256, 128], 'lr': 0.001, 'readout': 'meanmaxsum'}
2026-10-08 18:18:07,794  gsv3.devices              INFO     Device graphs: node features 13 (Laplacian PE 8), physical errors True
2026-10-08 18:18:07,796  genstudy.data             INFO     Loading graph dataset: /home/atudisco/pred-distr-tool/evaluations/generalization_v3/data/graph_dataset_expected_fidelity.pt
2026-10-08 18:18:11,301  genstudy.data             INFO     Loaded 17056 graphs
2026-10-08 18:18:11,330  genstudy.io               INFO     Wrote evaluations/generalization_v6/results/v4u_phys/random_control/dataset_summary.json
2026-10-08 18:18:11,431  run_experiment            INFO     [1/1] random_seed5
2026-10-08 18:18:11,434  gsv3.experiment           INFO     === random / random_seed5 ===
2026-10-08 18:18:11,434  gsv3.experiment           INFO     Random split stratified by fidelity (test_fraction=0.3, seed=5): train = 11939, test = 5117 circuits; families and sizes appear on both sides.
2026-10-08 18:18:11,435  gsv3.experiment           INFO     train=9551  val=2388 ({'mode': 'random'})  test=5117
2026-10-08 18:18:11,506  gsv3.training             INFO     [random:random_seed5] model=phys_uniform (945374 params) train=9551 val=2388 lr=0.0003 clip=1.0 alpha=0.00
2026-10-08 18:19:21,089  gsv3.training             INFO     [random:random_seed5] epoch 0001  train_log_mse=0.44414  val_log_mse=1.00984  val_mse=0.005779  max_grad=70.18  patience=0/30
2026-10-08 18:20:30,669  gsv3.training             INFO     [random:random_seed5] epoch 0002  train_log_mse=0.04604  val_log_mse=0.32755  val_mse=0.002198  max_grad=5.69  patience=0/30
2026-10-08 18:21:39,674  gsv3.training             INFO     [random:random_seed5] epoch 0003  train_log_mse=0.03219  val_log_mse=0.26289  val_mse=0.001683  max_grad=6.66  patience=0/30
2026-10-08 18:22:48,699  gsv3.training             INFO     [random:random_seed5] epoch 0004  train_log_mse=0.02473  val_log_mse=0.31173  val_mse=0.003728  max_grad=3.06  patience=1/30
2026-10-08 18:23:56,901  gsv3.training             INFO     [random:random_seed5] epoch 0005  train_log_mse=0.02415  val_log_mse=0.21116  val_mse=0.001790  max_grad=6.54  patience=2/30
2026-10-08 18:25:05,869  gsv3.training             INFO     [random:random_seed5] epoch 0006  train_log_mse=0.01796  val_log_mse=0.18479  val_mse=0.001516  max_grad=3.05  patience=0/30
2026-10-08 18:26:14,626  gsv3.training             INFO     [random:random_seed5] epoch 0007  train_log_mse=0.01981  val_log_mse=0.18380  val_mse=0.001260  max_grad=2.71  patience=0/30
2026-10-08 18:27:24,153  gsv3.training             INFO     [random:random_seed5] epoch 0008  train_log_mse=0.01744  val_log_mse=0.16118  val_mse=0.001621  max_grad=2.94  patience=1/30
2026-10-08 18:28:33,644  gsv3.training             INFO     [random:random_seed5] epoch 0009  train_log_mse=0.01600  val_log_mse=0.18173  val_mse=0.001388  max_grad=3.84  patience=2/30
2026-10-08 18:29:42,993  gsv3.training             INFO     [random:random_seed5] epoch 0010  train_log_mse=0.01306  val_log_mse=0.30385  val_mse=0.001878  max_grad=2.31  patience=3/30
2026-10-08 18:30:52,359  gsv3.training             INFO     [random:random_seed5] epoch 0011  train_log_mse=0.01380  val_log_mse=0.19288  val_mse=0.001502  max_grad=2.64  patience=4/30
2026-10-08 18:32:01,695  gsv3.training             INFO     [random:random_seed5] epoch 0012  train_log_mse=0.01225  val_log_mse=0.20453  val_mse=0.001759  max_grad=1.92  patience=5/30
2026-10-08 18:33:11,307  gsv3.training             INFO     [random:random_seed5] epoch 0013  train_log_mse=0.01073  val_log_mse=0.21741  val_mse=0.001255  max_grad=1.50  patience=0/30
2026-10-08 18:34:20,478  gsv3.training             INFO     [random:random_seed5] epoch 0014  train_log_mse=0.01068  val_log_mse=0.16440  val_mse=0.001036  max_grad=1.84  patience=0/30
2026-10-08 18:35:29,941  gsv3.training             INFO     [random:random_seed5] epoch 0015  train_log_mse=0.01080  val_log_mse=0.15031  val_mse=0.001477  max_grad=2.84  patience=1/30
2026-10-08 18:36:39,451  gsv3.training             INFO     [random:random_seed5] epoch 0016  train_log_mse=0.01003  val_log_mse=0.15539  val_mse=0.001000  max_grad=2.45  patience=0/30
2026-10-08 18:37:48,561  gsv3.training             INFO     [random:random_seed5] epoch 0017  train_log_mse=0.00911  val_log_mse=0.14842  val_mse=0.001083  max_grad=1.76  patience=1/30
2026-10-08 18:38:57,755  gsv3.training             INFO     [random:random_seed5] epoch 0018  train_log_mse=0.00938  val_log_mse=0.17764  val_mse=0.000986  max_grad=1.79  patience=0/30
2026-10-08 18:40:07,367  gsv3.training             INFO     [random:random_seed5] epoch 0019  train_log_mse=0.00905  val_log_mse=0.22374  val_mse=0.001431  max_grad=2.23  patience=1/30
2026-10-08 18:41:16,713  gsv3.training             INFO     [random:random_seed5] epoch 0020  train_log_mse=0.00870  val_log_mse=0.17146  val_mse=0.000931  max_grad=1.98  patience=0/30
2026-10-08 18:42:25,497  gsv3.training             INFO     [random:random_seed5] epoch 0021  train_log_mse=0.00866  val_log_mse=0.18727  val_mse=0.001028  max_grad=1.87  patience=1/30
2026-10-08 18:43:34,387  gsv3.training             INFO     [random:random_seed5] epoch 0022  train_log_mse=0.00713  val_log_mse=0.13187  val_mse=0.000878  max_grad=1.14  patience=0/30
2026-10-08 18:44:43,949  gsv3.training             INFO     [random:random_seed5] epoch 0023  train_log_mse=0.00820  val_log_mse=0.14408  val_mse=0.000957  max_grad=2.45  patience=1/30
2026-10-08 18:45:53,235  gsv3.training             INFO     [random:random_seed5] epoch 0024  train_log_mse=0.00664  val_log_mse=0.13699  val_mse=0.000869  max_grad=1.30  patience=0/30
2026-10-08 18:47:02,579  gsv3.training             INFO     [random:random_seed5] epoch 0025  train_log_mse=0.00646  val_log_mse=0.12587  val_mse=0.000843  max_grad=1.34  patience=0/30
2026-10-08 18:48:11,839  gsv3.training             INFO     [random:random_seed5] epoch 0026  train_log_mse=0.00664  val_log_mse=0.13471  val_mse=0.000856  max_grad=1.12  patience=1/30
2026-10-08 18:49:21,045  gsv3.training             INFO     [random:random_seed5] epoch 0027  train_log_mse=0.00803  val_log_mse=0.14990  val_mse=0.000854  max_grad=2.13  patience=2/30
2026-10-08 18:50:30,394  gsv3.training             INFO     [random:random_seed5] epoch 0028  train_log_mse=0.00710  val_log_mse=0.13821  val_mse=0.000987  max_grad=1.73  patience=3/30
2026-10-08 18:51:39,449  gsv3.training             INFO     [random:random_seed5] epoch 0029  train_log_mse=0.00651  val_log_mse=0.15131  val_mse=0.000931  max_grad=1.22  patience=4/30
2026-10-08 18:52:48,786  gsv3.training             INFO     [random:random_seed5] epoch 0030  train_log_mse=0.00581  val_log_mse=0.13976  val_mse=0.000788  max_grad=1.26  patience=0/30
2026-10-08 18:53:58,286  gsv3.training             INFO     [random:random_seed5] epoch 0031  train_log_mse=0.00548  val_log_mse=0.16163  val_mse=0.000693  max_grad=1.56  patience=0/30
2026-10-08 18:55:07,459  gsv3.training             INFO     [random:random_seed5] epoch 0032  train_log_mse=0.00585  val_log_mse=0.15795  val_mse=0.000691  max_grad=1.25  patience=0/30
2026-10-08 18:56:16,853  gsv3.training             INFO     [random:random_seed5] epoch 0033  train_log_mse=0.00668  val_log_mse=0.14319  val_mse=0.000860  max_grad=1.67  patience=1/30
2026-10-08 18:57:25,865  gsv3.training             INFO     [random:random_seed5] epoch 0034  train_log_mse=0.00581  val_log_mse=0.12170  val_mse=0.000859  max_grad=1.51  patience=2/30
2026-10-08 18:58:34,931  gsv3.training             INFO     [random:random_seed5] epoch 0035  train_log_mse=0.00485  val_log_mse=0.15079  val_mse=0.000881  max_grad=0.91  patience=3/30
2026-10-08 18:59:44,102  gsv3.training             INFO     [random:random_seed5] epoch 0036  train_log_mse=0.00829  val_log_mse=0.20292  val_mse=0.001036  max_grad=1.71  patience=4/30
2026-10-08 19:00:53,370  gsv3.training             INFO     [random:random_seed5] epoch 0037  train_log_mse=0.00521  val_log_mse=0.15258  val_mse=0.000705  max_grad=0.86  patience=5/30
2026-10-08 19:02:02,466  gsv3.training             INFO     [random:random_seed5] epoch 0038  train_log_mse=0.00415  val_log_mse=0.12485  val_mse=0.000694  max_grad=0.81  patience=6/30
2026-10-08 19:03:11,583  gsv3.training             INFO     [random:random_seed5] epoch 0039  train_log_mse=0.00432  val_log_mse=0.24023  val_mse=0.000822  max_grad=0.74  patience=7/30
2026-10-08 19:04:20,602  gsv3.training             INFO     [random:random_seed5] epoch 0040  train_log_mse=0.00597  val_log_mse=0.15599  val_mse=0.000694  max_grad=2.03  patience=8/30
2026-10-08 19:05:29,994  gsv3.training             INFO     [random:random_seed5] epoch 0041  train_log_mse=0.00461  val_log_mse=0.14970  val_mse=0.000762  max_grad=0.99  patience=9/30
2026-10-08 19:06:39,146  gsv3.training             INFO     [random:random_seed5] epoch 0042  train_log_mse=0.00594  val_log_mse=0.13083  val_mse=0.000701  max_grad=1.25  patience=10/30
2026-10-08 19:07:48,489  gsv3.training             INFO     [random:random_seed5] epoch 0043  train_log_mse=0.00557  val_log_mse=0.14077  val_mse=0.000653  max_grad=1.31  patience=0/30
2026-10-08 19:08:57,876  gsv3.training             INFO     [random:random_seed5] epoch 0044  train_log_mse=0.00450  val_log_mse=0.14673  val_mse=0.000754  max_grad=1.27  patience=1/30
2026-10-08 19:10:07,412  gsv3.training             INFO     [random:random_seed5] epoch 0045  train_log_mse=0.00424  val_log_mse=0.10745  val_mse=0.000633  max_grad=1.04  patience=0/30
2026-10-08 19:11:17,092  gsv3.training             INFO     [random:random_seed5] epoch 0046  train_log_mse=0.00441  val_log_mse=0.11818  val_mse=0.000684  max_grad=0.59  patience=1/30
2026-10-08 19:12:26,605  gsv3.training             INFO     [random:random_seed5] epoch 0047  train_log_mse=0.00403  val_log_mse=0.15640  val_mse=0.000690  max_grad=0.56  patience=2/30
2026-10-08 19:13:36,009  gsv3.training             INFO     [random:random_seed5] epoch 0048  train_log_mse=0.00413  val_log_mse=0.12485  val_mse=0.000662  max_grad=0.59  patience=3/30
2026-10-08 19:14:45,378  gsv3.training             INFO     [random:random_seed5] epoch 0049  train_log_mse=0.00432  val_log_mse=0.14201  val_mse=0.000648  max_grad=0.80  patience=4/30
2026-10-08 19:15:54,558  gsv3.training             INFO     [random:random_seed5] epoch 0050  train_log_mse=0.00487  val_log_mse=0.13067  val_mse=0.000663  max_grad=1.22  patience=5/30
2026-10-08 19:17:03,798  gsv3.training             INFO     [random:random_seed5] epoch 0051  train_log_mse=0.00545  val_log_mse=0.14849  val_mse=0.000804  max_grad=1.34  patience=6/30
2026-10-08 19:18:13,176  gsv3.training             INFO     [random:random_seed5] epoch 0052  train_log_mse=0.00389  val_log_mse=0.16336  val_mse=0.000613  max_grad=0.50  patience=0/30
2026-10-08 19:19:22,790  gsv3.training             INFO     [random:random_seed5] epoch 0053  train_log_mse=0.00367  val_log_mse=0.15253  val_mse=0.000646  max_grad=0.73  patience=1/30
2026-10-08 19:20:32,377  gsv3.training             INFO     [random:random_seed5] epoch 0054  train_log_mse=0.00525  val_log_mse=0.15839  val_mse=0.000964  max_grad=1.59  patience=2/30
2026-10-08 19:21:39,883  gsv3.training             INFO     [random:random_seed5] epoch 0055  train_log_mse=0.00503  val_log_mse=0.12109  val_mse=0.000627  max_grad=0.88  patience=3/30
2026-10-08 19:22:45,566  gsv3.training             INFO     [random:random_seed5] epoch 0056  train_log_mse=0.00408  val_log_mse=0.14694  val_mse=0.000747  max_grad=0.64  patience=4/30
2026-10-08 19:23:49,260  gsv3.training             INFO     [random:random_seed5] epoch 0057  train_log_mse=0.00356  val_log_mse=0.14794  val_mse=0.000699  max_grad=0.91  patience=5/30
2026-10-08 19:24:53,056  gsv3.training             INFO     [random:random_seed5] epoch 0058  train_log_mse=0.00385  val_log_mse=0.13031  val_mse=0.000634  max_grad=0.70  patience=6/30
2026-10-08 19:25:57,009  gsv3.training             INFO     [random:random_seed5] epoch 0059  train_log_mse=0.00386  val_log_mse=0.14827  val_mse=0.000659  max_grad=0.63  patience=7/30
2026-10-08 19:27:00,816  gsv3.training             INFO     [random:random_seed5] epoch 0060  train_log_mse=0.00323  val_log_mse=0.13344  val_mse=0.000653  max_grad=0.45  patience=8/30
2026-10-08 19:28:05,348  gsv3.training             INFO     [random:random_seed5] epoch 0061  train_log_mse=0.00366  val_log_mse=0.13435  val_mse=0.000631  max_grad=0.62  patience=9/30
2026-10-08 19:29:13,290  gsv3.training             INFO     [random:random_seed5] epoch 0062  train_log_mse=0.00366  val_log_mse=0.11252  val_mse=0.000615  max_grad=0.64  patience=10/30
2026-10-08 19:30:21,206  gsv3.training             INFO     [random:random_seed5] epoch 0063  train_log_mse=0.00372  val_log_mse=0.14712  val_mse=0.000631  max_grad=0.70  patience=11/30
2026-10-08 19:31:27,194  gsv3.training             INFO     [random:random_seed5] epoch 0064  train_log_mse=0.00474  val_log_mse=0.21380  val_mse=0.001198  max_grad=1.16  patience=12/30
2026-10-08 19:32:35,037  gsv3.training             INFO     [random:random_seed5] epoch 0065  train_log_mse=0.00696  val_log_mse=0.14458  val_mse=0.000695  max_grad=1.83  patience=13/30
2026-10-08 19:33:42,918  gsv3.training             INFO     [random:random_seed5] epoch 0066  train_log_mse=0.00315  val_log_mse=0.14846  val_mse=0.000709  max_grad=0.73  patience=14/30
2026-10-08 19:34:51,014  gsv3.training             INFO     [random:random_seed5] epoch 0067  train_log_mse=0.00411  val_log_mse=0.15692  val_mse=0.000637  max_grad=0.65  patience=15/30
2026-10-08 19:35:59,235  gsv3.training             INFO     [random:random_seed5] epoch 0068  train_log_mse=0.00334  val_log_mse=0.14946  val_mse=0.000698  max_grad=0.54  patience=16/30
2026-10-08 19:37:07,302  gsv3.training             INFO     [random:random_seed5] epoch 0069  train_log_mse=0.00439  val_log_mse=0.12149  val_mse=0.000615  max_grad=0.80  patience=17/30
2026-10-08 19:38:15,389  gsv3.training             INFO     [random:random_seed5] epoch 0070  train_log_mse=0.00284  val_log_mse=0.11266  val_mse=0.000596  max_grad=0.47  patience=0/30
2026-10-08 19:39:23,328  gsv3.training             INFO     [random:random_seed5] epoch 0071  train_log_mse=0.00279  val_log_mse=0.13784  val_mse=0.000603  max_grad=0.42  patience=1/30
2026-10-08 19:40:31,450  gsv3.training             INFO     [random:random_seed5] epoch 0072  train_log_mse=0.00287  val_log_mse=0.12970  val_mse=0.000605  max_grad=0.40  patience=2/30
2026-10-08 19:41:39,581  gsv3.training             INFO     [random:random_seed5] epoch 0073  train_log_mse=0.00317  val_log_mse=0.16416  val_mse=0.000642  max_grad=0.45  patience=3/30
2026-10-08 19:42:47,571  gsv3.training             INFO     [random:random_seed5] epoch 0074  train_log_mse=0.00327  val_log_mse=0.19807  val_mse=0.000755  max_grad=0.52  patience=4/30
2026-10-08 19:43:55,563  gsv3.training             INFO     [random:random_seed5] epoch 0075  train_log_mse=0.00719  val_log_mse=0.16473  val_mse=0.000886  max_grad=3.48  patience=5/30
2026-10-08 19:45:03,768  gsv3.training             INFO     [random:random_seed5] epoch 0076  train_log_mse=0.00452  val_log_mse=0.18859  val_mse=0.000659  max_grad=1.07  patience=6/30
2026-10-08 19:46:12,018  gsv3.training             INFO     [random:random_seed5] epoch 0077  train_log_mse=0.00291  val_log_mse=0.13760  val_mse=0.000606  max_grad=0.42  patience=7/30
2026-10-08 19:47:20,081  gsv3.training             INFO     [random:random_seed5] epoch 0078  train_log_mse=0.00268  val_log_mse=0.14168  val_mse=0.000556  max_grad=0.32  patience=0/30
2026-10-08 19:48:28,355  gsv3.training             INFO     [random:random_seed5] epoch 0079  train_log_mse=0.00282  val_log_mse=0.12869  val_mse=0.000577  max_grad=0.58  patience=1/30
2026-10-08 19:49:36,491  gsv3.training             INFO     [random:random_seed5] epoch 0080  train_log_mse=0.00288  val_log_mse=0.14075  val_mse=0.000616  max_grad=0.40  patience=2/30
2026-10-08 19:50:44,381  gsv3.training             INFO     [random:random_seed5] epoch 0081  train_log_mse=0.00355  val_log_mse=0.12849  val_mse=0.000671  max_grad=0.56  patience=3/30
2026-10-08 19:51:52,454  gsv3.training             INFO     [random:random_seed5] epoch 0082  train_log_mse=0.00290  val_log_mse=0.15089  val_mse=0.000594  max_grad=0.43  patience=4/30
2026-10-08 19:53:00,558  gsv3.training             INFO     [random:random_seed5] epoch 0083  train_log_mse=0.00328  val_log_mse=0.12213  val_mse=0.000628  max_grad=0.63  patience=5/30
2026-10-08 19:54:08,669  gsv3.training             INFO     [random:random_seed5] epoch 0084  train_log_mse=0.00283  val_log_mse=0.12983  val_mse=0.000668  max_grad=0.45  patience=6/30
2026-10-08 19:55:16,754  gsv3.training             INFO     [random:random_seed5] epoch 0085  train_log_mse=0.00313  val_log_mse=0.15229  val_mse=0.000602  max_grad=0.69  patience=7/30
2026-10-08 19:56:24,902  gsv3.training             INFO     [random:random_seed5] epoch 0086  train_log_mse=0.00315  val_log_mse=0.15261  val_mse=0.000725  max_grad=0.55  patience=8/30
2026-10-08 19:57:33,009  gsv3.training             INFO     [random:random_seed5] epoch 0087  train_log_mse=0.00284  val_log_mse=0.16349  val_mse=0.000702  max_grad=0.49  patience=9/30
2026-10-08 19:58:41,034  gsv3.training             INFO     [random:random_seed5] epoch 0088  train_log_mse=0.00348  val_log_mse=0.18116  val_mse=0.000644  max_grad=0.70  patience=10/30
2026-10-08 19:59:48,340  gsv3.training             INFO     [random:random_seed5] epoch 0089  train_log_mse=0.00296  val_log_mse=0.13661  val_mse=0.000533  max_grad=0.46  patience=0/30
2026-10-08 20:00:51,584  gsv3.training             INFO     [random:random_seed5] epoch 0090  train_log_mse=0.00302  val_log_mse=0.15427  val_mse=0.000571  max_grad=0.49  patience=1/30
2026-10-08 20:01:55,038  gsv3.training             INFO     [random:random_seed5] epoch 0091  train_log_mse=0.00292  val_log_mse=0.14759  val_mse=0.000612  max_grad=0.39  patience=2/30
2026-10-08 20:02:58,382  gsv3.training             INFO     [random:random_seed5] epoch 0092  train_log_mse=0.00269  val_log_mse=0.14158  val_mse=0.000595  max_grad=0.36  patience=3/30
2026-10-08 20:04:01,866  gsv3.training             INFO     [random:random_seed5] epoch 0093  train_log_mse=0.00294  val_log_mse=0.13703  val_mse=0.000636  max_grad=0.52  patience=4/30
2026-10-08 20:05:05,402  gsv3.training             INFO     [random:random_seed5] epoch 0094  train_log_mse=0.00300  val_log_mse=0.15904  val_mse=0.000629  max_grad=0.48  patience=5/30
2026-10-08 20:06:09,001  gsv3.training             INFO     [random:random_seed5] epoch 0095  train_log_mse=0.00458  val_log_mse=0.14252  val_mse=0.000646  max_grad=1.22  patience=6/30
2026-10-08 20:07:12,638  gsv3.training             INFO     [random:random_seed5] epoch 0096  train_log_mse=0.00247  val_log_mse=0.15393  val_mse=0.000538  max_grad=0.33  patience=7/30
2026-10-08 20:08:16,226  gsv3.training             INFO     [random:random_seed5] epoch 0097  train_log_mse=0.00252  val_log_mse=0.12504  val_mse=0.000676  max_grad=0.40  patience=8/30
2026-10-08 20:09:19,725  gsv3.training             INFO     [random:random_seed5] epoch 0098  train_log_mse=0.00290  val_log_mse=0.17424  val_mse=0.000614  max_grad=0.60  patience=9/30
2026-10-08 20:10:23,355  gsv3.training             INFO     [random:random_seed5] epoch 0099  train_log_mse=0.00278  val_log_mse=0.16006  val_mse=0.000585  max_grad=0.37  patience=10/30
2026-10-08 20:11:27,275  gsv3.training             INFO     [random:random_seed5] epoch 0100  train_log_mse=0.00275  val_log_mse=0.13817  val_mse=0.000673  max_grad=0.42  patience=11/30
2026-10-08 20:12:31,110  gsv3.training             INFO     [random:random_seed5] epoch 0101  train_log_mse=0.00304  val_log_mse=0.16209  val_mse=0.000659  max_grad=0.85  patience=12/30
2026-10-08 20:13:35,041  gsv3.training             INFO     [random:random_seed5] epoch 0102  train_log_mse=0.00289  val_log_mse=0.15148  val_mse=0.000597  max_grad=0.48  patience=13/30
2026-10-08 20:14:38,564  gsv3.training             INFO     [random:random_seed5] epoch 0103  train_log_mse=0.00236  val_log_mse=0.14095  val_mse=0.000591  max_grad=0.32  patience=14/30
2026-10-08 20:15:42,308  gsv3.training             INFO     [random:random_seed5] epoch 0104  train_log_mse=0.00257  val_log_mse=0.12767  val_mse=0.000575  max_grad=0.35  patience=15/30
2026-10-08 20:16:45,930  gsv3.training             INFO     [random:random_seed5] epoch 0105  train_log_mse=0.00246  val_log_mse=0.13740  val_mse=0.000541  max_grad=0.26  patience=16/30
2026-10-08 20:17:49,496  gsv3.training             INFO     [random:random_seed5] epoch 0106  train_log_mse=0.00260  val_log_mse=0.13422  val_mse=0.000548  max_grad=0.36  patience=17/30
2026-10-08 20:18:53,028  gsv3.training             INFO     [random:random_seed5] epoch 0107  train_log_mse=0.00269  val_log_mse=0.13883  val_mse=0.000626  max_grad=0.50  patience=18/30
2026-10-08 20:19:56,479  gsv3.training             INFO     [random:random_seed5] epoch 0108  train_log_mse=0.00282  val_log_mse=0.17174  val_mse=0.000607  max_grad=0.39  patience=19/30
2026-10-08 20:21:00,192  gsv3.training             INFO     [random:random_seed5] epoch 0109  train_log_mse=0.00336  val_log_mse=0.13430  val_mse=0.000563  max_grad=0.60  patience=20/30
2026-10-08 20:22:03,946  gsv3.training             INFO     [random:random_seed5] epoch 0110  train_log_mse=0.00524  val_log_mse=0.15517  val_mse=0.000634  max_grad=1.75  patience=21/30
2026-10-08 20:23:07,766  gsv3.training             INFO     [random:random_seed5] epoch 0111  train_log_mse=0.00279  val_log_mse=0.14565  val_mse=0.000536  max_grad=0.34  patience=22/30
2026-10-08 20:24:11,494  gsv3.training             INFO     [random:random_seed5] epoch 0112  train_log_mse=0.00232  val_log_mse=0.13890  val_mse=0.000548  max_grad=0.31  patience=23/30
2026-10-08 20:25:15,272  gsv3.training             INFO     [random:random_seed5] epoch 0113  train_log_mse=0.00215  val_log_mse=0.13071  val_mse=0.000508  max_grad=0.25  patience=0/30
2026-10-08 20:26:19,053  gsv3.training             INFO     [random:random_seed5] epoch 0114  train_log_mse=0.00221  val_log_mse=0.13144  val_mse=0.000507  max_grad=0.27  patience=0/30
2026-10-08 20:27:22,683  gsv3.training             INFO     [random:random_seed5] epoch 0115  train_log_mse=0.00355  val_log_mse=0.13262  val_mse=0.000556  max_grad=0.60  patience=1/30
2026-10-08 20:28:26,298  gsv3.training             INFO     [random:random_seed5] epoch 0116  train_log_mse=0.00234  val_log_mse=0.14463  val_mse=0.000598  max_grad=0.28  patience=2/30
2026-10-08 20:29:29,938  gsv3.training             INFO     [random:random_seed5] epoch 0117  train_log_mse=0.00235  val_log_mse=0.12759  val_mse=0.000503  max_grad=0.35  patience=0/30
2026-10-08 20:30:33,278  gsv3.training             INFO     [random:random_seed5] epoch 0118  train_log_mse=0.00246  val_log_mse=0.13052  val_mse=0.000603  max_grad=0.43  patience=1/30
2026-10-08 20:31:36,963  gsv3.training             INFO     [random:random_seed5] epoch 0119  train_log_mse=0.00270  val_log_mse=0.13004  val_mse=0.000592  max_grad=0.34  patience=2/30
2026-10-08 20:32:40,492  gsv3.training             INFO     [random:random_seed5] epoch 0120  train_log_mse=0.00296  val_log_mse=0.15259  val_mse=0.000583  max_grad=0.59  patience=3/30
2026-10-08 20:33:43,820  gsv3.training             INFO     [random:random_seed5] epoch 0121  train_log_mse=0.00238  val_log_mse=0.16252  val_mse=0.000602  max_grad=0.36  patience=4/30
2026-10-08 20:34:47,152  gsv3.training             INFO     [random:random_seed5] epoch 0122  train_log_mse=0.00228  val_log_mse=0.13070  val_mse=0.000547  max_grad=0.29  patience=5/30
2026-10-08 20:35:49,394  gsv3.training             INFO     [random:random_seed5] epoch 0123  train_log_mse=0.00221  val_log_mse=0.12931  val_mse=0.000556  max_grad=0.24  patience=6/30
2026-10-08 20:36:47,728  gsv3.training             INFO     [random:random_seed5] epoch 0124  train_log_mse=0.00226  val_log_mse=0.14339  val_mse=0.000538  max_grad=0.25  patience=7/30
2026-10-08 20:37:46,169  gsv3.training             INFO     [random:random_seed5] epoch 0125  train_log_mse=0.00280  val_log_mse=0.12985  val_mse=0.000596  max_grad=0.70  patience=8/30
2026-10-08 20:38:44,687  gsv3.training             INFO     [random:random_seed5] epoch 0126  train_log_mse=0.00253  val_log_mse=0.15713  val_mse=0.000556  max_grad=0.40  patience=9/30
2026-10-08 20:39:43,512  gsv3.training             INFO     [random:random_seed5] epoch 0127  train_log_mse=0.00275  val_log_mse=0.16384  val_mse=0.000568  max_grad=0.63  patience=10/30
2026-10-08 20:40:42,757  gsv3.training             INFO     [random:random_seed5] epoch 0128  train_log_mse=0.00232  val_log_mse=0.15536  val_mse=0.000517  max_grad=0.28  patience=11/30
2026-10-08 20:41:41,875  gsv3.training             INFO     [random:random_seed5] epoch 0129  train_log_mse=0.00274  val_log_mse=0.16287  val_mse=0.000703  max_grad=0.48  patience=12/30
2026-10-08 20:42:40,985  gsv3.training             INFO     [random:random_seed5] epoch 0130  train_log_mse=0.00398  val_log_mse=0.15195  val_mse=0.000652  max_grad=0.66  patience=13/30
2026-10-08 20:43:39,980  gsv3.training             INFO     [random:random_seed5] epoch 0131  train_log_mse=0.00208  val_log_mse=0.14900  val_mse=0.000589  max_grad=0.28  patience=14/30
2026-10-08 20:44:38,667  gsv3.training             INFO     [random:random_seed5] epoch 0132  train_log_mse=0.00195  val_log_mse=0.15472  val_mse=0.000579  max_grad=0.28  patience=15/30
2026-10-08 20:45:37,732  gsv3.training             INFO     [random:random_seed5] epoch 0133  train_log_mse=0.00208  val_log_mse=0.14935  val_mse=0.000536  max_grad=0.33  patience=16/30
2026-10-08 20:46:36,294  gsv3.training             INFO     [random:random_seed5] epoch 0134  train_log_mse=0.00214  val_log_mse=0.12515  val_mse=0.000563  max_grad=0.26  patience=17/30
2026-10-08 20:47:33,454  gsv3.training             INFO     [random:random_seed5] epoch 0135  train_log_mse=0.00229  val_log_mse=0.15290  val_mse=0.000545  max_grad=0.34  patience=18/30
2026-10-08 20:48:28,723  gsv3.training             INFO     [random:random_seed5] epoch 0136  train_log_mse=0.00260  val_log_mse=0.14598  val_mse=0.000503  max_grad=0.49  patience=0/30
2026-10-08 20:49:23,984  gsv3.training             INFO     [random:random_seed5] epoch 0137  train_log_mse=0.00239  val_log_mse=0.13076  val_mse=0.000541  max_grad=0.37  patience=1/30
2026-10-08 20:50:19,089  gsv3.training             INFO     [random:random_seed5] epoch 0138  train_log_mse=0.00282  val_log_mse=0.13369  val_mse=0.000541  max_grad=0.54  patience=2/30
2026-10-08 20:51:14,243  gsv3.training             INFO     [random:random_seed5] epoch 0139  train_log_mse=0.00284  val_log_mse=0.11970  val_mse=0.000547  max_grad=0.53  patience=3/30
2026-10-08 20:52:09,372  gsv3.training             INFO     [random:random_seed5] epoch 0140  train_log_mse=0.00228  val_log_mse=0.12704  val_mse=0.000585  max_grad=0.29  patience=4/30
2026-10-08 20:53:04,551  gsv3.training             INFO     [random:random_seed5] epoch 0141  train_log_mse=0.00247  val_log_mse=0.14107  val_mse=0.000543  max_grad=0.33  patience=5/30
2026-10-08 20:53:59,796  gsv3.training             INFO     [random:random_seed5] epoch 0142  train_log_mse=0.00210  val_log_mse=0.15528  val_mse=0.000597  max_grad=0.42  patience=6/30
2026-10-08 20:54:54,699  gsv3.training             INFO     [random:random_seed5] epoch 0143  train_log_mse=0.00229  val_log_mse=0.15514  val_mse=0.000523  max_grad=0.39  patience=7/30
2026-10-08 20:55:49,924  gsv3.training             INFO     [random:random_seed5] epoch 0144  train_log_mse=0.00239  val_log_mse=0.13539  val_mse=0.000666  max_grad=0.38  patience=8/30
2026-10-08 20:56:45,105  gsv3.training             INFO     [random:random_seed5] epoch 0145  train_log_mse=0.00242  val_log_mse=0.13464  val_mse=0.000522  max_grad=0.46  patience=9/30
2026-10-08 20:57:40,283  gsv3.training             INFO     [random:random_seed5] epoch 0146  train_log_mse=0.00216  val_log_mse=0.13077  val_mse=0.000551  max_grad=0.33  patience=10/30
2026-10-08 21:42:25,509  genstudy.io               INFO     Logging to evaluations/generalization_v6/results/v4u_phys/random_control/run.log
2026-10-08 21:42:25,511  run_experiment            INFO     Command line: evaluations/generalization_v3/scripts/run_experiment.py control --model phys_uniform --balance-alpha 0 --lr 3e-4 --grad-clip 1.0 --seed 5 --families x --groups x --loss mixed --val-mode random --results-dir evaluations/generalization_v6/results/v4u_phys
2026-10-08 21:42:25,511  gsv2.gpu                  WARNING  No CUDA device available — running on the CPU.
2026-10-08 21:42:25,515  gsv3.model                INFO     Hyper-parameters (/home/atudisco/pred-distr-tool/src/model/best_params.json + v3 defaults): {'device_hidden': 64, 'device_layers': 3, 'fusion_dim': 128, 'qubit_layers': 2, 'attn_heads': 4, 'lap_pe': 8, 'cost_bias_init': -6.0, 'hidden_dim': 142, 'num_conv_wo_resnet': 3, 'num_resnet_layers': 1, 'dropout': 0.0, 'bidirectional': True, 'mlp': [512, 256, 128], 'lr': 0.001, 'readout': 'meanmaxsum'}
2026-10-08 21:42:26,239  gsv3.devices              INFO     Device graphs: node features 13 (Laplacian PE 8), physical errors True
2026-10-08 21:42:26,241  genstudy.data             INFO     Loading graph dataset: /home/atudisco/pred-distr-tool/evaluations/generalization_v3/data/graph_dataset_expected_fidelity.pt
2026-10-08 21:42:36,216  genstudy.data             INFO     Loaded 17056 graphs
2026-10-08 21:42:36,252  genstudy.io               INFO     Wrote evaluations/generalization_v6/results/v4u_phys/random_control/dataset_summary.json
2026-10-08 21:42:36,363  run_experiment            INFO     [1/1] random_seed5
2026-10-08 21:42:36,367  gsv3.experiment           INFO     === random / random_seed5 ===
2026-10-08 21:42:36,367  gsv3.experiment           INFO     Random split stratified by fidelity (test_fraction=0.3, seed=5): train = 11939, test = 5117 circuits; families and sizes appear on both sides.
2026-10-08 21:42:36,368  gsv3.experiment           INFO     train=9551  val=2388 ({'mode': 'random'})  test=5117
2026-10-08 21:42:36,623  gsv3.training             INFO     [random:random_seed5] resumed at epoch 146 (best 136, val=0.00050)
2026-10-08 21:42:36,624  gsv3.training             INFO     [random:random_seed5] model=phys_uniform (945374 params) train=9551 val=2388 lr=0.0003 clip=1.0 alpha=0.00
2026-10-08 21:43:37,848  gsv3.training             INFO     [random:random_seed5] epoch 0147  train_log_mse=0.00212  val_log_mse=0.13592  val_mse=0.000650  max_grad=0.37  patience=11/30
2026-10-08 21:44:41,427  gsv3.training             INFO     [random:random_seed5] epoch 0148  train_log_mse=0.00214  val_log_mse=0.13215  val_mse=0.000559  max_grad=0.34  patience=12/30
2026-10-08 21:45:47,565  gsv3.training             INFO     [random:random_seed5] epoch 0149  train_log_mse=0.00248  val_log_mse=0.12120  val_mse=0.000523  max_grad=0.33  patience=13/30
2026-10-08 21:46:53,511  gsv3.training             INFO     [random:random_seed5] epoch 0150  train_log_mse=0.00268  val_log_mse=0.13181  val_mse=0.000566  max_grad=0.45  patience=14/30
2026-10-08 21:47:59,561  gsv3.training             INFO     [random:random_seed5] epoch 0151  train_log_mse=0.00210  val_log_mse=0.13389  val_mse=0.000546  max_grad=0.40  patience=15/30
2026-10-08 21:49:05,762  gsv3.training             INFO     [random:random_seed5] epoch 0152  train_log_mse=0.00221  val_log_mse=0.13361  val_mse=0.000590  max_grad=0.34  patience=16/30
2026-10-08 21:50:11,945  gsv3.training             INFO     [random:random_seed5] epoch 0153  train_log_mse=0.00205  val_log_mse=0.13862  val_mse=0.000538  max_grad=0.32  patience=17/30
2026-10-08 21:51:17,884  gsv3.training             INFO     [random:random_seed5] epoch 0154  train_log_mse=0.00198  val_log_mse=0.11545  val_mse=0.000543  max_grad=0.22  patience=18/30
2026-10-08 21:52:23,863  gsv3.training             INFO     [random:random_seed5] epoch 0155  train_log_mse=0.00221  val_log_mse=0.13237  val_mse=0.000559  max_grad=0.50  patience=19/30
2026-10-08 21:53:29,413  gsv3.training             INFO     [random:random_seed5] epoch 0156  train_log_mse=0.00294  val_log_mse=0.13503  val_mse=0.000510  max_grad=0.77  patience=20/30
2026-10-08 21:54:35,386  gsv3.training             INFO     [random:random_seed5] epoch 0157  train_log_mse=0.00205  val_log_mse=0.14164  val_mse=0.000549  max_grad=0.24  patience=21/30
2026-10-08 21:55:41,318  gsv3.training             INFO     [random:random_seed5] epoch 0158  train_log_mse=0.00191  val_log_mse=0.12961  val_mse=0.000533  max_grad=0.20  patience=22/30
2026-10-08 21:56:47,255  gsv3.training             INFO     [random:random_seed5] epoch 0159  train_log_mse=0.00199  val_log_mse=0.14528  val_mse=0.000556  max_grad=0.21  patience=23/30
2026-10-08 21:57:53,369  gsv3.training             INFO     [random:random_seed5] epoch 0160  train_log_mse=0.00211  val_log_mse=0.11790  val_mse=0.000513  max_grad=0.37  patience=24/30
2026-10-08 21:58:59,458  gsv3.training             INFO     [random:random_seed5] epoch 0161  train_log_mse=0.00212  val_log_mse=0.13600  val_mse=0.000583  max_grad=0.31  patience=25/30
2026-10-08 22:00:05,519  gsv3.training             INFO     [random:random_seed5] epoch 0162  train_log_mse=0.00197  val_log_mse=0.12304  val_mse=0.000600  max_grad=0.24  patience=26/30
2026-10-08 22:01:11,010  gsv3.training             INFO     [random:random_seed5] epoch 0163  train_log_mse=0.00217  val_log_mse=0.14107  val_mse=0.000535  max_grad=0.30  patience=27/30
2026-10-08 22:02:13,858  gsv3.training             INFO     [random:random_seed5] epoch 0164  train_log_mse=0.00235  val_log_mse=0.14762  val_mse=0.000596  max_grad=0.42  patience=28/30
2026-10-08 22:03:15,374  gsv3.training             INFO     [random:random_seed5] epoch 0165  train_log_mse=0.00227  val_log_mse=0.14755  val_mse=0.000594  max_grad=0.46  patience=29/30
2026-10-08 22:04:17,576  gsv3.training             INFO     [random:random_seed5] epoch 0166  train_log_mse=0.00215  val_log_mse=0.13341  val_mse=0.000616  max_grad=0.35  patience=30/30
2026-10-08 22:04:27,224  gsv3.experiment           INFO     [random_seed5] TEST  n=5117  MAE=0.0115  R2=0.9937  device-acc=0.849  regret=0.0028
2026-10-08 22:04:27,229  genstudy.io               INFO     Wrote evaluations/generalization_v6/results/v4u_phys/random_control/random_seed5/metrics.json
2026-10-08 22:04:27,258  genstudy.io               INFO     Wrote evaluations/generalization_v6/results/v4u_phys/random_control/random_seed5/predictions.json
2026-10-08 22:04:27,273  genstudy.io               INFO     Wrote evaluations/generalization_v6/results/v4u_phys/random_control/random_seed5/history.json
2026-10-08 22:04:27,295  run_experiment            INFO     random_control finished: 1 complete, 0 skipped
