2026-10-08 19:31:20,574  genstudy.io               INFO     Logging to evaluations/generalization_v7/results/v7_l001/leave_one_group_out/run.log
2026-10-08 19:31:20,575  run_experiment            INFO     Command line: evaluations/generalization_v3/scripts/run_experiment.py logo --model sinkhorn --balance-alpha 0 --lr 3e-4 --grad-clip 1.0 --seed 5 --families variational --groups variational --loss mixed --val-mode random --layout-lambda 0.01 --layout-loss region_dist --layouts-path evaluations/compile_check/results/compiler_layouts_v6pilot.pt --results-dir evaluations/generalization_v7/results/v7_l001
2026-10-08 19:31:20,575  gsv2.gpu                  WARNING  No CUDA device available — running on the CPU.
2026-10-08 19:31:20,576  gsv3.model                INFO     Hyper-parameters (/home/atudisco/pred-distr-tool/src/model/best_params.json + v3 defaults): {'device_hidden': 64, 'device_layers': 3, 'fusion_dim': 128, 'qubit_layers': 2, 'attn_heads': 4, 'lap_pe': 8, 'cost_bias_init': -6.0, 'hidden_dim': 142, 'num_conv_wo_resnet': 3, 'num_resnet_layers': 1, 'dropout': 0.0, 'bidirectional': True, 'mlp': [512, 256, 128], 'lr': 0.001, 'readout': 'meanmaxsum'}
2026-10-08 19:31:20,590  gsv3.devices              INFO     Device graphs: node features 13 (Laplacian PE 8), physical errors True
2026-10-08 19:31:20,591  genstudy.data             INFO     Loading graph dataset: /home/atudisco/pred-distr-tool/evaluations/generalization_v3/data/graph_dataset_expected_fidelity.pt
2026-10-08 19:31:24,541  genstudy.data             INFO     Loaded 17056 graphs
2026-10-08 19:31:25,152  run_experiment            INFO     Compiler layouts (evaluations/compile_check/results/compiler_layouts_v6pilot.pt): 16994/17056 circuits
2026-10-08 19:31:25,172  genstudy.io               INFO     Wrote evaluations/generalization_v7/results/v7_l001/leave_one_group_out/dataset_summary.json
2026-10-08 19:31:25,174  run_experiment            INFO     [1/1] variational
2026-10-08 19:31:25,177  gsv3.experiment           INFO     === group_holdout / variational ===
2026-10-08 19:31:25,177  gsv3.experiment           INFO     Leave-one-group-out: test = all 9928 circuits of group 'variational' (qnn, vqe_real_amp, vqe_su2, vqe_two_local), train = 7128 circuits from the other 31 families.
2026-10-08 19:31:25,178  gsv3.experiment           INFO     train=5702  val=1426 ({'mode': 'random'})  test=9928
2026-10-08 19:31:25,257  gsv3.training             INFO     [group_holdout:variational] model=sinkhorn (979423 params) train=5702 val=1426 lr=0.0003 clip=1.0 alpha=0.00
2026-10-08 19:32:24,729  gsv3.training             INFO     [group_holdout:variational] epoch 0001  region_bce=2.7482  dist_mse=0.3245  region_overlap=0.413
2026-10-08 19:32:24,731  gsv3.training             INFO     [group_holdout:variational] epoch 0001  train_log_mse=1.01530  val_log_mse=0.77793  val_mse=0.004555  max_grad=1596.05  patience=0/30
2026-10-08 19:33:24,339  gsv3.training             INFO     [group_holdout:variational] epoch 0002  region_bce=2.1259  dist_mse=0.2963  region_overlap=0.460
2026-10-08 19:33:24,342  gsv3.training             INFO     [group_holdout:variational] epoch 0002  train_log_mse=0.04917  val_log_mse=0.34888  val_mse=0.001857  max_grad=6.57  patience=0/30
2026-10-08 19:34:23,667  gsv3.training             INFO     [group_holdout:variational] epoch 0003  region_bce=1.7625  dist_mse=0.2808  region_overlap=0.494
2026-10-08 19:34:23,670  gsv3.training             INFO     [group_holdout:variational] epoch 0003  train_log_mse=0.03293  val_log_mse=0.28343  val_mse=0.001561  max_grad=7.51  patience=0/30
2026-10-08 19:35:22,824  gsv3.training             INFO     [group_holdout:variational] epoch 0004  region_bce=1.6330  dist_mse=0.2681  region_overlap=0.507
2026-10-08 19:35:22,826  gsv3.training             INFO     [group_holdout:variational] epoch 0004  train_log_mse=0.02496  val_log_mse=0.25997  val_mse=0.001306  max_grad=8.42  patience=0/30
2026-10-08 19:36:22,112  gsv3.training             INFO     [group_holdout:variational] epoch 0005  region_bce=1.4730  dist_mse=0.2545  region_overlap=0.530
2026-10-08 19:36:22,112  gsv3.training             INFO     [group_holdout:variational] epoch 0005  train_log_mse=0.02113  val_log_mse=0.15152  val_mse=0.001347  max_grad=4.01  patience=1/30
2026-10-08 19:37:21,055  gsv3.training             INFO     [group_holdout:variational] epoch 0006  region_bce=1.2343  dist_mse=0.2150  region_overlap=0.550
2026-10-08 19:37:21,057  gsv3.training             INFO     [group_holdout:variational] epoch 0006  train_log_mse=0.01885  val_log_mse=0.20182  val_mse=0.001202  max_grad=3.59  patience=0/30
2026-10-08 19:38:19,517  gsv3.training             INFO     [group_holdout:variational] epoch 0007  region_bce=1.0989  dist_mse=0.2046  region_overlap=0.562
2026-10-08 19:38:19,520  gsv3.training             INFO     [group_holdout:variational] epoch 0007  train_log_mse=0.01716  val_log_mse=0.17485  val_mse=0.000922  max_grad=3.59  patience=0/30
2026-10-08 19:39:17,759  gsv3.training             INFO     [group_holdout:variational] epoch 0008  region_bce=0.9150  dist_mse=0.1953  region_overlap=0.587
2026-10-08 19:39:17,761  gsv3.training             INFO     [group_holdout:variational] epoch 0008  train_log_mse=0.01613  val_log_mse=0.15088  val_mse=0.000825  max_grad=3.50  patience=0/30
2026-10-08 19:40:16,664  gsv3.training             INFO     [group_holdout:variational] epoch 0009  region_bce=0.8071  dist_mse=0.1918  region_overlap=0.593
2026-10-08 19:40:16,664  gsv3.training             INFO     [group_holdout:variational] epoch 0009  train_log_mse=0.01483  val_log_mse=0.39257  val_mse=0.000850  max_grad=14.03  patience=1/30
2026-10-08 19:41:15,463  gsv3.training             INFO     [group_holdout:variational] epoch 0010  region_bce=0.6852  dist_mse=0.1843  region_overlap=0.616
2026-10-08 19:41:15,464  gsv3.training             INFO     [group_holdout:variational] epoch 0010  train_log_mse=0.01747  val_log_mse=0.32788  val_mse=0.000877  max_grad=13.47  patience=2/30
2026-10-08 19:42:14,164  gsv3.training             INFO     [group_holdout:variational] epoch 0011  region_bce=0.6336  dist_mse=0.1734  region_overlap=0.626
2026-10-08 19:42:14,164  gsv3.training             INFO     [group_holdout:variational] epoch 0011  train_log_mse=0.02049  val_log_mse=0.17989  val_mse=0.000839  max_grad=4.27  patience=3/30
2026-10-08 19:43:13,001  gsv3.training             INFO     [group_holdout:variational] epoch 0012  region_bce=0.5953  dist_mse=0.1838  region_overlap=0.630
2026-10-08 19:43:13,001  gsv3.training             INFO     [group_holdout:variational] epoch 0012  train_log_mse=0.01478  val_log_mse=0.12592  val_mse=0.000827  max_grad=4.21  patience=4/30
2026-10-08 19:44:11,614  gsv3.training             INFO     [group_holdout:variational] epoch 0013  region_bce=0.5572  dist_mse=0.1759  region_overlap=0.640
2026-10-08 19:44:11,616  gsv3.training             INFO     [group_holdout:variational] epoch 0013  train_log_mse=0.01457  val_log_mse=0.27375  val_mse=0.000818  max_grad=3.14  patience=0/30
2026-10-08 19:45:10,209  gsv3.training             INFO     [group_holdout:variational] epoch 0014  region_bce=0.5305  dist_mse=0.1669  region_overlap=0.645
2026-10-08 19:45:10,209  gsv3.training             INFO     [group_holdout:variational] epoch 0014  train_log_mse=0.01170  val_log_mse=0.43518  val_mse=0.000877  max_grad=3.73  patience=1/30
2026-10-08 19:46:08,675  gsv3.training             INFO     [group_holdout:variational] epoch 0015  region_bce=0.5358  dist_mse=0.1703  region_overlap=0.648
2026-10-08 19:46:08,677  gsv3.training             INFO     [group_holdout:variational] epoch 0015  train_log_mse=0.01409  val_log_mse=0.12380  val_mse=0.000757  max_grad=3.56  patience=0/30
2026-10-08 19:47:07,133  gsv3.training             INFO     [group_holdout:variational] epoch 0016  region_bce=0.5031  dist_mse=0.1650  region_overlap=0.655
2026-10-08 19:47:07,135  gsv3.training             INFO     [group_holdout:variational] epoch 0016  train_log_mse=0.01041  val_log_mse=0.10856  val_mse=0.000637  max_grad=2.18  patience=0/30
2026-10-08 19:48:05,397  gsv3.training             INFO     [group_holdout:variational] epoch 0017  region_bce=0.4772  dist_mse=0.1603  region_overlap=0.661
2026-10-08 19:48:05,398  gsv3.training             INFO     [group_holdout:variational] epoch 0017  train_log_mse=0.00848  val_log_mse=0.14468  val_mse=0.000625  max_grad=1.62  patience=0/30
2026-10-08 19:49:03,791  gsv3.training             INFO     [group_holdout:variational] epoch 0018  region_bce=0.4660  dist_mse=0.1588  region_overlap=0.670
2026-10-08 19:49:03,793  gsv3.training             INFO     [group_holdout:variational] epoch 0018  train_log_mse=0.00873  val_log_mse=0.15832  val_mse=0.000578  max_grad=1.59  patience=0/30
2026-10-08 19:50:02,616  gsv3.training             INFO     [group_holdout:variational] epoch 0019  region_bce=0.4546  dist_mse=0.1576  region_overlap=0.675
2026-10-08 19:50:02,616  gsv3.training             INFO     [group_holdout:variational] epoch 0019  train_log_mse=0.00775  val_log_mse=0.12760  val_mse=0.000579  max_grad=1.51  patience=1/30
2026-10-08 19:51:01,094  gsv3.training             INFO     [group_holdout:variational] epoch 0020  region_bce=0.4655  dist_mse=0.1584  region_overlap=0.676
2026-10-08 19:51:01,094  gsv3.training             INFO     [group_holdout:variational] epoch 0020  train_log_mse=0.01011  val_log_mse=0.10696  val_mse=0.000688  max_grad=1.98  patience=2/30
2026-10-08 19:51:59,576  gsv3.training             INFO     [group_holdout:variational] epoch 0021  region_bce=0.4503  dist_mse=0.1551  region_overlap=0.678
2026-10-08 19:51:59,576  gsv3.training             INFO     [group_holdout:variational] epoch 0021  train_log_mse=0.00865  val_log_mse=0.19415  val_mse=0.000810  max_grad=1.50  patience=3/30
2026-10-08 19:53:00,890  gsv3.training             INFO     [group_holdout:variational] epoch 0022  region_bce=0.4523  dist_mse=0.1550  region_overlap=0.679
2026-10-08 19:53:00,890  gsv3.training             INFO     [group_holdout:variational] epoch 0022  train_log_mse=0.00927  val_log_mse=0.21973  val_mse=0.001006  max_grad=1.60  patience=4/30
2026-10-08 19:53:59,706  gsv3.training             INFO     [group_holdout:variational] epoch 0023  region_bce=0.4615  dist_mse=0.1584  region_overlap=0.681
2026-10-08 19:53:59,706  gsv3.training             INFO     [group_holdout:variational] epoch 0023  train_log_mse=0.00982  val_log_mse=0.14795  val_mse=0.000741  max_grad=1.71  patience=5/30
2026-10-08 19:54:58,284  gsv3.training             INFO     [group_holdout:variational] epoch 0024  region_bce=0.4332  dist_mse=0.1521  region_overlap=0.689
2026-10-08 19:54:58,285  gsv3.training             INFO     [group_holdout:variational] epoch 0024  train_log_mse=0.00734  val_log_mse=0.14499  val_mse=0.000580  max_grad=1.67  patience=6/30
2026-10-08 19:55:57,143  gsv3.training             INFO     [group_holdout:variational] epoch 0025  region_bce=0.4222  dist_mse=0.1514  region_overlap=0.692
2026-10-08 19:55:57,143  gsv3.training             INFO     [group_holdout:variational] epoch 0025  train_log_mse=0.00692  val_log_mse=0.13817  val_mse=0.000826  max_grad=1.30  patience=7/30
2026-10-08 19:56:55,654  gsv3.training             INFO     [group_holdout:variational] epoch 0026  region_bce=0.4263  dist_mse=0.1520  region_overlap=0.691
2026-10-08 19:56:55,654  gsv3.training             INFO     [group_holdout:variational] epoch 0026  train_log_mse=0.00760  val_log_mse=0.11366  val_mse=0.000621  max_grad=1.25  patience=8/30
2026-10-08 19:57:54,530  gsv3.training             INFO     [group_holdout:variational] epoch 0027  region_bce=0.4182  dist_mse=0.1510  region_overlap=0.697
2026-10-08 19:57:54,530  gsv3.training             INFO     [group_holdout:variational] epoch 0027  train_log_mse=0.00673  val_log_mse=0.14385  val_mse=0.000601  max_grad=1.09  patience=9/30
2026-10-08 19:58:53,386  gsv3.training             INFO     [group_holdout:variational] epoch 0028  region_bce=0.4121  dist_mse=0.1501  region_overlap=0.698
2026-10-08 19:58:53,387  gsv3.training             INFO     [group_holdout:variational] epoch 0028  train_log_mse=0.00659  val_log_mse=0.10434  val_mse=0.000535  max_grad=1.08  patience=0/30
2026-10-08 19:59:51,292  gsv3.training             INFO     [group_holdout:variational] epoch 0029  region_bce=0.4025  dist_mse=0.1506  region_overlap=0.700
2026-10-08 19:59:51,292  gsv3.training             INFO     [group_holdout:variational] epoch 0029  train_log_mse=0.00609  val_log_mse=0.09540  val_mse=0.000565  max_grad=1.11  patience=1/30
2026-10-08 20:00:45,918  gsv3.training             INFO     [group_holdout:variational] epoch 0030  region_bce=0.4179  dist_mse=0.1490  region_overlap=0.699
2026-10-08 20:00:45,919  gsv3.training             INFO     [group_holdout:variational] epoch 0030  train_log_mse=0.00911  val_log_mse=0.13689  val_mse=0.000656  max_grad=2.00  patience=2/30
2026-10-08 20:01:40,103  gsv3.training             INFO     [group_holdout:variational] epoch 0031  region_bce=0.4230  dist_mse=0.1507  region_overlap=0.696
2026-10-08 20:01:40,103  gsv3.training             INFO     [group_holdout:variational] epoch 0031  train_log_mse=0.00891  val_log_mse=0.10957  val_mse=0.000635  max_grad=2.16  patience=3/30
2026-10-08 20:02:34,435  gsv3.training             INFO     [group_holdout:variational] epoch 0032  region_bce=0.4061  dist_mse=0.1488  region_overlap=0.700
2026-10-08 20:02:34,435  gsv3.training             INFO     [group_holdout:variational] epoch 0032  train_log_mse=0.00751  val_log_mse=0.12664  val_mse=0.000649  max_grad=1.74  patience=4/30
2026-10-08 20:03:28,989  gsv3.training             INFO     [group_holdout:variational] epoch 0033  region_bce=0.4046  dist_mse=0.1502  region_overlap=0.701
2026-10-08 20:03:28,989  gsv3.training             INFO     [group_holdout:variational] epoch 0033  train_log_mse=0.00681  val_log_mse=0.10952  val_mse=0.000588  max_grad=1.23  patience=5/30
2026-10-08 20:04:23,179  gsv3.training             INFO     [group_holdout:variational] epoch 0034  region_bce=0.3976  dist_mse=0.1485  region_overlap=0.706
2026-10-08 20:04:23,179  gsv3.training             INFO     [group_holdout:variational] epoch 0034  train_log_mse=0.00706  val_log_mse=0.10066  val_mse=0.000663  max_grad=0.95  patience=6/30
2026-10-08 20:05:17,400  gsv3.training             INFO     [group_holdout:variational] epoch 0035  region_bce=0.3943  dist_mse=0.1482  region_overlap=0.707
2026-10-08 20:05:17,400  gsv3.training             INFO     [group_holdout:variational] epoch 0035  train_log_mse=0.00594  val_log_mse=0.10528  val_mse=0.000546  max_grad=0.79  patience=7/30
2026-10-08 20:06:11,849  gsv3.training             INFO     [group_holdout:variational] epoch 0036  region_bce=0.3910  dist_mse=0.1473  region_overlap=0.709
2026-10-08 20:06:11,849  gsv3.training             INFO     [group_holdout:variational] epoch 0036  train_log_mse=0.00653  val_log_mse=0.10894  val_mse=0.000539  max_grad=1.40  patience=8/30
2026-10-08 20:07:06,300  gsv3.training             INFO     [group_holdout:variational] epoch 0037  region_bce=0.3854  dist_mse=0.1469  region_overlap=0.711
2026-10-08 20:07:06,301  gsv3.training             INFO     [group_holdout:variational] epoch 0037  train_log_mse=0.00599  val_log_mse=0.10454  val_mse=0.000537  max_grad=1.19  patience=9/30
2026-10-08 20:08:01,048  gsv3.training             INFO     [group_holdout:variational] epoch 0038  region_bce=0.3871  dist_mse=0.1468  region_overlap=0.711
2026-10-08 20:08:01,048  gsv3.training             INFO     [group_holdout:variational] epoch 0038  train_log_mse=0.00714  val_log_mse=0.13876  val_mse=0.000709  max_grad=1.36  patience=10/30
2026-10-08 20:08:55,674  gsv3.training             INFO     [group_holdout:variational] epoch 0039  region_bce=0.3913  dist_mse=0.1474  region_overlap=0.709
2026-10-08 20:08:55,675  gsv3.training             INFO     [group_holdout:variational] epoch 0039  train_log_mse=0.00721  val_log_mse=0.10714  val_mse=0.000540  max_grad=1.21  patience=11/30
2026-10-08 20:09:50,427  gsv3.training             INFO     [group_holdout:variational] epoch 0040  region_bce=0.3829  dist_mse=0.1460  region_overlap=0.712
2026-10-08 20:09:50,427  gsv3.training             INFO     [group_holdout:variational] epoch 0040  train_log_mse=0.00614  val_log_mse=0.11735  val_mse=0.000605  max_grad=0.75  patience=12/30
2026-10-08 20:10:45,165  gsv3.training             INFO     [group_holdout:variational] epoch 0041  region_bce=0.3778  dist_mse=0.1461  region_overlap=0.715
2026-10-08 20:10:45,166  gsv3.training             INFO     [group_holdout:variational] epoch 0041  train_log_mse=0.00597  val_log_mse=0.10508  val_mse=0.000569  max_grad=0.84  patience=13/30
2026-10-08 20:11:39,779  gsv3.training             INFO     [group_holdout:variational] epoch 0042  region_bce=0.3779  dist_mse=0.1468  region_overlap=0.714
2026-10-08 20:11:39,780  gsv3.training             INFO     [group_holdout:variational] epoch 0042  train_log_mse=0.00671  val_log_mse=0.11746  val_mse=0.000537  max_grad=1.01  patience=14/30
2026-10-08 20:12:34,318  gsv3.training             INFO     [group_holdout:variational] epoch 0043  region_bce=0.3823  dist_mse=0.1457  region_overlap=0.713
2026-10-08 20:12:34,318  gsv3.training             INFO     [group_holdout:variational] epoch 0043  train_log_mse=0.00678  val_log_mse=0.12145  val_mse=0.000632  max_grad=0.86  patience=15/30
2026-10-08 20:13:28,743  gsv3.training             INFO     [group_holdout:variational] epoch 0044  region_bce=0.3775  dist_mse=0.1475  region_overlap=0.713
2026-10-08 20:13:28,744  gsv3.training             INFO     [group_holdout:variational] epoch 0044  train_log_mse=0.00679  val_log_mse=0.13323  val_mse=0.000591  max_grad=0.93  patience=16/30
2026-10-08 20:14:23,128  gsv3.training             INFO     [group_holdout:variational] epoch 0045  region_bce=0.3725  dist_mse=0.1451  region_overlap=0.715
2026-10-08 20:14:23,128  gsv3.training             INFO     [group_holdout:variational] epoch 0045  train_log_mse=0.00617  val_log_mse=0.11295  val_mse=0.000579  max_grad=0.88  patience=17/30
2026-10-08 20:15:17,575  gsv3.training             INFO     [group_holdout:variational] epoch 0046  region_bce=0.3792  dist_mse=0.1458  region_overlap=0.716
2026-10-08 20:15:17,575  gsv3.training             INFO     [group_holdout:variational] epoch 0046  train_log_mse=0.00730  val_log_mse=0.12989  val_mse=0.000617  max_grad=1.30  patience=18/30
2026-10-08 20:16:12,079  gsv3.training             INFO     [group_holdout:variational] epoch 0047  region_bce=0.3753  dist_mse=0.1455  region_overlap=0.718
2026-10-08 20:16:12,079  gsv3.training             INFO     [group_holdout:variational] epoch 0047  train_log_mse=0.00604  val_log_mse=0.10985  val_mse=0.000563  max_grad=0.93  patience=19/30
2026-10-08 20:17:06,961  gsv3.training             INFO     [group_holdout:variational] epoch 0048  region_bce=0.3690  dist_mse=0.1449  region_overlap=0.718
2026-10-08 20:17:06,961  gsv3.training             INFO     [group_holdout:variational] epoch 0048  train_log_mse=0.00610  val_log_mse=0.15650  val_mse=0.000568  max_grad=1.01  patience=20/30
2026-10-08 20:18:01,656  gsv3.training             INFO     [group_holdout:variational] epoch 0049  region_bce=0.3716  dist_mse=0.1456  region_overlap=0.719
2026-10-08 20:18:01,656  gsv3.training             INFO     [group_holdout:variational] epoch 0049  train_log_mse=0.00711  val_log_mse=0.11754  val_mse=0.000581  max_grad=1.33  patience=21/30
2026-10-08 20:18:56,397  gsv3.training             INFO     [group_holdout:variational] epoch 0050  region_bce=0.3713  dist_mse=0.1453  region_overlap=0.718
2026-10-08 20:18:56,397  gsv3.training             INFO     [group_holdout:variational] epoch 0050  train_log_mse=0.00558  val_log_mse=0.11720  val_mse=0.000607  max_grad=0.89  patience=22/30
2026-10-08 20:19:50,814  gsv3.training             INFO     [group_holdout:variational] epoch 0051  region_bce=0.3563  dist_mse=0.1441  region_overlap=0.724
2026-10-08 20:19:50,815  gsv3.training             INFO     [group_holdout:variational] epoch 0051  train_log_mse=0.00497  val_log_mse=0.12467  val_mse=0.000569  max_grad=0.55  patience=23/30
2026-10-08 20:20:45,256  gsv3.training             INFO     [group_holdout:variational] epoch 0052  region_bce=0.3549  dist_mse=0.1439  region_overlap=0.725
2026-10-08 20:20:45,258  gsv3.training             INFO     [group_holdout:variational] epoch 0052  train_log_mse=0.00499  val_log_mse=0.10277  val_mse=0.000516  max_grad=0.75  patience=0/30
2026-10-08 20:21:39,724  gsv3.training             INFO     [group_holdout:variational] epoch 0053  region_bce=0.3600  dist_mse=0.1441  region_overlap=0.726
2026-10-08 20:21:39,724  gsv3.training             INFO     [group_holdout:variational] epoch 0053  train_log_mse=0.00679  val_log_mse=0.12420  val_mse=0.000905  max_grad=1.24  patience=1/30
2026-10-08 20:22:34,213  gsv3.training             INFO     [group_holdout:variational] epoch 0054  region_bce=0.3559  dist_mse=0.1427  region_overlap=0.728
2026-10-08 20:22:34,213  gsv3.training             INFO     [group_holdout:variational] epoch 0054  train_log_mse=0.00536  val_log_mse=0.12371  val_mse=0.000621  max_grad=0.64  patience=2/30
2026-10-08 20:23:28,621  gsv3.training             INFO     [group_holdout:variational] epoch 0055  region_bce=0.3522  dist_mse=0.1433  region_overlap=0.727
2026-10-08 20:23:28,621  gsv3.training             INFO     [group_holdout:variational] epoch 0055  train_log_mse=0.00520  val_log_mse=0.11228  val_mse=0.000577  max_grad=1.02  patience=3/30
2026-10-08 20:24:22,870  gsv3.training             INFO     [group_holdout:variational] epoch 0056  region_bce=0.3439  dist_mse=0.1430  region_overlap=0.731
2026-10-08 20:24:22,870  gsv3.training             INFO     [group_holdout:variational] epoch 0056  train_log_mse=0.00479  val_log_mse=0.10897  val_mse=0.000537  max_grad=0.64  patience=4/30
2026-10-08 20:25:17,228  gsv3.training             INFO     [group_holdout:variational] epoch 0057  region_bce=0.3480  dist_mse=0.1431  region_overlap=0.731
2026-10-08 20:25:17,228  gsv3.training             INFO     [group_holdout:variational] epoch 0057  train_log_mse=0.00567  val_log_mse=0.11171  val_mse=0.000533  max_grad=0.84  patience=5/30
2026-10-08 20:26:11,758  gsv3.training             INFO     [group_holdout:variational] epoch 0058  region_bce=0.3473  dist_mse=0.1428  region_overlap=0.732
2026-10-08 20:26:11,759  gsv3.training             INFO     [group_holdout:variational] epoch 0058  train_log_mse=0.00647  val_log_mse=0.15514  val_mse=0.000704  max_grad=1.07  patience=6/30
2026-10-08 20:27:06,111  gsv3.training             INFO     [group_holdout:variational] epoch 0059  region_bce=0.3461  dist_mse=0.1435  region_overlap=0.730
2026-10-08 20:27:06,111  gsv3.training             INFO     [group_holdout:variational] epoch 0059  train_log_mse=0.00502  val_log_mse=0.10655  val_mse=0.000540  max_grad=0.58  patience=7/30
2026-10-08 20:28:00,539  gsv3.training             INFO     [group_holdout:variational] epoch 0060  region_bce=0.3390  dist_mse=0.1425  region_overlap=0.736
2026-10-08 20:28:00,539  gsv3.training             INFO     [group_holdout:variational] epoch 0060  train_log_mse=0.00480  val_log_mse=0.10722  val_mse=0.000546  max_grad=0.73  patience=8/30
2026-10-08 20:28:55,269  gsv3.training             INFO     [group_holdout:variational] epoch 0061  region_bce=0.3363  dist_mse=0.1419  region_overlap=0.738
2026-10-08 20:28:55,269  gsv3.training             INFO     [group_holdout:variational] epoch 0061  train_log_mse=0.00471  val_log_mse=0.10645  val_mse=0.000585  max_grad=0.50  patience=9/30
2026-10-08 20:29:49,575  gsv3.training             INFO     [group_holdout:variational] epoch 0062  region_bce=0.3341  dist_mse=0.1427  region_overlap=0.737
2026-10-08 20:29:49,575  gsv3.training             INFO     [group_holdout:variational] epoch 0062  train_log_mse=0.00467  val_log_mse=0.12624  val_mse=0.000665  max_grad=0.70  patience=10/30
2026-10-08 20:30:43,929  gsv3.training             INFO     [group_holdout:variational] epoch 0063  region_bce=0.3337  dist_mse=0.1423  region_overlap=0.739
2026-10-08 20:30:43,929  gsv3.training             INFO     [group_holdout:variational] epoch 0063  train_log_mse=0.00503  val_log_mse=0.12728  val_mse=0.000551  max_grad=0.68  patience=11/30
2026-10-08 20:31:38,237  gsv3.training             INFO     [group_holdout:variational] epoch 0064  region_bce=0.3380  dist_mse=0.1424  region_overlap=0.739
2026-10-08 20:31:38,237  gsv3.training             INFO     [group_holdout:variational] epoch 0064  train_log_mse=0.00602  val_log_mse=0.15062  val_mse=0.000689  max_grad=1.24  patience=12/30
2026-10-08 20:32:32,561  gsv3.training             INFO     [group_holdout:variational] epoch 0065  region_bce=0.3480  dist_mse=0.1433  region_overlap=0.735
2026-10-08 20:32:32,562  gsv3.training             INFO     [group_holdout:variational] epoch 0065  train_log_mse=0.00662  val_log_mse=0.11426  val_mse=0.000609  max_grad=0.98  patience=13/30
2026-10-08 20:33:26,818  gsv3.training             INFO     [group_holdout:variational] epoch 0066  region_bce=0.3463  dist_mse=0.1424  region_overlap=0.737
2026-10-08 20:33:26,818  gsv3.training             INFO     [group_holdout:variational] epoch 0066  train_log_mse=0.00518  val_log_mse=0.12303  val_mse=0.000572  max_grad=1.64  patience=14/30
2026-10-08 20:34:21,095  gsv3.training             INFO     [group_holdout:variational] epoch 0067  region_bce=0.3594  dist_mse=0.1465  region_overlap=0.731
2026-10-08 20:34:21,095  gsv3.training             INFO     [group_holdout:variational] epoch 0067  train_log_mse=0.00784  val_log_mse=0.10485  val_mse=0.000565  max_grad=1.08  patience=15/30
2026-10-08 20:35:15,591  gsv3.training             INFO     [group_holdout:variational] epoch 0068  region_bce=0.3575  dist_mse=0.1443  region_overlap=0.734
2026-10-08 20:35:15,592  gsv3.training             INFO     [group_holdout:variational] epoch 0068  train_log_mse=0.00559  val_log_mse=0.09800  val_mse=0.000541  max_grad=0.74  patience=16/30
2026-10-08 20:36:07,106  gsv3.training             INFO     [group_holdout:variational] epoch 0069  region_bce=0.3391  dist_mse=0.1430  region_overlap=0.740
2026-10-08 20:36:07,107  gsv3.training             INFO     [group_holdout:variational] epoch 0069  train_log_mse=0.00524  val_log_mse=0.13700  val_mse=0.000569  max_grad=0.92  patience=17/30
2026-10-08 20:36:57,068  gsv3.training             INFO     [group_holdout:variational] epoch 0070  region_bce=0.3384  dist_mse=0.1420  region_overlap=0.741
2026-10-08 20:36:57,068  gsv3.training             INFO     [group_holdout:variational] epoch 0070  train_log_mse=0.00513  val_log_mse=0.09846  val_mse=0.000527  max_grad=0.59  patience=18/30
2026-10-08 20:37:46,994  gsv3.training             INFO     [group_holdout:variational] epoch 0071  region_bce=0.3575  dist_mse=0.1454  region_overlap=0.731
2026-10-08 20:37:46,994  gsv3.training             INFO     [group_holdout:variational] epoch 0071  train_log_mse=0.00957  val_log_mse=0.30908  val_mse=0.000997  max_grad=272.83  patience=19/30
2026-10-08 20:38:36,763  gsv3.training             INFO     [group_holdout:variational] epoch 0072  region_bce=0.3783  dist_mse=0.1466  region_overlap=0.719
2026-10-08 20:38:36,764  gsv3.training             INFO     [group_holdout:variational] epoch 0072  train_log_mse=0.01123  val_log_mse=0.16442  val_mse=0.000614  max_grad=1.35  patience=20/30
2026-10-08 20:39:26,936  gsv3.training             INFO     [group_holdout:variational] epoch 0073  region_bce=0.3464  dist_mse=0.1429  region_overlap=0.733
2026-10-08 20:39:26,936  gsv3.training             INFO     [group_holdout:variational] epoch 0073  train_log_mse=0.00596  val_log_mse=0.10724  val_mse=0.000678  max_grad=0.49  patience=21/30
2026-10-08 20:40:17,526  gsv3.training             INFO     [group_holdout:variational] epoch 0074  region_bce=0.3348  dist_mse=0.1423  region_overlap=0.739
2026-10-08 20:40:17,526  gsv3.training             INFO     [group_holdout:variational] epoch 0074  train_log_mse=0.00488  val_log_mse=0.11967  val_mse=0.000624  max_grad=0.48  patience=22/30
2026-10-08 20:41:07,853  gsv3.training             INFO     [group_holdout:variational] epoch 0075  region_bce=0.3277  dist_mse=0.1417  region_overlap=0.744
2026-10-08 20:41:07,853  gsv3.training             INFO     [group_holdout:variational] epoch 0075  train_log_mse=0.00445  val_log_mse=0.09572  val_mse=0.000572  max_grad=0.52  patience=23/30
2026-10-08 20:41:58,485  gsv3.training             INFO     [group_holdout:variational] epoch 0076  region_bce=0.3205  dist_mse=0.1418  region_overlap=0.745
2026-10-08 20:41:58,486  gsv3.training             INFO     [group_holdout:variational] epoch 0076  train_log_mse=0.00414  val_log_mse=0.11939  val_mse=0.000747  max_grad=4.57  patience=24/30
2026-10-08 20:42:48,965  gsv3.training             INFO     [group_holdout:variational] epoch 0077  region_bce=0.3339  dist_mse=0.1430  region_overlap=0.738
2026-10-08 20:42:48,965  gsv3.training             INFO     [group_holdout:variational] epoch 0077  train_log_mse=0.00508  val_log_mse=0.09859  val_mse=0.000566  max_grad=1.10  patience=25/30
2026-10-08 20:43:39,068  gsv3.training             INFO     [group_holdout:variational] epoch 0078  region_bce=0.3258  dist_mse=0.1417  region_overlap=0.746
2026-10-08 20:43:39,068  gsv3.training             INFO     [group_holdout:variational] epoch 0078  train_log_mse=0.00473  val_log_mse=0.13570  val_mse=0.000644  max_grad=0.52  patience=26/30
2026-10-08 20:44:29,160  gsv3.training             INFO     [group_holdout:variational] epoch 0079  region_bce=0.3331  dist_mse=0.1412  region_overlap=0.742
2026-10-08 20:44:29,160  gsv3.training             INFO     [group_holdout:variational] epoch 0079  train_log_mse=0.00496  val_log_mse=0.10981  val_mse=0.000579  max_grad=0.52  patience=27/30
2026-10-08 20:45:19,470  gsv3.training             INFO     [group_holdout:variational] epoch 0080  region_bce=0.3230  dist_mse=0.1412  region_overlap=0.746
2026-10-08 20:45:19,470  gsv3.training             INFO     [group_holdout:variational] epoch 0080  train_log_mse=0.00435  val_log_mse=0.10371  val_mse=0.000540  max_grad=0.46  patience=28/30
2026-10-08 20:46:09,496  gsv3.training             INFO     [group_holdout:variational] epoch 0081  region_bce=0.3188  dist_mse=0.1403  region_overlap=0.749
2026-10-08 20:46:09,496  gsv3.training             INFO     [group_holdout:variational] epoch 0081  train_log_mse=0.00460  val_log_mse=0.11186  val_mse=0.000598  max_grad=0.55  patience=29/30
2026-10-08 20:46:59,620  gsv3.training             INFO     [group_holdout:variational] epoch 0082  region_bce=0.3126  dist_mse=0.1402  region_overlap=0.752
2026-10-08 20:46:59,620  gsv3.training             INFO     [group_holdout:variational] epoch 0082  train_log_mse=0.00400  val_log_mse=0.10056  val_mse=0.000528  max_grad=0.33  patience=30/30
2026-10-08 20:47:16,173  gsv3.experiment           INFO     [variational] TEST  n=9928  MAE=0.0709  R2=0.8941  device-acc=0.666  regret=0.0077
2026-10-08 20:47:16,176  genstudy.io               INFO     Wrote evaluations/generalization_v7/results/v7_l001/leave_one_group_out/variational/metrics.json
2026-10-08 20:47:16,222  genstudy.io               INFO     Wrote evaluations/generalization_v7/results/v7_l001/leave_one_group_out/variational/predictions.json
2026-10-08 20:47:16,236  genstudy.io               INFO     Wrote evaluations/generalization_v7/results/v7_l001/leave_one_group_out/variational/history.json
2026-10-08 20:47:16,255  run_experiment            INFO     leave_one_group_out finished: 1 complete, 0 skipped
