2026-10-07 14:53:54,181  genstudy.io               INFO     Logging to /home/atudisco/pred-distr-tool/evaluations/generalization_v2/results/random_control/run.log
2026-10-07 14:53:54,181  run_experiment            INFO     Command line: /home/atudisco/pred-distr-tool/evaluations/generalization_v2/scripts/run_experiment.py control --device-graphs /home/atudisco/pred-distr-tool/evaluations/generalization_v2/results/device_graphs.pt --families large --max-train-qubits 14 --results-dir /home/atudisco/pred-distr-tool/evaluations/generalization_v2/results
2026-10-07 14:53:54,181  gsv2.gpu                  WARNING  No CUDA device available — running on the CPU.
2026-10-07 14:53:54,182  gsv2.model                INFO     Hyper-parameters (/home/atudisco/pred-distr-tool/src/model/best_params.json + v2 defaults): {'device_hidden': 64, 'device_layers': 3, 'fusion_dim': 128, 'hidden_dim': 142, 'num_conv_wo_resnet': 3, 'num_resnet_layers': 1, 'dropout': 0.0, 'bidirectional': True, 'mlp': [512, 256, 128], 'lr': 0.001, 'readout': 'meanmaxsum'}
2026-10-07 14:53:54,189  genstudy.data             INFO     Loading graph dataset: /home/atudisco/compileCircuits/graph_dataset_expected_fidelity.pt
2026-10-07 14:53:56,787  genstudy.data             INFO     Loaded 17056 graphs
2026-10-07 14:53:56,814  genstudy.io               INFO     Wrote /home/atudisco/pred-distr-tool/evaluations/generalization_v2/results/random_control/dataset_summary.json
2026-10-07 14:53:56,892  run_experiment            INFO     [1/1] random_seed5
2026-10-07 14:53:56,895  gsv2.experiment           INFO     === random / random_seed5 ===
2026-10-07 14:53:56,895  gsv2.experiment           INFO     Random split stratified by fidelity (test_fraction=0.3, seed=5): train = 11939, test = 5117 circuits; families and sizes appear on both sides.
2026-10-07 14:53:56,896  gsv2.experiment           INFO     train=9551  val=2388 ({'mode': 'random'})  test=5117
2026-10-07 14:53:56,971  gsv2.training             INFO     [random:random_seed5] train=9551 val=2388, epochs 1-1000, patience 30, balance alpha 0.50
2026-10-07 14:54:12,952  gsv2.training             INFO     [random:random_seed5] epoch 0001  train_log_mse=70.51090  val_log_mse=1.91455  val_mse=0.058633  patience=0/30
2026-10-07 14:54:28,598  gsv2.training             INFO     [random:random_seed5] epoch 0002  train_log_mse=1.40756  val_log_mse=0.42685  val_mse=0.010915  patience=0/30
2026-10-07 14:54:44,256  gsv2.training             INFO     [random:random_seed5] epoch 0003  train_log_mse=0.40797  val_log_mse=0.24212  val_mse=0.009560  patience=0/30
2026-10-07 14:54:59,959  gsv2.training             INFO     [random:random_seed5] epoch 0004  train_log_mse=0.32821  val_log_mse=0.19723  val_mse=0.003873  patience=0/30
2026-10-07 14:55:15,269  gsv2.training             INFO     [random:random_seed5] epoch 0005  train_log_mse=0.19364  val_log_mse=0.18467  val_mse=0.005412  patience=0/30
2026-10-07 14:55:30,794  gsv2.training             INFO     [random:random_seed5] epoch 0006  train_log_mse=0.19794  val_log_mse=0.09112  val_mse=0.002449  patience=0/30
2026-10-07 14:55:46,345  gsv2.training             INFO     [random:random_seed5] epoch 0007  train_log_mse=0.12063  val_log_mse=0.10817  val_mse=0.003852  patience=1/30
2026-10-07 14:56:02,176  gsv2.training             INFO     [random:random_seed5] epoch 0008  train_log_mse=0.11118  val_log_mse=0.07781  val_mse=0.003348  patience=0/30
2026-10-07 14:56:18,407  gsv2.training             INFO     [random:random_seed5] epoch 0009  train_log_mse=0.16650  val_log_mse=0.25567  val_mse=0.014441  patience=1/30
2026-10-07 14:56:34,401  gsv2.training             INFO     [random:random_seed5] epoch 0010  train_log_mse=0.10875  val_log_mse=0.08088  val_mse=0.003649  patience=2/30
2026-10-07 14:56:50,289  gsv2.training             INFO     [random:random_seed5] epoch 0011  train_log_mse=0.15022  val_log_mse=0.08121  val_mse=0.002170  patience=3/30
2026-10-07 14:57:05,964  gsv2.training             INFO     [random:random_seed5] epoch 0012  train_log_mse=0.14669  val_log_mse=0.18702  val_mse=0.003536  patience=4/30
2026-10-07 14:57:21,659  gsv2.training             INFO     [random:random_seed5] epoch 0013  train_log_mse=0.10149  val_log_mse=0.17361  val_mse=0.003648  patience=5/30
2026-10-07 14:57:37,392  gsv2.training             INFO     [random:random_seed5] epoch 0014  train_log_mse=0.10992  val_log_mse=0.06912  val_mse=0.002415  patience=0/30
2026-10-07 14:57:52,903  gsv2.training             INFO     [random:random_seed5] epoch 0015  train_log_mse=0.19320  val_log_mse=0.23118  val_mse=0.010589  patience=1/30
2026-10-07 14:58:08,466  gsv2.training             INFO     [random:random_seed5] epoch 0016  train_log_mse=0.12545  val_log_mse=0.07736  val_mse=0.002001  patience=2/30
2026-10-07 14:58:24,040  gsv2.training             INFO     [random:random_seed5] epoch 0017  train_log_mse=0.06616  val_log_mse=0.17330  val_mse=0.011195  patience=3/30
2026-10-07 14:58:39,791  gsv2.training             INFO     [random:random_seed5] epoch 0018  train_log_mse=0.10959  val_log_mse=0.29579  val_mse=0.004230  patience=4/30
2026-10-07 14:58:55,473  gsv2.training             INFO     [random:random_seed5] epoch 0019  train_log_mse=0.09368  val_log_mse=0.16764  val_mse=0.003454  patience=5/30
2026-10-07 14:59:10,789  gsv2.training             INFO     [random:random_seed5] epoch 0020  train_log_mse=0.11573  val_log_mse=0.12108  val_mse=0.003332  patience=6/30
2026-10-07 14:59:26,601  gsv2.training             INFO     [random:random_seed5] epoch 0021  train_log_mse=0.09851  val_log_mse=0.06611  val_mse=0.001395  patience=0/30
2026-10-07 14:59:42,333  gsv2.training             INFO     [random:random_seed5] epoch 0022  train_log_mse=0.11873  val_log_mse=0.12727  val_mse=0.003622  patience=1/30
2026-10-07 14:59:58,162  gsv2.training             INFO     [random:random_seed5] epoch 0023  train_log_mse=0.10423  val_log_mse=0.08686  val_mse=0.001823  patience=2/30
2026-10-07 15:00:13,921  gsv2.training             INFO     [random:random_seed5] epoch 0024  train_log_mse=0.10680  val_log_mse=0.13779  val_mse=0.003350  patience=3/30
2026-10-07 15:00:29,596  gsv2.training             INFO     [random:random_seed5] epoch 0025  train_log_mse=0.12028  val_log_mse=0.31842  val_mse=0.004210  patience=4/30
2026-10-07 15:00:45,381  gsv2.training             INFO     [random:random_seed5] epoch 0026  train_log_mse=0.09445  val_log_mse=0.14859  val_mse=0.003063  patience=5/30
2026-10-07 15:01:01,073  gsv2.training             INFO     [random:random_seed5] epoch 0027  train_log_mse=0.08695  val_log_mse=0.08454  val_mse=0.001686  patience=6/30
2026-10-07 15:01:16,636  gsv2.training             INFO     [random:random_seed5] epoch 0028  train_log_mse=0.08164  val_log_mse=0.11768  val_mse=0.002221  patience=7/30
2026-10-07 15:01:32,213  gsv2.training             INFO     [random:random_seed5] epoch 0029  train_log_mse=0.11684  val_log_mse=0.26688  val_mse=0.002371  patience=8/30
2026-10-07 15:01:47,757  gsv2.training             INFO     [random:random_seed5] epoch 0030  train_log_mse=0.10297  val_log_mse=0.14641  val_mse=0.001846  patience=9/30
2026-10-07 15:02:03,605  gsv2.training             INFO     [random:random_seed5] epoch 0031  train_log_mse=0.16440  val_log_mse=0.06084  val_mse=0.002199  patience=0/30
2026-10-07 15:02:19,290  gsv2.training             INFO     [random:random_seed5] epoch 0032  train_log_mse=0.07467  val_log_mse=0.06884  val_mse=0.001791  patience=1/30
2026-10-07 15:02:35,091  gsv2.training             INFO     [random:random_seed5] epoch 0033  train_log_mse=0.05581  val_log_mse=0.08718  val_mse=0.001980  patience=2/30
2026-10-07 15:02:50,428  gsv2.training             INFO     [random:random_seed5] epoch 0034  train_log_mse=0.06293  val_log_mse=0.09582  val_mse=0.002133  patience=3/30
2026-10-07 15:03:05,962  gsv2.training             INFO     [random:random_seed5] epoch 0035  train_log_mse=0.07555  val_log_mse=0.06206  val_mse=0.001340  patience=4/30
2026-10-07 15:03:21,439  gsv2.training             INFO     [random:random_seed5] epoch 0036  train_log_mse=0.08011  val_log_mse=0.06589  val_mse=0.002090  patience=5/30
2026-10-07 15:03:37,108  gsv2.training             INFO     [random:random_seed5] epoch 0037  train_log_mse=0.18330  val_log_mse=0.09470  val_mse=0.001743  patience=6/30
2026-10-07 15:03:52,574  gsv2.training             INFO     [random:random_seed5] epoch 0038  train_log_mse=0.06540  val_log_mse=0.05275  val_mse=0.001354  patience=0/30
2026-10-07 15:04:08,167  gsv2.training             INFO     [random:random_seed5] epoch 0039  train_log_mse=0.06509  val_log_mse=0.06496  val_mse=0.001418  patience=1/30
2026-10-07 15:04:23,880  gsv2.training             INFO     [random:random_seed5] epoch 0040  train_log_mse=0.09959  val_log_mse=0.06151  val_mse=0.001429  patience=2/30
2026-10-07 15:04:39,605  gsv2.training             INFO     [random:random_seed5] epoch 0041  train_log_mse=0.06770  val_log_mse=0.07101  val_mse=0.002012  patience=3/30
2026-10-07 15:04:55,305  gsv2.training             INFO     [random:random_seed5] epoch 0042  train_log_mse=0.05470  val_log_mse=0.05927  val_mse=0.002701  patience=4/30
2026-10-07 15:05:10,939  gsv2.training             INFO     [random:random_seed5] epoch 0043  train_log_mse=0.07802  val_log_mse=0.16659  val_mse=0.003740  patience=5/30
2026-10-07 15:05:26,540  gsv2.training             INFO     [random:random_seed5] epoch 0044  train_log_mse=0.06631  val_log_mse=0.05198  val_mse=0.001005  patience=0/30
2026-10-07 15:05:42,186  gsv2.training             INFO     [random:random_seed5] epoch 0045  train_log_mse=0.05587  val_log_mse=0.07082  val_mse=0.002691  patience=1/30
2026-10-07 15:05:57,761  gsv2.training             INFO     [random:random_seed5] epoch 0046  train_log_mse=0.06784  val_log_mse=0.06831  val_mse=0.002723  patience=2/30
2026-10-07 15:06:13,463  gsv2.training             INFO     [random:random_seed5] epoch 0047  train_log_mse=0.06035  val_log_mse=0.08429  val_mse=0.001763  patience=3/30
2026-10-07 15:06:29,106  gsv2.training             INFO     [random:random_seed5] epoch 0048  train_log_mse=1.76220  val_log_mse=0.98711  val_mse=0.021853  patience=4/30
2026-10-07 15:06:44,953  gsv2.training             INFO     [random:random_seed5] epoch 0049  train_log_mse=0.51995  val_log_mse=0.17150  val_mse=0.003890  patience=5/30
2026-10-07 15:07:00,495  gsv2.training             INFO     [random:random_seed5] epoch 0050  train_log_mse=0.11665  val_log_mse=0.13508  val_mse=0.005527  patience=6/30
2026-10-07 15:07:15,892  gsv2.training             INFO     [random:random_seed5] epoch 0051  train_log_mse=0.07919  val_log_mse=0.10690  val_mse=0.004723  patience=7/30
2026-10-07 15:07:31,416  gsv2.training             INFO     [random:random_seed5] epoch 0052  train_log_mse=0.06854  val_log_mse=0.07638  val_mse=0.002617  patience=8/30
2026-10-07 15:07:46,772  gsv2.training             INFO     [random:random_seed5] epoch 0053  train_log_mse=0.06616  val_log_mse=0.08142  val_mse=0.001474  patience=9/30
2026-10-07 15:08:02,306  gsv2.training             INFO     [random:random_seed5] epoch 0054  train_log_mse=0.05602  val_log_mse=0.06007  val_mse=0.001446  patience=10/30
2026-10-07 15:08:17,874  gsv2.training             INFO     [random:random_seed5] epoch 0055  train_log_mse=0.05261  val_log_mse=0.06342  val_mse=0.001410  patience=11/30
2026-10-07 15:08:33,357  gsv2.training             INFO     [random:random_seed5] epoch 0056  train_log_mse=0.06767  val_log_mse=0.09665  val_mse=0.003712  patience=12/30
2026-10-07 15:08:49,091  gsv2.training             INFO     [random:random_seed5] epoch 0057  train_log_mse=0.05518  val_log_mse=0.06001  val_mse=0.001334  patience=13/30
2026-10-07 15:09:04,817  gsv2.training             INFO     [random:random_seed5] epoch 0058  train_log_mse=0.04862  val_log_mse=0.05049  val_mse=0.001285  patience=0/30
2026-10-07 15:09:20,786  gsv2.training             INFO     [random:random_seed5] epoch 0059  train_log_mse=0.05928  val_log_mse=0.06591  val_mse=0.003201  patience=1/30
2026-10-07 15:09:36,557  gsv2.training             INFO     [random:random_seed5] epoch 0060  train_log_mse=0.06744  val_log_mse=0.04962  val_mse=0.001164  patience=0/30
2026-10-07 15:09:52,322  gsv2.training             INFO     [random:random_seed5] epoch 0061  train_log_mse=0.03958  val_log_mse=0.05166  val_mse=0.001106  patience=1/30
2026-10-07 15:10:08,012  gsv2.training             INFO     [random:random_seed5] epoch 0062  train_log_mse=0.05571  val_log_mse=0.05340  val_mse=0.001265  patience=2/30
2026-10-07 15:10:23,414  gsv2.training             INFO     [random:random_seed5] epoch 0063  train_log_mse=0.04176  val_log_mse=0.05185  val_mse=0.001597  patience=3/30
2026-10-07 15:10:39,135  gsv2.training             INFO     [random:random_seed5] epoch 0064  train_log_mse=0.04510  val_log_mse=0.04654  val_mse=0.001109  patience=0/30
2026-10-07 15:10:54,390  gsv2.training             INFO     [random:random_seed5] epoch 0065  train_log_mse=0.04221  val_log_mse=0.06847  val_mse=0.001398  patience=1/30
2026-10-07 15:11:09,661  gsv2.training             INFO     [random:random_seed5] epoch 0066  train_log_mse=0.04654  val_log_mse=0.06066  val_mse=0.001108  patience=2/30
2026-10-07 15:11:24,756  gsv2.training             INFO     [random:random_seed5] epoch 0067  train_log_mse=0.05184  val_log_mse=0.05021  val_mse=0.001292  patience=3/30
2026-10-07 15:11:40,132  gsv2.training             INFO     [random:random_seed5] epoch 0068  train_log_mse=0.04398  val_log_mse=0.05666  val_mse=0.001456  patience=4/30
2026-10-07 15:11:55,455  gsv2.training             INFO     [random:random_seed5] epoch 0069  train_log_mse=0.04333  val_log_mse=0.05487  val_mse=0.001161  patience=5/30
2026-10-07 15:12:10,791  gsv2.training             INFO     [random:random_seed5] epoch 0070  train_log_mse=0.04357  val_log_mse=0.04870  val_mse=0.001665  patience=6/30
2026-10-07 15:12:26,086  gsv2.training             INFO     [random:random_seed5] epoch 0071  train_log_mse=0.03834  val_log_mse=0.04966  val_mse=0.000944  patience=7/30
2026-10-07 15:12:41,443  gsv2.training             INFO     [random:random_seed5] epoch 0072  train_log_mse=0.03828  val_log_mse=0.06353  val_mse=0.000918  patience=8/30
2026-10-07 15:12:56,863  gsv2.training             INFO     [random:random_seed5] epoch 0073  train_log_mse=0.06214  val_log_mse=0.05731  val_mse=0.001878  patience=9/30
2026-10-07 15:13:11,998  gsv2.training             INFO     [random:random_seed5] epoch 0074  train_log_mse=0.03690  val_log_mse=0.04524  val_mse=0.000983  patience=0/30
2026-10-07 15:13:27,195  gsv2.training             INFO     [random:random_seed5] epoch 0075  train_log_mse=0.04509  val_log_mse=0.05602  val_mse=0.001633  patience=1/30
2026-10-07 15:13:42,466  gsv2.training             INFO     [random:random_seed5] epoch 0076  train_log_mse=0.04059  val_log_mse=0.05575  val_mse=0.001589  patience=2/30
2026-10-07 15:13:57,473  gsv2.training             INFO     [random:random_seed5] epoch 0077  train_log_mse=0.03455  val_log_mse=0.07045  val_mse=0.001041  patience=3/30
2026-10-07 15:14:12,709  gsv2.training             INFO     [random:random_seed5] epoch 0078  train_log_mse=0.03896  val_log_mse=0.05274  val_mse=0.000938  patience=4/30
2026-10-07 15:14:27,717  gsv2.training             INFO     [random:random_seed5] epoch 0079  train_log_mse=0.03505  val_log_mse=0.05881  val_mse=0.000974  patience=5/30
2026-10-07 15:14:42,689  gsv2.training             INFO     [random:random_seed5] epoch 0080  train_log_mse=0.03606  val_log_mse=0.06198  val_mse=0.001046  patience=6/30
2026-10-07 15:14:57,875  gsv2.training             INFO     [random:random_seed5] epoch 0081  train_log_mse=0.03922  val_log_mse=0.07501  val_mse=0.001201  patience=7/30
2026-10-07 15:15:12,942  gsv2.training             INFO     [random:random_seed5] epoch 0082  train_log_mse=0.03440  val_log_mse=0.05442  val_mse=0.001516  patience=8/30
2026-10-07 15:15:27,979  gsv2.training             INFO     [random:random_seed5] epoch 0083  train_log_mse=0.03696  val_log_mse=0.05980  val_mse=0.001150  patience=9/30
2026-10-07 15:15:43,117  gsv2.training             INFO     [random:random_seed5] epoch 0084  train_log_mse=0.03365  val_log_mse=0.05021  val_mse=0.001186  patience=10/30
2026-10-07 15:15:58,256  gsv2.training             INFO     [random:random_seed5] epoch 0085  train_log_mse=0.03554  val_log_mse=0.04468  val_mse=0.000876  patience=0/30
2026-10-07 15:16:13,589  gsv2.training             INFO     [random:random_seed5] epoch 0086  train_log_mse=0.03872  val_log_mse=0.06366  val_mse=0.001119  patience=1/30
2026-10-07 15:16:28,849  gsv2.training             INFO     [random:random_seed5] epoch 0087  train_log_mse=0.03917  val_log_mse=0.06356  val_mse=0.001238  patience=2/30
2026-10-07 15:16:44,270  gsv2.training             INFO     [random:random_seed5] epoch 0088  train_log_mse=0.03024  val_log_mse=0.05620  val_mse=0.000787  patience=3/30
2026-10-07 15:16:59,612  gsv2.training             INFO     [random:random_seed5] epoch 0089  train_log_mse=0.03170  val_log_mse=0.05022  val_mse=0.001025  patience=4/30
2026-10-07 15:17:14,844  gsv2.training             INFO     [random:random_seed5] epoch 0090  train_log_mse=0.03278  val_log_mse=0.04811  val_mse=0.000836  patience=5/30
2026-10-07 15:17:30,039  gsv2.training             INFO     [random:random_seed5] epoch 0091  train_log_mse=0.03352  val_log_mse=0.04970  val_mse=0.001810  patience=6/30
2026-10-07 15:17:45,405  gsv2.training             INFO     [random:random_seed5] epoch 0092  train_log_mse=0.03079  val_log_mse=0.05057  val_mse=0.000946  patience=7/30
2026-10-07 15:18:00,833  gsv2.training             INFO     [random:random_seed5] epoch 0093  train_log_mse=0.02957  val_log_mse=0.04322  val_mse=0.000869  patience=0/30
2026-10-07 15:18:16,213  gsv2.training             INFO     [random:random_seed5] epoch 0094  train_log_mse=0.03409  val_log_mse=0.04190  val_mse=0.000798  patience=0/30
2026-10-07 15:18:31,643  gsv2.training             INFO     [random:random_seed5] epoch 0095  train_log_mse=0.02859  val_log_mse=0.05480  val_mse=0.001149  patience=1/30
2026-10-07 15:18:47,071  gsv2.training             INFO     [random:random_seed5] epoch 0096  train_log_mse=0.03176  val_log_mse=0.05250  val_mse=0.001151  patience=2/30
2026-10-07 15:19:02,378  gsv2.training             INFO     [random:random_seed5] epoch 0097  train_log_mse=0.04155  val_log_mse=0.04304  val_mse=0.000862  patience=3/30
2026-10-07 15:19:17,817  gsv2.training             INFO     [random:random_seed5] epoch 0098  train_log_mse=0.02844  val_log_mse=0.04476  val_mse=0.000778  patience=4/30
2026-10-07 15:19:33,139  gsv2.training             INFO     [random:random_seed5] epoch 0099  train_log_mse=0.02843  val_log_mse=0.05318  val_mse=0.000878  patience=5/30
2026-10-07 15:19:48,593  gsv2.training             INFO     [random:random_seed5] epoch 0100  train_log_mse=0.03008  val_log_mse=0.06455  val_mse=0.000835  patience=6/30
2026-10-07 15:20:04,109  gsv2.training             INFO     [random:random_seed5] epoch 0101  train_log_mse=0.02646  val_log_mse=0.04492  val_mse=0.000797  patience=7/30
2026-10-07 15:20:19,453  gsv2.training             INFO     [random:random_seed5] epoch 0102  train_log_mse=0.03577  val_log_mse=0.04955  val_mse=0.000828  patience=8/30
2026-10-07 15:20:35,137  gsv2.training             INFO     [random:random_seed5] epoch 0103  train_log_mse=0.02873  val_log_mse=0.05031  val_mse=0.001507  patience=9/30
2026-10-07 15:20:50,719  gsv2.training             INFO     [random:random_seed5] epoch 0104  train_log_mse=0.02629  val_log_mse=0.04625  val_mse=0.000702  patience=10/30
2026-10-07 15:21:06,192  gsv2.training             INFO     [random:random_seed5] epoch 0105  train_log_mse=0.02899  val_log_mse=0.04879  val_mse=0.000960  patience=11/30
2026-10-07 15:21:21,701  gsv2.training             INFO     [random:random_seed5] epoch 0106  train_log_mse=0.03030  val_log_mse=0.04228  val_mse=0.000733  patience=12/30
2026-10-07 15:21:37,048  gsv2.training             INFO     [random:random_seed5] epoch 0107  train_log_mse=0.02628  val_log_mse=0.04488  val_mse=0.001059  patience=13/30
2026-10-07 15:21:52,338  gsv2.training             INFO     [random:random_seed5] epoch 0108  train_log_mse=0.02635  val_log_mse=0.04203  val_mse=0.000807  patience=14/30
2026-10-07 15:22:07,687  gsv2.training             INFO     [random:random_seed5] epoch 0109  train_log_mse=0.02815  val_log_mse=0.04564  val_mse=0.000850  patience=15/30
2026-10-07 15:22:22,871  gsv2.training             INFO     [random:random_seed5] epoch 0110  train_log_mse=0.02698  val_log_mse=0.04305  val_mse=0.000639  patience=16/30
2026-10-07 15:22:38,165  gsv2.training             INFO     [random:random_seed5] epoch 0111  train_log_mse=0.02644  val_log_mse=0.04851  val_mse=0.000807  patience=17/30
2026-10-07 15:22:53,570  gsv2.training             INFO     [random:random_seed5] epoch 0112  train_log_mse=0.02832  val_log_mse=0.04424  val_mse=0.000637  patience=18/30
2026-10-07 15:23:08,965  gsv2.training             INFO     [random:random_seed5] epoch 0113  train_log_mse=0.02780  val_log_mse=0.04823  val_mse=0.000932  patience=19/30
2026-10-07 15:23:24,465  gsv2.training             INFO     [random:random_seed5] epoch 0114  train_log_mse=0.02566  val_log_mse=0.04431  val_mse=0.000721  patience=20/30
2026-10-07 15:23:39,774  gsv2.training             INFO     [random:random_seed5] epoch 0115  train_log_mse=0.02796  val_log_mse=0.04029  val_mse=0.000690  patience=0/30
2026-10-07 15:23:55,039  gsv2.training             INFO     [random:random_seed5] epoch 0116  train_log_mse=0.02557  val_log_mse=0.04346  val_mse=0.000636  patience=1/30
2026-10-07 15:24:10,415  gsv2.training             INFO     [random:random_seed5] epoch 0117  train_log_mse=0.02419  val_log_mse=0.04018  val_mse=0.000609  patience=0/30
2026-10-07 15:24:25,884  gsv2.training             INFO     [random:random_seed5] epoch 0118  train_log_mse=0.02599  val_log_mse=0.05093  val_mse=0.000878  patience=1/30
2026-10-07 15:24:41,468  gsv2.training             INFO     [random:random_seed5] epoch 0119  train_log_mse=0.02803  val_log_mse=0.04352  val_mse=0.000931  patience=2/30
2026-10-07 15:24:56,940  gsv2.training             INFO     [random:random_seed5] epoch 0120  train_log_mse=0.02595  val_log_mse=0.04391  val_mse=0.000606  patience=3/30
2026-10-07 15:25:12,496  gsv2.training             INFO     [random:random_seed5] epoch 0121  train_log_mse=0.02529  val_log_mse=0.12238  val_mse=0.000689  patience=4/30
2026-10-07 15:25:27,729  gsv2.training             INFO     [random:random_seed5] epoch 0122  train_log_mse=0.02861  val_log_mse=0.05767  val_mse=0.000827  patience=5/30
2026-10-07 15:25:43,496  gsv2.training             INFO     [random:random_seed5] epoch 0123  train_log_mse=0.02471  val_log_mse=0.05504  val_mse=0.000764  patience=6/30
2026-10-07 15:25:59,125  gsv2.training             INFO     [random:random_seed5] epoch 0124  train_log_mse=0.02537  val_log_mse=0.04610  val_mse=0.000849  patience=7/30
2026-10-07 15:26:14,740  gsv2.training             INFO     [random:random_seed5] epoch 0125  train_log_mse=0.02373  val_log_mse=0.04679  val_mse=0.000580  patience=8/30
2026-10-07 15:26:29,993  gsv2.training             INFO     [random:random_seed5] epoch 0126  train_log_mse=0.02416  val_log_mse=0.04508  val_mse=0.000827  patience=9/30
2026-10-07 15:26:45,759  gsv2.training             INFO     [random:random_seed5] epoch 0127  train_log_mse=0.02579  val_log_mse=0.04862  val_mse=0.000902  patience=10/30
2026-10-07 15:27:01,357  gsv2.training             INFO     [random:random_seed5] epoch 0128  train_log_mse=0.02431  val_log_mse=0.04103  val_mse=0.000682  patience=11/30
2026-10-07 15:27:17,068  gsv2.training             INFO     [random:random_seed5] epoch 0129  train_log_mse=0.02391  val_log_mse=0.04183  val_mse=0.000574  patience=12/30
2026-10-07 15:27:32,931  gsv2.training             INFO     [random:random_seed5] epoch 0130  train_log_mse=0.02324  val_log_mse=0.04447  val_mse=0.000877  patience=13/30
2026-10-07 15:27:48,553  gsv2.training             INFO     [random:random_seed5] epoch 0131  train_log_mse=0.03643  val_log_mse=0.05855  val_mse=0.000838  patience=14/30
2026-10-07 15:28:03,919  gsv2.training             INFO     [random:random_seed5] epoch 0132  train_log_mse=0.02616  val_log_mse=0.04331  val_mse=0.001258  patience=15/30
2026-10-07 15:28:19,513  gsv2.training             INFO     [random:random_seed5] epoch 0133  train_log_mse=0.02275  val_log_mse=0.04017  val_mse=0.000596  patience=0/30
2026-10-07 15:28:35,273  gsv2.training             INFO     [random:random_seed5] epoch 0134  train_log_mse=0.02216  val_log_mse=0.04291  val_mse=0.000617  patience=1/30
2026-10-07 15:28:50,701  gsv2.training             INFO     [random:random_seed5] epoch 0135  train_log_mse=0.02128  val_log_mse=0.04041  val_mse=0.000882  patience=2/30
2026-10-07 15:29:06,467  gsv2.training             INFO     [random:random_seed5] epoch 0136  train_log_mse=0.02440  val_log_mse=0.04765  val_mse=0.000787  patience=3/30
2026-10-07 15:29:22,362  gsv2.training             INFO     [random:random_seed5] epoch 0137  train_log_mse=0.02281  val_log_mse=0.05628  val_mse=0.000639  patience=4/30
2026-10-07 15:29:38,243  gsv2.training             INFO     [random:random_seed5] epoch 0138  train_log_mse=0.02334  val_log_mse=0.04290  val_mse=0.000788  patience=5/30
2026-10-07 15:29:53,922  gsv2.training             INFO     [random:random_seed5] epoch 0139  train_log_mse=0.02095  val_log_mse=0.04306  val_mse=0.000732  patience=6/30
2026-10-07 15:30:09,650  gsv2.training             INFO     [random:random_seed5] epoch 0140  train_log_mse=0.02170  val_log_mse=0.04758  val_mse=0.000631  patience=7/30
2026-10-07 15:30:25,043  gsv2.training             INFO     [random:random_seed5] epoch 0141  train_log_mse=0.02098  val_log_mse=0.04189  val_mse=0.000617  patience=8/30
2026-10-07 15:30:40,515  gsv2.training             INFO     [random:random_seed5] epoch 0142  train_log_mse=0.02091  val_log_mse=0.04882  val_mse=0.000701  patience=9/30
2026-10-07 15:30:56,058  gsv2.training             INFO     [random:random_seed5] epoch 0143  train_log_mse=0.02373  val_log_mse=0.04258  val_mse=0.000658  patience=10/30
2026-10-07 15:31:11,804  gsv2.training             INFO     [random:random_seed5] epoch 0144  train_log_mse=0.01945  val_log_mse=0.04111  val_mse=0.000791  patience=11/30
2026-10-07 15:31:27,285  gsv2.training             INFO     [random:random_seed5] epoch 0145  train_log_mse=0.02218  val_log_mse=0.04020  val_mse=0.000604  patience=12/30
2026-10-07 15:31:42,838  gsv2.training             INFO     [random:random_seed5] epoch 0146  train_log_mse=0.01989  val_log_mse=0.04569  val_mse=0.000633  patience=13/30
2026-10-07 15:31:58,157  gsv2.training             INFO     [random:random_seed5] epoch 0147  train_log_mse=0.02436  val_log_mse=0.05290  val_mse=0.000591  patience=14/30
2026-10-07 15:32:13,756  gsv2.training             INFO     [random:random_seed5] epoch 0148  train_log_mse=2.60623  val_log_mse=0.74311  val_mse=0.006674  patience=15/30
2026-10-07 15:32:29,438  gsv2.training             INFO     [random:random_seed5] epoch 0149  train_log_mse=0.25291  val_log_mse=0.12204  val_mse=0.002739  patience=16/30
2026-10-07 15:32:44,948  gsv2.training             INFO     [random:random_seed5] epoch 0150  train_log_mse=0.11853  val_log_mse=0.15825  val_mse=0.002078  patience=17/30
2026-10-07 15:33:00,436  gsv2.training             INFO     [random:random_seed5] epoch 0151  train_log_mse=0.09346  val_log_mse=0.07649  val_mse=0.002077  patience=18/30
2026-10-07 15:33:16,148  gsv2.training             INFO     [random:random_seed5] epoch 0152  train_log_mse=0.06935  val_log_mse=0.09993  val_mse=0.002003  patience=19/30
2026-10-07 15:33:31,672  gsv2.training             INFO     [random:random_seed5] epoch 0153  train_log_mse=0.06200  val_log_mse=0.07201  val_mse=0.001887  patience=20/30
2026-10-07 15:33:47,172  gsv2.training             INFO     [random:random_seed5] epoch 0154  train_log_mse=0.05894  val_log_mse=0.08605  val_mse=0.002204  patience=21/30
2026-10-07 15:34:02,890  gsv2.training             INFO     [random:random_seed5] epoch 0155  train_log_mse=0.05776  val_log_mse=0.06790  val_mse=0.001397  patience=22/30
2026-10-07 15:34:18,424  gsv2.training             INFO     [random:random_seed5] epoch 0156  train_log_mse=0.04801  val_log_mse=0.05322  val_mse=0.001341  patience=23/30
2026-10-07 15:34:34,010  gsv2.training             INFO     [random:random_seed5] epoch 0157  train_log_mse=0.05140  val_log_mse=0.10269  val_mse=0.001425  patience=24/30
2026-10-07 15:34:49,590  gsv2.training             INFO     [random:random_seed5] epoch 0158  train_log_mse=0.08918  val_log_mse=0.06193  val_mse=0.001650  patience=25/30
2026-10-07 15:35:05,141  gsv2.training             INFO     [random:random_seed5] epoch 0159  train_log_mse=0.03967  val_log_mse=0.04920  val_mse=0.001147  patience=26/30
2026-10-07 15:35:20,994  gsv2.training             INFO     [random:random_seed5] epoch 0160  train_log_mse=0.03613  val_log_mse=0.05503  val_mse=0.001114  patience=27/30
2026-10-07 15:35:36,765  gsv2.training             INFO     [random:random_seed5] epoch 0161  train_log_mse=0.03796  val_log_mse=0.05111  val_mse=0.001119  patience=28/30
2026-10-07 15:35:52,620  gsv2.training             INFO     [random:random_seed5] epoch 0162  train_log_mse=0.03742  val_log_mse=0.06441  val_mse=0.001203  patience=29/30
2026-10-07 15:36:08,358  gsv2.training             INFO     [random:random_seed5] epoch 0163  train_log_mse=0.03308  val_log_mse=0.05554  val_mse=0.001518  patience=30/30
2026-10-07 15:36:10,484  gsv2.experiment           INFO     [random_seed5] TEST  n=5117  MAE=0.0148  R2=0.9936  device-acc=0.769  regret=0.0028 (fixed 0.0092, random 0.0318)
2026-10-07 15:36:10,488  genstudy.io               INFO     Wrote /home/atudisco/pred-distr-tool/evaluations/generalization_v2/results/random_control/random_seed5/metrics.json
2026-10-07 15:36:10,517  genstudy.io               INFO     Wrote /home/atudisco/pred-distr-tool/evaluations/generalization_v2/results/random_control/random_seed5/predictions.json
2026-10-07 15:36:10,528  genstudy.io               INFO     Wrote /home/atudisco/pred-distr-tool/evaluations/generalization_v2/results/random_control/random_seed5/history.json
2026-10-07 15:36:10,560  run_experiment            INFO     random_control finished: 1 complete, 0 skipped
2026-10-07 15:43:18,045  genstudy.io               INFO     Logging to /home/atudisco/pred-distr-tool/evaluations/generalization_v2/results/random_control/run.log
2026-10-07 15:43:18,045  run_experiment            INFO     Command line: /home/atudisco/pred-distr-tool/evaluations/generalization_v2/scripts/run_experiment.py control --device-graphs /home/atudisco/pred-distr-tool/evaluations/generalization_v2/results/device_graphs.pt --families large --max-train-qubits 14 --results-dir /home/atudisco/pred-distr-tool/evaluations/generalization_v2/results
2026-10-07 15:43:18,046  gsv2.gpu                  WARNING  No CUDA device available — running on the CPU.
2026-10-07 15:43:18,046  gsv2.model                INFO     Hyper-parameters (/home/atudisco/pred-distr-tool/src/model/best_params.json + v2 defaults): {'device_hidden': 64, 'device_layers': 3, 'fusion_dim': 128, 'hidden_dim': 142, 'num_conv_wo_resnet': 3, 'num_resnet_layers': 1, 'dropout': 0.0, 'bidirectional': True, 'mlp': [512, 256, 128], 'lr': 0.001, 'readout': 'meanmaxsum'}
2026-10-07 15:43:18,055  genstudy.data             INFO     Loading graph dataset: /home/atudisco/compileCircuits/graph_dataset_expected_fidelity.pt
2026-10-07 15:43:20,669  genstudy.data             INFO     Loaded 17056 graphs
2026-10-07 15:43:20,697  genstudy.io               INFO     Wrote /home/atudisco/pred-distr-tool/evaluations/generalization_v2/results/random_control/dataset_summary.json
2026-10-07 15:43:20,773  run_experiment            INFO     [1/1] random_seed5 already done — skipping
2026-10-07 15:43:20,773  run_experiment            INFO     random_control finished: 1 complete, 0 skipped
