2026-10-08 11:32:05,971  genstudy.io               INFO     Logging to evaluations/generalization_v5/results/v5_sinkhorn_s6/leave_one_group_out/run.log
2026-10-08 11:32:05,972  run_experiment            INFO     Command line: evaluations/generalization_v3/scripts/run_experiment.py logo --model sinkhorn --balance-alpha 0 --lr 3e-4 --grad-clip 1.0 --seed 6 --families large --groups vqe --loss mixed --val-mode random --results-dir evaluations/generalization_v5/results/v5_sinkhorn_s6
2026-10-08 11:32:05,972  gsv2.gpu                  WARNING  No CUDA device available — running on the CPU.
2026-10-08 11:32:05,972  gsv3.model                INFO     Hyper-parameters (/home/atudisco/pred-distr-tool/src/model/best_params.json + v3 defaults): {'device_hidden': 64, 'device_layers': 3, 'fusion_dim': 128, 'qubit_layers': 2, 'attn_heads': 4, 'lap_pe': 8, 'cost_bias_init': -6.0, 'hidden_dim': 142, 'num_conv_wo_resnet': 3, 'num_resnet_layers': 1, 'dropout': 0.0, 'bidirectional': True, 'mlp': [512, 256, 128], 'lr': 0.001, 'readout': 'meanmaxsum'}
2026-10-08 11:32:05,985  gsv3.devices              INFO     Device graphs: node features 13 (Laplacian PE 8), physical errors True
2026-10-08 11:32:05,986  genstudy.data             INFO     Loading graph dataset: /home/atudisco/pred-distr-tool/evaluations/generalization_v3/data/graph_dataset_expected_fidelity.pt
2026-10-08 11:32:05,993  genstudy.io               INFO     Logging to evaluations/generalization_v5/results/v5_sinkhorn_s6/leave_one_group_out/run.log
2026-10-08 11:32:05,994  run_experiment            INFO     Command line: evaluations/generalization_v3/scripts/run_experiment.py logo --model sinkhorn --balance-alpha 0 --lr 3e-4 --grad-clip 1.0 --seed 6 --families large --groups fourier --loss mixed --val-mode random --results-dir evaluations/generalization_v5/results/v5_sinkhorn_s6
2026-10-08 11:32:05,994  gsv2.gpu                  WARNING  No CUDA device available — running on the CPU.
2026-10-08 11:32:05,994  gsv3.model                INFO     Hyper-parameters (/home/atudisco/pred-distr-tool/src/model/best_params.json + v3 defaults): {'device_hidden': 64, 'device_layers': 3, 'fusion_dim': 128, 'qubit_layers': 2, 'attn_heads': 4, 'lap_pe': 8, 'cost_bias_init': -6.0, 'hidden_dim': 142, 'num_conv_wo_resnet': 3, 'num_resnet_layers': 1, 'dropout': 0.0, 'bidirectional': True, 'mlp': [512, 256, 128], 'lr': 0.001, 'readout': 'meanmaxsum'}
2026-10-08 11:32:06,006  gsv3.devices              INFO     Device graphs: node features 13 (Laplacian PE 8), physical errors True
2026-10-08 11:32:06,008  genstudy.data             INFO     Loading graph dataset: /home/atudisco/pred-distr-tool/evaluations/generalization_v3/data/graph_dataset_expected_fidelity.pt
2026-10-08 11:32:06,008  genstudy.io               INFO     Logging to evaluations/generalization_v5/results/v5_sinkhorn_s6/leave_one_group_out/run.log
2026-10-08 11:32:06,008  run_experiment            INFO     Command line: evaluations/generalization_v3/scripts/run_experiment.py logo --model sinkhorn --balance-alpha 0 --lr 3e-4 --grad-clip 1.0 --seed 6 --families large --groups variational --loss mixed --val-mode random --results-dir evaluations/generalization_v5/results/v5_sinkhorn_s6
2026-10-08 11:32:06,008  gsv2.gpu                  WARNING  No CUDA device available — running on the CPU.
2026-10-08 11:32:06,009  gsv3.model                INFO     Hyper-parameters (/home/atudisco/pred-distr-tool/src/model/best_params.json + v3 defaults): {'device_hidden': 64, 'device_layers': 3, 'fusion_dim': 128, 'qubit_layers': 2, 'attn_heads': 4, 'lap_pe': 8, 'cost_bias_init': -6.0, 'hidden_dim': 142, 'num_conv_wo_resnet': 3, 'num_resnet_layers': 1, 'dropout': 0.0, 'bidirectional': True, 'mlp': [512, 256, 128], 'lr': 0.001, 'readout': 'meanmaxsum'}
2026-10-08 11:32:06,021  gsv3.devices              INFO     Device graphs: node features 13 (Laplacian PE 8), physical errors True
2026-10-08 11:32:06,021  genstudy.data             INFO     Loading graph dataset: /home/atudisco/pred-distr-tool/evaluations/generalization_v3/data/graph_dataset_expected_fidelity.pt
2026-10-08 11:32:09,346  genstudy.data             INFO     Loaded 17056 graphs
2026-10-08 11:32:09,346  genstudy.data             INFO     Loaded 17056 graphs
2026-10-08 11:32:09,376  genstudy.io               INFO     Wrote evaluations/generalization_v5/results/v5_sinkhorn_s6/leave_one_group_out/dataset_summary.json
2026-10-08 11:32:09,378  run_experiment            INFO     [1/1] fourier
2026-10-08 11:32:09,380  gsv3.experiment           INFO     === group_holdout / fourier ===
2026-10-08 11:32:09,381  gsv3.experiment           INFO     Leave-one-group-out: test = all 2904 circuits of group 'fourier' (ae, draper_qft_adder, dynamic_qft, iqpe, qft, qftentangled, qpeexact, qpeinexact, rg_qft_multiplier), train = 14152 circuits from the other 26 families.
2026-10-08 11:32:09,381  gsv3.experiment           INFO     train=11322  val=2830 ({'mode': 'random'})  test=2904
2026-10-08 11:32:09,432  genstudy.data             INFO     Loaded 17056 graphs
2026-10-08 11:32:09,451  gsv3.training             INFO     [group_holdout:fourier] model=sinkhorn (979423 params) train=11322 val=2830 lr=0.0003 clip=1.0 alpha=0.00
2026-10-08 11:32:09,459  genstudy.io               INFO     Wrote evaluations/generalization_v5/results/v5_sinkhorn_s6/leave_one_group_out/dataset_summary.json
2026-10-08 11:32:09,461  run_experiment            INFO     [1/1] variational
2026-10-08 11:32:09,464  gsv3.experiment           INFO     === group_holdout / variational ===
2026-10-08 11:32:09,464  gsv3.experiment           INFO     Leave-one-group-out: test = all 9928 circuits of group 'variational' (qnn, vqe_real_amp, vqe_su2, vqe_two_local), train = 7128 circuits from the other 31 families.
2026-10-08 11:32:09,464  gsv3.experiment           INFO     train=5702  val=1426 ({'mode': 'random'})  test=9928
2026-10-08 11:32:09,480  genstudy.io               INFO     Wrote evaluations/generalization_v5/results/v5_sinkhorn_s6/leave_one_group_out/dataset_summary.json
2026-10-08 11:32:09,482  run_experiment            INFO     [1/1] vqe
2026-10-08 11:32:09,485  gsv3.experiment           INFO     === group_holdout / vqe ===
2026-10-08 11:32:09,485  gsv3.experiment           INFO     Leave-one-group-out: test = all 9168 circuits of group 'vqe' (vqe_real_amp, vqe_su2, vqe_two_local), train = 7888 circuits from the other 32 families.
2026-10-08 11:32:09,486  gsv3.experiment           INFO     train=6310  val=1578 ({'mode': 'random'})  test=9168
2026-10-08 11:32:09,540  gsv3.training             INFO     [group_holdout:variational] model=sinkhorn (979423 params) train=5702 val=1426 lr=0.0003 clip=1.0 alpha=0.00
2026-10-08 11:32:09,565  gsv3.training             INFO     [group_holdout:vqe] model=sinkhorn (979423 params) train=6310 val=1578 lr=0.0003 clip=1.0 alpha=0.00
2026-10-08 11:33:06,927  gsv3.training             INFO     [group_holdout:variational] epoch 0001  train_log_mse=0.47621  val_log_mse=0.76256  val_mse=0.005508  max_grad=629.13  patience=0/30
2026-10-08 11:33:08,460  gsv3.training             INFO     [group_holdout:vqe] epoch 0001  train_log_mse=0.68092  val_log_mse=1.23995  val_mse=0.003109  max_grad=5189.58  patience=0/30
2026-10-08 11:33:38,717  gsv3.training             INFO     [group_holdout:fourier] epoch 0001  train_log_mse=0.22196  val_log_mse=0.29039  val_mse=0.002081  max_grad=309.00  patience=0/30
2026-10-08 11:34:04,512  gsv3.training             INFO     [group_holdout:variational] epoch 0002  train_log_mse=0.05516  val_log_mse=0.27107  val_mse=0.002451  max_grad=8.61  patience=0/30
2026-10-08 11:34:07,444  gsv3.training             INFO     [group_holdout:vqe] epoch 0002  train_log_mse=0.05055  val_log_mse=0.31029  val_mse=0.001839  max_grad=14.55  patience=0/30
2026-10-08 11:35:02,187  gsv3.training             INFO     [group_holdout:variational] epoch 0003  train_log_mse=0.02835  val_log_mse=0.21227  val_mse=0.001313  max_grad=10.12  patience=0/30
2026-10-08 11:35:06,259  gsv3.training             INFO     [group_holdout:vqe] epoch 0003  train_log_mse=0.02572  val_log_mse=0.19387  val_mse=0.001109  max_grad=5.73  patience=0/30
2026-10-08 11:35:07,531  gsv3.training             INFO     [group_holdout:fourier] epoch 0002  train_log_mse=0.02822  val_log_mse=0.16609  val_mse=0.001480  max_grad=19.84  patience=0/30
2026-10-08 11:35:59,768  gsv3.training             INFO     [group_holdout:variational] epoch 0004  train_log_mse=0.02094  val_log_mse=0.22127  val_mse=0.001317  max_grad=18.78  patience=1/30
2026-10-08 11:36:04,798  gsv3.training             INFO     [group_holdout:vqe] epoch 0004  train_log_mse=0.01995  val_log_mse=0.31247  val_mse=0.000956  max_grad=5.46  patience=0/30
2026-10-08 11:36:36,358  gsv3.training             INFO     [group_holdout:fourier] epoch 0003  train_log_mse=0.01724  val_log_mse=0.11959  val_mse=0.001172  max_grad=6.99  patience=0/30
2026-10-08 11:36:57,710  gsv3.training             INFO     [group_holdout:variational] epoch 0005  train_log_mse=0.02109  val_log_mse=0.16122  val_mse=0.001571  max_grad=4.44  patience=2/30
2026-10-08 11:37:03,699  gsv3.training             INFO     [group_holdout:vqe] epoch 0005  train_log_mse=0.01593  val_log_mse=0.21440  val_mse=0.001279  max_grad=3.43  patience=1/30
2026-10-08 11:37:55,304  gsv3.training             INFO     [group_holdout:variational] epoch 0006  train_log_mse=0.01664  val_log_mse=0.16574  val_mse=0.001041  max_grad=1.71  patience=0/30
2026-10-08 11:38:02,589  gsv3.training             INFO     [group_holdout:vqe] epoch 0006  train_log_mse=0.01181  val_log_mse=0.10892  val_mse=0.000825  max_grad=2.53  patience=0/30
2026-10-08 11:38:05,127  gsv3.training             INFO     [group_holdout:fourier] epoch 0004  train_log_mse=0.01300  val_log_mse=0.14475  val_mse=0.001364  max_grad=7.28  patience=1/30
2026-10-08 11:38:53,118  gsv3.training             INFO     [group_holdout:variational] epoch 0007  train_log_mse=0.01496  val_log_mse=0.17560  val_mse=0.000901  max_grad=5.31  patience=0/30
2026-10-08 11:39:01,689  gsv3.training             INFO     [group_holdout:vqe] epoch 0007  train_log_mse=0.01033  val_log_mse=0.08407  val_mse=0.000827  max_grad=1.73  patience=1/30
2026-10-08 11:39:35,404  gsv3.training             INFO     [group_holdout:fourier] epoch 0005  train_log_mse=0.01243  val_log_mse=0.12542  val_mse=0.001347  max_grad=8.86  patience=2/30
2026-10-08 11:39:51,438  gsv3.training             INFO     [group_holdout:variational] epoch 0008  train_log_mse=0.01352  val_log_mse=0.12088  val_mse=0.000701  max_grad=4.07  patience=0/30
2026-10-08 11:40:00,601  gsv3.training             INFO     [group_holdout:vqe] epoch 0008  train_log_mse=0.01153  val_log_mse=0.14762  val_mse=0.000880  max_grad=3.17  patience=2/30
2026-10-08 11:40:48,973  gsv3.training             INFO     [group_holdout:variational] epoch 0009  train_log_mse=0.01099  val_log_mse=0.12963  val_mse=0.000782  max_grad=1.29  patience=1/30
2026-10-08 11:40:59,855  gsv3.training             INFO     [group_holdout:vqe] epoch 0009  train_log_mse=0.01215  val_log_mse=0.09918  val_mse=0.000824  max_grad=2.86  patience=0/30
2026-10-08 11:41:04,872  gsv3.training             INFO     [group_holdout:fourier] epoch 0006  train_log_mse=0.01116  val_log_mse=0.06871  val_mse=0.000830  max_grad=2.43  patience=0/30
2026-10-08 11:41:46,380  gsv3.training             INFO     [group_holdout:variational] epoch 0010  train_log_mse=0.01126  val_log_mse=0.12895  val_mse=0.000816  max_grad=4.84  patience=2/30
2026-10-08 11:41:59,297  gsv3.training             INFO     [group_holdout:vqe] epoch 0010  train_log_mse=0.00765  val_log_mse=0.09203  val_mse=0.000823  max_grad=1.43  patience=0/30
2026-10-08 11:42:33,842  gsv3.training             INFO     [group_holdout:fourier] epoch 0007  train_log_mse=0.00848  val_log_mse=0.06329  val_mse=0.000762  max_grad=2.10  patience=0/30
2026-10-08 11:42:43,884  gsv3.training             INFO     [group_holdout:variational] epoch 0011  train_log_mse=0.01174  val_log_mse=0.25578  val_mse=0.000642  max_grad=1.59  patience=0/30
2026-10-08 11:42:58,627  gsv3.training             INFO     [group_holdout:vqe] epoch 0011  train_log_mse=0.00711  val_log_mse=0.08712  val_mse=0.000639  max_grad=1.16  patience=0/30
2026-10-08 11:43:40,925  gsv3.training             INFO     [group_holdout:variational] epoch 0012  train_log_mse=0.01077  val_log_mse=0.10686  val_mse=0.000708  max_grad=1.39  patience=1/30
2026-10-08 11:43:57,612  gsv3.training             INFO     [group_holdout:vqe] epoch 0012  train_log_mse=0.00898  val_log_mse=0.09491  val_mse=0.001016  max_grad=1.30  patience=1/30
2026-10-08 11:44:02,954  gsv3.training             INFO     [group_holdout:fourier] epoch 0008  train_log_mse=0.00774  val_log_mse=0.06547  val_mse=0.000849  max_grad=5.50  patience=1/30
2026-10-08 11:44:38,354  gsv3.training             INFO     [group_holdout:variational] epoch 0013  train_log_mse=0.00834  val_log_mse=0.13772  val_mse=0.000656  max_grad=1.63  patience=2/30
2026-10-08 11:44:56,490  gsv3.training             INFO     [group_holdout:vqe] epoch 0013  train_log_mse=0.00908  val_log_mse=0.09342  val_mse=0.000834  max_grad=4.34  patience=2/30
2026-10-08 11:45:31,846  gsv3.training             INFO     [group_holdout:fourier] epoch 0009  train_log_mse=0.00737  val_log_mse=0.07987  val_mse=0.000751  max_grad=0.99  patience=0/30
2026-10-08 11:45:35,463  gsv3.training             INFO     [group_holdout:variational] epoch 0014  train_log_mse=0.00866  val_log_mse=0.09818  val_mse=0.000566  max_grad=2.14  patience=0/30
2026-10-08 11:45:55,257  gsv3.training             INFO     [group_holdout:vqe] epoch 0014  train_log_mse=0.00766  val_log_mse=0.08065  val_mse=0.000527  max_grad=1.20  patience=0/30
2026-10-08 11:46:32,648  gsv3.training             INFO     [group_holdout:variational] epoch 0015  train_log_mse=0.00858  val_log_mse=0.10961  val_mse=0.000615  max_grad=0.83  patience=1/30
2026-10-08 11:46:54,291  gsv3.training             INFO     [group_holdout:vqe] epoch 0015  train_log_mse=0.00676  val_log_mse=0.07379  val_mse=0.000519  max_grad=1.34  patience=0/30
2026-10-08 11:47:00,803  gsv3.training             INFO     [group_holdout:fourier] epoch 0010  train_log_mse=0.00853  val_log_mse=0.09641  val_mse=0.001052  max_grad=2.42  patience=1/30
2026-10-08 11:47:29,825  gsv3.training             INFO     [group_holdout:variational] epoch 0016  train_log_mse=0.01000  val_log_mse=0.11605  val_mse=0.000685  max_grad=2.31  patience=2/30
2026-10-08 11:47:53,388  gsv3.training             INFO     [group_holdout:vqe] epoch 0016  train_log_mse=0.00628  val_log_mse=0.07743  val_mse=0.000479  max_grad=0.76  patience=0/30
2026-10-08 11:48:27,361  gsv3.training             INFO     [group_holdout:variational] epoch 0017  train_log_mse=0.00828  val_log_mse=0.10906  val_mse=0.000682  max_grad=1.08  patience=3/30
2026-10-08 11:48:29,583  gsv3.training             INFO     [group_holdout:fourier] epoch 0011  train_log_mse=0.00729  val_log_mse=0.10792  val_mse=0.000867  max_grad=3.92  patience=2/30
2026-10-08 11:48:52,456  gsv3.training             INFO     [group_holdout:vqe] epoch 0017  train_log_mse=0.00704  val_log_mse=0.08455  val_mse=0.000399  max_grad=1.20  patience=0/30
2026-10-08 11:49:24,724  gsv3.training             INFO     [group_holdout:variational] epoch 0018  train_log_mse=0.00715  val_log_mse=0.07281  val_mse=0.000572  max_grad=0.72  patience=4/30
2026-10-08 11:49:51,421  gsv3.training             INFO     [group_holdout:vqe] epoch 0018  train_log_mse=0.00535  val_log_mse=0.07751  val_mse=0.000472  max_grad=0.83  patience=1/30
2026-10-08 11:49:58,019  gsv3.training             INFO     [group_holdout:fourier] epoch 0012  train_log_mse=0.00716  val_log_mse=0.05281  val_mse=0.000692  max_grad=1.33  patience=0/30
2026-10-08 11:50:22,688  gsv3.training             INFO     [group_holdout:variational] epoch 0019  train_log_mse=0.00806  val_log_mse=0.08297  val_mse=0.000578  max_grad=1.07  patience=5/30
2026-10-08 11:50:50,654  gsv3.training             INFO     [group_holdout:vqe] epoch 0019  train_log_mse=0.00643  val_log_mse=0.08133  val_mse=0.000582  max_grad=0.93  patience=2/30
2026-10-08 11:51:20,044  gsv3.training             INFO     [group_holdout:variational] epoch 0020  train_log_mse=0.00634  val_log_mse=0.08444  val_mse=0.000601  max_grad=0.70  patience=6/30
2026-10-08 11:51:26,793  gsv3.training             INFO     [group_holdout:fourier] epoch 0013  train_log_mse=0.00709  val_log_mse=0.06341  val_mse=0.000660  max_grad=1.86  patience=0/30
2026-10-08 11:51:49,197  gsv3.training             INFO     [group_holdout:vqe] epoch 0020  train_log_mse=0.00551  val_log_mse=0.08266  val_mse=0.000542  max_grad=0.68  patience=3/30
2026-10-08 11:52:17,985  gsv3.training             INFO     [group_holdout:variational] epoch 0021  train_log_mse=0.00770  val_log_mse=0.07953  val_mse=0.000674  max_grad=0.76  patience=7/30
2026-10-08 11:52:48,262  gsv3.training             INFO     [group_holdout:vqe] epoch 0021  train_log_mse=0.00779  val_log_mse=0.11357  val_mse=0.000680  max_grad=3.63  patience=4/30
2026-10-08 11:52:55,829  gsv3.training             INFO     [group_holdout:fourier] epoch 0014  train_log_mse=0.00563  val_log_mse=0.06506  val_mse=0.000986  max_grad=0.89  patience=1/30
2026-10-08 11:53:15,783  gsv3.training             INFO     [group_holdout:variational] epoch 0022  train_log_mse=0.00609  val_log_mse=0.07610  val_mse=0.000533  max_grad=0.51  patience=0/30
2026-10-08 11:53:47,530  gsv3.training             INFO     [group_holdout:vqe] epoch 0022  train_log_mse=0.00862  val_log_mse=0.07182  val_mse=0.000448  max_grad=2.01  patience=5/30
2026-10-08 11:54:13,736  gsv3.training             INFO     [group_holdout:variational] epoch 0023  train_log_mse=0.00603  val_log_mse=0.07762  val_mse=0.000551  max_grad=0.64  patience=1/30
2026-10-08 11:54:24,545  gsv3.training             INFO     [group_holdout:fourier] epoch 0015  train_log_mse=0.00540  val_log_mse=0.05506  val_mse=0.000671  max_grad=0.87  patience=2/30
2026-10-08 11:54:46,611  gsv3.training             INFO     [group_holdout:vqe] epoch 0023  train_log_mse=0.00538  val_log_mse=0.08885  val_mse=0.000508  max_grad=0.69  patience=6/30
2026-10-08 11:55:11,344  gsv3.training             INFO     [group_holdout:variational] epoch 0024  train_log_mse=0.00725  val_log_mse=0.11582  val_mse=0.000995  max_grad=2.63  patience=2/30
2026-10-08 11:55:45,578  gsv3.training             INFO     [group_holdout:vqe] epoch 0024  train_log_mse=0.00563  val_log_mse=0.09921  val_mse=0.000475  max_grad=0.95  patience=7/30
2026-10-08 11:55:53,246  gsv3.training             INFO     [group_holdout:fourier] epoch 0016  train_log_mse=0.00657  val_log_mse=0.09115  val_mse=0.000986  max_grad=1.44  patience=3/30
2026-10-08 11:56:08,502  gsv3.training             INFO     [group_holdout:variational] epoch 0025  train_log_mse=0.00831  val_log_mse=0.08475  val_mse=0.000568  max_grad=0.75  patience=3/30
2026-10-08 11:56:44,669  gsv3.training             INFO     [group_holdout:vqe] epoch 0025  train_log_mse=0.00617  val_log_mse=0.06445  val_mse=0.000436  max_grad=0.82  patience=8/30
2026-10-08 11:57:06,012  gsv3.training             INFO     [group_holdout:variational] epoch 0026  train_log_mse=0.00668  val_log_mse=0.10175  val_mse=0.000655  max_grad=0.75  patience=4/30
2026-10-08 11:57:21,944  gsv3.training             INFO     [group_holdout:fourier] epoch 0017  train_log_mse=0.00573  val_log_mse=0.04977  val_mse=0.000626  max_grad=0.63  patience=0/30
2026-10-08 11:57:43,952  gsv3.training             INFO     [group_holdout:vqe] epoch 0026  train_log_mse=0.00522  val_log_mse=0.12731  val_mse=0.000585  max_grad=0.82  patience=9/30
2026-10-08 11:58:03,574  gsv3.training             INFO     [group_holdout:variational] epoch 0027  train_log_mse=0.00690  val_log_mse=0.07723  val_mse=0.000586  max_grad=1.34  patience=5/30
2026-10-08 11:58:43,030  gsv3.training             INFO     [group_holdout:vqe] epoch 0027  train_log_mse=0.00821  val_log_mse=0.07908  val_mse=0.000460  max_grad=1.17  patience=10/30
2026-10-08 11:58:50,570  gsv3.training             INFO     [group_holdout:fourier] epoch 0018  train_log_mse=0.00509  val_log_mse=0.04760  val_mse=0.000581  max_grad=0.75  patience=0/30
2026-10-08 11:59:01,326  gsv3.training             INFO     [group_holdout:variational] epoch 0028  train_log_mse=0.00618  val_log_mse=0.12467  val_mse=0.000753  max_grad=0.78  patience=6/30
2026-10-08 11:59:41,968  gsv3.training             INFO     [group_holdout:vqe] epoch 0028  train_log_mse=0.00623  val_log_mse=0.08051  val_mse=0.000414  max_grad=0.68  patience=11/30
2026-10-08 11:59:58,899  gsv3.training             INFO     [group_holdout:variational] epoch 0029  train_log_mse=0.00668  val_log_mse=0.08420  val_mse=0.000524  max_grad=1.08  patience=0/30
2026-10-08 12:00:19,196  gsv3.training             INFO     [group_holdout:fourier] epoch 0019  train_log_mse=0.00501  val_log_mse=0.06566  val_mse=0.000564  max_grad=1.11  patience=0/30
2026-10-08 12:00:40,895  gsv3.training             INFO     [group_holdout:vqe] epoch 0029  train_log_mse=0.00544  val_log_mse=0.08982  val_mse=0.000552  max_grad=0.99  patience=12/30
2026-10-08 12:00:56,534  gsv3.training             INFO     [group_holdout:variational] epoch 0030  train_log_mse=0.00715  val_log_mse=0.10801  val_mse=0.000557  max_grad=0.92  patience=1/30
2026-10-08 12:01:39,874  gsv3.training             INFO     [group_holdout:vqe] epoch 0030  train_log_mse=0.00542  val_log_mse=0.06572  val_mse=0.000440  max_grad=0.69  patience=13/30
2026-10-08 12:01:47,465  gsv3.training             INFO     [group_holdout:fourier] epoch 0020  train_log_mse=0.00513  val_log_mse=0.05758  val_mse=0.000870  max_grad=0.57  patience=1/30
2026-10-08 12:01:54,223  gsv3.training             INFO     [group_holdout:variational] epoch 0031  train_log_mse=0.00796  val_log_mse=0.08987  val_mse=0.000588  max_grad=1.17  patience=2/30
2026-10-08 12:02:38,852  gsv3.training             INFO     [group_holdout:vqe] epoch 0031  train_log_mse=0.00565  val_log_mse=0.14704  val_mse=0.000527  max_grad=1.99  patience=14/30
2026-10-08 12:02:51,602  gsv3.training             INFO     [group_holdout:variational] epoch 0032  train_log_mse=0.00629  val_log_mse=0.08020  val_mse=0.000549  max_grad=0.84  patience=3/30
2026-10-08 12:03:16,293  gsv3.training             INFO     [group_holdout:fourier] epoch 0021  train_log_mse=0.00478  val_log_mse=0.06298  val_mse=0.000551  max_grad=0.50  patience=0/30
2026-10-08 12:03:37,749  gsv3.training             INFO     [group_holdout:vqe] epoch 0032  train_log_mse=0.00595  val_log_mse=0.07428  val_mse=0.000517  max_grad=0.89  patience=15/30
2026-10-08 12:03:49,211  gsv3.training             INFO     [group_holdout:variational] epoch 0033  train_log_mse=0.00695  val_log_mse=0.07503  val_mse=0.000500  max_grad=0.92  patience=0/30
2026-10-08 12:04:36,512  gsv3.training             INFO     [group_holdout:vqe] epoch 0033  train_log_mse=0.00573  val_log_mse=0.07079  val_mse=0.000397  max_grad=0.96  patience=0/30
2026-10-08 12:04:45,378  gsv3.training             INFO     [group_holdout:fourier] epoch 0022  train_log_mse=0.00452  val_log_mse=0.04812  val_mse=0.000510  max_grad=1.03  patience=0/30
2026-10-08 12:04:46,681  gsv3.training             INFO     [group_holdout:variational] epoch 0034  train_log_mse=0.00575  val_log_mse=0.07765  val_mse=0.000490  max_grad=0.70  patience=0/30
2026-10-08 12:05:35,605  gsv3.training             INFO     [group_holdout:vqe] epoch 0034  train_log_mse=0.00629  val_log_mse=0.10734  val_mse=0.000504  max_grad=5.84  patience=1/30
2026-10-08 12:05:44,080  gsv3.training             INFO     [group_holdout:variational] epoch 0035  train_log_mse=0.00554  val_log_mse=0.11190  val_mse=0.000768  max_grad=0.55  patience=1/30
2026-10-08 12:06:14,076  gsv3.training             INFO     [group_holdout:fourier] epoch 0023  train_log_mse=0.00521  val_log_mse=0.05163  val_mse=0.000503  max_grad=1.36  patience=0/30
2026-10-08 12:06:34,976  gsv3.training             INFO     [group_holdout:vqe] epoch 0035  train_log_mse=0.00596  val_log_mse=0.07032  val_mse=0.000395  max_grad=0.80  patience=0/30
2026-10-08 12:06:41,464  gsv3.training             INFO     [group_holdout:variational] epoch 0036  train_log_mse=0.00620  val_log_mse=0.09454  val_mse=0.000521  max_grad=0.52  patience=2/30
2026-10-08 12:07:34,520  gsv3.training             INFO     [group_holdout:vqe] epoch 0036  train_log_mse=0.00615  val_log_mse=0.09245  val_mse=0.000477  max_grad=1.26  patience=1/30
2026-10-08 12:07:39,016  gsv3.training             INFO     [group_holdout:variational] epoch 0037  train_log_mse=0.00555  val_log_mse=0.08902  val_mse=0.000540  max_grad=0.69  patience=3/30
2026-10-08 12:07:43,387  gsv3.training             INFO     [group_holdout:fourier] epoch 0024  train_log_mse=0.00564  val_log_mse=0.04827  val_mse=0.000480  max_grad=0.98  patience=0/30
2026-10-08 12:08:34,335  gsv3.training             INFO     [group_holdout:vqe] epoch 0037  train_log_mse=0.00486  val_log_mse=0.06071  val_mse=0.000353  max_grad=0.48  patience=0/30
2026-10-08 12:08:36,556  gsv3.training             INFO     [group_holdout:variational] epoch 0038  train_log_mse=0.00523  val_log_mse=0.08812  val_mse=0.000571  max_grad=0.35  patience=4/30
2026-10-08 12:09:12,779  gsv3.training             INFO     [group_holdout:fourier] epoch 0025  train_log_mse=0.00423  val_log_mse=0.04641  val_mse=0.000587  max_grad=0.82  patience=1/30
2026-10-08 12:09:34,467  gsv3.training             INFO     [group_holdout:vqe] epoch 0038  train_log_mse=0.00472  val_log_mse=0.09154  val_mse=0.000388  max_grad=0.56  patience=1/30
2026-10-08 12:09:34,535  gsv3.training             INFO     [group_holdout:variational] epoch 0039  train_log_mse=0.00493  val_log_mse=0.06721  val_mse=0.000550  max_grad=0.39  patience=5/30
2026-10-08 12:10:33,704  gsv3.training             INFO     [group_holdout:vqe] epoch 0039  train_log_mse=0.00897  val_log_mse=0.07965  val_mse=0.000448  max_grad=1.57  patience=2/30
2026-10-08 12:10:33,853  gsv3.training             INFO     [group_holdout:variational] epoch 0040  train_log_mse=0.00528  val_log_mse=0.08180  val_mse=0.000636  max_grad=0.56  patience=6/30
2026-10-08 12:10:42,055  gsv3.training             INFO     [group_holdout:fourier] epoch 0026  train_log_mse=0.00404  val_log_mse=0.05323  val_mse=0.000757  max_grad=0.54  patience=2/30
2026-10-08 12:11:31,225  gsv3.training             INFO     [group_holdout:variational] epoch 0041  train_log_mse=0.00553  val_log_mse=0.07408  val_mse=0.000497  max_grad=0.73  patience=7/30
2026-10-08 12:11:33,082  gsv3.training             INFO     [group_holdout:vqe] epoch 0040  train_log_mse=0.00480  val_log_mse=0.06338  val_mse=0.000356  max_grad=0.54  patience=3/30
2026-10-08 12:12:10,903  gsv3.training             INFO     [group_holdout:fourier] epoch 0027  train_log_mse=0.00430  val_log_mse=0.05322  val_mse=0.000584  max_grad=0.76  patience=3/30
2026-10-08 12:12:28,995  gsv3.training             INFO     [group_holdout:variational] epoch 0042  train_log_mse=0.00521  val_log_mse=0.06520  val_mse=0.000516  max_grad=0.47  patience=8/30
2026-10-08 12:12:32,558  gsv3.training             INFO     [group_holdout:vqe] epoch 0041  train_log_mse=0.00434  val_log_mse=0.06568  val_mse=0.000358  max_grad=0.51  patience=4/30
2026-10-08 12:13:26,479  gsv3.training             INFO     [group_holdout:variational] epoch 0043  train_log_mse=0.00525  val_log_mse=0.08445  val_mse=0.000525  max_grad=0.54  patience=9/30
2026-10-08 12:13:31,758  gsv3.training             INFO     [group_holdout:vqe] epoch 0042  train_log_mse=0.00413  val_log_mse=0.09951  val_mse=0.000431  max_grad=0.62  patience=5/30
2026-10-08 12:13:40,274  gsv3.training             INFO     [group_holdout:fourier] epoch 0028  train_log_mse=0.00410  val_log_mse=0.04817  val_mse=0.000492  max_grad=0.46  patience=4/30
2026-10-08 12:14:23,703  gsv3.training             INFO     [group_holdout:variational] epoch 0044  train_log_mse=0.00504  val_log_mse=0.07103  val_mse=0.000493  max_grad=0.57  patience=10/30
2026-10-08 12:14:31,113  gsv3.training             INFO     [group_holdout:vqe] epoch 0043  train_log_mse=0.00524  val_log_mse=0.06911  val_mse=0.000371  max_grad=0.78  patience=6/30
2026-10-08 12:15:09,052  gsv3.training             INFO     [group_holdout:fourier] epoch 0029  train_log_mse=0.00351  val_log_mse=0.04562  val_mse=0.000474  max_grad=0.59  patience=0/30
2026-10-08 12:15:20,906  gsv3.training             INFO     [group_holdout:variational] epoch 0045  train_log_mse=0.00564  val_log_mse=0.06926  val_mse=0.000614  max_grad=0.51  patience=11/30
2026-10-08 12:15:30,649  gsv3.training             INFO     [group_holdout:vqe] epoch 0044  train_log_mse=0.00454  val_log_mse=0.07259  val_mse=0.000417  max_grad=0.47  patience=7/30
2026-10-08 12:16:18,055  gsv3.training             INFO     [group_holdout:variational] epoch 0046  train_log_mse=0.00846  val_log_mse=0.10776  val_mse=0.000484  max_grad=2.22  patience=0/30
2026-10-08 12:16:30,002  gsv3.training             INFO     [group_holdout:vqe] epoch 0045  train_log_mse=0.00458  val_log_mse=0.07688  val_mse=0.000371  max_grad=0.57  patience=8/30
2026-10-08 12:16:37,870  gsv3.training             INFO     [group_holdout:fourier] epoch 0030  train_log_mse=0.00415  val_log_mse=0.04839  val_mse=0.000458  max_grad=0.56  patience=0/30
2026-10-08 12:17:15,476  gsv3.training             INFO     [group_holdout:variational] epoch 0047  train_log_mse=0.03668  val_log_mse=0.14095  val_mse=0.000799  max_grad=62.83  patience=1/30
2026-10-08 12:17:29,382  gsv3.training             INFO     [group_holdout:vqe] epoch 0046  train_log_mse=0.00419  val_log_mse=0.08702  val_mse=0.000443  max_grad=0.53  patience=9/30
2026-10-08 12:18:06,748  gsv3.training             INFO     [group_holdout:fourier] epoch 0031  train_log_mse=0.00384  val_log_mse=0.05919  val_mse=0.000755  max_grad=0.49  patience=1/30
2026-10-08 12:18:12,805  gsv3.training             INFO     [group_holdout:variational] epoch 0048  train_log_mse=0.01041  val_log_mse=0.08561  val_mse=0.000575  max_grad=1.86  patience=2/30
2026-10-08 12:18:28,473  gsv3.training             INFO     [group_holdout:vqe] epoch 0047  train_log_mse=0.00416  val_log_mse=0.06721  val_mse=0.000414  max_grad=0.43  patience=10/30
2026-10-08 12:19:10,434  gsv3.training             INFO     [group_holdout:variational] epoch 0049  train_log_mse=0.00671  val_log_mse=0.07233  val_mse=0.000559  max_grad=0.64  patience=3/30
2026-10-08 12:19:28,029  gsv3.training             INFO     [group_holdout:vqe] epoch 0048  train_log_mse=0.00447  val_log_mse=0.06946  val_mse=0.000433  max_grad=0.38  patience=11/30
2026-10-08 12:19:35,851  gsv3.training             INFO     [group_holdout:fourier] epoch 0032  train_log_mse=0.00342  val_log_mse=0.05026  val_mse=0.000471  max_grad=0.38  patience=2/30
2026-10-08 12:20:07,711  gsv3.training             INFO     [group_holdout:variational] epoch 0050  train_log_mse=0.00678  val_log_mse=0.09086  val_mse=0.000546  max_grad=0.62  patience=4/30
2026-10-08 12:20:27,080  gsv3.training             INFO     [group_holdout:vqe] epoch 0049  train_log_mse=0.00446  val_log_mse=0.06049  val_mse=0.000382  max_grad=0.69  patience=12/30
2026-10-08 12:21:03,699  gsv3.training             INFO     [group_holdout:fourier] epoch 0033  train_log_mse=0.00345  val_log_mse=0.03976  val_mse=0.000457  max_grad=0.41  patience=0/30
2026-10-08 12:21:04,453  gsv3.training             INFO     [group_holdout:variational] epoch 0051  train_log_mse=0.00585  val_log_mse=0.09029  val_mse=0.000586  max_grad=0.78  patience=5/30
2026-10-08 12:21:25,740  gsv3.training             INFO     [group_holdout:vqe] epoch 0050  train_log_mse=0.00454  val_log_mse=0.08078  val_mse=0.000455  max_grad=0.59  patience=13/30
2026-10-08 12:22:02,015  gsv3.training             INFO     [group_holdout:variational] epoch 0052  train_log_mse=0.00508  val_log_mse=0.06812  val_mse=0.000498  max_grad=0.54  patience=6/30
2026-10-08 12:22:25,081  gsv3.training             INFO     [group_holdout:vqe] epoch 0051  train_log_mse=0.00443  val_log_mse=0.06961  val_mse=0.000409  max_grad=0.51  patience=14/30
2026-10-08 12:22:32,894  gsv3.training             INFO     [group_holdout:fourier] epoch 0034  train_log_mse=0.00374  val_log_mse=0.04507  val_mse=0.000563  max_grad=0.89  patience=1/30
2026-10-08 12:22:59,193  gsv3.training             INFO     [group_holdout:variational] epoch 0053  train_log_mse=0.00474  val_log_mse=0.06854  val_mse=0.000518  max_grad=0.53  patience=7/30
2026-10-08 12:23:24,345  gsv3.training             INFO     [group_holdout:vqe] epoch 0052  train_log_mse=0.00461  val_log_mse=0.06807  val_mse=0.000380  max_grad=0.59  patience=15/30
2026-10-08 12:23:56,256  gsv3.training             INFO     [group_holdout:variational] epoch 0054  train_log_mse=0.00455  val_log_mse=0.07170  val_mse=0.000523  max_grad=0.46  patience=8/30
2026-10-08 12:24:02,643  gsv3.training             INFO     [group_holdout:fourier] epoch 0035  train_log_mse=0.00363  val_log_mse=0.05248  val_mse=0.000488  max_grad=0.57  patience=2/30
2026-10-08 12:24:23,798  gsv3.training             INFO     [group_holdout:vqe] epoch 0053  train_log_mse=0.00563  val_log_mse=0.06593  val_mse=0.000378  max_grad=0.74  patience=16/30
2026-10-08 12:24:53,620  gsv3.training             INFO     [group_holdout:variational] epoch 0055  train_log_mse=0.00469  val_log_mse=0.07600  val_mse=0.000554  max_grad=0.35  patience=9/30
2026-10-08 12:25:23,178  gsv3.training             INFO     [group_holdout:vqe] epoch 0054  train_log_mse=0.00388  val_log_mse=0.05903  val_mse=0.000342  max_grad=0.29  patience=0/30
2026-10-08 12:25:31,790  gsv3.training             INFO     [group_holdout:fourier] epoch 0036  train_log_mse=0.00335  val_log_mse=0.05367  val_mse=0.000467  max_grad=0.41  patience=3/30
2026-10-08 12:25:50,866  gsv3.training             INFO     [group_holdout:variational] epoch 0056  train_log_mse=0.00498  val_log_mse=0.07019  val_mse=0.000522  max_grad=0.44  patience=10/30
2026-10-08 12:26:22,421  gsv3.training             INFO     [group_holdout:vqe] epoch 0055  train_log_mse=0.00374  val_log_mse=0.07009  val_mse=0.000350  max_grad=0.40  patience=1/30
2026-10-08 12:26:47,803  gsv3.training             INFO     [group_holdout:variational] epoch 0057  train_log_mse=0.00435  val_log_mse=0.06576  val_mse=0.000559  max_grad=0.45  patience=11/30
2026-10-08 12:27:00,868  gsv3.training             INFO     [group_holdout:fourier] epoch 0037  train_log_mse=0.00352  val_log_mse=0.05752  val_mse=0.000459  max_grad=0.85  patience=4/30
2026-10-08 12:27:21,775  gsv3.training             INFO     [group_holdout:vqe] epoch 0056  train_log_mse=0.00428  val_log_mse=0.13254  val_mse=0.000453  max_grad=0.56  patience=2/30
2026-10-08 12:27:44,794  gsv3.training             INFO     [group_holdout:variational] epoch 0058  train_log_mse=0.00562  val_log_mse=0.06693  val_mse=0.000520  max_grad=0.52  patience=12/30
2026-10-08 12:28:21,464  gsv3.training             INFO     [group_holdout:vqe] epoch 0057  train_log_mse=0.00496  val_log_mse=0.07776  val_mse=0.000480  max_grad=1.59  patience=3/30
2026-10-08 12:28:29,713  gsv3.training             INFO     [group_holdout:fourier] epoch 0038  train_log_mse=0.00351  val_log_mse=0.04181  val_mse=0.000417  max_grad=0.47  patience=0/30
2026-10-08 12:28:41,992  gsv3.training             INFO     [group_holdout:variational] epoch 0059  train_log_mse=0.00504  val_log_mse=0.09250  val_mse=0.000664  max_grad=0.60  patience=13/30
2026-10-08 12:29:20,900  gsv3.training             INFO     [group_holdout:vqe] epoch 0058  train_log_mse=0.00448  val_log_mse=0.06284  val_mse=0.000353  max_grad=0.65  patience=4/30
2026-10-08 12:29:39,134  gsv3.training             INFO     [group_holdout:variational] epoch 0060  train_log_mse=0.00484  val_log_mse=0.07104  val_mse=0.000503  max_grad=0.49  patience=14/30
2026-10-08 12:29:58,220  gsv3.training             INFO     [group_holdout:fourier] epoch 0039  train_log_mse=0.00320  val_log_mse=0.04733  val_mse=0.000448  max_grad=0.37  patience=1/30
2026-10-08 12:30:20,277  gsv3.training             INFO     [group_holdout:vqe] epoch 0059  train_log_mse=0.00377  val_log_mse=0.07064  val_mse=0.000402  max_grad=0.29  patience=5/30
2026-10-08 12:30:36,183  gsv3.training             INFO     [group_holdout:variational] epoch 0061  train_log_mse=0.00476  val_log_mse=0.06822  val_mse=0.000512  max_grad=0.44  patience=15/30
2026-10-08 12:31:19,667  gsv3.training             INFO     [group_holdout:vqe] epoch 0060  train_log_mse=0.00381  val_log_mse=0.08449  val_mse=0.000434  max_grad=0.35  patience=6/30
2026-10-08 12:31:26,745  gsv3.training             INFO     [group_holdout:fourier] epoch 0040  train_log_mse=0.00351  val_log_mse=0.04061  val_mse=0.000407  max_grad=0.46  patience=0/30
2026-10-08 12:31:33,524  gsv3.training             INFO     [group_holdout:variational] epoch 0062  train_log_mse=0.00448  val_log_mse=0.07365  val_mse=0.000580  max_grad=0.44  patience=16/30
2026-10-08 12:32:18,989  gsv3.training             INFO     [group_holdout:vqe] epoch 0061  train_log_mse=0.00409  val_log_mse=0.06310  val_mse=0.000379  max_grad=0.46  patience=7/30
2026-10-08 12:32:30,797  gsv3.training             INFO     [group_holdout:variational] epoch 0063  train_log_mse=0.00445  val_log_mse=0.06551  val_mse=0.000508  max_grad=0.34  patience=17/30
2026-10-08 12:32:55,720  gsv3.training             INFO     [group_holdout:fourier] epoch 0041  train_log_mse=0.00363  val_log_mse=0.04935  val_mse=0.000437  max_grad=0.85  patience=1/30
2026-10-08 12:33:18,603  gsv3.training             INFO     [group_holdout:vqe] epoch 0062  train_log_mse=0.00381  val_log_mse=0.06339  val_mse=0.000383  max_grad=0.45  patience=8/30
2026-10-08 12:33:27,995  gsv3.training             INFO     [group_holdout:variational] epoch 0064  train_log_mse=0.00511  val_log_mse=0.07109  val_mse=0.000531  max_grad=0.53  patience=18/30
2026-10-08 12:34:18,189  gsv3.training             INFO     [group_holdout:vqe] epoch 0063  train_log_mse=0.00371  val_log_mse=0.06465  val_mse=0.000343  max_grad=0.33  patience=9/30
2026-10-08 12:34:24,667  gsv3.training             INFO     [group_holdout:fourier] epoch 0042  train_log_mse=0.00306  val_log_mse=0.04046  val_mse=0.000442  max_grad=0.33  patience=2/30
2026-10-08 12:34:25,064  gsv3.training             INFO     [group_holdout:variational] epoch 0065  train_log_mse=0.00446  val_log_mse=0.06490  val_mse=0.000493  max_grad=0.40  patience=19/30
2026-10-08 12:35:17,420  gsv3.training             INFO     [group_holdout:vqe] epoch 0064  train_log_mse=0.00452  val_log_mse=0.06363  val_mse=0.000395  max_grad=0.71  patience=10/30
2026-10-08 12:35:22,364  gsv3.training             INFO     [group_holdout:variational] epoch 0066  train_log_mse=0.00445  val_log_mse=0.07335  val_mse=0.000534  max_grad=0.46  patience=20/30
2026-10-08 12:35:53,482  gsv3.training             INFO     [group_holdout:fourier] epoch 0043  train_log_mse=0.00325  val_log_mse=0.04122  val_mse=0.000396  max_grad=0.67  patience=0/30
2026-10-08 12:36:16,629  gsv3.training             INFO     [group_holdout:vqe] epoch 0065  train_log_mse=0.00408  val_log_mse=0.07455  val_mse=0.000412  max_grad=0.50  patience=11/30
2026-10-08 12:36:19,418  gsv3.training             INFO     [group_holdout:variational] epoch 0067  train_log_mse=0.00460  val_log_mse=0.06473  val_mse=0.000513  max_grad=0.44  patience=21/30
2026-10-08 12:37:16,032  gsv3.training             INFO     [group_holdout:vqe] epoch 0066  train_log_mse=0.00475  val_log_mse=0.06769  val_mse=0.000393  max_grad=0.83  patience=12/30
2026-10-08 12:37:16,762  gsv3.training             INFO     [group_holdout:variational] epoch 0068  train_log_mse=0.00474  val_log_mse=0.08197  val_mse=0.000506  max_grad=0.57  patience=22/30
2026-10-08 12:37:22,060  gsv3.training             INFO     [group_holdout:fourier] epoch 0044  train_log_mse=0.00288  val_log_mse=0.04180  val_mse=0.000430  max_grad=0.33  patience=1/30
2026-10-08 12:38:13,919  gsv3.training             INFO     [group_holdout:variational] epoch 0069  train_log_mse=0.00900  val_log_mse=0.07681  val_mse=0.000530  max_grad=1.19  patience=23/30
2026-10-08 12:38:15,544  gsv3.training             INFO     [group_holdout:vqe] epoch 0067  train_log_mse=0.00430  val_log_mse=0.06380  val_mse=0.000374  max_grad=0.56  patience=13/30
2026-10-08 12:38:50,867  gsv3.training             INFO     [group_holdout:fourier] epoch 0045  train_log_mse=0.00355  val_log_mse=0.04453  val_mse=0.000419  max_grad=0.56  patience=2/30
2026-10-08 12:39:11,062  gsv3.training             INFO     [group_holdout:variational] epoch 0070  train_log_mse=0.00512  val_log_mse=0.07745  val_mse=0.000502  max_grad=0.72  patience=24/30
2026-10-08 12:39:15,230  gsv3.training             INFO     [group_holdout:vqe] epoch 0068  train_log_mse=0.00860  val_log_mse=0.08706  val_mse=0.000412  max_grad=5.40  patience=14/30
2026-10-08 12:40:07,645  gsv3.training             INFO     [group_holdout:variational] epoch 0071  train_log_mse=0.00421  val_log_mse=0.07155  val_mse=0.000497  max_grad=0.41  patience=25/30
2026-10-08 12:40:14,467  gsv3.training             INFO     [group_holdout:vqe] epoch 0069  train_log_mse=0.00446  val_log_mse=0.07635  val_mse=0.000390  max_grad=0.46  patience=15/30
2026-10-08 12:40:20,221  gsv3.training             INFO     [group_holdout:fourier] epoch 0046  train_log_mse=0.00290  val_log_mse=0.04269  val_mse=0.000393  max_grad=0.54  patience=0/30
2026-10-08 12:41:05,302  gsv3.training             INFO     [group_holdout:variational] epoch 0072  train_log_mse=0.00455  val_log_mse=0.06559  val_mse=0.000505  max_grad=0.42  patience=26/30
2026-10-08 12:41:13,816  gsv3.training             INFO     [group_holdout:vqe] epoch 0070  train_log_mse=0.00400  val_log_mse=0.06862  val_mse=0.000382  max_grad=0.56  patience=16/30
2026-10-08 12:41:49,740  gsv3.training             INFO     [group_holdout:fourier] epoch 0047  train_log_mse=0.00327  val_log_mse=0.04431  val_mse=0.000432  max_grad=0.38  patience=1/30
2026-10-08 12:42:03,036  gsv3.training             INFO     [group_holdout:variational] epoch 0073  train_log_mse=0.00415  val_log_mse=0.06688  val_mse=0.000524  max_grad=0.40  patience=27/30
2026-10-08 12:42:13,049  gsv3.training             INFO     [group_holdout:vqe] epoch 0071  train_log_mse=0.00375  val_log_mse=0.07266  val_mse=0.000374  max_grad=0.69  patience=17/30
2026-10-08 12:43:00,795  gsv3.training             INFO     [group_holdout:variational] epoch 0074  train_log_mse=0.00418  val_log_mse=0.06887  val_mse=0.000510  max_grad=0.43  patience=28/30
2026-10-08 12:43:12,173  gsv3.training             INFO     [group_holdout:vqe] epoch 0072  train_log_mse=0.00478  val_log_mse=0.07905  val_mse=0.000391  max_grad=0.88  patience=18/30
2026-10-08 12:43:18,953  gsv3.training             INFO     [group_holdout:fourier] epoch 0048  train_log_mse=0.00289  val_log_mse=0.04333  val_mse=0.000391  max_grad=0.49  patience=0/30
2026-10-08 12:43:58,603  gsv3.training             INFO     [group_holdout:variational] epoch 0075  train_log_mse=0.00417  val_log_mse=0.08442  val_mse=0.000473  max_grad=0.38  patience=0/30
2026-10-08 12:44:11,597  gsv3.training             INFO     [group_holdout:vqe] epoch 0073  train_log_mse=0.00656  val_log_mse=0.08730  val_mse=0.000534  max_grad=2.84  patience=19/30
2026-10-08 12:44:47,854  gsv3.training             INFO     [group_holdout:fourier] epoch 0049  train_log_mse=0.00267  val_log_mse=0.03901  val_mse=0.000400  max_grad=0.25  patience=1/30
2026-10-08 12:44:56,522  gsv3.training             INFO     [group_holdout:variational] epoch 0076  train_log_mse=0.00441  val_log_mse=0.07443  val_mse=0.000518  max_grad=0.45  patience=1/30
2026-10-08 12:45:10,911  gsv3.training             INFO     [group_holdout:vqe] epoch 0074  train_log_mse=0.00437  val_log_mse=0.06638  val_mse=0.000345  max_grad=0.43  patience=20/30
2026-10-08 12:45:54,469  gsv3.training             INFO     [group_holdout:variational] epoch 0077  train_log_mse=0.00409  val_log_mse=0.06766  val_mse=0.000523  max_grad=0.34  patience=2/30
2026-10-08 12:46:10,173  gsv3.training             INFO     [group_holdout:vqe] epoch 0075  train_log_mse=0.00385  val_log_mse=0.07044  val_mse=0.000399  max_grad=0.46  patience=21/30
2026-10-08 12:46:16,591  gsv3.training             INFO     [group_holdout:fourier] epoch 0050  train_log_mse=0.00284  val_log_mse=0.04270  val_mse=0.000394  max_grad=0.72  patience=2/30
2026-10-08 12:46:52,440  gsv3.training             INFO     [group_holdout:variational] epoch 0078  train_log_mse=0.00416  val_log_mse=0.07414  val_mse=0.000544  max_grad=0.46  patience=3/30
2026-10-08 12:47:09,905  gsv3.training             INFO     [group_holdout:vqe] epoch 0076  train_log_mse=0.00363  val_log_mse=0.06505  val_mse=0.000358  max_grad=0.34  patience=22/30
2026-10-08 12:47:45,635  gsv3.training             INFO     [group_holdout:fourier] epoch 0051  train_log_mse=0.00269  val_log_mse=0.04194  val_mse=0.000417  max_grad=0.28  patience=3/30
2026-10-08 12:47:50,103  gsv3.training             INFO     [group_holdout:variational] epoch 0079  train_log_mse=0.00396  val_log_mse=0.06557  val_mse=0.000512  max_grad=0.52  patience=4/30
2026-10-08 12:48:09,632  gsv3.training             INFO     [group_holdout:vqe] epoch 0077  train_log_mse=0.00343  val_log_mse=0.06063  val_mse=0.000336  max_grad=0.36  patience=0/30
2026-10-08 12:48:48,521  gsv3.training             INFO     [group_holdout:variational] epoch 0080  train_log_mse=0.00645  val_log_mse=0.08563  val_mse=0.000564  max_grad=1.32  patience=5/30
2026-10-08 12:49:08,891  gsv3.training             INFO     [group_holdout:vqe] epoch 0078  train_log_mse=0.00346  val_log_mse=0.06415  val_mse=0.000368  max_grad=0.31  patience=1/30
2026-10-08 12:49:14,674  gsv3.training             INFO     [group_holdout:fourier] epoch 0052  train_log_mse=0.00294  val_log_mse=0.04444  val_mse=0.000406  max_grad=0.42  patience=4/30
2026-10-08 12:49:47,310  gsv3.training             INFO     [group_holdout:variational] epoch 0081  train_log_mse=0.00538  val_log_mse=0.06955  val_mse=0.000511  max_grad=0.46  patience=6/30
2026-10-08 12:50:08,457  gsv3.training             INFO     [group_holdout:vqe] epoch 0079  train_log_mse=0.00348  val_log_mse=0.06635  val_mse=0.000367  max_grad=0.34  patience=2/30
2026-10-08 12:50:43,244  gsv3.training             INFO     [group_holdout:fourier] epoch 0053  train_log_mse=0.00257  val_log_mse=0.04938  val_mse=0.000472  max_grad=0.24  patience=5/30
2026-10-08 12:50:46,120  gsv3.training             INFO     [group_holdout:variational] epoch 0082  train_log_mse=0.00431  val_log_mse=0.07008  val_mse=0.000501  max_grad=0.33  patience=7/30
2026-10-08 12:51:07,788  gsv3.training             INFO     [group_holdout:vqe] epoch 0080  train_log_mse=0.00386  val_log_mse=0.06456  val_mse=0.000362  max_grad=0.53  patience=3/30
2026-10-08 12:51:44,570  gsv3.training             INFO     [group_holdout:variational] epoch 0083  train_log_mse=0.00448  val_log_mse=0.07414  val_mse=0.000526  max_grad=0.42  patience=8/30
2026-10-08 12:52:06,732  gsv3.training             INFO     [group_holdout:vqe] epoch 0081  train_log_mse=0.00376  val_log_mse=0.07229  val_mse=0.000388  max_grad=0.33  patience=4/30
2026-10-08 12:52:11,952  gsv3.training             INFO     [group_holdout:fourier] epoch 0054  train_log_mse=0.00274  val_log_mse=0.03912  val_mse=0.000381  max_grad=0.27  patience=0/30
2026-10-08 12:52:43,059  gsv3.training             INFO     [group_holdout:variational] epoch 0084  train_log_mse=0.00398  val_log_mse=0.06015  val_mse=0.000487  max_grad=0.26  patience=9/30
2026-10-08 12:53:06,057  gsv3.training             INFO     [group_holdout:vqe] epoch 0082  train_log_mse=0.00341  val_log_mse=0.06768  val_mse=0.000375  max_grad=0.29  patience=5/30
2026-10-08 12:53:40,752  gsv3.training             INFO     [group_holdout:fourier] epoch 0055  train_log_mse=0.00253  val_log_mse=0.03936  val_mse=0.000423  max_grad=0.22  patience=1/30
2026-10-08 12:53:41,911  gsv3.training             INFO     [group_holdout:variational] epoch 0085  train_log_mse=0.00368  val_log_mse=0.06133  val_mse=0.000493  max_grad=0.28  patience=10/30
2026-10-08 12:54:05,538  gsv3.training             INFO     [group_holdout:vqe] epoch 0083  train_log_mse=0.00338  val_log_mse=0.06150  val_mse=0.000359  max_grad=0.34  patience=6/30
2026-10-08 12:54:40,463  gsv3.training             INFO     [group_holdout:variational] epoch 0086  train_log_mse=0.00385  val_log_mse=0.06384  val_mse=0.000472  max_grad=0.31  patience=0/30
2026-10-08 12:55:04,684  gsv3.training             INFO     [group_holdout:vqe] epoch 0084  train_log_mse=0.00349  val_log_mse=0.07021  val_mse=0.000375  max_grad=0.34  patience=7/30
2026-10-08 12:55:09,493  gsv3.training             INFO     [group_holdout:fourier] epoch 0056  train_log_mse=0.00264  val_log_mse=0.04051  val_mse=0.000365  max_grad=0.26  patience=0/30
2026-10-08 12:55:39,230  gsv3.training             INFO     [group_holdout:variational] epoch 0087  train_log_mse=0.00403  val_log_mse=0.07099  val_mse=0.000544  max_grad=0.51  patience=1/30
2026-10-08 12:56:03,973  gsv3.training             INFO     [group_holdout:vqe] epoch 0085  train_log_mse=0.00386  val_log_mse=0.07403  val_mse=0.000385  max_grad=0.37  patience=8/30
2026-10-08 12:56:38,020  gsv3.training             INFO     [group_holdout:variational] epoch 0088  train_log_mse=0.00389  val_log_mse=0.06732  val_mse=0.000498  max_grad=0.36  patience=2/30
2026-10-08 12:56:39,008  gsv3.training             INFO     [group_holdout:fourier] epoch 0057  train_log_mse=0.00305  val_log_mse=0.04574  val_mse=0.000371  max_grad=0.55  patience=1/30
2026-10-08 12:57:03,402  gsv3.training             INFO     [group_holdout:vqe] epoch 0086  train_log_mse=0.00440  val_log_mse=0.07342  val_mse=0.000397  max_grad=0.64  patience=9/30
2026-10-08 12:57:36,649  gsv3.training             INFO     [group_holdout:variational] epoch 0089  train_log_mse=0.00374  val_log_mse=0.08594  val_mse=0.000520  max_grad=0.29  patience=3/30
2026-10-08 12:58:02,818  gsv3.training             INFO     [group_holdout:vqe] epoch 0087  train_log_mse=0.00353  val_log_mse=0.06034  val_mse=0.000373  max_grad=0.27  patience=10/30
2026-10-08 12:58:08,519  gsv3.training             INFO     [group_holdout:fourier] epoch 0058  train_log_mse=0.00247  val_log_mse=0.04212  val_mse=0.000337  max_grad=0.34  patience=0/30
2026-10-08 12:58:35,021  gsv3.training             INFO     [group_holdout:variational] epoch 0090  train_log_mse=0.00369  val_log_mse=0.06784  val_mse=0.000550  max_grad=0.26  patience=4/30
2026-10-08 12:59:02,391  gsv3.training             INFO     [group_holdout:vqe] epoch 0088  train_log_mse=0.00375  val_log_mse=0.06810  val_mse=0.000419  max_grad=0.62  patience=11/30
2026-10-08 12:59:33,433  gsv3.training             INFO     [group_holdout:variational] epoch 0091  train_log_mse=0.00404  val_log_mse=0.07745  val_mse=0.000558  max_grad=0.32  patience=5/30
2026-10-08 12:59:37,525  gsv3.training             INFO     [group_holdout:fourier] epoch 0059  train_log_mse=0.00263  val_log_mse=0.04885  val_mse=0.000447  max_grad=0.27  patience=1/30
2026-10-08 13:00:01,878  gsv3.training             INFO     [group_holdout:vqe] epoch 0089  train_log_mse=0.00389  val_log_mse=0.06561  val_mse=0.000385  max_grad=0.38  patience=12/30
2026-10-08 13:00:31,651  gsv3.training             INFO     [group_holdout:variational] epoch 0092  train_log_mse=0.00380  val_log_mse=0.06537  val_mse=0.000528  max_grad=0.40  patience=6/30
2026-10-08 13:01:01,399  gsv3.training             INFO     [group_holdout:vqe] epoch 0090  train_log_mse=0.00365  val_log_mse=0.06420  val_mse=0.000392  max_grad=0.39  patience=13/30
2026-10-08 13:01:06,603  gsv3.training             INFO     [group_holdout:fourier] epoch 0060  train_log_mse=0.00252  val_log_mse=0.03733  val_mse=0.000348  max_grad=0.28  patience=2/30
2026-10-08 13:01:30,160  gsv3.training             INFO     [group_holdout:variational] epoch 0093  train_log_mse=0.00419  val_log_mse=0.07807  val_mse=0.000536  max_grad=0.50  patience=7/30
2026-10-08 13:02:00,836  gsv3.training             INFO     [group_holdout:vqe] epoch 0091  train_log_mse=0.00331  val_log_mse=0.06478  val_mse=0.000331  max_grad=0.28  patience=0/30
2026-10-08 13:02:28,735  gsv3.training             INFO     [group_holdout:variational] epoch 0094  train_log_mse=0.00421  val_log_mse=0.07821  val_mse=0.000512  max_grad=0.40  patience=8/30
2026-10-08 13:02:35,322  gsv3.training             INFO     [group_holdout:fourier] epoch 0061  train_log_mse=0.00262  val_log_mse=0.04097  val_mse=0.000384  max_grad=0.36  patience=3/30
2026-10-08 13:03:00,221  gsv3.training             INFO     [group_holdout:vqe] epoch 0092  train_log_mse=0.00331  val_log_mse=0.06682  val_mse=0.000392  max_grad=0.36  patience=1/30
2026-10-08 13:03:27,573  gsv3.training             INFO     [group_holdout:variational] epoch 0095  train_log_mse=0.00512  val_log_mse=0.06525  val_mse=0.000475  max_grad=0.48  patience=9/30
2026-10-08 13:03:59,334  gsv3.training             INFO     [group_holdout:vqe] epoch 0093  train_log_mse=0.00335  val_log_mse=0.06504  val_mse=0.000355  max_grad=0.49  patience=2/30
2026-10-08 13:04:03,778  gsv3.training             INFO     [group_holdout:fourier] epoch 0062  train_log_mse=0.00658  val_log_mse=0.06489  val_mse=0.000527  max_grad=3.29  patience=4/30
2026-10-08 13:04:26,138  gsv3.training             INFO     [group_holdout:variational] epoch 0096  train_log_mse=0.00408  val_log_mse=0.08309  val_mse=0.000474  max_grad=1.40  patience=10/30
2026-10-08 13:04:58,811  gsv3.training             INFO     [group_holdout:vqe] epoch 0094  train_log_mse=0.00356  val_log_mse=0.07076  val_mse=0.000373  max_grad=0.42  patience=3/30
2026-10-08 13:05:24,304  gsv3.training             INFO     [group_holdout:variational] epoch 0097  train_log_mse=0.00475  val_log_mse=0.06903  val_mse=0.000524  max_grad=0.83  patience=11/30
2026-10-08 13:05:31,988  gsv3.training             INFO     [group_holdout:fourier] epoch 0063  train_log_mse=0.00369  val_log_mse=0.03757  val_mse=0.000376  max_grad=1.11  patience=5/30
2026-10-08 13:05:58,210  gsv3.training             INFO     [group_holdout:vqe] epoch 0095  train_log_mse=0.00341  val_log_mse=0.06897  val_mse=0.000362  max_grad=0.39  patience=4/30
2026-10-08 13:06:22,536  gsv3.training             INFO     [group_holdout:variational] epoch 0098  train_log_mse=0.00398  val_log_mse=0.08028  val_mse=0.000547  max_grad=0.29  patience=12/30
2026-10-08 13:06:57,772  gsv3.training             INFO     [group_holdout:vqe] epoch 0096  train_log_mse=0.00364  val_log_mse=0.08081  val_mse=0.000339  max_grad=0.52  patience=5/30
2026-10-08 13:07:00,236  gsv3.training             INFO     [group_holdout:fourier] epoch 0064  train_log_mse=0.00225  val_log_mse=0.03942  val_mse=0.000370  max_grad=0.29  patience=6/30
2026-10-08 13:07:20,890  gsv3.training             INFO     [group_holdout:variational] epoch 0099  train_log_mse=0.00368  val_log_mse=0.07763  val_mse=0.000503  max_grad=0.35  patience=13/30
2026-10-08 13:07:57,222  gsv3.training             INFO     [group_holdout:vqe] epoch 0097  train_log_mse=0.00379  val_log_mse=0.06520  val_mse=0.000366  max_grad=0.45  patience=6/30
2026-10-08 13:08:18,830  gsv3.training             INFO     [group_holdout:variational] epoch 0100  train_log_mse=0.00347  val_log_mse=0.07083  val_mse=0.000468  max_grad=0.34  patience=0/30
2026-10-08 13:08:28,513  gsv3.training             INFO     [group_holdout:fourier] epoch 0065  train_log_mse=0.00235  val_log_mse=0.04457  val_mse=0.000351  max_grad=0.57  patience=7/30
2026-10-08 13:08:56,460  gsv3.training             INFO     [group_holdout:vqe] epoch 0098  train_log_mse=0.00437  val_log_mse=0.07710  val_mse=0.000388  max_grad=0.78  patience=7/30
2026-10-08 13:09:17,452  gsv3.training             INFO     [group_holdout:variational] epoch 0101  train_log_mse=0.00345  val_log_mse=0.06948  val_mse=0.000507  max_grad=0.33  patience=1/30
2026-10-08 13:09:56,686  gsv3.training             INFO     [group_holdout:fourier] epoch 0066  train_log_mse=0.00249  val_log_mse=0.04293  val_mse=0.000353  max_grad=0.36  patience=8/30
2026-10-08 13:09:57,164  gsv3.training             INFO     [group_holdout:vqe] epoch 0099  train_log_mse=0.00377  val_log_mse=0.06548  val_mse=0.000359  max_grad=0.38  patience=8/30
2026-10-08 13:10:15,250  gsv3.training             INFO     [group_holdout:variational] epoch 0102  train_log_mse=0.00353  val_log_mse=0.06888  val_mse=0.000530  max_grad=0.33  patience=2/30
2026-10-08 13:10:56,745  gsv3.training             INFO     [group_holdout:vqe] epoch 0100  train_log_mse=0.00340  val_log_mse=0.06830  val_mse=0.000324  max_grad=0.25  patience=0/30
2026-10-08 13:11:13,630  gsv3.training             INFO     [group_holdout:variational] epoch 0103  train_log_mse=0.00379  val_log_mse=0.07077  val_mse=0.000492  max_grad=0.39  patience=3/30
2026-10-08 13:11:25,165  gsv3.training             INFO     [group_holdout:fourier] epoch 0067  train_log_mse=0.00231  val_log_mse=0.03921  val_mse=0.000359  max_grad=0.38  patience=9/30
2026-10-08 13:11:56,081  gsv3.training             INFO     [group_holdout:vqe] epoch 0101  train_log_mse=0.00389  val_log_mse=0.06598  val_mse=0.000349  max_grad=0.40  patience=1/30
2026-10-08 13:12:12,037  gsv3.training             INFO     [group_holdout:variational] epoch 0104  train_log_mse=0.00638  val_log_mse=0.07626  val_mse=0.000517  max_grad=1.56  patience=4/30
2026-10-08 13:12:53,525  gsv3.training             INFO     [group_holdout:fourier] epoch 0068  train_log_mse=0.00220  val_log_mse=0.05314  val_mse=0.000364  max_grad=0.87  patience=10/30
2026-10-08 13:12:55,712  gsv3.training             INFO     [group_holdout:vqe] epoch 0102  train_log_mse=0.00305  val_log_mse=0.06425  val_mse=0.000358  max_grad=0.28  patience=2/30
2026-10-08 13:13:10,434  gsv3.training             INFO     [group_holdout:variational] epoch 0105  train_log_mse=0.00568  val_log_mse=0.06685  val_mse=0.000486  max_grad=0.94  patience=5/30
2026-10-08 13:13:55,442  gsv3.training             INFO     [group_holdout:vqe] epoch 0103  train_log_mse=0.00306  val_log_mse=0.06572  val_mse=0.000360  max_grad=0.28  patience=3/30
2026-10-08 13:14:09,387  gsv3.training             INFO     [group_holdout:variational] epoch 0106  train_log_mse=0.00404  val_log_mse=0.06946  val_mse=0.000503  max_grad=0.44  patience=6/30
2026-10-08 13:14:21,971  gsv3.training             INFO     [group_holdout:fourier] epoch 0069  train_log_mse=0.00249  val_log_mse=0.03897  val_mse=0.000357  max_grad=0.47  patience=11/30
2026-10-08 13:14:54,993  gsv3.training             INFO     [group_holdout:vqe] epoch 0104  train_log_mse=0.00315  val_log_mse=0.07665  val_mse=0.000346  max_grad=0.29  patience=4/30
2026-10-08 13:15:08,236  gsv3.training             INFO     [group_holdout:variational] epoch 0107  train_log_mse=0.00352  val_log_mse=0.06166  val_mse=0.000471  max_grad=0.39  patience=7/30
2026-10-08 13:15:50,468  gsv3.training             INFO     [group_holdout:fourier] epoch 0070  train_log_mse=0.00231  val_log_mse=0.04137  val_mse=0.000381  max_grad=0.35  patience=12/30
2026-10-08 13:15:54,743  gsv3.training             INFO     [group_holdout:vqe] epoch 0105  train_log_mse=0.00325  val_log_mse=0.07139  val_mse=0.000339  max_grad=0.39  patience=5/30
2026-10-08 13:16:06,683  gsv3.training             INFO     [group_holdout:variational] epoch 0108  train_log_mse=0.00356  val_log_mse=0.06467  val_mse=0.000484  max_grad=0.43  patience=8/30
2026-10-08 13:16:54,554  gsv3.training             INFO     [group_holdout:vqe] epoch 0106  train_log_mse=0.00328  val_log_mse=0.07417  val_mse=0.000325  max_grad=0.38  patience=6/30
2026-10-08 13:17:05,078  gsv3.training             INFO     [group_holdout:variational] epoch 0109  train_log_mse=0.00349  val_log_mse=0.06758  val_mse=0.000511  max_grad=0.42  patience=9/30
2026-10-08 13:17:19,022  gsv3.training             INFO     [group_holdout:fourier] epoch 0071  train_log_mse=0.00228  val_log_mse=0.04313  val_mse=0.000386  max_grad=0.28  patience=13/30
2026-10-08 13:17:54,929  gsv3.training             INFO     [group_holdout:vqe] epoch 0107  train_log_mse=0.00337  val_log_mse=0.06484  val_mse=0.000331  max_grad=0.35  patience=7/30
2026-10-08 13:18:03,658  gsv3.training             INFO     [group_holdout:variational] epoch 0110  train_log_mse=0.00354  val_log_mse=0.06467  val_mse=0.000489  max_grad=0.42  patience=10/30
2026-10-08 13:18:47,462  gsv3.training             INFO     [group_holdout:fourier] epoch 0072  train_log_mse=0.00236  val_log_mse=0.04067  val_mse=0.000366  max_grad=0.29  patience=14/30
2026-10-08 13:18:54,286  gsv3.training             INFO     [group_holdout:vqe] epoch 0108  train_log_mse=0.00317  val_log_mse=0.07717  val_mse=0.000371  max_grad=0.33  patience=8/30
2026-10-08 13:19:02,239  gsv3.training             INFO     [group_holdout:variational] epoch 0111  train_log_mse=0.00334  val_log_mse=0.06797  val_mse=0.000501  max_grad=0.27  patience=11/30
2026-10-08 13:19:54,144  gsv3.training             INFO     [group_holdout:vqe] epoch 0109  train_log_mse=0.00343  val_log_mse=0.06992  val_mse=0.000339  max_grad=0.41  patience=9/30
2026-10-08 13:20:00,855  gsv3.training             INFO     [group_holdout:variational] epoch 0112  train_log_mse=0.00352  val_log_mse=0.07222  val_mse=0.000575  max_grad=0.24  patience=12/30
2026-10-08 13:20:15,771  gsv3.training             INFO     [group_holdout:fourier] epoch 0073  train_log_mse=0.00250  val_log_mse=0.04140  val_mse=0.000447  max_grad=0.33  patience=15/30
2026-10-08 13:20:53,712  gsv3.training             INFO     [group_holdout:vqe] epoch 0110  train_log_mse=0.00331  val_log_mse=0.06336  val_mse=0.000334  max_grad=0.41  patience=10/30
2026-10-08 13:20:59,340  gsv3.training             INFO     [group_holdout:variational] epoch 0113  train_log_mse=0.00327  val_log_mse=0.06170  val_mse=0.000477  max_grad=0.22  patience=13/30
2026-10-08 13:21:44,118  gsv3.training             INFO     [group_holdout:fourier] epoch 0074  train_log_mse=0.00253  val_log_mse=0.04139  val_mse=0.000384  max_grad=0.33  patience=16/30
2026-10-08 13:21:52,795  gsv3.training             INFO     [group_holdout:vqe] epoch 0111  train_log_mse=0.00303  val_log_mse=0.07189  val_mse=0.000350  max_grad=0.25  patience=11/30
2026-10-08 13:21:57,520  gsv3.training             INFO     [group_holdout:variational] epoch 0114  train_log_mse=0.00321  val_log_mse=0.06885  val_mse=0.000518  max_grad=0.23  patience=14/30
2026-10-08 13:22:51,843  gsv3.training             INFO     [group_holdout:vqe] epoch 0112  train_log_mse=0.00347  val_log_mse=0.08682  val_mse=0.000397  max_grad=0.70  patience=12/30
2026-10-08 13:22:56,120  gsv3.training             INFO     [group_holdout:variational] epoch 0115  train_log_mse=0.00341  val_log_mse=0.06739  val_mse=0.000510  max_grad=0.28  patience=15/30
2026-10-08 13:23:12,585  gsv3.training             INFO     [group_holdout:fourier] epoch 0075  train_log_mse=0.00233  val_log_mse=0.03940  val_mse=0.000331  max_grad=0.27  patience=0/30
2026-10-08 13:23:51,065  gsv3.training             INFO     [group_holdout:vqe] epoch 0113  train_log_mse=0.00394  val_log_mse=0.06657  val_mse=0.000333  max_grad=0.50  patience=13/30
2026-10-08 13:23:54,657  gsv3.training             INFO     [group_holdout:variational] epoch 0116  train_log_mse=0.00359  val_log_mse=0.07399  val_mse=0.000503  max_grad=0.42  patience=16/30
2026-10-08 13:24:41,190  gsv3.training             INFO     [group_holdout:fourier] epoch 0076  train_log_mse=0.00218  val_log_mse=0.03998  val_mse=0.000343  max_grad=0.30  patience=1/30
2026-10-08 13:24:50,606  gsv3.training             INFO     [group_holdout:vqe] epoch 0114  train_log_mse=0.00336  val_log_mse=0.07182  val_mse=0.000350  max_grad=0.32  patience=14/30
2026-10-08 13:24:53,764  gsv3.training             INFO     [group_holdout:variational] epoch 0117  train_log_mse=0.00378  val_log_mse=0.06833  val_mse=0.000532  max_grad=0.43  patience=17/30
2026-10-08 13:25:49,982  gsv3.training             INFO     [group_holdout:vqe] epoch 0115  train_log_mse=0.00311  val_log_mse=0.06189  val_mse=0.000374  max_grad=0.32  patience=15/30
2026-10-08 13:25:52,640  gsv3.training             INFO     [group_holdout:variational] epoch 0118  train_log_mse=0.00383  val_log_mse=0.08075  val_mse=0.000532  max_grad=0.44  patience=18/30
2026-10-08 13:26:10,318  gsv3.training             INFO     [group_holdout:fourier] epoch 0077  train_log_mse=0.00209  val_log_mse=0.04566  val_mse=0.000361  max_grad=0.22  patience=2/30
2026-10-08 13:26:49,434  gsv3.training             INFO     [group_holdout:vqe] epoch 0116  train_log_mse=0.00286  val_log_mse=0.06137  val_mse=0.000342  max_grad=0.21  patience=16/30
2026-10-08 13:26:51,529  gsv3.training             INFO     [group_holdout:variational] epoch 0119  train_log_mse=0.00565  val_log_mse=0.08971  val_mse=0.000603  max_grad=0.69  patience=19/30
2026-10-08 13:27:39,233  gsv3.training             INFO     [group_holdout:fourier] epoch 0078  train_log_mse=0.00206  val_log_mse=0.04311  val_mse=0.000386  max_grad=0.22  patience=3/30
2026-10-08 13:27:48,999  gsv3.training             INFO     [group_holdout:vqe] epoch 0117  train_log_mse=0.00315  val_log_mse=0.07662  val_mse=0.000333  max_grad=0.66  patience=17/30
2026-10-08 13:27:50,406  gsv3.training             INFO     [group_holdout:variational] epoch 0120  train_log_mse=0.00634  val_log_mse=0.06766  val_mse=0.000504  max_grad=2.22  patience=20/30
2026-10-08 13:28:48,601  gsv3.training             INFO     [group_holdout:vqe] epoch 0118  train_log_mse=0.00384  val_log_mse=0.07421  val_mse=0.000363  max_grad=0.45  patience=18/30
2026-10-08 13:28:48,919  gsv3.training             INFO     [group_holdout:variational] epoch 0121  train_log_mse=0.00351  val_log_mse=0.06642  val_mse=0.000476  max_grad=0.22  patience=21/30
2026-10-08 13:29:07,859  gsv3.training             INFO     [group_holdout:fourier] epoch 0079  train_log_mse=0.00214  val_log_mse=0.04402  val_mse=0.000361  max_grad=0.24  patience=4/30
2026-10-08 13:29:47,593  gsv3.training             INFO     [group_holdout:variational] epoch 0122  train_log_mse=0.00321  val_log_mse=0.06133  val_mse=0.000465  max_grad=0.20  patience=0/30
2026-10-08 13:29:48,186  gsv3.training             INFO     [group_holdout:vqe] epoch 0119  train_log_mse=0.00336  val_log_mse=0.07138  val_mse=0.000338  max_grad=0.42  patience=19/30
2026-10-08 13:30:36,770  gsv3.training             INFO     [group_holdout:fourier] epoch 0080  train_log_mse=0.00213  val_log_mse=0.03809  val_mse=0.000368  max_grad=0.28  patience=5/30
2026-10-08 13:30:46,177  gsv3.training             INFO     [group_holdout:variational] epoch 0123  train_log_mse=0.00317  val_log_mse=0.06546  val_mse=0.000472  max_grad=0.21  patience=1/30
2026-10-08 13:30:47,423  gsv3.training             INFO     [group_holdout:vqe] epoch 0120  train_log_mse=0.00286  val_log_mse=0.06372  val_mse=0.000338  max_grad=0.24  patience=20/30
2026-10-08 13:31:44,467  gsv3.training             INFO     [group_holdout:variational] epoch 0124  train_log_mse=0.00308  val_log_mse=0.06246  val_mse=0.000472  max_grad=0.19  patience=2/30
2026-10-08 13:31:46,919  gsv3.training             INFO     [group_holdout:vqe] epoch 0121  train_log_mse=0.00294  val_log_mse=0.06155  val_mse=0.000320  max_grad=0.30  patience=0/30
2026-10-08 13:32:06,138  gsv3.training             INFO     [group_holdout:fourier] epoch 0081  train_log_mse=0.00250  val_log_mse=0.04384  val_mse=0.000368  max_grad=0.41  patience=6/30
2026-10-08 13:32:42,963  gsv3.training             INFO     [group_holdout:variational] epoch 0125  train_log_mse=0.00299  val_log_mse=0.06457  val_mse=0.000498  max_grad=0.24  patience=3/30
2026-10-08 13:32:46,675  gsv3.training             INFO     [group_holdout:vqe] epoch 0122  train_log_mse=0.00286  val_log_mse=0.06914  val_mse=0.000314  max_grad=0.26  patience=0/30
2026-10-08 13:33:35,693  gsv3.training             INFO     [group_holdout:fourier] epoch 0082  train_log_mse=0.00260  val_log_mse=0.04059  val_mse=0.000357  max_grad=0.83  patience=7/30
2026-10-08 13:33:41,215  gsv3.training             INFO     [group_holdout:variational] epoch 0126  train_log_mse=0.00300  val_log_mse=0.06549  val_mse=0.000481  max_grad=0.21  patience=4/30
2026-10-08 13:33:46,203  gsv3.training             INFO     [group_holdout:vqe] epoch 0123  train_log_mse=0.00287  val_log_mse=0.06869  val_mse=0.000319  max_grad=0.23  patience=1/30
2026-10-08 13:34:39,086  gsv3.training             INFO     [group_holdout:variational] epoch 0127  train_log_mse=0.00304  val_log_mse=0.06748  val_mse=0.000502  max_grad=0.23  patience=5/30
2026-10-08 13:34:45,127  gsv3.training             INFO     [group_holdout:vqe] epoch 0124  train_log_mse=0.00320  val_log_mse=0.06038  val_mse=0.000334  max_grad=0.33  patience=2/30
2026-10-08 13:35:04,080  gsv3.training             INFO     [group_holdout:fourier] epoch 0083  train_log_mse=0.00206  val_log_mse=0.03961  val_mse=0.000349  max_grad=0.30  patience=8/30
2026-10-08 13:35:37,456  gsv3.training             INFO     [group_holdout:variational] epoch 0128  train_log_mse=0.00336  val_log_mse=0.06818  val_mse=0.000498  max_grad=0.38  patience=6/30
2026-10-08 13:35:44,258  gsv3.training             INFO     [group_holdout:vqe] epoch 0125  train_log_mse=0.00315  val_log_mse=0.07938  val_mse=0.000419  max_grad=0.33  patience=3/30
2026-10-08 13:36:32,833  gsv3.training             INFO     [group_holdout:fourier] epoch 0084  train_log_mse=0.00210  val_log_mse=0.03865  val_mse=0.000329  max_grad=0.19  patience=0/30
2026-10-08 13:36:36,056  gsv3.training             INFO     [group_holdout:variational] epoch 0129  train_log_mse=0.00310  val_log_mse=0.06542  val_mse=0.000507  max_grad=0.21  patience=7/30
2026-10-08 13:36:43,766  gsv3.training             INFO     [group_holdout:vqe] epoch 0126  train_log_mse=0.00315  val_log_mse=0.06545  val_mse=0.000355  max_grad=0.43  patience=4/30
2026-10-08 13:37:34,264  gsv3.training             INFO     [group_holdout:variational] epoch 0130  train_log_mse=0.00465  val_log_mse=0.07747  val_mse=0.000559  max_grad=0.54  patience=8/30
2026-10-08 13:37:43,289  gsv3.training             INFO     [group_holdout:vqe] epoch 0127  train_log_mse=0.00315  val_log_mse=0.06364  val_mse=0.000385  max_grad=0.29  patience=5/30
2026-10-08 13:38:01,542  gsv3.training             INFO     [group_holdout:fourier] epoch 0085  train_log_mse=0.00207  val_log_mse=0.03722  val_mse=0.000347  max_grad=0.29  patience=1/30
2026-10-08 13:38:32,431  gsv3.training             INFO     [group_holdout:variational] epoch 0131  train_log_mse=0.00412  val_log_mse=0.06571  val_mse=0.000515  max_grad=0.44  patience=9/30
2026-10-08 13:38:42,659  gsv3.training             INFO     [group_holdout:vqe] epoch 0128  train_log_mse=0.00315  val_log_mse=0.06210  val_mse=0.000323  max_grad=0.28  patience=6/30
2026-10-08 13:39:30,052  gsv3.training             INFO     [group_holdout:fourier] epoch 0086  train_log_mse=0.00208  val_log_mse=0.04030  val_mse=0.000353  max_grad=0.27  patience=2/30
2026-10-08 13:39:30,958  gsv3.training             INFO     [group_holdout:variational] epoch 0132  train_log_mse=0.00342  val_log_mse=0.06459  val_mse=0.000498  max_grad=0.31  patience=10/30
2026-10-08 13:39:42,249  gsv3.training             INFO     [group_holdout:vqe] epoch 0129  train_log_mse=0.00295  val_log_mse=0.07317  val_mse=0.000332  max_grad=0.24  patience=7/30
2026-10-08 13:40:30,290  gsv3.training             INFO     [group_holdout:variational] epoch 0133  train_log_mse=0.00346  val_log_mse=0.06975  val_mse=0.000503  max_grad=0.29  patience=11/30
2026-10-08 13:40:42,046  gsv3.training             INFO     [group_holdout:vqe] epoch 0130  train_log_mse=0.00309  val_log_mse=0.07659  val_mse=0.000345  max_grad=0.30  patience=8/30
2026-10-08 13:40:59,497  gsv3.training             INFO     [group_holdout:fourier] epoch 0087  train_log_mse=0.00220  val_log_mse=0.04673  val_mse=0.000408  max_grad=0.47  patience=3/30
2026-10-08 13:41:29,197  gsv3.training             INFO     [group_holdout:variational] epoch 0134  train_log_mse=0.00323  val_log_mse=0.06285  val_mse=0.000504  max_grad=0.26  patience=12/30
2026-10-08 13:41:40,929  gsv3.training             INFO     [group_holdout:vqe] epoch 0131  train_log_mse=0.00291  val_log_mse=0.06398  val_mse=0.000327  max_grad=0.31  patience=9/30
2026-10-08 13:42:27,782  gsv3.training             INFO     [group_holdout:variational] epoch 0135  train_log_mse=0.00303  val_log_mse=0.06821  val_mse=0.000518  max_grad=0.19  patience=13/30
2026-10-08 13:42:28,237  gsv3.training             INFO     [group_holdout:fourier] epoch 0088  train_log_mse=0.00225  val_log_mse=0.03834  val_mse=0.000335  max_grad=0.29  patience=4/30
2026-10-08 13:42:40,189  gsv3.training             INFO     [group_holdout:vqe] epoch 0132  train_log_mse=0.00284  val_log_mse=0.07202  val_mse=0.000334  max_grad=0.24  patience=10/30
2026-10-08 13:43:26,171  gsv3.training             INFO     [group_holdout:variational] epoch 0136  train_log_mse=0.00366  val_log_mse=0.09190  val_mse=0.000529  max_grad=0.46  patience=14/30
2026-10-08 13:43:39,776  gsv3.training             INFO     [group_holdout:vqe] epoch 0133  train_log_mse=0.00285  val_log_mse=0.06779  val_mse=0.000308  max_grad=0.25  patience=0/30
2026-10-08 13:43:56,955  gsv3.training             INFO     [group_holdout:fourier] epoch 0089  train_log_mse=0.00199  val_log_mse=0.04346  val_mse=0.000384  max_grad=0.25  patience=5/30
2026-10-08 13:44:24,589  gsv3.training             INFO     [group_holdout:variational] epoch 0137  train_log_mse=0.00428  val_log_mse=0.09143  val_mse=0.000510  max_grad=0.62  patience=15/30
2026-10-08 13:44:39,301  gsv3.training             INFO     [group_holdout:vqe] epoch 0134  train_log_mse=0.00311  val_log_mse=0.07118  val_mse=0.000351  max_grad=0.35  patience=1/30
2026-10-08 13:45:23,053  gsv3.training             INFO     [group_holdout:variational] epoch 0138  train_log_mse=0.00371  val_log_mse=0.06427  val_mse=0.000469  max_grad=0.36  patience=16/30
2026-10-08 13:45:26,237  gsv3.training             INFO     [group_holdout:fourier] epoch 0090  train_log_mse=0.00186  val_log_mse=0.03831  val_mse=0.000352  max_grad=0.21  patience=6/30
2026-10-08 13:45:38,509  gsv3.training             INFO     [group_holdout:vqe] epoch 0135  train_log_mse=0.00322  val_log_mse=0.06531  val_mse=0.000339  max_grad=0.28  patience=2/30
2026-10-08 13:46:21,871  gsv3.training             INFO     [group_holdout:variational] epoch 0139  train_log_mse=0.00305  val_log_mse=0.06592  val_mse=0.000507  max_grad=0.21  patience=17/30
2026-10-08 13:46:38,040  gsv3.training             INFO     [group_holdout:vqe] epoch 0136  train_log_mse=0.00280  val_log_mse=0.06372  val_mse=0.000324  max_grad=0.20  patience=3/30
2026-10-08 13:46:55,397  gsv3.training             INFO     [group_holdout:fourier] epoch 0091  train_log_mse=0.00199  val_log_mse=0.04162  val_mse=0.000359  max_grad=0.22  patience=7/30
2026-10-08 13:47:19,768  gsv3.training             INFO     [group_holdout:variational] epoch 0140  train_log_mse=0.00311  val_log_mse=0.06779  val_mse=0.000511  max_grad=0.19  patience=18/30
2026-10-08 13:47:37,363  gsv3.training             INFO     [group_holdout:vqe] epoch 0137  train_log_mse=0.00304  val_log_mse=0.06873  val_mse=0.000308  max_grad=0.41  patience=0/30
2026-10-08 13:48:18,151  gsv3.training             INFO     [group_holdout:variational] epoch 0141  train_log_mse=0.00293  val_log_mse=0.06371  val_mse=0.000497  max_grad=0.23  patience=19/30
2026-10-08 13:48:23,872  gsv3.training             INFO     [group_holdout:fourier] epoch 0092  train_log_mse=0.00243  val_log_mse=0.03807  val_mse=0.000340  max_grad=0.49  patience=8/30
2026-10-08 13:48:36,637  gsv3.training             INFO     [group_holdout:vqe] epoch 0138  train_log_mse=0.00271  val_log_mse=0.06602  val_mse=0.000338  max_grad=0.18  patience=1/30
2026-10-08 13:49:16,718  gsv3.training             INFO     [group_holdout:variational] epoch 0142  train_log_mse=0.00291  val_log_mse=0.06759  val_mse=0.000537  max_grad=0.20  patience=20/30
2026-10-08 13:49:35,888  gsv3.training             INFO     [group_holdout:vqe] epoch 0139  train_log_mse=0.00278  val_log_mse=0.07112  val_mse=0.000318  max_grad=0.28  patience=2/30
2026-10-08 13:49:52,928  gsv3.training             INFO     [group_holdout:fourier] epoch 0093  train_log_mse=0.00185  val_log_mse=0.03714  val_mse=0.000333  max_grad=0.24  patience=9/30
2026-10-08 13:50:14,894  gsv3.training             INFO     [group_holdout:variational] epoch 0143  train_log_mse=0.00304  val_log_mse=0.06810  val_mse=0.000516  max_grad=0.21  patience=21/30
2026-10-08 13:50:35,079  gsv3.training             INFO     [group_holdout:vqe] epoch 0140  train_log_mse=0.00288  val_log_mse=0.06495  val_mse=0.000332  max_grad=0.29  patience=3/30
2026-10-08 13:51:13,331  gsv3.training             INFO     [group_holdout:variational] epoch 0144  train_log_mse=0.00345  val_log_mse=0.06478  val_mse=0.000482  max_grad=0.32  patience=22/30
2026-10-08 13:51:21,954  gsv3.training             INFO     [group_holdout:fourier] epoch 0094  train_log_mse=0.00182  val_log_mse=0.03884  val_mse=0.000347  max_grad=0.19  patience=10/30
2026-10-08 13:51:34,150  gsv3.training             INFO     [group_holdout:vqe] epoch 0141  train_log_mse=0.00282  val_log_mse=0.06435  val_mse=0.000333  max_grad=0.34  patience=4/30
2026-10-08 13:52:11,754  gsv3.training             INFO     [group_holdout:variational] epoch 0145  train_log_mse=0.00351  val_log_mse=0.07221  val_mse=0.000514  max_grad=0.39  patience=23/30
2026-10-08 13:52:33,381  gsv3.training             INFO     [group_holdout:vqe] epoch 0142  train_log_mse=0.00277  val_log_mse=0.07023  val_mse=0.000354  max_grad=0.20  patience=5/30
2026-10-08 13:52:50,690  gsv3.training             INFO     [group_holdout:fourier] epoch 0095  train_log_mse=0.00192  val_log_mse=0.04060  val_mse=0.000371  max_grad=0.22  patience=11/30
2026-10-08 13:53:09,843  gsv3.training             INFO     [group_holdout:variational] epoch 0146  train_log_mse=0.00352  val_log_mse=0.06666  val_mse=0.000498  max_grad=0.35  patience=24/30
2026-10-08 13:53:32,506  gsv3.training             INFO     [group_holdout:vqe] epoch 0143  train_log_mse=0.00282  val_log_mse=0.06692  val_mse=0.000352  max_grad=0.24  patience=6/30
2026-10-08 13:54:08,107  gsv3.training             INFO     [group_holdout:variational] epoch 0147  train_log_mse=0.00354  val_log_mse=0.06746  val_mse=0.000495  max_grad=0.34  patience=25/30
2026-10-08 13:54:19,453  gsv3.training             INFO     [group_holdout:fourier] epoch 0096  train_log_mse=0.00206  val_log_mse=0.03834  val_mse=0.000331  max_grad=0.23  patience=12/30
2026-10-08 13:54:31,687  gsv3.training             INFO     [group_holdout:vqe] epoch 0144  train_log_mse=0.00279  val_log_mse=0.06365  val_mse=0.000326  max_grad=0.18  patience=7/30
2026-10-08 13:55:06,416  gsv3.training             INFO     [group_holdout:variational] epoch 0148  train_log_mse=0.00321  val_log_mse=0.06890  val_mse=0.000516  max_grad=0.37  patience=26/30
2026-10-08 13:55:31,023  gsv3.training             INFO     [group_holdout:vqe] epoch 0145  train_log_mse=0.00381  val_log_mse=0.06702  val_mse=0.000363  max_grad=0.54  patience=8/30
2026-10-08 13:55:48,201  gsv3.training             INFO     [group_holdout:fourier] epoch 0097  train_log_mse=0.00190  val_log_mse=0.04125  val_mse=0.000353  max_grad=0.25  patience=13/30
2026-10-08 13:56:04,505  gsv3.training             INFO     [group_holdout:variational] epoch 0149  train_log_mse=0.00312  val_log_mse=0.06284  val_mse=0.000507  max_grad=0.28  patience=27/30
2026-10-08 13:56:30,140  gsv3.training             INFO     [group_holdout:vqe] epoch 0146  train_log_mse=0.00314  val_log_mse=0.06845  val_mse=0.000350  max_grad=0.29  patience=9/30
2026-10-08 13:57:02,639  gsv3.training             INFO     [group_holdout:variational] epoch 0150  train_log_mse=0.00294  val_log_mse=0.06739  val_mse=0.000506  max_grad=0.21  patience=28/30
2026-10-08 13:57:16,558  gsv3.training             INFO     [group_holdout:fourier] epoch 0098  train_log_mse=0.00198  val_log_mse=0.03918  val_mse=0.000343  max_grad=0.22  patience=14/30
2026-10-08 13:57:29,577  gsv3.training             INFO     [group_holdout:vqe] epoch 0147  train_log_mse=0.00403  val_log_mse=0.06202  val_mse=0.000336  max_grad=0.70  patience=10/30
2026-10-08 13:58:00,742  gsv3.training             INFO     [group_holdout:variational] epoch 0151  train_log_mse=0.00320  val_log_mse=0.06478  val_mse=0.000498  max_grad=0.23  patience=29/30
2026-10-08 13:58:29,025  gsv3.training             INFO     [group_holdout:vqe] epoch 0148  train_log_mse=0.00317  val_log_mse=0.06327  val_mse=0.000313  max_grad=0.32  patience=11/30
2026-10-08 13:58:45,293  gsv3.training             INFO     [group_holdout:fourier] epoch 0099  train_log_mse=0.00179  val_log_mse=0.04121  val_mse=0.000344  max_grad=0.19  patience=15/30
2026-10-08 13:58:59,537  gsv3.training             INFO     [group_holdout:variational] epoch 0152  train_log_mse=0.00314  val_log_mse=0.06477  val_mse=0.000526  max_grad=0.30  patience=30/30
2026-10-08 13:59:18,463  gsv3.experiment           INFO     [variational] TEST  n=9928  MAE=0.0953  R2=0.7949  device-acc=0.627  regret=0.0215
2026-10-08 13:59:18,466  genstudy.io               INFO     Wrote evaluations/generalization_v5/results/v5_sinkhorn_s6/leave_one_group_out/variational/metrics.json
2026-10-08 13:59:18,517  genstudy.io               INFO     Wrote evaluations/generalization_v5/results/v5_sinkhorn_s6/leave_one_group_out/variational/predictions.json
2026-10-08 13:59:18,530  genstudy.io               INFO     Wrote evaluations/generalization_v5/results/v5_sinkhorn_s6/leave_one_group_out/variational/history.json
2026-10-08 13:59:18,550  run_experiment            INFO     leave_one_group_out finished: 1 complete, 0 skipped
2026-10-08 13:59:27,700  gsv3.training             INFO     [group_holdout:vqe] epoch 0149  train_log_mse=0.00291  val_log_mse=0.06403  val_mse=0.000323  max_grad=0.30  patience=12/30
2026-10-08 14:00:10,878  gsv3.training             INFO     [group_holdout:fourier] epoch 0100  train_log_mse=0.00184  val_log_mse=0.03855  val_mse=0.000349  max_grad=0.26  patience=16/30
2026-10-08 14:00:23,656  gsv3.training             INFO     [group_holdout:vqe] epoch 0150  train_log_mse=0.00270  val_log_mse=0.06370  val_mse=0.000321  max_grad=0.22  patience=13/30
2026-10-08 14:01:19,555  gsv3.training             INFO     [group_holdout:vqe] epoch 0151  train_log_mse=0.00258  val_log_mse=0.06396  val_mse=0.000308  max_grad=0.19  patience=14/30
2026-10-08 14:01:34,869  gsv3.training             INFO     [group_holdout:fourier] epoch 0101  train_log_mse=0.00183  val_log_mse=0.04038  val_mse=0.000369  max_grad=0.24  patience=17/30
2026-10-08 14:02:15,514  gsv3.training             INFO     [group_holdout:vqe] epoch 0152  train_log_mse=0.00252  val_log_mse=0.06660  val_mse=0.000346  max_grad=0.18  patience=15/30
2026-10-08 14:02:58,948  gsv3.training             INFO     [group_holdout:fourier] epoch 0102  train_log_mse=0.00211  val_log_mse=0.03948  val_mse=0.000337  max_grad=0.25  patience=18/30
2026-10-08 14:03:11,162  gsv3.training             INFO     [group_holdout:vqe] epoch 0153  train_log_mse=0.00257  val_log_mse=0.06898  val_mse=0.000321  max_grad=0.22  patience=16/30
2026-10-08 14:04:07,393  gsv3.training             INFO     [group_holdout:vqe] epoch 0154  train_log_mse=0.00258  val_log_mse=0.06642  val_mse=0.000355  max_grad=0.28  patience=17/30
2026-10-08 14:04:22,780  gsv3.training             INFO     [group_holdout:fourier] epoch 0103  train_log_mse=0.00196  val_log_mse=0.04036  val_mse=0.000365  max_grad=0.29  patience=19/30
2026-10-08 14:05:03,651  gsv3.training             INFO     [group_holdout:vqe] epoch 0155  train_log_mse=0.00275  val_log_mse=0.06676  val_mse=0.000339  max_grad=0.22  patience=18/30
2026-10-08 14:05:46,427  gsv3.training             INFO     [group_holdout:fourier] epoch 0104  train_log_mse=0.00215  val_log_mse=0.03883  val_mse=0.000369  max_grad=2.99  patience=20/30
2026-10-08 14:05:59,745  gsv3.training             INFO     [group_holdout:vqe] epoch 0156  train_log_mse=0.00268  val_log_mse=0.06791  val_mse=0.000322  max_grad=0.29  patience=19/30
2026-10-08 14:06:55,677  gsv3.training             INFO     [group_holdout:vqe] epoch 0157  train_log_mse=0.00267  val_log_mse=0.06640  val_mse=0.000326  max_grad=0.19  patience=20/30
2026-10-08 14:07:10,174  gsv3.training             INFO     [group_holdout:fourier] epoch 0105  train_log_mse=0.00185  val_log_mse=0.03854  val_mse=0.000332  max_grad=0.25  patience=21/30
2026-10-08 14:07:51,574  gsv3.training             INFO     [group_holdout:vqe] epoch 0158  train_log_mse=0.00313  val_log_mse=0.07444  val_mse=0.000375  max_grad=0.30  patience=21/30
2026-10-08 14:08:33,777  gsv3.training             INFO     [group_holdout:fourier] epoch 0106  train_log_mse=0.00198  val_log_mse=0.04011  val_mse=0.000364  max_grad=0.51  patience=22/30
2026-10-08 14:08:47,327  gsv3.training             INFO     [group_holdout:vqe] epoch 0159  train_log_mse=0.00271  val_log_mse=0.06544  val_mse=0.000342  max_grad=0.21  patience=22/30
2026-10-08 14:09:43,113  gsv3.training             INFO     [group_holdout:vqe] epoch 0160  train_log_mse=0.00259  val_log_mse=0.06144  val_mse=0.000332  max_grad=0.22  patience=23/30
2026-10-08 14:09:57,431  gsv3.training             INFO     [group_holdout:fourier] epoch 0107  train_log_mse=0.00181  val_log_mse=0.04203  val_mse=0.000334  max_grad=0.19  patience=23/30
2026-10-08 14:10:39,256  gsv3.training             INFO     [group_holdout:vqe] epoch 0161  train_log_mse=0.00262  val_log_mse=0.06647  val_mse=0.000336  max_grad=0.20  patience=24/30
2026-10-08 14:11:21,241  gsv3.training             INFO     [group_holdout:fourier] epoch 0108  train_log_mse=0.00174  val_log_mse=0.03949  val_mse=0.000340  max_grad=0.30  patience=24/30
2026-10-08 14:11:34,943  gsv3.training             INFO     [group_holdout:vqe] epoch 0162  train_log_mse=0.00268  val_log_mse=0.06545  val_mse=0.000329  max_grad=0.23  patience=25/30
2026-10-08 14:12:30,624  gsv3.training             INFO     [group_holdout:vqe] epoch 0163  train_log_mse=0.00270  val_log_mse=0.06682  val_mse=0.000344  max_grad=0.23  patience=26/30
2026-10-08 14:12:44,823  gsv3.training             INFO     [group_holdout:fourier] epoch 0109  train_log_mse=0.00204  val_log_mse=0.04402  val_mse=0.000507  max_grad=0.46  patience=25/30
2026-10-08 14:13:26,474  gsv3.training             INFO     [group_holdout:vqe] epoch 0164  train_log_mse=0.00268  val_log_mse=0.06783  val_mse=0.000339  max_grad=0.21  patience=27/30
2026-10-08 14:14:08,531  gsv3.training             INFO     [group_holdout:fourier] epoch 0110  train_log_mse=0.00196  val_log_mse=0.04113  val_mse=0.000342  max_grad=0.24  patience=26/30
2026-10-08 14:14:22,132  gsv3.training             INFO     [group_holdout:vqe] epoch 0165  train_log_mse=0.00304  val_log_mse=0.07089  val_mse=0.000350  max_grad=0.28  patience=28/30
2026-10-08 14:15:18,287  gsv3.training             INFO     [group_holdout:vqe] epoch 0166  train_log_mse=0.00306  val_log_mse=0.07631  val_mse=0.000367  max_grad=0.38  patience=29/30
2026-10-08 14:15:32,106  gsv3.training             INFO     [group_holdout:fourier] epoch 0111  train_log_mse=0.00210  val_log_mse=0.04066  val_mse=0.000359  max_grad=0.40  patience=27/30
2026-10-08 14:16:13,871  gsv3.training             INFO     [group_holdout:vqe] epoch 0167  train_log_mse=0.00308  val_log_mse=0.07356  val_mse=0.000355  max_grad=0.41  patience=30/30
2026-10-08 14:16:30,059  gsv3.experiment           INFO     [vqe] TEST  n=9168  MAE=0.0683  R2=0.8928  device-acc=0.628  regret=0.0179
2026-10-08 14:16:30,062  genstudy.io               INFO     Wrote evaluations/generalization_v5/results/v5_sinkhorn_s6/leave_one_group_out/vqe/metrics.json
2026-10-08 14:16:30,107  genstudy.io               INFO     Wrote evaluations/generalization_v5/results/v5_sinkhorn_s6/leave_one_group_out/vqe/predictions.json
2026-10-08 14:16:30,120  genstudy.io               INFO     Wrote evaluations/generalization_v5/results/v5_sinkhorn_s6/leave_one_group_out/vqe/history.json
2026-10-08 14:16:30,142  run_experiment            INFO     leave_one_group_out finished: 1 complete, 0 skipped
2026-10-08 14:16:52,817  gsv3.training             INFO     [group_holdout:fourier] epoch 0112  train_log_mse=0.00168  val_log_mse=0.03931  val_mse=0.000347  max_grad=0.17  patience=28/30
2026-10-08 14:18:09,557  gsv3.training             INFO     [group_holdout:fourier] epoch 0113  train_log_mse=0.00175  val_log_mse=0.04049  val_mse=0.000353  max_grad=0.20  patience=29/30
2026-10-08 14:19:26,359  gsv3.training             INFO     [group_holdout:fourier] epoch 0114  train_log_mse=0.00178  val_log_mse=0.04063  val_mse=0.000378  max_grad=0.25  patience=30/30
2026-10-08 14:19:31,637  gsv3.experiment           INFO     [fourier] TEST  n=2904  MAE=0.0943  R2=0.7739  device-acc=0.663  regret=0.0225
2026-10-08 14:19:31,640  genstudy.io               INFO     Wrote evaluations/generalization_v5/results/v5_sinkhorn_s6/leave_one_group_out/fourier/metrics.json
2026-10-08 14:19:31,655  genstudy.io               INFO     Wrote evaluations/generalization_v5/results/v5_sinkhorn_s6/leave_one_group_out/fourier/predictions.json
2026-10-08 14:19:31,666  genstudy.io               INFO     Wrote evaluations/generalization_v5/results/v5_sinkhorn_s6/leave_one_group_out/fourier/history.json
2026-10-08 14:19:31,685  run_experiment            INFO     leave_one_group_out finished: 1 complete, 0 skipped
