2026-10-09 06:25:53,749  genstudy.io               INFO     Logging to evaluations/generalization_v8/results/v8a_c001_s6/leave_one_family_out/run.log
2026-10-09 06:25:53,750  run_experiment            INFO     Command line: evaluations/generalization_v3/scripts/run_experiment.py lofo --model sinkhorn --balance-alpha 0 --lr 3e-4 --grad-clip 1.0 --seed 6 --families qnn --groups qnn --loss mixed --val-mode random --layout-lambda 0.1 --layout-loss region_dist --layouts-path evaluations/compile_check/results/compiler_layouts_v6pilot.pt --count-lambda 0.01 --counts-path evaluations/compile_check/results/compiler_counts_v8.pt --results-dir evaluations/generalization_v8/results/v8a_c001_s6
2026-10-09 06:25:53,750  gsv2.gpu                  WARNING  No CUDA device available — running on the CPU.
2026-10-09 06:25:53,751  gsv3.model                INFO     Hyper-parameters (/home/atudisco/pred-distr-tool/src/model/best_params.json + v3 defaults): {'device_hidden': 64, 'device_layers': 3, 'fusion_dim': 128, 'qubit_layers': 2, 'attn_heads': 4, 'lap_pe': 8, 'cost_bias_init': -6.0, 'hidden_dim': 142, 'num_conv_wo_resnet': 3, 'num_resnet_layers': 1, 'dropout': 0.0, 'bidirectional': True, 'mlp': [512, 256, 128], 'lr': 0.001, 'readout': 'meanmaxsum'}
2026-10-09 06:25:53,760  genstudy.io               INFO     Logging to evaluations/generalization_v8/results/v8a_c001_s6/leave_one_family_out/run.log
2026-10-09 06:25:53,760  run_experiment            INFO     Command line: evaluations/generalization_v3/scripts/run_experiment.py lofo --model sinkhorn --balance-alpha 0 --lr 3e-4 --grad-clip 1.0 --seed 6 --families qaoa --groups qaoa --loss mixed --val-mode random --layout-lambda 0.1 --layout-loss region_dist --layouts-path evaluations/compile_check/results/compiler_layouts_v6pilot.pt --count-lambda 0.01 --counts-path evaluations/compile_check/results/compiler_counts_v8.pt --results-dir evaluations/generalization_v8/results/v8a_c001_s6
2026-10-09 06:25:53,760  gsv2.gpu                  WARNING  No CUDA device available — running on the CPU.
2026-10-09 06:25:53,761  gsv3.model                INFO     Hyper-parameters (/home/atudisco/pred-distr-tool/src/model/best_params.json + v3 defaults): {'device_hidden': 64, 'device_layers': 3, 'fusion_dim': 128, 'qubit_layers': 2, 'attn_heads': 4, 'lap_pe': 8, 'cost_bias_init': -6.0, 'hidden_dim': 142, 'num_conv_wo_resnet': 3, 'num_resnet_layers': 1, 'dropout': 0.0, 'bidirectional': True, 'mlp': [512, 256, 128], 'lr': 0.001, 'readout': 'meanmaxsum'}
2026-10-09 06:25:53,764  gsv3.devices              INFO     Device graphs: node features 13 (Laplacian PE 8), physical errors True
2026-10-09 06:25:53,766  genstudy.data             INFO     Loading graph dataset: /home/atudisco/pred-distr-tool/evaluations/generalization_v3/data/graph_dataset_expected_fidelity.pt
2026-10-09 06:25:53,773  gsv3.devices              INFO     Device graphs: node features 13 (Laplacian PE 8), physical errors True
2026-10-09 06:25:53,774  genstudy.data             INFO     Loading graph dataset: /home/atudisco/pred-distr-tool/evaluations/generalization_v3/data/graph_dataset_expected_fidelity.pt
2026-10-09 06:25:57,110  genstudy.data             INFO     Loaded 17056 graphs
2026-10-09 06:25:57,130  genstudy.data             INFO     Loaded 17056 graphs
2026-10-09 06:25:57,642  run_experiment            INFO     Compiler layouts (evaluations/compile_check/results/compiler_layouts_v6pilot.pt): 16994/17056 circuits
2026-10-09 06:25:57,662  run_experiment            INFO     Compiler layouts (evaluations/compile_check/results/compiler_layouts_v6pilot.pt): 16994/17056 circuits
2026-10-09 06:25:58,138  run_experiment            INFO     Compiler counts (evaluations/compile_check/results/compiler_counts_v8.pt): 16994/17056 circuits
2026-10-09 06:25:58,145  genstudy.io               INFO     Wrote evaluations/generalization_v8/results/v8a_c001_s6/leave_one_family_out/dataset_summary.json
2026-10-09 06:25:58,146  genstudy.data             INFO     Holding out 1 families: qnn
2026-10-09 06:25:58,148  run_experiment            INFO     [1/1] qnn
2026-10-09 06:25:58,151  gsv3.experiment           INFO     === family_holdout / qnn ===
2026-10-09 06:25:58,151  gsv3.experiment           INFO     Leave-one-family-out: test = all 760 'qnn' circuits, train = 16296 circuits from 34 other families.
2026-10-09 06:25:58,152  gsv3.experiment           INFO     train=13037  val=3259 ({'mode': 'random'})  test=760
2026-10-09 06:25:58,174  run_experiment            INFO     Compiler counts (evaluations/compile_check/results/compiler_counts_v8.pt): 16994/17056 circuits
2026-10-09 06:25:58,181  genstudy.io               INFO     Wrote evaluations/generalization_v8/results/v8a_c001_s6/leave_one_family_out/dataset_summary.json
2026-10-09 06:25:58,182  genstudy.data             INFO     Holding out 1 families: qaoa
2026-10-09 06:25:58,184  run_experiment            INFO     [1/1] qaoa
2026-10-09 06:25:58,186  gsv3.experiment           INFO     === family_holdout / qaoa ===
2026-10-09 06:25:58,186  gsv3.experiment           INFO     Leave-one-family-out: test = all 2706 'qaoa' circuits, train = 14350 circuits from 34 other families.
2026-10-09 06:25:58,188  gsv3.experiment           INFO     train=11480  val=2870 ({'mode': 'random'})  test=2706
2026-10-09 06:25:58,620  gsv3.training             INFO     [family_holdout:qnn] model=sinkhorn (979423 params) train=13037 val=3259 lr=0.0003 clip=1.0 alpha=0.00
2026-10-09 06:25:58,633  gsv3.training             INFO     [family_holdout:qaoa] model=sinkhorn (979423 params) train=11480 val=2870 lr=0.0003 clip=1.0 alpha=0.00
2026-10-09 06:27:20,592  gsv3.training             INFO     [family_holdout:qaoa] epoch 0001  count_mse=0.6592  count_rel_err_2q=0.575
2026-10-09 06:27:20,592  gsv3.training             INFO     [family_holdout:qaoa] epoch 0001  region_bce=0.5919  dist_mse=0.2427  region_overlap=0.666
2026-10-09 06:27:20,594  gsv3.training             INFO     [family_holdout:qaoa] epoch 0001  train_log_mse=0.20816  val_log_mse=0.31846  val_mse=0.002289  max_grad=453.62  patience=0/30
2026-10-09 06:27:42,502  gsv3.training             INFO     [family_holdout:qnn] epoch 0001  count_mse=0.9309  count_rel_err_2q=0.594
2026-10-09 06:27:42,503  gsv3.training             INFO     [family_holdout:qnn] epoch 0001  region_bce=0.6264  dist_mse=0.2325  region_overlap=0.654
2026-10-09 06:27:42,505  gsv3.training             INFO     [family_holdout:qnn] epoch 0001  train_log_mse=0.20983  val_log_mse=0.31499  val_mse=0.001902  max_grad=641.47  patience=0/30
2026-10-09 06:28:42,259  gsv3.training             INFO     [family_holdout:qaoa] epoch 0002  count_mse=0.3620  count_rel_err_2q=0.307
2026-10-09 06:28:42,259  gsv3.training             INFO     [family_holdout:qaoa] epoch 0002  region_bce=0.3704  dist_mse=0.1947  region_overlap=0.739
2026-10-09 06:28:42,261  gsv3.training             INFO     [family_holdout:qaoa] epoch 0002  train_log_mse=0.02512  val_log_mse=0.17580  val_mse=0.001328  max_grad=6.02  patience=0/30
2026-10-09 06:29:25,492  gsv3.training             INFO     [family_holdout:qnn] epoch 0002  count_mse=0.4279  count_rel_err_2q=0.353
2026-10-09 06:29:25,493  gsv3.training             INFO     [family_holdout:qnn] epoch 0002  region_bce=0.3965  dist_mse=0.1889  region_overlap=0.722
2026-10-09 06:29:25,494  gsv3.training             INFO     [family_holdout:qnn] epoch 0002  train_log_mse=0.03161  val_log_mse=0.19228  val_mse=0.001689  max_grad=10.93  patience=0/30
2026-10-09 06:30:04,656  gsv3.training             INFO     [family_holdout:qaoa] epoch 0003  count_mse=0.2914  count_rel_err_2q=0.288
2026-10-09 06:30:04,657  gsv3.training             INFO     [family_holdout:qaoa] epoch 0003  region_bce=0.3239  dist_mse=0.1735  region_overlap=0.766
2026-10-09 06:30:04,659  gsv3.training             INFO     [family_holdout:qaoa] epoch 0003  train_log_mse=0.01914  val_log_mse=0.11759  val_mse=0.001232  max_grad=4.77  patience=0/30
2026-10-09 06:31:08,905  gsv3.training             INFO     [family_holdout:qnn] epoch 0003  count_mse=0.3063  count_rel_err_2q=0.325
2026-10-09 06:31:08,906  gsv3.training             INFO     [family_holdout:qnn] epoch 0003  region_bce=0.3461  dist_mse=0.1708  region_overlap=0.751
2026-10-09 06:31:08,906  gsv3.training             INFO     [family_holdout:qnn] epoch 0003  train_log_mse=0.01912  val_log_mse=0.27371  val_mse=0.002193  max_grad=4.71  patience=1/30
2026-10-09 06:31:26,983  gsv3.training             INFO     [family_holdout:qaoa] epoch 0004  count_mse=0.2494  count_rel_err_2q=0.270
2026-10-09 06:31:26,984  gsv3.training             INFO     [family_holdout:qaoa] epoch 0004  region_bce=0.2980  dist_mse=0.1598  region_overlap=0.782
2026-10-09 06:31:26,986  gsv3.training             INFO     [family_holdout:qaoa] epoch 0004  train_log_mse=0.01429  val_log_mse=0.11835  val_mse=0.001132  max_grad=5.39  patience=0/30
2026-10-09 06:32:49,278  gsv3.training             INFO     [family_holdout:qaoa] epoch 0005  count_mse=0.2178  count_rel_err_2q=0.260
2026-10-09 06:32:49,279  gsv3.training             INFO     [family_holdout:qaoa] epoch 0005  region_bce=0.2808  dist_mse=0.1517  region_overlap=0.792
2026-10-09 06:32:49,281  gsv3.training             INFO     [family_holdout:qaoa] epoch 0005  train_log_mse=0.01310  val_log_mse=0.13935  val_mse=0.000971  max_grad=3.91  patience=0/30
2026-10-09 06:32:52,707  gsv3.training             INFO     [family_holdout:qnn] epoch 0004  count_mse=0.2620  count_rel_err_2q=0.306
2026-10-09 06:32:52,707  gsv3.training             INFO     [family_holdout:qnn] epoch 0004  region_bce=0.3178  dist_mse=0.1592  region_overlap=0.768
2026-10-09 06:32:52,709  gsv3.training             INFO     [family_holdout:qnn] epoch 0004  train_log_mse=0.01722  val_log_mse=0.12597  val_mse=0.001019  max_grad=8.04  patience=0/30
2026-10-09 06:34:12,178  gsv3.training             INFO     [family_holdout:qaoa] epoch 0006  count_mse=0.1942  count_rel_err_2q=0.251
2026-10-09 06:34:12,179  gsv3.training             INFO     [family_holdout:qaoa] epoch 0006  region_bce=0.2652  dist_mse=0.1458  region_overlap=0.801
2026-10-09 06:34:12,179  gsv3.training             INFO     [family_holdout:qaoa] epoch 0006  train_log_mse=0.01098  val_log_mse=0.13081  val_mse=0.000976  max_grad=2.68  patience=1/30
2026-10-09 06:34:36,543  gsv3.training             INFO     [family_holdout:qnn] epoch 0005  count_mse=0.2281  count_rel_err_2q=0.292
2026-10-09 06:34:36,544  gsv3.training             INFO     [family_holdout:qnn] epoch 0005  region_bce=0.2968  dist_mse=0.1517  region_overlap=0.780
2026-10-09 06:34:36,545  gsv3.training             INFO     [family_holdout:qnn] epoch 0005  train_log_mse=0.01399  val_log_mse=0.10635  val_mse=0.000905  max_grad=3.84  patience=0/30
2026-10-09 06:35:35,004  gsv3.training             INFO     [family_holdout:qaoa] epoch 0007  count_mse=0.1751  count_rel_err_2q=0.245
2026-10-09 06:35:35,004  gsv3.training             INFO     [family_holdout:qaoa] epoch 0007  region_bce=0.2497  dist_mse=0.1387  region_overlap=0.811
2026-10-09 06:35:35,007  gsv3.training             INFO     [family_holdout:qaoa] epoch 0007  train_log_mse=0.01040  val_log_mse=0.07001  val_mse=0.000939  max_grad=2.32  patience=0/30
2026-10-09 06:36:20,173  gsv3.training             INFO     [family_holdout:qnn] epoch 0006  count_mse=0.2040  count_rel_err_2q=0.277
2026-10-09 06:36:20,173  gsv3.training             INFO     [family_holdout:qnn] epoch 0006  region_bce=0.2788  dist_mse=0.1452  region_overlap=0.791
2026-10-09 06:36:20,173  gsv3.training             INFO     [family_holdout:qnn] epoch 0006  train_log_mse=0.01058  val_log_mse=0.12577  val_mse=0.001611  max_grad=3.74  patience=1/30
2026-10-09 06:36:57,326  gsv3.training             INFO     [family_holdout:qaoa] epoch 0008  count_mse=0.1600  count_rel_err_2q=0.240
2026-10-09 06:36:57,326  gsv3.training             INFO     [family_holdout:qaoa] epoch 0008  region_bce=0.2321  dist_mse=0.1312  region_overlap=0.824
2026-10-09 06:36:57,328  gsv3.training             INFO     [family_holdout:qaoa] epoch 0008  train_log_mse=0.00941  val_log_mse=0.08427  val_mse=0.000831  max_grad=3.09  patience=0/30
2026-10-09 06:38:03,865  gsv3.training             INFO     [family_holdout:qnn] epoch 0007  count_mse=0.1852  count_rel_err_2q=0.270
2026-10-09 06:38:03,865  gsv3.training             INFO     [family_holdout:qnn] epoch 0007  region_bce=0.2603  dist_mse=0.1366  region_overlap=0.804
2026-10-09 06:38:03,865  gsv3.training             INFO     [family_holdout:qnn] epoch 0007  train_log_mse=0.01149  val_log_mse=0.12684  val_mse=0.000964  max_grad=5.87  patience=2/30
2026-10-09 06:38:19,597  gsv3.training             INFO     [family_holdout:qaoa] epoch 0009  count_mse=0.1535  count_rel_err_2q=0.240
2026-10-09 06:38:19,597  gsv3.training             INFO     [family_holdout:qaoa] epoch 0009  region_bce=0.2231  dist_mse=0.1274  region_overlap=0.830
2026-10-09 06:38:19,597  gsv3.training             INFO     [family_holdout:qaoa] epoch 0009  train_log_mse=0.00952  val_log_mse=0.08741  val_mse=0.000980  max_grad=1.91  patience=1/30
2026-10-09 06:39:41,887  gsv3.training             INFO     [family_holdout:qaoa] epoch 0010  count_mse=0.1434  count_rel_err_2q=0.237
2026-10-09 06:39:41,888  gsv3.training             INFO     [family_holdout:qaoa] epoch 0010  region_bce=0.2133  dist_mse=0.1240  region_overlap=0.837
2026-10-09 06:39:41,888  gsv3.training             INFO     [family_holdout:qaoa] epoch 0010  train_log_mse=0.00901  val_log_mse=0.15024  val_mse=0.001431  max_grad=2.63  patience=2/30
2026-10-09 06:39:47,440  gsv3.training             INFO     [family_holdout:qnn] epoch 0008  count_mse=0.1721  count_rel_err_2q=0.263
2026-10-09 06:39:47,441  gsv3.training             INFO     [family_holdout:qnn] epoch 0008  region_bce=0.2456  dist_mse=0.1304  region_overlap=0.815
2026-10-09 06:39:47,443  gsv3.training             INFO     [family_holdout:qnn] epoch 0008  train_log_mse=0.00967  val_log_mse=0.10993  val_mse=0.000820  max_grad=2.98  patience=0/30
2026-10-09 06:41:04,508  gsv3.training             INFO     [family_holdout:qaoa] epoch 0011  count_mse=0.1383  count_rel_err_2q=0.236
2026-10-09 06:41:04,508  gsv3.training             INFO     [family_holdout:qaoa] epoch 0011  region_bce=0.2068  dist_mse=0.1210  region_overlap=0.841
2026-10-09 06:41:04,510  gsv3.training             INFO     [family_holdout:qaoa] epoch 0011  train_log_mse=0.00838  val_log_mse=0.09608  val_mse=0.000821  max_grad=2.00  patience=0/30
2026-10-09 06:41:30,825  gsv3.training             INFO     [family_holdout:qnn] epoch 0009  count_mse=0.1612  count_rel_err_2q=0.261
2026-10-09 06:41:30,826  gsv3.training             INFO     [family_holdout:qnn] epoch 0009  region_bce=0.2350  dist_mse=0.1270  region_overlap=0.823
2026-10-09 06:41:30,828  gsv3.training             INFO     [family_holdout:qnn] epoch 0009  train_log_mse=0.00974  val_log_mse=0.07356  val_mse=0.000780  max_grad=3.20  patience=0/30
2026-10-09 06:42:26,539  gsv3.training             INFO     [family_holdout:qaoa] epoch 0012  count_mse=0.1301  count_rel_err_2q=0.231
2026-10-09 06:42:26,539  gsv3.training             INFO     [family_holdout:qaoa] epoch 0012  region_bce=0.2007  dist_mse=0.1185  region_overlap=0.845
2026-10-09 06:42:26,539  gsv3.training             INFO     [family_holdout:qaoa] epoch 0012  train_log_mse=0.00812  val_log_mse=0.09710  val_mse=0.000872  max_grad=1.63  patience=1/30
2026-10-09 06:43:14,175  gsv3.training             INFO     [family_holdout:qnn] epoch 0010  count_mse=0.1529  count_rel_err_2q=0.256
2026-10-09 06:43:14,175  gsv3.training             INFO     [family_holdout:qnn] epoch 0010  region_bce=0.2261  dist_mse=0.1245  region_overlap=0.829
2026-10-09 06:43:14,177  gsv3.training             INFO     [family_holdout:qnn] epoch 0010  train_log_mse=0.00926  val_log_mse=0.07451  val_mse=0.000696  max_grad=2.65  patience=0/30
2026-10-09 06:43:48,956  gsv3.training             INFO     [family_holdout:qaoa] epoch 0013  count_mse=0.1232  count_rel_err_2q=0.229
2026-10-09 06:43:48,957  gsv3.training             INFO     [family_holdout:qaoa] epoch 0013  region_bce=0.1937  dist_mse=0.1163  region_overlap=0.849
2026-10-09 06:43:48,959  gsv3.training             INFO     [family_holdout:qaoa] epoch 0013  train_log_mse=0.00735  val_log_mse=0.10397  val_mse=0.000790  max_grad=1.77  patience=0/30
2026-10-09 06:44:57,424  gsv3.training             INFO     [family_holdout:qnn] epoch 0011  count_mse=0.1447  count_rel_err_2q=0.255
2026-10-09 06:44:57,424  gsv3.training             INFO     [family_holdout:qnn] epoch 0011  region_bce=0.2167  dist_mse=0.1216  region_overlap=0.836
2026-10-09 06:44:57,424  gsv3.training             INFO     [family_holdout:qnn] epoch 0011  train_log_mse=0.00805  val_log_mse=0.14652  val_mse=0.000764  max_grad=2.32  patience=1/30
2026-10-09 06:45:11,277  gsv3.training             INFO     [family_holdout:qaoa] epoch 0014  count_mse=0.1207  count_rel_err_2q=0.228
2026-10-09 06:45:11,277  gsv3.training             INFO     [family_holdout:qaoa] epoch 0014  region_bce=0.1895  dist_mse=0.1149  region_overlap=0.852
2026-10-09 06:45:11,279  gsv3.training             INFO     [family_holdout:qaoa] epoch 0014  train_log_mse=0.00859  val_log_mse=0.08736  val_mse=0.000689  max_grad=2.16  patience=0/30
2026-10-09 06:46:33,229  gsv3.training             INFO     [family_holdout:qaoa] epoch 0015  count_mse=0.1116  count_rel_err_2q=0.222
2026-10-09 06:46:33,230  gsv3.training             INFO     [family_holdout:qaoa] epoch 0015  region_bce=0.1829  dist_mse=0.1123  region_overlap=0.856
2026-10-09 06:46:33,230  gsv3.training             INFO     [family_holdout:qaoa] epoch 0015  train_log_mse=0.00647  val_log_mse=0.04940  val_mse=0.000698  max_grad=2.02  patience=1/30
2026-10-09 06:46:40,830  gsv3.training             INFO     [family_holdout:qnn] epoch 0012  count_mse=0.1370  count_rel_err_2q=0.254
2026-10-09 06:46:40,831  gsv3.training             INFO     [family_holdout:qnn] epoch 0012  region_bce=0.2094  dist_mse=0.1196  region_overlap=0.840
2026-10-09 06:46:40,833  gsv3.training             INFO     [family_holdout:qnn] epoch 0012  train_log_mse=0.00795  val_log_mse=0.06279  val_mse=0.000608  max_grad=3.12  patience=0/30
2026-10-09 06:47:55,651  gsv3.training             INFO     [family_holdout:qaoa] epoch 0016  count_mse=0.1084  count_rel_err_2q=0.220
2026-10-09 06:47:55,651  gsv3.training             INFO     [family_holdout:qaoa] epoch 0016  region_bce=0.1780  dist_mse=0.1110  region_overlap=0.859
2026-10-09 06:47:55,653  gsv3.training             INFO     [family_holdout:qaoa] epoch 0016  train_log_mse=0.00650  val_log_mse=0.05880  val_mse=0.000611  max_grad=2.75  patience=0/30
2026-10-09 06:48:24,222  gsv3.training             INFO     [family_holdout:qnn] epoch 0013  count_mse=0.1297  count_rel_err_2q=0.248
2026-10-09 06:48:24,222  gsv3.training             INFO     [family_holdout:qnn] epoch 0013  region_bce=0.2025  dist_mse=0.1172  region_overlap=0.844
2026-10-09 06:48:24,222  gsv3.training             INFO     [family_holdout:qnn] epoch 0013  train_log_mse=0.00680  val_log_mse=0.08479  val_mse=0.000636  max_grad=1.79  patience=1/30
2026-10-09 06:49:18,183  gsv3.training             INFO     [family_holdout:qaoa] epoch 0017  count_mse=0.1022  count_rel_err_2q=0.216
2026-10-09 06:49:18,184  gsv3.training             INFO     [family_holdout:qaoa] epoch 0017  region_bce=0.1720  dist_mse=0.1086  region_overlap=0.863
2026-10-09 06:49:18,184  gsv3.training             INFO     [family_holdout:qaoa] epoch 0017  train_log_mse=0.00587  val_log_mse=0.09579  val_mse=0.000696  max_grad=1.62  patience=1/30
2026-10-09 06:50:07,673  gsv3.training             INFO     [family_holdout:qnn] epoch 0014  count_mse=0.1285  count_rel_err_2q=0.250
2026-10-09 06:50:07,674  gsv3.training             INFO     [family_holdout:qnn] epoch 0014  region_bce=0.2009  dist_mse=0.1163  region_overlap=0.846
2026-10-09 06:50:07,674  gsv3.training             INFO     [family_holdout:qnn] epoch 0014  train_log_mse=0.00869  val_log_mse=0.07443  val_mse=0.000636  max_grad=2.81  patience=2/30
2026-10-09 06:50:40,883  gsv3.training             INFO     [family_holdout:qaoa] epoch 0018  count_mse=0.1021  count_rel_err_2q=0.217
2026-10-09 06:50:40,883  gsv3.training             INFO     [family_holdout:qaoa] epoch 0018  region_bce=0.1713  dist_mse=0.1078  region_overlap=0.864
2026-10-09 06:50:40,883  gsv3.training             INFO     [family_holdout:qaoa] epoch 0018  train_log_mse=0.00653  val_log_mse=0.07112  val_mse=0.000620  max_grad=2.33  patience=2/30
2026-10-09 06:51:50,510  gsv3.training             INFO     [family_holdout:qnn] epoch 0015  count_mse=0.1240  count_rel_err_2q=0.248
2026-10-09 06:51:50,511  gsv3.training             INFO     [family_holdout:qnn] epoch 0015  region_bce=0.1980  dist_mse=0.1154  region_overlap=0.847
2026-10-09 06:51:50,511  gsv3.training             INFO     [family_holdout:qnn] epoch 0015  train_log_mse=0.00782  val_log_mse=0.07378  val_mse=0.000666  max_grad=2.24  patience=3/30
2026-10-09 06:52:03,399  gsv3.training             INFO     [family_holdout:qaoa] epoch 0019  count_mse=0.0988  count_rel_err_2q=0.215
2026-10-09 06:52:03,400  gsv3.training             INFO     [family_holdout:qaoa] epoch 0019  region_bce=0.1660  dist_mse=0.1056  region_overlap=0.867
2026-10-09 06:52:03,400  gsv3.training             INFO     [family_holdout:qaoa] epoch 0019  train_log_mse=0.00606  val_log_mse=0.10231  val_mse=0.000763  max_grad=2.04  patience=3/30
2026-10-09 06:53:26,310  gsv3.training             INFO     [family_holdout:qaoa] epoch 0020  count_mse=0.0973  count_rel_err_2q=0.213
2026-10-09 06:53:26,310  gsv3.training             INFO     [family_holdout:qaoa] epoch 0020  region_bce=0.1631  dist_mse=0.1047  region_overlap=0.869
2026-10-09 06:53:26,310  gsv3.training             INFO     [family_holdout:qaoa] epoch 0020  train_log_mse=0.00711  val_log_mse=0.05939  val_mse=0.000694  max_grad=1.93  patience=4/30
2026-10-09 06:53:33,841  gsv3.training             INFO     [family_holdout:qnn] epoch 0016  count_mse=0.1181  count_rel_err_2q=0.244
2026-10-09 06:53:33,841  gsv3.training             INFO     [family_holdout:qnn] epoch 0016  region_bce=0.1888  dist_mse=0.1127  region_overlap=0.853
2026-10-09 06:53:33,843  gsv3.training             INFO     [family_holdout:qnn] epoch 0016  train_log_mse=0.00707  val_log_mse=0.06911  val_mse=0.000570  max_grad=1.91  patience=0/30
2026-10-09 06:54:49,059  gsv3.training             INFO     [family_holdout:qaoa] epoch 0021  count_mse=0.0930  count_rel_err_2q=0.209
2026-10-09 06:54:49,059  gsv3.training             INFO     [family_holdout:qaoa] epoch 0021  region_bce=0.1555  dist_mse=0.1020  region_overlap=0.873
2026-10-09 06:54:49,061  gsv3.training             INFO     [family_holdout:qaoa] epoch 0021  train_log_mse=0.00499  val_log_mse=0.05736  val_mse=0.000564  max_grad=1.31  patience=0/30
2026-10-09 06:55:17,830  gsv3.training             INFO     [family_holdout:qnn] epoch 0017  count_mse=0.1140  count_rel_err_2q=0.241
2026-10-09 06:55:17,830  gsv3.training             INFO     [family_holdout:qnn] epoch 0017  region_bce=0.1829  dist_mse=0.1110  region_overlap=0.856
2026-10-09 06:55:17,830  gsv3.training             INFO     [family_holdout:qnn] epoch 0017  train_log_mse=0.00617  val_log_mse=0.08768  val_mse=0.000580  max_grad=2.65  patience=1/30
2026-10-09 06:56:11,268  gsv3.training             INFO     [family_holdout:qaoa] epoch 0022  count_mse=0.0945  count_rel_err_2q=0.209
2026-10-09 06:56:11,269  gsv3.training             INFO     [family_holdout:qaoa] epoch 0022  region_bce=0.1655  dist_mse=0.1031  region_overlap=0.869
2026-10-09 06:56:11,269  gsv3.training             INFO     [family_holdout:qaoa] epoch 0022  train_log_mse=0.00674  val_log_mse=0.12034  val_mse=0.000703  max_grad=4.82  patience=1/30
2026-10-09 06:57:01,164  gsv3.training             INFO     [family_holdout:qnn] epoch 0018  count_mse=0.1141  count_rel_err_2q=0.239
2026-10-09 06:57:01,164  gsv3.training             INFO     [family_holdout:qnn] epoch 0018  region_bce=0.1827  dist_mse=0.1104  region_overlap=0.857
2026-10-09 06:57:01,166  gsv3.training             INFO     [family_holdout:qnn] epoch 0018  train_log_mse=0.00735  val_log_mse=0.06645  val_mse=0.000511  max_grad=2.81  patience=0/30
2026-10-09 06:57:33,907  gsv3.training             INFO     [family_holdout:qaoa] epoch 0023  count_mse=0.0950  count_rel_err_2q=0.208
2026-10-09 06:57:33,907  gsv3.training             INFO     [family_holdout:qaoa] epoch 0023  region_bce=0.1610  dist_mse=0.1018  region_overlap=0.871
2026-10-09 06:57:33,907  gsv3.training             INFO     [family_holdout:qaoa] epoch 0023  train_log_mse=0.00704  val_log_mse=0.06246  val_mse=0.000630  max_grad=2.50  patience=2/30
2026-10-09 06:58:44,162  gsv3.training             INFO     [family_holdout:qnn] epoch 0019  count_mse=0.1085  count_rel_err_2q=0.234
2026-10-09 06:58:44,163  gsv3.training             INFO     [family_holdout:qnn] epoch 0019  region_bce=0.1742  dist_mse=0.1081  region_overlap=0.862
2026-10-09 06:58:44,163  gsv3.training             INFO     [family_holdout:qnn] epoch 0019  train_log_mse=0.00575  val_log_mse=0.07879  val_mse=0.000559  max_grad=1.33  patience=1/30
2026-10-09 06:58:56,442  gsv3.training             INFO     [family_holdout:qaoa] epoch 0024  count_mse=0.0907  count_rel_err_2q=0.204
2026-10-09 06:58:56,442  gsv3.training             INFO     [family_holdout:qaoa] epoch 0024  region_bce=0.1512  dist_mse=0.0972  region_overlap=0.877
2026-10-09 06:58:56,444  gsv3.training             INFO     [family_holdout:qaoa] epoch 0024  train_log_mse=0.00555  val_log_mse=0.07823  val_mse=0.000527  max_grad=1.30  patience=0/30
2026-10-09 07:00:19,529  gsv3.training             INFO     [family_holdout:qaoa] epoch 0025  count_mse=0.0880  count_rel_err_2q=0.200
2026-10-09 07:00:19,529  gsv3.training             INFO     [family_holdout:qaoa] epoch 0025  region_bce=0.1457  dist_mse=0.0942  region_overlap=0.880
2026-10-09 07:00:19,529  gsv3.training             INFO     [family_holdout:qaoa] epoch 0025  train_log_mse=0.00479  val_log_mse=0.05562  val_mse=0.000584  max_grad=0.83  patience=1/30
2026-10-09 07:00:27,223  gsv3.training             INFO     [family_holdout:qnn] epoch 0020  count_mse=0.1078  count_rel_err_2q=0.233
2026-10-09 07:00:27,224  gsv3.training             INFO     [family_holdout:qnn] epoch 0020  region_bce=0.1730  dist_mse=0.1067  region_overlap=0.863
2026-10-09 07:00:27,225  gsv3.training             INFO     [family_holdout:qnn] epoch 0020  train_log_mse=0.00621  val_log_mse=0.07900  val_mse=0.000497  max_grad=1.86  patience=0/30
2026-10-09 07:01:42,727  gsv3.training             INFO     [family_holdout:qaoa] epoch 0026  count_mse=0.0871  count_rel_err_2q=0.200
2026-10-09 07:01:42,728  gsv3.training             INFO     [family_holdout:qaoa] epoch 0026  region_bce=0.1438  dist_mse=0.0931  region_overlap=0.882
2026-10-09 07:01:42,730  gsv3.training             INFO     [family_holdout:qaoa] epoch 0026  train_log_mse=0.00503  val_log_mse=0.06030  val_mse=0.000505  max_grad=1.11  patience=0/30
2026-10-09 07:02:10,854  gsv3.training             INFO     [family_holdout:qnn] epoch 0021  count_mse=0.1072  count_rel_err_2q=0.230
2026-10-09 07:02:10,855  gsv3.training             INFO     [family_holdout:qnn] epoch 0021  region_bce=0.1673  dist_mse=0.1049  region_overlap=0.866
2026-10-09 07:02:10,855  gsv3.training             INFO     [family_holdout:qnn] epoch 0021  train_log_mse=0.00628  val_log_mse=0.06925  val_mse=0.000536  max_grad=3.56  patience=1/30
2026-10-09 07:03:05,316  gsv3.training             INFO     [family_holdout:qaoa] epoch 0027  count_mse=0.0864  count_rel_err_2q=0.199
2026-10-09 07:03:05,316  gsv3.training             INFO     [family_holdout:qaoa] epoch 0027  region_bce=0.1419  dist_mse=0.0915  region_overlap=0.883
2026-10-09 07:03:05,316  gsv3.training             INFO     [family_holdout:qaoa] epoch 0027  train_log_mse=0.00543  val_log_mse=0.05042  val_mse=0.000554  max_grad=1.28  patience=1/30
2026-10-09 07:03:53,795  gsv3.training             INFO     [family_holdout:qnn] epoch 0022  count_mse=0.1039  count_rel_err_2q=0.229
2026-10-09 07:03:53,795  gsv3.training             INFO     [family_holdout:qnn] epoch 0022  region_bce=0.1659  dist_mse=0.1033  region_overlap=0.867
2026-10-09 07:03:53,795  gsv3.training             INFO     [family_holdout:qnn] epoch 0022  train_log_mse=0.00594  val_log_mse=0.06934  val_mse=0.000604  max_grad=1.68  patience=2/30
2026-10-09 07:04:28,061  gsv3.training             INFO     [family_holdout:qaoa] epoch 0028  count_mse=0.0838  count_rel_err_2q=0.196
2026-10-09 07:04:28,062  gsv3.training             INFO     [family_holdout:qaoa] epoch 0028  region_bce=0.1365  dist_mse=0.0888  region_overlap=0.886
2026-10-09 07:04:28,062  gsv3.training             INFO     [family_holdout:qaoa] epoch 0028  train_log_mse=0.00429  val_log_mse=0.07459  val_mse=0.000511  max_grad=1.19  patience=2/30
2026-10-09 07:05:37,120  gsv3.training             INFO     [family_holdout:qnn] epoch 0023  count_mse=0.1015  count_rel_err_2q=0.227
2026-10-09 07:05:37,120  gsv3.training             INFO     [family_holdout:qnn] epoch 0023  region_bce=0.1615  dist_mse=0.1014  region_overlap=0.870
2026-10-09 07:05:37,122  gsv3.training             INFO     [family_holdout:qnn] epoch 0023  train_log_mse=0.00567  val_log_mse=0.06442  val_mse=0.000463  max_grad=1.13  patience=0/30
2026-10-09 07:05:50,410  gsv3.training             INFO     [family_holdout:qaoa] epoch 0029  count_mse=0.0842  count_rel_err_2q=0.194
2026-10-09 07:05:50,410  gsv3.training             INFO     [family_holdout:qaoa] epoch 0029  region_bce=0.1374  dist_mse=0.0878  region_overlap=0.886
2026-10-09 07:05:50,412  gsv3.training             INFO     [family_holdout:qaoa] epoch 0029  train_log_mse=0.00502  val_log_mse=0.05555  val_mse=0.000504  max_grad=1.46  patience=0/30
2026-10-09 07:07:12,540  gsv3.training             INFO     [family_holdout:qaoa] epoch 0030  count_mse=0.0850  count_rel_err_2q=0.197
2026-10-09 07:07:12,540  gsv3.training             INFO     [family_holdout:qaoa] epoch 0030  region_bce=0.1354  dist_mse=0.0871  region_overlap=0.887
2026-10-09 07:07:12,540  gsv3.training             INFO     [family_holdout:qaoa] epoch 0030  train_log_mse=0.00534  val_log_mse=0.06930  val_mse=0.000505  max_grad=2.72  patience=1/30
2026-10-09 07:07:20,704  gsv3.training             INFO     [family_holdout:qnn] epoch 0024  count_mse=0.0997  count_rel_err_2q=0.222
2026-10-09 07:07:20,705  gsv3.training             INFO     [family_holdout:qnn] epoch 0024  region_bce=0.1558  dist_mse=0.0994  region_overlap=0.874
2026-10-09 07:07:20,705  gsv3.training             INFO     [family_holdout:qnn] epoch 0024  train_log_mse=0.00561  val_log_mse=0.08076  val_mse=0.000507  max_grad=1.40  patience=1/30
2026-10-09 07:08:34,968  gsv3.training             INFO     [family_holdout:qaoa] epoch 0031  count_mse=0.0804  count_rel_err_2q=0.191
2026-10-09 07:08:34,968  gsv3.training             INFO     [family_holdout:qaoa] epoch 0031  region_bce=0.1292  dist_mse=0.0857  region_overlap=0.891
2026-10-09 07:08:34,970  gsv3.training             INFO     [family_holdout:qaoa] epoch 0031  train_log_mse=0.00402  val_log_mse=0.04579  val_mse=0.000455  max_grad=0.77  patience=0/30
2026-10-09 07:09:04,607  gsv3.training             INFO     [family_holdout:qnn] epoch 0025  count_mse=0.0985  count_rel_err_2q=0.222
2026-10-09 07:09:04,607  gsv3.training             INFO     [family_holdout:qnn] epoch 0025  region_bce=0.1545  dist_mse=0.0985  region_overlap=0.875
2026-10-09 07:09:04,609  gsv3.training             INFO     [family_holdout:qnn] epoch 0025  train_log_mse=0.00557  val_log_mse=0.07417  val_mse=0.000432  max_grad=1.38  patience=0/30
2026-10-09 07:09:57,528  gsv3.training             INFO     [family_holdout:qaoa] epoch 0032  count_mse=0.0794  count_rel_err_2q=0.190
2026-10-09 07:09:57,529  gsv3.training             INFO     [family_holdout:qaoa] epoch 0032  region_bce=0.1267  dist_mse=0.0841  region_overlap=0.893
2026-10-09 07:09:57,529  gsv3.training             INFO     [family_holdout:qaoa] epoch 0032  train_log_mse=0.00432  val_log_mse=0.06531  val_mse=0.000490  max_grad=0.98  patience=1/30
2026-10-09 07:10:48,136  gsv3.training             INFO     [family_holdout:qnn] epoch 0026  count_mse=0.0964  count_rel_err_2q=0.219
2026-10-09 07:10:48,136  gsv3.training             INFO     [family_holdout:qnn] epoch 0026  region_bce=0.1504  dist_mse=0.0965  region_overlap=0.877
2026-10-09 07:10:48,136  gsv3.training             INFO     [family_holdout:qnn] epoch 0026  train_log_mse=0.00522  val_log_mse=0.08150  val_mse=0.000549  max_grad=3.59  patience=1/30
2026-10-09 07:11:19,987  gsv3.training             INFO     [family_holdout:qaoa] epoch 0033  count_mse=0.0802  count_rel_err_2q=0.190
2026-10-09 07:11:19,988  gsv3.training             INFO     [family_holdout:qaoa] epoch 0033  region_bce=0.1262  dist_mse=0.0841  region_overlap=0.893
2026-10-09 07:11:19,988  gsv3.training             INFO     [family_holdout:qaoa] epoch 0033  train_log_mse=0.00535  val_log_mse=0.08460  val_mse=0.000602  max_grad=1.35  patience=2/30
2026-10-09 07:12:31,804  gsv3.training             INFO     [family_holdout:qnn] epoch 0027  count_mse=0.0960  count_rel_err_2q=0.218
2026-10-09 07:12:31,804  gsv3.training             INFO     [family_holdout:qnn] epoch 0027  region_bce=0.1483  dist_mse=0.0950  region_overlap=0.879
2026-10-09 07:12:31,804  gsv3.training             INFO     [family_holdout:qnn] epoch 0027  train_log_mse=0.00546  val_log_mse=0.06458  val_mse=0.000439  max_grad=3.10  patience=2/30
2026-10-09 07:12:42,314  gsv3.training             INFO     [family_holdout:qaoa] epoch 0034  count_mse=0.0787  count_rel_err_2q=0.188
2026-10-09 07:12:42,314  gsv3.training             INFO     [family_holdout:qaoa] epoch 0034  region_bce=0.1221  dist_mse=0.0832  region_overlap=0.895
2026-10-09 07:12:42,314  gsv3.training             INFO     [family_holdout:qaoa] epoch 0034  train_log_mse=0.00395  val_log_mse=0.05555  val_mse=0.000503  max_grad=0.73  patience=3/30
2026-10-09 07:14:04,851  gsv3.training             INFO     [family_holdout:qaoa] epoch 0035  count_mse=0.0799  count_rel_err_2q=0.188
2026-10-09 07:14:04,851  gsv3.training             INFO     [family_holdout:qaoa] epoch 0035  region_bce=0.1222  dist_mse=0.0833  region_overlap=0.896
2026-10-09 07:14:04,851  gsv3.training             INFO     [family_holdout:qaoa] epoch 0035  train_log_mse=0.00499  val_log_mse=0.09504  val_mse=0.000780  max_grad=1.25  patience=4/30
2026-10-09 07:14:15,339  gsv3.training             INFO     [family_holdout:qnn] epoch 0028  count_mse=0.0936  count_rel_err_2q=0.214
2026-10-09 07:14:15,340  gsv3.training             INFO     [family_holdout:qnn] epoch 0028  region_bce=0.1418  dist_mse=0.0925  region_overlap=0.883
2026-10-09 07:14:15,340  gsv3.training             INFO     [family_holdout:qnn] epoch 0028  train_log_mse=0.00472  val_log_mse=0.06665  val_mse=0.000480  max_grad=0.93  patience=3/30
2026-10-09 07:15:27,547  gsv3.training             INFO     [family_holdout:qaoa] epoch 0036  count_mse=0.0770  count_rel_err_2q=0.187
2026-10-09 07:15:27,548  gsv3.training             INFO     [family_holdout:qaoa] epoch 0036  region_bce=0.1176  dist_mse=0.0820  region_overlap=0.898
2026-10-09 07:15:27,548  gsv3.training             INFO     [family_holdout:qaoa] epoch 0036  train_log_mse=0.00403  val_log_mse=0.07555  val_mse=0.000517  max_grad=1.24  patience=5/30
2026-10-09 07:15:58,729  gsv3.training             INFO     [family_holdout:qnn] epoch 0029  count_mse=0.0944  count_rel_err_2q=0.215
2026-10-09 07:15:58,729  gsv3.training             INFO     [family_holdout:qnn] epoch 0029  region_bce=0.1404  dist_mse=0.0917  region_overlap=0.884
2026-10-09 07:15:58,729  gsv3.training             INFO     [family_holdout:qnn] epoch 0029  train_log_mse=0.00531  val_log_mse=0.06343  val_mse=0.000536  max_grad=2.14  patience=4/30
2026-10-09 07:16:50,452  gsv3.training             INFO     [family_holdout:qaoa] epoch 0037  count_mse=0.0758  count_rel_err_2q=0.184
2026-10-09 07:16:50,453  gsv3.training             INFO     [family_holdout:qaoa] epoch 0037  region_bce=0.1150  dist_mse=0.0810  region_overlap=0.900
2026-10-09 07:16:50,454  gsv3.training             INFO     [family_holdout:qaoa] epoch 0037  train_log_mse=0.00445  val_log_mse=0.04724  val_mse=0.000435  max_grad=0.98  patience=0/30
2026-10-09 07:17:42,147  gsv3.training             INFO     [family_holdout:qnn] epoch 0030  count_mse=0.0914  count_rel_err_2q=0.212
2026-10-09 07:17:42,148  gsv3.training             INFO     [family_holdout:qnn] epoch 0030  region_bce=0.1342  dist_mse=0.0898  region_overlap=0.888
2026-10-09 07:17:42,148  gsv3.training             INFO     [family_holdout:qnn] epoch 0030  train_log_mse=0.00485  val_log_mse=0.06390  val_mse=0.000451  max_grad=1.27  patience=5/30
2026-10-09 07:18:12,734  gsv3.training             INFO     [family_holdout:qaoa] epoch 0038  count_mse=0.0750  count_rel_err_2q=0.183
2026-10-09 07:18:12,734  gsv3.training             INFO     [family_holdout:qaoa] epoch 0038  region_bce=0.1133  dist_mse=0.0808  region_overlap=0.901
2026-10-09 07:18:12,736  gsv3.training             INFO     [family_holdout:qaoa] epoch 0038  train_log_mse=0.00439  val_log_mse=0.05538  val_mse=0.000430  max_grad=1.03  patience=0/30
2026-10-09 07:19:26,034  gsv3.training             INFO     [family_holdout:qnn] epoch 0031  count_mse=0.0903  count_rel_err_2q=0.210
2026-10-09 07:19:26,034  gsv3.training             INFO     [family_holdout:qnn] epoch 0031  region_bce=0.1328  dist_mse=0.0890  region_overlap=0.889
2026-10-09 07:19:26,035  gsv3.training             INFO     [family_holdout:qnn] epoch 0031  train_log_mse=0.00465  val_log_mse=0.08085  val_mse=0.000664  max_grad=21.88  patience=6/30
2026-10-09 07:19:35,095  gsv3.training             INFO     [family_holdout:qaoa] epoch 0039  count_mse=0.0737  count_rel_err_2q=0.183
2026-10-09 07:19:35,096  gsv3.training             INFO     [family_holdout:qaoa] epoch 0039  region_bce=0.1087  dist_mse=0.0798  region_overlap=0.904
2026-10-09 07:19:35,096  gsv3.training             INFO     [family_holdout:qaoa] epoch 0039  train_log_mse=0.00403  val_log_mse=0.10739  val_mse=0.000646  max_grad=1.06  patience=1/30
2026-10-09 07:20:57,223  gsv3.training             INFO     [family_holdout:qaoa] epoch 0040  count_mse=0.0744  count_rel_err_2q=0.184
2026-10-09 07:20:57,224  gsv3.training             INFO     [family_holdout:qaoa] epoch 0040  region_bce=0.1115  dist_mse=0.0805  region_overlap=0.903
2026-10-09 07:20:57,224  gsv3.training             INFO     [family_holdout:qaoa] epoch 0040  train_log_mse=0.00480  val_log_mse=0.05409  val_mse=0.000461  max_grad=1.36  patience=2/30
2026-10-09 07:21:09,437  gsv3.training             INFO     [family_holdout:qnn] epoch 0032  count_mse=0.0920  count_rel_err_2q=0.214
2026-10-09 07:21:09,437  gsv3.training             INFO     [family_holdout:qnn] epoch 0032  region_bce=0.1377  dist_mse=0.0900  region_overlap=0.886
2026-10-09 07:21:09,437  gsv3.training             INFO     [family_holdout:qnn] epoch 0032  train_log_mse=0.00633  val_log_mse=0.11269  val_mse=0.000604  max_grad=4.23  patience=7/30
2026-10-09 07:22:19,846  gsv3.training             INFO     [family_holdout:qaoa] epoch 0041  count_mse=0.0713  count_rel_err_2q=0.179
2026-10-09 07:22:19,847  gsv3.training             INFO     [family_holdout:qaoa] epoch 0041  region_bce=0.1032  dist_mse=0.0788  region_overlap=0.907
2026-10-09 07:22:19,847  gsv3.training             INFO     [family_holdout:qaoa] epoch 0041  train_log_mse=0.00358  val_log_mse=0.05704  val_mse=0.000510  max_grad=0.60  patience=3/30
2026-10-09 07:22:53,363  gsv3.training             INFO     [family_holdout:qnn] epoch 0033  count_mse=0.0886  count_rel_err_2q=0.209
2026-10-09 07:22:53,363  gsv3.training             INFO     [family_holdout:qnn] epoch 0033  region_bce=0.1301  dist_mse=0.0876  region_overlap=0.891
2026-10-09 07:22:53,363  gsv3.training             INFO     [family_holdout:qnn] epoch 0033  train_log_mse=0.00469  val_log_mse=0.09136  val_mse=0.000735  max_grad=1.70  patience=8/30
2026-10-09 07:23:41,856  gsv3.training             INFO     [family_holdout:qaoa] epoch 0042  count_mse=0.0715  count_rel_err_2q=0.180
2026-10-09 07:23:41,856  gsv3.training             INFO     [family_holdout:qaoa] epoch 0042  region_bce=0.1037  dist_mse=0.0787  region_overlap=0.907
2026-10-09 07:23:41,856  gsv3.training             INFO     [family_holdout:qaoa] epoch 0042  train_log_mse=0.00362  val_log_mse=0.04664  val_mse=0.000446  max_grad=1.07  patience=4/30
2026-10-09 07:24:36,268  gsv3.training             INFO     [family_holdout:qnn] epoch 0034  count_mse=0.0911  count_rel_err_2q=0.213
2026-10-09 07:24:36,269  gsv3.training             INFO     [family_holdout:qnn] epoch 0034  region_bce=0.1394  dist_mse=0.0899  region_overlap=0.886
2026-10-09 07:24:36,269  gsv3.training             INFO     [family_holdout:qnn] epoch 0034  train_log_mse=0.00683  val_log_mse=0.06432  val_mse=0.000453  max_grad=10.66  patience=9/30
2026-10-09 07:25:04,201  gsv3.training             INFO     [family_holdout:qaoa] epoch 0043  count_mse=0.0715  count_rel_err_2q=0.180
2026-10-09 07:25:04,201  gsv3.training             INFO     [family_holdout:qaoa] epoch 0043  region_bce=0.1008  dist_mse=0.0782  region_overlap=0.909
2026-10-09 07:25:04,201  gsv3.training             INFO     [family_holdout:qaoa] epoch 0043  train_log_mse=0.00377  val_log_mse=0.05469  val_mse=0.000459  max_grad=0.78  patience=5/30
2026-10-09 07:26:18,981  gsv3.training             INFO     [family_holdout:qnn] epoch 0035  count_mse=0.0876  count_rel_err_2q=0.209
2026-10-09 07:26:18,981  gsv3.training             INFO     [family_holdout:qnn] epoch 0035  region_bce=0.1241  dist_mse=0.0869  region_overlap=0.894
2026-10-09 07:26:18,981  gsv3.training             INFO     [family_holdout:qnn] epoch 0035  train_log_mse=0.00505  val_log_mse=0.06379  val_mse=0.000434  max_grad=1.49  patience=10/30
2026-10-09 07:26:26,631  gsv3.training             INFO     [family_holdout:qaoa] epoch 0044  count_mse=0.0701  count_rel_err_2q=0.178
2026-10-09 07:26:26,632  gsv3.training             INFO     [family_holdout:qaoa] epoch 0044  region_bce=0.0974  dist_mse=0.0774  region_overlap=0.912
2026-10-09 07:26:26,632  gsv3.training             INFO     [family_holdout:qaoa] epoch 0044  train_log_mse=0.00378  val_log_mse=0.07374  val_mse=0.000467  max_grad=0.85  patience=6/30
2026-10-09 07:27:49,458  gsv3.training             INFO     [family_holdout:qaoa] epoch 0045  count_mse=0.0696  count_rel_err_2q=0.178
2026-10-09 07:27:49,458  gsv3.training             INFO     [family_holdout:qaoa] epoch 0045  region_bce=0.0983  dist_mse=0.0777  region_overlap=0.911
2026-10-09 07:27:49,458  gsv3.training             INFO     [family_holdout:qaoa] epoch 0045  train_log_mse=0.00349  val_log_mse=0.09016  val_mse=0.000612  max_grad=0.72  patience=7/30
2026-10-09 07:28:01,886  gsv3.training             INFO     [family_holdout:qnn] epoch 0036  count_mse=0.0863  count_rel_err_2q=0.208
2026-10-09 07:28:01,887  gsv3.training             INFO     [family_holdout:qnn] epoch 0036  region_bce=0.1193  dist_mse=0.0858  region_overlap=0.897
2026-10-09 07:28:01,889  gsv3.training             INFO     [family_holdout:qnn] epoch 0036  train_log_mse=0.00484  val_log_mse=0.06386  val_mse=0.000414  max_grad=1.46  patience=0/30
2026-10-09 07:29:11,915  gsv3.training             INFO     [family_holdout:qaoa] epoch 0046  count_mse=0.0682  count_rel_err_2q=0.176
2026-10-09 07:29:11,915  gsv3.training             INFO     [family_holdout:qaoa] epoch 0046  region_bce=0.0945  dist_mse=0.0766  region_overlap=0.914
2026-10-09 07:29:11,915  gsv3.training             INFO     [family_holdout:qaoa] epoch 0046  train_log_mse=0.00382  val_log_mse=0.04715  val_mse=0.000471  max_grad=1.02  patience=8/30
2026-10-09 07:29:44,492  gsv3.training             INFO     [family_holdout:qnn] epoch 0037  count_mse=0.0841  count_rel_err_2q=0.206
2026-10-09 07:29:44,493  gsv3.training             INFO     [family_holdout:qnn] epoch 0037  region_bce=0.1150  dist_mse=0.0844  region_overlap=0.900
2026-10-09 07:29:44,493  gsv3.training             INFO     [family_holdout:qnn] epoch 0037  train_log_mse=0.00407  val_log_mse=0.06473  val_mse=0.000418  max_grad=1.12  patience=1/30
2026-10-09 07:30:34,483  gsv3.training             INFO     [family_holdout:qaoa] epoch 0047  count_mse=0.0679  count_rel_err_2q=0.176
2026-10-09 07:30:34,483  gsv3.training             INFO     [family_holdout:qaoa] epoch 0047  region_bce=0.0946  dist_mse=0.0763  region_overlap=0.914
2026-10-09 07:30:34,483  gsv3.training             INFO     [family_holdout:qaoa] epoch 0047  train_log_mse=0.00331  val_log_mse=0.04949  val_mse=0.000450  max_grad=0.61  patience=9/30
2026-10-09 07:31:27,751  gsv3.training             INFO     [family_holdout:qnn] epoch 0038  count_mse=0.0833  count_rel_err_2q=0.204
2026-10-09 07:31:27,752  gsv3.training             INFO     [family_holdout:qnn] epoch 0038  region_bce=0.1104  dist_mse=0.0834  region_overlap=0.903
2026-10-09 07:31:27,754  gsv3.training             INFO     [family_holdout:qnn] epoch 0038  train_log_mse=0.00422  val_log_mse=0.05856  val_mse=0.000409  max_grad=0.72  patience=0/30
2026-10-09 07:31:56,629  gsv3.training             INFO     [family_holdout:qaoa] epoch 0048  count_mse=0.0683  count_rel_err_2q=0.176
2026-10-09 07:31:56,630  gsv3.training             INFO     [family_holdout:qaoa] epoch 0048  region_bce=0.0928  dist_mse=0.0761  region_overlap=0.915
2026-10-09 07:31:56,630  gsv3.training             INFO     [family_holdout:qaoa] epoch 0048  train_log_mse=0.00371  val_log_mse=0.05903  val_mse=0.000487  max_grad=0.71  patience=10/30
2026-10-09 07:33:10,482  gsv3.training             INFO     [family_holdout:qnn] epoch 0039  count_mse=0.0826  count_rel_err_2q=0.204
2026-10-09 07:33:10,482  gsv3.training             INFO     [family_holdout:qnn] epoch 0039  region_bce=0.1103  dist_mse=0.0828  region_overlap=0.903
2026-10-09 07:33:10,482  gsv3.training             INFO     [family_holdout:qnn] epoch 0039  train_log_mse=0.00405  val_log_mse=0.06240  val_mse=0.000425  max_grad=1.02  patience=1/30
2026-10-09 07:33:18,552  gsv3.training             INFO     [family_holdout:qaoa] epoch 0049  count_mse=0.0677  count_rel_err_2q=0.174
2026-10-09 07:33:18,552  gsv3.training             INFO     [family_holdout:qaoa] epoch 0049  region_bce=0.0885  dist_mse=0.0757  region_overlap=0.917
2026-10-09 07:33:18,554  gsv3.training             INFO     [family_holdout:qaoa] epoch 0049  train_log_mse=0.00382  val_log_mse=0.04695  val_mse=0.000428  max_grad=0.86  patience=0/30
2026-10-09 07:34:40,962  gsv3.training             INFO     [family_holdout:qaoa] epoch 0050  count_mse=0.0680  count_rel_err_2q=0.174
2026-10-09 07:34:40,962  gsv3.training             INFO     [family_holdout:qaoa] epoch 0050  region_bce=0.0905  dist_mse=0.0759  region_overlap=0.916
2026-10-09 07:34:40,963  gsv3.training             INFO     [family_holdout:qaoa] epoch 0050  train_log_mse=0.00422  val_log_mse=0.04716  val_mse=0.000456  max_grad=0.76  patience=1/30
2026-10-09 07:34:53,322  gsv3.training             INFO     [family_holdout:qnn] epoch 0040  count_mse=0.0813  count_rel_err_2q=0.203
2026-10-09 07:34:53,322  gsv3.training             INFO     [family_holdout:qnn] epoch 0040  region_bce=0.1061  dist_mse=0.0820  region_overlap=0.906
2026-10-09 07:34:53,322  gsv3.training             INFO     [family_holdout:qnn] epoch 0040  train_log_mse=0.00386  val_log_mse=0.05693  val_mse=0.000464  max_grad=0.67  patience=2/30
2026-10-09 07:36:03,223  gsv3.training             INFO     [family_holdout:qaoa] epoch 0051  count_mse=0.0670  count_rel_err_2q=0.175
2026-10-09 07:36:03,223  gsv3.training             INFO     [family_holdout:qaoa] epoch 0051  region_bce=0.0860  dist_mse=0.0748  region_overlap=0.919
2026-10-09 07:36:03,223  gsv3.training             INFO     [family_holdout:qaoa] epoch 0051  train_log_mse=0.00374  val_log_mse=0.05218  val_mse=0.000449  max_grad=0.82  patience=2/30
2026-10-09 07:36:36,383  gsv3.training             INFO     [family_holdout:qnn] epoch 0041  count_mse=0.0820  count_rel_err_2q=0.203
2026-10-09 07:36:36,384  gsv3.training             INFO     [family_holdout:qnn] epoch 0041  region_bce=0.1076  dist_mse=0.0824  region_overlap=0.905
2026-10-09 07:36:36,384  gsv3.training             INFO     [family_holdout:qnn] epoch 0041  train_log_mse=0.00507  val_log_mse=0.10649  val_mse=0.000444  max_grad=1.91  patience=3/30
2026-10-09 07:37:23,160  gsv3.training             INFO     [family_holdout:qaoa] epoch 0052  count_mse=0.0645  count_rel_err_2q=0.172
2026-10-09 07:37:23,161  gsv3.training             INFO     [family_holdout:qaoa] epoch 0052  region_bce=0.0826  dist_mse=0.0742  region_overlap=0.921
2026-10-09 07:37:23,161  gsv3.training             INFO     [family_holdout:qaoa] epoch 0052  train_log_mse=0.00320  val_log_mse=0.05449  val_mse=0.000459  max_grad=0.51  patience=3/30
2026-10-09 07:38:13,473  gsv3.training             INFO     [family_holdout:qnn] epoch 0042  count_mse=0.0814  count_rel_err_2q=0.204
2026-10-09 07:38:13,473  gsv3.training             INFO     [family_holdout:qnn] epoch 0042  region_bce=0.1050  dist_mse=0.0822  region_overlap=0.907
2026-10-09 07:38:13,475  gsv3.training             INFO     [family_holdout:qnn] epoch 0042  train_log_mse=0.00480  val_log_mse=0.05784  val_mse=0.000376  max_grad=1.23  patience=0/30
2026-10-09 07:38:39,379  gsv3.training             INFO     [family_holdout:qaoa] epoch 0053  count_mse=0.0653  count_rel_err_2q=0.172
2026-10-09 07:38:39,379  gsv3.training             INFO     [family_holdout:qaoa] epoch 0053  region_bce=0.0815  dist_mse=0.0740  region_overlap=0.922
2026-10-09 07:38:39,379  gsv3.training             INFO     [family_holdout:qaoa] epoch 0053  train_log_mse=0.00343  val_log_mse=0.05463  val_mse=0.000439  max_grad=0.61  patience=4/30
2026-10-09 07:39:49,082  gsv3.training             INFO     [family_holdout:qnn] epoch 0043  count_mse=0.0801  count_rel_err_2q=0.202
2026-10-09 07:39:49,083  gsv3.training             INFO     [family_holdout:qnn] epoch 0043  region_bce=0.1042  dist_mse=0.0818  region_overlap=0.907
2026-10-09 07:39:49,083  gsv3.training             INFO     [family_holdout:qnn] epoch 0043  train_log_mse=0.00465  val_log_mse=0.06113  val_mse=0.000380  max_grad=1.86  patience=1/30
2026-10-09 07:39:55,587  gsv3.training             INFO     [family_holdout:qaoa] epoch 0054  count_mse=0.0647  count_rel_err_2q=0.171
2026-10-09 07:39:55,588  gsv3.training             INFO     [family_holdout:qaoa] epoch 0054  region_bce=0.0809  dist_mse=0.0734  region_overlap=0.923
2026-10-09 07:39:55,588  gsv3.training             INFO     [family_holdout:qaoa] epoch 0054  train_log_mse=0.00364  val_log_mse=0.05354  val_mse=0.000448  max_grad=0.86  patience=5/30
2026-10-09 07:41:11,524  gsv3.training             INFO     [family_holdout:qaoa] epoch 0055  count_mse=0.0636  count_rel_err_2q=0.171
2026-10-09 07:41:11,525  gsv3.training             INFO     [family_holdout:qaoa] epoch 0055  region_bce=0.0801  dist_mse=0.0735  region_overlap=0.923
2026-10-09 07:41:11,525  gsv3.training             INFO     [family_holdout:qaoa] epoch 0055  train_log_mse=0.00343  val_log_mse=0.05715  val_mse=0.000470  max_grad=0.72  patience=6/30
2026-10-09 07:41:24,346  gsv3.training             INFO     [family_holdout:qnn] epoch 0044  count_mse=0.0778  count_rel_err_2q=0.199
2026-10-09 07:41:24,346  gsv3.training             INFO     [family_holdout:qnn] epoch 0044  region_bce=0.0945  dist_mse=0.0795  region_overlap=0.913
2026-10-09 07:41:24,346  gsv3.training             INFO     [family_holdout:qnn] epoch 0044  train_log_mse=0.00382  val_log_mse=0.06601  val_mse=0.000611  max_grad=0.93  patience=2/30
2026-10-09 07:42:28,764  gsv3.training             INFO     [family_holdout:qaoa] epoch 0056  count_mse=0.0633  count_rel_err_2q=0.171
2026-10-09 07:42:28,764  gsv3.training             INFO     [family_holdout:qaoa] epoch 0056  region_bce=0.0759  dist_mse=0.0726  region_overlap=0.926
2026-10-09 07:42:28,766  gsv3.training             INFO     [family_holdout:qaoa] epoch 0056  train_log_mse=0.00325  val_log_mse=0.05569  val_mse=0.000425  max_grad=0.61  patience=0/30
2026-10-09 07:43:01,499  gsv3.training             INFO     [family_holdout:qnn] epoch 0045  count_mse=0.0784  count_rel_err_2q=0.201
2026-10-09 07:43:01,499  gsv3.training             INFO     [family_holdout:qnn] epoch 0045  region_bce=0.0978  dist_mse=0.0799  region_overlap=0.911
2026-10-09 07:43:01,499  gsv3.training             INFO     [family_holdout:qnn] epoch 0045  train_log_mse=0.00430  val_log_mse=0.08043  val_mse=0.000381  max_grad=0.82  patience=3/30
2026-10-09 07:43:46,026  gsv3.training             INFO     [family_holdout:qaoa] epoch 0057  count_mse=0.0622  count_rel_err_2q=0.169
2026-10-09 07:43:46,026  gsv3.training             INFO     [family_holdout:qaoa] epoch 0057  region_bce=0.0739  dist_mse=0.0721  region_overlap=0.927
2026-10-09 07:43:46,026  gsv3.training             INFO     [family_holdout:qaoa] epoch 0057  train_log_mse=0.00302  val_log_mse=0.05021  val_mse=0.000437  max_grad=0.48  patience=1/30
2026-10-09 07:44:39,205  gsv3.training             INFO     [family_holdout:qnn] epoch 0046  count_mse=0.0768  count_rel_err_2q=0.198
2026-10-09 07:44:39,205  gsv3.training             INFO     [family_holdout:qnn] epoch 0046  region_bce=0.0900  dist_mse=0.0788  region_overlap=0.916
2026-10-09 07:44:39,207  gsv3.training             INFO     [family_holdout:qnn] epoch 0046  train_log_mse=0.00396  val_log_mse=0.06489  val_mse=0.000372  max_grad=1.01  patience=0/30
2026-10-09 07:45:03,423  gsv3.training             INFO     [family_holdout:qaoa] epoch 0058  count_mse=0.0631  count_rel_err_2q=0.171
2026-10-09 07:45:03,423  gsv3.training             INFO     [family_holdout:qaoa] epoch 0058  region_bce=0.0760  dist_mse=0.0727  region_overlap=0.926
2026-10-09 07:45:03,425  gsv3.training             INFO     [family_holdout:qaoa] epoch 0058  train_log_mse=0.00360  val_log_mse=0.04600  val_mse=0.000413  max_grad=0.59  patience=0/30
2026-10-09 07:46:15,752  gsv3.training             INFO     [family_holdout:qnn] epoch 0047  count_mse=0.0762  count_rel_err_2q=0.200
2026-10-09 07:46:15,753  gsv3.training             INFO     [family_holdout:qnn] epoch 0047  region_bce=0.0895  dist_mse=0.0782  region_overlap=0.916
2026-10-09 07:46:15,753  gsv3.training             INFO     [family_holdout:qnn] epoch 0047  train_log_mse=0.00394  val_log_mse=0.06107  val_mse=0.000405  max_grad=0.78  patience=1/30
2026-10-09 07:46:19,712  gsv3.training             INFO     [family_holdout:qaoa] epoch 0059  count_mse=0.0638  count_rel_err_2q=0.172
2026-10-09 07:46:19,712  gsv3.training             INFO     [family_holdout:qaoa] epoch 0059  region_bce=0.0783  dist_mse=0.0729  region_overlap=0.925
2026-10-09 07:46:19,713  gsv3.training             INFO     [family_holdout:qaoa] epoch 0059  train_log_mse=0.00446  val_log_mse=0.06251  val_mse=0.000522  max_grad=1.23  patience=1/30
2026-10-09 07:47:35,737  gsv3.training             INFO     [family_holdout:qaoa] epoch 0060  count_mse=0.0630  count_rel_err_2q=0.170
2026-10-09 07:47:35,737  gsv3.training             INFO     [family_holdout:qaoa] epoch 0060  region_bce=0.0709  dist_mse=0.0717  region_overlap=0.929
2026-10-09 07:47:35,737  gsv3.training             INFO     [family_holdout:qaoa] epoch 0060  train_log_mse=0.00330  val_log_mse=0.05500  val_mse=0.000495  max_grad=1.25  patience=2/30
2026-10-09 07:47:52,041  gsv3.training             INFO     [family_holdout:qnn] epoch 0048  count_mse=0.0767  count_rel_err_2q=0.199
2026-10-09 07:47:52,042  gsv3.training             INFO     [family_holdout:qnn] epoch 0048  region_bce=0.0925  dist_mse=0.0787  region_overlap=0.915
2026-10-09 07:47:52,042  gsv3.training             INFO     [family_holdout:qnn] epoch 0048  train_log_mse=0.00449  val_log_mse=0.05781  val_mse=0.000378  max_grad=1.12  patience=2/30
2026-10-09 07:48:51,658  gsv3.training             INFO     [family_holdout:qaoa] epoch 0061  count_mse=0.0609  count_rel_err_2q=0.168
2026-10-09 07:48:51,658  gsv3.training             INFO     [family_holdout:qaoa] epoch 0061  region_bce=0.0709  dist_mse=0.0714  region_overlap=0.929
2026-10-09 07:48:51,660  gsv3.training             INFO     [family_holdout:qaoa] epoch 0061  train_log_mse=0.00325  val_log_mse=0.05167  val_mse=0.000396  max_grad=0.90  patience=0/30
2026-10-09 07:49:27,557  gsv3.training             INFO     [family_holdout:qnn] epoch 0049  count_mse=0.0746  count_rel_err_2q=0.197
2026-10-09 07:49:27,557  gsv3.training             INFO     [family_holdout:qnn] epoch 0049  region_bce=0.0840  dist_mse=0.0770  region_overlap=0.920
2026-10-09 07:49:27,557  gsv3.training             INFO     [family_holdout:qnn] epoch 0049  train_log_mse=0.00372  val_log_mse=0.06310  val_mse=0.000411  max_grad=0.93  patience=3/30
2026-10-09 07:50:07,090  gsv3.training             INFO     [family_holdout:qaoa] epoch 0062  count_mse=0.0603  count_rel_err_2q=0.167
2026-10-09 07:50:07,090  gsv3.training             INFO     [family_holdout:qaoa] epoch 0062  region_bce=0.0672  dist_mse=0.0704  region_overlap=0.932
2026-10-09 07:50:07,090  gsv3.training             INFO     [family_holdout:qaoa] epoch 0062  train_log_mse=0.00309  val_log_mse=0.05000  val_mse=0.000468  max_grad=0.50  patience=1/30
2026-10-09 07:51:02,928  gsv3.training             INFO     [family_holdout:qnn] epoch 0050  count_mse=0.0737  count_rel_err_2q=0.197
2026-10-09 07:51:02,929  gsv3.training             INFO     [family_holdout:qnn] epoch 0050  region_bce=0.0828  dist_mse=0.0767  region_overlap=0.920
2026-10-09 07:51:02,929  gsv3.training             INFO     [family_holdout:qnn] epoch 0050  train_log_mse=0.00390  val_log_mse=0.06627  val_mse=0.000498  max_grad=1.14  patience=4/30
2026-10-09 07:51:22,756  gsv3.training             INFO     [family_holdout:qaoa] epoch 0063  count_mse=0.0603  count_rel_err_2q=0.169
2026-10-09 07:51:22,756  gsv3.training             INFO     [family_holdout:qaoa] epoch 0063  region_bce=0.0675  dist_mse=0.0703  region_overlap=0.932
2026-10-09 07:51:22,756  gsv3.training             INFO     [family_holdout:qaoa] epoch 0063  train_log_mse=0.00306  val_log_mse=0.05487  val_mse=0.000423  max_grad=0.68  patience=2/30
2026-10-09 07:52:38,460  gsv3.training             INFO     [family_holdout:qaoa] epoch 0064  count_mse=0.0602  count_rel_err_2q=0.169
2026-10-09 07:52:38,461  gsv3.training             INFO     [family_holdout:qaoa] epoch 0064  region_bce=0.0661  dist_mse=0.0701  region_overlap=0.932
2026-10-09 07:52:38,461  gsv3.training             INFO     [family_holdout:qaoa] epoch 0064  train_log_mse=0.00358  val_log_mse=0.06017  val_mse=0.000475  max_grad=0.72  patience=3/30
2026-10-09 07:52:38,482  gsv3.training             INFO     [family_holdout:qnn] epoch 0051  count_mse=0.0730  count_rel_err_2q=0.196
2026-10-09 07:52:38,485  gsv3.training             INFO     [family_holdout:qnn] epoch 0051  region_bce=0.0820  dist_mse=0.0761  region_overlap=0.921
2026-10-09 07:52:38,485  gsv3.training             INFO     [family_holdout:qnn] epoch 0051  train_log_mse=0.00365  val_log_mse=0.12947  val_mse=0.000437  max_grad=0.71  patience=5/30
2026-10-09 07:53:54,479  gsv3.training             INFO     [family_holdout:qaoa] epoch 0065  count_mse=0.0594  count_rel_err_2q=0.167
2026-10-09 07:53:54,479  gsv3.training             INFO     [family_holdout:qaoa] epoch 0065  region_bce=0.0636  dist_mse=0.0696  region_overlap=0.934
2026-10-09 07:53:54,479  gsv3.training             INFO     [family_holdout:qaoa] epoch 0065  train_log_mse=0.00322  val_log_mse=0.04980  val_mse=0.000435  max_grad=0.76  patience=4/30
2026-10-09 07:54:14,311  gsv3.training             INFO     [family_holdout:qnn] epoch 0052  count_mse=0.0731  count_rel_err_2q=0.197
2026-10-09 07:54:14,311  gsv3.training             INFO     [family_holdout:qnn] epoch 0052  region_bce=0.0800  dist_mse=0.0758  region_overlap=0.922
2026-10-09 07:54:14,311  gsv3.training             INFO     [family_holdout:qnn] epoch 0052  train_log_mse=0.00399  val_log_mse=0.07366  val_mse=0.000413  max_grad=0.96  patience=6/30
2026-10-09 07:55:10,258  gsv3.training             INFO     [family_holdout:qaoa] epoch 0066  count_mse=0.0588  count_rel_err_2q=0.167
2026-10-09 07:55:10,259  gsv3.training             INFO     [family_holdout:qaoa] epoch 0066  region_bce=0.0614  dist_mse=0.0687  region_overlap=0.935
2026-10-09 07:55:10,259  gsv3.training             INFO     [family_holdout:qaoa] epoch 0066  train_log_mse=0.00295  val_log_mse=0.05137  val_mse=0.000442  max_grad=0.46  patience=5/30
2026-10-09 07:55:50,088  gsv3.training             INFO     [family_holdout:qnn] epoch 0053  count_mse=0.0755  count_rel_err_2q=0.202
2026-10-09 07:55:50,088  gsv3.training             INFO     [family_holdout:qnn] epoch 0053  region_bce=0.0893  dist_mse=0.0783  region_overlap=0.917
2026-10-09 07:55:50,088  gsv3.training             INFO     [family_holdout:qnn] epoch 0053  train_log_mse=0.00567  val_log_mse=0.07828  val_mse=0.000441  max_grad=2.11  patience=7/30
2026-10-09 07:56:26,794  gsv3.training             INFO     [family_holdout:qaoa] epoch 0067  count_mse=0.0586  count_rel_err_2q=0.168
2026-10-09 07:56:26,795  gsv3.training             INFO     [family_holdout:qaoa] epoch 0067  region_bce=0.0593  dist_mse=0.0684  region_overlap=0.937
2026-10-09 07:56:26,795  gsv3.training             INFO     [family_holdout:qaoa] epoch 0067  train_log_mse=0.00284  val_log_mse=0.05059  val_mse=0.000406  max_grad=0.43  patience=6/30
2026-10-09 07:57:27,604  gsv3.training             INFO     [family_holdout:qnn] epoch 0054  count_mse=0.0737  count_rel_err_2q=0.198
2026-10-09 07:57:27,605  gsv3.training             INFO     [family_holdout:qnn] epoch 0054  region_bce=0.0820  dist_mse=0.0766  region_overlap=0.921
2026-10-09 07:57:27,605  gsv3.training             INFO     [family_holdout:qnn] epoch 0054  train_log_mse=0.00451  val_log_mse=0.07294  val_mse=0.000418  max_grad=1.79  patience=8/30
2026-10-09 07:57:43,790  gsv3.training             INFO     [family_holdout:qaoa] epoch 0068  count_mse=0.0588  count_rel_err_2q=0.168
2026-10-09 07:57:43,791  gsv3.training             INFO     [family_holdout:qaoa] epoch 0068  region_bce=0.0638  dist_mse=0.0691  region_overlap=0.934
2026-10-09 07:57:43,791  gsv3.training             INFO     [family_holdout:qaoa] epoch 0068  train_log_mse=0.00348  val_log_mse=0.05095  val_mse=0.000416  max_grad=0.81  patience=7/30
2026-10-09 07:59:00,956  gsv3.training             INFO     [family_holdout:qaoa] epoch 0069  count_mse=0.0589  count_rel_err_2q=0.168
2026-10-09 07:59:00,957  gsv3.training             INFO     [family_holdout:qaoa] epoch 0069  region_bce=0.0623  dist_mse=0.0688  region_overlap=0.935
2026-10-09 07:59:00,957  gsv3.training             INFO     [family_holdout:qaoa] epoch 0069  train_log_mse=0.00330  val_log_mse=0.04713  val_mse=0.000416  max_grad=0.60  patience=8/30
2026-10-09 07:59:05,272  gsv3.training             INFO     [family_holdout:qnn] epoch 0055  count_mse=0.0743  count_rel_err_2q=0.197
2026-10-09 07:59:05,273  gsv3.training             INFO     [family_holdout:qnn] epoch 0055  region_bce=0.0837  dist_mse=0.0769  region_overlap=0.921
2026-10-09 07:59:05,273  gsv3.training             INFO     [family_holdout:qnn] epoch 0055  train_log_mse=0.00573  val_log_mse=0.07787  val_mse=0.000514  max_grad=3.46  patience=9/30
2026-10-09 08:00:17,615  gsv3.training             INFO     [family_holdout:qaoa] epoch 0070  count_mse=0.0584  count_rel_err_2q=0.168
2026-10-09 08:00:17,616  gsv3.training             INFO     [family_holdout:qaoa] epoch 0070  region_bce=0.0624  dist_mse=0.0681  region_overlap=0.936
2026-10-09 08:00:17,616  gsv3.training             INFO     [family_holdout:qaoa] epoch 0070  train_log_mse=0.00296  val_log_mse=0.04678  val_mse=0.000457  max_grad=0.71  patience=9/30
2026-10-09 08:00:42,811  gsv3.training             INFO     [family_holdout:qnn] epoch 0056  count_mse=0.0715  count_rel_err_2q=0.196
2026-10-09 08:00:42,812  gsv3.training             INFO     [family_holdout:qnn] epoch 0056  region_bce=0.0753  dist_mse=0.0748  region_overlap=0.926
2026-10-09 08:00:42,812  gsv3.training             INFO     [family_holdout:qnn] epoch 0056  train_log_mse=0.00427  val_log_mse=0.06872  val_mse=0.000448  max_grad=4.79  patience=10/30
2026-10-09 08:01:34,705  gsv3.training             INFO     [family_holdout:qaoa] epoch 0071  count_mse=0.0577  count_rel_err_2q=0.167
2026-10-09 08:01:34,705  gsv3.training             INFO     [family_holdout:qaoa] epoch 0071  region_bce=0.0598  dist_mse=0.0677  region_overlap=0.937
2026-10-09 08:01:34,707  gsv3.training             INFO     [family_holdout:qaoa] epoch 0071  train_log_mse=0.00318  val_log_mse=0.05131  val_mse=0.000381  max_grad=0.85  patience=0/30
2026-10-09 08:02:19,981  gsv3.training             INFO     [family_holdout:qnn] epoch 0057  count_mse=0.0712  count_rel_err_2q=0.195
2026-10-09 08:02:19,982  gsv3.training             INFO     [family_holdout:qnn] epoch 0057  region_bce=0.0715  dist_mse=0.0738  region_overlap=0.928
2026-10-09 08:02:19,982  gsv3.training             INFO     [family_holdout:qnn] epoch 0057  train_log_mse=0.00405  val_log_mse=0.06578  val_mse=0.000411  max_grad=1.20  patience=11/30
2026-10-09 08:02:51,247  gsv3.training             INFO     [family_holdout:qaoa] epoch 0072  count_mse=0.0568  count_rel_err_2q=0.166
2026-10-09 08:02:51,247  gsv3.training             INFO     [family_holdout:qaoa] epoch 0072  region_bce=0.0554  dist_mse=0.0665  region_overlap=0.940
2026-10-09 08:02:51,249  gsv3.training             INFO     [family_holdout:qaoa] epoch 0072  train_log_mse=0.00268  val_log_mse=0.05112  val_mse=0.000374  max_grad=0.43  patience=0/30
2026-10-09 08:03:57,269  gsv3.training             INFO     [family_holdout:qnn] epoch 0058  count_mse=0.0721  count_rel_err_2q=0.199
2026-10-09 08:03:57,269  gsv3.training             INFO     [family_holdout:qnn] epoch 0058  region_bce=0.0742  dist_mse=0.0744  region_overlap=0.927
2026-10-09 08:03:57,269  gsv3.training             INFO     [family_holdout:qnn] epoch 0058  train_log_mse=0.00463  val_log_mse=0.08568  val_mse=0.000565  max_grad=3.24  patience=12/30
2026-10-09 08:04:08,633  gsv3.training             INFO     [family_holdout:qaoa] epoch 0073  count_mse=0.0565  count_rel_err_2q=0.166
2026-10-09 08:04:08,633  gsv3.training             INFO     [family_holdout:qaoa] epoch 0073  region_bce=0.0548  dist_mse=0.0662  region_overlap=0.940
2026-10-09 08:04:08,634  gsv3.training             INFO     [family_holdout:qaoa] epoch 0073  train_log_mse=0.00275  val_log_mse=0.04971  val_mse=0.000445  max_grad=0.62  patience=1/30
2026-10-09 08:05:26,334  gsv3.training             INFO     [family_holdout:qaoa] epoch 0074  count_mse=0.0564  count_rel_err_2q=0.167
2026-10-09 08:05:26,335  gsv3.training             INFO     [family_holdout:qaoa] epoch 0074  region_bce=0.0574  dist_mse=0.0669  region_overlap=0.939
2026-10-09 08:05:26,335  gsv3.training             INFO     [family_holdout:qaoa] epoch 0074  train_log_mse=0.00304  val_log_mse=0.04597  val_mse=0.000385  max_grad=0.65  patience=2/30
2026-10-09 08:05:35,270  gsv3.training             INFO     [family_holdout:qnn] epoch 0059  count_mse=0.0728  count_rel_err_2q=0.198
2026-10-09 08:05:35,271  gsv3.training             INFO     [family_holdout:qnn] epoch 0059  region_bce=0.0770  dist_mse=0.0750  region_overlap=0.925
2026-10-09 08:05:35,271  gsv3.training             INFO     [family_holdout:qnn] epoch 0059  train_log_mse=0.00468  val_log_mse=0.06223  val_mse=0.000424  max_grad=4.65  patience=13/30
2026-10-09 08:06:43,403  gsv3.training             INFO     [family_holdout:qaoa] epoch 0075  count_mse=0.0562  count_rel_err_2q=0.167
2026-10-09 08:06:43,404  gsv3.training             INFO     [family_holdout:qaoa] epoch 0075  region_bce=0.0560  dist_mse=0.0661  region_overlap=0.940
2026-10-09 08:06:43,404  gsv3.training             INFO     [family_holdout:qaoa] epoch 0075  train_log_mse=0.00291  val_log_mse=0.05083  val_mse=0.000437  max_grad=0.58  patience=3/30
2026-10-09 08:07:12,517  gsv3.training             INFO     [family_holdout:qnn] epoch 0060  count_mse=0.0698  count_rel_err_2q=0.196
2026-10-09 08:07:12,517  gsv3.training             INFO     [family_holdout:qnn] epoch 0060  region_bce=0.0697  dist_mse=0.0731  region_overlap=0.929
2026-10-09 08:07:12,517  gsv3.training             INFO     [family_holdout:qnn] epoch 0060  train_log_mse=0.00389  val_log_mse=0.06290  val_mse=0.000446  max_grad=2.14  patience=14/30
2026-10-09 08:08:00,162  gsv3.training             INFO     [family_holdout:qaoa] epoch 0076  count_mse=0.0561  count_rel_err_2q=0.167
2026-10-09 08:08:00,163  gsv3.training             INFO     [family_holdout:qaoa] epoch 0076  region_bce=0.0557  dist_mse=0.0659  region_overlap=0.939
2026-10-09 08:08:00,163  gsv3.training             INFO     [family_holdout:qaoa] epoch 0076  train_log_mse=0.00296  val_log_mse=0.04866  val_mse=0.000459  max_grad=0.60  patience=4/30
2026-10-09 08:08:50,770  gsv3.training             INFO     [family_holdout:qnn] epoch 0061  count_mse=0.0701  count_rel_err_2q=0.196
2026-10-09 08:08:50,770  gsv3.training             INFO     [family_holdout:qnn] epoch 0061  region_bce=0.0719  dist_mse=0.0739  region_overlap=0.928
2026-10-09 08:08:50,770  gsv3.training             INFO     [family_holdout:qnn] epoch 0061  train_log_mse=0.00402  val_log_mse=0.06034  val_mse=0.000376  max_grad=2.84  patience=15/30
2026-10-09 08:09:18,046  gsv3.training             INFO     [family_holdout:qaoa] epoch 0077  count_mse=0.0551  count_rel_err_2q=0.166
2026-10-09 08:09:18,047  gsv3.training             INFO     [family_holdout:qaoa] epoch 0077  region_bce=0.0515  dist_mse=0.0647  region_overlap=0.942
2026-10-09 08:09:18,047  gsv3.training             INFO     [family_holdout:qaoa] epoch 0077  train_log_mse=0.00267  val_log_mse=0.04701  val_mse=0.000398  max_grad=0.45  patience=5/30
2026-10-09 08:10:26,164  gsv3.training             INFO     [family_holdout:qnn] epoch 0062  count_mse=0.0682  count_rel_err_2q=0.194
2026-10-09 08:10:26,165  gsv3.training             INFO     [family_holdout:qnn] epoch 0062  region_bce=0.0664  dist_mse=0.0716  region_overlap=0.932
2026-10-09 08:10:26,165  gsv3.training             INFO     [family_holdout:qnn] epoch 0062  train_log_mse=0.00338  val_log_mse=0.06416  val_mse=0.000390  max_grad=0.67  patience=16/30
2026-10-09 08:10:32,875  gsv3.training             INFO     [family_holdout:qaoa] epoch 0078  count_mse=0.0550  count_rel_err_2q=0.166
2026-10-09 08:10:32,875  gsv3.training             INFO     [family_holdout:qaoa] epoch 0078  region_bce=0.0509  dist_mse=0.0642  region_overlap=0.943
2026-10-09 08:10:32,875  gsv3.training             INFO     [family_holdout:qaoa] epoch 0078  train_log_mse=0.00267  val_log_mse=0.04799  val_mse=0.000433  max_grad=0.48  patience=6/30
2026-10-09 08:11:46,935  gsv3.training             INFO     [family_holdout:qaoa] epoch 0079  count_mse=0.0552  count_rel_err_2q=0.166
2026-10-09 08:11:46,936  gsv3.training             INFO     [family_holdout:qaoa] epoch 0079  region_bce=0.0536  dist_mse=0.0646  region_overlap=0.941
2026-10-09 08:11:46,936  gsv3.training             INFO     [family_holdout:qaoa] epoch 0079  train_log_mse=0.00288  val_log_mse=0.06447  val_mse=0.000409  max_grad=0.58  patience=7/30
2026-10-09 08:11:59,655  gsv3.training             INFO     [family_holdout:qnn] epoch 0063  count_mse=0.0684  count_rel_err_2q=0.195
2026-10-09 08:11:59,656  gsv3.training             INFO     [family_holdout:qnn] epoch 0063  region_bce=0.0653  dist_mse=0.0717  region_overlap=0.932
2026-10-09 08:11:59,656  gsv3.training             INFO     [family_holdout:qnn] epoch 0063  train_log_mse=0.00376  val_log_mse=0.06582  val_mse=0.000415  max_grad=1.38  patience=17/30
2026-10-09 08:12:59,461  gsv3.training             INFO     [family_holdout:qaoa] epoch 0080  count_mse=0.0547  count_rel_err_2q=0.165
2026-10-09 08:12:59,462  gsv3.training             INFO     [family_holdout:qaoa] epoch 0080  region_bce=0.0526  dist_mse=0.0643  region_overlap=0.942
2026-10-09 08:12:59,462  gsv3.training             INFO     [family_holdout:qaoa] epoch 0080  train_log_mse=0.00291  val_log_mse=0.05155  val_mse=0.000421  max_grad=0.57  patience=8/30
2026-10-09 08:13:31,179  gsv3.training             INFO     [family_holdout:qnn] epoch 0064  count_mse=0.0678  count_rel_err_2q=0.196
2026-10-09 08:13:31,179  gsv3.training             INFO     [family_holdout:qnn] epoch 0064  region_bce=0.0657  dist_mse=0.0713  region_overlap=0.932
2026-10-09 08:13:31,179  gsv3.training             INFO     [family_holdout:qnn] epoch 0064  train_log_mse=0.00367  val_log_mse=0.07107  val_mse=0.000526  max_grad=2.86  patience=18/30
2026-10-09 08:14:15,282  gsv3.training             INFO     [family_holdout:qaoa] epoch 0081  count_mse=0.0548  count_rel_err_2q=0.167
2026-10-09 08:14:15,283  gsv3.training             INFO     [family_holdout:qaoa] epoch 0081  region_bce=0.0553  dist_mse=0.0646  region_overlap=0.940
2026-10-09 08:14:15,283  gsv3.training             INFO     [family_holdout:qaoa] epoch 0081  train_log_mse=0.00285  val_log_mse=0.04734  val_mse=0.000399  max_grad=0.47  patience=9/30
2026-10-09 08:15:11,932  gsv3.training             INFO     [family_holdout:qnn] epoch 0065  count_mse=0.0696  count_rel_err_2q=0.200
2026-10-09 08:15:11,932  gsv3.training             INFO     [family_holdout:qnn] epoch 0065  region_bce=0.0696  dist_mse=0.0728  region_overlap=0.930
2026-10-09 08:15:11,932  gsv3.training             INFO     [family_holdout:qnn] epoch 0065  train_log_mse=0.00424  val_log_mse=0.06269  val_mse=0.000378  max_grad=4.67  patience=19/30
2026-10-09 08:15:38,311  gsv3.training             INFO     [family_holdout:qaoa] epoch 0082  count_mse=0.0541  count_rel_err_2q=0.165
2026-10-09 08:15:38,312  gsv3.training             INFO     [family_holdout:qaoa] epoch 0082  region_bce=0.0494  dist_mse=0.0630  region_overlap=0.944
2026-10-09 08:15:38,312  gsv3.training             INFO     [family_holdout:qaoa] epoch 0082  train_log_mse=0.00267  val_log_mse=0.04869  val_mse=0.000413  max_grad=0.55  patience=10/30
2026-10-09 08:16:57,886  gsv3.training             INFO     [family_holdout:qnn] epoch 0066  count_mse=0.0676  count_rel_err_2q=0.195
2026-10-09 08:16:57,886  gsv3.training             INFO     [family_holdout:qnn] epoch 0066  region_bce=0.0613  dist_mse=0.0705  region_overlap=0.935
2026-10-09 08:16:57,886  gsv3.training             INFO     [family_holdout:qnn] epoch 0066  train_log_mse=0.00376  val_log_mse=0.06892  val_mse=0.000456  max_grad=1.17  patience=20/30
2026-10-09 08:17:02,587  gsv3.training             INFO     [family_holdout:qaoa] epoch 0083  count_mse=0.0551  count_rel_err_2q=0.169
2026-10-09 08:17:02,588  gsv3.training             INFO     [family_holdout:qaoa] epoch 0083  region_bce=0.0573  dist_mse=0.0645  region_overlap=0.939
2026-10-09 08:17:02,588  gsv3.training             INFO     [family_holdout:qaoa] epoch 0083  train_log_mse=0.00355  val_log_mse=0.05112  val_mse=0.000478  max_grad=0.98  patience=11/30
2026-10-09 08:18:25,994  gsv3.training             INFO     [family_holdout:qaoa] epoch 0084  count_mse=0.0539  count_rel_err_2q=0.167
2026-10-09 08:18:25,994  gsv3.training             INFO     [family_holdout:qaoa] epoch 0084  region_bce=0.0510  dist_mse=0.0633  region_overlap=0.943
2026-10-09 08:18:25,994  gsv3.training             INFO     [family_holdout:qaoa] epoch 0084  train_log_mse=0.00287  val_log_mse=0.04612  val_mse=0.000379  max_grad=0.68  patience=12/30
2026-10-09 08:18:42,555  gsv3.training             INFO     [family_holdout:qnn] epoch 0067  count_mse=0.0667  count_rel_err_2q=0.196
2026-10-09 08:18:42,555  gsv3.training             INFO     [family_holdout:qnn] epoch 0067  region_bce=0.0607  dist_mse=0.0703  region_overlap=0.935
2026-10-09 08:18:42,555  gsv3.training             INFO     [family_holdout:qnn] epoch 0067  train_log_mse=0.00360  val_log_mse=0.06186  val_mse=0.000387  max_grad=1.59  patience=21/30
2026-10-09 08:19:44,345  gsv3.training             INFO     [family_holdout:qaoa] epoch 0085  count_mse=0.0533  count_rel_err_2q=0.167
2026-10-09 08:19:44,345  gsv3.training             INFO     [family_holdout:qaoa] epoch 0085  region_bce=0.0485  dist_mse=0.0622  region_overlap=0.945
2026-10-09 08:19:44,345  gsv3.training             INFO     [family_holdout:qaoa] epoch 0085  train_log_mse=0.00265  val_log_mse=0.04547  val_mse=0.000378  max_grad=0.55  patience=13/30
2026-10-09 08:20:22,998  gsv3.training             INFO     [family_holdout:qnn] epoch 0068  count_mse=0.0670  count_rel_err_2q=0.196
2026-10-09 08:20:22,998  gsv3.training             INFO     [family_holdout:qnn] epoch 0068  region_bce=0.0595  dist_mse=0.0697  region_overlap=0.936
2026-10-09 08:20:22,998  gsv3.training             INFO     [family_holdout:qnn] epoch 0068  train_log_mse=0.00354  val_log_mse=0.06157  val_mse=0.000414  max_grad=1.08  patience=22/30
2026-10-09 08:21:06,819  gsv3.training             INFO     [family_holdout:qaoa] epoch 0086  count_mse=0.0537  count_rel_err_2q=0.165
2026-10-09 08:21:06,820  gsv3.training             INFO     [family_holdout:qaoa] epoch 0086  region_bce=0.0500  dist_mse=0.0623  region_overlap=0.944
2026-10-09 08:21:06,820  gsv3.training             INFO     [family_holdout:qaoa] epoch 0086  train_log_mse=0.00283  val_log_mse=0.04544  val_mse=0.000401  max_grad=0.88  patience=14/30
2026-10-09 08:22:08,771  gsv3.training             INFO     [family_holdout:qnn] epoch 0069  count_mse=0.0716  count_rel_err_2q=0.201
2026-10-09 08:22:08,772  gsv3.training             INFO     [family_holdout:qnn] epoch 0069  region_bce=0.0727  dist_mse=0.0730  region_overlap=0.928
2026-10-09 08:22:08,772  gsv3.training             INFO     [family_holdout:qnn] epoch 0069  train_log_mse=0.00580  val_log_mse=0.12501  val_mse=0.000407  max_grad=101.32  patience=23/30
2026-10-09 08:22:29,603  gsv3.training             INFO     [family_holdout:qaoa] epoch 0087  count_mse=0.0530  count_rel_err_2q=0.165
2026-10-09 08:22:29,603  gsv3.training             INFO     [family_holdout:qaoa] epoch 0087  region_bce=0.0492  dist_mse=0.0619  region_overlap=0.945
2026-10-09 08:22:29,603  gsv3.training             INFO     [family_holdout:qaoa] epoch 0087  train_log_mse=0.00273  val_log_mse=0.05091  val_mse=0.000422  max_grad=0.49  patience=15/30
2026-10-09 08:23:54,782  gsv3.training             INFO     [family_holdout:qaoa] epoch 0088  count_mse=0.0523  count_rel_err_2q=0.164
2026-10-09 08:23:54,782  gsv3.training             INFO     [family_holdout:qaoa] epoch 0088  region_bce=0.0461  dist_mse=0.0608  region_overlap=0.947
2026-10-09 08:23:54,782  gsv3.training             INFO     [family_holdout:qaoa] epoch 0088  train_log_mse=0.00248  val_log_mse=0.04662  val_mse=0.000417  max_grad=0.49  patience=16/30
2026-10-09 08:23:55,263  gsv3.training             INFO     [family_holdout:qnn] epoch 0070  count_mse=0.0688  count_rel_err_2q=0.198
2026-10-09 08:23:55,263  gsv3.training             INFO     [family_holdout:qnn] epoch 0070  region_bce=0.0673  dist_mse=0.0725  region_overlap=0.931
2026-10-09 08:23:55,263  gsv3.training             INFO     [family_holdout:qnn] epoch 0070  train_log_mse=0.00466  val_log_mse=0.06029  val_mse=0.000468  max_grad=5.52  patience=24/30
2026-10-09 08:25:19,857  gsv3.training             INFO     [family_holdout:qaoa] epoch 0089  count_mse=0.0535  count_rel_err_2q=0.166
2026-10-09 08:25:19,857  gsv3.training             INFO     [family_holdout:qaoa] epoch 0089  region_bce=0.0506  dist_mse=0.0621  region_overlap=0.944
2026-10-09 08:25:19,857  gsv3.training             INFO     [family_holdout:qaoa] epoch 0089  train_log_mse=0.00323  val_log_mse=0.04993  val_mse=0.000411  max_grad=0.69  patience=17/30
2026-10-09 08:25:41,780  gsv3.training             INFO     [family_holdout:qnn] epoch 0071  count_mse=0.0654  count_rel_err_2q=0.193
2026-10-09 08:25:41,780  gsv3.training             INFO     [family_holdout:qnn] epoch 0071  region_bce=0.0573  dist_mse=0.0686  region_overlap=0.938
2026-10-09 08:25:41,780  gsv3.training             INFO     [family_holdout:qnn] epoch 0071  train_log_mse=0.00346  val_log_mse=0.06148  val_mse=0.000387  max_grad=1.67  patience=25/30
2026-10-09 08:26:44,448  gsv3.training             INFO     [family_holdout:qaoa] epoch 0090  count_mse=0.0524  count_rel_err_2q=0.165
2026-10-09 08:26:44,449  gsv3.training             INFO     [family_holdout:qaoa] epoch 0090  region_bce=0.0451  dist_mse=0.0601  region_overlap=0.947
2026-10-09 08:26:44,449  gsv3.training             INFO     [family_holdout:qaoa] epoch 0090  train_log_mse=0.00252  val_log_mse=0.04504  val_mse=0.000394  max_grad=0.47  patience=18/30
2026-10-09 08:27:28,595  gsv3.training             INFO     [family_holdout:qnn] epoch 0072  count_mse=0.0649  count_rel_err_2q=0.194
2026-10-09 08:27:28,596  gsv3.training             INFO     [family_holdout:qnn] epoch 0072  region_bce=0.0568  dist_mse=0.0685  region_overlap=0.938
2026-10-09 08:27:28,596  gsv3.training             INFO     [family_holdout:qnn] epoch 0072  train_log_mse=0.00353  val_log_mse=0.06062  val_mse=0.000390  max_grad=4.94  patience=26/30
2026-10-09 08:28:08,460  gsv3.training             INFO     [family_holdout:qaoa] epoch 0091  count_mse=0.0515  count_rel_err_2q=0.164
2026-10-09 08:28:08,461  gsv3.training             INFO     [family_holdout:qaoa] epoch 0091  region_bce=0.0442  dist_mse=0.0596  region_overlap=0.948
2026-10-09 08:28:08,461  gsv3.training             INFO     [family_holdout:qaoa] epoch 0091  train_log_mse=0.00236  val_log_mse=0.04968  val_mse=0.000423  max_grad=0.42  patience=19/30
2026-10-09 08:29:14,857  gsv3.training             INFO     [family_holdout:qnn] epoch 0073  count_mse=0.0644  count_rel_err_2q=0.195
2026-10-09 08:29:14,857  gsv3.training             INFO     [family_holdout:qnn] epoch 0073  region_bce=0.0556  dist_mse=0.0677  region_overlap=0.939
2026-10-09 08:29:14,857  gsv3.training             INFO     [family_holdout:qnn] epoch 0073  train_log_mse=0.00353  val_log_mse=0.09395  val_mse=0.000448  max_grad=1.27  patience=27/30
2026-10-09 08:29:32,938  gsv3.training             INFO     [family_holdout:qaoa] epoch 0092  count_mse=0.0521  count_rel_err_2q=0.164
2026-10-09 08:29:32,938  gsv3.training             INFO     [family_holdout:qaoa] epoch 0092  region_bce=0.0475  dist_mse=0.0604  region_overlap=0.946
2026-10-09 08:29:32,938  gsv3.training             INFO     [family_holdout:qaoa] epoch 0092  train_log_mse=0.00274  val_log_mse=0.05005  val_mse=0.000400  max_grad=0.56  patience=20/30
2026-10-09 08:30:57,777  gsv3.training             INFO     [family_holdout:qaoa] epoch 0093  count_mse=0.0521  count_rel_err_2q=0.166
2026-10-09 08:30:57,777  gsv3.training             INFO     [family_holdout:qaoa] epoch 0093  region_bce=0.0479  dist_mse=0.0601  region_overlap=0.946
2026-10-09 08:30:57,777  gsv3.training             INFO     [family_holdout:qaoa] epoch 0093  train_log_mse=0.00250  val_log_mse=0.07349  val_mse=0.000452  max_grad=0.37  patience=21/30
2026-10-09 08:31:00,950  gsv3.training             INFO     [family_holdout:qnn] epoch 0074  count_mse=0.0666  count_rel_err_2q=0.196
2026-10-09 08:31:00,950  gsv3.training             INFO     [family_holdout:qnn] epoch 0074  region_bce=0.0616  dist_mse=0.0695  region_overlap=0.935
2026-10-09 08:31:00,950  gsv3.training             INFO     [family_holdout:qnn] epoch 0074  train_log_mse=0.00423  val_log_mse=0.05892  val_mse=0.000414  max_grad=2.15  patience=28/30
2026-10-09 08:32:21,959  gsv3.training             INFO     [family_holdout:qaoa] epoch 0094  count_mse=0.0526  count_rel_err_2q=0.166
2026-10-09 08:32:21,960  gsv3.training             INFO     [family_holdout:qaoa] epoch 0094  region_bce=0.0487  dist_mse=0.0601  region_overlap=0.945
2026-10-09 08:32:21,960  gsv3.training             INFO     [family_holdout:qaoa] epoch 0094  train_log_mse=0.00274  val_log_mse=0.04940  val_mse=0.000485  max_grad=0.87  patience=22/30
2026-10-09 08:32:47,683  gsv3.training             INFO     [family_holdout:qnn] epoch 0075  count_mse=0.0637  count_rel_err_2q=0.194
2026-10-09 08:32:47,684  gsv3.training             INFO     [family_holdout:qnn] epoch 0075  region_bce=0.0511  dist_mse=0.0661  region_overlap=0.942
2026-10-09 08:32:47,684  gsv3.training             INFO     [family_holdout:qnn] epoch 0075  train_log_mse=0.00306  val_log_mse=0.05942  val_mse=0.000377  max_grad=0.60  patience=29/30
2026-10-09 08:33:46,226  gsv3.training             INFO     [family_holdout:qaoa] epoch 0095  count_mse=0.0526  count_rel_err_2q=0.169
2026-10-09 08:33:46,226  gsv3.training             INFO     [family_holdout:qaoa] epoch 0095  region_bce=0.0507  dist_mse=0.0600  region_overlap=0.945
2026-10-09 08:33:46,226  gsv3.training             INFO     [family_holdout:qaoa] epoch 0095  train_log_mse=0.00267  val_log_mse=0.05360  val_mse=0.000423  max_grad=0.95  patience=23/30
2026-10-09 08:34:34,722  gsv3.training             INFO     [family_holdout:qnn] epoch 0076  count_mse=0.0649  count_rel_err_2q=0.196
2026-10-09 08:34:34,722  gsv3.training             INFO     [family_holdout:qnn] epoch 0076  region_bce=0.0567  dist_mse=0.0673  region_overlap=0.938
2026-10-09 08:34:34,722  gsv3.training             INFO     [family_holdout:qnn] epoch 0076  train_log_mse=0.00429  val_log_mse=0.07000  val_mse=0.000469  max_grad=1.29  patience=30/30
2026-10-09 08:34:36,115  gsv3.experiment           INFO     [qnn] TEST  n=760  MAE=0.0647  R2=0.8431  device-acc=0.683  regret=0.0074
2026-10-09 08:34:36,118  genstudy.io               INFO     Wrote evaluations/generalization_v8/results/v8a_c001_s6/leave_one_family_out/qnn/metrics.json
2026-10-09 08:34:36,124  genstudy.io               INFO     Wrote evaluations/generalization_v8/results/v8a_c001_s6/leave_one_family_out/qnn/predictions.json
2026-10-09 08:34:36,137  genstudy.io               INFO     Wrote evaluations/generalization_v8/results/v8a_c001_s6/leave_one_family_out/qnn/history.json
2026-10-09 08:34:36,158  genstudy.io               INFO     Wrote evaluations/generalization_v8/results/v8a_c001_s6/leave_one_family_out/folds.json
2026-10-09 08:34:36,161  genstudy.experiment       INFO     Merged held-out predictions for 760 circuits
2026-10-09 08:34:36,166  genstudy.io               INFO     Wrote evaluations/generalization_v8/results/v8a_c001_s6/leave_one_family_out/heldout_predictions.json
2026-10-09 08:34:36,166  run_experiment            INFO     leave_one_family_out finished: 1 complete, 0 skipped
2026-10-09 08:35:07,709  gsv3.training             INFO     [family_holdout:qaoa] epoch 0096  count_mse=0.0513  count_rel_err_2q=0.165
2026-10-09 08:35:07,710  gsv3.training             INFO     [family_holdout:qaoa] epoch 0096  region_bce=0.0454  dist_mse=0.0590  region_overlap=0.947
2026-10-09 08:35:07,710  gsv3.training             INFO     [family_holdout:qaoa] epoch 0096  train_log_mse=0.00254  val_log_mse=0.04924  val_mse=0.000409  max_grad=0.52  patience=24/30
2026-10-09 08:36:25,549  gsv3.training             INFO     [family_holdout:qaoa] epoch 0097  count_mse=0.0503  count_rel_err_2q=0.164
2026-10-09 08:36:25,550  gsv3.training             INFO     [family_holdout:qaoa] epoch 0097  region_bce=0.0426  dist_mse=0.0581  region_overlap=0.949
2026-10-09 08:36:25,550  gsv3.training             INFO     [family_holdout:qaoa] epoch 0097  train_log_mse=0.00239  val_log_mse=0.04592  val_mse=0.000386  max_grad=0.43  patience=25/30
2026-10-09 08:37:43,593  gsv3.training             INFO     [family_holdout:qaoa] epoch 0098  count_mse=0.0504  count_rel_err_2q=0.164
2026-10-09 08:37:43,593  gsv3.training             INFO     [family_holdout:qaoa] epoch 0098  region_bce=0.0443  dist_mse=0.0578  region_overlap=0.948
2026-10-09 08:37:43,593  gsv3.training             INFO     [family_holdout:qaoa] epoch 0098  train_log_mse=0.00241  val_log_mse=0.05105  val_mse=0.000374  max_grad=0.54  patience=26/30
2026-10-09 08:39:01,686  gsv3.training             INFO     [family_holdout:qaoa] epoch 0099  count_mse=0.0507  count_rel_err_2q=0.165
2026-10-09 08:39:01,687  gsv3.training             INFO     [family_holdout:qaoa] epoch 0099  region_bce=0.0452  dist_mse=0.0580  region_overlap=0.947
2026-10-09 08:39:01,687  gsv3.training             INFO     [family_holdout:qaoa] epoch 0099  train_log_mse=0.00247  val_log_mse=0.05077  val_mse=0.000448  max_grad=0.41  patience=27/30
2026-10-09 08:40:20,003  gsv3.training             INFO     [family_holdout:qaoa] epoch 0100  count_mse=0.0508  count_rel_err_2q=0.165
2026-10-09 08:40:20,003  gsv3.training             INFO     [family_holdout:qaoa] epoch 0100  region_bce=0.0449  dist_mse=0.0581  region_overlap=0.948
2026-10-09 08:40:20,003  gsv3.training             INFO     [family_holdout:qaoa] epoch 0100  train_log_mse=0.00266  val_log_mse=0.04931  val_mse=0.000391  max_grad=0.46  patience=28/30
2026-10-09 08:41:38,578  gsv3.training             INFO     [family_holdout:qaoa] epoch 0101  count_mse=0.0498  count_rel_err_2q=0.164
2026-10-09 08:41:38,578  gsv3.training             INFO     [family_holdout:qaoa] epoch 0101  region_bce=0.0428  dist_mse=0.0573  region_overlap=0.949
2026-10-09 08:41:38,578  gsv3.training             INFO     [family_holdout:qaoa] epoch 0101  train_log_mse=0.00251  val_log_mse=0.04631  val_mse=0.000419  max_grad=0.39  patience=29/30
2026-10-09 08:42:56,987  gsv3.training             INFO     [family_holdout:qaoa] epoch 0102  count_mse=0.0502  count_rel_err_2q=0.163
2026-10-09 08:42:56,988  gsv3.training             INFO     [family_holdout:qaoa] epoch 0102  region_bce=0.0427  dist_mse=0.0570  region_overlap=0.949
2026-10-09 08:42:56,988  gsv3.training             INFO     [family_holdout:qaoa] epoch 0102  train_log_mse=0.00251  val_log_mse=0.04858  val_mse=0.000426  max_grad=0.43  patience=30/30
2026-10-09 08:43:06,059  gsv3.experiment           INFO     [qaoa] TEST  n=2706  MAE=0.0533  R2=0.9469  device-acc=0.283  regret=0.0166
2026-10-09 08:43:06,063  genstudy.io               INFO     Wrote evaluations/generalization_v8/results/v8a_c001_s6/leave_one_family_out/qaoa/metrics.json
2026-10-09 08:43:06,079  genstudy.io               INFO     Wrote evaluations/generalization_v8/results/v8a_c001_s6/leave_one_family_out/qaoa/predictions.json
2026-10-09 08:43:06,092  genstudy.io               INFO     Wrote evaluations/generalization_v8/results/v8a_c001_s6/leave_one_family_out/qaoa/history.json
2026-10-09 08:43:06,124  genstudy.io               INFO     Wrote evaluations/generalization_v8/results/v8a_c001_s6/leave_one_family_out/folds.json
2026-10-09 08:43:06,130  genstudy.experiment       INFO     Merged held-out predictions for 2706 circuits
2026-10-09 08:43:06,142  genstudy.io               INFO     Wrote evaluations/generalization_v8/results/v8a_c001_s6/leave_one_family_out/heldout_predictions.json
2026-10-09 08:43:06,143  run_experiment            INFO     leave_one_family_out finished: 1 complete, 0 skipped
