2026-10-08 05:42:14,736  genstudy.io               INFO     Logging to evaluations/generalization_v3/results/xattn_a05_s6/leave_one_group_out/run.log
2026-10-08 05:42:14,737  run_experiment            INFO     Command line: evaluations/generalization_v3/scripts/run_experiment.py logo --model xattn --balance-alpha 0.5 --lr 3e-4 --grad-clip 1.0 --seed 6 --families large --groups variational --results-dir evaluations/generalization_v3/results/xattn_a05_s6
2026-10-08 05:42:14,737  gsv2.gpu                  WARNING  No CUDA device available — running on the CPU.
2026-10-08 05:42:14,737  genstudy.io               INFO     Logging to evaluations/generalization_v3/results/xattn_a05_s6/leave_one_group_out/run.log
2026-10-08 05:42:14,737  run_experiment            INFO     Command line: evaluations/generalization_v3/scripts/run_experiment.py logo --model xattn --balance-alpha 0.5 --lr 3e-4 --grad-clip 1.0 --seed 6 --families large --groups fourier --results-dir evaluations/generalization_v3/results/xattn_a05_s6
2026-10-08 05:42:14,738  gsv2.gpu                  WARNING  No CUDA device available — running on the CPU.
2026-10-08 05:42:14,738  gsv3.model                INFO     Hyper-parameters (/home/atudisco/pred-distr-tool/src/model/best_params.json + v3 defaults): {'device_hidden': 64, 'device_layers': 3, 'fusion_dim': 128, 'qubit_layers': 2, 'attn_heads': 4, 'lap_pe': 8, 'cost_bias_init': -6.0, 'hidden_dim': 142, 'num_conv_wo_resnet': 3, 'num_resnet_layers': 1, 'dropout': 0.0, 'bidirectional': True, 'mlp': [512, 256, 128], 'lr': 0.001, 'readout': 'meanmaxsum'}
2026-10-08 05:42:14,841  gsv3.model                INFO     Hyper-parameters (/home/atudisco/pred-distr-tool/src/model/best_params.json + v3 defaults): {'device_hidden': 64, 'device_layers': 3, 'fusion_dim': 128, 'qubit_layers': 2, 'attn_heads': 4, 'lap_pe': 8, 'cost_bias_init': -6.0, 'hidden_dim': 142, 'num_conv_wo_resnet': 3, 'num_resnet_layers': 1, 'dropout': 0.0, 'bidirectional': True, 'mlp': [512, 256, 128], 'lr': 0.001, 'readout': 'meanmaxsum'}
2026-10-08 05:42:14,841  genstudy.io               INFO     Logging to evaluations/generalization_v3/results/xattn_a05_s6/leave_one_group_out/run.log
2026-10-08 05:42:14,841  run_experiment            INFO     Command line: evaluations/generalization_v3/scripts/run_experiment.py logo --model xattn --balance-alpha 0.5 --lr 3e-4 --grad-clip 1.0 --seed 6 --families large --groups vqe --results-dir evaluations/generalization_v3/results/xattn_a05_s6
2026-10-08 05:42:14,841  gsv2.gpu                  WARNING  No CUDA device available — running on the CPU.
2026-10-08 05:42:14,842  gsv3.model                INFO     Hyper-parameters (/home/atudisco/pred-distr-tool/src/model/best_params.json + v3 defaults): {'device_hidden': 64, 'device_layers': 3, 'fusion_dim': 128, 'qubit_layers': 2, 'attn_heads': 4, 'lap_pe': 8, 'cost_bias_init': -6.0, 'hidden_dim': 142, 'num_conv_wo_resnet': 3, 'num_resnet_layers': 1, 'dropout': 0.0, 'bidirectional': True, 'mlp': [512, 256, 128], 'lr': 0.001, 'readout': 'meanmaxsum'}
2026-10-08 05:42:14,850  gsv3.devices              INFO     Device graphs: node features 13 (Laplacian PE 8), physical errors False
2026-10-08 05:42:14,851  genstudy.data             INFO     Loading graph dataset: /home/atudisco/pred-distr-tool/evaluations/generalization_v3/data/graph_dataset_expected_fidelity.pt
2026-10-08 05:42:14,851  gsv3.devices              INFO     Device graphs: node features 13 (Laplacian PE 8), physical errors False
2026-10-08 05:42:14,852  genstudy.data             INFO     Loading graph dataset: /home/atudisco/pred-distr-tool/evaluations/generalization_v3/data/graph_dataset_expected_fidelity.pt
2026-10-08 05:42:14,855  gsv3.devices              INFO     Device graphs: node features 13 (Laplacian PE 8), physical errors False
2026-10-08 05:42:14,856  genstudy.data             INFO     Loading graph dataset: /home/atudisco/pred-distr-tool/evaluations/generalization_v3/data/graph_dataset_expected_fidelity.pt
2026-10-08 05:42:19,571  genstudy.data             INFO     Loaded 17056 graphs
2026-10-08 05:42:19,572  genstudy.data             INFO     Loaded 17056 graphs
2026-10-08 05:42:19,574  genstudy.data             INFO     Loaded 17056 graphs
2026-10-08 05:42:19,602  genstudy.io               INFO     Wrote evaluations/generalization_v3/results/xattn_a05_s6/leave_one_group_out/dataset_summary.json
2026-10-08 05:42:19,603  genstudy.io               INFO     Wrote evaluations/generalization_v3/results/xattn_a05_s6/leave_one_group_out/dataset_summary.json
2026-10-08 05:42:19,604  run_experiment            INFO     [1/1] variational
2026-10-08 05:42:19,605  run_experiment            INFO     [1/1] fourier
2026-10-08 05:42:19,607  gsv3.experiment           INFO     === group_holdout / variational ===
2026-10-08 05:42:19,607  gsv3.experiment           INFO     Leave-one-group-out: test = all 9928 circuits of group 'variational' (qnn, vqe_real_amp, vqe_su2, vqe_two_local), train = 7128 circuits from the other 31 families.
2026-10-08 05:42:19,608  gsv3.experiment           INFO     train=6204  val=924 ({'mode': 'family', 'val_families': ['bmw_quark_cardinality', 'bmw_quark_copula', 'bv', 'cdkm_ripple_carry_adder', 'dj', 'draper_qft_adder', 'dynamic_qft', 'full_adder', 'ghz', 'ghz_dynamic', 'graphstate', 'grover', 'half_adder', 'hhl', 'hrs_cumulative_multiplier', 'iqpe', 'modular_adder', 'multiplier', 'qpeexact', 'qpeinexact', 'qwalk', 'rg_qft_multiplier', 'seven_qubit_steane_code', 'shors_nine_qubit_code', 'vbe_ripple_carry_adder', 'wstate']})  test=9928
2026-10-08 05:42:19,608  gsv3.experiment           INFO     === group_holdout / fourier ===
2026-10-08 05:42:19,608  gsv3.experiment           INFO     Leave-one-group-out: test = all 2904 circuits of group 'fourier' (ae, draper_qft_adder, dynamic_qft, iqpe, qft, qftentangled, qpeexact, qpeinexact, rg_qft_multiplier), train = 14152 circuits from the other 26 families.
2026-10-08 05:42:19,610  gsv3.experiment           INFO     train=11874  val=2278 ({'mode': 'family', 'val_families': ['bmw_quark_cardinality', 'bmw_quark_copula', 'bv', 'cdkm_ripple_carry_adder', 'dj', 'full_adder', 'ghz', 'ghz_dynamic', 'graphstate', 'grover', 'half_adder', 'hhl', 'hrs_cumulative_multiplier', 'modular_adder', 'multiplier', 'qnn', 'qwalk', 'randomcircuit', 'seven_qubit_steane_code', 'shors_nine_qubit_code', 'vbe_ripple_carry_adder', 'wstate']})  test=2904
2026-10-08 05:42:19,611  genstudy.io               INFO     Wrote evaluations/generalization_v3/results/xattn_a05_s6/leave_one_group_out/dataset_summary.json
2026-10-08 05:42:19,613  run_experiment            INFO     [1/1] vqe
2026-10-08 05:42:19,616  gsv3.experiment           INFO     === group_holdout / vqe ===
2026-10-08 05:42:19,616  gsv3.experiment           INFO     Leave-one-group-out: test = all 9168 circuits of group 'vqe' (vqe_real_amp, vqe_su2, vqe_two_local), train = 7888 circuits from the other 32 families.
2026-10-08 05:42:19,617  gsv3.experiment           INFO     train=5619  val=2269 ({'mode': 'family', 'val_families': ['bmw_quark_cardinality', 'bmw_quark_copula', 'cdkm_ripple_carry_adder', 'draper_qft_adder', 'full_adder', 'graphstate', 'hhl', 'iqpe', 'multiplier', 'qftentangled', 'qnn', 'qpeexact', 'qpeinexact', 'qwalk', 'rg_qft_multiplier', 'seven_qubit_steane_code', 'shors_nine_qubit_code', 'vbe_ripple_carry_adder', 'wstate']})  test=9168
2026-10-08 05:42:19,689  gsv3.training             INFO     [group_holdout:fourier] model=xattn (945113 params) train=11874 val=2278 lr=0.0003 clip=1.0 alpha=0.50
2026-10-08 05:42:19,690  gsv3.training             INFO     [group_holdout:vqe] model=xattn (945113 params) train=5619 val=2269 lr=0.0003 clip=1.0 alpha=0.50
2026-10-08 05:42:19,793  gsv3.training             INFO     [group_holdout:variational] model=xattn (945113 params) train=6204 val=924 lr=0.0003 clip=1.0 alpha=0.50
2026-10-08 05:43:16,643  gsv3.training             INFO     [group_holdout:variational] epoch 0001  train_log_mse=6.57023  val_log_mse=4.93319  val_mse=0.055291  max_grad=3451.85  patience=0/30
2026-10-08 05:43:17,052  gsv3.training             INFO     [group_holdout:vqe] epoch 0001  train_log_mse=7.79834  val_log_mse=2.81843  val_mse=0.037078  max_grad=4672.72  patience=0/30
2026-10-08 05:43:44,364  gsv3.training             INFO     [group_holdout:fourier] epoch 0001  train_log_mse=1.52523  val_log_mse=14.67533  val_mse=0.033341  max_grad=1291.00  patience=0/30
2026-10-08 05:44:14,295  gsv3.training             INFO     [group_holdout:variational] epoch 0002  train_log_mse=1.51752  val_log_mse=8.64906  val_mse=0.047100  max_grad=467.29  patience=0/30
2026-10-08 05:44:16,434  gsv3.training             INFO     [group_holdout:vqe] epoch 0002  train_log_mse=1.62140  val_log_mse=1.61758  val_mse=0.050463  max_grad=441.38  patience=1/30
2026-10-08 05:45:08,545  gsv3.training             INFO     [group_holdout:fourier] epoch 0002  train_log_mse=0.51853  val_log_mse=6.09068  val_mse=0.024780  max_grad=478.61  patience=0/30
2026-10-08 05:45:11,170  gsv3.training             INFO     [group_holdout:variational] epoch 0003  train_log_mse=0.95285  val_log_mse=8.78140  val_mse=0.045848  max_grad=425.46  patience=0/30
2026-10-08 05:45:14,837  gsv3.training             INFO     [group_holdout:vqe] epoch 0003  train_log_mse=1.02429  val_log_mse=1.40238  val_mse=0.044957  max_grad=246.54  patience=2/30
2026-10-08 05:46:07,823  gsv3.training             INFO     [group_holdout:variational] epoch 0004  train_log_mse=0.61797  val_log_mse=7.02316  val_mse=0.039834  max_grad=184.02  patience=0/30
2026-10-08 05:46:11,956  gsv3.training             INFO     [group_holdout:vqe] epoch 0004  train_log_mse=0.82027  val_log_mse=1.70515  val_mse=0.070131  max_grad=364.25  patience=3/30
2026-10-08 05:46:32,122  gsv3.training             INFO     [group_holdout:fourier] epoch 0003  train_log_mse=0.28625  val_log_mse=3.51383  val_mse=0.021674  max_grad=252.49  patience=0/30
2026-10-08 05:47:04,948  gsv3.training             INFO     [group_holdout:variational] epoch 0005  train_log_mse=0.57246  val_log_mse=5.75995  val_mse=0.030767  max_grad=312.86  patience=0/30
2026-10-08 05:47:10,359  gsv3.training             INFO     [group_holdout:vqe] epoch 0005  train_log_mse=0.51665  val_log_mse=0.97395  val_mse=0.041930  max_grad=218.63  patience=4/30
2026-10-08 05:47:58,993  gsv3.training             INFO     [group_holdout:fourier] epoch 0004  train_log_mse=0.22661  val_log_mse=4.73670  val_mse=0.023764  max_grad=137.04  patience=1/30
2026-10-08 05:48:02,532  gsv3.training             INFO     [group_holdout:variational] epoch 0006  train_log_mse=0.56324  val_log_mse=3.56599  val_mse=0.030197  max_grad=292.83  patience=0/30
2026-10-08 05:48:08,940  gsv3.training             INFO     [group_holdout:vqe] epoch 0006  train_log_mse=0.47342  val_log_mse=0.95030  val_mse=0.045210  max_grad=149.53  patience=5/30
2026-10-08 05:48:59,273  gsv3.training             INFO     [group_holdout:variational] epoch 0007  train_log_mse=0.57441  val_log_mse=4.22592  val_mse=0.035966  max_grad=257.49  patience=1/30
2026-10-08 05:49:06,963  gsv3.training             INFO     [group_holdout:vqe] epoch 0007  train_log_mse=0.46091  val_log_mse=0.91103  val_mse=0.039096  max_grad=143.27  patience=6/30
2026-10-08 05:49:23,612  gsv3.training             INFO     [group_holdout:fourier] epoch 0005  train_log_mse=0.17770  val_log_mse=3.38830  val_mse=0.024694  max_grad=96.05  patience=2/30
2026-10-08 05:49:56,942  gsv3.training             INFO     [group_holdout:variational] epoch 0008  train_log_mse=0.38524  val_log_mse=4.01441  val_mse=0.036629  max_grad=203.32  patience=2/30
2026-10-08 05:50:05,064  gsv3.training             INFO     [group_holdout:vqe] epoch 0008  train_log_mse=0.38993  val_log_mse=1.07116  val_mse=0.047366  max_grad=106.74  patience=7/30
2026-10-08 05:50:48,048  gsv3.training             INFO     [group_holdout:fourier] epoch 0006  train_log_mse=0.16273  val_log_mse=3.68228  val_mse=0.023251  max_grad=72.35  patience=3/30
2026-10-08 05:50:54,464  gsv3.training             INFO     [group_holdout:variational] epoch 0009  train_log_mse=0.40641  val_log_mse=3.61710  val_mse=0.038137  max_grad=141.83  patience=3/30
2026-10-08 05:51:03,362  gsv3.training             INFO     [group_holdout:vqe] epoch 0009  train_log_mse=0.49710  val_log_mse=0.85964  val_mse=0.040171  max_grad=169.38  patience=8/30
2026-10-08 05:51:50,834  gsv3.training             INFO     [group_holdout:variational] epoch 0010  train_log_mse=0.33646  val_log_mse=3.63721  val_mse=0.035482  max_grad=99.20  patience=4/30
2026-10-08 05:52:01,585  gsv3.training             INFO     [group_holdout:vqe] epoch 0010  train_log_mse=0.37552  val_log_mse=0.84874  val_mse=0.037528  max_grad=178.22  patience=9/30
2026-10-08 05:52:11,087  gsv3.training             INFO     [group_holdout:fourier] epoch 0007  train_log_mse=0.13547  val_log_mse=3.93275  val_mse=0.024024  max_grad=72.34  patience=4/30
2026-10-08 05:52:47,928  gsv3.training             INFO     [group_holdout:variational] epoch 0011  train_log_mse=0.34058  val_log_mse=3.23041  val_mse=0.030715  max_grad=108.88  patience=5/30
2026-10-08 05:53:01,122  gsv3.training             INFO     [group_holdout:vqe] epoch 0011  train_log_mse=0.29006  val_log_mse=0.84638  val_mse=0.026106  max_grad=131.57  patience=0/30
2026-10-08 05:53:36,651  gsv3.training             INFO     [group_holdout:fourier] epoch 0008  train_log_mse=0.11916  val_log_mse=4.42784  val_mse=0.025272  max_grad=73.23  patience=5/30
2026-10-08 05:53:43,395  gsv3.training             INFO     [group_holdout:variational] epoch 0012  train_log_mse=0.45014  val_log_mse=3.55884  val_mse=0.035299  max_grad=239.57  patience=6/30
2026-10-08 05:54:00,698  gsv3.training             INFO     [group_holdout:vqe] epoch 0012  train_log_mse=0.37537  val_log_mse=1.19654  val_mse=0.048363  max_grad=148.67  patience=1/30
2026-10-08 05:54:39,000  gsv3.training             INFO     [group_holdout:variational] epoch 0013  train_log_mse=0.32516  val_log_mse=3.66041  val_mse=0.027766  max_grad=184.74  patience=0/30
2026-10-08 05:54:58,799  gsv3.training             INFO     [group_holdout:fourier] epoch 0009  train_log_mse=0.11975  val_log_mse=3.84177  val_mse=0.023990  max_grad=70.00  patience=6/30
2026-10-08 05:55:00,064  gsv3.training             INFO     [group_holdout:vqe] epoch 0013  train_log_mse=0.31750  val_log_mse=0.61516  val_mse=0.021735  max_grad=119.71  patience=0/30
2026-10-08 05:55:37,132  gsv3.training             INFO     [group_holdout:variational] epoch 0014  train_log_mse=0.35350  val_log_mse=3.25639  val_mse=0.032134  max_grad=147.72  patience=1/30
2026-10-08 05:55:57,654  gsv3.training             INFO     [group_holdout:vqe] epoch 0014  train_log_mse=0.31695  val_log_mse=0.58440  val_mse=0.029595  max_grad=141.66  patience=1/30
2026-10-08 05:56:23,080  gsv3.training             INFO     [group_holdout:fourier] epoch 0010  train_log_mse=0.10533  val_log_mse=3.78244  val_mse=0.023421  max_grad=53.16  patience=7/30
2026-10-08 05:56:33,800  gsv3.training             INFO     [group_holdout:variational] epoch 0015  train_log_mse=0.33307  val_log_mse=2.33093  val_mse=0.032425  max_grad=131.85  patience=2/30
2026-10-08 05:56:56,262  gsv3.training             INFO     [group_holdout:vqe] epoch 0015  train_log_mse=0.26740  val_log_mse=0.62648  val_mse=0.036675  max_grad=81.07  patience=2/30
2026-10-08 05:57:31,364  gsv3.training             INFO     [group_holdout:variational] epoch 0016  train_log_mse=0.31864  val_log_mse=3.32013  val_mse=0.038571  max_grad=145.12  patience=3/30
2026-10-08 05:57:46,372  gsv3.training             INFO     [group_holdout:fourier] epoch 0011  train_log_mse=0.10579  val_log_mse=3.83393  val_mse=0.027621  max_grad=79.50  patience=8/30
2026-10-08 05:57:53,746  gsv3.training             INFO     [group_holdout:vqe] epoch 0016  train_log_mse=0.32380  val_log_mse=0.74283  val_mse=0.024007  max_grad=101.76  patience=3/30
2026-10-08 05:58:27,390  gsv3.training             INFO     [group_holdout:variational] epoch 0017  train_log_mse=0.28208  val_log_mse=2.56330  val_mse=0.037246  max_grad=128.48  patience=4/30
2026-10-08 05:58:51,433  gsv3.training             INFO     [group_holdout:vqe] epoch 0017  train_log_mse=0.24766  val_log_mse=0.47750  val_mse=0.021093  max_grad=98.95  patience=0/30
2026-10-08 05:59:10,302  gsv3.training             INFO     [group_holdout:fourier] epoch 0012  train_log_mse=0.09365  val_log_mse=3.99818  val_mse=0.025980  max_grad=43.76  patience=9/30
2026-10-08 05:59:25,421  gsv3.training             INFO     [group_holdout:variational] epoch 0018  train_log_mse=0.23672  val_log_mse=2.93046  val_mse=0.040087  max_grad=70.97  patience=5/30
2026-10-08 05:59:49,893  gsv3.training             INFO     [group_holdout:vqe] epoch 0018  train_log_mse=0.23066  val_log_mse=0.55762  val_mse=0.029733  max_grad=72.55  patience=1/30
2026-10-08 06:00:22,149  gsv3.training             INFO     [group_holdout:variational] epoch 0019  train_log_mse=0.24189  val_log_mse=2.05058  val_mse=0.034112  max_grad=115.53  patience=6/30
2026-10-08 06:00:33,997  gsv3.training             INFO     [group_holdout:fourier] epoch 0013  train_log_mse=0.07677  val_log_mse=3.67922  val_mse=0.024692  max_grad=45.72  patience=10/30
2026-10-08 06:00:48,418  gsv3.training             INFO     [group_holdout:vqe] epoch 0019  train_log_mse=0.26140  val_log_mse=0.60048  val_mse=0.033840  max_grad=98.36  patience=2/30
2026-10-08 06:01:18,560  gsv3.training             INFO     [group_holdout:variational] epoch 0020  train_log_mse=0.20675  val_log_mse=2.24151  val_mse=0.037357  max_grad=59.10  patience=7/30
2026-10-08 06:01:45,688  gsv3.training             INFO     [group_holdout:vqe] epoch 0020  train_log_mse=0.24838  val_log_mse=0.51298  val_mse=0.021289  max_grad=94.18  patience=3/30
2026-10-08 06:01:57,773  gsv3.training             INFO     [group_holdout:fourier] epoch 0014  train_log_mse=0.07764  val_log_mse=4.46417  val_mse=0.023491  max_grad=43.56  patience=11/30
2026-10-08 06:02:14,340  gsv3.training             INFO     [group_holdout:variational] epoch 0021  train_log_mse=0.20269  val_log_mse=1.84650  val_mse=0.029609  max_grad=86.09  patience=8/30
2026-10-08 06:02:43,576  gsv3.training             INFO     [group_holdout:vqe] epoch 0021  train_log_mse=0.22306  val_log_mse=0.54191  val_mse=0.021138  max_grad=79.95  patience=4/30
2026-10-08 06:03:11,704  gsv3.training             INFO     [group_holdout:variational] epoch 0022  train_log_mse=0.21270  val_log_mse=2.01257  val_mse=0.033049  max_grad=84.38  patience=9/30
2026-10-08 06:03:21,849  gsv3.training             INFO     [group_holdout:fourier] epoch 0015  train_log_mse=0.06937  val_log_mse=3.82498  val_mse=0.024152  max_grad=44.57  patience=12/30
2026-10-08 06:03:41,274  gsv3.training             INFO     [group_holdout:vqe] epoch 0022  train_log_mse=0.24197  val_log_mse=0.50159  val_mse=0.025502  max_grad=85.13  patience=5/30
2026-10-08 06:04:07,794  gsv3.training             INFO     [group_holdout:variational] epoch 0023  train_log_mse=0.18859  val_log_mse=2.62705  val_mse=0.044784  max_grad=69.94  patience=10/30
2026-10-08 06:04:37,737  gsv3.training             INFO     [group_holdout:vqe] epoch 0023  train_log_mse=0.20834  val_log_mse=0.52311  val_mse=0.032777  max_grad=82.18  patience=6/30
2026-10-08 06:04:45,133  gsv3.training             INFO     [group_holdout:fourier] epoch 0016  train_log_mse=0.06691  val_log_mse=4.63236  val_mse=0.021890  max_grad=39.45  patience=13/30
2026-10-08 06:05:05,218  gsv3.training             INFO     [group_holdout:variational] epoch 0024  train_log_mse=0.19567  val_log_mse=2.66074  val_mse=0.031924  max_grad=91.05  patience=11/30
2026-10-08 06:05:34,472  gsv3.training             INFO     [group_holdout:vqe] epoch 0024  train_log_mse=0.19626  val_log_mse=0.47239  val_mse=0.023326  max_grad=77.52  patience=7/30
2026-10-08 06:06:01,845  gsv3.training             INFO     [group_holdout:variational] epoch 0025  train_log_mse=0.18857  val_log_mse=2.39255  val_mse=0.034721  max_grad=96.66  patience=12/30
2026-10-08 06:06:09,584  gsv3.training             INFO     [group_holdout:fourier] epoch 0017  train_log_mse=0.06607  val_log_mse=3.81727  val_mse=0.023426  max_grad=35.86  patience=14/30
2026-10-08 06:06:31,605  gsv3.training             INFO     [group_holdout:vqe] epoch 0025  train_log_mse=0.17639  val_log_mse=0.55334  val_mse=0.035021  max_grad=49.69  patience=8/30
2026-10-08 06:06:59,255  gsv3.training             INFO     [group_holdout:variational] epoch 0026  train_log_mse=0.22217  val_log_mse=1.97641  val_mse=0.034450  max_grad=176.76  patience=13/30
2026-10-08 06:07:29,483  gsv3.training             INFO     [group_holdout:vqe] epoch 0026  train_log_mse=0.21749  val_log_mse=0.47252  val_mse=0.026793  max_grad=98.50  patience=9/30
2026-10-08 06:07:34,253  gsv3.training             INFO     [group_holdout:fourier] epoch 0018  train_log_mse=0.06726  val_log_mse=3.96906  val_mse=0.022607  max_grad=36.16  patience=15/30
2026-10-08 06:07:57,113  gsv3.training             INFO     [group_holdout:variational] epoch 0027  train_log_mse=0.19895  val_log_mse=1.97953  val_mse=0.034329  max_grad=77.17  patience=14/30
2026-10-08 06:08:28,343  gsv3.training             INFO     [group_holdout:vqe] epoch 0027  train_log_mse=0.17260  val_log_mse=0.50468  val_mse=0.028432  max_grad=83.89  patience=10/30
2026-10-08 06:08:53,650  gsv3.training             INFO     [group_holdout:variational] epoch 0028  train_log_mse=0.16694  val_log_mse=2.57412  val_mse=0.036353  max_grad=65.32  patience=15/30
2026-10-08 06:08:59,253  gsv3.training             INFO     [group_holdout:fourier] epoch 0019  train_log_mse=0.05802  val_log_mse=4.03064  val_mse=0.024491  max_grad=55.56  patience=16/30
2026-10-08 06:09:25,077  gsv3.training             INFO     [group_holdout:vqe] epoch 0028  train_log_mse=0.17250  val_log_mse=0.44442  val_mse=0.019147  max_grad=64.57  patience=0/30
2026-10-08 06:09:50,214  gsv3.training             INFO     [group_holdout:variational] epoch 0029  train_log_mse=0.18981  val_log_mse=2.52434  val_mse=0.041850  max_grad=122.55  patience=16/30
2026-10-08 06:10:22,254  gsv3.training             INFO     [group_holdout:vqe] epoch 0029  train_log_mse=0.17698  val_log_mse=0.48701  val_mse=0.023178  max_grad=56.31  patience=1/30
2026-10-08 06:10:25,844  gsv3.training             INFO     [group_holdout:fourier] epoch 0020  train_log_mse=0.06271  val_log_mse=4.24044  val_mse=0.023776  max_grad=58.81  patience=17/30
2026-10-08 06:10:47,517  gsv3.training             INFO     [group_holdout:variational] epoch 0030  train_log_mse=0.17017  val_log_mse=2.15562  val_mse=0.044457  max_grad=99.88  patience=17/30
2026-10-08 06:11:21,380  gsv3.training             INFO     [group_holdout:vqe] epoch 0030  train_log_mse=0.19456  val_log_mse=0.63178  val_mse=0.023547  max_grad=76.31  patience=2/30
2026-10-08 06:11:44,827  gsv3.training             INFO     [group_holdout:variational] epoch 0031  train_log_mse=0.17503  val_log_mse=2.31462  val_mse=0.039464  max_grad=96.57  patience=18/30
2026-10-08 06:11:50,893  gsv3.training             INFO     [group_holdout:fourier] epoch 0021  train_log_mse=0.06283  val_log_mse=4.14637  val_mse=0.021091  max_grad=31.30  patience=0/30
2026-10-08 06:12:19,796  gsv3.training             INFO     [group_holdout:vqe] epoch 0031  train_log_mse=0.17522  val_log_mse=0.50762  val_mse=0.034093  max_grad=75.58  patience=3/30
2026-10-08 06:12:41,783  gsv3.training             INFO     [group_holdout:variational] epoch 0032  train_log_mse=0.14075  val_log_mse=2.07217  val_mse=0.043209  max_grad=54.98  patience=19/30
2026-10-08 06:13:13,657  gsv3.training             INFO     [group_holdout:fourier] epoch 0022  train_log_mse=0.05536  val_log_mse=3.91671  val_mse=0.020878  max_grad=28.74  patience=0/30
2026-10-08 06:13:17,760  gsv3.training             INFO     [group_holdout:vqe] epoch 0032  train_log_mse=0.16981  val_log_mse=0.40385  val_mse=0.014675  max_grad=62.08  patience=0/30
2026-10-08 06:13:37,929  gsv3.training             INFO     [group_holdout:variational] epoch 0033  train_log_mse=0.18843  val_log_mse=2.26890  val_mse=0.044154  max_grad=102.64  patience=20/30
2026-10-08 06:14:16,169  gsv3.training             INFO     [group_holdout:vqe] epoch 0033  train_log_mse=0.16477  val_log_mse=0.52192  val_mse=0.030699  max_grad=50.06  patience=1/30
2026-10-08 06:14:35,339  gsv3.training             INFO     [group_holdout:variational] epoch 0034  train_log_mse=0.17650  val_log_mse=1.97746  val_mse=0.040616  max_grad=132.62  patience=21/30
2026-10-08 06:14:38,814  gsv3.training             INFO     [group_holdout:fourier] epoch 0023  train_log_mse=0.05228  val_log_mse=3.98975  val_mse=0.021828  max_grad=30.45  patience=1/30
2026-10-08 06:15:14,357  gsv3.training             INFO     [group_holdout:vqe] epoch 0034  train_log_mse=0.16053  val_log_mse=0.50308  val_mse=0.022400  max_grad=71.62  patience=2/30
2026-10-08 06:15:31,401  gsv3.training             INFO     [group_holdout:variational] epoch 0035  train_log_mse=0.16664  val_log_mse=2.11700  val_mse=0.042647  max_grad=119.48  patience=22/30
2026-10-08 06:16:03,304  gsv3.training             INFO     [group_holdout:fourier] epoch 0024  train_log_mse=0.04731  val_log_mse=4.70289  val_mse=0.022077  max_grad=24.07  patience=2/30
2026-10-08 06:16:13,377  gsv3.training             INFO     [group_holdout:vqe] epoch 0035  train_log_mse=0.15337  val_log_mse=0.46728  val_mse=0.030691  max_grad=64.28  patience=3/30
2026-10-08 06:16:29,051  gsv3.training             INFO     [group_holdout:variational] epoch 0036  train_log_mse=0.14285  val_log_mse=1.93730  val_mse=0.041390  max_grad=77.78  patience=23/30
2026-10-08 06:17:11,514  gsv3.training             INFO     [group_holdout:vqe] epoch 0036  train_log_mse=0.14454  val_log_mse=0.38308  val_mse=0.014574  max_grad=60.48  patience=0/30
2026-10-08 06:17:26,958  gsv3.training             INFO     [group_holdout:variational] epoch 0037  train_log_mse=0.14812  val_log_mse=1.94194  val_mse=0.036699  max_grad=66.11  patience=24/30
2026-10-08 06:17:28,121  gsv3.training             INFO     [group_holdout:fourier] epoch 0025  train_log_mse=0.04883  val_log_mse=3.82273  val_mse=0.020187  max_grad=32.54  patience=0/30
2026-10-08 06:18:10,068  gsv3.training             INFO     [group_holdout:vqe] epoch 0037  train_log_mse=0.15777  val_log_mse=0.42313  val_mse=0.024525  max_grad=52.07  patience=1/30
2026-10-08 06:18:23,795  gsv3.training             INFO     [group_holdout:variational] epoch 0038  train_log_mse=0.13994  val_log_mse=1.71620  val_mse=0.034954  max_grad=81.81  patience=25/30
2026-10-08 06:18:51,565  gsv3.training             INFO     [group_holdout:fourier] epoch 0026  train_log_mse=0.06658  val_log_mse=4.28821  val_mse=0.020958  max_grad=38.77  patience=1/30
2026-10-08 06:19:07,919  gsv3.training             INFO     [group_holdout:vqe] epoch 0038  train_log_mse=0.16492  val_log_mse=0.53077  val_mse=0.024008  max_grad=87.79  patience=2/30
2026-10-08 06:19:21,267  gsv3.training             INFO     [group_holdout:variational] epoch 0039  train_log_mse=0.14792  val_log_mse=1.70068  val_mse=0.033991  max_grad=86.62  patience=26/30
2026-10-08 06:20:05,512  gsv3.training             INFO     [group_holdout:vqe] epoch 0039  train_log_mse=0.15307  val_log_mse=0.47210  val_mse=0.024610  max_grad=80.20  patience=3/30
2026-10-08 06:20:14,584  gsv3.training             INFO     [group_holdout:fourier] epoch 0027  train_log_mse=0.05063  val_log_mse=4.03291  val_mse=0.020308  max_grad=32.91  patience=2/30
2026-10-08 06:20:17,611  gsv3.training             INFO     [group_holdout:variational] epoch 0040  train_log_mse=0.14396  val_log_mse=2.01036  val_mse=0.038514  max_grad=61.01  patience=27/30
2026-10-08 06:21:03,566  gsv3.training             INFO     [group_holdout:vqe] epoch 0040  train_log_mse=0.13503  val_log_mse=0.54681  val_mse=0.019029  max_grad=58.81  patience=4/30
2026-10-08 06:21:14,322  gsv3.training             INFO     [group_holdout:variational] epoch 0041  train_log_mse=0.13097  val_log_mse=1.67013  val_mse=0.034588  max_grad=96.55  patience=28/30
2026-10-08 06:21:38,585  gsv3.training             INFO     [group_holdout:fourier] epoch 0028  train_log_mse=0.04222  val_log_mse=4.21871  val_mse=0.021554  max_grad=39.08  patience=3/30
2026-10-08 06:22:00,990  gsv3.training             INFO     [group_holdout:vqe] epoch 0041  train_log_mse=0.15966  val_log_mse=0.42935  val_mse=0.031261  max_grad=82.60  patience=5/30
2026-10-08 06:22:11,076  gsv3.training             INFO     [group_holdout:variational] epoch 0042  train_log_mse=0.13945  val_log_mse=2.01573  val_mse=0.040552  max_grad=66.01  patience=29/30
2026-10-08 06:22:58,371  gsv3.training             INFO     [group_holdout:vqe] epoch 0042  train_log_mse=0.13611  val_log_mse=0.32581  val_mse=0.018197  max_grad=64.19  patience=6/30
2026-10-08 06:23:03,010  gsv3.training             INFO     [group_holdout:fourier] epoch 0029  train_log_mse=0.04573  val_log_mse=4.36013  val_mse=0.021324  max_grad=25.71  patience=4/30
2026-10-08 06:23:07,875  gsv3.training             INFO     [group_holdout:variational] epoch 0043  train_log_mse=0.14038  val_log_mse=2.02732  val_mse=0.042516  max_grad=83.57  patience=30/30
2026-10-08 06:23:23,524  gsv3.experiment           INFO     [variational] TEST  n=9928  MAE=0.1588  R2=0.5185  device-acc=0.176  regret=0.0817
2026-10-08 06:23:23,527  genstudy.io               INFO     Wrote evaluations/generalization_v3/results/xattn_a05_s6/leave_one_group_out/variational/metrics.json
2026-10-08 06:23:23,573  genstudy.io               INFO     Wrote evaluations/generalization_v3/results/xattn_a05_s6/leave_one_group_out/variational/predictions.json
2026-10-08 06:23:23,586  genstudy.io               INFO     Wrote evaluations/generalization_v3/results/xattn_a05_s6/leave_one_group_out/variational/history.json
2026-10-08 06:23:23,605  run_experiment            INFO     leave_one_group_out finished: 1 complete, 0 skipped
2026-10-08 06:23:53,262  gsv3.training             INFO     [group_holdout:vqe] epoch 0043  train_log_mse=0.14192  val_log_mse=0.43007  val_mse=0.019224  max_grad=59.37  patience=7/30
2026-10-08 06:24:22,082  gsv3.training             INFO     [group_holdout:fourier] epoch 0030  train_log_mse=0.04400  val_log_mse=4.46014  val_mse=0.020789  max_grad=24.47  patience=5/30
2026-10-08 06:24:46,752  gsv3.training             INFO     [group_holdout:vqe] epoch 0044  train_log_mse=0.15592  val_log_mse=0.41479  val_mse=0.017353  max_grad=62.01  patience=8/30
2026-10-08 06:25:40,365  gsv3.training             INFO     [group_holdout:vqe] epoch 0045  train_log_mse=0.13847  val_log_mse=0.37862  val_mse=0.017400  max_grad=58.17  patience=9/30
2026-10-08 06:25:41,478  gsv3.training             INFO     [group_holdout:fourier] epoch 0031  train_log_mse=0.05348  val_log_mse=3.93497  val_mse=0.019842  max_grad=41.41  patience=0/30
2026-10-08 06:26:33,625  gsv3.training             INFO     [group_holdout:vqe] epoch 0046  train_log_mse=0.14346  val_log_mse=0.37870  val_mse=0.017180  max_grad=71.02  patience=10/30
2026-10-08 06:27:00,592  gsv3.training             INFO     [group_holdout:fourier] epoch 0032  train_log_mse=0.04592  val_log_mse=3.92426  val_mse=0.019672  max_grad=28.41  patience=0/30
2026-10-08 06:27:28,480  gsv3.training             INFO     [group_holdout:vqe] epoch 0047  train_log_mse=0.14385  val_log_mse=0.47072  val_mse=0.030457  max_grad=44.67  patience=11/30
2026-10-08 06:28:18,958  gsv3.training             INFO     [group_holdout:fourier] epoch 0033  train_log_mse=0.05100  val_log_mse=3.92860  val_mse=0.018503  max_grad=32.91  patience=0/30
2026-10-08 06:28:20,883  gsv3.training             INFO     [group_holdout:vqe] epoch 0048  train_log_mse=0.10754  val_log_mse=0.35271  val_mse=0.021529  max_grad=36.85  patience=12/30
2026-10-08 06:29:13,536  gsv3.training             INFO     [group_holdout:vqe] epoch 0049  train_log_mse=0.13244  val_log_mse=0.34828  val_mse=0.017946  max_grad=48.15  patience=13/30
2026-10-08 06:29:37,916  gsv3.training             INFO     [group_holdout:fourier] epoch 0034  train_log_mse=0.04483  val_log_mse=4.11266  val_mse=0.019113  max_grad=26.42  patience=1/30
2026-10-08 06:30:09,083  gsv3.training             INFO     [group_holdout:vqe] epoch 0050  train_log_mse=0.11640  val_log_mse=0.39907  val_mse=0.023727  max_grad=50.16  patience=14/30
2026-10-08 06:30:55,565  gsv3.training             INFO     [group_holdout:fourier] epoch 0035  train_log_mse=0.04411  val_log_mse=4.30435  val_mse=0.019783  max_grad=31.74  patience=2/30
2026-10-08 06:31:04,122  gsv3.training             INFO     [group_holdout:vqe] epoch 0051  train_log_mse=0.15226  val_log_mse=0.42509  val_mse=0.026138  max_grad=69.06  patience=15/30
2026-10-08 06:31:58,340  gsv3.training             INFO     [group_holdout:vqe] epoch 0052  train_log_mse=0.13302  val_log_mse=0.39435  val_mse=0.025930  max_grad=75.92  patience=16/30
2026-10-08 06:32:14,288  gsv3.training             INFO     [group_holdout:fourier] epoch 0036  train_log_mse=0.04548  val_log_mse=4.00437  val_mse=0.019965  max_grad=30.60  patience=3/30
2026-10-08 06:32:53,257  gsv3.training             INFO     [group_holdout:vqe] epoch 0053  train_log_mse=0.11841  val_log_mse=0.39879  val_mse=0.024934  max_grad=44.60  patience=17/30
2026-10-08 06:33:32,362  gsv3.training             INFO     [group_holdout:fourier] epoch 0037  train_log_mse=0.03836  val_log_mse=4.05623  val_mse=0.021591  max_grad=25.23  patience=4/30
2026-10-08 06:33:49,715  gsv3.training             INFO     [group_holdout:vqe] epoch 0054  train_log_mse=0.14349  val_log_mse=0.39950  val_mse=0.015559  max_grad=74.58  patience=18/30
2026-10-08 06:34:43,177  gsv3.training             INFO     [group_holdout:vqe] epoch 0055  train_log_mse=0.11932  val_log_mse=0.34677  val_mse=0.020669  max_grad=59.18  patience=19/30
2026-10-08 06:34:51,547  gsv3.training             INFO     [group_holdout:fourier] epoch 0038  train_log_mse=0.04019  val_log_mse=3.98491  val_mse=0.018864  max_grad=27.85  patience=5/30
2026-10-08 06:35:37,588  gsv3.training             INFO     [group_holdout:vqe] epoch 0056  train_log_mse=0.10588  val_log_mse=0.39775  val_mse=0.018103  max_grad=42.44  patience=20/30
2026-10-08 06:36:09,734  gsv3.training             INFO     [group_holdout:fourier] epoch 0039  train_log_mse=0.04130  val_log_mse=4.38296  val_mse=0.019025  max_grad=25.91  patience=6/30
2026-10-08 06:36:32,152  gsv3.training             INFO     [group_holdout:vqe] epoch 0057  train_log_mse=0.11799  val_log_mse=0.40105  val_mse=0.027525  max_grad=42.48  patience=21/30
2026-10-08 06:37:26,407  gsv3.training             INFO     [group_holdout:vqe] epoch 0058  train_log_mse=0.10040  val_log_mse=0.36242  val_mse=0.016535  max_grad=47.42  patience=22/30
2026-10-08 06:37:27,681  gsv3.training             INFO     [group_holdout:fourier] epoch 0040  train_log_mse=0.03629  val_log_mse=4.34333  val_mse=0.019727  max_grad=20.81  patience=7/30
2026-10-08 06:38:20,394  gsv3.training             INFO     [group_holdout:vqe] epoch 0059  train_log_mse=0.11641  val_log_mse=0.37864  val_mse=0.017227  max_grad=50.32  patience=23/30
2026-10-08 06:38:45,609  gsv3.training             INFO     [group_holdout:fourier] epoch 0041  train_log_mse=0.04200  val_log_mse=4.43434  val_mse=0.021610  max_grad=22.89  patience=8/30
2026-10-08 06:39:14,841  gsv3.training             INFO     [group_holdout:vqe] epoch 0060  train_log_mse=0.10419  val_log_mse=0.35715  val_mse=0.021200  max_grad=48.69  patience=24/30
2026-10-08 06:40:05,672  gsv3.training             INFO     [group_holdout:fourier] epoch 0042  train_log_mse=0.04313  val_log_mse=4.17486  val_mse=0.019512  max_grad=26.64  patience=9/30
2026-10-08 06:40:08,441  gsv3.training             INFO     [group_holdout:vqe] epoch 0061  train_log_mse=0.11132  val_log_mse=0.39402  val_mse=0.024245  max_grad=90.99  patience=25/30
2026-10-08 06:41:02,885  gsv3.training             INFO     [group_holdout:vqe] epoch 0062  train_log_mse=0.08966  val_log_mse=0.33095  val_mse=0.018310  max_grad=44.90  patience=26/30
2026-10-08 06:41:24,924  gsv3.training             INFO     [group_holdout:fourier] epoch 0043  train_log_mse=0.04005  val_log_mse=4.40447  val_mse=0.019610  max_grad=20.63  patience=10/30
2026-10-08 06:41:57,395  gsv3.training             INFO     [group_holdout:vqe] epoch 0063  train_log_mse=0.08715  val_log_mse=0.44612  val_mse=0.021894  max_grad=48.56  patience=27/30
2026-10-08 06:42:44,697  gsv3.training             INFO     [group_holdout:fourier] epoch 0044  train_log_mse=0.03614  val_log_mse=4.15831  val_mse=0.018416  max_grad=29.42  patience=0/30
2026-10-08 06:42:52,193  gsv3.training             INFO     [group_holdout:vqe] epoch 0064  train_log_mse=0.09123  val_log_mse=0.46280  val_mse=0.028250  max_grad=38.14  patience=28/30
2026-10-08 06:43:47,958  gsv3.training             INFO     [group_holdout:vqe] epoch 0065  train_log_mse=0.11812  val_log_mse=0.42017  val_mse=0.021917  max_grad=50.68  patience=29/30
2026-10-08 06:44:04,230  gsv3.training             INFO     [group_holdout:fourier] epoch 0045  train_log_mse=0.03561  val_log_mse=4.40413  val_mse=0.019583  max_grad=25.17  patience=1/30
2026-10-08 06:44:43,022  gsv3.training             INFO     [group_holdout:vqe] epoch 0066  train_log_mse=0.10659  val_log_mse=0.41377  val_mse=0.019477  max_grad=52.16  patience=30/30
2026-10-08 06:44:56,630  gsv3.experiment           INFO     [vqe] TEST  n=9168  MAE=0.0756  R2=0.8930  device-acc=0.694  regret=0.0130
2026-10-08 06:44:56,633  genstudy.io               INFO     Wrote evaluations/generalization_v3/results/xattn_a05_s6/leave_one_group_out/vqe/metrics.json
2026-10-08 06:44:56,676  genstudy.io               INFO     Wrote evaluations/generalization_v3/results/xattn_a05_s6/leave_one_group_out/vqe/predictions.json
2026-10-08 06:44:56,688  genstudy.io               INFO     Wrote evaluations/generalization_v3/results/xattn_a05_s6/leave_one_group_out/vqe/history.json
2026-10-08 06:44:56,705  run_experiment            INFO     leave_one_group_out finished: 1 complete, 0 skipped
2026-10-08 06:45:22,097  gsv3.training             INFO     [group_holdout:fourier] epoch 0046  train_log_mse=0.03519  val_log_mse=3.99089  val_mse=0.018627  max_grad=27.42  patience=2/30
2026-10-08 06:46:36,406  gsv3.training             INFO     [group_holdout:fourier] epoch 0047  train_log_mse=0.03351  val_log_mse=3.75475  val_mse=0.017696  max_grad=23.47  patience=0/30
2026-10-08 06:47:50,837  gsv3.training             INFO     [group_holdout:fourier] epoch 0048  train_log_mse=0.04639  val_log_mse=4.02259  val_mse=0.018279  max_grad=30.59  patience=1/30
2026-10-08 06:49:04,069  gsv3.training             INFO     [group_holdout:fourier] epoch 0049  train_log_mse=0.03265  val_log_mse=4.05507  val_mse=0.018671  max_grad=16.83  patience=2/30
2026-10-08 06:50:16,398  gsv3.training             INFO     [group_holdout:fourier] epoch 0050  train_log_mse=0.03561  val_log_mse=3.98098  val_mse=0.018793  max_grad=26.48  patience=3/30
2026-10-08 06:51:29,690  gsv3.training             INFO     [group_holdout:fourier] epoch 0051  train_log_mse=0.03456  val_log_mse=4.38589  val_mse=0.019098  max_grad=21.06  patience=4/30
2026-10-08 06:52:43,760  gsv3.training             INFO     [group_holdout:fourier] epoch 0052  train_log_mse=0.03525  val_log_mse=4.18922  val_mse=0.019153  max_grad=21.83  patience=5/30
2026-10-08 06:53:56,957  gsv3.training             INFO     [group_holdout:fourier] epoch 0053  train_log_mse=0.03922  val_log_mse=3.89235  val_mse=0.017806  max_grad=20.75  patience=6/30
2026-10-08 06:55:10,488  gsv3.training             INFO     [group_holdout:fourier] epoch 0054  train_log_mse=0.03446  val_log_mse=4.23828  val_mse=0.018374  max_grad=21.80  patience=7/30
2026-10-08 06:56:23,651  gsv3.training             INFO     [group_holdout:fourier] epoch 0055  train_log_mse=0.03343  val_log_mse=4.56958  val_mse=0.018940  max_grad=22.34  patience=8/30
2026-10-08 06:57:36,977  gsv3.training             INFO     [group_holdout:fourier] epoch 0056  train_log_mse=0.03425  val_log_mse=4.13815  val_mse=0.019136  max_grad=21.14  patience=9/30
2026-10-08 06:58:50,468  gsv3.training             INFO     [group_holdout:fourier] epoch 0057  train_log_mse=0.03489  val_log_mse=4.16777  val_mse=0.019507  max_grad=31.75  patience=10/30
2026-10-08 07:00:03,899  gsv3.training             INFO     [group_holdout:fourier] epoch 0058  train_log_mse=0.03057  val_log_mse=4.30008  val_mse=0.018876  max_grad=21.71  patience=11/30
2026-10-08 07:01:17,643  gsv3.training             INFO     [group_holdout:fourier] epoch 0059  train_log_mse=0.03423  val_log_mse=4.65699  val_mse=0.018748  max_grad=23.29  patience=12/30
2026-10-08 07:02:32,222  gsv3.training             INFO     [group_holdout:fourier] epoch 0060  train_log_mse=0.03129  val_log_mse=4.05985  val_mse=0.018256  max_grad=28.19  patience=13/30
2026-10-08 07:03:47,017  gsv3.training             INFO     [group_holdout:fourier] epoch 0061  train_log_mse=0.03401  val_log_mse=4.36282  val_mse=0.019079  max_grad=28.09  patience=14/30
2026-10-08 07:05:00,613  gsv3.training             INFO     [group_holdout:fourier] epoch 0062  train_log_mse=0.03287  val_log_mse=4.31822  val_mse=0.019510  max_grad=23.53  patience=15/30
2026-10-08 07:06:15,074  gsv3.training             INFO     [group_holdout:fourier] epoch 0063  train_log_mse=0.03147  val_log_mse=4.38772  val_mse=0.018001  max_grad=14.90  patience=16/30
2026-10-08 07:07:29,041  gsv3.training             INFO     [group_holdout:fourier] epoch 0064  train_log_mse=0.02843  val_log_mse=4.08917  val_mse=0.017633  max_grad=15.05  patience=0/30
2026-10-08 07:08:44,908  gsv3.training             INFO     [group_holdout:fourier] epoch 0065  train_log_mse=0.03881  val_log_mse=4.04088  val_mse=0.018189  max_grad=25.78  patience=1/30
2026-10-08 07:10:08,845  gsv3.training             INFO     [group_holdout:fourier] epoch 0066  train_log_mse=0.02979  val_log_mse=4.05805  val_mse=0.018504  max_grad=35.99  patience=2/30
2026-10-08 07:11:33,326  gsv3.training             INFO     [group_holdout:fourier] epoch 0067  train_log_mse=0.03109  val_log_mse=4.10976  val_mse=0.018695  max_grad=19.99  patience=3/30
2026-10-08 07:12:56,915  gsv3.training             INFO     [group_holdout:fourier] epoch 0068  train_log_mse=0.03052  val_log_mse=3.93615  val_mse=0.018651  max_grad=21.20  patience=4/30
2026-10-08 07:14:21,680  gsv3.training             INFO     [group_holdout:fourier] epoch 0069  train_log_mse=0.03089  val_log_mse=4.11003  val_mse=0.018638  max_grad=18.08  patience=5/30
2026-10-08 07:15:44,626  gsv3.training             INFO     [group_holdout:fourier] epoch 0070  train_log_mse=0.03515  val_log_mse=4.27837  val_mse=0.020530  max_grad=26.15  patience=6/30
2026-10-08 07:17:06,437  gsv3.training             INFO     [group_holdout:fourier] epoch 0071  train_log_mse=0.03007  val_log_mse=4.68880  val_mse=0.019882  max_grad=22.78  patience=7/30
2026-10-08 07:18:29,525  gsv3.training             INFO     [group_holdout:fourier] epoch 0072  train_log_mse=0.02822  val_log_mse=4.15624  val_mse=0.019025  max_grad=15.72  patience=8/30
2026-10-08 07:19:52,499  gsv3.training             INFO     [group_holdout:fourier] epoch 0073  train_log_mse=0.03157  val_log_mse=4.23878  val_mse=0.018437  max_grad=17.83  patience=9/30
2026-10-08 07:21:14,709  gsv3.training             INFO     [group_holdout:fourier] epoch 0074  train_log_mse=0.02765  val_log_mse=4.32077  val_mse=0.020370  max_grad=17.31  patience=10/30
2026-10-08 07:22:37,402  gsv3.training             INFO     [group_holdout:fourier] epoch 0075  train_log_mse=0.02756  val_log_mse=4.32169  val_mse=0.018453  max_grad=19.80  patience=11/30
2026-10-08 07:24:01,868  gsv3.training             INFO     [group_holdout:fourier] epoch 0076  train_log_mse=0.02984  val_log_mse=4.16639  val_mse=0.018102  max_grad=18.11  patience=12/30
2026-10-08 07:25:26,940  gsv3.training             INFO     [group_holdout:fourier] epoch 0077  train_log_mse=0.02987  val_log_mse=4.71104  val_mse=0.021342  max_grad=14.60  patience=13/30
2026-10-08 07:26:50,373  gsv3.training             INFO     [group_holdout:fourier] epoch 0078  train_log_mse=0.03029  val_log_mse=4.06480  val_mse=0.018464  max_grad=18.58  patience=14/30
2026-10-08 07:28:13,896  gsv3.training             INFO     [group_holdout:fourier] epoch 0079  train_log_mse=0.02917  val_log_mse=4.26463  val_mse=0.019455  max_grad=18.25  patience=15/30
2026-10-08 07:29:37,520  gsv3.training             INFO     [group_holdout:fourier] epoch 0080  train_log_mse=0.02794  val_log_mse=4.10249  val_mse=0.019897  max_grad=17.70  patience=16/30
2026-10-08 07:31:01,156  gsv3.training             INFO     [group_holdout:fourier] epoch 0081  train_log_mse=0.02960  val_log_mse=4.10446  val_mse=0.018510  max_grad=18.65  patience=17/30
2026-10-08 07:32:25,013  gsv3.training             INFO     [group_holdout:fourier] epoch 0082  train_log_mse=0.02631  val_log_mse=4.25748  val_mse=0.019124  max_grad=16.94  patience=18/30
2026-10-08 07:33:49,393  gsv3.training             INFO     [group_holdout:fourier] epoch 0083  train_log_mse=0.02955  val_log_mse=4.19525  val_mse=0.019359  max_grad=22.09  patience=19/30
2026-10-08 07:35:14,502  gsv3.training             INFO     [group_holdout:fourier] epoch 0084  train_log_mse=0.02773  val_log_mse=4.33765  val_mse=0.018343  max_grad=16.40  patience=20/30
2026-10-08 07:36:37,510  gsv3.training             INFO     [group_holdout:fourier] epoch 0085  train_log_mse=0.03022  val_log_mse=4.52613  val_mse=0.018999  max_grad=23.11  patience=21/30
2026-10-08 07:38:00,156  gsv3.training             INFO     [group_holdout:fourier] epoch 0086  train_log_mse=0.02752  val_log_mse=4.18363  val_mse=0.018876  max_grad=14.78  patience=22/30
2026-10-08 07:39:23,637  gsv3.training             INFO     [group_holdout:fourier] epoch 0087  train_log_mse=0.03022  val_log_mse=4.11058  val_mse=0.019715  max_grad=26.06  patience=23/30
2026-10-08 07:40:48,599  gsv3.training             INFO     [group_holdout:fourier] epoch 0088  train_log_mse=0.02862  val_log_mse=4.00061  val_mse=0.020303  max_grad=17.79  patience=24/30
2026-10-08 07:42:12,501  gsv3.training             INFO     [group_holdout:fourier] epoch 0089  train_log_mse=0.02874  val_log_mse=4.42996  val_mse=0.019411  max_grad=20.25  patience=25/30
2026-10-08 07:43:35,441  gsv3.training             INFO     [group_holdout:fourier] epoch 0090  train_log_mse=0.02701  val_log_mse=4.01358  val_mse=0.018280  max_grad=20.93  patience=26/30
2026-10-08 07:44:58,613  gsv3.training             INFO     [group_holdout:fourier] epoch 0091  train_log_mse=0.02794  val_log_mse=4.31484  val_mse=0.020223  max_grad=20.81  patience=27/30
2026-10-08 07:46:22,626  gsv3.training             INFO     [group_holdout:fourier] epoch 0092  train_log_mse=0.02636  val_log_mse=4.02497  val_mse=0.019620  max_grad=15.45  patience=28/30
2026-10-08 07:47:46,729  gsv3.training             INFO     [group_holdout:fourier] epoch 0093  train_log_mse=0.02789  val_log_mse=4.16551  val_mse=0.019360  max_grad=20.79  patience=29/30
2026-10-08 07:49:09,624  gsv3.training             INFO     [group_holdout:fourier] epoch 0094  train_log_mse=0.02556  val_log_mse=4.48226  val_mse=0.019933  max_grad=13.94  patience=30/30
2026-10-08 07:49:14,759  gsv3.experiment           INFO     [fourier] TEST  n=2904  MAE=0.1231  R2=0.7342  device-acc=0.535  regret=0.0304
2026-10-08 07:49:14,762  genstudy.io               INFO     Wrote evaluations/generalization_v3/results/xattn_a05_s6/leave_one_group_out/fourier/metrics.json
2026-10-08 07:49:14,780  genstudy.io               INFO     Wrote evaluations/generalization_v3/results/xattn_a05_s6/leave_one_group_out/fourier/predictions.json
2026-10-08 07:49:14,793  genstudy.io               INFO     Wrote evaluations/generalization_v3/results/xattn_a05_s6/leave_one_group_out/fourier/history.json
2026-10-08 07:49:14,811  run_experiment            INFO     leave_one_group_out finished: 1 complete, 0 skipped
