2026-10-08 19:31:20,528  genstudy.io               INFO     Logging to evaluations/generalization_v7/results/v7_l001/random_control/run.log
2026-10-08 19:31:20,528  run_experiment            INFO     Command line: evaluations/generalization_v3/scripts/run_experiment.py control --model sinkhorn --balance-alpha 0 --lr 3e-4 --grad-clip 1.0 --seed 5 --families x --groups x --loss mixed --val-mode random --layout-lambda 0.01 --layout-loss region_dist --layouts-path evaluations/compile_check/results/compiler_layouts_v6pilot.pt --results-dir evaluations/generalization_v7/results/v7_l001
2026-10-08 19:31:20,528  gsv2.gpu                  WARNING  No CUDA device available — running on the CPU.
2026-10-08 19:31:20,529  gsv3.model                INFO     Hyper-parameters (/home/atudisco/pred-distr-tool/src/model/best_params.json + v3 defaults): {'device_hidden': 64, 'device_layers': 3, 'fusion_dim': 128, 'qubit_layers': 2, 'attn_heads': 4, 'lap_pe': 8, 'cost_bias_init': -6.0, 'hidden_dim': 142, 'num_conv_wo_resnet': 3, 'num_resnet_layers': 1, 'dropout': 0.0, 'bidirectional': True, 'mlp': [512, 256, 128], 'lr': 0.001, 'readout': 'meanmaxsum'}
2026-10-08 19:31:20,542  gsv3.devices              INFO     Device graphs: node features 13 (Laplacian PE 8), physical errors True
2026-10-08 19:31:20,543  genstudy.data             INFO     Loading graph dataset: /home/atudisco/pred-distr-tool/evaluations/generalization_v3/data/graph_dataset_expected_fidelity.pt
2026-10-08 19:31:23,955  genstudy.data             INFO     Loaded 17056 graphs
2026-10-08 19:31:24,486  run_experiment            INFO     Compiler layouts (evaluations/compile_check/results/compiler_layouts_v6pilot.pt): 16994/17056 circuits
2026-10-08 19:31:24,505  genstudy.io               INFO     Wrote evaluations/generalization_v7/results/v7_l001/random_control/dataset_summary.json
2026-10-08 19:31:24,609  run_experiment            INFO     [1/1] random_seed5
2026-10-08 19:31:24,612  gsv3.experiment           INFO     === random / random_seed5 ===
2026-10-08 19:31:24,612  gsv3.experiment           INFO     Random split stratified by fidelity (test_fraction=0.3, seed=5): train = 11939, test = 5117 circuits; families and sizes appear on both sides.
2026-10-08 19:31:24,613  gsv3.experiment           INFO     train=9551  val=2388 ({'mode': 'random'})  test=5117
2026-10-08 19:31:24,689  gsv3.training             INFO     [random:random_seed5] model=sinkhorn (979423 params) train=9551 val=2388 lr=0.0003 clip=1.0 alpha=0.00
2026-10-08 19:32:39,613  gsv3.training             INFO     [random:random_seed5] epoch 0001  region_bce=1.8819  dist_mse=0.4056  region_overlap=0.516
2026-10-08 19:32:39,616  gsv3.training             INFO     [random:random_seed5] epoch 0001  train_log_mse=0.42206  val_log_mse=0.35798  val_mse=0.002332  max_grad=1336.56  patience=0/30
2026-10-08 19:33:54,216  gsv3.training             INFO     [random:random_seed5] epoch 0002  region_bce=1.4111  dist_mse=0.3398  region_overlap=0.542
2026-10-08 19:33:54,218  gsv3.training             INFO     [random:random_seed5] epoch 0002  train_log_mse=0.03466  val_log_mse=0.23915  val_mse=0.001609  max_grad=14.33  patience=0/30
2026-10-08 19:35:08,577  gsv3.training             INFO     [random:random_seed5] epoch 0003  region_bce=1.2437  dist_mse=0.3294  region_overlap=0.564
2026-10-08 19:35:08,579  gsv3.training             INFO     [random:random_seed5] epoch 0003  train_log_mse=0.02713  val_log_mse=0.19252  val_mse=0.001443  max_grad=4.17  patience=0/30
2026-10-08 19:36:21,791  gsv3.training             INFO     [random:random_seed5] epoch 0004  region_bce=1.0471  dist_mse=0.2802  region_overlap=0.588
2026-10-08 19:36:21,793  gsv3.training             INFO     [random:random_seed5] epoch 0004  train_log_mse=0.01945  val_log_mse=0.13626  val_mse=0.001165  max_grad=8.96  patience=0/30
2026-10-08 19:37:35,801  gsv3.training             INFO     [random:random_seed5] epoch 0005  region_bce=0.9440  dist_mse=0.2597  region_overlap=0.614
2026-10-08 19:37:35,802  gsv3.training             INFO     [random:random_seed5] epoch 0005  train_log_mse=0.01545  val_log_mse=0.16046  val_mse=0.001340  max_grad=6.18  patience=1/30
2026-10-08 19:38:49,254  gsv3.training             INFO     [random:random_seed5] epoch 0006  region_bce=0.8679  dist_mse=0.2581  region_overlap=0.631
2026-10-08 19:38:49,256  gsv3.training             INFO     [random:random_seed5] epoch 0006  train_log_mse=0.01570  val_log_mse=0.16968  val_mse=0.001053  max_grad=8.57  patience=0/30
2026-10-08 19:40:03,508  gsv3.training             INFO     [random:random_seed5] epoch 0007  region_bce=0.7691  dist_mse=0.2480  region_overlap=0.650
2026-10-08 19:40:03,508  gsv3.training             INFO     [random:random_seed5] epoch 0007  train_log_mse=0.01360  val_log_mse=0.15682  val_mse=0.001117  max_grad=3.90  patience=1/30
2026-10-08 19:41:17,546  gsv3.training             INFO     [random:random_seed5] epoch 0008  region_bce=0.6719  dist_mse=0.2500  region_overlap=0.665
2026-10-08 19:41:17,549  gsv3.training             INFO     [random:random_seed5] epoch 0008  train_log_mse=0.01231  val_log_mse=0.11352  val_mse=0.000980  max_grad=2.91  patience=0/30
2026-10-08 19:42:31,656  gsv3.training             INFO     [random:random_seed5] epoch 0009  region_bce=0.6333  dist_mse=0.2398  region_overlap=0.676
2026-10-08 19:42:31,659  gsv3.training             INFO     [random:random_seed5] epoch 0009  train_log_mse=0.01156  val_log_mse=0.10813  val_mse=0.000885  max_grad=3.00  patience=0/30
2026-10-08 19:43:45,901  gsv3.training             INFO     [random:random_seed5] epoch 0010  region_bce=0.5977  dist_mse=0.2327  region_overlap=0.686
2026-10-08 19:43:45,902  gsv3.training             INFO     [random:random_seed5] epoch 0010  train_log_mse=0.01053  val_log_mse=0.10136  val_mse=0.000977  max_grad=2.45  patience=1/30
2026-10-08 19:44:59,447  gsv3.training             INFO     [random:random_seed5] epoch 0011  region_bce=0.5797  dist_mse=0.2270  region_overlap=0.694
2026-10-08 19:44:59,450  gsv3.training             INFO     [random:random_seed5] epoch 0011  train_log_mse=0.01057  val_log_mse=0.11821  val_mse=0.000873  max_grad=1.77  patience=0/30
2026-10-08 19:46:12,782  gsv3.training             INFO     [random:random_seed5] epoch 0012  region_bce=0.5453  dist_mse=0.2199  region_overlap=0.702
2026-10-08 19:46:12,782  gsv3.training             INFO     [random:random_seed5] epoch 0012  train_log_mse=0.00930  val_log_mse=0.08405  val_mse=0.000961  max_grad=2.14  patience=1/30
2026-10-08 19:47:25,743  gsv3.training             INFO     [random:random_seed5] epoch 0013  region_bce=0.4978  dist_mse=0.2133  region_overlap=0.714
2026-10-08 19:47:25,745  gsv3.training             INFO     [random:random_seed5] epoch 0013  train_log_mse=0.00763  val_log_mse=0.09987  val_mse=0.000763  max_grad=1.47  patience=0/30
2026-10-08 19:48:38,385  gsv3.training             INFO     [random:random_seed5] epoch 0014  region_bce=0.4692  dist_mse=0.2076  region_overlap=0.724
2026-10-08 19:48:38,385  gsv3.training             INFO     [random:random_seed5] epoch 0014  train_log_mse=0.00775  val_log_mse=0.10982  val_mse=0.000780  max_grad=1.69  patience=1/30
2026-10-08 19:49:51,182  gsv3.training             INFO     [random:random_seed5] epoch 0015  region_bce=0.4619  dist_mse=0.2053  region_overlap=0.726
2026-10-08 19:49:51,182  gsv3.training             INFO     [random:random_seed5] epoch 0015  train_log_mse=0.00805  val_log_mse=0.08637  val_mse=0.000834  max_grad=1.52  patience=2/30
2026-10-08 19:51:03,465  gsv3.training             INFO     [random:random_seed5] epoch 0016  region_bce=0.4448  dist_mse=0.2024  region_overlap=0.730
2026-10-08 19:51:03,468  gsv3.training             INFO     [random:random_seed5] epoch 0016  train_log_mse=0.00850  val_log_mse=0.06869  val_mse=0.000753  max_grad=2.11  patience=0/30
2026-10-08 19:52:15,324  gsv3.training             INFO     [random:random_seed5] epoch 0017  region_bce=0.4403  dist_mse=0.2024  region_overlap=0.732
2026-10-08 19:52:15,325  gsv3.training             INFO     [random:random_seed5] epoch 0017  train_log_mse=0.01002  val_log_mse=0.08477  val_mse=0.000890  max_grad=1.98  patience=1/30
2026-10-08 19:53:27,109  gsv3.training             INFO     [random:random_seed5] epoch 0018  region_bce=0.4150  dist_mse=0.1963  region_overlap=0.739
2026-10-08 19:53:27,111  gsv3.training             INFO     [random:random_seed5] epoch 0018  train_log_mse=0.00760  val_log_mse=0.06572  val_mse=0.000665  max_grad=1.45  patience=0/30
2026-10-08 19:54:38,668  gsv3.training             INFO     [random:random_seed5] epoch 0019  region_bce=0.3871  dist_mse=0.1911  region_overlap=0.746
2026-10-08 19:54:38,670  gsv3.training             INFO     [random:random_seed5] epoch 0019  train_log_mse=0.00678  val_log_mse=0.05934  val_mse=0.000626  max_grad=1.06  patience=0/30
2026-10-08 19:55:49,935  gsv3.training             INFO     [random:random_seed5] epoch 0020  region_bce=0.3857  dist_mse=0.1884  region_overlap=0.748
2026-10-08 19:55:49,937  gsv3.training             INFO     [random:random_seed5] epoch 0020  train_log_mse=0.00725  val_log_mse=0.06453  val_mse=0.000614  max_grad=1.41  patience=0/30
2026-10-08 19:57:01,216  gsv3.training             INFO     [random:random_seed5] epoch 0021  region_bce=0.3797  dist_mse=0.1873  region_overlap=0.751
2026-10-08 19:57:01,219  gsv3.training             INFO     [random:random_seed5] epoch 0021  train_log_mse=0.00673  val_log_mse=0.06231  val_mse=0.000551  max_grad=1.01  patience=0/30
2026-10-08 19:58:11,817  gsv3.training             INFO     [random:random_seed5] epoch 0022  region_bce=0.3782  dist_mse=0.1849  region_overlap=0.752
2026-10-08 19:58:11,818  gsv3.training             INFO     [random:random_seed5] epoch 0022  train_log_mse=0.00695  val_log_mse=0.06551  val_mse=0.000631  max_grad=1.02  patience=1/30
2026-10-08 19:59:22,637  gsv3.training             INFO     [random:random_seed5] epoch 0023  region_bce=0.3697  dist_mse=0.1862  region_overlap=0.755
2026-10-08 19:59:22,638  gsv3.training             INFO     [random:random_seed5] epoch 0023  train_log_mse=0.00669  val_log_mse=0.08562  val_mse=0.000657  max_grad=2.27  patience=2/30
2026-10-08 20:00:32,728  gsv3.training             INFO     [random:random_seed5] epoch 0024  region_bce=0.3663  dist_mse=0.1815  region_overlap=0.757
2026-10-08 20:00:32,730  gsv3.training             INFO     [random:random_seed5] epoch 0024  train_log_mse=0.00647  val_log_mse=0.05739  val_mse=0.000549  max_grad=1.31  patience=0/30
2026-10-08 20:01:42,815  gsv3.training             INFO     [random:random_seed5] epoch 0025  region_bce=0.3524  dist_mse=0.1781  region_overlap=0.763
2026-10-08 20:01:42,816  gsv3.training             INFO     [random:random_seed5] epoch 0025  train_log_mse=0.00631  val_log_mse=0.08065  val_mse=0.000621  max_grad=1.15  patience=1/30
2026-10-08 20:02:52,915  gsv3.training             INFO     [random:random_seed5] epoch 0026  region_bce=0.3503  dist_mse=0.1774  region_overlap=0.764
2026-10-08 20:02:52,917  gsv3.training             INFO     [random:random_seed5] epoch 0026  train_log_mse=0.00607  val_log_mse=0.07043  val_mse=0.000538  max_grad=1.70  patience=0/30
2026-10-08 20:04:02,910  gsv3.training             INFO     [random:random_seed5] epoch 0027  region_bce=0.3411  dist_mse=0.1744  region_overlap=0.768
2026-10-08 20:04:02,911  gsv3.training             INFO     [random:random_seed5] epoch 0027  train_log_mse=0.00598  val_log_mse=0.07141  val_mse=0.000631  max_grad=1.13  patience=1/30
2026-10-08 20:05:13,157  gsv3.training             INFO     [random:random_seed5] epoch 0028  region_bce=0.3347  dist_mse=0.1716  region_overlap=0.770
2026-10-08 20:05:13,158  gsv3.training             INFO     [random:random_seed5] epoch 0028  train_log_mse=0.00522  val_log_mse=0.09698  val_mse=0.000593  max_grad=1.41  patience=2/30
2026-10-08 20:06:23,764  gsv3.training             INFO     [random:random_seed5] epoch 0029  region_bce=0.3350  dist_mse=0.1692  region_overlap=0.770
2026-10-08 20:06:23,764  gsv3.training             INFO     [random:random_seed5] epoch 0029  train_log_mse=0.00583  val_log_mse=0.07480  val_mse=0.000542  max_grad=1.11  patience=3/30
2026-10-08 20:07:34,064  gsv3.training             INFO     [random:random_seed5] epoch 0030  region_bce=0.3417  dist_mse=0.1703  region_overlap=0.770
2026-10-08 20:07:34,066  gsv3.training             INFO     [random:random_seed5] epoch 0030  train_log_mse=0.00749  val_log_mse=0.06285  val_mse=0.000499  max_grad=2.66  patience=0/30
2026-10-08 20:08:44,512  gsv3.training             INFO     [random:random_seed5] epoch 0031  region_bce=0.3231  dist_mse=0.1657  region_overlap=0.777
2026-10-08 20:08:44,513  gsv3.training             INFO     [random:random_seed5] epoch 0031  train_log_mse=0.00478  val_log_mse=0.06143  val_mse=0.000562  max_grad=1.01  patience=1/30
2026-10-08 20:09:53,711  gsv3.training             INFO     [random:random_seed5] epoch 0032  region_bce=0.3171  dist_mse=0.1645  region_overlap=0.779
2026-10-08 20:09:53,714  gsv3.training             INFO     [random:random_seed5] epoch 0032  train_log_mse=0.00521  val_log_mse=0.05503  val_mse=0.000476  max_grad=1.02  patience=0/30
2026-10-08 20:11:02,550  gsv3.training             INFO     [random:random_seed5] epoch 0033  region_bce=0.3105  dist_mse=0.1619  region_overlap=0.781
2026-10-08 20:11:02,550  gsv3.training             INFO     [random:random_seed5] epoch 0033  train_log_mse=0.00407  val_log_mse=0.05732  val_mse=0.000476  max_grad=1.05  patience=1/30
2026-10-08 20:12:11,505  gsv3.training             INFO     [random:random_seed5] epoch 0034  region_bce=0.3084  dist_mse=0.1611  region_overlap=0.782
2026-10-08 20:12:11,507  gsv3.training             INFO     [random:random_seed5] epoch 0034  train_log_mse=0.00498  val_log_mse=0.12813  val_mse=0.000448  max_grad=1.21  patience=0/30
2026-10-08 20:13:21,308  gsv3.training             INFO     [random:random_seed5] epoch 0035  region_bce=0.3099  dist_mse=0.1602  region_overlap=0.784
2026-10-08 20:13:21,309  gsv3.training             INFO     [random:random_seed5] epoch 0035  train_log_mse=0.00530  val_log_mse=0.06318  val_mse=0.000579  max_grad=1.54  patience=1/30
2026-10-08 20:14:30,514  gsv3.training             INFO     [random:random_seed5] epoch 0036  region_bce=0.3021  dist_mse=0.1579  region_overlap=0.787
2026-10-08 20:14:30,514  gsv3.training             INFO     [random:random_seed5] epoch 0036  train_log_mse=0.00430  val_log_mse=0.05319  val_mse=0.000461  max_grad=0.82  patience=2/30
2026-10-08 20:15:39,734  gsv3.training             INFO     [random:random_seed5] epoch 0037  region_bce=0.3011  dist_mse=0.1571  region_overlap=0.787
2026-10-08 20:15:39,736  gsv3.training             INFO     [random:random_seed5] epoch 0037  train_log_mse=0.00453  val_log_mse=0.05413  val_mse=0.000446  max_grad=0.93  patience=0/30
2026-10-08 20:16:48,780  gsv3.training             INFO     [random:random_seed5] epoch 0038  region_bce=0.2960  dist_mse=0.1545  region_overlap=0.789
2026-10-08 20:16:48,780  gsv3.training             INFO     [random:random_seed5] epoch 0038  train_log_mse=0.00435  val_log_mse=0.06466  val_mse=0.000572  max_grad=0.76  patience=1/30
2026-10-08 20:17:57,972  gsv3.training             INFO     [random:random_seed5] epoch 0039  region_bce=0.2976  dist_mse=0.1553  region_overlap=0.790
2026-10-08 20:17:57,973  gsv3.training             INFO     [random:random_seed5] epoch 0039  train_log_mse=0.00478  val_log_mse=0.06142  val_mse=0.000469  max_grad=0.71  patience=2/30
2026-10-08 20:19:07,000  gsv3.training             INFO     [random:random_seed5] epoch 0040  region_bce=0.2960  dist_mse=0.1540  region_overlap=0.791
2026-10-08 20:19:07,000  gsv3.training             INFO     [random:random_seed5] epoch 0040  train_log_mse=0.00528  val_log_mse=0.07430  val_mse=0.000504  max_grad=1.71  patience=3/30
2026-10-08 20:20:15,918  gsv3.training             INFO     [random:random_seed5] epoch 0041  region_bce=0.3025  dist_mse=0.1551  region_overlap=0.791
2026-10-08 20:20:15,919  gsv3.training             INFO     [random:random_seed5] epoch 0041  train_log_mse=0.00635  val_log_mse=0.07054  val_mse=0.000533  max_grad=1.04  patience=4/30
2026-10-08 20:21:24,702  gsv3.training             INFO     [random:random_seed5] epoch 0042  region_bce=0.3073  dist_mse=0.1588  region_overlap=0.786
2026-10-08 20:21:24,702  gsv3.training             INFO     [random:random_seed5] epoch 0042  train_log_mse=0.00512  val_log_mse=0.05101  val_mse=0.000463  max_grad=1.13  patience=5/30
2026-10-08 20:22:33,430  gsv3.training             INFO     [random:random_seed5] epoch 0043  region_bce=0.2855  dist_mse=0.1524  region_overlap=0.795
2026-10-08 20:22:33,432  gsv3.training             INFO     [random:random_seed5] epoch 0043  train_log_mse=0.00365  val_log_mse=0.05705  val_mse=0.000436  max_grad=0.64  patience=0/30
2026-10-08 20:23:43,036  gsv3.training             INFO     [random:random_seed5] epoch 0044  region_bce=0.2836  dist_mse=0.1495  region_overlap=0.798
2026-10-08 20:23:43,036  gsv3.training             INFO     [random:random_seed5] epoch 0044  train_log_mse=0.00403  val_log_mse=0.06265  val_mse=0.000440  max_grad=0.62  patience=1/30
2026-10-08 20:24:52,117  gsv3.training             INFO     [random:random_seed5] epoch 0045  region_bce=0.2752  dist_mse=0.1481  region_overlap=0.800
2026-10-08 20:24:52,119  gsv3.training             INFO     [random:random_seed5] epoch 0045  train_log_mse=0.00362  val_log_mse=0.05054  val_mse=0.000428  max_grad=0.51  patience=0/30
2026-10-08 20:26:00,965  gsv3.training             INFO     [random:random_seed5] epoch 0046  region_bce=0.2845  dist_mse=0.1491  region_overlap=0.799
2026-10-08 20:26:00,966  gsv3.training             INFO     [random:random_seed5] epoch 0046  train_log_mse=0.00621  val_log_mse=0.06056  val_mse=0.000472  max_grad=1.05  patience=1/30
2026-10-08 20:27:09,894  gsv3.training             INFO     [random:random_seed5] epoch 0047  region_bce=0.2769  dist_mse=0.1482  region_overlap=0.802
2026-10-08 20:27:09,895  gsv3.training             INFO     [random:random_seed5] epoch 0047  train_log_mse=0.00388  val_log_mse=0.05987  val_mse=0.000461  max_grad=0.76  patience=2/30
2026-10-08 20:28:18,862  gsv3.training             INFO     [random:random_seed5] epoch 0048  region_bce=0.2665  dist_mse=0.1455  region_overlap=0.806
2026-10-08 20:28:18,865  gsv3.training             INFO     [random:random_seed5] epoch 0048  train_log_mse=0.00343  val_log_mse=0.05149  val_mse=0.000416  max_grad=0.78  patience=0/30
2026-10-08 20:29:27,979  gsv3.training             INFO     [random:random_seed5] epoch 0049  region_bce=0.2589  dist_mse=0.1432  region_overlap=0.810
2026-10-08 20:29:27,980  gsv3.training             INFO     [random:random_seed5] epoch 0049  train_log_mse=0.00307  val_log_mse=0.05566  val_mse=0.000412  max_grad=0.54  patience=0/30
2026-10-08 20:30:37,166  gsv3.training             INFO     [random:random_seed5] epoch 0050  region_bce=0.2627  dist_mse=0.1434  region_overlap=0.809
2026-10-08 20:30:37,167  gsv3.training             INFO     [random:random_seed5] epoch 0050  train_log_mse=0.00419  val_log_mse=0.06374  val_mse=0.000449  max_grad=0.90  patience=1/30
2026-10-08 20:31:46,314  gsv3.training             INFO     [random:random_seed5] epoch 0051  region_bce=0.2694  dist_mse=0.1462  region_overlap=0.807
2026-10-08 20:31:46,314  gsv3.training             INFO     [random:random_seed5] epoch 0051  train_log_mse=0.00419  val_log_mse=0.05052  val_mse=0.000435  max_grad=0.86  patience=2/30
2026-10-08 20:32:55,327  gsv3.training             INFO     [random:random_seed5] epoch 0052  region_bce=0.2635  dist_mse=0.1430  region_overlap=0.810
2026-10-08 20:32:55,327  gsv3.training             INFO     [random:random_seed5] epoch 0052  train_log_mse=0.00442  val_log_mse=0.06937  val_mse=0.000659  max_grad=1.26  patience=3/30
2026-10-08 20:34:04,359  gsv3.training             INFO     [random:random_seed5] epoch 0053  region_bce=0.2717  dist_mse=0.1444  region_overlap=0.806
2026-10-08 20:34:04,360  gsv3.training             INFO     [random:random_seed5] epoch 0053  train_log_mse=0.00480  val_log_mse=0.06348  val_mse=0.000459  max_grad=1.07  patience=4/30
2026-10-08 20:35:13,471  gsv3.training             INFO     [random:random_seed5] epoch 0054  region_bce=0.2620  dist_mse=0.1423  region_overlap=0.812
2026-10-08 20:35:13,471  gsv3.training             INFO     [random:random_seed5] epoch 0054  train_log_mse=0.00410  val_log_mse=0.06905  val_mse=0.000413  max_grad=1.24  patience=5/30
2026-10-08 20:36:22,576  gsv3.training             INFO     [random:random_seed5] epoch 0055  region_bce=0.2546  dist_mse=0.1401  region_overlap=0.814
2026-10-08 20:36:22,577  gsv3.training             INFO     [random:random_seed5] epoch 0055  train_log_mse=0.00376  val_log_mse=0.07191  val_mse=0.000481  max_grad=0.80  patience=6/30
2026-10-08 20:37:31,754  gsv3.training             INFO     [random:random_seed5] epoch 0056  region_bce=0.2562  dist_mse=0.1404  region_overlap=0.813
2026-10-08 20:37:31,754  gsv3.training             INFO     [random:random_seed5] epoch 0056  train_log_mse=0.00393  val_log_mse=0.07082  val_mse=0.000418  max_grad=0.80  patience=7/30
2026-10-08 20:38:40,994  gsv3.training             INFO     [random:random_seed5] epoch 0057  region_bce=0.2506  dist_mse=0.1381  region_overlap=0.818
2026-10-08 20:38:40,994  gsv3.training             INFO     [random:random_seed5] epoch 0057  train_log_mse=0.00359  val_log_mse=0.05021  val_mse=0.000429  max_grad=0.62  patience=8/30
2026-10-08 20:39:48,959  gsv3.training             INFO     [random:random_seed5] epoch 0058  region_bce=0.2447  dist_mse=0.1369  region_overlap=0.819
2026-10-08 20:39:48,960  gsv3.training             INFO     [random:random_seed5] epoch 0058  train_log_mse=0.00304  val_log_mse=0.05591  val_mse=0.000417  max_grad=0.42  patience=9/30
2026-10-08 20:40:56,116  gsv3.training             INFO     [random:random_seed5] epoch 0059  region_bce=0.2428  dist_mse=0.1358  region_overlap=0.820
2026-10-08 20:40:56,116  gsv3.training             INFO     [random:random_seed5] epoch 0059  train_log_mse=0.00327  val_log_mse=0.05717  val_mse=0.000419  max_grad=0.67  patience=10/30
2026-10-08 20:42:03,322  gsv3.training             INFO     [random:random_seed5] epoch 0060  region_bce=0.2413  dist_mse=0.1347  region_overlap=0.822
2026-10-08 20:42:03,322  gsv3.training             INFO     [random:random_seed5] epoch 0060  train_log_mse=0.00346  val_log_mse=0.05260  val_mse=0.000433  max_grad=0.61  patience=11/30
2026-10-08 20:43:10,918  gsv3.training             INFO     [random:random_seed5] epoch 0061  region_bce=0.2400  dist_mse=0.1338  region_overlap=0.822
2026-10-08 20:43:10,918  gsv3.training             INFO     [random:random_seed5] epoch 0061  train_log_mse=0.00333  val_log_mse=0.05231  val_mse=0.000413  max_grad=0.81  patience=12/30
2026-10-08 20:44:19,379  gsv3.training             INFO     [random:random_seed5] epoch 0062  region_bce=0.2425  dist_mse=0.1341  region_overlap=0.821
2026-10-08 20:44:19,379  gsv3.training             INFO     [random:random_seed5] epoch 0062  train_log_mse=0.00361  val_log_mse=0.08097  val_mse=0.000419  max_grad=0.82  patience=13/30
2026-10-08 20:45:27,071  gsv3.training             INFO     [random:random_seed5] epoch 0063  region_bce=0.2530  dist_mse=0.1364  region_overlap=0.817
2026-10-08 20:45:27,072  gsv3.training             INFO     [random:random_seed5] epoch 0063  train_log_mse=0.00447  val_log_mse=0.05279  val_mse=0.000455  max_grad=0.72  patience=14/30
2026-10-08 20:46:34,867  gsv3.training             INFO     [random:random_seed5] epoch 0064  region_bce=0.2381  dist_mse=0.1338  region_overlap=0.822
2026-10-08 20:46:34,868  gsv3.training             INFO     [random:random_seed5] epoch 0064  train_log_mse=0.00319  val_log_mse=0.05155  val_mse=0.000459  max_grad=0.63  patience=15/30
2026-10-08 20:47:42,258  gsv3.training             INFO     [random:random_seed5] epoch 0065  region_bce=0.2370  dist_mse=0.1322  region_overlap=0.824
2026-10-08 20:47:42,258  gsv3.training             INFO     [random:random_seed5] epoch 0065  train_log_mse=0.00360  val_log_mse=0.05630  val_mse=0.000430  max_grad=0.72  patience=16/30
2026-10-08 20:48:49,327  gsv3.training             INFO     [random:random_seed5] epoch 0066  region_bce=0.2348  dist_mse=0.1315  region_overlap=0.825
2026-10-08 20:48:49,327  gsv3.training             INFO     [random:random_seed5] epoch 0066  train_log_mse=0.00336  val_log_mse=0.10493  val_mse=0.000422  max_grad=0.56  patience=17/30
2026-10-08 20:49:56,441  gsv3.training             INFO     [random:random_seed5] epoch 0067  region_bce=0.2340  dist_mse=0.1314  region_overlap=0.826
2026-10-08 20:49:56,441  gsv3.training             INFO     [random:random_seed5] epoch 0067  train_log_mse=0.00326  val_log_mse=0.05536  val_mse=0.000418  max_grad=0.66  patience=18/30
2026-10-08 20:51:03,587  gsv3.training             INFO     [random:random_seed5] epoch 0068  region_bce=0.2303  dist_mse=0.1304  region_overlap=0.827
2026-10-08 20:51:03,588  gsv3.training             INFO     [random:random_seed5] epoch 0068  train_log_mse=0.00303  val_log_mse=0.04786  val_mse=0.000419  max_grad=0.37  patience=19/30
2026-10-08 20:52:10,776  gsv3.training             INFO     [random:random_seed5] epoch 0069  region_bce=0.2305  dist_mse=0.1294  region_overlap=0.828
2026-10-08 20:52:10,779  gsv3.training             INFO     [random:random_seed5] epoch 0069  train_log_mse=0.00318  val_log_mse=0.04836  val_mse=0.000389  max_grad=0.44  patience=0/30
2026-10-08 20:53:17,966  gsv3.training             INFO     [random:random_seed5] epoch 0070  region_bce=0.2345  dist_mse=0.1302  region_overlap=0.828
2026-10-08 20:53:17,966  gsv3.training             INFO     [random:random_seed5] epoch 0070  train_log_mse=0.00451  val_log_mse=0.06612  val_mse=0.000421  max_grad=1.41  patience=1/30
2026-10-08 20:54:25,410  gsv3.training             INFO     [random:random_seed5] epoch 0071  region_bce=0.2294  dist_mse=0.1301  region_overlap=0.829
2026-10-08 20:54:25,410  gsv3.training             INFO     [random:random_seed5] epoch 0071  train_log_mse=0.00323  val_log_mse=0.04959  val_mse=0.000459  max_grad=0.65  patience=2/30
2026-10-08 20:55:32,829  gsv3.training             INFO     [random:random_seed5] epoch 0072  region_bce=0.2245  dist_mse=0.1284  region_overlap=0.830
2026-10-08 20:55:32,829  gsv3.training             INFO     [random:random_seed5] epoch 0072  train_log_mse=0.00263  val_log_mse=0.05687  val_mse=0.000427  max_grad=0.34  patience=3/30
2026-10-08 20:56:40,544  gsv3.training             INFO     [random:random_seed5] epoch 0073  region_bce=0.2213  dist_mse=0.1277  region_overlap=0.832
2026-10-08 20:56:40,545  gsv3.training             INFO     [random:random_seed5] epoch 0073  train_log_mse=0.00275  val_log_mse=0.04900  val_mse=0.000408  max_grad=0.57  patience=4/30
2026-10-08 20:57:47,835  gsv3.training             INFO     [random:random_seed5] epoch 0074  region_bce=0.2273  dist_mse=0.1281  region_overlap=0.830
2026-10-08 20:57:47,837  gsv3.training             INFO     [random:random_seed5] epoch 0074  train_log_mse=0.00305  val_log_mse=0.05035  val_mse=0.000386  max_grad=0.43  patience=0/30
2026-10-08 21:42:42,147  genstudy.io               INFO     Logging to evaluations/generalization_v7/results/v7_l001/random_control/run.log
2026-10-08 21:42:42,147  run_experiment            INFO     Command line: evaluations/generalization_v3/scripts/run_experiment.py control --model sinkhorn --balance-alpha 0 --lr 3e-4 --grad-clip 1.0 --seed 5 --families x --groups x --loss mixed --val-mode random --layout-lambda 0.01 --layout-loss region_dist --layouts-path evaluations/compile_check/results/compiler_layouts_v6pilot.pt --results-dir evaluations/generalization_v7/results/v7_l001
2026-10-08 21:42:42,147  gsv2.gpu                  WARNING  No CUDA device available — running on the CPU.
2026-10-08 21:42:42,148  gsv3.model                INFO     Hyper-parameters (/home/atudisco/pred-distr-tool/src/model/best_params.json + v3 defaults): {'device_hidden': 64, 'device_layers': 3, 'fusion_dim': 128, 'qubit_layers': 2, 'attn_heads': 4, 'lap_pe': 8, 'cost_bias_init': -6.0, 'hidden_dim': 142, 'num_conv_wo_resnet': 3, 'num_resnet_layers': 1, 'dropout': 0.0, 'bidirectional': True, 'mlp': [512, 256, 128], 'lr': 0.001, 'readout': 'meanmaxsum'}
2026-10-08 21:42:42,532  gsv3.devices              INFO     Device graphs: node features 13 (Laplacian PE 8), physical errors True
2026-10-08 21:42:42,533  genstudy.data             INFO     Loading graph dataset: /home/atudisco/pred-distr-tool/evaluations/generalization_v3/data/graph_dataset_expected_fidelity.pt
2026-10-08 21:42:50,349  genstudy.data             INFO     Loaded 17056 graphs
2026-10-08 21:42:50,959  run_experiment            INFO     Compiler layouts (evaluations/compile_check/results/compiler_layouts_v6pilot.pt): 16994/17056 circuits
2026-10-08 21:42:50,978  genstudy.io               INFO     Wrote evaluations/generalization_v7/results/v7_l001/random_control/dataset_summary.json
2026-10-08 21:42:51,503  run_experiment            INFO     [1/1] random_seed5
2026-10-08 21:42:51,506  gsv3.experiment           INFO     === random / random_seed5 ===
2026-10-08 21:42:51,506  gsv3.experiment           INFO     Random split stratified by fidelity (test_fraction=0.3, seed=5): train = 11939, test = 5117 circuits; families and sizes appear on both sides.
2026-10-08 21:42:51,507  gsv3.experiment           INFO     train=9551  val=2388 ({'mode': 'random'})  test=5117
2026-10-08 21:42:51,773  gsv3.training             INFO     [random:random_seed5] resumed at epoch 74 (best 74, val=0.00039)
2026-10-08 21:42:51,774  gsv3.training             INFO     [random:random_seed5] model=sinkhorn (979423 params) train=9551 val=2388 lr=0.0003 clip=1.0 alpha=0.00
2026-10-08 21:43:59,739  gsv3.training             INFO     [random:random_seed5] epoch 0075  region_bce=0.2235  dist_mse=0.1267  region_overlap=0.833
2026-10-08 21:43:59,740  gsv3.training             INFO     [random:random_seed5] epoch 0075  train_log_mse=0.00345  val_log_mse=0.05191  val_mse=0.000438  max_grad=0.55  patience=1/30
2026-10-08 21:45:01,219  gsv3.training             INFO     [random:random_seed5] epoch 0076  region_bce=0.2216  dist_mse=0.1270  region_overlap=0.833
2026-10-08 21:45:01,220  gsv3.training             INFO     [random:random_seed5] epoch 0076  train_log_mse=0.00335  val_log_mse=0.05945  val_mse=0.000398  max_grad=1.17  patience=2/30
2026-10-08 21:46:02,339  gsv3.training             INFO     [random:random_seed5] epoch 0077  region_bce=0.2219  dist_mse=0.1262  region_overlap=0.834
2026-10-08 21:46:02,340  gsv3.training             INFO     [random:random_seed5] epoch 0077  train_log_mse=0.00321  val_log_mse=0.05061  val_mse=0.000413  max_grad=0.48  patience=3/30
2026-10-08 21:47:03,842  gsv3.training             INFO     [random:random_seed5] epoch 0078  region_bce=0.2160  dist_mse=0.1250  region_overlap=0.836
2026-10-08 21:47:03,842  gsv3.training             INFO     [random:random_seed5] epoch 0078  train_log_mse=0.00262  val_log_mse=0.04846  val_mse=0.000392  max_grad=0.36  patience=4/30
2026-10-08 21:48:05,336  gsv3.training             INFO     [random:random_seed5] epoch 0079  region_bce=0.2140  dist_mse=0.1241  region_overlap=0.838
2026-10-08 21:48:05,336  gsv3.training             INFO     [random:random_seed5] epoch 0079  train_log_mse=0.00268  val_log_mse=0.05313  val_mse=0.000418  max_grad=0.50  patience=5/30
2026-10-08 21:49:07,366  gsv3.training             INFO     [random:random_seed5] epoch 0080  region_bce=0.2140  dist_mse=0.1237  region_overlap=0.838
2026-10-08 21:49:07,366  gsv3.training             INFO     [random:random_seed5] epoch 0080  train_log_mse=0.00276  val_log_mse=0.05757  val_mse=0.000410  max_grad=0.37  patience=6/30
2026-10-08 21:50:12,827  gsv3.training             INFO     [random:random_seed5] epoch 0081  region_bce=0.2188  dist_mse=0.1249  region_overlap=0.836
2026-10-08 21:50:12,827  gsv3.training             INFO     [random:random_seed5] epoch 0081  train_log_mse=0.00312  val_log_mse=0.05445  val_mse=0.000416  max_grad=0.72  patience=7/30
2026-10-08 21:51:18,687  gsv3.training             INFO     [random:random_seed5] epoch 0082  region_bce=0.2158  dist_mse=0.1244  region_overlap=0.837
2026-10-08 21:51:18,687  gsv3.training             INFO     [random:random_seed5] epoch 0082  train_log_mse=0.00296  val_log_mse=0.05390  val_mse=0.000412  max_grad=0.46  patience=8/30
2026-10-08 21:52:19,669  gsv3.training             INFO     [random:random_seed5] epoch 0083  region_bce=0.2119  dist_mse=0.1235  region_overlap=0.838
2026-10-08 21:52:19,669  gsv3.training             INFO     [random:random_seed5] epoch 0083  train_log_mse=0.00267  val_log_mse=0.04698  val_mse=0.000394  max_grad=0.44  patience=9/30
2026-10-08 21:53:21,811  gsv3.training             INFO     [random:random_seed5] epoch 0084  region_bce=0.2080  dist_mse=0.1224  region_overlap=0.840
2026-10-08 21:53:21,811  gsv3.training             INFO     [random:random_seed5] epoch 0084  train_log_mse=0.00252  val_log_mse=0.05138  val_mse=0.000410  max_grad=0.42  patience=10/30
2026-10-08 21:54:28,242  gsv3.training             INFO     [random:random_seed5] epoch 0085  region_bce=0.2100  dist_mse=0.1226  region_overlap=0.840
2026-10-08 21:54:28,242  gsv3.training             INFO     [random:random_seed5] epoch 0085  train_log_mse=0.00290  val_log_mse=0.04886  val_mse=0.000404  max_grad=0.44  patience=11/30
2026-10-08 21:55:36,298  gsv3.training             INFO     [random:random_seed5] epoch 0086  region_bce=0.2065  dist_mse=0.1221  region_overlap=0.842
2026-10-08 21:55:36,299  gsv3.training             INFO     [random:random_seed5] epoch 0086  train_log_mse=0.00269  val_log_mse=0.06290  val_mse=0.000392  max_grad=0.44  patience=12/30
2026-10-08 21:56:44,014  gsv3.training             INFO     [random:random_seed5] epoch 0087  region_bce=0.2062  dist_mse=0.1216  region_overlap=0.843
2026-10-08 21:56:44,016  gsv3.training             INFO     [random:random_seed5] epoch 0087  train_log_mse=0.00260  val_log_mse=0.05303  val_mse=0.000373  max_grad=0.45  patience=0/30
2026-10-08 21:57:46,260  gsv3.training             INFO     [random:random_seed5] epoch 0088  region_bce=0.2068  dist_mse=0.1212  region_overlap=0.842
2026-10-08 21:57:46,260  gsv3.training             INFO     [random:random_seed5] epoch 0088  train_log_mse=0.00278  val_log_mse=0.07188  val_mse=0.000442  max_grad=0.50  patience=1/30
2026-10-08 21:58:47,852  gsv3.training             INFO     [random:random_seed5] epoch 0089  region_bce=0.2329  dist_mse=0.1256  region_overlap=0.832
2026-10-08 21:58:47,852  gsv3.training             INFO     [random:random_seed5] epoch 0089  train_log_mse=0.00454  val_log_mse=0.05689  val_mse=0.000556  max_grad=1.36  patience=2/30
2026-10-08 21:59:49,421  gsv3.training             INFO     [random:random_seed5] epoch 0090  region_bce=0.2206  dist_mse=0.1236  region_overlap=0.837
2026-10-08 21:59:49,421  gsv3.training             INFO     [random:random_seed5] epoch 0090  train_log_mse=0.00320  val_log_mse=0.05156  val_mse=0.000384  max_grad=1.03  patience=3/30
2026-10-08 22:00:51,558  gsv3.training             INFO     [random:random_seed5] epoch 0091  region_bce=0.2071  dist_mse=0.1212  region_overlap=0.842
2026-10-08 22:00:51,558  gsv3.training             INFO     [random:random_seed5] epoch 0091  train_log_mse=0.00259  val_log_mse=0.05355  val_mse=0.000390  max_grad=0.82  patience=4/30
2026-10-08 22:01:54,236  gsv3.training             INFO     [random:random_seed5] epoch 0092  region_bce=0.2029  dist_mse=0.1203  region_overlap=0.844
2026-10-08 22:01:54,236  gsv3.training             INFO     [random:random_seed5] epoch 0092  train_log_mse=0.00240  val_log_mse=0.05730  val_mse=0.000420  max_grad=0.36  patience=5/30
2026-10-08 22:02:59,571  gsv3.training             INFO     [random:random_seed5] epoch 0093  region_bce=0.2024  dist_mse=0.1200  region_overlap=0.844
2026-10-08 22:02:59,571  gsv3.training             INFO     [random:random_seed5] epoch 0093  train_log_mse=0.00255  val_log_mse=0.05269  val_mse=0.000383  max_grad=0.61  patience=6/30
2026-10-08 22:04:07,258  gsv3.training             INFO     [random:random_seed5] epoch 0094  region_bce=0.2002  dist_mse=0.1187  region_overlap=0.846
2026-10-08 22:04:07,258  gsv3.training             INFO     [random:random_seed5] epoch 0094  train_log_mse=0.00247  val_log_mse=0.05048  val_mse=0.000387  max_grad=0.38  patience=7/30
2026-10-08 22:05:14,470  gsv3.training             INFO     [random:random_seed5] epoch 0095  region_bce=0.2000  dist_mse=0.1188  region_overlap=0.846
2026-10-08 22:05:14,471  gsv3.training             INFO     [random:random_seed5] epoch 0095  train_log_mse=0.00260  val_log_mse=0.05167  val_mse=0.000397  max_grad=0.49  patience=8/30
2026-10-08 22:06:22,099  gsv3.training             INFO     [random:random_seed5] epoch 0096  region_bce=0.2042  dist_mse=0.1193  region_overlap=0.845
2026-10-08 22:06:22,099  gsv3.training             INFO     [random:random_seed5] epoch 0096  train_log_mse=0.00318  val_log_mse=0.04708  val_mse=0.000385  max_grad=0.59  patience=9/30
2026-10-08 22:07:23,832  gsv3.training             INFO     [random:random_seed5] epoch 0097  region_bce=0.1995  dist_mse=0.1179  region_overlap=0.847
2026-10-08 22:07:23,833  gsv3.training             INFO     [random:random_seed5] epoch 0097  train_log_mse=0.00259  val_log_mse=0.05310  val_mse=0.000374  max_grad=0.52  patience=10/30
2026-10-08 22:08:24,982  gsv3.training             INFO     [random:random_seed5] epoch 0098  region_bce=0.1953  dist_mse=0.1171  region_overlap=0.849
2026-10-08 22:08:24,982  gsv3.training             INFO     [random:random_seed5] epoch 0098  train_log_mse=0.00234  val_log_mse=0.05305  val_mse=0.000400  max_grad=0.41  patience=11/30
2026-10-08 22:09:27,007  gsv3.training             INFO     [random:random_seed5] epoch 0099  region_bce=0.1950  dist_mse=0.1175  region_overlap=0.849
2026-10-08 22:09:27,007  gsv3.training             INFO     [random:random_seed5] epoch 0099  train_log_mse=0.00252  val_log_mse=0.05303  val_mse=0.000401  max_grad=0.37  patience=12/30
2026-10-08 22:10:29,739  gsv3.training             INFO     [random:random_seed5] epoch 0100  region_bce=0.2003  dist_mse=0.1180  region_overlap=0.847
2026-10-08 22:10:29,739  gsv3.training             INFO     [random:random_seed5] epoch 0100  train_log_mse=0.00284  val_log_mse=0.05443  val_mse=0.000396  max_grad=0.42  patience=13/30
2026-10-08 22:11:32,847  gsv3.training             INFO     [random:random_seed5] epoch 0101  region_bce=0.1929  dist_mse=0.1170  region_overlap=0.850
2026-10-08 22:11:32,847  gsv3.training             INFO     [random:random_seed5] epoch 0101  train_log_mse=0.00237  val_log_mse=0.05256  val_mse=0.000400  max_grad=0.32  patience=14/30
2026-10-08 22:12:36,650  gsv3.training             INFO     [random:random_seed5] epoch 0102  region_bce=0.1934  dist_mse=0.1170  region_overlap=0.851
2026-10-08 22:12:36,651  gsv3.training             INFO     [random:random_seed5] epoch 0102  train_log_mse=0.00239  val_log_mse=0.05016  val_mse=0.000368  max_grad=0.40  patience=0/30
2026-10-08 22:13:43,945  gsv3.training             INFO     [random:random_seed5] epoch 0103  region_bce=0.1927  dist_mse=0.1162  region_overlap=0.851
2026-10-08 22:13:43,946  gsv3.training             INFO     [random:random_seed5] epoch 0103  train_log_mse=0.00249  val_log_mse=0.05406  val_mse=0.000407  max_grad=0.37  patience=1/30
2026-10-08 22:14:48,076  gsv3.training             INFO     [random:random_seed5] epoch 0104  region_bce=0.1909  dist_mse=0.1163  region_overlap=0.851
2026-10-08 22:14:48,077  gsv3.training             INFO     [random:random_seed5] epoch 0104  train_log_mse=0.00227  val_log_mse=0.06261  val_mse=0.000394  max_grad=0.42  patience=2/30
2026-10-08 22:15:52,692  gsv3.training             INFO     [random:random_seed5] epoch 0105  region_bce=0.1901  dist_mse=0.1162  region_overlap=0.852
2026-10-08 22:15:52,692  gsv3.training             INFO     [random:random_seed5] epoch 0105  train_log_mse=0.00246  val_log_mse=0.05745  val_mse=0.000418  max_grad=0.31  patience=3/30
2026-10-08 22:16:51,517  gsv3.training             INFO     [random:random_seed5] epoch 0106  region_bce=0.1937  dist_mse=0.1167  region_overlap=0.851
2026-10-08 22:16:51,518  gsv3.training             INFO     [random:random_seed5] epoch 0106  train_log_mse=0.00291  val_log_mse=0.05356  val_mse=0.000388  max_grad=0.43  patience=4/30
2026-10-08 22:17:47,425  gsv3.training             INFO     [random:random_seed5] epoch 0107  region_bce=0.1891  dist_mse=0.1161  region_overlap=0.853
2026-10-08 22:17:47,425  gsv3.training             INFO     [random:random_seed5] epoch 0107  train_log_mse=0.00232  val_log_mse=0.05299  val_mse=0.000381  max_grad=0.36  patience=5/30
2026-10-08 22:18:43,041  gsv3.training             INFO     [random:random_seed5] epoch 0108  region_bce=0.1858  dist_mse=0.1152  region_overlap=0.855
2026-10-08 22:18:43,041  gsv3.training             INFO     [random:random_seed5] epoch 0108  train_log_mse=0.00238  val_log_mse=0.05880  val_mse=0.000374  max_grad=0.40  patience=6/30
2026-10-08 22:19:38,504  gsv3.training             INFO     [random:random_seed5] epoch 0109  region_bce=0.1851  dist_mse=0.1143  region_overlap=0.856
2026-10-08 22:19:38,504  gsv3.training             INFO     [random:random_seed5] epoch 0109  train_log_mse=0.00252  val_log_mse=0.06120  val_mse=0.000454  max_grad=0.65  patience=7/30
2026-10-08 22:20:33,780  gsv3.training             INFO     [random:random_seed5] epoch 0110  region_bce=0.1914  dist_mse=0.1155  region_overlap=0.854
2026-10-08 22:20:33,780  gsv3.training             INFO     [random:random_seed5] epoch 0110  train_log_mse=0.00316  val_log_mse=0.05652  val_mse=0.000393  max_grad=0.50  patience=8/30
2026-10-08 22:21:29,214  gsv3.training             INFO     [random:random_seed5] epoch 0111  region_bce=0.1836  dist_mse=0.1147  region_overlap=0.856
2026-10-08 22:21:29,214  gsv3.training             INFO     [random:random_seed5] epoch 0111  train_log_mse=0.00231  val_log_mse=0.05478  val_mse=0.000386  max_grad=0.32  patience=9/30
2026-10-08 22:22:24,496  gsv3.training             INFO     [random:random_seed5] epoch 0112  region_bce=0.1809  dist_mse=0.1134  region_overlap=0.858
2026-10-08 22:22:24,496  gsv3.training             INFO     [random:random_seed5] epoch 0112  train_log_mse=0.00217  val_log_mse=0.05475  val_mse=0.000389  max_grad=0.42  patience=10/30
2026-10-08 22:23:19,957  gsv3.training             INFO     [random:random_seed5] epoch 0113  region_bce=0.1824  dist_mse=0.1138  region_overlap=0.857
2026-10-08 22:23:19,958  gsv3.training             INFO     [random:random_seed5] epoch 0113  train_log_mse=0.00248  val_log_mse=0.04795  val_mse=0.000392  max_grad=0.36  patience=11/30
2026-10-08 22:24:15,309  gsv3.training             INFO     [random:random_seed5] epoch 0114  region_bce=0.1809  dist_mse=0.1129  region_overlap=0.858
2026-10-08 22:24:15,310  gsv3.training             INFO     [random:random_seed5] epoch 0114  train_log_mse=0.00235  val_log_mse=0.05911  val_mse=0.000355  max_grad=0.51  patience=0/30
2026-10-08 22:25:10,859  gsv3.training             INFO     [random:random_seed5] epoch 0115  region_bce=0.1799  dist_mse=0.1136  region_overlap=0.859
2026-10-08 22:25:10,860  gsv3.training             INFO     [random:random_seed5] epoch 0115  train_log_mse=0.00254  val_log_mse=0.05138  val_mse=0.000374  max_grad=0.44  patience=1/30
2026-10-08 22:26:06,573  gsv3.training             INFO     [random:random_seed5] epoch 0116  region_bce=0.1795  dist_mse=0.1129  region_overlap=0.860
2026-10-08 22:26:06,573  gsv3.training             INFO     [random:random_seed5] epoch 0116  train_log_mse=0.00240  val_log_mse=0.05108  val_mse=0.000372  max_grad=0.50  patience=2/30
2026-10-08 22:27:02,408  gsv3.training             INFO     [random:random_seed5] epoch 0117  region_bce=0.1789  dist_mse=0.1132  region_overlap=0.859
2026-10-08 22:27:02,408  gsv3.training             INFO     [random:random_seed5] epoch 0117  train_log_mse=0.00219  val_log_mse=0.05108  val_mse=0.000392  max_grad=0.41  patience=3/30
2026-10-08 22:27:59,775  gsv3.training             INFO     [random:random_seed5] epoch 0118  region_bce=0.1764  dist_mse=0.1130  region_overlap=0.860
2026-10-08 22:27:59,775  gsv3.training             INFO     [random:random_seed5] epoch 0118  train_log_mse=0.00215  val_log_mse=0.05542  val_mse=0.000382  max_grad=0.28  patience=4/30
2026-10-08 22:28:56,729  gsv3.training             INFO     [random:random_seed5] epoch 0119  region_bce=0.1828  dist_mse=0.1137  region_overlap=0.857
2026-10-08 22:28:56,729  gsv3.training             INFO     [random:random_seed5] epoch 0119  train_log_mse=0.00256  val_log_mse=0.05644  val_mse=0.000380  max_grad=0.40  patience=5/30
2026-10-08 22:29:52,280  gsv3.training             INFO     [random:random_seed5] epoch 0120  region_bce=0.1819  dist_mse=0.1139  region_overlap=0.858
2026-10-08 22:29:52,280  gsv3.training             INFO     [random:random_seed5] epoch 0120  train_log_mse=0.00278  val_log_mse=0.05279  val_mse=0.000389  max_grad=0.45  patience=6/30
2026-10-08 22:30:47,800  gsv3.training             INFO     [random:random_seed5] epoch 0121  region_bce=0.1757  dist_mse=0.1119  region_overlap=0.862
2026-10-08 22:30:47,800  gsv3.training             INFO     [random:random_seed5] epoch 0121  train_log_mse=0.00211  val_log_mse=0.05155  val_mse=0.000380  max_grad=0.30  patience=7/30
2026-10-08 22:31:43,231  gsv3.training             INFO     [random:random_seed5] epoch 0122  region_bce=0.1746  dist_mse=0.1126  region_overlap=0.862
2026-10-08 22:31:43,231  gsv3.training             INFO     [random:random_seed5] epoch 0122  train_log_mse=0.00234  val_log_mse=0.05086  val_mse=0.000376  max_grad=0.51  patience=8/30
2026-10-08 22:32:38,935  gsv3.training             INFO     [random:random_seed5] epoch 0123  region_bce=0.1733  dist_mse=0.1117  region_overlap=0.863
2026-10-08 22:32:38,935  gsv3.training             INFO     [random:random_seed5] epoch 0123  train_log_mse=0.00209  val_log_mse=0.05157  val_mse=0.000385  max_grad=0.29  patience=9/30
2026-10-08 22:33:34,836  gsv3.training             INFO     [random:random_seed5] epoch 0124  region_bce=0.1729  dist_mse=0.1119  region_overlap=0.863
2026-10-08 22:33:34,836  gsv3.training             INFO     [random:random_seed5] epoch 0124  train_log_mse=0.00217  val_log_mse=0.05518  val_mse=0.000363  max_grad=0.26  patience=10/30
2026-10-08 22:34:30,664  gsv3.training             INFO     [random:random_seed5] epoch 0125  region_bce=0.1712  dist_mse=0.1112  region_overlap=0.864
2026-10-08 22:34:30,665  gsv3.training             INFO     [random:random_seed5] epoch 0125  train_log_mse=0.00212  val_log_mse=0.05289  val_mse=0.000382  max_grad=0.23  patience=11/30
2026-10-08 22:35:26,445  gsv3.training             INFO     [random:random_seed5] epoch 0126  region_bce=0.1729  dist_mse=0.1110  region_overlap=0.864
2026-10-08 22:35:26,445  gsv3.training             INFO     [random:random_seed5] epoch 0126  train_log_mse=0.00227  val_log_mse=0.05016  val_mse=0.000416  max_grad=0.33  patience=12/30
2026-10-08 22:36:22,238  gsv3.training             INFO     [random:random_seed5] epoch 0127  region_bce=0.1720  dist_mse=0.1112  region_overlap=0.864
2026-10-08 22:36:22,238  gsv3.training             INFO     [random:random_seed5] epoch 0127  train_log_mse=0.00216  val_log_mse=0.04970  val_mse=0.000363  max_grad=0.29  patience=13/30
2026-10-08 22:37:17,978  gsv3.training             INFO     [random:random_seed5] epoch 0128  region_bce=0.1692  dist_mse=0.1104  region_overlap=0.866
2026-10-08 22:37:17,978  gsv3.training             INFO     [random:random_seed5] epoch 0128  train_log_mse=0.00218  val_log_mse=0.05410  val_mse=0.000373  max_grad=0.28  patience=14/30
2026-10-08 22:38:13,783  gsv3.training             INFO     [random:random_seed5] epoch 0129  region_bce=0.1688  dist_mse=0.1104  region_overlap=0.866
2026-10-08 22:38:13,784  gsv3.training             INFO     [random:random_seed5] epoch 0129  train_log_mse=0.00223  val_log_mse=0.05312  val_mse=0.000344  max_grad=0.27  patience=0/30
2026-10-08 22:39:09,362  gsv3.training             INFO     [random:random_seed5] epoch 0130  region_bce=0.1678  dist_mse=0.1104  region_overlap=0.866
2026-10-08 22:39:09,362  gsv3.training             INFO     [random:random_seed5] epoch 0130  train_log_mse=0.00217  val_log_mse=0.07050  val_mse=0.000417  max_grad=0.27  patience=1/30
2026-10-08 22:40:04,968  gsv3.training             INFO     [random:random_seed5] epoch 0131  region_bce=0.1697  dist_mse=0.1108  region_overlap=0.866
2026-10-08 22:40:04,969  gsv3.training             INFO     [random:random_seed5] epoch 0131  train_log_mse=0.00238  val_log_mse=0.05107  val_mse=0.000396  max_grad=0.33  patience=2/30
2026-10-08 22:41:00,567  gsv3.training             INFO     [random:random_seed5] epoch 0132  region_bce=0.1705  dist_mse=0.1104  region_overlap=0.866
2026-10-08 22:41:00,567  gsv3.training             INFO     [random:random_seed5] epoch 0132  train_log_mse=0.00264  val_log_mse=0.05163  val_mse=0.000373  max_grad=0.88  patience=3/30
2026-10-08 22:41:56,159  gsv3.training             INFO     [random:random_seed5] epoch 0133  region_bce=0.1676  dist_mse=0.1107  region_overlap=0.867
2026-10-08 22:41:56,160  gsv3.training             INFO     [random:random_seed5] epoch 0133  train_log_mse=0.00210  val_log_mse=0.05495  val_mse=0.000366  max_grad=0.25  patience=4/30
2026-10-08 22:42:51,585  gsv3.training             INFO     [random:random_seed5] epoch 0134  region_bce=0.1898  dist_mse=0.1145  region_overlap=0.856
2026-10-08 22:42:51,585  gsv3.training             INFO     [random:random_seed5] epoch 0134  train_log_mse=0.00374  val_log_mse=0.05903  val_mse=0.000404  max_grad=2.28  patience=5/30
2026-10-08 22:43:47,484  gsv3.training             INFO     [random:random_seed5] epoch 0135  region_bce=0.1730  dist_mse=0.1106  region_overlap=0.864
2026-10-08 22:43:47,484  gsv3.training             INFO     [random:random_seed5] epoch 0135  train_log_mse=0.00221  val_log_mse=0.05935  val_mse=0.000346  max_grad=0.43  patience=6/30
2026-10-08 22:44:43,236  gsv3.training             INFO     [random:random_seed5] epoch 0136  region_bce=0.1670  dist_mse=0.1093  region_overlap=0.868
2026-10-08 22:44:43,236  gsv3.training             INFO     [random:random_seed5] epoch 0136  train_log_mse=0.00208  val_log_mse=0.05306  val_mse=0.000362  max_grad=0.40  patience=7/30
2026-10-08 22:45:38,556  gsv3.training             INFO     [random:random_seed5] epoch 0137  region_bce=0.1623  dist_mse=0.1087  region_overlap=0.870
2026-10-08 22:45:38,556  gsv3.training             INFO     [random:random_seed5] epoch 0137  train_log_mse=0.00178  val_log_mse=0.04952  val_mse=0.000354  max_grad=0.20  patience=8/30
2026-10-08 22:46:33,896  gsv3.training             INFO     [random:random_seed5] epoch 0138  region_bce=0.1613  dist_mse=0.1084  region_overlap=0.870
2026-10-08 22:46:33,896  gsv3.training             INFO     [random:random_seed5] epoch 0138  train_log_mse=0.00184  val_log_mse=0.05049  val_mse=0.000377  max_grad=0.34  patience=9/30
2026-10-08 22:47:29,793  gsv3.training             INFO     [random:random_seed5] epoch 0139  region_bce=0.1633  dist_mse=0.1085  region_overlap=0.869
2026-10-08 22:47:29,793  gsv3.training             INFO     [random:random_seed5] epoch 0139  train_log_mse=0.00235  val_log_mse=0.05521  val_mse=0.000355  max_grad=0.45  patience=10/30
2026-10-08 22:48:24,318  gsv3.training             INFO     [random:random_seed5] epoch 0140  region_bce=0.1642  dist_mse=0.1085  region_overlap=0.869
2026-10-08 22:48:24,319  gsv3.training             INFO     [random:random_seed5] epoch 0140  train_log_mse=0.00218  val_log_mse=0.05605  val_mse=0.000340  max_grad=0.41  patience=0/30
2026-10-08 22:49:18,113  gsv3.training             INFO     [random:random_seed5] epoch 0141  region_bce=0.1604  dist_mse=0.1079  region_overlap=0.872
2026-10-08 22:49:18,113  gsv3.training             INFO     [random:random_seed5] epoch 0141  train_log_mse=0.00201  val_log_mse=0.05632  val_mse=0.000387  max_grad=0.41  patience=1/30
2026-10-08 22:50:11,616  gsv3.training             INFO     [random:random_seed5] epoch 0142  region_bce=0.1601  dist_mse=0.1076  region_overlap=0.871
2026-10-08 22:50:11,616  gsv3.training             INFO     [random:random_seed5] epoch 0142  train_log_mse=0.00202  val_log_mse=0.06035  val_mse=0.000357  max_grad=0.33  patience=2/30
2026-10-08 22:51:05,183  gsv3.training             INFO     [random:random_seed5] epoch 0143  region_bce=0.1588  dist_mse=0.1071  region_overlap=0.872
2026-10-08 22:51:05,183  gsv3.training             INFO     [random:random_seed5] epoch 0143  train_log_mse=0.00199  val_log_mse=0.05178  val_mse=0.000364  max_grad=0.38  patience=3/30
2026-10-08 22:51:58,644  gsv3.training             INFO     [random:random_seed5] epoch 0144  region_bce=0.1612  dist_mse=0.1079  region_overlap=0.871
2026-10-08 22:51:58,644  gsv3.training             INFO     [random:random_seed5] epoch 0144  train_log_mse=0.00233  val_log_mse=0.05615  val_mse=0.000364  max_grad=0.42  patience=4/30
2026-10-08 22:52:52,262  gsv3.training             INFO     [random:random_seed5] epoch 0145  region_bce=0.1628  dist_mse=0.1088  region_overlap=0.870
2026-10-08 22:52:52,262  gsv3.training             INFO     [random:random_seed5] epoch 0145  train_log_mse=0.00243  val_log_mse=0.05098  val_mse=0.000374  max_grad=0.39  patience=5/30
2026-10-08 22:53:45,815  gsv3.training             INFO     [random:random_seed5] epoch 0146  region_bce=0.1596  dist_mse=0.1076  region_overlap=0.872
2026-10-08 22:53:45,815  gsv3.training             INFO     [random:random_seed5] epoch 0146  train_log_mse=0.00217  val_log_mse=0.05364  val_mse=0.000360  max_grad=0.30  patience=6/30
2026-10-08 22:54:39,423  gsv3.training             INFO     [random:random_seed5] epoch 0147  region_bce=0.1565  dist_mse=0.1069  region_overlap=0.873
2026-10-08 22:54:39,423  gsv3.training             INFO     [random:random_seed5] epoch 0147  train_log_mse=0.00183  val_log_mse=0.06021  val_mse=0.000392  max_grad=0.16  patience=7/30
2026-10-08 22:55:33,078  gsv3.training             INFO     [random:random_seed5] epoch 0148  region_bce=0.1580  dist_mse=0.1070  region_overlap=0.873
2026-10-08 22:55:33,079  gsv3.training             INFO     [random:random_seed5] epoch 0148  train_log_mse=0.00227  val_log_mse=0.05481  val_mse=0.000337  max_grad=0.35  patience=0/30
2026-10-08 22:56:26,761  gsv3.training             INFO     [random:random_seed5] epoch 0149  region_bce=0.1594  dist_mse=0.1073  region_overlap=0.873
2026-10-08 22:56:26,761  gsv3.training             INFO     [random:random_seed5] epoch 0149  train_log_mse=0.00209  val_log_mse=0.05534  val_mse=0.000354  max_grad=0.43  patience=1/30
2026-10-08 22:57:20,245  gsv3.training             INFO     [random:random_seed5] epoch 0150  region_bce=0.1565  dist_mse=0.1067  region_overlap=0.874
2026-10-08 22:57:20,245  gsv3.training             INFO     [random:random_seed5] epoch 0150  train_log_mse=0.00192  val_log_mse=0.04927  val_mse=0.000344  max_grad=0.20  patience=2/30
2026-10-08 22:58:13,596  gsv3.training             INFO     [random:random_seed5] epoch 0151  region_bce=0.1570  dist_mse=0.1060  region_overlap=0.874
2026-10-08 22:58:13,596  gsv3.training             INFO     [random:random_seed5] epoch 0151  train_log_mse=0.00222  val_log_mse=0.05168  val_mse=0.000364  max_grad=0.38  patience=3/30
2026-10-08 22:59:07,017  gsv3.training             INFO     [random:random_seed5] epoch 0152  region_bce=0.1557  dist_mse=0.1061  region_overlap=0.875
2026-10-08 22:59:07,017  gsv3.training             INFO     [random:random_seed5] epoch 0152  train_log_mse=0.00211  val_log_mse=0.05633  val_mse=0.000357  max_grad=0.43  patience=4/30
2026-10-08 23:00:00,426  gsv3.training             INFO     [random:random_seed5] epoch 0153  region_bce=0.1533  dist_mse=0.1063  region_overlap=0.876
2026-10-08 23:00:00,426  gsv3.training             INFO     [random:random_seed5] epoch 0153  train_log_mse=0.00195  val_log_mse=0.05539  val_mse=0.000382  max_grad=0.29  patience=5/30
2026-10-08 23:00:53,764  gsv3.training             INFO     [random:random_seed5] epoch 0154  region_bce=0.1531  dist_mse=0.1058  region_overlap=0.876
2026-10-08 23:00:53,764  gsv3.training             INFO     [random:random_seed5] epoch 0154  train_log_mse=0.00198  val_log_mse=0.05805  val_mse=0.000361  max_grad=0.29  patience=6/30
2026-10-08 23:01:47,117  gsv3.training             INFO     [random:random_seed5] epoch 0155  region_bce=0.1498  dist_mse=0.1051  region_overlap=0.878
2026-10-08 23:01:47,117  gsv3.training             INFO     [random:random_seed5] epoch 0155  train_log_mse=0.00174  val_log_mse=0.04913  val_mse=0.000359  max_grad=0.23  patience=7/30
2026-10-08 23:02:40,464  gsv3.training             INFO     [random:random_seed5] epoch 0156  region_bce=0.1529  dist_mse=0.1052  region_overlap=0.876
2026-10-08 23:02:40,464  gsv3.training             INFO     [random:random_seed5] epoch 0156  train_log_mse=0.00189  val_log_mse=0.04898  val_mse=0.000354  max_grad=0.22  patience=8/30
2026-10-08 23:03:33,960  gsv3.training             INFO     [random:random_seed5] epoch 0157  region_bce=0.1523  dist_mse=0.1052  region_overlap=0.876
2026-10-08 23:03:33,960  gsv3.training             INFO     [random:random_seed5] epoch 0157  train_log_mse=0.00200  val_log_mse=0.05629  val_mse=0.000358  max_grad=0.29  patience=9/30
2026-10-08 23:04:27,488  gsv3.training             INFO     [random:random_seed5] epoch 0158  region_bce=0.1532  dist_mse=0.1053  region_overlap=0.876
2026-10-08 23:04:27,489  gsv3.training             INFO     [random:random_seed5] epoch 0158  train_log_mse=0.00210  val_log_mse=0.05635  val_mse=0.000374  max_grad=0.33  patience=10/30
2026-10-08 23:05:21,061  gsv3.training             INFO     [random:random_seed5] epoch 0159  region_bce=0.1591  dist_mse=0.1060  region_overlap=0.874
2026-10-08 23:05:21,061  gsv3.training             INFO     [random:random_seed5] epoch 0159  train_log_mse=0.00268  val_log_mse=0.05472  val_mse=0.000374  max_grad=0.47  patience=11/30
2026-10-08 23:06:14,464  gsv3.training             INFO     [random:random_seed5] epoch 0160  region_bce=0.1517  dist_mse=0.1056  region_overlap=0.877
2026-10-08 23:06:14,464  gsv3.training             INFO     [random:random_seed5] epoch 0160  train_log_mse=0.00194  val_log_mse=0.05494  val_mse=0.000386  max_grad=0.21  patience=12/30
2026-10-08 23:07:07,863  gsv3.training             INFO     [random:random_seed5] epoch 0161  region_bce=0.1511  dist_mse=0.1050  region_overlap=0.878
2026-10-08 23:07:07,863  gsv3.training             INFO     [random:random_seed5] epoch 0161  train_log_mse=0.00196  val_log_mse=0.06221  val_mse=0.000357  max_grad=0.31  patience=13/30
2026-10-08 23:08:01,415  gsv3.training             INFO     [random:random_seed5] epoch 0162  region_bce=0.1507  dist_mse=0.1047  region_overlap=0.878
2026-10-08 23:08:01,415  gsv3.training             INFO     [random:random_seed5] epoch 0162  train_log_mse=0.00214  val_log_mse=0.04881  val_mse=0.000346  max_grad=0.40  patience=14/30
2026-10-08 23:08:54,925  gsv3.training             INFO     [random:random_seed5] epoch 0163  region_bce=0.1495  dist_mse=0.1040  region_overlap=0.879
2026-10-08 23:08:54,925  gsv3.training             INFO     [random:random_seed5] epoch 0163  train_log_mse=0.00192  val_log_mse=0.04912  val_mse=0.000357  max_grad=0.25  patience=15/30
2026-10-08 23:09:48,319  gsv3.training             INFO     [random:random_seed5] epoch 0164  region_bce=0.1479  dist_mse=0.1039  region_overlap=0.879
2026-10-08 23:09:48,319  gsv3.training             INFO     [random:random_seed5] epoch 0164  train_log_mse=0.00188  val_log_mse=0.05121  val_mse=0.000347  max_grad=0.30  patience=16/30
2026-10-08 23:10:41,685  gsv3.training             INFO     [random:random_seed5] epoch 0165  region_bce=0.1494  dist_mse=0.1037  region_overlap=0.879
2026-10-08 23:10:41,686  gsv3.training             INFO     [random:random_seed5] epoch 0165  train_log_mse=0.00190  val_log_mse=0.05018  val_mse=0.000358  max_grad=0.36  patience=17/30
2026-10-08 23:11:35,104  gsv3.training             INFO     [random:random_seed5] epoch 0166  region_bce=0.1495  dist_mse=0.1040  region_overlap=0.879
2026-10-08 23:11:35,104  gsv3.training             INFO     [random:random_seed5] epoch 0166  train_log_mse=0.00224  val_log_mse=0.04734  val_mse=0.000347  max_grad=0.69  patience=18/30
2026-10-08 23:12:28,398  gsv3.training             INFO     [random:random_seed5] epoch 0167  region_bce=0.1447  dist_mse=0.1027  region_overlap=0.882
2026-10-08 23:12:28,398  gsv3.training             INFO     [random:random_seed5] epoch 0167  train_log_mse=0.00184  val_log_mse=0.04789  val_mse=0.000363  max_grad=0.29  patience=19/30
2026-10-08 23:13:21,841  gsv3.training             INFO     [random:random_seed5] epoch 0168  region_bce=0.1436  dist_mse=0.1026  region_overlap=0.882
2026-10-08 23:13:21,841  gsv3.training             INFO     [random:random_seed5] epoch 0168  train_log_mse=0.00177  val_log_mse=0.05388  val_mse=0.000343  max_grad=0.22  patience=20/30
2026-10-08 23:14:15,260  gsv3.training             INFO     [random:random_seed5] epoch 0169  region_bce=0.1449  dist_mse=0.1023  region_overlap=0.882
2026-10-08 23:14:15,260  gsv3.training             INFO     [random:random_seed5] epoch 0169  train_log_mse=0.00200  val_log_mse=0.05572  val_mse=0.000353  max_grad=0.28  patience=21/30
2026-10-08 23:15:08,727  gsv3.training             INFO     [random:random_seed5] epoch 0170  region_bce=0.1478  dist_mse=0.1026  region_overlap=0.880
2026-10-08 23:15:08,727  gsv3.training             INFO     [random:random_seed5] epoch 0170  train_log_mse=0.00218  val_log_mse=0.05222  val_mse=0.000343  max_grad=0.49  patience=22/30
2026-10-08 23:16:02,145  gsv3.training             INFO     [random:random_seed5] epoch 0171  region_bce=0.1446  dist_mse=0.1021  region_overlap=0.882
2026-10-08 23:16:02,145  gsv3.training             INFO     [random:random_seed5] epoch 0171  train_log_mse=0.00188  val_log_mse=0.05363  val_mse=0.000349  max_grad=0.40  patience=23/30
2026-10-08 23:16:55,507  gsv3.training             INFO     [random:random_seed5] epoch 0172  region_bce=0.1440  dist_mse=0.1020  region_overlap=0.882
2026-10-08 23:16:55,507  gsv3.training             INFO     [random:random_seed5] epoch 0172  train_log_mse=0.00186  val_log_mse=0.05292  val_mse=0.000347  max_grad=0.23  patience=24/30
2026-10-08 23:17:48,833  gsv3.training             INFO     [random:random_seed5] epoch 0173  region_bce=0.1422  dist_mse=0.1016  region_overlap=0.883
2026-10-08 23:17:48,835  gsv3.training             INFO     [random:random_seed5] epoch 0173  train_log_mse=0.00186  val_log_mse=0.05384  val_mse=0.000333  max_grad=0.28  patience=0/30
2026-10-08 23:18:42,654  gsv3.training             INFO     [random:random_seed5] epoch 0174  region_bce=0.1417  dist_mse=0.1014  region_overlap=0.883
2026-10-08 23:18:42,656  gsv3.training             INFO     [random:random_seed5] epoch 0174  train_log_mse=0.00175  val_log_mse=0.04925  val_mse=0.000325  max_grad=0.23  patience=0/30
2026-10-08 23:19:36,504  gsv3.training             INFO     [random:random_seed5] epoch 0175  region_bce=0.1431  dist_mse=0.1015  region_overlap=0.883
2026-10-08 23:19:36,504  gsv3.training             INFO     [random:random_seed5] epoch 0175  train_log_mse=0.00215  val_log_mse=0.06836  val_mse=0.000414  max_grad=0.34  patience=1/30
2026-10-08 23:20:30,332  gsv3.training             INFO     [random:random_seed5] epoch 0176  region_bce=0.1415  dist_mse=0.1010  region_overlap=0.883
2026-10-08 23:20:30,332  gsv3.training             INFO     [random:random_seed5] epoch 0176  train_log_mse=0.00191  val_log_mse=0.05034  val_mse=0.000347  max_grad=0.29  patience=2/30
2026-10-08 23:21:24,106  gsv3.training             INFO     [random:random_seed5] epoch 0177  region_bce=0.1419  dist_mse=0.1009  region_overlap=0.883
2026-10-08 23:21:24,106  gsv3.training             INFO     [random:random_seed5] epoch 0177  train_log_mse=0.00196  val_log_mse=0.05121  val_mse=0.000374  max_grad=0.32  patience=3/30
2026-10-08 23:22:18,145  gsv3.training             INFO     [random:random_seed5] epoch 0178  region_bce=0.1406  dist_mse=0.1005  region_overlap=0.884
2026-10-08 23:22:18,145  gsv3.training             INFO     [random:random_seed5] epoch 0178  train_log_mse=0.00187  val_log_mse=0.04868  val_mse=0.000338  max_grad=0.24  patience=4/30
2026-10-08 23:23:12,061  gsv3.training             INFO     [random:random_seed5] epoch 0179  region_bce=0.1388  dist_mse=0.1000  region_overlap=0.885
2026-10-08 23:23:12,061  gsv3.training             INFO     [random:random_seed5] epoch 0179  train_log_mse=0.00181  val_log_mse=0.04953  val_mse=0.000343  max_grad=0.39  patience=5/30
2026-10-08 23:24:06,036  gsv3.training             INFO     [random:random_seed5] epoch 0180  region_bce=0.1380  dist_mse=0.0996  region_overlap=0.885
2026-10-08 23:24:06,036  gsv3.training             INFO     [random:random_seed5] epoch 0180  train_log_mse=0.00177  val_log_mse=0.05310  val_mse=0.000331  max_grad=0.27  patience=6/30
2026-10-08 23:24:59,737  gsv3.training             INFO     [random:random_seed5] epoch 0181  region_bce=0.1372  dist_mse=0.0995  region_overlap=0.886
2026-10-08 23:24:59,737  gsv3.training             INFO     [random:random_seed5] epoch 0181  train_log_mse=0.00176  val_log_mse=0.05005  val_mse=0.000347  max_grad=0.26  patience=7/30
2026-10-08 23:25:53,425  gsv3.training             INFO     [random:random_seed5] epoch 0182  region_bce=0.1369  dist_mse=0.0993  region_overlap=0.887
2026-10-08 23:25:53,425  gsv3.training             INFO     [random:random_seed5] epoch 0182  train_log_mse=0.00177  val_log_mse=0.05146  val_mse=0.000356  max_grad=0.21  patience=8/30
2026-10-08 23:26:47,617  gsv3.training             INFO     [random:random_seed5] epoch 0183  region_bce=0.1457  dist_mse=0.1010  region_overlap=0.882
2026-10-08 23:26:47,618  gsv3.training             INFO     [random:random_seed5] epoch 0183  train_log_mse=0.00236  val_log_mse=0.05788  val_mse=0.000338  max_grad=0.44  patience=9/30
2026-10-08 23:27:41,849  gsv3.training             INFO     [random:random_seed5] epoch 0184  region_bce=0.1403  dist_mse=0.1003  region_overlap=0.885
2026-10-08 23:27:41,849  gsv3.training             INFO     [random:random_seed5] epoch 0184  train_log_mse=0.00196  val_log_mse=0.05276  val_mse=0.000329  max_grad=0.29  patience=10/30
2026-10-08 23:28:35,932  gsv3.training             INFO     [random:random_seed5] epoch 0185  region_bce=0.1364  dist_mse=0.0992  region_overlap=0.887
2026-10-08 23:28:35,932  gsv3.training             INFO     [random:random_seed5] epoch 0185  train_log_mse=0.00174  val_log_mse=0.05609  val_mse=0.000342  max_grad=0.20  patience=11/30
2026-10-08 23:29:29,946  gsv3.training             INFO     [random:random_seed5] epoch 0186  region_bce=0.1336  dist_mse=0.0985  region_overlap=0.888
2026-10-08 23:29:29,947  gsv3.training             INFO     [random:random_seed5] epoch 0186  train_log_mse=0.00160  val_log_mse=0.05244  val_mse=0.000355  max_grad=0.17  patience=12/30
2026-10-08 23:30:24,047  gsv3.training             INFO     [random:random_seed5] epoch 0187  region_bce=0.1319  dist_mse=0.0978  region_overlap=0.889
2026-10-08 23:30:24,047  gsv3.training             INFO     [random:random_seed5] epoch 0187  train_log_mse=0.00160  val_log_mse=0.05376  val_mse=0.000339  max_grad=0.15  patience=13/30
2026-10-08 23:31:18,039  gsv3.training             INFO     [random:random_seed5] epoch 0188  region_bce=0.1327  dist_mse=0.0973  region_overlap=0.889
2026-10-08 23:31:18,039  gsv3.training             INFO     [random:random_seed5] epoch 0188  train_log_mse=0.00166  val_log_mse=0.05482  val_mse=0.000345  max_grad=0.21  patience=14/30
2026-10-08 23:32:12,049  gsv3.training             INFO     [random:random_seed5] epoch 0189  region_bce=0.1873  dist_mse=0.1083  region_overlap=0.865
2026-10-08 23:32:12,050  gsv3.training             INFO     [random:random_seed5] epoch 0189  train_log_mse=0.00484  val_log_mse=0.08096  val_mse=0.000492  max_grad=14.76  patience=15/30
2026-10-08 23:33:06,001  gsv3.training             INFO     [random:random_seed5] epoch 0190  region_bce=0.1626  dist_mse=0.1049  region_overlap=0.874
2026-10-08 23:33:06,001  gsv3.training             INFO     [random:random_seed5] epoch 0190  train_log_mse=0.00248  val_log_mse=0.05396  val_mse=0.000340  max_grad=4.63  patience=16/30
2026-10-08 23:33:59,925  gsv3.training             INFO     [random:random_seed5] epoch 0191  region_bce=0.1408  dist_mse=0.1002  region_overlap=0.885
2026-10-08 23:33:59,925  gsv3.training             INFO     [random:random_seed5] epoch 0191  train_log_mse=0.00167  val_log_mse=0.05397  val_mse=0.000332  max_grad=0.22  patience=17/30
2026-10-08 23:34:53,912  gsv3.training             INFO     [random:random_seed5] epoch 0192  region_bce=0.1345  dist_mse=0.0984  region_overlap=0.888
2026-10-08 23:34:53,912  gsv3.training             INFO     [random:random_seed5] epoch 0192  train_log_mse=0.00160  val_log_mse=0.05780  val_mse=0.000338  max_grad=0.23  patience=18/30
2026-10-08 23:35:47,956  gsv3.training             INFO     [random:random_seed5] epoch 0193  region_bce=0.1316  dist_mse=0.0973  region_overlap=0.890
2026-10-08 23:35:47,956  gsv3.training             INFO     [random:random_seed5] epoch 0193  train_log_mse=0.00148  val_log_mse=0.05725  val_mse=0.000329  max_grad=0.18  patience=19/30
2026-10-08 23:36:42,142  gsv3.training             INFO     [random:random_seed5] epoch 0194  region_bce=0.1303  dist_mse=0.0972  region_overlap=0.891
2026-10-08 23:36:42,142  gsv3.training             INFO     [random:random_seed5] epoch 0194  train_log_mse=0.00155  val_log_mse=0.05664  val_mse=0.000352  max_grad=0.18  patience=20/30
2026-10-08 23:37:36,318  gsv3.training             INFO     [random:random_seed5] epoch 0195  region_bce=0.1299  dist_mse=0.0968  region_overlap=0.891
2026-10-08 23:37:36,319  gsv3.training             INFO     [random:random_seed5] epoch 0195  train_log_mse=0.00176  val_log_mse=0.05271  val_mse=0.000334  max_grad=0.32  patience=21/30
2026-10-08 23:38:30,177  gsv3.training             INFO     [random:random_seed5] epoch 0196  region_bce=0.1297  dist_mse=0.0964  region_overlap=0.891
2026-10-08 23:38:30,177  gsv3.training             INFO     [random:random_seed5] epoch 0196  train_log_mse=0.00163  val_log_mse=0.05288  val_mse=0.000330  max_grad=0.19  patience=22/30
2026-10-08 23:39:24,124  gsv3.training             INFO     [random:random_seed5] epoch 0197  region_bce=0.1293  dist_mse=0.0965  region_overlap=0.891
2026-10-08 23:39:24,124  gsv3.training             INFO     [random:random_seed5] epoch 0197  train_log_mse=0.00160  val_log_mse=0.05451  val_mse=0.000347  max_grad=0.16  patience=23/30
2026-10-08 23:40:18,071  gsv3.training             INFO     [random:random_seed5] epoch 0198  region_bce=0.1289  dist_mse=0.0960  region_overlap=0.892
2026-10-08 23:40:18,071  gsv3.training             INFO     [random:random_seed5] epoch 0198  train_log_mse=0.00176  val_log_mse=0.05607  val_mse=0.000326  max_grad=0.30  patience=24/30
2026-10-08 23:41:12,184  gsv3.training             INFO     [random:random_seed5] epoch 0199  region_bce=0.1292  dist_mse=0.0960  region_overlap=0.891
2026-10-08 23:41:12,184  gsv3.training             INFO     [random:random_seed5] epoch 0199  train_log_mse=0.00173  val_log_mse=0.06668  val_mse=0.000352  max_grad=0.19  patience=25/30
2026-10-08 23:42:06,140  gsv3.training             INFO     [random:random_seed5] epoch 0200  region_bce=0.1283  dist_mse=0.0958  region_overlap=0.892
2026-10-08 23:42:06,140  gsv3.training             INFO     [random:random_seed5] epoch 0200  train_log_mse=0.00168  val_log_mse=0.05398  val_mse=0.000339  max_grad=0.20  patience=26/30
2026-10-08 23:43:00,189  gsv3.training             INFO     [random:random_seed5] epoch 0201  region_bce=0.1288  dist_mse=0.0956  region_overlap=0.892
2026-10-08 23:43:00,190  gsv3.training             INFO     [random:random_seed5] epoch 0201  train_log_mse=0.00171  val_log_mse=0.05800  val_mse=0.000365  max_grad=0.23  patience=27/30
2026-10-08 23:43:54,194  gsv3.training             INFO     [random:random_seed5] epoch 0202  region_bce=0.1309  dist_mse=0.0964  region_overlap=0.891
2026-10-08 23:43:54,194  gsv3.training             INFO     [random:random_seed5] epoch 0202  train_log_mse=0.00193  val_log_mse=0.05854  val_mse=0.000386  max_grad=0.41  patience=28/30
2026-10-08 23:44:48,307  gsv3.training             INFO     [random:random_seed5] epoch 0203  region_bce=0.1308  dist_mse=0.0958  region_overlap=0.891
2026-10-08 23:44:48,307  gsv3.training             INFO     [random:random_seed5] epoch 0203  train_log_mse=0.00180  val_log_mse=0.05820  val_mse=0.000356  max_grad=0.24  patience=29/30
2026-10-08 23:45:42,058  gsv3.training             INFO     [random:random_seed5] epoch 0204  region_bce=0.1264  dist_mse=0.0954  region_overlap=0.893
2026-10-08 23:45:42,058  gsv3.training             INFO     [random:random_seed5] epoch 0204  train_log_mse=0.00166  val_log_mse=0.04972  val_mse=0.000348  max_grad=0.22  patience=30/30
2026-10-08 23:45:50,705  gsv3.experiment           INFO     [random_seed5] TEST  n=5117  MAE=0.0088  R2=0.9965  device-acc=0.801  regret=0.0021
2026-10-08 23:45:50,711  genstudy.io               INFO     Wrote evaluations/generalization_v7/results/v7_l001/random_control/random_seed5/metrics.json
2026-10-08 23:45:50,734  genstudy.io               INFO     Wrote evaluations/generalization_v7/results/v7_l001/random_control/random_seed5/predictions.json
2026-10-08 23:45:50,745  genstudy.io               INFO     Wrote evaluations/generalization_v7/results/v7_l001/random_control/random_seed5/history.json
2026-10-08 23:45:50,762  run_experiment            INFO     random_control finished: 1 complete, 0 skipped
