2026-10-08 13:58:43,513  genstudy.io               INFO     Logging to evaluations/generalization_v5/results/v5b_sinkhorn_s6/leave_one_family_out/run.log
2026-10-08 13:58:43,513  run_experiment            INFO     Command line: evaluations/generalization_v3/scripts/run_experiment.py lofo --model sinkhorn --balance-alpha 0 --lr 3e-4 --grad-clip 1.0 --seed 6 --families qaoa --groups vqe --loss mixed --val-mode random --epoch-budget 150 --swa-frac 0.25 --tau-start 1.0 --results-dir evaluations/generalization_v5/results/v5b_sinkhorn_s6
2026-10-08 13:58:43,513  gsv2.gpu                  WARNING  No CUDA device available — running on the CPU.
2026-10-08 13:58:43,514  gsv3.model                INFO     Hyper-parameters (/home/atudisco/pred-distr-tool/src/model/best_params.json + v3 defaults): {'device_hidden': 64, 'device_layers': 3, 'fusion_dim': 128, 'qubit_layers': 2, 'attn_heads': 4, 'lap_pe': 8, 'cost_bias_init': -6.0, 'hidden_dim': 142, 'num_conv_wo_resnet': 3, 'num_resnet_layers': 1, 'dropout': 0.0, 'bidirectional': True, 'mlp': [512, 256, 128], 'lr': 0.001, 'readout': 'meanmaxsum'}
2026-10-08 13:58:43,529  gsv3.devices              INFO     Device graphs: node features 13 (Laplacian PE 8), physical errors True
2026-10-08 13:58:43,531  genstudy.data             INFO     Loading graph dataset: /home/atudisco/pred-distr-tool/evaluations/generalization_v3/data/graph_dataset_expected_fidelity.pt
2026-10-08 13:58:43,712  genstudy.io               INFO     Logging to evaluations/generalization_v5/results/v5b_sinkhorn_s6/leave_one_family_out/run.log
2026-10-08 13:58:43,712  run_experiment            INFO     Command line: evaluations/generalization_v3/scripts/run_experiment.py lofo --model sinkhorn --balance-alpha 0 --lr 3e-4 --grad-clip 1.0 --seed 6 --families qnn --groups vqe --loss mixed --val-mode random --epoch-budget 150 --swa-frac 0.25 --tau-start 1.0 --results-dir evaluations/generalization_v5/results/v5b_sinkhorn_s6
2026-10-08 13:58:43,712  gsv2.gpu                  WARNING  No CUDA device available — running on the CPU.
2026-10-08 13:58:43,713  gsv3.model                INFO     Hyper-parameters (/home/atudisco/pred-distr-tool/src/model/best_params.json + v3 defaults): {'device_hidden': 64, 'device_layers': 3, 'fusion_dim': 128, 'qubit_layers': 2, 'attn_heads': 4, 'lap_pe': 8, 'cost_bias_init': -6.0, 'hidden_dim': 142, 'num_conv_wo_resnet': 3, 'num_resnet_layers': 1, 'dropout': 0.0, 'bidirectional': True, 'mlp': [512, 256, 128], 'lr': 0.001, 'readout': 'meanmaxsum'}
2026-10-08 13:58:43,728  gsv3.devices              INFO     Device graphs: node features 13 (Laplacian PE 8), physical errors True
2026-10-08 13:58:43,729  genstudy.data             INFO     Loading graph dataset: /home/atudisco/pred-distr-tool/evaluations/generalization_v3/data/graph_dataset_expected_fidelity.pt
2026-10-08 13:58:47,290  genstudy.data             INFO     Loaded 17056 graphs
2026-10-08 13:58:47,321  genstudy.io               INFO     Wrote evaluations/generalization_v5/results/v5b_sinkhorn_s6/leave_one_family_out/dataset_summary.json
2026-10-08 13:58:47,322  genstudy.data             INFO     Holding out 1 families: qaoa
2026-10-08 13:58:47,324  run_experiment            INFO     [1/1] qaoa
2026-10-08 13:58:47,326  gsv3.experiment           INFO     === family_holdout / qaoa ===
2026-10-08 13:58:47,326  gsv3.experiment           INFO     Leave-one-family-out: test = all 2706 'qaoa' circuits, train = 14350 circuits from 34 other families.
2026-10-08 13:58:47,327  gsv3.experiment           INFO     train=11480  val=2870 ({'mode': 'random'})  test=2706
2026-10-08 13:58:47,410  gsv3.training             INFO     [family_holdout:qaoa] model=sinkhorn (979423 params) train=11480 val=2870 lr=0.0003 clip=1.0 alpha=0.00
2026-10-08 13:58:47,486  genstudy.data             INFO     Loaded 17056 graphs
2026-10-08 13:58:47,527  genstudy.io               INFO     Wrote evaluations/generalization_v5/results/v5b_sinkhorn_s6/leave_one_family_out/dataset_summary.json
2026-10-08 13:58:47,528  genstudy.data             INFO     Holding out 1 families: qnn
2026-10-08 13:58:47,530  run_experiment            INFO     [1/1] qnn
2026-10-08 13:58:47,532  gsv3.experiment           INFO     === family_holdout / qnn ===
2026-10-08 13:58:47,532  gsv3.experiment           INFO     Leave-one-family-out: test = all 760 'qnn' circuits, train = 16296 circuits from 34 other families.
2026-10-08 13:58:47,533  gsv3.experiment           INFO     train=13037  val=3259 ({'mode': 'random'})  test=760
2026-10-08 13:58:47,617  gsv3.training             INFO     [family_holdout:qnn] model=sinkhorn (979423 params) train=13037 val=3259 lr=0.0003 clip=1.0 alpha=0.00
2026-10-08 14:00:07,122  gsv3.training             INFO     [family_holdout:qaoa] epoch 0001  train_log_mse=0.18312  val_log_mse=0.22437  val_mse=0.001781  max_grad=303.17  patience=0/30
2026-10-08 14:00:28,892  gsv3.training             INFO     [family_holdout:qnn] epoch 0001  train_log_mse=0.19726  val_log_mse=0.35798  val_mse=0.001877  max_grad=601.58  patience=0/30
2026-10-08 14:01:25,825  gsv3.training             INFO     [family_holdout:qaoa] epoch 0002  train_log_mse=0.02480  val_log_mse=0.13983  val_mse=0.001675  max_grad=17.87  patience=0/30
2026-10-08 14:02:10,057  gsv3.training             INFO     [family_holdout:qnn] epoch 0002  train_log_mse=0.02428  val_log_mse=0.23297  val_mse=0.001425  max_grad=3.69  patience=0/30
2026-10-08 14:02:45,119  gsv3.training             INFO     [family_holdout:qaoa] epoch 0003  train_log_mse=0.01616  val_log_mse=0.11274  val_mse=0.001261  max_grad=4.25  patience=0/30
2026-10-08 14:03:51,288  gsv3.training             INFO     [family_holdout:qnn] epoch 0003  train_log_mse=0.01645  val_log_mse=0.10979  val_mse=0.001124  max_grad=11.55  patience=0/30
2026-10-08 14:04:04,646  gsv3.training             INFO     [family_holdout:qaoa] epoch 0004  train_log_mse=0.01487  val_log_mse=0.13092  val_mse=0.001155  max_grad=10.47  patience=0/30
2026-10-08 14:05:23,431  gsv3.training             INFO     [family_holdout:qaoa] epoch 0005  train_log_mse=0.01037  val_log_mse=0.10833  val_mse=0.001307  max_grad=1.89  patience=1/30
2026-10-08 14:05:32,178  gsv3.training             INFO     [family_holdout:qnn] epoch 0004  train_log_mse=0.01195  val_log_mse=0.13053  val_mse=0.000896  max_grad=2.32  patience=0/30
2026-10-08 14:06:42,363  gsv3.training             INFO     [family_holdout:qaoa] epoch 0006  train_log_mse=0.00993  val_log_mse=0.07423  val_mse=0.000887  max_grad=1.68  patience=0/30
2026-10-08 14:07:13,255  gsv3.training             INFO     [family_holdout:qnn] epoch 0005  train_log_mse=0.01082  val_log_mse=0.12644  val_mse=0.001092  max_grad=4.40  patience=1/30
2026-10-08 14:08:01,859  gsv3.training             INFO     [family_holdout:qaoa] epoch 0007  train_log_mse=0.00916  val_log_mse=0.09257  val_mse=0.000865  max_grad=2.13  patience=0/30
2026-10-08 14:08:55,719  gsv3.training             INFO     [family_holdout:qnn] epoch 0006  train_log_mse=0.00897  val_log_mse=0.10436  val_mse=0.001473  max_grad=1.44  patience=2/30
2026-10-08 14:09:22,231  gsv3.training             INFO     [family_holdout:qaoa] epoch 0008  train_log_mse=0.00799  val_log_mse=0.06143  val_mse=0.000823  max_grad=1.47  patience=0/30
2026-10-08 14:10:38,349  gsv3.training             INFO     [family_holdout:qnn] epoch 0007  train_log_mse=0.00857  val_log_mse=0.08505  val_mse=0.000796  max_grad=3.39  patience=0/30
2026-10-08 14:10:42,928  gsv3.training             INFO     [family_holdout:qaoa] epoch 0009  train_log_mse=0.00612  val_log_mse=0.07616  val_mse=0.000793  max_grad=1.72  patience=0/30
2026-10-08 14:12:03,516  gsv3.training             INFO     [family_holdout:qaoa] epoch 0010  train_log_mse=0.00563  val_log_mse=0.08147  val_mse=0.000871  max_grad=0.83  patience=1/30
2026-10-08 14:12:21,078  gsv3.training             INFO     [family_holdout:qnn] epoch 0008  train_log_mse=0.00879  val_log_mse=0.06407  val_mse=0.000721  max_grad=1.26  patience=0/30
2026-10-08 14:13:23,919  gsv3.training             INFO     [family_holdout:qaoa] epoch 0011  train_log_mse=0.01095  val_log_mse=0.08658  val_mse=0.000817  max_grad=8.92  patience=2/30
2026-10-08 14:14:03,032  gsv3.training             INFO     [family_holdout:qnn] epoch 0009  train_log_mse=0.00717  val_log_mse=0.09800  val_mse=0.000714  max_grad=1.09  patience=0/30
2026-10-08 14:14:43,590  gsv3.training             INFO     [family_holdout:qaoa] epoch 0012  train_log_mse=0.00874  val_log_mse=0.14819  val_mse=0.000845  max_grad=2.72  patience=3/30
2026-10-08 14:15:44,840  gsv3.training             INFO     [family_holdout:qnn] epoch 0010  train_log_mse=0.00803  val_log_mse=0.21883  val_mse=0.001219  max_grad=1.48  patience=1/30
2026-10-08 14:16:03,173  gsv3.training             INFO     [family_holdout:qaoa] epoch 0013  train_log_mse=0.00656  val_log_mse=0.07018  val_mse=0.000740  max_grad=0.96  patience=0/30
2026-10-08 14:17:22,388  gsv3.training             INFO     [family_holdout:qaoa] epoch 0014  train_log_mse=0.00497  val_log_mse=0.05383  val_mse=0.000648  max_grad=0.51  patience=0/30
2026-10-08 14:17:25,391  gsv3.training             INFO     [family_holdout:qnn] epoch 0011  train_log_mse=0.00664  val_log_mse=0.25793  val_mse=0.001053  max_grad=2.37  patience=2/30
2026-10-08 14:18:41,865  gsv3.training             INFO     [family_holdout:qaoa] epoch 0015  train_log_mse=0.00507  val_log_mse=0.05879  val_mse=0.000607  max_grad=0.87  patience=0/30
2026-10-08 14:19:06,887  gsv3.training             INFO     [family_holdout:qnn] epoch 0012  train_log_mse=0.00631  val_log_mse=0.06008  val_mse=0.000597  max_grad=1.90  patience=0/30
2026-10-08 14:20:01,698  gsv3.training             INFO     [family_holdout:qaoa] epoch 0016  train_log_mse=0.00515  val_log_mse=0.04854  val_mse=0.000621  max_grad=1.41  patience=1/30
2026-10-08 14:20:49,006  gsv3.training             INFO     [family_holdout:qnn] epoch 0013  train_log_mse=0.00542  val_log_mse=0.07505  val_mse=0.000892  max_grad=0.93  patience=1/30
2026-10-08 14:21:22,264  gsv3.training             INFO     [family_holdout:qaoa] epoch 0017  train_log_mse=0.00469  val_log_mse=0.04873  val_mse=0.000665  max_grad=0.69  patience=2/30
2026-10-08 14:22:31,534  gsv3.training             INFO     [family_holdout:qnn] epoch 0014  train_log_mse=0.00634  val_log_mse=0.06440  val_mse=0.000582  max_grad=0.77  patience=0/30
2026-10-08 14:22:42,890  gsv3.training             INFO     [family_holdout:qaoa] epoch 0018  train_log_mse=0.00437  val_log_mse=0.04359  val_mse=0.000570  max_grad=0.63  patience=0/30
2026-10-08 14:24:03,006  gsv3.training             INFO     [family_holdout:qaoa] epoch 0019  train_log_mse=0.00427  val_log_mse=0.05834  val_mse=0.000636  max_grad=0.66  patience=1/30
2026-10-08 14:24:13,435  gsv3.training             INFO     [family_holdout:qnn] epoch 0015  train_log_mse=0.00649  val_log_mse=0.09149  val_mse=0.001112  max_grad=3.80  patience=1/30
2026-10-08 14:25:23,135  gsv3.training             INFO     [family_holdout:qaoa] epoch 0020  train_log_mse=0.00450  val_log_mse=0.04201  val_mse=0.000520  max_grad=0.50  patience=0/30
2026-10-08 14:25:54,826  gsv3.training             INFO     [family_holdout:qnn] epoch 0016  train_log_mse=0.00682  val_log_mse=0.09731  val_mse=0.000585  max_grad=2.48  patience=2/30
2026-10-08 14:26:42,543  gsv3.training             INFO     [family_holdout:qaoa] epoch 0021  train_log_mse=0.00513  val_log_mse=0.07026  val_mse=0.000700  max_grad=1.48  patience=1/30
2026-10-08 14:27:36,406  gsv3.training             INFO     [family_holdout:qnn] epoch 0017  train_log_mse=0.00661  val_log_mse=0.07585  val_mse=0.000659  max_grad=1.45  patience=3/30
2026-10-08 14:28:02,328  gsv3.training             INFO     [family_holdout:qaoa] epoch 0022  train_log_mse=0.00673  val_log_mse=0.04622  val_mse=0.000639  max_grad=3.86  patience=2/30
2026-10-08 14:29:17,766  gsv3.training             INFO     [family_holdout:qnn] epoch 0018  train_log_mse=0.00473  val_log_mse=0.05258  val_mse=0.000490  max_grad=0.52  patience=0/30
2026-10-08 14:29:22,159  gsv3.training             INFO     [family_holdout:qaoa] epoch 0023  train_log_mse=0.00408  val_log_mse=0.04103  val_mse=0.000543  max_grad=0.50  patience=3/30
2026-10-08 14:30:42,163  gsv3.training             INFO     [family_holdout:qaoa] epoch 0024  train_log_mse=0.00387  val_log_mse=0.04673  val_mse=0.000524  max_grad=0.47  patience=4/30
2026-10-08 14:30:59,032  gsv3.training             INFO     [family_holdout:qnn] epoch 0019  train_log_mse=0.00502  val_log_mse=0.06506  val_mse=0.000517  max_grad=0.63  patience=1/30
2026-10-08 14:32:02,114  gsv3.training             INFO     [family_holdout:qaoa] epoch 0025  train_log_mse=0.00391  val_log_mse=0.04306  val_mse=0.000590  max_grad=0.58  patience=5/30
2026-10-08 14:32:40,443  gsv3.training             INFO     [family_holdout:qnn] epoch 0020  train_log_mse=0.00482  val_log_mse=0.05187  val_mse=0.000497  max_grad=1.14  patience=2/30
2026-10-08 14:33:22,538  gsv3.training             INFO     [family_holdout:qaoa] epoch 0026  train_log_mse=0.00354  val_log_mse=0.03842  val_mse=0.000517  max_grad=0.54  patience=0/30
2026-10-08 14:34:22,600  gsv3.training             INFO     [family_holdout:qnn] epoch 0021  train_log_mse=0.00465  val_log_mse=0.05362  val_mse=0.000457  max_grad=0.83  patience=0/30
2026-10-08 14:34:43,220  gsv3.training             INFO     [family_holdout:qaoa] epoch 0027  train_log_mse=0.00371  val_log_mse=0.05427  val_mse=0.000538  max_grad=0.83  patience=1/30
2026-10-08 14:36:04,390  gsv3.training             INFO     [family_holdout:qaoa] epoch 0028  train_log_mse=0.00352  val_log_mse=0.04250  val_mse=0.000456  max_grad=0.41  patience=0/30
2026-10-08 14:36:05,120  gsv3.training             INFO     [family_holdout:qnn] epoch 0022  train_log_mse=0.00536  val_log_mse=0.06981  val_mse=0.000589  max_grad=2.43  patience=1/30
2026-10-08 14:37:24,542  gsv3.training             INFO     [family_holdout:qaoa] epoch 0029  train_log_mse=0.00380  val_log_mse=0.03966  val_mse=0.000444  max_grad=0.54  patience=0/30
2026-10-08 14:37:46,247  gsv3.training             INFO     [family_holdout:qnn] epoch 0023  train_log_mse=0.00421  val_log_mse=0.05383  val_mse=0.000429  max_grad=0.63  patience=0/30
2026-10-08 14:38:44,707  gsv3.training             INFO     [family_holdout:qaoa] epoch 0030  train_log_mse=0.00342  val_log_mse=0.04560  val_mse=0.000560  max_grad=0.36  patience=1/30
2026-10-08 14:39:27,967  gsv3.training             INFO     [family_holdout:qnn] epoch 0024  train_log_mse=0.00432  val_log_mse=0.07442  val_mse=0.000769  max_grad=0.79  patience=1/30
2026-10-08 14:40:04,575  gsv3.training             INFO     [family_holdout:qaoa] epoch 0031  train_log_mse=0.00353  val_log_mse=0.04989  val_mse=0.000527  max_grad=0.53  patience=2/30
2026-10-08 14:41:10,084  gsv3.training             INFO     [family_holdout:qnn] epoch 0025  train_log_mse=0.00413  val_log_mse=0.07454  val_mse=0.000569  max_grad=0.50  patience=2/30
2026-10-08 14:41:24,911  gsv3.training             INFO     [family_holdout:qaoa] epoch 0032  train_log_mse=0.00344  val_log_mse=0.03533  val_mse=0.000428  max_grad=0.42  patience=0/30
2026-10-08 14:42:44,816  gsv3.training             INFO     [family_holdout:qaoa] epoch 0033  train_log_mse=0.00390  val_log_mse=0.09247  val_mse=0.000760  max_grad=1.20  patience=1/30
2026-10-08 14:42:51,578  gsv3.training             INFO     [family_holdout:qnn] epoch 0026  train_log_mse=0.00419  val_log_mse=0.05688  val_mse=0.000409  max_grad=0.62  patience=0/30
2026-10-08 14:44:05,039  gsv3.training             INFO     [family_holdout:qaoa] epoch 0034  train_log_mse=0.00857  val_log_mse=0.04127  val_mse=0.000478  max_grad=3.16  patience=2/30
2026-10-08 14:44:33,161  gsv3.training             INFO     [family_holdout:qnn] epoch 0027  train_log_mse=0.00409  val_log_mse=0.05156  val_mse=0.000445  max_grad=0.54  patience=1/30
2026-10-08 14:45:25,004  gsv3.training             INFO     [family_holdout:qaoa] epoch 0035  train_log_mse=0.00369  val_log_mse=0.04116  val_mse=0.000478  max_grad=9.92  patience=3/30
2026-10-08 14:46:14,247  gsv3.training             INFO     [family_holdout:qnn] epoch 0028  train_log_mse=0.00363  val_log_mse=0.05061  val_mse=0.000408  max_grad=0.26  patience=0/30
2026-10-08 14:46:43,537  gsv3.training             INFO     [family_holdout:qaoa] epoch 0036  train_log_mse=0.00295  val_log_mse=0.04336  val_mse=0.000419  max_grad=0.35  patience=0/30
2026-10-08 14:47:54,976  gsv3.training             INFO     [family_holdout:qnn] epoch 0029  train_log_mse=0.00404  val_log_mse=0.05309  val_mse=0.000467  max_grad=0.42  patience=1/30
2026-10-08 14:48:02,658  gsv3.training             INFO     [family_holdout:qaoa] epoch 0037  train_log_mse=0.00278  val_log_mse=0.03883  val_mse=0.000413  max_grad=0.26  patience=0/30
2026-10-08 14:49:21,703  gsv3.training             INFO     [family_holdout:qaoa] epoch 0038  train_log_mse=0.00548  val_log_mse=0.18460  val_mse=0.002262  max_grad=3.46  patience=1/30
2026-10-08 14:49:36,002  gsv3.training             INFO     [family_holdout:qnn] epoch 0030  train_log_mse=0.00389  val_log_mse=0.08827  val_mse=0.000433  max_grad=0.58  patience=2/30
2026-10-08 14:50:40,913  gsv3.training             INFO     [family_holdout:qaoa] epoch 0039  train_log_mse=0.00501  val_log_mse=0.04103  val_mse=0.000515  max_grad=0.92  patience=2/30
2026-10-08 14:51:16,660  gsv3.training             INFO     [family_holdout:qnn] epoch 0031  train_log_mse=0.00376  val_log_mse=0.04908  val_mse=0.000495  max_grad=0.40  patience=3/30
2026-10-08 14:51:59,778  gsv3.training             INFO     [family_holdout:qaoa] epoch 0040  train_log_mse=0.00355  val_log_mse=0.04160  val_mse=0.000478  max_grad=2.04  patience=3/30
2026-10-08 14:52:57,006  gsv3.training             INFO     [family_holdout:qnn] epoch 0032  train_log_mse=0.00389  val_log_mse=0.05106  val_mse=0.000413  max_grad=0.53  patience=4/30
2026-10-08 14:53:18,473  gsv3.training             INFO     [family_holdout:qaoa] epoch 0041  train_log_mse=0.00297  val_log_mse=0.04055  val_mse=0.000438  max_grad=0.51  patience=4/30
2026-10-08 14:54:36,856  gsv3.training             INFO     [family_holdout:qnn] epoch 0033  train_log_mse=0.00335  val_log_mse=0.04762  val_mse=0.000429  max_grad=0.31  patience=5/30
2026-10-08 14:54:37,359  gsv3.training             INFO     [family_holdout:qaoa] epoch 0042  train_log_mse=0.00284  val_log_mse=0.04176  val_mse=0.000419  max_grad=0.40  patience=5/30
2026-10-08 14:55:56,792  gsv3.training             INFO     [family_holdout:qaoa] epoch 0043  train_log_mse=0.00276  val_log_mse=0.03658  val_mse=0.000400  max_grad=0.31  patience=0/30
2026-10-08 14:56:17,503  gsv3.training             INFO     [family_holdout:qnn] epoch 0034  train_log_mse=0.00352  val_log_mse=0.04714  val_mse=0.000428  max_grad=0.40  patience=6/30
2026-10-08 14:57:16,902  gsv3.training             INFO     [family_holdout:qaoa] epoch 0044  train_log_mse=0.00314  val_log_mse=0.04281  val_mse=0.000424  max_grad=0.62  patience=1/30
2026-10-08 14:57:59,125  gsv3.training             INFO     [family_holdout:qnn] epoch 0035  train_log_mse=0.00485  val_log_mse=0.04609  val_mse=0.000421  max_grad=1.96  patience=7/30
2026-10-08 14:58:36,466  gsv3.training             INFO     [family_holdout:qaoa] epoch 0045  train_log_mse=0.00277  val_log_mse=0.04148  val_mse=0.000403  max_grad=0.32  patience=2/30
2026-10-08 14:59:40,347  gsv3.training             INFO     [family_holdout:qnn] epoch 0036  train_log_mse=0.00328  val_log_mse=0.04990  val_mse=0.000409  max_grad=0.31  patience=8/30
2026-10-08 14:59:56,193  gsv3.training             INFO     [family_holdout:qaoa] epoch 0046  train_log_mse=0.00274  val_log_mse=0.03771  val_mse=0.000431  max_grad=0.27  patience=3/30
2026-10-08 15:01:15,640  gsv3.training             INFO     [family_holdout:qaoa] epoch 0047  train_log_mse=0.00315  val_log_mse=0.03983  val_mse=0.000386  max_grad=0.40  patience=0/30
2026-10-08 15:01:20,591  gsv3.training             INFO     [family_holdout:qnn] epoch 0037  train_log_mse=0.00319  val_log_mse=0.04783  val_mse=0.000424  max_grad=0.33  patience=9/30
2026-10-08 15:02:35,422  gsv3.training             INFO     [family_holdout:qaoa] epoch 0048  train_log_mse=0.00276  val_log_mse=0.03539  val_mse=0.000403  max_grad=0.35  patience=1/30
2026-10-08 15:03:01,016  gsv3.training             INFO     [family_holdout:qnn] epoch 0038  train_log_mse=0.00309  val_log_mse=0.04771  val_mse=0.000374  max_grad=0.30  patience=0/30
2026-10-08 15:03:54,580  gsv3.training             INFO     [family_holdout:qaoa] epoch 0049  train_log_mse=0.00257  val_log_mse=0.04167  val_mse=0.000382  max_grad=0.22  patience=0/30
2026-10-08 15:04:41,046  gsv3.training             INFO     [family_holdout:qnn] epoch 0039  train_log_mse=0.00321  val_log_mse=0.04669  val_mse=0.000370  max_grad=0.41  patience=0/30
2026-10-08 15:05:14,181  gsv3.training             INFO     [family_holdout:qaoa] epoch 0050  train_log_mse=0.00251  val_log_mse=0.03752  val_mse=0.000410  max_grad=0.20  patience=1/30
2026-10-08 15:06:21,228  gsv3.training             INFO     [family_holdout:qnn] epoch 0040  train_log_mse=0.00326  val_log_mse=0.04826  val_mse=0.000388  max_grad=0.31  patience=1/30
2026-10-08 15:06:33,264  gsv3.training             INFO     [family_holdout:qaoa] epoch 0051  train_log_mse=0.00295  val_log_mse=0.03975  val_mse=0.000416  max_grad=0.80  patience=2/30
2026-10-08 15:07:52,427  gsv3.training             INFO     [family_holdout:qaoa] epoch 0052  train_log_mse=0.00249  val_log_mse=0.03666  val_mse=0.000416  max_grad=0.21  patience=3/30
2026-10-08 15:08:00,672  gsv3.training             INFO     [family_holdout:qnn] epoch 0041  train_log_mse=0.00303  val_log_mse=0.04892  val_mse=0.000390  max_grad=0.25  patience=2/30
2026-10-08 15:09:11,540  gsv3.training             INFO     [family_holdout:qaoa] epoch 0053  train_log_mse=0.00244  val_log_mse=0.03607  val_mse=0.000406  max_grad=0.20  patience=4/30
2026-10-08 15:09:40,980  gsv3.training             INFO     [family_holdout:qnn] epoch 0042  train_log_mse=0.00318  val_log_mse=0.04731  val_mse=0.000374  max_grad=0.26  patience=3/30
2026-10-08 15:10:31,570  gsv3.training             INFO     [family_holdout:qaoa] epoch 0054  train_log_mse=0.00242  val_log_mse=0.03836  val_mse=0.000407  max_grad=0.30  patience=5/30
2026-10-08 15:11:22,504  gsv3.training             INFO     [family_holdout:qnn] epoch 0043  train_log_mse=0.00309  val_log_mse=0.05605  val_mse=0.000418  max_grad=0.25  patience=4/30
2026-10-08 15:11:51,699  gsv3.training             INFO     [family_holdout:qaoa] epoch 0055  train_log_mse=0.00240  val_log_mse=0.03723  val_mse=0.000444  max_grad=0.32  patience=6/30
2026-10-08 15:13:03,917  gsv3.training             INFO     [family_holdout:qnn] epoch 0044  train_log_mse=0.00316  val_log_mse=0.04809  val_mse=0.000372  max_grad=0.33  patience=5/30
2026-10-08 15:13:11,930  gsv3.training             INFO     [family_holdout:qaoa] epoch 0056  train_log_mse=0.00285  val_log_mse=0.04027  val_mse=0.000399  max_grad=0.69  patience=7/30
2026-10-08 15:14:31,541  gsv3.training             INFO     [family_holdout:qaoa] epoch 0057  train_log_mse=0.00243  val_log_mse=0.04169  val_mse=0.000388  max_grad=0.34  patience=8/30
2026-10-08 15:14:44,692  gsv3.training             INFO     [family_holdout:qnn] epoch 0045  train_log_mse=0.00326  val_log_mse=0.04357  val_mse=0.000376  max_grad=0.54  patience=6/30
2026-10-08 15:15:51,144  gsv3.training             INFO     [family_holdout:qaoa] epoch 0058  train_log_mse=0.00232  val_log_mse=0.03643  val_mse=0.000391  max_grad=0.25  patience=9/30
2026-10-08 15:16:24,900  gsv3.training             INFO     [family_holdout:qnn] epoch 0046  train_log_mse=0.00282  val_log_mse=0.04553  val_mse=0.000445  max_grad=0.27  patience=7/30
2026-10-08 15:17:10,457  gsv3.training             INFO     [family_holdout:qaoa] epoch 0059  train_log_mse=0.00222  val_log_mse=0.03771  val_mse=0.000370  max_grad=0.23  patience=0/30
2026-10-08 15:18:05,198  gsv3.training             INFO     [family_holdout:qnn] epoch 0047  train_log_mse=0.00290  val_log_mse=0.05434  val_mse=0.000366  max_grad=0.33  patience=0/30
2026-10-08 15:18:29,183  gsv3.training             INFO     [family_holdout:qaoa] epoch 0060  train_log_mse=0.00216  val_log_mse=0.03867  val_mse=0.000378  max_grad=0.17  patience=1/30
2026-10-08 15:19:45,900  gsv3.training             INFO     [family_holdout:qnn] epoch 0048  train_log_mse=0.00296  val_log_mse=0.04807  val_mse=0.000372  max_grad=0.36  patience=1/30
2026-10-08 15:19:48,103  gsv3.training             INFO     [family_holdout:qaoa] epoch 0061  train_log_mse=0.00217  val_log_mse=0.03792  val_mse=0.000396  max_grad=0.26  patience=2/30
2026-10-08 15:21:06,767  gsv3.training             INFO     [family_holdout:qaoa] epoch 0062  train_log_mse=0.00217  val_log_mse=0.04260  val_mse=0.000446  max_grad=0.22  patience=3/30
2026-10-08 15:21:25,544  gsv3.training             INFO     [family_holdout:qnn] epoch 0049  train_log_mse=0.00310  val_log_mse=0.04801  val_mse=0.000378  max_grad=0.41  patience=2/30
2026-10-08 15:22:25,192  gsv3.training             INFO     [family_holdout:qaoa] epoch 0063  train_log_mse=0.00220  val_log_mse=0.04163  val_mse=0.000369  max_grad=0.28  patience=0/30
2026-10-08 15:23:05,384  gsv3.training             INFO     [family_holdout:qnn] epoch 0050  train_log_mse=0.00280  val_log_mse=0.04419  val_mse=0.000339  max_grad=0.32  patience=0/30
2026-10-08 15:23:44,412  gsv3.training             INFO     [family_holdout:qaoa] epoch 0064  train_log_mse=0.00218  val_log_mse=0.03823  val_mse=0.000374  max_grad=0.24  patience=1/30
2026-10-08 15:24:45,812  gsv3.training             INFO     [family_holdout:qnn] epoch 0051  train_log_mse=0.00286  val_log_mse=0.04252  val_mse=0.000365  max_grad=0.29  patience=1/30
2026-10-08 15:25:03,276  gsv3.training             INFO     [family_holdout:qaoa] epoch 0065  train_log_mse=0.00216  val_log_mse=0.03967  val_mse=0.000372  max_grad=0.19  patience=2/30
2026-10-08 15:26:22,249  gsv3.training             INFO     [family_holdout:qaoa] epoch 0066  train_log_mse=0.00198  val_log_mse=0.03495  val_mse=0.000373  max_grad=0.16  patience=3/30
2026-10-08 15:26:26,727  gsv3.training             INFO     [family_holdout:qnn] epoch 0052  train_log_mse=0.00273  val_log_mse=0.04225  val_mse=0.000374  max_grad=0.26  patience=2/30
2026-10-08 15:27:41,811  gsv3.training             INFO     [family_holdout:qaoa] epoch 0067  train_log_mse=0.00199  val_log_mse=0.03621  val_mse=0.000366  max_grad=0.21  patience=0/30
2026-10-08 15:28:08,575  gsv3.training             INFO     [family_holdout:qnn] epoch 0053  train_log_mse=0.00278  val_log_mse=0.04241  val_mse=0.000341  max_grad=0.26  patience=3/30
2026-10-08 15:29:01,834  gsv3.training             INFO     [family_holdout:qaoa] epoch 0068  train_log_mse=0.00201  val_log_mse=0.03624  val_mse=0.000394  max_grad=0.19  patience=1/30
2026-10-08 15:29:50,004  gsv3.training             INFO     [family_holdout:qnn] epoch 0054  train_log_mse=0.00271  val_log_mse=0.04309  val_mse=0.000336  max_grad=0.29  patience=0/30
2026-10-08 15:30:21,282  gsv3.training             INFO     [family_holdout:qaoa] epoch 0069  train_log_mse=0.00203  val_log_mse=0.03625  val_mse=0.000400  max_grad=0.22  patience=2/30
2026-10-08 15:31:30,442  gsv3.training             INFO     [family_holdout:qnn] epoch 0055  train_log_mse=0.00260  val_log_mse=0.04484  val_mse=0.000361  max_grad=0.38  patience=1/30
2026-10-08 15:31:40,017  gsv3.training             INFO     [family_holdout:qaoa] epoch 0070  train_log_mse=0.00211  val_log_mse=0.03750  val_mse=0.000361  max_grad=0.34  patience=0/30
2026-10-08 15:32:59,233  gsv3.training             INFO     [family_holdout:qaoa] epoch 0071  train_log_mse=0.00192  val_log_mse=0.03553  val_mse=0.000368  max_grad=0.17  patience=1/30
2026-10-08 15:33:11,201  gsv3.training             INFO     [family_holdout:qnn] epoch 0056  train_log_mse=0.00263  val_log_mse=0.04265  val_mse=0.000360  max_grad=0.30  patience=2/30
2026-10-08 15:34:18,477  gsv3.training             INFO     [family_holdout:qaoa] epoch 0072  train_log_mse=0.00182  val_log_mse=0.03662  val_mse=0.000373  max_grad=0.13  patience=2/30
2026-10-08 15:34:52,023  gsv3.training             INFO     [family_holdout:qnn] epoch 0057  train_log_mse=0.00260  val_log_mse=0.05025  val_mse=0.000386  max_grad=0.29  patience=3/30
2026-10-08 15:35:37,756  gsv3.training             INFO     [family_holdout:qaoa] epoch 0073  train_log_mse=0.00182  val_log_mse=0.03640  val_mse=0.000372  max_grad=0.15  patience=3/30
2026-10-08 15:36:32,882  gsv3.training             INFO     [family_holdout:qnn] epoch 0058  train_log_mse=0.00274  val_log_mse=0.04057  val_mse=0.000327  max_grad=0.28  patience=0/30
2026-10-08 15:36:57,327  gsv3.training             INFO     [family_holdout:qaoa] epoch 0074  train_log_mse=0.00199  val_log_mse=0.04028  val_mse=0.000392  max_grad=0.30  patience=4/30
2026-10-08 15:38:14,059  gsv3.training             INFO     [family_holdout:qnn] epoch 0059  train_log_mse=0.00246  val_log_mse=0.04134  val_mse=0.000340  max_grad=0.31  patience=1/30
2026-10-08 15:38:16,658  gsv3.training             INFO     [family_holdout:qaoa] epoch 0075  train_log_mse=0.00181  val_log_mse=0.03973  val_mse=0.000353  max_grad=0.21  patience=0/30
2026-10-08 15:39:36,437  gsv3.training             INFO     [family_holdout:qaoa] epoch 0076  train_log_mse=0.00179  val_log_mse=0.03661  val_mse=0.000391  max_grad=0.20  patience=1/30
2026-10-08 15:39:55,445  gsv3.training             INFO     [family_holdout:qnn] epoch 0060  train_log_mse=0.00247  val_log_mse=0.04137  val_mse=0.000330  max_grad=0.20  patience=2/30
2026-10-08 15:40:56,542  gsv3.training             INFO     [family_holdout:qaoa] epoch 0077  train_log_mse=0.00178  val_log_mse=0.03567  val_mse=0.000389  max_grad=0.16  patience=2/30
2026-10-08 15:41:37,166  gsv3.training             INFO     [family_holdout:qnn] epoch 0061  train_log_mse=0.00244  val_log_mse=0.04599  val_mse=0.000356  max_grad=0.27  patience=3/30
2026-10-08 15:42:16,321  gsv3.training             INFO     [family_holdout:qaoa] epoch 0078  train_log_mse=0.00175  val_log_mse=0.04145  val_mse=0.000361  max_grad=0.21  patience=3/30
2026-10-08 15:43:17,602  gsv3.training             INFO     [family_holdout:qnn] epoch 0062  train_log_mse=0.00260  val_log_mse=0.04791  val_mse=0.000391  max_grad=0.29  patience=4/30
2026-10-08 15:43:34,729  gsv3.training             INFO     [family_holdout:qaoa] epoch 0079  train_log_mse=0.00175  val_log_mse=0.03609  val_mse=0.000369  max_grad=0.27  patience=4/30
2026-10-08 15:44:53,378  gsv3.training             INFO     [family_holdout:qaoa] epoch 0080  train_log_mse=0.00170  val_log_mse=0.03640  val_mse=0.000377  max_grad=0.17  patience=5/30
2026-10-08 15:44:57,564  gsv3.training             INFO     [family_holdout:qnn] epoch 0063  train_log_mse=0.00234  val_log_mse=0.04189  val_mse=0.000344  max_grad=0.24  patience=5/30
2026-10-08 15:46:13,103  gsv3.training             INFO     [family_holdout:qaoa] epoch 0081  train_log_mse=0.00169  val_log_mse=0.03547  val_mse=0.000376  max_grad=0.17  patience=6/30
2026-10-08 15:46:37,905  gsv3.training             INFO     [family_holdout:qnn] epoch 0064  train_log_mse=0.00239  val_log_mse=0.04115  val_mse=0.000342  max_grad=0.25  patience=6/30
2026-10-08 15:47:32,571  gsv3.training             INFO     [family_holdout:qaoa] epoch 0082  train_log_mse=0.00165  val_log_mse=0.03561  val_mse=0.000373  max_grad=0.13  patience=7/30
2026-10-08 15:48:18,401  gsv3.training             INFO     [family_holdout:qnn] epoch 0065  train_log_mse=0.00240  val_log_mse=0.04258  val_mse=0.000346  max_grad=0.32  patience=7/30
2026-10-08 15:48:52,320  gsv3.training             INFO     [family_holdout:qaoa] epoch 0083  train_log_mse=0.00161  val_log_mse=0.03622  val_mse=0.000378  max_grad=0.25  patience=8/30
2026-10-08 15:49:58,964  gsv3.training             INFO     [family_holdout:qnn] epoch 0066  train_log_mse=0.00235  val_log_mse=0.04430  val_mse=0.000362  max_grad=0.27  patience=8/30
2026-10-08 15:50:11,942  gsv3.training             INFO     [family_holdout:qaoa] epoch 0084  train_log_mse=0.00159  val_log_mse=0.03615  val_mse=0.000376  max_grad=0.21  patience=9/30
2026-10-08 15:51:31,662  gsv3.training             INFO     [family_holdout:qaoa] epoch 0085  train_log_mse=0.00159  val_log_mse=0.03562  val_mse=0.000376  max_grad=0.14  patience=10/30
2026-10-08 15:51:39,870  gsv3.training             INFO     [family_holdout:qnn] epoch 0067  train_log_mse=0.00223  val_log_mse=0.04124  val_mse=0.000332  max_grad=0.18  patience=9/30
2026-10-08 15:52:51,234  gsv3.training             INFO     [family_holdout:qaoa] epoch 0086  train_log_mse=0.00156  val_log_mse=0.03580  val_mse=0.000374  max_grad=0.11  patience=11/30
2026-10-08 15:53:21,304  gsv3.training             INFO     [family_holdout:qnn] epoch 0068  train_log_mse=0.00229  val_log_mse=0.04129  val_mse=0.000327  max_grad=0.20  patience=0/30
2026-10-08 15:54:10,237  gsv3.training             INFO     [family_holdout:qaoa] epoch 0087  train_log_mse=0.00154  val_log_mse=0.03639  val_mse=0.000377  max_grad=0.19  patience=12/30
2026-10-08 15:55:00,987  gsv3.training             INFO     [family_holdout:qnn] epoch 0069  train_log_mse=0.00222  val_log_mse=0.04316  val_mse=0.000350  max_grad=0.19  patience=1/30
2026-10-08 15:55:29,021  gsv3.training             INFO     [family_holdout:qaoa] epoch 0088  train_log_mse=0.00154  val_log_mse=0.03653  val_mse=0.000394  max_grad=0.22  patience=13/30
2026-10-08 15:56:41,056  gsv3.training             INFO     [family_holdout:qnn] epoch 0070  train_log_mse=0.00220  val_log_mse=0.04162  val_mse=0.000386  max_grad=0.18  patience=2/30
2026-10-08 15:56:47,954  gsv3.training             INFO     [family_holdout:qaoa] epoch 0089  train_log_mse=0.00157  val_log_mse=0.03546  val_mse=0.000372  max_grad=0.21  patience=14/30
2026-10-08 15:58:06,449  gsv3.training             INFO     [family_holdout:qaoa] epoch 0090  train_log_mse=0.00149  val_log_mse=0.03768  val_mse=0.000383  max_grad=0.13  patience=15/30
2026-10-08 15:58:20,456  gsv3.training             INFO     [family_holdout:qnn] epoch 0071  train_log_mse=0.00228  val_log_mse=0.04593  val_mse=0.000346  max_grad=0.35  patience=3/30
2026-10-08 15:59:25,180  gsv3.training             INFO     [family_holdout:qaoa] epoch 0091  train_log_mse=0.00146  val_log_mse=0.03686  val_mse=0.000376  max_grad=0.12  patience=16/30
2026-10-08 15:59:59,930  gsv3.training             INFO     [family_holdout:qnn] epoch 0072  train_log_mse=0.00217  val_log_mse=0.04412  val_mse=0.000342  max_grad=0.19  patience=4/30
2026-10-08 16:00:43,855  gsv3.training             INFO     [family_holdout:qaoa] epoch 0092  train_log_mse=0.00146  val_log_mse=0.03738  val_mse=0.000368  max_grad=0.12  patience=17/30
2026-10-08 16:01:40,700  gsv3.training             INFO     [family_holdout:qnn] epoch 0073  train_log_mse=0.00211  val_log_mse=0.04148  val_mse=0.000344  max_grad=0.17  patience=5/30
2026-10-08 16:02:03,678  gsv3.training             INFO     [family_holdout:qaoa] epoch 0093  train_log_mse=0.00144  val_log_mse=0.03720  val_mse=0.000371  max_grad=0.12  patience=18/30
2026-10-08 16:03:21,397  gsv3.training             INFO     [family_holdout:qnn] epoch 0074  train_log_mse=0.00209  val_log_mse=0.04222  val_mse=0.000327  max_grad=0.16  patience=0/30
2026-10-08 16:03:23,797  gsv3.training             INFO     [family_holdout:qaoa] epoch 0094  train_log_mse=0.00142  val_log_mse=0.03759  val_mse=0.000386  max_grad=0.16  patience=19/30
2026-10-08 16:04:43,417  gsv3.training             INFO     [family_holdout:qaoa] epoch 0095  train_log_mse=0.00140  val_log_mse=0.03563  val_mse=0.000379  max_grad=0.13  patience=20/30
2026-10-08 16:05:02,099  gsv3.training             INFO     [family_holdout:qnn] epoch 0075  train_log_mse=0.00210  val_log_mse=0.04152  val_mse=0.000330  max_grad=0.22  patience=1/30
2026-10-08 16:06:02,744  gsv3.training             INFO     [family_holdout:qaoa] epoch 0096  train_log_mse=0.00138  val_log_mse=0.03746  val_mse=0.000386  max_grad=0.14  patience=21/30
2026-10-08 16:06:42,138  gsv3.training             INFO     [family_holdout:qnn] epoch 0076  train_log_mse=0.00202  val_log_mse=0.04095  val_mse=0.000333  max_grad=0.13  patience=2/30
2026-10-08 16:07:21,978  gsv3.training             INFO     [family_holdout:qaoa] epoch 0097  train_log_mse=0.00138  val_log_mse=0.03570  val_mse=0.000373  max_grad=0.11  patience=22/30
2026-10-08 16:08:22,470  gsv3.training             INFO     [family_holdout:qnn] epoch 0077  train_log_mse=0.00209  val_log_mse=0.04654  val_mse=0.000371  max_grad=0.19  patience=3/30
2026-10-08 16:08:41,411  gsv3.training             INFO     [family_holdout:qaoa] epoch 0098  train_log_mse=0.00135  val_log_mse=0.03555  val_mse=0.000379  max_grad=0.12  patience=23/30
2026-10-08 16:10:00,463  gsv3.training             INFO     [family_holdout:qaoa] epoch 0099  train_log_mse=0.00134  val_log_mse=0.03538  val_mse=0.000375  max_grad=0.14  patience=24/30
2026-10-08 16:10:02,904  gsv3.training             INFO     [family_holdout:qnn] epoch 0078  train_log_mse=0.00204  val_log_mse=0.04421  val_mse=0.000353  max_grad=0.16  patience=4/30
2026-10-08 16:11:19,449  gsv3.training             INFO     [family_holdout:qaoa] epoch 0100  train_log_mse=0.00134  val_log_mse=0.03583  val_mse=0.000376  max_grad=0.14  patience=25/30
2026-10-08 16:11:43,401  gsv3.training             INFO     [family_holdout:qnn] epoch 0079  train_log_mse=0.00199  val_log_mse=0.04071  val_mse=0.000340  max_grad=0.15  patience=5/30
2026-10-08 16:12:39,074  gsv3.training             INFO     [family_holdout:qaoa] epoch 0101  train_log_mse=0.00130  val_log_mse=0.03584  val_mse=0.000378  max_grad=0.10  patience=26/30
2026-10-08 16:13:24,031  gsv3.training             INFO     [family_holdout:qnn] epoch 0080  train_log_mse=0.00201  val_log_mse=0.04291  val_mse=0.000344  max_grad=0.22  patience=6/30
2026-10-08 16:13:58,761  gsv3.training             INFO     [family_holdout:qaoa] epoch 0102  train_log_mse=0.00128  val_log_mse=0.03713  val_mse=0.000368  max_grad=0.11  patience=27/30
2026-10-08 16:15:03,866  gsv3.training             INFO     [family_holdout:qnn] epoch 0081  train_log_mse=0.00196  val_log_mse=0.04062  val_mse=0.000328  max_grad=0.16  patience=7/30
2026-10-08 16:15:17,812  gsv3.training             INFO     [family_holdout:qaoa] epoch 0103  train_log_mse=0.00128  val_log_mse=0.03607  val_mse=0.000365  max_grad=0.12  patience=28/30
2026-10-08 16:16:36,993  gsv3.training             INFO     [family_holdout:qaoa] epoch 0104  train_log_mse=0.00125  val_log_mse=0.03629  val_mse=0.000374  max_grad=0.10  patience=29/30
2026-10-08 16:16:43,306  gsv3.training             INFO     [family_holdout:qnn] epoch 0082  train_log_mse=0.00198  val_log_mse=0.04377  val_mse=0.000352  max_grad=0.23  patience=8/30
2026-10-08 16:17:56,235  gsv3.training             INFO     [family_holdout:qaoa] epoch 0105  train_log_mse=0.00125  val_log_mse=0.03593  val_mse=0.000369  max_grad=0.11  patience=30/30
2026-10-08 16:18:23,656  gsv3.training             INFO     [family_holdout:qnn] epoch 0083  train_log_mse=0.00191  val_log_mse=0.04155  val_mse=0.000350  max_grad=0.19  patience=9/30
2026-10-08 16:19:15,791  gsv3.training             INFO     [family_holdout:qaoa] epoch 0106  train_log_mse=0.00124  val_log_mse=0.03575  val_mse=0.000377  max_grad=0.11  patience=31/30
2026-10-08 16:20:03,716  gsv3.training             INFO     [family_holdout:qnn] epoch 0084  train_log_mse=0.00187  val_log_mse=0.04051  val_mse=0.000334  max_grad=0.17  patience=10/30
2026-10-08 16:20:35,928  gsv3.training             INFO     [family_holdout:qaoa] epoch 0107  train_log_mse=0.00122  val_log_mse=0.03609  val_mse=0.000380  max_grad=0.08  patience=32/30
2026-10-08 16:21:43,745  gsv3.training             INFO     [family_holdout:qnn] epoch 0085  train_log_mse=0.00190  val_log_mse=0.04083  val_mse=0.000330  max_grad=0.17  patience=11/30
2026-10-08 16:21:54,537  gsv3.training             INFO     [family_holdout:qaoa] epoch 0108  train_log_mse=0.00120  val_log_mse=0.03633  val_mse=0.000370  max_grad=0.11  patience=33/30
2026-10-08 16:23:11,018  gsv3.training             INFO     [family_holdout:qaoa] epoch 0109  train_log_mse=0.00120  val_log_mse=0.03622  val_mse=0.000362  max_grad=0.10  patience=34/30
2026-10-08 16:23:20,859  gsv3.training             INFO     [family_holdout:qnn] epoch 0086  train_log_mse=0.00186  val_log_mse=0.04167  val_mse=0.000341  max_grad=0.18  patience=12/30
2026-10-08 16:24:26,832  gsv3.training             INFO     [family_holdout:qaoa] epoch 0110  train_log_mse=0.00120  val_log_mse=0.03617  val_mse=0.000371  max_grad=0.10  patience=35/30
2026-10-08 16:24:57,043  gsv3.training             INFO     [family_holdout:qnn] epoch 0087  train_log_mse=0.00187  val_log_mse=0.04460  val_mse=0.000343  max_grad=0.13  patience=13/30
2026-10-08 16:25:42,752  gsv3.training             INFO     [family_holdout:qaoa] epoch 0111  train_log_mse=0.00119  val_log_mse=0.03578  val_mse=0.000375  max_grad=0.10  patience=36/30
2026-10-08 16:26:33,661  gsv3.training             INFO     [family_holdout:qnn] epoch 0088  train_log_mse=0.00187  val_log_mse=0.04281  val_mse=0.000330  max_grad=0.17  patience=14/30
2026-10-08 16:26:59,124  gsv3.training             INFO     [family_holdout:qaoa] epoch 0112  train_log_mse=0.00116  val_log_mse=0.03659  val_mse=0.000369  max_grad=0.09  patience=37/30
2026-10-08 16:28:10,934  gsv3.training             INFO     [family_holdout:qnn] epoch 0089  train_log_mse=0.00179  val_log_mse=0.04078  val_mse=0.000337  max_grad=0.16  patience=15/30
2026-10-08 16:28:16,792  gsv3.training             INFO     [family_holdout:qaoa] epoch 0113  train_log_mse=0.00115  val_log_mse=0.03634  val_mse=0.000379  max_grad=0.09  patience=38/30
2026-10-08 16:29:34,655  gsv3.training             INFO     [family_holdout:qaoa] epoch 0114  train_log_mse=0.00114  val_log_mse=0.03551  val_mse=0.000369  max_grad=0.08  patience=39/30
2026-10-08 16:29:48,921  gsv3.training             INFO     [family_holdout:qnn] epoch 0090  train_log_mse=0.00181  val_log_mse=0.04150  val_mse=0.000377  max_grad=0.18  patience=16/30
2026-10-08 16:30:50,957  gsv3.training             INFO     [family_holdout:qaoa] epoch 0115  train_log_mse=0.00114  val_log_mse=0.03677  val_mse=0.000376  max_grad=0.10  patience=40/30
2026-10-08 16:31:25,074  gsv3.training             INFO     [family_holdout:qnn] epoch 0091  train_log_mse=0.00176  val_log_mse=0.04004  val_mse=0.000332  max_grad=0.17  patience=17/30
2026-10-08 16:32:06,919  gsv3.training             INFO     [family_holdout:qaoa] epoch 0116  train_log_mse=0.00112  val_log_mse=0.03543  val_mse=0.000370  max_grad=0.09  patience=41/30
2026-10-08 16:33:01,783  gsv3.training             INFO     [family_holdout:qnn] epoch 0092  train_log_mse=0.00175  val_log_mse=0.04100  val_mse=0.000333  max_grad=0.13  patience=18/30
2026-10-08 16:33:23,363  gsv3.training             INFO     [family_holdout:qaoa] epoch 0117  train_log_mse=0.00112  val_log_mse=0.03607  val_mse=0.000372  max_grad=0.08  patience=42/30
2026-10-08 16:34:39,987  gsv3.training             INFO     [family_holdout:qnn] epoch 0093  train_log_mse=0.00175  val_log_mse=0.04047  val_mse=0.000326  max_grad=0.17  patience=0/30
2026-10-08 16:34:40,083  gsv3.training             INFO     [family_holdout:qaoa] epoch 0118  train_log_mse=0.00110  val_log_mse=0.03614  val_mse=0.000371  max_grad=0.07  patience=43/30
2026-10-08 16:35:56,886  gsv3.training             INFO     [family_holdout:qaoa] epoch 0119  train_log_mse=0.00110  val_log_mse=0.03603  val_mse=0.000373  max_grad=0.10  patience=44/30
2026-10-08 16:36:17,704  gsv3.training             INFO     [family_holdout:qnn] epoch 0094  train_log_mse=0.00172  val_log_mse=0.04098  val_mse=0.000329  max_grad=0.12  patience=1/30
2026-10-08 16:37:14,332  gsv3.training             INFO     [family_holdout:qaoa] epoch 0120  train_log_mse=0.00109  val_log_mse=0.03716  val_mse=0.000376  max_grad=0.08  patience=45/30
2026-10-08 16:37:55,448  gsv3.training             INFO     [family_holdout:qnn] epoch 0095  train_log_mse=0.00170  val_log_mse=0.04102  val_mse=0.000333  max_grad=0.14  patience=2/30
2026-10-08 16:38:30,958  gsv3.training             INFO     [family_holdout:qaoa] epoch 0121  train_log_mse=0.00108  val_log_mse=0.03605  val_mse=0.000372  max_grad=0.09  patience=46/30
2026-10-08 16:39:32,246  gsv3.training             INFO     [family_holdout:qnn] epoch 0096  train_log_mse=0.00169  val_log_mse=0.04196  val_mse=0.000320  max_grad=0.15  patience=0/30
2026-10-08 16:39:47,439  gsv3.training             INFO     [family_holdout:qaoa] epoch 0122  train_log_mse=0.00107  val_log_mse=0.03620  val_mse=0.000377  max_grad=0.08  patience=47/30
2026-10-08 16:41:03,953  gsv3.training             INFO     [family_holdout:qaoa] epoch 0123  train_log_mse=0.00107  val_log_mse=0.03636  val_mse=0.000372  max_grad=0.11  patience=48/30
2026-10-08 16:41:08,773  gsv3.training             INFO     [family_holdout:qnn] epoch 0097  train_log_mse=0.00168  val_log_mse=0.04152  val_mse=0.000331  max_grad=0.14  patience=1/30
2026-10-08 16:42:20,237  gsv3.training             INFO     [family_holdout:qaoa] epoch 0124  train_log_mse=0.00106  val_log_mse=0.03655  val_mse=0.000376  max_grad=0.07  patience=49/30
2026-10-08 16:42:45,019  gsv3.training             INFO     [family_holdout:qnn] epoch 0098  train_log_mse=0.00165  val_log_mse=0.04052  val_mse=0.000326  max_grad=0.11  patience=2/30
2026-10-08 16:43:37,710  gsv3.training             INFO     [family_holdout:qaoa] epoch 0125  train_log_mse=0.00105  val_log_mse=0.03614  val_mse=0.000374  max_grad=0.09  patience=50/30
2026-10-08 16:44:23,901  gsv3.training             INFO     [family_holdout:qnn] epoch 0099  train_log_mse=0.00165  val_log_mse=0.04125  val_mse=0.000322  max_grad=0.11  patience=3/30
2026-10-08 16:44:56,922  gsv3.training             INFO     [family_holdout:qaoa] epoch 0126  train_log_mse=0.00104  val_log_mse=0.03599  val_mse=0.000375  max_grad=0.08  patience=51/30
2026-10-08 16:46:05,031  gsv3.training             INFO     [family_holdout:qnn] epoch 0100  train_log_mse=0.00164  val_log_mse=0.04108  val_mse=0.000345  max_grad=0.15  patience=4/30
2026-10-08 16:46:16,726  gsv3.training             INFO     [family_holdout:qaoa] epoch 0127  train_log_mse=0.00104  val_log_mse=0.03628  val_mse=0.000373  max_grad=0.07  patience=52/30
2026-10-08 16:47:36,286  gsv3.training             INFO     [family_holdout:qaoa] epoch 0128  train_log_mse=0.00103  val_log_mse=0.03650  val_mse=0.000374  max_grad=0.07  patience=53/30
2026-10-08 16:47:45,408  gsv3.training             INFO     [family_holdout:qnn] epoch 0101  train_log_mse=0.00163  val_log_mse=0.04104  val_mse=0.000333  max_grad=0.12  patience=5/30
2026-10-08 16:48:55,077  gsv3.training             INFO     [family_holdout:qaoa] epoch 0129  train_log_mse=0.00103  val_log_mse=0.03605  val_mse=0.000373  max_grad=0.09  patience=54/30
2026-10-08 16:49:25,602  gsv3.training             INFO     [family_holdout:qnn] epoch 0102  train_log_mse=0.00164  val_log_mse=0.04062  val_mse=0.000331  max_grad=0.17  patience=6/30
2026-10-08 16:50:14,903  gsv3.training             INFO     [family_holdout:qaoa] epoch 0130  train_log_mse=0.00102  val_log_mse=0.03654  val_mse=0.000375  max_grad=0.08  patience=55/30
2026-10-08 16:51:07,339  gsv3.training             INFO     [family_holdout:qnn] epoch 0103  train_log_mse=0.00159  val_log_mse=0.04067  val_mse=0.000328  max_grad=0.14  patience=7/30
2026-10-08 16:51:35,497  gsv3.training             INFO     [family_holdout:qaoa] epoch 0131  train_log_mse=0.00101  val_log_mse=0.03624  val_mse=0.000370  max_grad=0.07  patience=56/30
2026-10-08 16:52:47,442  gsv3.training             INFO     [family_holdout:qnn] epoch 0104  train_log_mse=0.00156  val_log_mse=0.04013  val_mse=0.000333  max_grad=0.11  patience=8/30
2026-10-08 16:52:55,206  gsv3.training             INFO     [family_holdout:qaoa] epoch 0132  train_log_mse=0.00101  val_log_mse=0.03625  val_mse=0.000373  max_grad=0.08  patience=57/30
2026-10-08 16:54:14,413  gsv3.training             INFO     [family_holdout:qaoa] epoch 0133  train_log_mse=0.00101  val_log_mse=0.03637  val_mse=0.000374  max_grad=0.08  patience=58/30
2026-10-08 16:54:26,488  gsv3.training             INFO     [family_holdout:qnn] epoch 0105  train_log_mse=0.00156  val_log_mse=0.04132  val_mse=0.000333  max_grad=0.10  patience=9/30
2026-10-08 16:55:33,038  gsv3.training             INFO     [family_holdout:qaoa] epoch 0134  train_log_mse=0.00100  val_log_mse=0.03655  val_mse=0.000373  max_grad=0.08  patience=59/30
2026-10-08 16:56:05,004  gsv3.training             INFO     [family_holdout:qnn] epoch 0106  train_log_mse=0.00154  val_log_mse=0.04173  val_mse=0.000338  max_grad=0.15  patience=10/30
2026-10-08 16:56:51,980  gsv3.training             INFO     [family_holdout:qaoa] epoch 0135  train_log_mse=0.00100  val_log_mse=0.03611  val_mse=0.000372  max_grad=0.08  patience=60/30
2026-10-08 16:57:43,965  gsv3.training             INFO     [family_holdout:qnn] epoch 0107  train_log_mse=0.00154  val_log_mse=0.04066  val_mse=0.000321  max_grad=0.14  patience=11/30
2026-10-08 16:58:10,263  gsv3.training             INFO     [family_holdout:qaoa] epoch 0136  train_log_mse=0.00100  val_log_mse=0.03648  val_mse=0.000373  max_grad=0.09  patience=61/30
2026-10-08 16:59:21,747  gsv3.training             INFO     [family_holdout:qnn] epoch 0108  train_log_mse=0.00152  val_log_mse=0.04040  val_mse=0.000338  max_grad=0.13  patience=12/30
2026-10-08 16:59:27,697  gsv3.training             INFO     [family_holdout:qaoa] epoch 0137  train_log_mse=0.00099  val_log_mse=0.03642  val_mse=0.000373  max_grad=0.11  patience=62/30
2026-10-08 17:00:45,325  gsv3.training             INFO     [family_holdout:qaoa] epoch 0138  train_log_mse=0.00099  val_log_mse=0.03652  val_mse=0.000373  max_grad=0.07  patience=63/30
2026-10-08 17:00:59,693  gsv3.training             INFO     [family_holdout:qnn] epoch 0109  train_log_mse=0.00151  val_log_mse=0.04130  val_mse=0.000324  max_grad=0.09  patience=13/30
2026-10-08 17:02:02,773  gsv3.training             INFO     [family_holdout:qaoa] epoch 0139  train_log_mse=0.00099  val_log_mse=0.03647  val_mse=0.000374  max_grad=0.09  patience=64/30
2026-10-08 17:02:34,305  gsv3.training             INFO     [family_holdout:qnn] epoch 0110  train_log_mse=0.00149  val_log_mse=0.04020  val_mse=0.000333  max_grad=0.09  patience=14/30
2026-10-08 17:03:10,179  gsv3.training             INFO     [family_holdout:qaoa] epoch 0140  train_log_mse=0.00098  val_log_mse=0.03641  val_mse=0.000373  max_grad=0.08  patience=65/30
2026-10-08 17:03:54,745  gsv3.training             INFO     [family_holdout:qnn] epoch 0111  train_log_mse=0.00147  val_log_mse=0.04174  val_mse=0.000336  max_grad=0.10  patience=15/30
2026-10-08 17:04:12,593  gsv3.training             INFO     [family_holdout:qaoa] epoch 0141  train_log_mse=0.00098  val_log_mse=0.03645  val_mse=0.000375  max_grad=0.10  patience=66/30
2026-10-08 17:05:11,778  gsv3.training             INFO     [family_holdout:qnn] epoch 0112  train_log_mse=0.00147  val_log_mse=0.04016  val_mse=0.000328  max_grad=0.08  patience=16/30
2026-10-08 17:05:13,642  gsv3.training             INFO     [family_holdout:qaoa] epoch 0142  train_log_mse=0.00098  val_log_mse=0.03654  val_mse=0.000375  max_grad=0.09  patience=67/30
2026-10-08 17:06:15,563  gsv3.training             INFO     [family_holdout:qaoa] epoch 0143  train_log_mse=0.00097  val_log_mse=0.03647  val_mse=0.000375  max_grad=0.09  patience=68/30
2026-10-08 17:06:35,422  gsv3.training             INFO     [family_holdout:qnn] epoch 0113  train_log_mse=0.00147  val_log_mse=0.04047  val_mse=0.000330  max_grad=0.33  patience=17/30
2026-10-08 17:07:38,047  gsv3.training             INFO     [family_holdout:qaoa] epoch 0144  train_log_mse=0.00097  val_log_mse=0.03654  val_mse=0.000375  max_grad=0.09  patience=69/30
2026-10-08 17:08:20,571  gsv3.training             INFO     [family_holdout:qnn] epoch 0114  train_log_mse=0.00146  val_log_mse=0.04027  val_mse=0.000326  max_grad=0.09  patience=18/30
2026-10-08 17:09:00,609  gsv3.training             INFO     [family_holdout:qaoa] epoch 0145  train_log_mse=0.00097  val_log_mse=0.03662  val_mse=0.000375  max_grad=0.10  patience=70/30
2026-10-08 17:10:05,612  gsv3.training             INFO     [family_holdout:qnn] epoch 0115  train_log_mse=0.00144  val_log_mse=0.04034  val_mse=0.000328  max_grad=0.10  patience=19/30
2026-10-08 17:10:23,512  gsv3.training             INFO     [family_holdout:qaoa] epoch 0146  train_log_mse=0.00097  val_log_mse=0.03644  val_mse=0.000374  max_grad=0.08  patience=71/30
2026-10-08 17:11:46,245  gsv3.training             INFO     [family_holdout:qaoa] epoch 0147  train_log_mse=0.00097  val_log_mse=0.03653  val_mse=0.000375  max_grad=0.09  patience=72/30
2026-10-08 17:11:51,027  gsv3.training             INFO     [family_holdout:qnn] epoch 0116  train_log_mse=0.00143  val_log_mse=0.04052  val_mse=0.000323  max_grad=0.17  patience=20/30
2026-10-08 17:13:08,926  gsv3.training             INFO     [family_holdout:qaoa] epoch 0148  train_log_mse=0.00097  val_log_mse=0.03653  val_mse=0.000375  max_grad=0.10  patience=73/30
2026-10-08 17:13:36,114  gsv3.training             INFO     [family_holdout:qnn] epoch 0117  train_log_mse=0.00143  val_log_mse=0.04044  val_mse=0.000327  max_grad=0.11  patience=21/30
2026-10-08 17:14:30,889  gsv3.training             INFO     [family_holdout:qaoa] epoch 0149  train_log_mse=0.00097  val_log_mse=0.03651  val_mse=0.000375  max_grad=0.12  patience=74/30
2026-10-08 17:15:21,163  gsv3.training             INFO     [family_holdout:qnn] epoch 0118  train_log_mse=0.00142  val_log_mse=0.04017  val_mse=0.000329  max_grad=0.10  patience=22/30
2026-10-08 17:15:54,360  gsv3.training             INFO     [family_holdout:qaoa] epoch 0150  train_log_mse=0.00097  val_log_mse=0.03655  val_mse=0.000376  max_grad=0.08  patience=75/30
2026-10-08 17:16:00,633  gsv3.training             INFO     [family_holdout:qaoa] final model = SWA of the last 38 epochs (val_log_mse=0.03610)
2026-10-08 17:16:10,442  gsv3.experiment           INFO     [qaoa] TEST  n=2706  MAE=0.2266  R2=0.2773  device-acc=0.228  regret=0.0198
2026-10-08 17:16:10,446  genstudy.io               INFO     Wrote evaluations/generalization_v5/results/v5b_sinkhorn_s6/leave_one_family_out/qaoa/metrics.json
2026-10-08 17:16:10,462  genstudy.io               INFO     Wrote evaluations/generalization_v5/results/v5b_sinkhorn_s6/leave_one_family_out/qaoa/predictions.json
2026-10-08 17:16:10,477  genstudy.io               INFO     Wrote evaluations/generalization_v5/results/v5b_sinkhorn_s6/leave_one_family_out/qaoa/history.json
2026-10-08 17:16:10,527  genstudy.io               INFO     Wrote evaluations/generalization_v5/results/v5b_sinkhorn_s6/leave_one_family_out/folds.json
2026-10-08 17:16:10,537  genstudy.experiment       INFO     Merged held-out predictions for 2706 circuits
2026-10-08 17:16:10,551  genstudy.io               INFO     Wrote evaluations/generalization_v5/results/v5b_sinkhorn_s6/leave_one_family_out/heldout_predictions.json
2026-10-08 17:16:10,552  run_experiment            INFO     leave_one_family_out finished: 1 complete, 0 skipped
2026-10-08 17:17:02,534  gsv3.training             INFO     [family_holdout:qnn] epoch 0119  train_log_mse=0.00140  val_log_mse=0.04038  val_mse=0.000338  max_grad=0.10  patience=23/30
2026-10-08 17:18:41,079  gsv3.training             INFO     [family_holdout:qnn] epoch 0120  train_log_mse=0.00140  val_log_mse=0.04064  val_mse=0.000338  max_grad=0.10  patience=24/30
2026-10-08 17:20:19,747  gsv3.training             INFO     [family_holdout:qnn] epoch 0121  train_log_mse=0.00138  val_log_mse=0.04031  val_mse=0.000328  max_grad=0.10  patience=25/30
2026-10-08 17:21:58,423  gsv3.training             INFO     [family_holdout:qnn] epoch 0122  train_log_mse=0.00137  val_log_mse=0.04065  val_mse=0.000334  max_grad=0.14  patience=26/30
2026-10-08 17:23:37,257  gsv3.training             INFO     [family_holdout:qnn] epoch 0123  train_log_mse=0.00137  val_log_mse=0.04056  val_mse=0.000335  max_grad=0.08  patience=27/30
2026-10-08 17:25:16,003  gsv3.training             INFO     [family_holdout:qnn] epoch 0124  train_log_mse=0.00136  val_log_mse=0.04048  val_mse=0.000331  max_grad=0.09  patience=28/30
2026-10-08 17:26:54,367  gsv3.training             INFO     [family_holdout:qnn] epoch 0125  train_log_mse=0.00135  val_log_mse=0.04055  val_mse=0.000333  max_grad=0.07  patience=29/30
2026-10-08 17:28:34,264  gsv3.training             INFO     [family_holdout:qnn] epoch 0126  train_log_mse=0.00135  val_log_mse=0.04033  val_mse=0.000340  max_grad=0.08  patience=30/30
2026-10-08 17:30:12,490  gsv3.training             INFO     [family_holdout:qnn] epoch 0127  train_log_mse=0.00134  val_log_mse=0.04051  val_mse=0.000336  max_grad=0.07  patience=31/30
2026-10-08 17:31:51,918  gsv3.training             INFO     [family_holdout:qnn] epoch 0128  train_log_mse=0.00134  val_log_mse=0.04095  val_mse=0.000338  max_grad=0.09  patience=32/30
2026-10-08 17:33:31,375  gsv3.training             INFO     [family_holdout:qnn] epoch 0129  train_log_mse=0.00133  val_log_mse=0.04043  val_mse=0.000331  max_grad=0.08  patience=33/30
2026-10-08 17:35:11,082  gsv3.training             INFO     [family_holdout:qnn] epoch 0130  train_log_mse=0.00132  val_log_mse=0.04044  val_mse=0.000335  max_grad=0.08  patience=34/30
2026-10-08 17:36:51,447  gsv3.training             INFO     [family_holdout:qnn] epoch 0131  train_log_mse=0.00132  val_log_mse=0.04060  val_mse=0.000337  max_grad=0.08  patience=35/30
2026-10-08 17:38:31,356  gsv3.training             INFO     [family_holdout:qnn] epoch 0132  train_log_mse=0.00131  val_log_mse=0.04059  val_mse=0.000340  max_grad=0.12  patience=36/30
2026-10-08 17:40:11,666  gsv3.training             INFO     [family_holdout:qnn] epoch 0133  train_log_mse=0.00130  val_log_mse=0.04049  val_mse=0.000338  max_grad=0.08  patience=37/30
2026-10-08 17:41:51,647  gsv3.training             INFO     [family_holdout:qnn] epoch 0134  train_log_mse=0.00130  val_log_mse=0.04052  val_mse=0.000338  max_grad=0.08  patience=38/30
2026-10-08 17:43:31,505  gsv3.training             INFO     [family_holdout:qnn] epoch 0135  train_log_mse=0.00130  val_log_mse=0.04048  val_mse=0.000337  max_grad=0.07  patience=39/30
2026-10-08 17:45:11,030  gsv3.training             INFO     [family_holdout:qnn] epoch 0136  train_log_mse=0.00129  val_log_mse=0.04036  val_mse=0.000336  max_grad=0.07  patience=40/30
2026-10-08 17:46:50,775  gsv3.training             INFO     [family_holdout:qnn] epoch 0137  train_log_mse=0.00129  val_log_mse=0.04063  val_mse=0.000339  max_grad=0.14  patience=41/30
2026-10-08 17:48:30,347  gsv3.training             INFO     [family_holdout:qnn] epoch 0138  train_log_mse=0.00129  val_log_mse=0.04046  val_mse=0.000338  max_grad=0.10  patience=42/30
2026-10-08 17:50:10,292  gsv3.training             INFO     [family_holdout:qnn] epoch 0139  train_log_mse=0.00128  val_log_mse=0.04049  val_mse=0.000338  max_grad=0.07  patience=43/30
2026-10-08 17:51:50,114  gsv3.training             INFO     [family_holdout:qnn] epoch 0140  train_log_mse=0.00128  val_log_mse=0.04059  val_mse=0.000339  max_grad=0.08  patience=44/30
2026-10-08 17:53:29,821  gsv3.training             INFO     [family_holdout:qnn] epoch 0141  train_log_mse=0.00127  val_log_mse=0.04072  val_mse=0.000342  max_grad=0.07  patience=45/30
2026-10-08 17:55:09,435  gsv3.training             INFO     [family_holdout:qnn] epoch 0142  train_log_mse=0.00127  val_log_mse=0.04058  val_mse=0.000340  max_grad=0.08  patience=46/30
2026-10-08 17:56:48,754  gsv3.training             INFO     [family_holdout:qnn] epoch 0143  train_log_mse=0.00127  val_log_mse=0.04060  val_mse=0.000343  max_grad=0.08  patience=47/30
2026-10-08 17:58:28,162  gsv3.training             INFO     [family_holdout:qnn] epoch 0144  train_log_mse=0.00127  val_log_mse=0.04067  val_mse=0.000341  max_grad=0.08  patience=48/30
2026-10-08 18:00:06,174  gsv3.training             INFO     [family_holdout:qnn] epoch 0145  train_log_mse=0.00127  val_log_mse=0.04055  val_mse=0.000341  max_grad=0.08  patience=49/30
2026-10-08 18:01:44,127  gsv3.training             INFO     [family_holdout:qnn] epoch 0146  train_log_mse=0.00126  val_log_mse=0.04056  val_mse=0.000340  max_grad=0.08  patience=50/30
2026-10-08 18:03:22,296  gsv3.training             INFO     [family_holdout:qnn] epoch 0147  train_log_mse=0.00126  val_log_mse=0.04062  val_mse=0.000342  max_grad=0.08  patience=51/30
2026-10-08 18:05:00,273  gsv3.training             INFO     [family_holdout:qnn] epoch 0148  train_log_mse=0.00126  val_log_mse=0.04057  val_mse=0.000340  max_grad=0.08  patience=52/30
2026-10-08 18:06:38,191  gsv3.training             INFO     [family_holdout:qnn] epoch 0149  train_log_mse=0.00126  val_log_mse=0.04063  val_mse=0.000343  max_grad=0.08  patience=53/30
2026-10-08 18:08:16,176  gsv3.training             INFO     [family_holdout:qnn] epoch 0150  train_log_mse=0.00126  val_log_mse=0.04059  val_mse=0.000340  max_grad=0.07  patience=54/30
2026-10-08 18:08:23,705  gsv3.training             INFO     [family_holdout:qnn] final model = SWA of the last 38 epochs (val_log_mse=0.04032)
2026-10-08 18:08:24,916  gsv3.experiment           INFO     [qnn] TEST  n=760  MAE=0.0518  R2=0.8911  device-acc=0.717  regret=0.0064
2026-10-08 18:08:24,920  genstudy.io               INFO     Wrote evaluations/generalization_v5/results/v5b_sinkhorn_s6/leave_one_family_out/qnn/metrics.json
2026-10-08 18:08:24,926  genstudy.io               INFO     Wrote evaluations/generalization_v5/results/v5b_sinkhorn_s6/leave_one_family_out/qnn/predictions.json
2026-10-08 18:08:24,939  genstudy.io               INFO     Wrote evaluations/generalization_v5/results/v5b_sinkhorn_s6/leave_one_family_out/qnn/history.json
2026-10-08 18:08:24,966  genstudy.io               INFO     Wrote evaluations/generalization_v5/results/v5b_sinkhorn_s6/leave_one_family_out/folds.json
2026-10-08 18:08:24,969  genstudy.experiment       INFO     Merged held-out predictions for 760 circuits
2026-10-08 18:08:24,974  genstudy.io               INFO     Wrote evaluations/generalization_v5/results/v5b_sinkhorn_s6/leave_one_family_out/heldout_predictions.json
2026-10-08 18:08:24,974  run_experiment            INFO     leave_one_family_out finished: 1 complete, 0 skipped
