2026-10-07 14:39:07,329  genstudy.io               INFO     Logging to /home/atudisco/pred-distr-tool/evaluations/generalization/results/report/make_report.log
2026-10-07 14:39:07,329  make_report               INFO     Command line: /home/atudisco/pred-distr-tool/evaluations/generalization/scripts/make_report.py --results-dir /home/atudisco/pred-distr-tool/evaluations/generalization/results
2026-10-07 14:39:07,338  genstudy.report           INFO     Collected 1 splits from /home/atudisco/pred-distr-tool/evaluations/generalization/results/random_control
2026-10-07 14:39:07,533  genstudy.report           INFO     Back-filled baseline regrets for random_seed5
2026-10-07 14:39:07,540  genstudy.io               INFO     Wrote /home/atudisco/pred-distr-tool/evaluations/generalization/results/report/summary_random_control.csv (4 rows)
2026-10-07 14:39:07,622  genstudy.report           INFO     Collected 10 splits from /home/atudisco/pred-distr-tool/evaluations/generalization/results/leave_one_family_out
2026-10-07 14:39:07,718  genstudy.report           INFO     Back-filled baseline regrets for ae
2026-10-07 14:39:07,720  genstudy.report           INFO     Back-filled baseline regrets for iqpe
2026-10-07 14:39:07,725  genstudy.report           INFO     Back-filled baseline regrets for qaoa
2026-10-07 14:39:07,727  genstudy.report           INFO     Back-filled baseline regrets for qft
2026-10-07 14:39:07,728  genstudy.report           INFO     Back-filled baseline regrets for qftentangled
2026-10-07 14:39:07,730  genstudy.report           INFO     Back-filled baseline regrets for qnn
2026-10-07 14:39:07,733  genstudy.report           INFO     Back-filled baseline regrets for randomcircuit
2026-10-07 14:39:07,738  genstudy.report           INFO     Back-filled baseline regrets for vqe_real_amp
2026-10-07 14:39:07,744  genstudy.report           INFO     Back-filled baseline regrets for vqe_su2
2026-10-07 14:39:07,750  genstudy.report           INFO     Back-filled baseline regrets for vqe_two_local
2026-10-07 14:39:07,757  genstudy.io               INFO     Wrote /home/atudisco/pred-distr-tool/evaluations/generalization/results/report/summary_leave_one_family_out.csv (40 rows)
2026-10-07 14:39:07,759  genstudy.io               INFO     Wrote /home/atudisco/pred-distr-tool/evaluations/generalization/results/report/table_leave_one_family_out.tex
2026-10-07 14:39:09,277  genstudy.report           INFO     Wrote /home/atudisco/pred-distr-tool/evaluations/generalization/results/report/fig_leave_one_family_out.pdf
2026-10-07 14:39:09,412  genstudy.report           INFO     Wrote /home/atudisco/pred-distr-tool/evaluations/generalization/results/report/fig_leave_one_family_out.png
2026-10-07 14:39:09,415  genstudy.report           INFO     Collected 1 splits from /home/atudisco/pred-distr-tool/evaluations/generalization/results/size_extrapolation
2026-10-07 14:39:09,417  genstudy.io               INFO     Wrote /home/atudisco/pred-distr-tool/evaluations/generalization/results/report/summary_size_extrapolation.csv (4 rows)
2026-10-07 14:39:09,419  genstudy.io               INFO     Wrote /home/atudisco/pred-distr-tool/evaluations/generalization/results/report/table_size_extrapolation.tex
2026-10-07 14:39:09,421  genstudy.io               INFO     Wrote /home/atudisco/pred-distr-tool/evaluations/generalization/results/report/summary_size_extrapolation_by_qubits.csv (6 rows)
2026-10-07 14:39:09,423  genstudy.io               INFO     Wrote /home/atudisco/pred-distr-tool/evaluations/generalization/results/report/table_size_extrapolation_by_qubits.tex
2026-10-07 14:39:09,533  genstudy.report           INFO     Wrote /home/atudisco/pred-distr-tool/evaluations/generalization/results/report/fig_size_extrapolation.pdf
2026-10-07 14:39:09,621  genstudy.report           INFO     Wrote /home/atudisco/pred-distr-tool/evaluations/generalization/results/report/fig_size_extrapolation.png
2026-10-07 14:39:09,628  genstudy.io               INFO     Wrote /home/atudisco/pred-distr-tool/evaluations/generalization/results/report/table_scheduling.tex
2026-10-07 14:39:09,877  genstudy.report           INFO     Wrote /home/atudisco/pred-distr-tool/evaluations/generalization/results/report/fig_scheduling_heldout.pdf
2026-10-07 14:39:10,021  genstudy.report           INFO     Wrote /home/atudisco/pred-distr-tool/evaluations/generalization/results/report/fig_scheduling_heldout.png
2026-10-07 14:39:10,024  genstudy.io               INFO     Wrote /home/atudisco/pred-distr-tool/evaluations/generalization/results/report/report_summary.json
2026-10-07 14:39:10,024  make_report               INFO     Report written to /home/atudisco/pred-distr-tool/evaluations/generalization/results/report
