2026-07-15 17:25:10,057  run_gnn_dispatch              INFO      Logging to /home/atudisco/pred-distr-tool/evaluations/pipeline/results/dispatch.log
2026-07-15 17:25:10,186  run_gnn_dispatch              INFO      Restricted ground truth to 5117 circuits listed in /home/atudisco/pred-distr-tool/src/model/test_circuit_names.json
2026-07-15 17:25:10,190  run_gnn_dispatch              INFO      Loaded ground-truth fidelities for 5117 circuits from /home/atudisco/pred-distr-tool/src/model/expected_fidelity_results_benchmark.json
2026-07-15 17:25:10,192  run_gnn_dispatch              INFO      Running GNN inference on circuits in /home/atudisco/pred-distr-tool/data/benchmark_dataset_30k (GNN policy will use its own predictions, not ground truth)
2026-07-15 17:25:10,320  run_gnn_dispatch              INFO      Predicting fidelities for 5117 circuits ...
2026-07-15 17:25:34,489  run_gnn_dispatch              INFO        predicted 50 / 5117
2026-07-15 17:25:46,068  run_gnn_dispatch              INFO        predicted 100 / 5117
2026-07-15 17:25:58,958  run_gnn_dispatch              INFO        predicted 150 / 5117
2026-07-15 17:26:08,046  run_gnn_dispatch              INFO        predicted 200 / 5117
2026-07-15 17:26:17,456  run_gnn_dispatch              INFO        predicted 250 / 5117
2026-07-15 17:26:26,528  run_gnn_dispatch              INFO        predicted 300 / 5117
2026-07-15 17:26:37,625  run_gnn_dispatch              INFO        predicted 350 / 5117
2026-07-15 17:26:53,969  run_gnn_dispatch              INFO        predicted 400 / 5117
2026-07-15 17:27:01,441  run_gnn_dispatch              INFO        predicted 450 / 5117
2026-07-15 17:27:09,444  run_gnn_dispatch              INFO        predicted 500 / 5117
2026-07-15 17:27:17,632  run_gnn_dispatch              INFO        predicted 550 / 5117
2026-07-15 17:27:24,291  run_gnn_dispatch              INFO        predicted 600 / 5117
2026-07-15 17:27:34,381  run_gnn_dispatch              INFO        predicted 650 / 5117
2026-07-15 17:27:43,113  run_gnn_dispatch              INFO        predicted 700 / 5117
2026-07-15 17:27:50,416  run_gnn_dispatch              INFO        predicted 750 / 5117
2026-07-15 17:27:57,479  run_gnn_dispatch              INFO        predicted 800 / 5117
2026-07-15 17:28:07,037  run_gnn_dispatch              INFO        predicted 850 / 5117
2026-07-15 17:28:17,954  run_gnn_dispatch              INFO        predicted 900 / 5117
2026-07-15 17:28:25,803  run_gnn_dispatch              INFO        predicted 950 / 5117
2026-07-15 17:28:29,118  run_gnn_dispatch              INFO        predicted 1000 / 5117
2026-07-15 17:28:35,311  run_gnn_dispatch              INFO        predicted 1050 / 5117
2026-07-15 17:28:42,542  run_gnn_dispatch              INFO        predicted 1100 / 5117
2026-07-15 17:28:48,533  run_gnn_dispatch              INFO        predicted 1150 / 5117
2026-07-15 17:28:52,494  run_gnn_dispatch              INFO        predicted 1200 / 5117
2026-07-15 17:28:57,566  run_gnn_dispatch              INFO        predicted 1250 / 5117
2026-07-15 17:29:05,802  run_gnn_dispatch              INFO        predicted 1300 / 5117
2026-07-15 17:29:15,431  run_gnn_dispatch              INFO        predicted 1350 / 5117
2026-07-15 17:29:21,804  run_gnn_dispatch              INFO        predicted 1400 / 5117
2026-07-15 17:29:26,107  run_gnn_dispatch              INFO        predicted 1450 / 5117
2026-07-15 17:29:29,670  run_gnn_dispatch              INFO        predicted 1500 / 5117
2026-07-15 17:29:33,928  run_gnn_dispatch              INFO        predicted 1550 / 5117
2026-07-15 17:29:39,671  run_gnn_dispatch              INFO        predicted 1600 / 5117
2026-07-15 17:29:45,327  run_gnn_dispatch              INFO        predicted 1650 / 5117
2026-07-15 17:29:48,021  run_gnn_dispatch              INFO        predicted 1700 / 5117
2026-07-15 17:29:52,986  run_gnn_dispatch              INFO        predicted 1750 / 5117
2026-07-15 17:29:58,457  run_gnn_dispatch              INFO        predicted 1800 / 5117
2026-07-15 17:30:03,353  run_gnn_dispatch              INFO        predicted 1850 / 5117
2026-07-15 17:30:07,434  run_gnn_dispatch              INFO        predicted 1900 / 5117
2026-07-15 17:30:10,576  run_gnn_dispatch              INFO        predicted 1950 / 5117
2026-07-15 17:30:15,450  run_gnn_dispatch              INFO        predicted 2000 / 5117
2026-07-15 17:30:22,424  run_gnn_dispatch              INFO        predicted 2050 / 5117
2026-07-15 17:30:29,913  run_gnn_dispatch              INFO        predicted 2100 / 5117
2026-07-15 17:30:32,922  run_gnn_dispatch              INFO        predicted 2150 / 5117
2026-07-15 17:30:36,552  run_gnn_dispatch              INFO        predicted 2200 / 5117
2026-07-15 17:30:40,526  run_gnn_dispatch              INFO        predicted 2250 / 5117
2026-07-15 17:30:45,031  run_gnn_dispatch              INFO        predicted 2300 / 5117
2026-07-15 17:30:51,381  run_gnn_dispatch              INFO        predicted 2350 / 5117
2026-07-15 17:30:55,866  run_gnn_dispatch              INFO        predicted 2400 / 5117
2026-07-15 17:31:00,186  run_gnn_dispatch              INFO        predicted 2450 / 5117
2026-07-15 17:31:04,550  run_gnn_dispatch              INFO        predicted 2500 / 5117
2026-07-15 17:31:09,119  run_gnn_dispatch              INFO        predicted 2550 / 5117
2026-07-15 17:31:13,919  run_gnn_dispatch              INFO        predicted 2600 / 5117
2026-07-15 17:31:18,712  run_gnn_dispatch              INFO        predicted 2650 / 5117
2026-07-15 17:31:23,810  run_gnn_dispatch              INFO        predicted 2700 / 5117
2026-07-15 17:31:28,816  run_gnn_dispatch              INFO        predicted 2750 / 5117
2026-07-15 17:31:34,544  run_gnn_dispatch              INFO        predicted 2800 / 5117
2026-07-15 17:31:39,411  run_gnn_dispatch              INFO        predicted 2850 / 5117
2026-07-15 17:31:42,882  run_gnn_dispatch              INFO        predicted 2900 / 5117
2026-07-15 17:31:46,483  run_gnn_dispatch              INFO        predicted 2950 / 5117
2026-07-15 17:31:50,012  run_gnn_dispatch              INFO        predicted 3000 / 5117
2026-07-15 17:31:53,334  run_gnn_dispatch              INFO        predicted 3050 / 5117
2026-07-15 17:31:56,747  run_gnn_dispatch              INFO        predicted 3100 / 5117
2026-07-15 17:32:00,245  run_gnn_dispatch              INFO        predicted 3150 / 5117
2026-07-15 17:32:03,941  run_gnn_dispatch              INFO        predicted 3200 / 5117
2026-07-15 17:32:08,588  run_gnn_dispatch              INFO        predicted 3250 / 5117
2026-07-15 17:32:13,089  run_gnn_dispatch              INFO        predicted 3300 / 5117
2026-07-15 17:32:18,285  run_gnn_dispatch              INFO        predicted 3350 / 5117
2026-07-15 17:32:23,630  run_gnn_dispatch              INFO        predicted 3400 / 5117
2026-07-15 17:32:28,885  run_gnn_dispatch              INFO        predicted 3450 / 5117
2026-07-15 17:32:34,863  run_gnn_dispatch              INFO        predicted 3500 / 5117
2026-07-15 17:32:40,529  run_gnn_dispatch              INFO        predicted 3550 / 5117
2026-07-15 17:32:46,201  run_gnn_dispatch              INFO        predicted 3600 / 5117
2026-07-15 17:32:51,910  run_gnn_dispatch              INFO        predicted 3650 / 5117
2026-07-15 17:32:57,626  run_gnn_dispatch              INFO        predicted 3700 / 5117
2026-07-15 17:33:00,925  run_gnn_dispatch              INFO        predicted 3750 / 5117
2026-07-15 17:33:04,052  run_gnn_dispatch              INFO        predicted 3800 / 5117
2026-07-15 17:33:07,198  run_gnn_dispatch              INFO        predicted 3850 / 5117
2026-07-15 17:33:10,707  run_gnn_dispatch              INFO        predicted 3900 / 5117
2026-07-15 17:33:14,395  run_gnn_dispatch              INFO        predicted 3950 / 5117
2026-07-15 17:33:18,576  run_gnn_dispatch              INFO        predicted 4000 / 5117
2026-07-15 17:33:23,096  run_gnn_dispatch              INFO        predicted 4050 / 5117
2026-07-15 17:33:27,369  run_gnn_dispatch              INFO        predicted 4100 / 5117
2026-07-15 17:33:31,986  run_gnn_dispatch              INFO        predicted 4150 / 5117
2026-07-15 17:33:36,097  run_gnn_dispatch              INFO        predicted 4200 / 5117
2026-07-15 17:33:40,440  run_gnn_dispatch              INFO        predicted 4250 / 5117
2026-07-15 17:33:48,235  run_gnn_dispatch              INFO        predicted 4300 / 5117
2026-07-15 17:33:55,109  run_gnn_dispatch              INFO        predicted 4350 / 5117
2026-07-15 17:34:03,569  run_gnn_dispatch              INFO        predicted 4400 / 5117
2026-07-15 17:34:13,550  run_gnn_dispatch              INFO        predicted 4450 / 5117
2026-07-15 17:34:20,072  run_gnn_dispatch              INFO        predicted 4500 / 5117
2026-07-15 17:34:29,174  run_gnn_dispatch              INFO        predicted 4550 / 5117
2026-07-15 17:34:34,205  run_gnn_dispatch              INFO        predicted 4600 / 5117
2026-07-15 17:34:39,363  run_gnn_dispatch              INFO        predicted 4650 / 5117
2026-07-15 17:34:42,945  run_gnn_dispatch              INFO        predicted 4700 / 5117
2026-07-15 17:34:46,006  run_gnn_dispatch              INFO        predicted 4750 / 5117
2026-07-15 17:34:49,937  run_gnn_dispatch              INFO        predicted 4800 / 5117
2026-07-15 17:34:53,584  run_gnn_dispatch              INFO        predicted 4850 / 5117
2026-07-15 17:34:57,408  run_gnn_dispatch              INFO        predicted 4900 / 5117
2026-07-15 17:35:03,499  run_gnn_dispatch              INFO        predicted 4950 / 5117
2026-07-15 17:35:11,102  run_gnn_dispatch              INFO        predicted 5000 / 5117
2026-07-15 17:35:18,171  run_gnn_dispatch              INFO        predicted 5050 / 5117
2026-07-15 17:35:27,619  run_gnn_dispatch              INFO        predicted 5100 / 5117
2026-07-15 17:35:30,762  run_gnn_dispatch              INFO      Predictions done: 5117 circuits in 620.4 s (8.2 circuits/s)
2026-07-15 17:35:30,765  run_gnn_dispatch              INFO      Benchmarking 5117 circuits
2026-07-15 17:35:30,766  run_gnn_dispatch              INFO      Registry check: get_multi_policy('gnn_device') -> GNNDevicePolicy
2026-07-15 17:35:30,766  run_gnn_dispatch              INFO      === Fidelity weight 0.00 ===
2026-07-15 17:35:30,775  run_gnn_dispatch              INFO        [oracle] EQE1_Top  ->  474 circuits
2026-07-15 17:35:30,775  run_gnn_dispatch              INFO        [oracle] EQE1_Bottom  ->  2846 circuits
2026-07-15 17:35:30,775  run_gnn_dispatch              INFO        [oracle] QExa20  ->  1797 circuits
2026-07-15 17:35:30,784  run_gnn_dispatch              INFO        [oracle] overall mean fidelity: 0.3759  (load CV: 0.697)
2026-07-15 17:35:30,784  run_gnn_dispatch              INFO        [gt_weighted] EQE1_Top  ->  1706 circuits
2026-07-15 17:35:30,784  run_gnn_dispatch              INFO        [gt_weighted] EQE1_Bottom  ->  1706 circuits
2026-07-15 17:35:30,784  run_gnn_dispatch              INFO        [gt_weighted] QExa20  ->  1705 circuits
2026-07-15 17:35:30,793  run_gnn_dispatch              INFO        [gt_weighted] overall mean fidelity: 0.3436  (load CV: 0.000)
2026-07-15 17:35:30,793  run_gnn_dispatch              INFO        [gnn] EQE1_Top  ->  1706 circuits
2026-07-15 17:35:30,793  run_gnn_dispatch              INFO        [gnn] EQE1_Bottom  ->  1706 circuits
2026-07-15 17:35:30,793  run_gnn_dispatch              INFO        [gnn] QExa20  ->  1705 circuits
2026-07-15 17:35:30,802  run_gnn_dispatch              INFO        [gnn] overall mean fidelity: 0.3436  (load CV: 0.000)
2026-07-15 17:35:30,803  run_gnn_dispatch              INFO        [round_robin] EQE1_Top  ->  1706 circuits
2026-07-15 17:35:30,803  run_gnn_dispatch              INFO        [round_robin] EQE1_Bottom  ->  1706 circuits
2026-07-15 17:35:30,803  run_gnn_dispatch              INFO        [round_robin] QExa20  ->  1705 circuits
2026-07-15 17:35:30,812  run_gnn_dispatch              INFO        [round_robin] overall mean fidelity: 0.3436  (load CV: 0.000)
2026-07-15 17:35:30,817  run_gnn_dispatch              INFO        [cross-policy oracle↔gnn] agreement: 33.2%  mean regret: 0.0322
2026-07-15 17:35:30,821  run_gnn_dispatch              INFO        [cross-policy gt_weighted↔gnn] agreement: 100.0%  mean regret: 0.0000
2026-07-15 17:35:30,821  run_gnn_dispatch              INFO      === Fidelity weight 0.30 ===
2026-07-15 17:35:31,005  run_gnn_dispatch              INFO        [oracle] EQE1_Top  ->  474 circuits
2026-07-15 17:35:31,005  run_gnn_dispatch              INFO        [oracle] EQE1_Bottom  ->  2846 circuits
2026-07-15 17:35:31,005  run_gnn_dispatch              INFO        [oracle] QExa20  ->  1797 circuits
2026-07-15 17:35:31,014  run_gnn_dispatch              INFO        [oracle] overall mean fidelity: 0.3759  (load CV: 0.697)
2026-07-15 17:35:31,014  run_gnn_dispatch              INFO        [gt_weighted] EQE1_Top  ->  1710 circuits
2026-07-15 17:35:31,014  run_gnn_dispatch              INFO        [gt_weighted] EQE1_Bottom  ->  1772 circuits
2026-07-15 17:35:31,014  run_gnn_dispatch              INFO        [gt_weighted] QExa20  ->  1635 circuits
2026-07-15 17:35:31,022  run_gnn_dispatch              INFO        [gt_weighted] overall mean fidelity: 0.3686  (load CV: 0.040)
2026-07-15 17:35:31,022  run_gnn_dispatch              INFO        [gnn] EQE1_Top  ->  1721 circuits
2026-07-15 17:35:31,022  run_gnn_dispatch              INFO        [gnn] EQE1_Bottom  ->  1931 circuits
2026-07-15 17:35:31,022  run_gnn_dispatch              INFO        [gnn] QExa20  ->  1449 circuits
2026-07-15 17:35:31,031  run_gnn_dispatch              INFO        [gnn] overall mean fidelity: 0.3678  (load CV: 0.142)
2026-07-15 17:35:31,031  run_gnn_dispatch              INFO        [round_robin] EQE1_Top  ->  1706 circuits
2026-07-15 17:35:31,031  run_gnn_dispatch              INFO        [round_robin] EQE1_Bottom  ->  1706 circuits
2026-07-15 17:35:31,031  run_gnn_dispatch              INFO        [round_robin] QExa20  ->  1705 circuits
2026-07-15 17:35:31,040  run_gnn_dispatch              INFO        [round_robin] overall mean fidelity: 0.3436  (load CV: 0.000)
2026-07-15 17:35:31,045  run_gnn_dispatch              INFO        [cross-policy oracle↔gnn] agreement: 58.6%  mean regret: 0.0092
2026-07-15 17:35:31,050  run_gnn_dispatch              INFO        [cross-policy gt_weighted↔gnn] agreement: 64.3%  mean regret: 0.0020
2026-07-15 17:35:31,050  run_gnn_dispatch              INFO      === Fidelity weight 0.50 ===
2026-07-15 17:35:31,153  run_gnn_dispatch              INFO        [oracle] EQE1_Top  ->  474 circuits
2026-07-15 17:35:31,153  run_gnn_dispatch              INFO        [oracle] EQE1_Bottom  ->  2846 circuits
2026-07-15 17:35:31,153  run_gnn_dispatch              INFO        [oracle] QExa20  ->  1797 circuits
2026-07-15 17:35:31,162  run_gnn_dispatch              INFO        [oracle] overall mean fidelity: 0.3759  (load CV: 0.697)
2026-07-15 17:35:31,162  run_gnn_dispatch              INFO        [gt_weighted] EQE1_Top  ->  751 circuits
2026-07-15 17:35:31,162  run_gnn_dispatch              INFO        [gt_weighted] EQE1_Bottom  ->  2592 circuits
2026-07-15 17:35:31,162  run_gnn_dispatch              INFO        [gt_weighted] QExa20  ->  1774 circuits
2026-07-15 17:35:31,170  run_gnn_dispatch              INFO        [gt_weighted] overall mean fidelity: 0.3755  (load CV: 0.541)
2026-07-15 17:35:31,170  run_gnn_dispatch              INFO        [gnn] EQE1_Top  ->  615 circuits
2026-07-15 17:35:31,170  run_gnn_dispatch              INFO        [gnn] EQE1_Bottom  ->  3164 circuits
2026-07-15 17:35:31,170  run_gnn_dispatch              INFO        [gnn] QExa20  ->  1322 circuits
2026-07-15 17:35:31,178  run_gnn_dispatch              INFO        [gnn] overall mean fidelity: 0.3749  (load CV: 0.774)
2026-07-15 17:35:31,178  run_gnn_dispatch              INFO        [round_robin] EQE1_Top  ->  1706 circuits
2026-07-15 17:35:31,178  run_gnn_dispatch              INFO        [round_robin] EQE1_Bottom  ->  1706 circuits
2026-07-15 17:35:31,178  run_gnn_dispatch              INFO        [round_robin] QExa20  ->  1705 circuits
2026-07-15 17:35:31,187  run_gnn_dispatch              INFO        [round_robin] overall mean fidelity: 0.3436  (load CV: 0.000)
2026-07-15 17:35:31,192  run_gnn_dispatch              INFO        [cross-policy oracle↔gnn] agreement: 79.4%  mean regret: 0.0022
2026-07-15 17:35:31,196  run_gnn_dispatch              INFO        [cross-policy gt_weighted↔gnn] agreement: 77.9%  mean regret: 0.0018
2026-07-15 17:35:31,197  run_gnn_dispatch              INFO      === Fidelity weight 0.70 ===
2026-07-15 17:35:31,437  run_gnn_dispatch              INFO        [oracle] EQE1_Top  ->  474 circuits
2026-07-15 17:35:31,437  run_gnn_dispatch              INFO        [oracle] EQE1_Bottom  ->  2846 circuits
2026-07-15 17:35:31,437  run_gnn_dispatch              INFO        [oracle] QExa20  ->  1797 circuits
2026-07-15 17:35:31,446  run_gnn_dispatch              INFO        [oracle] overall mean fidelity: 0.3759  (load CV: 0.697)
2026-07-15 17:35:31,446  run_gnn_dispatch              INFO        [gt_weighted] EQE1_Top  ->  490 circuits
2026-07-15 17:35:31,446  run_gnn_dispatch              INFO        [gt_weighted] EQE1_Bottom  ->  2830 circuits
2026-07-15 17:35:31,446  run_gnn_dispatch              INFO        [gt_weighted] QExa20  ->  1797 circuits
2026-07-15 17:35:31,454  run_gnn_dispatch              INFO        [gt_weighted] overall mean fidelity: 0.3759  (load CV: 0.688)
2026-07-15 17:35:31,454  run_gnn_dispatch              INFO        [gnn] EQE1_Top  ->  445 circuits
2026-07-15 17:35:31,454  run_gnn_dispatch              INFO        [gnn] EQE1_Bottom  ->  3356 circuits
2026-07-15 17:35:31,454  run_gnn_dispatch              INFO        [gnn] QExa20  ->  1300 circuits
2026-07-15 17:35:31,462  run_gnn_dispatch              INFO        [gnn] overall mean fidelity: 0.3749  (load CV: 0.880)
2026-07-15 17:35:31,462  run_gnn_dispatch              INFO        [round_robin] EQE1_Top  ->  1706 circuits
2026-07-15 17:35:31,462  run_gnn_dispatch              INFO        [round_robin] EQE1_Bottom  ->  1706 circuits
2026-07-15 17:35:31,462  run_gnn_dispatch              INFO        [round_robin] QExa20  ->  1705 circuits
2026-07-15 17:35:31,471  run_gnn_dispatch              INFO        [round_robin] overall mean fidelity: 0.3436  (load CV: 0.000)
2026-07-15 17:35:31,476  run_gnn_dispatch              INFO        [cross-policy oracle↔gnn] agreement: 80.5%  mean regret: 0.0021
2026-07-15 17:35:31,481  run_gnn_dispatch              INFO        [cross-policy gt_weighted↔gnn] agreement: 80.3%  mean regret: 0.0021
2026-07-15 17:35:31,481  run_gnn_dispatch              INFO      === Fidelity weight 1.00 ===
2026-07-15 17:35:31,578  run_gnn_dispatch              INFO        [oracle] EQE1_Top  ->  474 circuits
2026-07-15 17:35:31,578  run_gnn_dispatch              INFO        [oracle] EQE1_Bottom  ->  2846 circuits
2026-07-15 17:35:31,578  run_gnn_dispatch              INFO        [oracle] QExa20  ->  1797 circuits
2026-07-15 17:35:31,587  run_gnn_dispatch              INFO        [oracle] overall mean fidelity: 0.3759  (load CV: 0.697)
2026-07-15 17:35:31,587  run_gnn_dispatch              INFO        [gt_weighted] EQE1_Top  ->  474 circuits
2026-07-15 17:35:31,587  run_gnn_dispatch              INFO        [gt_weighted] EQE1_Bottom  ->  2846 circuits
2026-07-15 17:35:31,587  run_gnn_dispatch              INFO        [gt_weighted] QExa20  ->  1797 circuits
2026-07-15 17:35:31,595  run_gnn_dispatch              INFO        [gt_weighted] overall mean fidelity: 0.3759  (load CV: 0.697)
2026-07-15 17:35:31,595  run_gnn_dispatch              INFO        [gnn] EQE1_Top  ->  435 circuits
2026-07-15 17:35:31,595  run_gnn_dispatch              INFO        [gnn] EQE1_Bottom  ->  3366 circuits
2026-07-15 17:35:31,595  run_gnn_dispatch              INFO        [gnn] QExa20  ->  1300 circuits
2026-07-15 17:35:31,604  run_gnn_dispatch              INFO        [gnn] overall mean fidelity: 0.3749  (load CV: 0.886)
2026-07-15 17:35:31,604  run_gnn_dispatch              INFO        [round_robin] EQE1_Top  ->  1706 circuits
2026-07-15 17:35:31,604  run_gnn_dispatch              INFO        [round_robin] EQE1_Bottom  ->  1706 circuits
2026-07-15 17:35:31,604  run_gnn_dispatch              INFO        [round_robin] QExa20  ->  1705 circuits
2026-07-15 17:35:31,613  run_gnn_dispatch              INFO        [round_robin] overall mean fidelity: 0.3436  (load CV: 0.000)
2026-07-15 17:35:31,617  run_gnn_dispatch              INFO        [cross-policy oracle↔gnn] agreement: 80.4%  mean regret: 0.0022
2026-07-15 17:35:31,622  run_gnn_dispatch              INFO        [cross-policy gt_weighted↔gnn] agreement: 80.4%  mean regret: 0.0022
2026-07-15 17:35:31,698  run_gnn_dispatch              INFO      Ground-truth fidelities saved to /home/atudisco/pred-distr-tool/evaluations/pipeline/results/fidelity_ground_truth.json
2026-07-15 17:35:31,755  run_gnn_dispatch              INFO      GNN-predicted fidelities saved to /home/atudisco/pred-distr-tool/evaluations/pipeline/results/fidelity_gnn_predicted.json
2026-07-15 17:35:31,819  run_gnn_dispatch              INFO      Full results saved to /home/atudisco/pred-distr-tool/evaluations/pipeline/results/dispatch_results.json
2026-07-15 17:35:31,846  run_gnn_dispatch              INFO      Summary CSV saved to /home/atudisco/pred-distr-tool/evaluations/pipeline/results/dispatch_summary.csv
2026-07-15 17:35:31,872  run_gnn_dispatch              INFO      Cross-policy CSV saved to /home/atudisco/pred-distr-tool/evaluations/pipeline/results/cross_policy_summary.csv
