2026-10-08 08:39:54,781  genstudy.io               INFO     Logging to evaluations/generalization_v5/results/v5_sinkhorn/random_control/run.log
2026-10-08 08:39:54,782  run_experiment            INFO     Command line: evaluations/generalization_v3/scripts/run_experiment.py control --model sinkhorn --balance-alpha 0 --lr 3e-4 --grad-clip 1.0 --seed 5 --families large --groups vqe --loss mixed --val-mode random --results-dir evaluations/generalization_v5/results/v5_sinkhorn
2026-10-08 08:39:54,782  gsv2.gpu                  WARNING  No CUDA device available — running on the CPU.
2026-10-08 08:39:54,782  gsv3.model                INFO     Hyper-parameters (/home/atudisco/pred-distr-tool/src/model/best_params.json + v3 defaults): {'device_hidden': 64, 'device_layers': 3, 'fusion_dim': 128, 'qubit_layers': 2, 'attn_heads': 4, 'lap_pe': 8, 'cost_bias_init': -6.0, 'hidden_dim': 142, 'num_conv_wo_resnet': 3, 'num_resnet_layers': 1, 'dropout': 0.0, 'bidirectional': True, 'mlp': [512, 256, 128], 'lr': 0.001, 'readout': 'meanmaxsum'}
2026-10-08 08:39:54,799  gsv3.devices              INFO     Device graphs: node features 13 (Laplacian PE 8), physical errors True
2026-10-08 08:39:54,801  genstudy.data             INFO     Loading graph dataset: /home/atudisco/pred-distr-tool/evaluations/generalization_v3/data/graph_dataset_expected_fidelity.pt
2026-10-08 08:39:58,659  genstudy.data             INFO     Loaded 17056 graphs
2026-10-08 08:39:58,698  genstudy.io               INFO     Wrote evaluations/generalization_v5/results/v5_sinkhorn/random_control/dataset_summary.json
2026-10-08 08:39:58,799  run_experiment            INFO     [1/1] random_seed5
2026-10-08 08:39:58,801  gsv3.experiment           INFO     === random / random_seed5 ===
2026-10-08 08:39:58,801  gsv3.experiment           INFO     Random split stratified by fidelity (test_fraction=0.3, seed=5): train = 11939, test = 5117 circuits; families and sizes appear on both sides.
2026-10-08 08:39:58,802  gsv3.experiment           INFO     train=9551  val=2388 ({'mode': 'random'})  test=5117
2026-10-08 08:39:58,889  gsv3.training             INFO     [random:random_seed5] model=sinkhorn (979423 params) train=9551 val=2388 lr=0.0003 clip=1.0 alpha=0.00
2026-10-08 08:41:11,756  gsv3.training             INFO     [random:random_seed5] epoch 0001  train_log_mse=0.43587  val_log_mse=0.51471  val_mse=0.003792  max_grad=1336.55  patience=0/30
2026-10-08 08:42:24,398  gsv3.training             INFO     [random:random_seed5] epoch 0002  train_log_mse=0.03941  val_log_mse=0.23222  val_mse=0.001717  max_grad=11.97  patience=0/30
2026-10-08 08:43:37,110  gsv3.training             INFO     [random:random_seed5] epoch 0003  train_log_mse=0.02452  val_log_mse=0.16711  val_mse=0.001417  max_grad=19.73  patience=0/30
2026-10-08 08:44:49,901  gsv3.training             INFO     [random:random_seed5] epoch 0004  train_log_mse=0.01556  val_log_mse=0.09307  val_mse=0.001088  max_grad=3.47  patience=0/30
2026-10-08 08:46:02,689  gsv3.training             INFO     [random:random_seed5] epoch 0005  train_log_mse=0.01255  val_log_mse=0.11973  val_mse=0.001109  max_grad=2.44  patience=1/30
2026-10-08 08:47:15,610  gsv3.training             INFO     [random:random_seed5] epoch 0006  train_log_mse=0.00982  val_log_mse=0.08143  val_mse=0.001028  max_grad=4.67  patience=0/30
2026-10-08 08:48:28,676  gsv3.training             INFO     [random:random_seed5] epoch 0007  train_log_mse=0.00860  val_log_mse=0.06854  val_mse=0.000831  max_grad=2.86  patience=0/30
2026-10-08 08:49:41,528  gsv3.training             INFO     [random:random_seed5] epoch 0008  train_log_mse=0.00846  val_log_mse=0.08066  val_mse=0.000811  max_grad=1.37  patience=0/30
2026-10-08 08:50:54,361  gsv3.training             INFO     [random:random_seed5] epoch 0009  train_log_mse=0.00719  val_log_mse=0.06108  val_mse=0.000793  max_grad=0.86  patience=0/30
2026-10-08 08:52:07,122  gsv3.training             INFO     [random:random_seed5] epoch 0010  train_log_mse=0.00594  val_log_mse=0.05592  val_mse=0.000795  max_grad=0.62  patience=1/30
2026-10-08 08:53:19,863  gsv3.training             INFO     [random:random_seed5] epoch 0011  train_log_mse=0.00571  val_log_mse=0.07202  val_mse=0.000818  max_grad=0.51  patience=2/30
2026-10-08 08:54:28,884  gsv3.training             INFO     [random:random_seed5] epoch 0012  train_log_mse=0.00617  val_log_mse=0.09759  val_mse=0.000665  max_grad=0.74  patience=0/30
2026-10-08 08:55:36,328  gsv3.training             INFO     [random:random_seed5] epoch 0013  train_log_mse=0.00845  val_log_mse=0.06943  val_mse=0.000737  max_grad=6.35  patience=1/30
2026-10-08 08:56:43,721  gsv3.training             INFO     [random:random_seed5] epoch 0014  train_log_mse=0.00545  val_log_mse=0.08462  val_mse=0.000636  max_grad=0.64  patience=0/30
2026-10-08 08:57:51,406  gsv3.training             INFO     [random:random_seed5] epoch 0015  train_log_mse=0.00525  val_log_mse=0.05569  val_mse=0.000539  max_grad=0.91  patience=0/30
2026-10-08 08:58:58,385  gsv3.training             INFO     [random:random_seed5] epoch 0016  train_log_mse=0.00600  val_log_mse=0.05878  val_mse=0.000556  max_grad=1.36  patience=1/30
2026-10-08 09:00:05,577  gsv3.training             INFO     [random:random_seed5] epoch 0017  train_log_mse=0.00463  val_log_mse=0.05189  val_mse=0.000534  max_grad=0.51  patience=0/30
2026-10-08 09:01:13,384  gsv3.training             INFO     [random:random_seed5] epoch 0018  train_log_mse=0.00540  val_log_mse=0.13020  val_mse=0.000770  max_grad=2.13  patience=1/30
2026-10-08 09:02:20,968  gsv3.training             INFO     [random:random_seed5] epoch 0019  train_log_mse=0.00640  val_log_mse=0.06776  val_mse=0.000606  max_grad=1.19  patience=2/30
2026-10-08 09:03:28,655  gsv3.training             INFO     [random:random_seed5] epoch 0020  train_log_mse=0.00432  val_log_mse=0.04597  val_mse=0.000498  max_grad=0.39  patience=0/30
2026-10-08 09:04:36,723  gsv3.training             INFO     [random:random_seed5] epoch 0021  train_log_mse=0.00426  val_log_mse=0.05023  val_mse=0.000451  max_grad=0.53  patience=0/30
2026-10-08 09:05:43,990  gsv3.training             INFO     [random:random_seed5] epoch 0022  train_log_mse=0.00451  val_log_mse=0.05499  val_mse=0.000479  max_grad=1.44  patience=1/30
2026-10-08 09:06:51,664  gsv3.training             INFO     [random:random_seed5] epoch 0023  train_log_mse=0.00451  val_log_mse=0.04722  val_mse=0.000435  max_grad=1.71  patience=0/30
2026-10-08 09:07:59,136  gsv3.training             INFO     [random:random_seed5] epoch 0024  train_log_mse=0.00405  val_log_mse=0.05572  val_mse=0.000420  max_grad=0.55  patience=0/30
2026-10-08 09:09:06,830  gsv3.training             INFO     [random:random_seed5] epoch 0025  train_log_mse=0.00687  val_log_mse=0.09375  val_mse=0.000838  max_grad=8.41  patience=1/30
2026-10-08 09:10:14,812  gsv3.training             INFO     [random:random_seed5] epoch 0026  train_log_mse=0.00525  val_log_mse=0.06469  val_mse=0.000488  max_grad=2.58  patience=2/30
2026-10-08 09:11:22,275  gsv3.training             INFO     [random:random_seed5] epoch 0027  train_log_mse=0.00423  val_log_mse=0.05214  val_mse=0.000514  max_grad=1.55  patience=3/30
2026-10-08 09:12:29,774  gsv3.training             INFO     [random:random_seed5] epoch 0028  train_log_mse=0.00395  val_log_mse=0.05670  val_mse=0.000404  max_grad=0.50  patience=0/30
2026-10-08 09:13:37,492  gsv3.training             INFO     [random:random_seed5] epoch 0029  train_log_mse=0.00337  val_log_mse=0.04659  val_mse=0.000429  max_grad=0.54  patience=1/30
2026-10-08 09:14:45,016  gsv3.training             INFO     [random:random_seed5] epoch 0030  train_log_mse=0.00458  val_log_mse=0.05915  val_mse=0.000471  max_grad=0.74  patience=2/30
2026-10-08 09:15:52,550  gsv3.training             INFO     [random:random_seed5] epoch 0031  train_log_mse=0.00365  val_log_mse=0.05741  val_mse=0.000451  max_grad=0.81  patience=3/30
2026-10-08 09:17:00,429  gsv3.training             INFO     [random:random_seed5] epoch 0032  train_log_mse=0.00390  val_log_mse=0.04307  val_mse=0.000358  max_grad=0.59  patience=0/30
2026-10-08 09:18:08,052  gsv3.training             INFO     [random:random_seed5] epoch 0033  train_log_mse=0.00361  val_log_mse=0.04424  val_mse=0.000396  max_grad=0.48  patience=1/30
2026-10-08 09:19:15,784  gsv3.training             INFO     [random:random_seed5] epoch 0034  train_log_mse=0.00374  val_log_mse=0.04079  val_mse=0.000393  max_grad=0.41  patience=2/30
2026-10-08 09:20:23,756  gsv3.training             INFO     [random:random_seed5] epoch 0035  train_log_mse=0.00338  val_log_mse=0.04688  val_mse=0.000461  max_grad=0.46  patience=3/30
2026-10-08 09:21:30,818  gsv3.training             INFO     [random:random_seed5] epoch 0036  train_log_mse=0.00349  val_log_mse=0.04301  val_mse=0.000443  max_grad=0.34  patience=4/30
2026-10-08 09:22:38,742  gsv3.training             INFO     [random:random_seed5] epoch 0037  train_log_mse=0.00623  val_log_mse=0.10954  val_mse=0.000695  max_grad=1.85  patience=5/30
2026-10-08 09:23:46,074  gsv3.training             INFO     [random:random_seed5] epoch 0038  train_log_mse=0.00423  val_log_mse=0.04779  val_mse=0.000505  max_grad=1.19  patience=6/30
2026-10-08 09:24:54,779  gsv3.training             INFO     [random:random_seed5] epoch 0039  train_log_mse=0.00324  val_log_mse=0.04934  val_mse=0.000425  max_grad=0.61  patience=7/30
2026-10-08 09:26:04,898  gsv3.training             INFO     [random:random_seed5] epoch 0040  train_log_mse=0.00444  val_log_mse=0.06436  val_mse=0.000397  max_grad=1.26  patience=8/30
2026-10-08 09:27:13,569  gsv3.training             INFO     [random:random_seed5] epoch 0041  train_log_mse=0.00346  val_log_mse=0.04496  val_mse=0.000387  max_grad=0.35  patience=9/30
2026-10-08 09:28:24,564  gsv3.training             INFO     [random:random_seed5] epoch 0042  train_log_mse=0.00296  val_log_mse=0.04099  val_mse=0.000411  max_grad=0.25  patience=10/30
2026-10-08 09:29:38,561  gsv3.training             INFO     [random:random_seed5] epoch 0043  train_log_mse=0.00287  val_log_mse=0.04082  val_mse=0.000386  max_grad=0.33  patience=11/30
2026-10-08 09:30:52,750  gsv3.training             INFO     [random:random_seed5] epoch 0044  train_log_mse=0.00388  val_log_mse=0.04038  val_mse=0.000359  max_grad=0.78  patience=12/30
2026-10-08 09:32:06,739  gsv3.training             INFO     [random:random_seed5] epoch 0045  train_log_mse=0.00385  val_log_mse=0.04363  val_mse=0.000448  max_grad=1.56  patience=13/30
2026-10-08 09:33:20,717  gsv3.training             INFO     [random:random_seed5] epoch 0046  train_log_mse=0.00314  val_log_mse=0.04424  val_mse=0.000397  max_grad=0.53  patience=14/30
2026-10-08 09:34:34,813  gsv3.training             INFO     [random:random_seed5] epoch 0047  train_log_mse=0.00289  val_log_mse=0.04877  val_mse=0.000368  max_grad=0.40  patience=15/30
2026-10-08 09:35:48,744  gsv3.training             INFO     [random:random_seed5] epoch 0048  train_log_mse=0.00273  val_log_mse=0.04248  val_mse=0.000333  max_grad=0.38  patience=0/30
2026-10-08 09:37:02,681  gsv3.training             INFO     [random:random_seed5] epoch 0049  train_log_mse=0.00318  val_log_mse=0.04206  val_mse=0.000376  max_grad=0.60  patience=1/30
2026-10-08 09:38:10,230  gsv3.training             INFO     [random:random_seed5] epoch 0050  train_log_mse=0.00316  val_log_mse=0.05198  val_mse=0.000383  max_grad=0.35  patience=2/30
2026-10-08 09:39:17,037  gsv3.training             INFO     [random:random_seed5] epoch 0051  train_log_mse=0.00353  val_log_mse=0.04842  val_mse=0.000385  max_grad=0.41  patience=3/30
2026-10-08 09:40:22,868  gsv3.training             INFO     [random:random_seed5] epoch 0052  train_log_mse=0.00281  val_log_mse=0.04031  val_mse=0.000388  max_grad=0.30  patience=4/30
2026-10-08 09:41:29,445  gsv3.training             INFO     [random:random_seed5] epoch 0053  train_log_mse=0.00300  val_log_mse=0.04364  val_mse=0.000389  max_grad=0.37  patience=5/30
2026-10-08 09:42:35,880  gsv3.training             INFO     [random:random_seed5] epoch 0054  train_log_mse=0.00295  val_log_mse=0.08963  val_mse=0.000462  max_grad=0.69  patience=6/30
2026-10-08 09:43:42,299  gsv3.training             INFO     [random:random_seed5] epoch 0055  train_log_mse=0.00548  val_log_mse=0.04730  val_mse=0.000401  max_grad=5.23  patience=7/30
2026-10-08 09:44:48,687  gsv3.training             INFO     [random:random_seed5] epoch 0056  train_log_mse=0.00324  val_log_mse=0.04291  val_mse=0.000385  max_grad=1.08  patience=8/30
2026-10-08 09:45:55,770  gsv3.training             INFO     [random:random_seed5] epoch 0057  train_log_mse=0.00266  val_log_mse=0.04242  val_mse=0.000389  max_grad=0.28  patience=9/30
2026-10-08 09:47:02,640  gsv3.training             INFO     [random:random_seed5] epoch 0058  train_log_mse=0.00332  val_log_mse=0.03976  val_mse=0.000438  max_grad=0.62  patience=10/30
2026-10-08 09:48:09,658  gsv3.training             INFO     [random:random_seed5] epoch 0059  train_log_mse=0.00331  val_log_mse=0.04573  val_mse=0.000355  max_grad=1.08  patience=11/30
2026-10-08 09:49:16,367  gsv3.training             INFO     [random:random_seed5] epoch 0060  train_log_mse=0.00249  val_log_mse=0.04209  val_mse=0.000349  max_grad=0.25  patience=12/30
2026-10-08 09:50:22,923  gsv3.training             INFO     [random:random_seed5] epoch 0061  train_log_mse=0.00255  val_log_mse=0.04113  val_mse=0.000380  max_grad=0.25  patience=13/30
2026-10-08 09:51:29,186  gsv3.training             INFO     [random:random_seed5] epoch 0062  train_log_mse=0.00246  val_log_mse=0.03913  val_mse=0.000353  max_grad=0.36  patience=14/30
2026-10-08 09:52:35,580  gsv3.training             INFO     [random:random_seed5] epoch 0063  train_log_mse=0.00253  val_log_mse=0.04231  val_mse=0.000362  max_grad=0.32  patience=15/30
2026-10-08 09:53:42,048  gsv3.training             INFO     [random:random_seed5] epoch 0064  train_log_mse=0.00269  val_log_mse=0.04194  val_mse=0.000435  max_grad=0.29  patience=16/30
2026-10-08 09:54:48,597  gsv3.training             INFO     [random:random_seed5] epoch 0065  train_log_mse=0.00274  val_log_mse=0.03780  val_mse=0.000375  max_grad=1.15  patience=17/30
2026-10-08 09:55:55,147  gsv3.training             INFO     [random:random_seed5] epoch 0066  train_log_mse=0.00291  val_log_mse=0.04491  val_mse=0.000382  max_grad=0.32  patience=18/30
2026-10-08 09:57:01,873  gsv3.training             INFO     [random:random_seed5] epoch 0067  train_log_mse=0.00248  val_log_mse=0.05449  val_mse=0.000392  max_grad=0.22  patience=19/30
2026-10-08 09:58:08,995  gsv3.training             INFO     [random:random_seed5] epoch 0068  train_log_mse=0.00319  val_log_mse=0.04212  val_mse=0.000387  max_grad=0.51  patience=20/30
2026-10-08 09:59:16,183  gsv3.training             INFO     [random:random_seed5] epoch 0069  train_log_mse=0.00333  val_log_mse=0.04720  val_mse=0.000406  max_grad=1.05  patience=21/30
2026-10-08 10:00:22,978  gsv3.training             INFO     [random:random_seed5] epoch 0070  train_log_mse=0.00311  val_log_mse=0.04338  val_mse=0.000353  max_grad=0.34  patience=22/30
2026-10-08 10:01:29,944  gsv3.training             INFO     [random:random_seed5] epoch 0071  train_log_mse=0.00263  val_log_mse=0.05541  val_mse=0.000363  max_grad=0.70  patience=23/30
2026-10-08 10:02:37,493  gsv3.training             INFO     [random:random_seed5] epoch 0072  train_log_mse=0.00249  val_log_mse=0.04104  val_mse=0.000347  max_grad=0.49  patience=24/30
2026-10-08 10:03:44,523  gsv3.training             INFO     [random:random_seed5] epoch 0073  train_log_mse=0.00238  val_log_mse=0.05375  val_mse=0.000366  max_grad=0.36  patience=25/30
2026-10-08 10:04:51,567  gsv3.training             INFO     [random:random_seed5] epoch 0074  train_log_mse=0.00259  val_log_mse=0.04564  val_mse=0.000374  max_grad=0.31  patience=26/30
2026-10-08 10:05:58,510  gsv3.training             INFO     [random:random_seed5] epoch 0075  train_log_mse=0.00236  val_log_mse=0.05342  val_mse=0.000402  max_grad=0.27  patience=27/30
2026-10-08 10:07:05,586  gsv3.training             INFO     [random:random_seed5] epoch 0076  train_log_mse=0.00244  val_log_mse=0.06548  val_mse=0.000454  max_grad=0.54  patience=28/30
2026-10-08 10:08:12,613  gsv3.training             INFO     [random:random_seed5] epoch 0077  train_log_mse=0.00288  val_log_mse=0.04833  val_mse=0.000359  max_grad=0.47  patience=29/30
2026-10-08 10:09:19,553  gsv3.training             INFO     [random:random_seed5] epoch 0078  train_log_mse=0.00259  val_log_mse=0.04464  val_mse=0.000360  max_grad=0.33  patience=30/30
2026-10-08 10:09:30,487  gsv3.experiment           INFO     [random_seed5] TEST  n=5117  MAE=0.0100  R2=0.9966  device-acc=0.747  regret=0.0025
2026-10-08 10:09:30,491  genstudy.io               INFO     Wrote evaluations/generalization_v5/results/v5_sinkhorn/random_control/random_seed5/metrics.json
2026-10-08 10:09:30,519  genstudy.io               INFO     Wrote evaluations/generalization_v5/results/v5_sinkhorn/random_control/random_seed5/predictions.json
2026-10-08 10:09:30,531  genstudy.io               INFO     Wrote evaluations/generalization_v5/results/v5_sinkhorn/random_control/random_seed5/history.json
2026-10-08 10:09:30,567  run_experiment            INFO     random_control finished: 1 complete, 0 skipped
