2026-10-09 06:32:54,325  genstudy.io               INFO     Logging to evaluations/generalization_v8/results/v8a_c001_s6/random_control/run.log
2026-10-09 06:32:54,325  run_experiment            INFO     Command line: evaluations/generalization_v3/scripts/run_experiment.py control --model sinkhorn --balance-alpha 0 --lr 3e-4 --grad-clip 1.0 --seed 6 --families x --groups x --loss mixed --val-mode random --layout-lambda 0.1 --layout-loss region_dist --layouts-path evaluations/compile_check/results/compiler_layouts_v6pilot.pt --count-lambda 0.01 --counts-path evaluations/compile_check/results/compiler_counts_v8.pt --results-dir evaluations/generalization_v8/results/v8a_c001_s6
2026-10-09 06:32:54,325  gsv2.gpu                  WARNING  No CUDA device available — running on the CPU.
2026-10-09 06:32:54,326  gsv3.model                INFO     Hyper-parameters (/home/atudisco/pred-distr-tool/src/model/best_params.json + v3 defaults): {'device_hidden': 64, 'device_layers': 3, 'fusion_dim': 128, 'qubit_layers': 2, 'attn_heads': 4, 'lap_pe': 8, 'cost_bias_init': -6.0, 'hidden_dim': 142, 'num_conv_wo_resnet': 3, 'num_resnet_layers': 1, 'dropout': 0.0, 'bidirectional': True, 'mlp': [512, 256, 128], 'lr': 0.001, 'readout': 'meanmaxsum'}
2026-10-09 06:32:54,719  gsv3.devices              INFO     Device graphs: node features 13 (Laplacian PE 8), physical errors True
2026-10-09 06:32:54,720  genstudy.data             INFO     Loading graph dataset: /home/atudisco/pred-distr-tool/evaluations/generalization_v3/data/graph_dataset_expected_fidelity.pt
2026-10-09 06:32:59,701  genstudy.data             INFO     Loaded 17056 graphs
2026-10-09 06:33:00,341  run_experiment            INFO     Compiler layouts (evaluations/compile_check/results/compiler_layouts_v6pilot.pt): 16994/17056 circuits
2026-10-09 06:33:01,026  run_experiment            INFO     Compiler counts (evaluations/compile_check/results/compiler_counts_v8.pt): 16994/17056 circuits
2026-10-09 06:33:01,031  genstudy.io               INFO     Wrote evaluations/generalization_v8/results/v8a_c001_s6/random_control/dataset_summary.json
2026-10-09 06:33:01,994  run_experiment            INFO     [1/1] random_seed6
2026-10-09 06:33:01,997  gsv3.experiment           INFO     === random / random_seed6 ===
2026-10-09 06:33:01,997  gsv3.experiment           INFO     Random split stratified by fidelity (test_fraction=0.3, seed=6): train = 11939, test = 5117 circuits; families and sizes appear on both sides.
2026-10-09 06:33:01,998  gsv3.experiment           INFO     train=9551  val=2388 ({'mode': 'random'})  test=5117
2026-10-09 06:33:02,083  gsv3.training             INFO     [random:random_seed6] model=sinkhorn (979423 params) train=9551 val=2388 lr=0.0003 clip=1.0 alpha=0.00
2026-10-09 06:34:14,386  gsv3.training             INFO     [random:random_seed6] epoch 0001  count_mse=0.9994  count_rel_err_2q=0.748
2026-10-09 06:34:14,387  gsv3.training             INFO     [random:random_seed6] epoch 0001  region_bce=0.6756  dist_mse=0.2414  region_overlap=0.650
2026-10-09 06:34:14,388  gsv3.training             INFO     [random:random_seed6] epoch 0001  train_log_mse=0.24018  val_log_mse=0.35315  val_mse=0.004015  max_grad=209.38  patience=0/30
2026-10-09 06:35:26,738  gsv3.training             INFO     [random:random_seed6] epoch 0002  count_mse=0.4923  count_rel_err_2q=0.354
2026-10-09 06:35:26,738  gsv3.training             INFO     [random:random_seed6] epoch 0002  region_bce=0.4194  dist_mse=0.1963  region_overlap=0.708
2026-10-09 06:35:26,740  gsv3.training             INFO     [random:random_seed6] epoch 0002  train_log_mse=0.03752  val_log_mse=0.35415  val_mse=0.001545  max_grad=16.51  patience=0/30
2026-10-09 06:36:39,157  gsv3.training             INFO     [random:random_seed6] epoch 0003  count_mse=0.3557  count_rel_err_2q=0.332
2026-10-09 06:36:39,158  gsv3.training             INFO     [random:random_seed6] epoch 0003  region_bce=0.3700  dist_mse=0.1797  region_overlap=0.739
2026-10-09 06:36:39,160  gsv3.training             INFO     [random:random_seed6] epoch 0003  train_log_mse=0.02498  val_log_mse=0.20265  val_mse=0.001246  max_grad=6.32  patience=0/30
2026-10-09 06:37:51,644  gsv3.training             INFO     [random:random_seed6] epoch 0004  count_mse=0.2977  count_rel_err_2q=0.313
2026-10-09 06:37:51,645  gsv3.training             INFO     [random:random_seed6] epoch 0004  region_bce=0.3335  dist_mse=0.1673  region_overlap=0.760
2026-10-09 06:37:51,645  gsv3.training             INFO     [random:random_seed6] epoch 0004  train_log_mse=0.01897  val_log_mse=0.15537  val_mse=0.001312  max_grad=54.06  patience=1/30
2026-10-09 06:39:04,355  gsv3.training             INFO     [random:random_seed6] epoch 0005  count_mse=0.2612  count_rel_err_2q=0.297
2026-10-09 06:39:04,356  gsv3.training             INFO     [random:random_seed6] epoch 0005  region_bce=0.3107  dist_mse=0.1575  region_overlap=0.774
2026-10-09 06:39:04,358  gsv3.training             INFO     [random:random_seed6] epoch 0005  train_log_mse=0.01459  val_log_mse=0.18618  val_mse=0.001217  max_grad=4.70  patience=0/30
2026-10-09 06:40:16,556  gsv3.training             INFO     [random:random_seed6] epoch 0006  count_mse=0.2369  count_rel_err_2q=0.287
2026-10-09 06:40:16,557  gsv3.training             INFO     [random:random_seed6] epoch 0006  region_bce=0.2965  dist_mse=0.1521  region_overlap=0.782
2026-10-09 06:40:16,558  gsv3.training             INFO     [random:random_seed6] epoch 0006  train_log_mse=0.01292  val_log_mse=0.13017  val_mse=0.000862  max_grad=3.95  patience=0/30
2026-10-09 06:41:28,725  gsv3.training             INFO     [random:random_seed6] epoch 0007  count_mse=0.2213  count_rel_err_2q=0.277
2026-10-09 06:41:28,726  gsv3.training             INFO     [random:random_seed6] epoch 0007  region_bce=0.2861  dist_mse=0.1473  region_overlap=0.788
2026-10-09 06:41:28,726  gsv3.training             INFO     [random:random_seed6] epoch 0007  train_log_mse=0.01259  val_log_mse=0.07992  val_mse=0.001004  max_grad=3.74  patience=1/30
2026-10-09 06:42:41,219  gsv3.training             INFO     [random:random_seed6] epoch 0008  count_mse=0.2019  count_rel_err_2q=0.269
2026-10-09 06:42:41,219  gsv3.training             INFO     [random:random_seed6] epoch 0008  region_bce=0.2706  dist_mse=0.1417  region_overlap=0.797
2026-10-09 06:42:41,219  gsv3.training             INFO     [random:random_seed6] epoch 0008  train_log_mse=0.01019  val_log_mse=0.07969  val_mse=0.000924  max_grad=2.44  patience=2/30
2026-10-09 06:43:53,470  gsv3.training             INFO     [random:random_seed6] epoch 0009  count_mse=0.1891  count_rel_err_2q=0.267
2026-10-09 06:43:53,471  gsv3.training             INFO     [random:random_seed6] epoch 0009  region_bce=0.2606  dist_mse=0.1363  region_overlap=0.805
2026-10-09 06:43:53,472  gsv3.training             INFO     [random:random_seed6] epoch 0009  train_log_mse=0.01113  val_log_mse=0.09899  val_mse=0.000834  max_grad=4.92  patience=0/30
2026-10-09 06:45:05,769  gsv3.training             INFO     [random:random_seed6] epoch 0010  count_mse=0.1786  count_rel_err_2q=0.264
2026-10-09 06:45:05,770  gsv3.training             INFO     [random:random_seed6] epoch 0010  region_bce=0.2498  dist_mse=0.1321  region_overlap=0.813
2026-10-09 06:45:05,770  gsv3.training             INFO     [random:random_seed6] epoch 0010  train_log_mse=0.01109  val_log_mse=0.11679  val_mse=0.000856  max_grad=5.60  patience=1/30
2026-10-09 06:46:18,447  gsv3.training             INFO     [random:random_seed6] epoch 0011  count_mse=0.1677  count_rel_err_2q=0.261
2026-10-09 06:46:18,448  gsv3.training             INFO     [random:random_seed6] epoch 0011  region_bce=0.2410  dist_mse=0.1282  region_overlap=0.819
2026-10-09 06:46:18,450  gsv3.training             INFO     [random:random_seed6] epoch 0011  train_log_mse=0.01003  val_log_mse=0.12462  val_mse=0.000822  max_grad=2.57  patience=0/30
2026-10-09 06:47:30,668  gsv3.training             INFO     [random:random_seed6] epoch 0012  count_mse=0.1583  count_rel_err_2q=0.259
2026-10-09 06:47:30,669  gsv3.training             INFO     [random:random_seed6] epoch 0012  region_bce=0.2358  dist_mse=0.1270  region_overlap=0.822
2026-10-09 06:47:30,670  gsv3.training             INFO     [random:random_seed6] epoch 0012  train_log_mse=0.00878  val_log_mse=0.08376  val_mse=0.000764  max_grad=2.40  patience=0/30
2026-10-09 06:48:43,114  gsv3.training             INFO     [random:random_seed6] epoch 0013  count_mse=0.1479  count_rel_err_2q=0.255
2026-10-09 06:48:43,115  gsv3.training             INFO     [random:random_seed6] epoch 0013  region_bce=0.2242  dist_mse=0.1225  region_overlap=0.830
2026-10-09 06:48:43,117  gsv3.training             INFO     [random:random_seed6] epoch 0013  train_log_mse=0.00795  val_log_mse=0.10945  val_mse=0.000696  max_grad=2.37  patience=0/30
2026-10-09 06:49:55,985  gsv3.training             INFO     [random:random_seed6] epoch 0014  count_mse=0.1425  count_rel_err_2q=0.252
2026-10-09 06:49:55,986  gsv3.training             INFO     [random:random_seed6] epoch 0014  region_bce=0.2201  dist_mse=0.1209  region_overlap=0.832
2026-10-09 06:49:55,988  gsv3.training             INFO     [random:random_seed6] epoch 0014  train_log_mse=0.00811  val_log_mse=0.11999  val_mse=0.000681  max_grad=2.54  patience=0/30
2026-10-09 06:51:08,587  gsv3.training             INFO     [random:random_seed6] epoch 0015  count_mse=0.1382  count_rel_err_2q=0.251
2026-10-09 06:51:08,587  gsv3.training             INFO     [random:random_seed6] epoch 0015  region_bce=0.2127  dist_mse=0.1191  region_overlap=0.837
2026-10-09 06:51:08,587  gsv3.training             INFO     [random:random_seed6] epoch 0015  train_log_mse=0.00749  val_log_mse=0.09603  val_mse=0.000794  max_grad=1.65  patience=1/30
2026-10-09 06:52:20,772  gsv3.training             INFO     [random:random_seed6] epoch 0016  count_mse=0.1336  count_rel_err_2q=0.249
2026-10-09 06:52:20,773  gsv3.training             INFO     [random:random_seed6] epoch 0016  region_bce=0.2072  dist_mse=0.1171  region_overlap=0.841
2026-10-09 06:52:20,773  gsv3.training             INFO     [random:random_seed6] epoch 0016  train_log_mse=0.00703  val_log_mse=0.07669  val_mse=0.000707  max_grad=2.09  patience=2/30
2026-10-09 06:53:33,071  gsv3.training             INFO     [random:random_seed6] epoch 0017  count_mse=0.1298  count_rel_err_2q=0.246
2026-10-09 06:53:33,072  gsv3.training             INFO     [random:random_seed6] epoch 0017  region_bce=0.2015  dist_mse=0.1150  region_overlap=0.845
2026-10-09 06:53:33,072  gsv3.training             INFO     [random:random_seed6] epoch 0017  train_log_mse=0.00736  val_log_mse=0.08121  val_mse=0.000796  max_grad=1.78  patience=3/30
2026-10-09 06:54:45,761  gsv3.training             INFO     [random:random_seed6] epoch 0018  count_mse=0.1273  count_rel_err_2q=0.243
2026-10-09 06:54:45,761  gsv3.training             INFO     [random:random_seed6] epoch 0018  region_bce=0.1967  dist_mse=0.1135  region_overlap=0.848
2026-10-09 06:54:45,763  gsv3.training             INFO     [random:random_seed6] epoch 0018  train_log_mse=0.00723  val_log_mse=0.08534  val_mse=0.000623  max_grad=2.49  patience=0/30
2026-10-09 06:55:58,944  gsv3.training             INFO     [random:random_seed6] epoch 0019  count_mse=0.1221  count_rel_err_2q=0.241
2026-10-09 06:55:58,944  gsv3.training             INFO     [random:random_seed6] epoch 0019  region_bce=0.1892  dist_mse=0.1112  region_overlap=0.852
2026-10-09 06:55:58,946  gsv3.training             INFO     [random:random_seed6] epoch 0019  train_log_mse=0.00647  val_log_mse=0.07366  val_mse=0.000606  max_grad=2.07  patience=0/30
2026-10-09 06:57:11,392  gsv3.training             INFO     [random:random_seed6] epoch 0020  count_mse=0.1221  count_rel_err_2q=0.238
2026-10-09 06:57:11,393  gsv3.training             INFO     [random:random_seed6] epoch 0020  region_bce=0.1868  dist_mse=0.1102  region_overlap=0.854
2026-10-09 06:57:11,393  gsv3.training             INFO     [random:random_seed6] epoch 0020  train_log_mse=0.00699  val_log_mse=0.07119  val_mse=0.000644  max_grad=3.97  patience=1/30
2026-10-09 06:58:23,894  gsv3.training             INFO     [random:random_seed6] epoch 0021  count_mse=0.1188  count_rel_err_2q=0.236
2026-10-09 06:58:23,895  gsv3.training             INFO     [random:random_seed6] epoch 0021  region_bce=0.1813  dist_mse=0.1088  region_overlap=0.858
2026-10-09 06:58:23,895  gsv3.training             INFO     [random:random_seed6] epoch 0021  train_log_mse=0.00638  val_log_mse=0.05751  val_mse=0.000651  max_grad=2.13  patience=2/30
2026-10-09 06:59:36,570  gsv3.training             INFO     [random:random_seed6] epoch 0022  count_mse=0.1167  count_rel_err_2q=0.233
2026-10-09 06:59:36,571  gsv3.training             INFO     [random:random_seed6] epoch 0022  region_bce=0.1774  dist_mse=0.1068  region_overlap=0.860
2026-10-09 06:59:36,571  gsv3.training             INFO     [random:random_seed6] epoch 0022  train_log_mse=0.00626  val_log_mse=0.08165  val_mse=0.000645  max_grad=1.85  patience=3/30
2026-10-09 07:00:49,436  gsv3.training             INFO     [random:random_seed6] epoch 0023  count_mse=0.1132  count_rel_err_2q=0.229
2026-10-09 07:00:49,436  gsv3.training             INFO     [random:random_seed6] epoch 0023  region_bce=0.1723  dist_mse=0.1046  region_overlap=0.863
2026-10-09 07:00:49,438  gsv3.training             INFO     [random:random_seed6] epoch 0023  train_log_mse=0.00557  val_log_mse=0.06237  val_mse=0.000541  max_grad=1.50  patience=0/30
2026-10-09 07:02:02,043  gsv3.training             INFO     [random:random_seed6] epoch 0024  count_mse=0.1122  count_rel_err_2q=0.229
2026-10-09 07:02:02,044  gsv3.training             INFO     [random:random_seed6] epoch 0024  region_bce=0.1668  dist_mse=0.1020  region_overlap=0.867
2026-10-09 07:02:02,044  gsv3.training             INFO     [random:random_seed6] epoch 0024  train_log_mse=0.00572  val_log_mse=0.10401  val_mse=0.000830  max_grad=1.96  patience=1/30
2026-10-09 07:03:14,760  gsv3.training             INFO     [random:random_seed6] epoch 0025  count_mse=0.1152  count_rel_err_2q=0.232
2026-10-09 07:03:14,760  gsv3.training             INFO     [random:random_seed6] epoch 0025  region_bce=0.1741  dist_mse=0.1020  region_overlap=0.864
2026-10-09 07:03:14,760  gsv3.training             INFO     [random:random_seed6] epoch 0025  train_log_mse=0.00777  val_log_mse=0.06471  val_mse=0.000665  max_grad=2.27  patience=2/30
2026-10-09 07:04:27,296  gsv3.training             INFO     [random:random_seed6] epoch 0026  count_mse=0.1088  count_rel_err_2q=0.225
2026-10-09 07:04:27,296  gsv3.training             INFO     [random:random_seed6] epoch 0026  region_bce=0.1605  dist_mse=0.0983  region_overlap=0.871
2026-10-09 07:04:27,296  gsv3.training             INFO     [random:random_seed6] epoch 0026  train_log_mse=0.00513  val_log_mse=0.06957  val_mse=0.000583  max_grad=1.27  patience=3/30
2026-10-09 07:05:40,253  gsv3.training             INFO     [random:random_seed6] epoch 0027  count_mse=0.1099  count_rel_err_2q=0.227
2026-10-09 07:05:40,253  gsv3.training             INFO     [random:random_seed6] epoch 0027  region_bce=0.1612  dist_mse=0.0974  region_overlap=0.871
2026-10-09 07:05:40,253  gsv3.training             INFO     [random:random_seed6] epoch 0027  train_log_mse=0.00666  val_log_mse=0.07175  val_mse=0.000592  max_grad=3.03  patience=4/30
2026-10-09 07:06:53,096  gsv3.training             INFO     [random:random_seed6] epoch 0028  count_mse=0.1061  count_rel_err_2q=0.222
2026-10-09 07:06:53,103  gsv3.training             INFO     [random:random_seed6] epoch 0028  region_bce=0.1569  dist_mse=0.0959  region_overlap=0.874
2026-10-09 07:06:53,104  gsv3.training             INFO     [random:random_seed6] epoch 0028  train_log_mse=0.00498  val_log_mse=0.07394  val_mse=0.000509  max_grad=1.15  patience=0/30
2026-10-09 07:08:06,235  gsv3.training             INFO     [random:random_seed6] epoch 0029  count_mse=0.1049  count_rel_err_2q=0.222
2026-10-09 07:08:06,235  gsv3.training             INFO     [random:random_seed6] epoch 0029  region_bce=0.1533  dist_mse=0.0945  region_overlap=0.876
2026-10-09 07:08:06,235  gsv3.training             INFO     [random:random_seed6] epoch 0029  train_log_mse=0.00535  val_log_mse=0.07743  val_mse=0.000545  max_grad=1.59  patience=1/30
2026-10-09 07:09:19,002  gsv3.training             INFO     [random:random_seed6] epoch 0030  count_mse=0.1028  count_rel_err_2q=0.219
2026-10-09 07:09:19,003  gsv3.training             INFO     [random:random_seed6] epoch 0030  region_bce=0.1463  dist_mse=0.0928  region_overlap=0.880
2026-10-09 07:09:19,005  gsv3.training             INFO     [random:random_seed6] epoch 0030  train_log_mse=0.00566  val_log_mse=0.09153  val_mse=0.000504  max_grad=1.47  patience=0/30
2026-10-09 07:10:31,656  gsv3.training             INFO     [random:random_seed6] epoch 0031  count_mse=0.1042  count_rel_err_2q=0.220
2026-10-09 07:10:31,656  gsv3.training             INFO     [random:random_seed6] epoch 0031  region_bce=0.1495  dist_mse=0.0933  region_overlap=0.878
2026-10-09 07:10:31,658  gsv3.training             INFO     [random:random_seed6] epoch 0031  train_log_mse=0.00574  val_log_mse=0.06633  val_mse=0.000490  max_grad=1.38  patience=0/30
2026-10-09 07:11:44,395  gsv3.training             INFO     [random:random_seed6] epoch 0032  count_mse=0.1006  count_rel_err_2q=0.216
2026-10-09 07:11:44,396  gsv3.training             INFO     [random:random_seed6] epoch 0032  region_bce=0.1439  dist_mse=0.0917  region_overlap=0.882
2026-10-09 07:11:44,396  gsv3.training             INFO     [random:random_seed6] epoch 0032  train_log_mse=0.00477  val_log_mse=0.05822  val_mse=0.000543  max_grad=1.17  patience=1/30
2026-10-09 07:12:57,134  gsv3.training             INFO     [random:random_seed6] epoch 0033  count_mse=0.0993  count_rel_err_2q=0.214
2026-10-09 07:12:57,135  gsv3.training             INFO     [random:random_seed6] epoch 0033  region_bce=0.1412  dist_mse=0.0910  region_overlap=0.884
2026-10-09 07:12:57,138  gsv3.training             INFO     [random:random_seed6] epoch 0033  train_log_mse=0.00487  val_log_mse=0.06191  val_mse=0.000471  max_grad=0.96  patience=0/30
2026-10-09 07:14:10,529  gsv3.training             INFO     [random:random_seed6] epoch 0034  count_mse=0.0987  count_rel_err_2q=0.214
2026-10-09 07:14:10,529  gsv3.training             INFO     [random:random_seed6] epoch 0034  region_bce=0.1376  dist_mse=0.0904  region_overlap=0.886
2026-10-09 07:14:10,529  gsv3.training             INFO     [random:random_seed6] epoch 0034  train_log_mse=0.00518  val_log_mse=0.08623  val_mse=0.000595  max_grad=0.99  patience=1/30
2026-10-09 07:15:23,851  gsv3.training             INFO     [random:random_seed6] epoch 0035  count_mse=0.0962  count_rel_err_2q=0.212
2026-10-09 07:15:23,852  gsv3.training             INFO     [random:random_seed6] epoch 0035  region_bce=0.1342  dist_mse=0.0890  region_overlap=0.888
2026-10-09 07:15:23,852  gsv3.training             INFO     [random:random_seed6] epoch 0035  train_log_mse=0.00512  val_log_mse=0.07656  val_mse=0.000485  max_grad=1.08  patience=2/30
2026-10-09 07:16:37,176  gsv3.training             INFO     [random:random_seed6] epoch 0036  count_mse=0.0963  count_rel_err_2q=0.210
2026-10-09 07:16:37,177  gsv3.training             INFO     [random:random_seed6] epoch 0036  region_bce=0.1308  dist_mse=0.0883  region_overlap=0.890
2026-10-09 07:16:37,178  gsv3.training             INFO     [random:random_seed6] epoch 0036  train_log_mse=0.00481  val_log_mse=0.05584  val_mse=0.000467  max_grad=1.42  patience=0/30
2026-10-09 07:17:50,402  gsv3.training             INFO     [random:random_seed6] epoch 0037  count_mse=0.0936  count_rel_err_2q=0.208
2026-10-09 07:17:50,402  gsv3.training             INFO     [random:random_seed6] epoch 0037  region_bce=0.1262  dist_mse=0.0872  region_overlap=0.893
2026-10-09 07:17:50,402  gsv3.training             INFO     [random:random_seed6] epoch 0037  train_log_mse=0.00420  val_log_mse=0.06396  val_mse=0.000485  max_grad=0.75  patience=1/30
2026-10-09 07:19:03,687  gsv3.training             INFO     [random:random_seed6] epoch 0038  count_mse=0.0942  count_rel_err_2q=0.210
2026-10-09 07:19:03,687  gsv3.training             INFO     [random:random_seed6] epoch 0038  region_bce=0.1282  dist_mse=0.0871  region_overlap=0.892
2026-10-09 07:19:03,687  gsv3.training             INFO     [random:random_seed6] epoch 0038  train_log_mse=0.00479  val_log_mse=0.07392  val_mse=0.000495  max_grad=2.26  patience=2/30
2026-10-09 07:20:16,772  gsv3.training             INFO     [random:random_seed6] epoch 0039  count_mse=0.0949  count_rel_err_2q=0.210
2026-10-09 07:20:16,773  gsv3.training             INFO     [random:random_seed6] epoch 0039  region_bce=0.1289  dist_mse=0.0875  region_overlap=0.891
2026-10-09 07:20:16,773  gsv3.training             INFO     [random:random_seed6] epoch 0039  train_log_mse=0.00496  val_log_mse=0.06054  val_mse=0.000529  max_grad=1.06  patience=3/30
2026-10-09 07:21:29,899  gsv3.training             INFO     [random:random_seed6] epoch 0040  count_mse=0.0917  count_rel_err_2q=0.207
2026-10-09 07:21:29,899  gsv3.training             INFO     [random:random_seed6] epoch 0040  region_bce=0.1195  dist_mse=0.0856  region_overlap=0.897
2026-10-09 07:21:29,901  gsv3.training             INFO     [random:random_seed6] epoch 0040  train_log_mse=0.00418  val_log_mse=0.07804  val_mse=0.000444  max_grad=0.82  patience=0/30
2026-10-09 07:22:42,541  gsv3.training             INFO     [random:random_seed6] epoch 0041  count_mse=0.0937  count_rel_err_2q=0.208
2026-10-09 07:22:42,542  gsv3.training             INFO     [random:random_seed6] epoch 0041  region_bce=0.1235  dist_mse=0.0861  region_overlap=0.895
2026-10-09 07:22:42,542  gsv3.training             INFO     [random:random_seed6] epoch 0041  train_log_mse=0.00559  val_log_mse=0.06812  val_mse=0.000466  max_grad=2.09  patience=1/30
2026-10-09 07:23:54,953  gsv3.training             INFO     [random:random_seed6] epoch 0042  count_mse=0.0904  count_rel_err_2q=0.205
2026-10-09 07:23:54,954  gsv3.training             INFO     [random:random_seed6] epoch 0042  region_bce=0.1166  dist_mse=0.0849  region_overlap=0.899
2026-10-09 07:23:54,954  gsv3.training             INFO     [random:random_seed6] epoch 0042  train_log_mse=0.00414  val_log_mse=0.07050  val_mse=0.000625  max_grad=0.70  patience=2/30
2026-10-09 07:25:07,442  gsv3.training             INFO     [random:random_seed6] epoch 0043  count_mse=0.0915  count_rel_err_2q=0.205
2026-10-09 07:25:07,443  gsv3.training             INFO     [random:random_seed6] epoch 0043  region_bce=0.1207  dist_mse=0.0856  region_overlap=0.897
2026-10-09 07:25:07,443  gsv3.training             INFO     [random:random_seed6] epoch 0043  train_log_mse=0.00506  val_log_mse=0.05905  val_mse=0.000497  max_grad=2.89  patience=3/30
2026-10-09 07:26:19,880  gsv3.training             INFO     [random:random_seed6] epoch 0044  count_mse=0.0902  count_rel_err_2q=0.206
2026-10-09 07:26:19,880  gsv3.training             INFO     [random:random_seed6] epoch 0044  region_bce=0.1150  dist_mse=0.0845  region_overlap=0.900
2026-10-09 07:26:19,880  gsv3.training             INFO     [random:random_seed6] epoch 0044  train_log_mse=0.00424  val_log_mse=0.05359  val_mse=0.000466  max_grad=1.12  patience=4/30
2026-10-09 07:27:32,469  gsv3.training             INFO     [random:random_seed6] epoch 0045  count_mse=0.0870  count_rel_err_2q=0.202
2026-10-09 07:27:32,470  gsv3.training             INFO     [random:random_seed6] epoch 0045  region_bce=0.1095  dist_mse=0.0828  region_overlap=0.903
2026-10-09 07:27:32,470  gsv3.training             INFO     [random:random_seed6] epoch 0045  train_log_mse=0.00365  val_log_mse=0.08020  val_mse=0.000472  max_grad=0.61  patience=5/30
2026-10-09 07:28:45,473  gsv3.training             INFO     [random:random_seed6] epoch 0046  count_mse=0.0865  count_rel_err_2q=0.202
2026-10-09 07:28:45,474  gsv3.training             INFO     [random:random_seed6] epoch 0046  region_bce=0.1082  dist_mse=0.0830  region_overlap=0.904
2026-10-09 07:28:45,474  gsv3.training             INFO     [random:random_seed6] epoch 0046  train_log_mse=0.00413  val_log_mse=0.07743  val_mse=0.000475  max_grad=0.81  patience=6/30
2026-10-09 07:29:58,143  gsv3.training             INFO     [random:random_seed6] epoch 0047  count_mse=0.0871  count_rel_err_2q=0.203
2026-10-09 07:29:58,144  gsv3.training             INFO     [random:random_seed6] epoch 0047  region_bce=0.1098  dist_mse=0.0829  region_overlap=0.904
2026-10-09 07:29:58,146  gsv3.training             INFO     [random:random_seed6] epoch 0047  train_log_mse=0.00458  val_log_mse=0.06897  val_mse=0.000417  max_grad=0.96  patience=0/30
2026-10-09 07:31:11,150  gsv3.training             INFO     [random:random_seed6] epoch 0048  count_mse=0.0871  count_rel_err_2q=0.202
2026-10-09 07:31:11,151  gsv3.training             INFO     [random:random_seed6] epoch 0048  region_bce=0.1055  dist_mse=0.0824  region_overlap=0.906
2026-10-09 07:31:11,151  gsv3.training             INFO     [random:random_seed6] epoch 0048  train_log_mse=0.00471  val_log_mse=0.05742  val_mse=0.000481  max_grad=0.95  patience=1/30
2026-10-09 07:32:24,230  gsv3.training             INFO     [random:random_seed6] epoch 0049  count_mse=0.0843  count_rel_err_2q=0.200
2026-10-09 07:32:24,230  gsv3.training             INFO     [random:random_seed6] epoch 0049  region_bce=0.0996  dist_mse=0.0808  region_overlap=0.909
2026-10-09 07:32:24,230  gsv3.training             INFO     [random:random_seed6] epoch 0049  train_log_mse=0.00362  val_log_mse=0.05535  val_mse=0.000448  max_grad=0.71  patience=2/30
2026-10-09 07:33:37,176  gsv3.training             INFO     [random:random_seed6] epoch 0050  count_mse=0.0848  count_rel_err_2q=0.201
2026-10-09 07:33:37,176  gsv3.training             INFO     [random:random_seed6] epoch 0050  region_bce=0.1003  dist_mse=0.0814  region_overlap=0.909
2026-10-09 07:33:37,178  gsv3.training             INFO     [random:random_seed6] epoch 0050  train_log_mse=0.00404  val_log_mse=0.06860  val_mse=0.000394  max_grad=0.65  patience=0/30
2026-10-09 07:34:50,335  gsv3.training             INFO     [random:random_seed6] epoch 0051  count_mse=0.0835  count_rel_err_2q=0.201
2026-10-09 07:34:50,335  gsv3.training             INFO     [random:random_seed6] epoch 0051  region_bce=0.1008  dist_mse=0.0807  region_overlap=0.909
2026-10-09 07:34:50,336  gsv3.training             INFO     [random:random_seed6] epoch 0051  train_log_mse=0.00381  val_log_mse=0.06130  val_mse=0.000417  max_grad=0.76  patience=1/30
2026-10-09 07:36:03,543  gsv3.training             INFO     [random:random_seed6] epoch 0052  count_mse=0.0832  count_rel_err_2q=0.201
2026-10-09 07:36:03,543  gsv3.training             INFO     [random:random_seed6] epoch 0052  region_bce=0.0949  dist_mse=0.0801  region_overlap=0.912
2026-10-09 07:36:03,543  gsv3.training             INFO     [random:random_seed6] epoch 0052  train_log_mse=0.00397  val_log_mse=0.05875  val_mse=0.000450  max_grad=1.05  patience=2/30
2026-10-09 07:37:16,643  gsv3.training             INFO     [random:random_seed6] epoch 0053  count_mse=0.0838  count_rel_err_2q=0.201
2026-10-09 07:37:16,643  gsv3.training             INFO     [random:random_seed6] epoch 0053  region_bce=0.0989  dist_mse=0.0809  region_overlap=0.911
2026-10-09 07:37:16,643  gsv3.training             INFO     [random:random_seed6] epoch 0053  train_log_mse=0.00523  val_log_mse=0.06903  val_mse=0.000476  max_grad=1.72  patience=3/30
2026-10-09 07:38:29,633  gsv3.training             INFO     [random:random_seed6] epoch 0054  count_mse=0.0832  count_rel_err_2q=0.201
2026-10-09 07:38:29,633  gsv3.training             INFO     [random:random_seed6] epoch 0054  region_bce=0.0962  dist_mse=0.0802  region_overlap=0.912
2026-10-09 07:38:29,633  gsv3.training             INFO     [random:random_seed6] epoch 0054  train_log_mse=0.00417  val_log_mse=0.05141  val_mse=0.000445  max_grad=2.12  patience=4/30
2026-10-09 07:39:42,632  gsv3.training             INFO     [random:random_seed6] epoch 0055  count_mse=0.0814  count_rel_err_2q=0.197
2026-10-09 07:39:42,633  gsv3.training             INFO     [random:random_seed6] epoch 0055  region_bce=0.0893  dist_mse=0.0788  region_overlap=0.916
2026-10-09 07:39:42,633  gsv3.training             INFO     [random:random_seed6] epoch 0055  train_log_mse=0.00389  val_log_mse=0.05649  val_mse=0.000423  max_grad=0.81  patience=5/30
2026-10-09 07:40:55,627  gsv3.training             INFO     [random:random_seed6] epoch 0056  count_mse=0.0819  count_rel_err_2q=0.198
2026-10-09 07:40:55,627  gsv3.training             INFO     [random:random_seed6] epoch 0056  region_bce=0.0877  dist_mse=0.0786  region_overlap=0.917
2026-10-09 07:40:55,628  gsv3.training             INFO     [random:random_seed6] epoch 0056  train_log_mse=0.00464  val_log_mse=0.07297  val_mse=0.000468  max_grad=1.07  patience=6/30
2026-10-09 07:42:08,704  gsv3.training             INFO     [random:random_seed6] epoch 0057  count_mse=0.0805  count_rel_err_2q=0.197
2026-10-09 07:42:08,705  gsv3.training             INFO     [random:random_seed6] epoch 0057  region_bce=0.0891  dist_mse=0.0786  region_overlap=0.917
2026-10-09 07:42:08,705  gsv3.training             INFO     [random:random_seed6] epoch 0057  train_log_mse=0.00418  val_log_mse=0.06909  val_mse=0.000480  max_grad=0.97  patience=7/30
2026-10-09 07:43:21,764  gsv3.training             INFO     [random:random_seed6] epoch 0058  count_mse=0.0785  count_rel_err_2q=0.196
2026-10-09 07:43:21,765  gsv3.training             INFO     [random:random_seed6] epoch 0058  region_bce=0.0812  dist_mse=0.0770  region_overlap=0.921
2026-10-09 07:43:21,765  gsv3.training             INFO     [random:random_seed6] epoch 0058  train_log_mse=0.00345  val_log_mse=0.05853  val_mse=0.000410  max_grad=0.60  patience=8/30
2026-10-09 07:44:35,354  gsv3.training             INFO     [random:random_seed6] epoch 0059  count_mse=0.0780  count_rel_err_2q=0.196
2026-10-09 07:44:35,355  gsv3.training             INFO     [random:random_seed6] epoch 0059  region_bce=0.0805  dist_mse=0.0769  region_overlap=0.922
2026-10-09 07:44:35,355  gsv3.training             INFO     [random:random_seed6] epoch 0059  train_log_mse=0.00371  val_log_mse=0.07141  val_mse=0.000414  max_grad=0.65  patience=9/30
2026-10-09 07:45:48,525  gsv3.training             INFO     [random:random_seed6] epoch 0060  count_mse=0.0790  count_rel_err_2q=0.197
2026-10-09 07:45:48,525  gsv3.training             INFO     [random:random_seed6] epoch 0060  region_bce=0.0849  dist_mse=0.0775  region_overlap=0.920
2026-10-09 07:45:48,525  gsv3.training             INFO     [random:random_seed6] epoch 0060  train_log_mse=0.00418  val_log_mse=0.06828  val_mse=0.000504  max_grad=0.95  patience=10/30
2026-10-09 07:47:01,288  gsv3.training             INFO     [random:random_seed6] epoch 0061  count_mse=0.0786  count_rel_err_2q=0.196
2026-10-09 07:47:01,289  gsv3.training             INFO     [random:random_seed6] epoch 0061  region_bce=0.0826  dist_mse=0.0769  region_overlap=0.921
2026-10-09 07:47:01,289  gsv3.training             INFO     [random:random_seed6] epoch 0061  train_log_mse=0.00417  val_log_mse=0.06783  val_mse=0.000424  max_grad=0.79  patience=11/30
2026-10-09 07:48:13,964  gsv3.training             INFO     [random:random_seed6] epoch 0062  count_mse=0.0770  count_rel_err_2q=0.195
2026-10-09 07:48:13,965  gsv3.training             INFO     [random:random_seed6] epoch 0062  region_bce=0.0760  dist_mse=0.0755  region_overlap=0.925
2026-10-09 07:48:13,965  gsv3.training             INFO     [random:random_seed6] epoch 0062  train_log_mse=0.00361  val_log_mse=0.05341  val_mse=0.000408  max_grad=0.83  patience=12/30
2026-10-09 07:49:26,684  gsv3.training             INFO     [random:random_seed6] epoch 0063  count_mse=0.0768  count_rel_err_2q=0.195
2026-10-09 07:49:26,685  gsv3.training             INFO     [random:random_seed6] epoch 0063  region_bce=0.0761  dist_mse=0.0754  region_overlap=0.925
2026-10-09 07:49:26,685  gsv3.training             INFO     [random:random_seed6] epoch 0063  train_log_mse=0.00362  val_log_mse=0.05407  val_mse=0.000399  max_grad=0.67  patience=13/30
2026-10-09 07:50:39,551  gsv3.training             INFO     [random:random_seed6] epoch 0064  count_mse=0.0763  count_rel_err_2q=0.196
2026-10-09 07:50:39,552  gsv3.training             INFO     [random:random_seed6] epoch 0064  region_bce=0.0735  dist_mse=0.0750  region_overlap=0.926
2026-10-09 07:50:39,552  gsv3.training             INFO     [random:random_seed6] epoch 0064  train_log_mse=0.00387  val_log_mse=0.07947  val_mse=0.000731  max_grad=0.97  patience=14/30
2026-10-09 07:51:52,284  gsv3.training             INFO     [random:random_seed6] epoch 0065  count_mse=0.0792  count_rel_err_2q=0.200
2026-10-09 07:51:52,285  gsv3.training             INFO     [random:random_seed6] epoch 0065  region_bce=0.0849  dist_mse=0.0774  region_overlap=0.920
2026-10-09 07:51:52,285  gsv3.training             INFO     [random:random_seed6] epoch 0065  train_log_mse=0.00452  val_log_mse=0.05411  val_mse=0.000449  max_grad=1.77  patience=15/30
2026-10-09 07:53:05,217  gsv3.training             INFO     [random:random_seed6] epoch 0066  count_mse=0.0750  count_rel_err_2q=0.195
2026-10-09 07:53:05,218  gsv3.training             INFO     [random:random_seed6] epoch 0066  region_bce=0.0710  dist_mse=0.0739  region_overlap=0.928
2026-10-09 07:53:05,218  gsv3.training             INFO     [random:random_seed6] epoch 0066  train_log_mse=0.00342  val_log_mse=0.05470  val_mse=0.000448  max_grad=0.65  patience=16/30
2026-10-09 07:54:17,810  gsv3.training             INFO     [random:random_seed6] epoch 0067  count_mse=0.0737  count_rel_err_2q=0.194
2026-10-09 07:54:17,811  gsv3.training             INFO     [random:random_seed6] epoch 0067  region_bce=0.0684  dist_mse=0.0732  region_overlap=0.929
2026-10-09 07:54:17,811  gsv3.training             INFO     [random:random_seed6] epoch 0067  train_log_mse=0.00314  val_log_mse=0.05383  val_mse=0.000397  max_grad=0.57  patience=17/30
2026-10-09 07:55:30,726  gsv3.training             INFO     [random:random_seed6] epoch 0068  count_mse=0.0759  count_rel_err_2q=0.195
2026-10-09 07:55:30,726  gsv3.training             INFO     [random:random_seed6] epoch 0068  region_bce=0.0765  dist_mse=0.0745  region_overlap=0.925
2026-10-09 07:55:30,726  gsv3.training             INFO     [random:random_seed6] epoch 0068  train_log_mse=0.00451  val_log_mse=0.05885  val_mse=0.000427  max_grad=1.68  patience=18/30
2026-10-09 07:56:43,532  gsv3.training             INFO     [random:random_seed6] epoch 0069  count_mse=0.0745  count_rel_err_2q=0.193
2026-10-09 07:56:43,532  gsv3.training             INFO     [random:random_seed6] epoch 0069  region_bce=0.0699  dist_mse=0.0736  region_overlap=0.929
2026-10-09 07:56:43,532  gsv3.training             INFO     [random:random_seed6] epoch 0069  train_log_mse=0.00359  val_log_mse=0.05500  val_mse=0.000427  max_grad=0.75  patience=19/30
2026-10-09 07:57:56,922  gsv3.training             INFO     [random:random_seed6] epoch 0070  count_mse=0.0740  count_rel_err_2q=0.195
2026-10-09 07:57:56,922  gsv3.training             INFO     [random:random_seed6] epoch 0070  region_bce=0.0704  dist_mse=0.0734  region_overlap=0.929
2026-10-09 07:57:56,923  gsv3.training             INFO     [random:random_seed6] epoch 0070  train_log_mse=0.00419  val_log_mse=0.05590  val_mse=0.000424  max_grad=1.37  patience=20/30
2026-10-09 07:59:09,818  gsv3.training             INFO     [random:random_seed6] epoch 0071  count_mse=0.0725  count_rel_err_2q=0.192
2026-10-09 07:59:09,818  gsv3.training             INFO     [random:random_seed6] epoch 0071  region_bce=0.0659  dist_mse=0.0727  region_overlap=0.931
2026-10-09 07:59:09,818  gsv3.training             INFO     [random:random_seed6] epoch 0071  train_log_mse=0.00297  val_log_mse=0.05464  val_mse=0.000413  max_grad=0.55  patience=21/30
2026-10-09 08:00:23,245  gsv3.training             INFO     [random:random_seed6] epoch 0072  count_mse=0.0722  count_rel_err_2q=0.194
2026-10-09 08:00:23,246  gsv3.training             INFO     [random:random_seed6] epoch 0072  region_bce=0.0664  dist_mse=0.0719  region_overlap=0.931
2026-10-09 08:00:23,246  gsv3.training             INFO     [random:random_seed6] epoch 0072  train_log_mse=0.00330  val_log_mse=0.06225  val_mse=0.000455  max_grad=0.96  patience=22/30
2026-10-09 08:01:36,460  gsv3.training             INFO     [random:random_seed6] epoch 0073  count_mse=0.0724  count_rel_err_2q=0.194
2026-10-09 08:01:36,460  gsv3.training             INFO     [random:random_seed6] epoch 0073  region_bce=0.0649  dist_mse=0.0720  region_overlap=0.932
2026-10-09 08:01:36,461  gsv3.training             INFO     [random:random_seed6] epoch 0073  train_log_mse=0.00325  val_log_mse=0.06244  val_mse=0.000405  max_grad=0.60  patience=23/30
2026-10-09 08:02:49,922  gsv3.training             INFO     [random:random_seed6] epoch 0074  count_mse=0.0715  count_rel_err_2q=0.192
2026-10-09 08:02:49,923  gsv3.training             INFO     [random:random_seed6] epoch 0074  region_bce=0.0626  dist_mse=0.0711  region_overlap=0.933
2026-10-09 08:02:49,923  gsv3.training             INFO     [random:random_seed6] epoch 0074  train_log_mse=0.00346  val_log_mse=0.05857  val_mse=0.000437  max_grad=0.67  patience=24/30
2026-10-09 08:04:02,923  gsv3.training             INFO     [random:random_seed6] epoch 0075  count_mse=0.0719  count_rel_err_2q=0.193
2026-10-09 08:04:02,924  gsv3.training             INFO     [random:random_seed6] epoch 0075  region_bce=0.0633  dist_mse=0.0712  region_overlap=0.933
2026-10-09 08:04:02,924  gsv3.training             INFO     [random:random_seed6] epoch 0075  train_log_mse=0.00364  val_log_mse=0.05852  val_mse=0.000480  max_grad=0.67  patience=25/30
2026-10-09 08:05:15,688  gsv3.training             INFO     [random:random_seed6] epoch 0076  count_mse=0.0704  count_rel_err_2q=0.192
2026-10-09 08:05:15,688  gsv3.training             INFO     [random:random_seed6] epoch 0076  region_bce=0.0615  dist_mse=0.0706  region_overlap=0.934
2026-10-09 08:05:15,688  gsv3.training             INFO     [random:random_seed6] epoch 0076  train_log_mse=0.00288  val_log_mse=0.06180  val_mse=0.000399  max_grad=0.61  patience=26/30
2026-10-09 08:06:28,566  gsv3.training             INFO     [random:random_seed6] epoch 0077  count_mse=0.0700  count_rel_err_2q=0.192
2026-10-09 08:06:28,566  gsv3.training             INFO     [random:random_seed6] epoch 0077  region_bce=0.0581  dist_mse=0.0694  region_overlap=0.936
2026-10-09 08:06:28,567  gsv3.training             INFO     [random:random_seed6] epoch 0077  train_log_mse=0.00304  val_log_mse=0.05715  val_mse=0.000409  max_grad=0.81  patience=27/30
2026-10-09 08:07:41,208  gsv3.training             INFO     [random:random_seed6] epoch 0078  count_mse=0.0699  count_rel_err_2q=0.192
2026-10-09 08:07:41,208  gsv3.training             INFO     [random:random_seed6] epoch 0078  region_bce=0.0591  dist_mse=0.0698  region_overlap=0.936
2026-10-09 08:07:41,209  gsv3.training             INFO     [random:random_seed6] epoch 0078  train_log_mse=0.00320  val_log_mse=0.06259  val_mse=0.000416  max_grad=0.63  patience=28/30
2026-10-09 08:08:54,116  gsv3.training             INFO     [random:random_seed6] epoch 0079  count_mse=0.0704  count_rel_err_2q=0.195
2026-10-09 08:08:54,117  gsv3.training             INFO     [random:random_seed6] epoch 0079  region_bce=0.0596  dist_mse=0.0696  region_overlap=0.936
2026-10-09 08:08:54,117  gsv3.training             INFO     [random:random_seed6] epoch 0079  train_log_mse=0.00362  val_log_mse=0.07474  val_mse=0.000424  max_grad=0.68  patience=29/30
2026-10-09 08:10:07,376  gsv3.training             INFO     [random:random_seed6] epoch 0080  count_mse=0.0707  count_rel_err_2q=0.194
2026-10-09 08:10:07,377  gsv3.training             INFO     [random:random_seed6] epoch 0080  region_bce=0.0616  dist_mse=0.0702  region_overlap=0.934
2026-10-09 08:10:07,377  gsv3.training             INFO     [random:random_seed6] epoch 0080  train_log_mse=0.00353  val_log_mse=0.06114  val_mse=0.000407  max_grad=0.97  patience=30/30
2026-10-09 08:10:19,193  gsv3.experiment           INFO     [random_seed6] TEST  n=5117  MAE=0.0104  R2=0.9962  device-acc=0.757  regret=0.0025
2026-10-09 08:10:19,196  genstudy.io               INFO     Wrote evaluations/generalization_v8/results/v8a_c001_s6/random_control/random_seed6/metrics.json
2026-10-09 08:10:19,224  genstudy.io               INFO     Wrote evaluations/generalization_v8/results/v8a_c001_s6/random_control/random_seed6/predictions.json
2026-10-09 08:10:19,237  genstudy.io               INFO     Wrote evaluations/generalization_v8/results/v8a_c001_s6/random_control/random_seed6/history.json
2026-10-09 08:10:19,259  run_experiment            INFO     random_control finished: 1 complete, 0 skipped
