2026-10-08 17:06:11,702  genstudy.io               INFO     Logging to evaluations/generalization_v6/results/v6_l01/random_control/run.log
2026-10-08 17:06:11,702  run_experiment            INFO     Command line: evaluations/generalization_v3/scripts/run_experiment.py control --model sinkhorn --balance-alpha 0 --lr 3e-4 --grad-clip 1.0 --seed 5 --families x --groups x --loss mixed --val-mode random --layout-lambda 0.1 --layouts-path evaluations/compile_check/results/compiler_layouts_v6pilot.pt --results-dir evaluations/generalization_v6/results/v6_l01
2026-10-08 17:06:11,703  gsv2.gpu                  WARNING  No CUDA device available — running on the CPU.
2026-10-08 17:06:11,703  gsv3.model                INFO     Hyper-parameters (/home/atudisco/pred-distr-tool/src/model/best_params.json + v3 defaults): {'device_hidden': 64, 'device_layers': 3, 'fusion_dim': 128, 'qubit_layers': 2, 'attn_heads': 4, 'lap_pe': 8, 'cost_bias_init': -6.0, 'hidden_dim': 142, 'num_conv_wo_resnet': 3, 'num_resnet_layers': 1, 'dropout': 0.0, 'bidirectional': True, 'mlp': [512, 256, 128], 'lr': 0.001, 'readout': 'meanmaxsum'}
2026-10-08 17:06:11,716  gsv3.devices              INFO     Device graphs: node features 13 (Laplacian PE 8), physical errors True
2026-10-08 17:06:11,716  genstudy.data             INFO     Loading graph dataset: /home/atudisco/pred-distr-tool/evaluations/generalization_v3/data/graph_dataset_expected_fidelity.pt
2026-10-08 17:06:15,015  genstudy.data             INFO     Loaded 17056 graphs
2026-10-08 17:06:15,566  run_experiment            INFO     Compiler layouts (evaluations/compile_check/results/compiler_layouts_v6pilot.pt): 16994/17056 circuits
2026-10-08 17:06:15,584  genstudy.io               INFO     Wrote evaluations/generalization_v6/results/v6_l01/random_control/dataset_summary.json
2026-10-08 17:06:15,698  run_experiment            INFO     [1/1] random_seed5
2026-10-08 17:06:15,702  gsv3.experiment           INFO     === random / random_seed5 ===
2026-10-08 17:06:15,702  gsv3.experiment           INFO     Random split stratified by fidelity (test_fraction=0.3, seed=5): train = 11939, test = 5117 circuits; families and sizes appear on both sides.
2026-10-08 17:06:15,703  gsv3.experiment           INFO     train=9551  val=2388 ({'mode': 'random'})  test=5117
2026-10-08 17:06:15,783  gsv3.training             INFO     [random:random_seed5] model=sinkhorn (979423 params) train=9551 val=2388 lr=0.0003 clip=1.0 alpha=0.00
2026-10-08 17:07:30,338  gsv3.training             INFO     [random:random_seed5] epoch 0001  layout_ce=3.2900  layout_acc=0.078
2026-10-08 17:07:30,340  gsv3.training             INFO     [random:random_seed5] epoch 0001  train_log_mse=0.80616  val_log_mse=0.53542  val_mse=0.002874  max_grad=1336.29  patience=0/30
2026-10-08 17:08:44,849  gsv3.training             INFO     [random:random_seed5] epoch 0002  layout_ce=2.8793  layout_acc=0.105
2026-10-08 17:08:44,851  gsv3.training             INFO     [random:random_seed5] epoch 0002  train_log_mse=0.32890  val_log_mse=0.32281  val_mse=0.001674  max_grad=11.73  patience=0/30
2026-10-08 17:09:59,244  gsv3.training             INFO     [random:random_seed5] epoch 0003  layout_ce=2.7563  layout_acc=0.126
2026-10-08 17:09:59,246  gsv3.training             INFO     [random:random_seed5] epoch 0003  train_log_mse=0.30475  val_log_mse=0.19148  val_mse=0.001597  max_grad=8.57  patience=0/30
2026-10-08 17:11:13,738  gsv3.training             INFO     [random:random_seed5] epoch 0004  layout_ce=2.6468  layout_acc=0.152
2026-10-08 17:11:13,740  gsv3.training             INFO     [random:random_seed5] epoch 0004  train_log_mse=0.28453  val_log_mse=0.13896  val_mse=0.001287  max_grad=5.38  patience=0/30
2026-10-08 17:12:28,145  gsv3.training             INFO     [random:random_seed5] epoch 0005  layout_ce=2.5611  layout_acc=0.176
2026-10-08 17:12:28,148  gsv3.training             INFO     [random:random_seed5] epoch 0005  train_log_mse=0.27529  val_log_mse=0.15859  val_mse=0.000978  max_grad=4.30  patience=0/30
2026-10-08 17:13:42,310  gsv3.training             INFO     [random:random_seed5] epoch 0006  layout_ce=2.4907  layout_acc=0.193
2026-10-08 17:13:42,311  gsv3.training             INFO     [random:random_seed5] epoch 0006  train_log_mse=0.26446  val_log_mse=0.26732  val_mse=0.001137  max_grad=4.23  patience=1/30
2026-10-08 17:14:56,620  gsv3.training             INFO     [random:random_seed5] epoch 0007  layout_ce=2.4290  layout_acc=0.208
2026-10-08 17:14:56,621  gsv3.training             INFO     [random:random_seed5] epoch 0007  train_log_mse=0.25559  val_log_mse=0.10300  val_mse=0.001009  max_grad=3.03  patience=2/30
2026-10-08 17:16:11,139  gsv3.training             INFO     [random:random_seed5] epoch 0008  layout_ce=2.3651  layout_acc=0.225
2026-10-08 17:16:11,141  gsv3.training             INFO     [random:random_seed5] epoch 0008  train_log_mse=0.24735  val_log_mse=0.10971  val_mse=0.000940  max_grad=3.70  patience=0/30
2026-10-08 17:17:21,092  gsv3.training             INFO     [random:random_seed5] epoch 0009  layout_ce=2.3014  layout_acc=0.243
2026-10-08 17:17:21,093  gsv3.training             INFO     [random:random_seed5] epoch 0009  train_log_mse=0.23910  val_log_mse=0.12732  val_mse=0.000913  max_grad=3.68  patience=0/30
2026-10-08 17:18:31,051  gsv3.training             INFO     [random:random_seed5] epoch 0010  layout_ce=2.2502  layout_acc=0.260
2026-10-08 17:18:31,053  gsv3.training             INFO     [random:random_seed5] epoch 0010  train_log_mse=0.23692  val_log_mse=0.13004  val_mse=0.000873  max_grad=2.78  patience=0/30
2026-10-08 17:19:40,981  gsv3.training             INFO     [random:random_seed5] epoch 0011  layout_ce=2.1958  layout_acc=0.278
2026-10-08 17:19:40,983  gsv3.training             INFO     [random:random_seed5] epoch 0011  train_log_mse=0.23020  val_log_mse=0.12784  val_mse=0.000767  max_grad=2.69  patience=0/30
2026-10-08 17:20:50,965  gsv3.training             INFO     [random:random_seed5] epoch 0012  layout_ce=2.1405  layout_acc=0.296
2026-10-08 17:20:50,965  gsv3.training             INFO     [random:random_seed5] epoch 0012  train_log_mse=0.22331  val_log_mse=0.13073  val_mse=0.000782  max_grad=2.18  patience=1/30
2026-10-08 17:22:01,084  gsv3.training             INFO     [random:random_seed5] epoch 0013  layout_ce=2.0813  layout_acc=0.316
2026-10-08 17:22:01,086  gsv3.training             INFO     [random:random_seed5] epoch 0013  train_log_mse=0.21642  val_log_mse=0.07380  val_mse=0.000722  max_grad=2.16  patience=0/30
2026-10-08 17:23:11,153  gsv3.training             INFO     [random:random_seed5] epoch 0014  layout_ce=2.0195  layout_acc=0.339
2026-10-08 17:23:11,153  gsv3.training             INFO     [random:random_seed5] epoch 0014  train_log_mse=0.20992  val_log_mse=0.07596  val_mse=0.000732  max_grad=2.27  patience=1/30
2026-10-08 17:24:21,076  gsv3.training             INFO     [random:random_seed5] epoch 0015  layout_ce=1.9667  layout_acc=0.359
2026-10-08 17:24:21,076  gsv3.training             INFO     [random:random_seed5] epoch 0015  train_log_mse=0.20503  val_log_mse=0.13434  val_mse=0.000935  max_grad=2.08  patience=2/30
2026-10-08 17:25:30,885  gsv3.training             INFO     [random:random_seed5] epoch 0016  layout_ce=1.9177  layout_acc=0.377
2026-10-08 17:25:30,886  gsv3.training             INFO     [random:random_seed5] epoch 0016  train_log_mse=0.19960  val_log_mse=0.08277  val_mse=0.000780  max_grad=4.78  patience=3/30
2026-10-08 17:26:40,960  gsv3.training             INFO     [random:random_seed5] epoch 0017  layout_ce=1.8582  layout_acc=0.400
2026-10-08 17:26:40,961  gsv3.training             INFO     [random:random_seed5] epoch 0017  train_log_mse=0.19392  val_log_mse=0.09256  val_mse=0.000718  max_grad=3.46  patience=0/30
2026-10-08 17:27:51,982  gsv3.training             INFO     [random:random_seed5] epoch 0018  layout_ce=1.7944  layout_acc=0.423
2026-10-08 17:27:51,984  gsv3.training             INFO     [random:random_seed5] epoch 0018  train_log_mse=0.18599  val_log_mse=0.08437  val_mse=0.000653  max_grad=3.18  patience=0/30
2026-10-08 17:29:02,236  gsv3.training             INFO     [random:random_seed5] epoch 0019  layout_ce=1.7357  layout_acc=0.444
2026-10-08 17:29:02,236  gsv3.training             INFO     [random:random_seed5] epoch 0019  train_log_mse=0.18232  val_log_mse=0.15688  val_mse=0.000702  max_grad=2.69  patience=1/30
2026-10-08 17:30:12,549  gsv3.training             INFO     [random:random_seed5] epoch 0020  layout_ce=1.6861  layout_acc=0.460
2026-10-08 17:30:12,551  gsv3.training             INFO     [random:random_seed5] epoch 0020  train_log_mse=0.17587  val_log_mse=0.07622  val_mse=0.000619  max_grad=1.95  patience=0/30
2026-10-08 17:31:22,861  gsv3.training             INFO     [random:random_seed5] epoch 0021  layout_ce=1.6213  layout_acc=0.481
2026-10-08 17:31:22,863  gsv3.training             INFO     [random:random_seed5] epoch 0021  train_log_mse=0.16884  val_log_mse=0.07740  val_mse=0.000602  max_grad=1.53  patience=0/30
2026-10-08 17:32:34,049  gsv3.training             INFO     [random:random_seed5] epoch 0022  layout_ce=1.5616  layout_acc=0.503
2026-10-08 17:32:34,050  gsv3.training             INFO     [random:random_seed5] epoch 0022  train_log_mse=0.16408  val_log_mse=0.11133  val_mse=0.000687  max_grad=3.86  patience=1/30
2026-10-08 17:33:45,104  gsv3.training             INFO     [random:random_seed5] epoch 0023  layout_ce=1.5025  layout_acc=0.523
2026-10-08 17:33:45,104  gsv3.training             INFO     [random:random_seed5] epoch 0023  train_log_mse=0.15676  val_log_mse=0.09619  val_mse=0.000649  max_grad=2.42  patience=2/30
2026-10-08 17:34:56,399  gsv3.training             INFO     [random:random_seed5] epoch 0024  layout_ce=1.4390  layout_acc=0.545
2026-10-08 17:34:56,399  gsv3.training             INFO     [random:random_seed5] epoch 0024  train_log_mse=0.14996  val_log_mse=0.07822  val_mse=0.000602  max_grad=1.73  patience=3/30
2026-10-08 17:36:08,206  gsv3.training             INFO     [random:random_seed5] epoch 0025  layout_ce=1.3875  layout_acc=0.563
2026-10-08 17:36:08,208  gsv3.training             INFO     [random:random_seed5] epoch 0025  train_log_mse=0.14511  val_log_mse=0.07121  val_mse=0.000590  max_grad=1.60  patience=0/30
2026-10-08 17:37:19,526  gsv3.training             INFO     [random:random_seed5] epoch 0026  layout_ce=1.3250  layout_acc=0.586
2026-10-08 17:37:19,526  gsv3.training             INFO     [random:random_seed5] epoch 0026  train_log_mse=0.13840  val_log_mse=0.07575  val_mse=0.000605  max_grad=2.05  patience=1/30
2026-10-08 17:38:31,204  gsv3.training             INFO     [random:random_seed5] epoch 0027  layout_ce=1.2779  layout_acc=0.602
2026-10-08 17:38:31,206  gsv3.training             INFO     [random:random_seed5] epoch 0027  train_log_mse=0.13421  val_log_mse=0.08339  val_mse=0.000666  max_grad=2.36  patience=2/30
2026-10-08 17:39:43,208  gsv3.training             INFO     [random:random_seed5] epoch 0028  layout_ce=1.2350  layout_acc=0.617
2026-10-08 17:39:43,208  gsv3.training             INFO     [random:random_seed5] epoch 0028  train_log_mse=0.12959  val_log_mse=0.07475  val_mse=0.000659  max_grad=1.68  patience=3/30
2026-10-08 17:40:54,958  gsv3.training             INFO     [random:random_seed5] epoch 0029  layout_ce=1.1757  layout_acc=0.639
2026-10-08 17:40:54,960  gsv3.training             INFO     [random:random_seed5] epoch 0029  train_log_mse=0.12311  val_log_mse=0.08045  val_mse=0.000557  max_grad=1.63  patience=0/30
2026-10-08 17:42:06,262  gsv3.training             INFO     [random:random_seed5] epoch 0030  layout_ce=1.1420  layout_acc=0.651
2026-10-08 17:42:06,262  gsv3.training             INFO     [random:random_seed5] epoch 0030  train_log_mse=0.12035  val_log_mse=0.09487  val_mse=0.000563  max_grad=2.27  patience=1/30
2026-10-08 17:43:17,898  gsv3.training             INFO     [random:random_seed5] epoch 0031  layout_ce=1.0904  layout_acc=0.668
2026-10-08 17:43:17,899  gsv3.training             INFO     [random:random_seed5] epoch 0031  train_log_mse=0.11471  val_log_mse=0.08560  val_mse=0.000569  max_grad=1.84  patience=2/30
2026-10-08 17:44:29,642  gsv3.training             INFO     [random:random_seed5] epoch 0032  layout_ce=1.0603  layout_acc=0.678
2026-10-08 17:44:29,642  gsv3.training             INFO     [random:random_seed5] epoch 0032  train_log_mse=0.11186  val_log_mse=0.08047  val_mse=0.000632  max_grad=2.10  patience=3/30
2026-10-08 17:45:40,850  gsv3.training             INFO     [random:random_seed5] epoch 0033  layout_ce=1.0165  layout_acc=0.693
2026-10-08 17:45:40,850  gsv3.training             INFO     [random:random_seed5] epoch 0033  train_log_mse=0.10726  val_log_mse=0.09284  val_mse=0.000587  max_grad=3.80  patience=4/30
2026-10-08 17:46:52,355  gsv3.training             INFO     [random:random_seed5] epoch 0034  layout_ce=0.9872  layout_acc=0.703
2026-10-08 17:46:52,357  gsv3.training             INFO     [random:random_seed5] epoch 0034  train_log_mse=0.10493  val_log_mse=0.09647  val_mse=0.000551  max_grad=2.15  patience=0/30
2026-10-08 17:48:03,954  gsv3.training             INFO     [random:random_seed5] epoch 0035  layout_ce=0.9408  layout_acc=0.719
2026-10-08 17:48:03,956  gsv3.training             INFO     [random:random_seed5] epoch 0035  train_log_mse=0.09976  val_log_mse=0.07647  val_mse=0.000507  max_grad=2.58  patience=0/30
2026-10-08 17:49:15,345  gsv3.training             INFO     [random:random_seed5] epoch 0036  layout_ce=0.9177  layout_acc=0.726
2026-10-08 17:49:15,345  gsv3.training             INFO     [random:random_seed5] epoch 0036  train_log_mse=0.09727  val_log_mse=0.08391  val_mse=0.000578  max_grad=2.08  patience=1/30
2026-10-08 17:50:26,901  gsv3.training             INFO     [random:random_seed5] epoch 0037  layout_ce=0.8896  layout_acc=0.735
2026-10-08 17:50:26,901  gsv3.training             INFO     [random:random_seed5] epoch 0037  train_log_mse=0.09469  val_log_mse=0.07748  val_mse=0.000518  max_grad=2.23  patience=2/30
2026-10-08 17:51:38,624  gsv3.training             INFO     [random:random_seed5] epoch 0038  layout_ce=0.8700  layout_acc=0.743
2026-10-08 17:51:38,625  gsv3.training             INFO     [random:random_seed5] epoch 0038  train_log_mse=0.09243  val_log_mse=0.08882  val_mse=0.000546  max_grad=2.88  patience=3/30
2026-10-08 17:52:50,165  gsv3.training             INFO     [random:random_seed5] epoch 0039  layout_ce=0.8309  layout_acc=0.756
2026-10-08 17:52:50,166  gsv3.training             INFO     [random:random_seed5] epoch 0039  train_log_mse=0.08856  val_log_mse=0.07319  val_mse=0.000522  max_grad=2.21  patience=4/30
2026-10-08 17:54:01,808  gsv3.training             INFO     [random:random_seed5] epoch 0040  layout_ce=0.8078  layout_acc=0.763
2026-10-08 17:54:01,810  gsv3.training             INFO     [random:random_seed5] epoch 0040  train_log_mse=0.08577  val_log_mse=0.07440  val_mse=0.000483  max_grad=3.14  patience=0/30
2026-10-08 17:55:13,490  gsv3.training             INFO     [random:random_seed5] epoch 0041  layout_ce=0.7954  layout_acc=0.768
2026-10-08 17:55:13,491  gsv3.training             INFO     [random:random_seed5] epoch 0041  train_log_mse=0.08516  val_log_mse=0.08558  val_mse=0.000499  max_grad=2.53  patience=1/30
2026-10-08 17:56:25,517  gsv3.training             INFO     [random:random_seed5] epoch 0042  layout_ce=0.7570  layout_acc=0.781
2026-10-08 17:56:25,518  gsv3.training             INFO     [random:random_seed5] epoch 0042  train_log_mse=0.08090  val_log_mse=0.08607  val_mse=0.000514  max_grad=2.17  patience=2/30
2026-10-08 17:57:37,539  gsv3.training             INFO     [random:random_seed5] epoch 0043  layout_ce=0.7376  layout_acc=0.788
2026-10-08 17:57:37,539  gsv3.training             INFO     [random:random_seed5] epoch 0043  train_log_mse=0.07888  val_log_mse=0.07638  val_mse=0.000486  max_grad=1.72  patience=3/30
2026-10-08 17:58:48,743  gsv3.training             INFO     [random:random_seed5] epoch 0044  layout_ce=0.7144  layout_acc=0.795
2026-10-08 17:58:48,744  gsv3.training             INFO     [random:random_seed5] epoch 0044  train_log_mse=0.07627  val_log_mse=0.07833  val_mse=0.000487  max_grad=1.77  patience=4/30
2026-10-08 17:59:59,485  gsv3.training             INFO     [random:random_seed5] epoch 0045  layout_ce=0.6991  layout_acc=0.800
2026-10-08 17:59:59,485  gsv3.training             INFO     [random:random_seed5] epoch 0045  train_log_mse=0.07451  val_log_mse=0.07331  val_mse=0.000504  max_grad=1.95  patience=5/30
2026-10-08 18:01:10,660  gsv3.training             INFO     [random:random_seed5] epoch 0046  layout_ce=0.6855  layout_acc=0.804
2026-10-08 18:01:10,660  gsv3.training             INFO     [random:random_seed5] epoch 0046  train_log_mse=0.07349  val_log_mse=0.08108  val_mse=0.000531  max_grad=2.50  patience=6/30
2026-10-08 18:02:21,890  gsv3.training             INFO     [random:random_seed5] epoch 0047  layout_ce=0.6650  layout_acc=0.812
2026-10-08 18:02:21,890  gsv3.training             INFO     [random:random_seed5] epoch 0047  train_log_mse=0.07156  val_log_mse=0.13966  val_mse=0.000583  max_grad=5.09  patience=7/30
2026-10-08 18:03:32,547  gsv3.training             INFO     [random:random_seed5] epoch 0048  layout_ce=0.6472  layout_acc=0.817
2026-10-08 18:03:32,548  gsv3.training             INFO     [random:random_seed5] epoch 0048  train_log_mse=0.06962  val_log_mse=0.07197  val_mse=0.000536  max_grad=2.38  patience=8/30
2026-10-08 18:04:43,174  gsv3.training             INFO     [random:random_seed5] epoch 0049  layout_ce=0.6314  layout_acc=0.822
2026-10-08 18:04:43,175  gsv3.training             INFO     [random:random_seed5] epoch 0049  train_log_mse=0.06812  val_log_mse=0.08487  val_mse=0.000491  max_grad=1.83  patience=9/30
2026-10-08 18:05:53,998  gsv3.training             INFO     [random:random_seed5] epoch 0050  layout_ce=0.6104  layout_acc=0.829
2026-10-08 18:05:53,999  gsv3.training             INFO     [random:random_seed5] epoch 0050  train_log_mse=0.06580  val_log_mse=0.09882  val_mse=0.000476  max_grad=2.04  patience=0/30
2026-10-08 18:07:04,581  gsv3.training             INFO     [random:random_seed5] epoch 0051  layout_ce=0.5977  layout_acc=0.834
2026-10-08 18:07:04,581  gsv3.training             INFO     [random:random_seed5] epoch 0051  train_log_mse=0.06420  val_log_mse=0.08001  val_mse=0.000511  max_grad=1.87  patience=1/30
2026-10-08 18:08:15,307  gsv3.training             INFO     [random:random_seed5] epoch 0052  layout_ce=0.5884  layout_acc=0.835
2026-10-08 18:08:15,307  gsv3.training             INFO     [random:random_seed5] epoch 0052  train_log_mse=0.06345  val_log_mse=0.07607  val_mse=0.000520  max_grad=2.04  patience=2/30
2026-10-08 18:09:21,233  gsv3.training             INFO     [random:random_seed5] epoch 0053  layout_ce=0.5713  layout_acc=0.841
2026-10-08 18:09:21,233  gsv3.training             INFO     [random:random_seed5] epoch 0053  train_log_mse=0.06148  val_log_mse=0.08167  val_mse=0.000490  max_grad=1.85  patience=3/30
2026-10-08 18:10:26,567  gsv3.training             INFO     [random:random_seed5] epoch 0054  layout_ce=0.5582  layout_acc=0.845
2026-10-08 18:10:26,569  gsv3.training             INFO     [random:random_seed5] epoch 0054  train_log_mse=0.06040  val_log_mse=0.08416  val_mse=0.000461  max_grad=2.01  patience=0/30
2026-10-08 18:11:31,790  gsv3.training             INFO     [random:random_seed5] epoch 0055  layout_ce=0.5563  layout_acc=0.846
2026-10-08 18:11:31,790  gsv3.training             INFO     [random:random_seed5] epoch 0055  train_log_mse=0.06029  val_log_mse=0.08061  val_mse=0.000527  max_grad=1.68  patience=1/30
2026-10-08 18:12:37,195  gsv3.training             INFO     [random:random_seed5] epoch 0056  layout_ce=0.5362  layout_acc=0.853
2026-10-08 18:12:37,195  gsv3.training             INFO     [random:random_seed5] epoch 0056  train_log_mse=0.05800  val_log_mse=0.08907  val_mse=0.000476  max_grad=1.73  patience=2/30
2026-10-08 18:13:42,658  gsv3.training             INFO     [random:random_seed5] epoch 0057  layout_ce=0.5267  layout_acc=0.856
2026-10-08 18:13:42,659  gsv3.training             INFO     [random:random_seed5] epoch 0057  train_log_mse=0.05734  val_log_mse=0.07964  val_mse=0.000482  max_grad=3.61  patience=3/30
2026-10-08 18:14:47,972  gsv3.training             INFO     [random:random_seed5] epoch 0058  layout_ce=0.5055  layout_acc=0.862
2026-10-08 18:14:47,972  gsv3.training             INFO     [random:random_seed5] epoch 0058  train_log_mse=0.05461  val_log_mse=0.08352  val_mse=0.000480  max_grad=1.65  patience=4/30
2026-10-08 18:15:53,485  gsv3.training             INFO     [random:random_seed5] epoch 0059  layout_ce=0.5086  layout_acc=0.862
2026-10-08 18:15:53,487  gsv3.training             INFO     [random:random_seed5] epoch 0059  train_log_mse=0.05536  val_log_mse=0.08017  val_mse=0.000429  max_grad=1.86  patience=0/30
2026-10-08 18:16:59,216  gsv3.training             INFO     [random:random_seed5] epoch 0060  layout_ce=0.4928  layout_acc=0.866
2026-10-08 18:16:59,217  gsv3.training             INFO     [random:random_seed5] epoch 0060  train_log_mse=0.05358  val_log_mse=0.07028  val_mse=0.000470  max_grad=1.75  patience=1/30
2026-10-08 18:18:04,905  gsv3.training             INFO     [random:random_seed5] epoch 0061  layout_ce=0.4905  layout_acc=0.869
2026-10-08 18:18:04,905  gsv3.training             INFO     [random:random_seed5] epoch 0061  train_log_mse=0.05319  val_log_mse=0.07288  val_mse=0.000451  max_grad=3.35  patience=2/30
2026-10-08 18:19:10,660  gsv3.training             INFO     [random:random_seed5] epoch 0062  layout_ce=0.4723  layout_acc=0.874
2026-10-08 18:19:10,661  gsv3.training             INFO     [random:random_seed5] epoch 0062  train_log_mse=0.05148  val_log_mse=0.07089  val_mse=0.000492  max_grad=2.22  patience=3/30
2026-10-08 18:20:16,464  gsv3.training             INFO     [random:random_seed5] epoch 0063  layout_ce=0.4681  layout_acc=0.875
2026-10-08 18:20:16,464  gsv3.training             INFO     [random:random_seed5] epoch 0063  train_log_mse=0.05114  val_log_mse=0.07027  val_mse=0.000488  max_grad=2.49  patience=4/30
2026-10-08 18:21:22,300  gsv3.training             INFO     [random:random_seed5] epoch 0064  layout_ce=0.4598  layout_acc=0.877
2026-10-08 18:21:22,300  gsv3.training             INFO     [random:random_seed5] epoch 0064  train_log_mse=0.05001  val_log_mse=0.08239  val_mse=0.000457  max_grad=1.75  patience=5/30
2026-10-08 18:22:27,858  gsv3.training             INFO     [random:random_seed5] epoch 0065  layout_ce=0.4311  layout_acc=0.886
2026-10-08 18:22:27,859  gsv3.training             INFO     [random:random_seed5] epoch 0065  train_log_mse=0.04722  val_log_mse=0.07615  val_mse=0.000479  max_grad=2.16  patience=6/30
2026-10-08 18:23:33,270  gsv3.training             INFO     [random:random_seed5] epoch 0066  layout_ce=0.4572  layout_acc=0.879
2026-10-08 18:23:33,271  gsv3.training             INFO     [random:random_seed5] epoch 0066  train_log_mse=0.04982  val_log_mse=0.08297  val_mse=0.000519  max_grad=1.97  patience=7/30
2026-10-08 18:24:38,615  gsv3.training             INFO     [random:random_seed5] epoch 0067  layout_ce=0.4375  layout_acc=0.885
2026-10-08 18:24:38,615  gsv3.training             INFO     [random:random_seed5] epoch 0067  train_log_mse=0.04806  val_log_mse=0.07595  val_mse=0.000497  max_grad=2.06  patience=8/30
2026-10-08 18:25:44,064  gsv3.training             INFO     [random:random_seed5] epoch 0068  layout_ce=0.4242  layout_acc=0.888
2026-10-08 18:25:44,064  gsv3.training             INFO     [random:random_seed5] epoch 0068  train_log_mse=0.04641  val_log_mse=0.07938  val_mse=0.000479  max_grad=1.83  patience=9/30
2026-10-08 18:26:49,630  gsv3.training             INFO     [random:random_seed5] epoch 0069  layout_ce=0.4250  layout_acc=0.889
2026-10-08 18:26:49,630  gsv3.training             INFO     [random:random_seed5] epoch 0069  train_log_mse=0.04665  val_log_mse=0.10564  val_mse=0.000466  max_grad=1.85  patience=10/30
2026-10-08 18:27:55,232  gsv3.training             INFO     [random:random_seed5] epoch 0070  layout_ce=0.4115  layout_acc=0.892
2026-10-08 18:27:55,232  gsv3.training             INFO     [random:random_seed5] epoch 0070  train_log_mse=0.04522  val_log_mse=0.16821  val_mse=0.000603  max_grad=1.93  patience=11/30
2026-10-08 18:29:00,634  gsv3.training             INFO     [random:random_seed5] epoch 0071  layout_ce=0.4085  layout_acc=0.893
2026-10-08 18:29:00,634  gsv3.training             INFO     [random:random_seed5] epoch 0071  train_log_mse=0.04517  val_log_mse=0.07053  val_mse=0.000465  max_grad=2.21  patience=12/30
2026-10-08 18:30:06,285  gsv3.training             INFO     [random:random_seed5] epoch 0072  layout_ce=0.3943  layout_acc=0.898
2026-10-08 18:30:06,286  gsv3.training             INFO     [random:random_seed5] epoch 0072  train_log_mse=0.04357  val_log_mse=0.07360  val_mse=0.000459  max_grad=2.34  patience=13/30
2026-10-08 18:31:11,921  gsv3.training             INFO     [random:random_seed5] epoch 0073  layout_ce=0.3917  layout_acc=0.899
2026-10-08 18:31:11,921  gsv3.training             INFO     [random:random_seed5] epoch 0073  train_log_mse=0.04297  val_log_mse=0.07312  val_mse=0.000441  max_grad=2.87  patience=14/30
2026-10-08 18:32:17,598  gsv3.training             INFO     [random:random_seed5] epoch 0074  layout_ce=0.3820  layout_acc=0.901
2026-10-08 18:32:17,600  gsv3.training             INFO     [random:random_seed5] epoch 0074  train_log_mse=0.04238  val_log_mse=0.08055  val_mse=0.000427  max_grad=5.01  patience=0/30
2026-10-08 18:33:23,178  gsv3.training             INFO     [random:random_seed5] epoch 0075  layout_ce=0.3824  layout_acc=0.901
2026-10-08 18:33:23,178  gsv3.training             INFO     [random:random_seed5] epoch 0075  train_log_mse=0.04204  val_log_mse=0.08051  val_mse=0.000454  max_grad=1.82  patience=1/30
2026-10-08 18:34:28,996  gsv3.training             INFO     [random:random_seed5] epoch 0076  layout_ce=0.3811  layout_acc=0.902
2026-10-08 18:34:28,997  gsv3.training             INFO     [random:random_seed5] epoch 0076  train_log_mse=0.04228  val_log_mse=0.07679  val_mse=0.000434  max_grad=1.89  patience=2/30
2026-10-08 18:35:34,726  gsv3.training             INFO     [random:random_seed5] epoch 0077  layout_ce=0.3709  layout_acc=0.905
2026-10-08 18:35:34,726  gsv3.training             INFO     [random:random_seed5] epoch 0077  train_log_mse=0.04093  val_log_mse=0.08460  val_mse=0.000435  max_grad=3.19  patience=3/30
2026-10-08 18:36:40,396  gsv3.training             INFO     [random:random_seed5] epoch 0078  layout_ce=0.3645  layout_acc=0.907
2026-10-08 18:36:40,396  gsv3.training             INFO     [random:random_seed5] epoch 0078  train_log_mse=0.04022  val_log_mse=0.07752  val_mse=0.000431  max_grad=1.60  patience=4/30
2026-10-08 18:37:45,758  gsv3.training             INFO     [random:random_seed5] epoch 0079  layout_ce=0.3712  layout_acc=0.904
2026-10-08 18:37:45,758  gsv3.training             INFO     [random:random_seed5] epoch 0079  train_log_mse=0.04088  val_log_mse=0.12445  val_mse=0.000511  max_grad=2.51  patience=5/30
2026-10-08 18:38:51,369  gsv3.training             INFO     [random:random_seed5] epoch 0080  layout_ce=0.3661  layout_acc=0.907
2026-10-08 18:38:51,370  gsv3.training             INFO     [random:random_seed5] epoch 0080  train_log_mse=0.04081  val_log_mse=0.08778  val_mse=0.000606  max_grad=2.16  patience=6/30
2026-10-08 18:39:56,863  gsv3.training             INFO     [random:random_seed5] epoch 0081  layout_ce=0.3667  layout_acc=0.906
2026-10-08 18:39:56,863  gsv3.training             INFO     [random:random_seed5] epoch 0081  train_log_mse=0.04052  val_log_mse=0.09386  val_mse=0.000458  max_grad=1.94  patience=7/30
2026-10-08 18:41:02,801  gsv3.training             INFO     [random:random_seed5] epoch 0082  layout_ce=0.3414  layout_acc=0.913
2026-10-08 18:41:02,801  gsv3.training             INFO     [random:random_seed5] epoch 0082  train_log_mse=0.03795  val_log_mse=0.07143  val_mse=0.000480  max_grad=2.12  patience=8/30
2026-10-08 18:42:08,393  gsv3.training             INFO     [random:random_seed5] epoch 0083  layout_ce=0.3293  layout_acc=0.916
2026-10-08 18:42:08,393  gsv3.training             INFO     [random:random_seed5] epoch 0083  train_log_mse=0.03626  val_log_mse=0.08092  val_mse=0.000457  max_grad=1.82  patience=9/30
2026-10-08 18:43:14,163  gsv3.training             INFO     [random:random_seed5] epoch 0084  layout_ce=0.3460  layout_acc=0.912
2026-10-08 18:43:14,164  gsv3.training             INFO     [random:random_seed5] epoch 0084  train_log_mse=0.03832  val_log_mse=0.08419  val_mse=0.000442  max_grad=1.98  patience=10/30
2026-10-08 18:44:20,064  gsv3.training             INFO     [random:random_seed5] epoch 0085  layout_ce=0.3317  layout_acc=0.916
2026-10-08 18:44:20,065  gsv3.training             INFO     [random:random_seed5] epoch 0085  train_log_mse=0.03676  val_log_mse=0.08088  val_mse=0.000427  max_grad=1.49  patience=0/30
2026-10-08 18:45:26,254  gsv3.training             INFO     [random:random_seed5] epoch 0086  layout_ce=0.3297  layout_acc=0.917
2026-10-08 18:45:26,254  gsv3.training             INFO     [random:random_seed5] epoch 0086  train_log_mse=0.03655  val_log_mse=0.07935  val_mse=0.000430  max_grad=1.64  patience=1/30
2026-10-08 18:46:32,037  gsv3.training             INFO     [random:random_seed5] epoch 0087  layout_ce=0.3263  layout_acc=0.917
2026-10-08 18:46:32,038  gsv3.training             INFO     [random:random_seed5] epoch 0087  train_log_mse=0.03639  val_log_mse=0.09188  val_mse=0.000480  max_grad=1.77  patience=2/30
2026-10-08 18:47:37,932  gsv3.training             INFO     [random:random_seed5] epoch 0088  layout_ce=0.3288  layout_acc=0.917
2026-10-08 18:47:37,932  gsv3.training             INFO     [random:random_seed5] epoch 0088  train_log_mse=0.03669  val_log_mse=0.07499  val_mse=0.000448  max_grad=1.46  patience=3/30
2026-10-08 18:48:43,724  gsv3.training             INFO     [random:random_seed5] epoch 0089  layout_ce=0.3160  layout_acc=0.920
2026-10-08 18:48:43,724  gsv3.training             INFO     [random:random_seed5] epoch 0089  train_log_mse=0.03533  val_log_mse=0.09464  val_mse=0.000475  max_grad=1.95  patience=4/30
2026-10-08 18:49:47,198  gsv3.training             INFO     [random:random_seed5] epoch 0090  layout_ce=0.3311  layout_acc=0.917
2026-10-08 18:49:47,199  gsv3.training             INFO     [random:random_seed5] epoch 0090  train_log_mse=0.03689  val_log_mse=0.07824  val_mse=0.000431  max_grad=2.51  patience=5/30
2026-10-08 18:50:49,372  gsv3.training             INFO     [random:random_seed5] epoch 0091  layout_ce=0.3132  layout_acc=0.921
2026-10-08 18:50:49,372  gsv3.training             INFO     [random:random_seed5] epoch 0091  train_log_mse=0.03461  val_log_mse=0.07401  val_mse=0.000467  max_grad=1.50  patience=6/30
2026-10-08 18:51:51,582  gsv3.training             INFO     [random:random_seed5] epoch 0092  layout_ce=0.3044  layout_acc=0.924
2026-10-08 18:51:51,582  gsv3.training             INFO     [random:random_seed5] epoch 0092  train_log_mse=0.03417  val_log_mse=0.09515  val_mse=0.000444  max_grad=1.89  patience=7/30
2026-10-08 18:52:53,807  gsv3.training             INFO     [random:random_seed5] epoch 0093  layout_ce=0.3131  layout_acc=0.921
2026-10-08 18:52:53,809  gsv3.training             INFO     [random:random_seed5] epoch 0093  train_log_mse=0.03525  val_log_mse=0.08017  val_mse=0.000407  max_grad=1.80  patience=0/30
2026-10-08 18:53:56,134  gsv3.training             INFO     [random:random_seed5] epoch 0094  layout_ce=0.2950  layout_acc=0.926
2026-10-08 18:53:56,134  gsv3.training             INFO     [random:random_seed5] epoch 0094  train_log_mse=0.03294  val_log_mse=0.08576  val_mse=0.000497  max_grad=1.89  patience=1/30
2026-10-08 18:54:58,490  gsv3.training             INFO     [random:random_seed5] epoch 0095  layout_ce=0.3190  layout_acc=0.920
2026-10-08 18:54:58,490  gsv3.training             INFO     [random:random_seed5] epoch 0095  train_log_mse=0.03562  val_log_mse=0.08045  val_mse=0.000437  max_grad=2.21  patience=2/30
2026-10-08 18:56:01,030  gsv3.training             INFO     [random:random_seed5] epoch 0096  layout_ce=0.2891  layout_acc=0.928
2026-10-08 18:56:01,031  gsv3.training             INFO     [random:random_seed5] epoch 0096  train_log_mse=0.03271  val_log_mse=0.06875  val_mse=0.000438  max_grad=1.78  patience=3/30
2026-10-08 18:57:02,972  gsv3.training             INFO     [random:random_seed5] epoch 0097  layout_ce=0.2941  layout_acc=0.927
2026-10-08 18:57:02,972  gsv3.training             INFO     [random:random_seed5] epoch 0097  train_log_mse=0.03315  val_log_mse=0.07637  val_mse=0.000452  max_grad=2.33  patience=4/30
2026-10-08 18:58:04,769  gsv3.training             INFO     [random:random_seed5] epoch 0098  layout_ce=0.2853  layout_acc=0.930
2026-10-08 18:58:04,770  gsv3.training             INFO     [random:random_seed5] epoch 0098  train_log_mse=0.03165  val_log_mse=0.08248  val_mse=0.000420  max_grad=1.46  patience=5/30
2026-10-08 18:59:06,941  gsv3.training             INFO     [random:random_seed5] epoch 0099  layout_ce=0.2900  layout_acc=0.927
2026-10-08 18:59:06,941  gsv3.training             INFO     [random:random_seed5] epoch 0099  train_log_mse=0.03257  val_log_mse=0.08828  val_mse=0.000462  max_grad=1.50  patience=6/30
2026-10-08 19:00:08,821  gsv3.training             INFO     [random:random_seed5] epoch 0100  layout_ce=0.2860  layout_acc=0.930
2026-10-08 19:00:08,821  gsv3.training             INFO     [random:random_seed5] epoch 0100  train_log_mse=0.03219  val_log_mse=0.08591  val_mse=0.000424  max_grad=1.55  patience=7/30
2026-10-08 19:01:10,733  gsv3.training             INFO     [random:random_seed5] epoch 0101  layout_ce=0.2911  layout_acc=0.928
2026-10-08 19:01:10,733  gsv3.training             INFO     [random:random_seed5] epoch 0101  train_log_mse=0.03244  val_log_mse=0.07497  val_mse=0.000458  max_grad=1.96  patience=8/30
2026-10-08 19:02:12,478  gsv3.training             INFO     [random:random_seed5] epoch 0102  layout_ce=0.3032  layout_acc=0.924
2026-10-08 19:02:12,479  gsv3.training             INFO     [random:random_seed5] epoch 0102  train_log_mse=0.03414  val_log_mse=0.08014  val_mse=0.000422  max_grad=3.16  patience=9/30
2026-10-08 19:03:14,258  gsv3.training             INFO     [random:random_seed5] epoch 0103  layout_ce=0.2678  layout_acc=0.934
2026-10-08 19:03:14,259  gsv3.training             INFO     [random:random_seed5] epoch 0103  train_log_mse=0.03005  val_log_mse=0.07685  val_mse=0.000471  max_grad=1.60  patience=10/30
2026-10-08 19:04:16,466  gsv3.training             INFO     [random:random_seed5] epoch 0104  layout_ce=0.2725  layout_acc=0.933
2026-10-08 19:04:16,466  gsv3.training             INFO     [random:random_seed5] epoch 0104  train_log_mse=0.03089  val_log_mse=0.07752  val_mse=0.000522  max_grad=1.47  patience=11/30
2026-10-08 19:05:19,031  gsv3.training             INFO     [random:random_seed5] epoch 0105  layout_ce=0.2707  layout_acc=0.934
2026-10-08 19:05:19,031  gsv3.training             INFO     [random:random_seed5] epoch 0105  train_log_mse=0.03031  val_log_mse=0.07724  val_mse=0.000470  max_grad=1.98  patience=12/30
2026-10-08 19:06:21,520  gsv3.training             INFO     [random:random_seed5] epoch 0106  layout_ce=0.2854  layout_acc=0.928
2026-10-08 19:06:21,520  gsv3.training             INFO     [random:random_seed5] epoch 0106  train_log_mse=0.03236  val_log_mse=0.08087  val_mse=0.000457  max_grad=2.39  patience=13/30
2026-10-08 19:07:24,053  gsv3.training             INFO     [random:random_seed5] epoch 0107  layout_ce=0.2628  layout_acc=0.936
2026-10-08 19:07:24,053  gsv3.training             INFO     [random:random_seed5] epoch 0107  train_log_mse=0.02966  val_log_mse=0.08251  val_mse=0.000460  max_grad=1.34  patience=14/30
2026-10-08 19:08:26,511  gsv3.training             INFO     [random:random_seed5] epoch 0108  layout_ce=0.2698  layout_acc=0.933
2026-10-08 19:08:26,511  gsv3.training             INFO     [random:random_seed5] epoch 0108  train_log_mse=0.03017  val_log_mse=0.07148  val_mse=0.000424  max_grad=1.61  patience=15/30
2026-10-08 19:09:28,745  gsv3.training             INFO     [random:random_seed5] epoch 0109  layout_ce=0.2739  layout_acc=0.933
2026-10-08 19:09:28,746  gsv3.training             INFO     [random:random_seed5] epoch 0109  train_log_mse=0.03115  val_log_mse=0.07748  val_mse=0.000434  max_grad=3.54  patience=16/30
2026-10-08 19:10:31,029  gsv3.training             INFO     [random:random_seed5] epoch 0110  layout_ce=0.2450  layout_acc=0.940
2026-10-08 19:10:31,030  gsv3.training             INFO     [random:random_seed5] epoch 0110  train_log_mse=0.02741  val_log_mse=0.07671  val_mse=0.000493  max_grad=1.62  patience=17/30
2026-10-08 19:11:33,050  gsv3.training             INFO     [random:random_seed5] epoch 0111  layout_ce=0.2532  layout_acc=0.938
2026-10-08 19:11:33,051  gsv3.training             INFO     [random:random_seed5] epoch 0111  train_log_mse=0.02856  val_log_mse=0.08103  val_mse=0.000405  max_grad=4.88  patience=0/30
2026-10-08 19:12:35,551  gsv3.training             INFO     [random:random_seed5] epoch 0112  layout_ce=0.2797  layout_acc=0.931
2026-10-08 19:12:35,552  gsv3.training             INFO     [random:random_seed5] epoch 0112  train_log_mse=0.03193  val_log_mse=0.07844  val_mse=0.000467  max_grad=2.38  patience=1/30
2026-10-08 19:13:37,058  gsv3.training             INFO     [random:random_seed5] epoch 0113  layout_ce=0.2705  layout_acc=0.934
2026-10-08 19:13:37,059  gsv3.training             INFO     [random:random_seed5] epoch 0113  train_log_mse=0.03033  val_log_mse=0.07516  val_mse=0.000407  max_grad=2.40  patience=2/30
2026-10-08 19:14:33,208  gsv3.training             INFO     [random:random_seed5] epoch 0114  layout_ce=0.2489  layout_acc=0.938
2026-10-08 19:14:33,208  gsv3.training             INFO     [random:random_seed5] epoch 0114  train_log_mse=0.02901  val_log_mse=0.08081  val_mse=0.000441  max_grad=1.45  patience=3/30
2026-10-08 19:15:29,787  gsv3.training             INFO     [random:random_seed5] epoch 0115  layout_ce=0.2417  layout_acc=0.941
2026-10-08 19:15:29,787  gsv3.training             INFO     [random:random_seed5] epoch 0115  train_log_mse=0.02739  val_log_mse=0.08091  val_mse=0.000462  max_grad=1.49  patience=4/30
2026-10-08 19:16:26,344  gsv3.training             INFO     [random:random_seed5] epoch 0116  layout_ce=0.2516  layout_acc=0.938
2026-10-08 19:16:26,344  gsv3.training             INFO     [random:random_seed5] epoch 0116  train_log_mse=0.02856  val_log_mse=0.09101  val_mse=0.000474  max_grad=1.73  patience=5/30
2026-10-08 19:17:22,853  gsv3.training             INFO     [random:random_seed5] epoch 0117  layout_ce=0.2547  layout_acc=0.937
2026-10-08 19:17:22,853  gsv3.training             INFO     [random:random_seed5] epoch 0117  train_log_mse=0.02860  val_log_mse=0.08866  val_mse=0.000497  max_grad=1.65  patience=6/30
2026-10-08 19:18:18,888  gsv3.training             INFO     [random:random_seed5] epoch 0118  layout_ce=0.2506  layout_acc=0.939
2026-10-08 19:18:18,888  gsv3.training             INFO     [random:random_seed5] epoch 0118  train_log_mse=0.02831  val_log_mse=0.07898  val_mse=0.000417  max_grad=3.21  patience=7/30
2026-10-08 19:19:15,132  gsv3.training             INFO     [random:random_seed5] epoch 0119  layout_ce=0.2198  layout_acc=0.947
2026-10-08 19:19:15,133  gsv3.training             INFO     [random:random_seed5] epoch 0119  train_log_mse=0.02499  val_log_mse=0.08242  val_mse=0.000488  max_grad=1.27  patience=8/30
2026-10-08 19:20:11,473  gsv3.training             INFO     [random:random_seed5] epoch 0120  layout_ce=0.2560  layout_acc=0.938
2026-10-08 19:20:11,474  gsv3.training             INFO     [random:random_seed5] epoch 0120  train_log_mse=0.02915  val_log_mse=0.12375  val_mse=0.000549  max_grad=2.29  patience=9/30
2026-10-08 19:21:07,792  gsv3.training             INFO     [random:random_seed5] epoch 0121  layout_ce=0.2413  layout_acc=0.942
2026-10-08 19:21:07,792  gsv3.training             INFO     [random:random_seed5] epoch 0121  train_log_mse=0.02754  val_log_mse=0.08915  val_mse=0.000557  max_grad=1.80  patience=10/30
2026-10-08 19:22:04,252  gsv3.training             INFO     [random:random_seed5] epoch 0122  layout_ce=0.2370  layout_acc=0.942
2026-10-08 19:22:04,252  gsv3.training             INFO     [random:random_seed5] epoch 0122  train_log_mse=0.02657  val_log_mse=0.07628  val_mse=0.000472  max_grad=1.40  patience=11/30
2026-10-08 19:23:00,584  gsv3.training             INFO     [random:random_seed5] epoch 0123  layout_ce=0.2481  layout_acc=0.941
2026-10-08 19:23:00,584  gsv3.training             INFO     [random:random_seed5] epoch 0123  train_log_mse=0.02787  val_log_mse=0.08147  val_mse=0.000428  max_grad=9.58  patience=12/30
2026-10-08 19:23:56,994  gsv3.training             INFO     [random:random_seed5] epoch 0124  layout_ce=0.2481  layout_acc=0.941
2026-10-08 19:23:56,994  gsv3.training             INFO     [random:random_seed5] epoch 0124  train_log_mse=0.02819  val_log_mse=0.08354  val_mse=0.000478  max_grad=1.41  patience=13/30
2026-10-08 19:24:53,615  gsv3.training             INFO     [random:random_seed5] epoch 0125  layout_ce=0.2158  layout_acc=0.949
2026-10-08 19:24:53,615  gsv3.training             INFO     [random:random_seed5] epoch 0125  train_log_mse=0.02474  val_log_mse=0.08688  val_mse=0.000430  max_grad=1.45  patience=14/30
2026-10-08 19:25:49,771  gsv3.training             INFO     [random:random_seed5] epoch 0126  layout_ce=0.2375  layout_acc=0.942
2026-10-08 19:25:49,771  gsv3.training             INFO     [random:random_seed5] epoch 0126  train_log_mse=0.02698  val_log_mse=0.08923  val_mse=0.000472  max_grad=1.46  patience=15/30
2026-10-08 19:26:46,390  gsv3.training             INFO     [random:random_seed5] epoch 0127  layout_ce=0.2262  layout_acc=0.945
2026-10-08 19:26:46,390  gsv3.training             INFO     [random:random_seed5] epoch 0127  train_log_mse=0.02555  val_log_mse=0.07996  val_mse=0.000427  max_grad=1.41  patience=16/30
2026-10-08 19:27:43,105  gsv3.training             INFO     [random:random_seed5] epoch 0128  layout_ce=0.2056  layout_acc=0.951
2026-10-08 19:27:43,105  gsv3.training             INFO     [random:random_seed5] epoch 0128  train_log_mse=0.02334  val_log_mse=0.09181  val_mse=0.000433  max_grad=1.36  patience=17/30
2026-10-08 19:28:39,689  gsv3.training             INFO     [random:random_seed5] epoch 0129  layout_ce=0.2592  layout_acc=0.937
2026-10-08 19:28:39,689  gsv3.training             INFO     [random:random_seed5] epoch 0129  train_log_mse=0.02949  val_log_mse=0.08643  val_mse=0.000427  max_grad=2.66  patience=18/30
2026-10-08 19:29:36,032  gsv3.training             INFO     [random:random_seed5] epoch 0130  layout_ce=0.2412  layout_acc=0.942
2026-10-08 19:29:36,032  gsv3.training             INFO     [random:random_seed5] epoch 0130  train_log_mse=0.02729  val_log_mse=0.07896  val_mse=0.000438  max_grad=1.42  patience=19/30
2026-10-08 19:30:32,490  gsv3.training             INFO     [random:random_seed5] epoch 0131  layout_ce=0.2077  layout_acc=0.950
2026-10-08 19:30:32,490  gsv3.training             INFO     [random:random_seed5] epoch 0131  train_log_mse=0.02368  val_log_mse=0.07909  val_mse=0.000431  max_grad=1.72  patience=20/30
2026-10-08 19:31:28,703  gsv3.training             INFO     [random:random_seed5] epoch 0132  layout_ce=0.2159  layout_acc=0.948
2026-10-08 19:31:28,703  gsv3.training             INFO     [random:random_seed5] epoch 0132  train_log_mse=0.02449  val_log_mse=0.08244  val_mse=0.000453  max_grad=2.34  patience=21/30
2026-10-08 19:32:24,983  gsv3.training             INFO     [random:random_seed5] epoch 0133  layout_ce=0.2170  layout_acc=0.949
2026-10-08 19:32:24,983  gsv3.training             INFO     [random:random_seed5] epoch 0133  train_log_mse=0.02490  val_log_mse=0.08102  val_mse=0.000408  max_grad=2.02  patience=22/30
2026-10-08 19:33:21,495  gsv3.training             INFO     [random:random_seed5] epoch 0134  layout_ce=0.2073  layout_acc=0.951
2026-10-08 19:33:21,495  gsv3.training             INFO     [random:random_seed5] epoch 0134  train_log_mse=0.02363  val_log_mse=0.08577  val_mse=0.000514  max_grad=2.30  patience=23/30
2026-10-08 19:34:17,629  gsv3.training             INFO     [random:random_seed5] epoch 0135  layout_ce=0.2482  layout_acc=0.940
2026-10-08 19:34:17,629  gsv3.training             INFO     [random:random_seed5] epoch 0135  train_log_mse=0.02804  val_log_mse=0.09805  val_mse=0.000447  max_grad=2.95  patience=24/30
2026-10-08 19:35:14,137  gsv3.training             INFO     [random:random_seed5] epoch 0136  layout_ce=0.2188  layout_acc=0.948
2026-10-08 19:35:14,138  gsv3.training             INFO     [random:random_seed5] epoch 0136  train_log_mse=0.02515  val_log_mse=0.08162  val_mse=0.000400  max_grad=4.20  patience=0/30
2026-10-08 19:36:10,667  gsv3.training             INFO     [random:random_seed5] epoch 0137  layout_ce=0.2095  layout_acc=0.951
2026-10-08 19:36:10,667  gsv3.training             INFO     [random:random_seed5] epoch 0137  train_log_mse=0.02394  val_log_mse=0.08060  val_mse=0.000424  max_grad=4.90  patience=1/30
2026-10-08 19:37:07,588  gsv3.training             INFO     [random:random_seed5] epoch 0138  layout_ce=0.2151  layout_acc=0.949
2026-10-08 19:37:07,588  gsv3.training             INFO     [random:random_seed5] epoch 0138  train_log_mse=0.02462  val_log_mse=0.08698  val_mse=0.000434  max_grad=2.51  patience=2/30
2026-10-08 19:38:04,407  gsv3.training             INFO     [random:random_seed5] epoch 0139  layout_ce=0.1907  layout_acc=0.955
2026-10-08 19:38:04,407  gsv3.training             INFO     [random:random_seed5] epoch 0139  train_log_mse=0.02180  val_log_mse=0.07779  val_mse=0.000430  max_grad=1.60  patience=3/30
2026-10-08 19:39:01,065  gsv3.training             INFO     [random:random_seed5] epoch 0140  layout_ce=0.2171  layout_acc=0.949
2026-10-08 19:39:01,065  gsv3.training             INFO     [random:random_seed5] epoch 0140  train_log_mse=0.02500  val_log_mse=0.08605  val_mse=0.000479  max_grad=1.87  patience=4/30
2026-10-08 19:39:57,173  gsv3.training             INFO     [random:random_seed5] epoch 0141  layout_ce=0.2225  layout_acc=0.947
2026-10-08 19:39:57,173  gsv3.training             INFO     [random:random_seed5] epoch 0141  train_log_mse=0.02538  val_log_mse=0.10962  val_mse=0.000539  max_grad=2.63  patience=5/30
2026-10-08 19:40:53,311  gsv3.training             INFO     [random:random_seed5] epoch 0142  layout_ce=0.2050  layout_acc=0.953
2026-10-08 19:40:53,311  gsv3.training             INFO     [random:random_seed5] epoch 0142  train_log_mse=0.02361  val_log_mse=0.07996  val_mse=0.000420  max_grad=2.69  patience=6/30
2026-10-08 19:41:49,424  gsv3.training             INFO     [random:random_seed5] epoch 0143  layout_ce=0.2137  layout_acc=0.949
2026-10-08 19:41:49,424  gsv3.training             INFO     [random:random_seed5] epoch 0143  train_log_mse=0.02407  val_log_mse=0.08664  val_mse=0.000442  max_grad=1.32  patience=7/30
2026-10-08 19:42:46,133  gsv3.training             INFO     [random:random_seed5] epoch 0144  layout_ce=0.1829  layout_acc=0.957
2026-10-08 19:42:46,133  gsv3.training             INFO     [random:random_seed5] epoch 0144  train_log_mse=0.02099  val_log_mse=0.08332  val_mse=0.000456  max_grad=1.40  patience=8/30
2026-10-08 19:43:42,679  gsv3.training             INFO     [random:random_seed5] epoch 0145  layout_ce=0.2182  layout_acc=0.949
2026-10-08 19:43:42,679  gsv3.training             INFO     [random:random_seed5] epoch 0145  train_log_mse=0.02496  val_log_mse=0.07677  val_mse=0.000458  max_grad=1.89  patience=9/30
2026-10-08 19:44:39,341  gsv3.training             INFO     [random:random_seed5] epoch 0146  layout_ce=0.2058  layout_acc=0.952
2026-10-08 19:44:39,341  gsv3.training             INFO     [random:random_seed5] epoch 0146  train_log_mse=0.02364  val_log_mse=0.08273  val_mse=0.000429  max_grad=2.73  patience=10/30
2026-10-08 19:45:35,536  gsv3.training             INFO     [random:random_seed5] epoch 0147  layout_ce=0.2030  layout_acc=0.952
2026-10-08 19:45:35,536  gsv3.training             INFO     [random:random_seed5] epoch 0147  train_log_mse=0.02320  val_log_mse=0.08481  val_mse=0.000411  max_grad=1.46  patience=11/30
2026-10-08 19:46:31,848  gsv3.training             INFO     [random:random_seed5] epoch 0148  layout_ce=0.1971  layout_acc=0.953
2026-10-08 19:46:31,848  gsv3.training             INFO     [random:random_seed5] epoch 0148  train_log_mse=0.02234  val_log_mse=0.08382  val_mse=0.000425  max_grad=1.07  patience=12/30
2026-10-08 19:47:28,106  gsv3.training             INFO     [random:random_seed5] epoch 0149  layout_ce=0.1919  layout_acc=0.955
2026-10-08 19:47:28,106  gsv3.training             INFO     [random:random_seed5] epoch 0149  train_log_mse=0.02188  val_log_mse=0.09527  val_mse=0.000428  max_grad=1.28  patience=13/30
2026-10-08 19:48:24,314  gsv3.training             INFO     [random:random_seed5] epoch 0150  layout_ce=0.2111  layout_acc=0.951
2026-10-08 19:48:24,314  gsv3.training             INFO     [random:random_seed5] epoch 0150  train_log_mse=0.02424  val_log_mse=0.08478  val_mse=0.000450  max_grad=2.16  patience=14/30
2026-10-08 19:49:20,776  gsv3.training             INFO     [random:random_seed5] epoch 0151  layout_ce=0.1714  layout_acc=0.960
2026-10-08 19:49:20,776  gsv3.training             INFO     [random:random_seed5] epoch 0151  train_log_mse=0.01992  val_log_mse=0.09160  val_mse=0.000439  max_grad=0.97  patience=15/30
2026-10-08 19:50:17,432  gsv3.training             INFO     [random:random_seed5] epoch 0152  layout_ce=0.1951  layout_acc=0.955
2026-10-08 19:50:17,432  gsv3.training             INFO     [random:random_seed5] epoch 0152  train_log_mse=0.02223  val_log_mse=0.08863  val_mse=0.000482  max_grad=1.43  patience=16/30
2026-10-08 19:51:14,372  gsv3.training             INFO     [random:random_seed5] epoch 0153  layout_ce=0.2007  layout_acc=0.953
2026-10-08 19:51:14,373  gsv3.training             INFO     [random:random_seed5] epoch 0153  train_log_mse=0.02305  val_log_mse=0.08375  val_mse=0.000425  max_grad=1.44  patience=17/30
2026-10-08 19:52:11,296  gsv3.training             INFO     [random:random_seed5] epoch 0154  layout_ce=0.1673  layout_acc=0.961
2026-10-08 19:52:11,296  gsv3.training             INFO     [random:random_seed5] epoch 0154  train_log_mse=0.01922  val_log_mse=0.09089  val_mse=0.000436  max_grad=1.13  patience=18/30
2026-10-08 19:53:07,895  gsv3.training             INFO     [random:random_seed5] epoch 0155  layout_ce=0.2148  layout_acc=0.949
2026-10-08 19:53:07,895  gsv3.training             INFO     [random:random_seed5] epoch 0155  train_log_mse=0.02494  val_log_mse=0.09215  val_mse=0.000499  max_grad=2.31  patience=19/30
2026-10-08 19:54:04,670  gsv3.training             INFO     [random:random_seed5] epoch 0156  layout_ce=0.1920  layout_acc=0.957
2026-10-08 19:54:04,670  gsv3.training             INFO     [random:random_seed5] epoch 0156  train_log_mse=0.02202  val_log_mse=0.08293  val_mse=0.000440  max_grad=2.13  patience=20/30
2026-10-08 19:55:06,488  gsv3.training             INFO     [random:random_seed5] epoch 0157  layout_ce=0.1805  layout_acc=0.959
2026-10-08 19:55:06,488  gsv3.training             INFO     [random:random_seed5] epoch 0157  train_log_mse=0.02041  val_log_mse=0.07816  val_mse=0.000404  max_grad=1.13  patience=21/30
2026-10-08 19:56:05,778  gsv3.training             INFO     [random:random_seed5] epoch 0158  layout_ce=0.1998  layout_acc=0.953
2026-10-08 19:56:05,779  gsv3.training             INFO     [random:random_seed5] epoch 0158  train_log_mse=0.02283  val_log_mse=0.08573  val_mse=0.000419  max_grad=3.54  patience=22/30
2026-10-08 19:57:02,204  gsv3.training             INFO     [random:random_seed5] epoch 0159  layout_ce=0.1948  layout_acc=0.954
2026-10-08 19:57:02,204  gsv3.training             INFO     [random:random_seed5] epoch 0159  train_log_mse=0.02288  val_log_mse=0.07968  val_mse=0.000438  max_grad=15.13  patience=23/30
2026-10-08 19:57:58,335  gsv3.training             INFO     [random:random_seed5] epoch 0160  layout_ce=0.1716  layout_acc=0.961
2026-10-08 19:57:58,335  gsv3.training             INFO     [random:random_seed5] epoch 0160  train_log_mse=0.01976  val_log_mse=0.08818  val_mse=0.000435  max_grad=1.56  patience=24/30
2026-10-08 19:58:54,421  gsv3.training             INFO     [random:random_seed5] epoch 0161  layout_ce=0.1885  layout_acc=0.957
2026-10-08 19:58:54,421  gsv3.training             INFO     [random:random_seed5] epoch 0161  train_log_mse=0.02156  val_log_mse=0.09514  val_mse=0.000419  max_grad=1.71  patience=25/30
2026-10-08 19:59:50,272  gsv3.training             INFO     [random:random_seed5] epoch 0162  layout_ce=0.1965  layout_acc=0.955
2026-10-08 19:59:50,272  gsv3.training             INFO     [random:random_seed5] epoch 0162  train_log_mse=0.02276  val_log_mse=0.09253  val_mse=0.000419  max_grad=3.00  patience=26/30
2026-10-08 20:00:46,852  gsv3.training             INFO     [random:random_seed5] epoch 0163  layout_ce=0.1483  layout_acc=0.967
2026-10-08 20:00:46,853  gsv3.training             INFO     [random:random_seed5] epoch 0163  train_log_mse=0.01730  val_log_mse=0.08088  val_mse=0.000442  max_grad=1.60  patience=27/30
2026-10-08 20:01:42,756  gsv3.training             INFO     [random:random_seed5] epoch 0164  layout_ce=0.2065  layout_acc=0.951
2026-10-08 20:01:42,756  gsv3.training             INFO     [random:random_seed5] epoch 0164  train_log_mse=0.02338  val_log_mse=0.09652  val_mse=0.000427  max_grad=1.68  patience=28/30
2026-10-08 20:02:39,124  gsv3.training             INFO     [random:random_seed5] epoch 0165  layout_ce=0.2028  layout_acc=0.954
2026-10-08 20:02:39,124  gsv3.training             INFO     [random:random_seed5] epoch 0165  train_log_mse=0.02330  val_log_mse=0.08699  val_mse=0.000432  max_grad=2.82  patience=29/30
2026-10-08 20:03:35,278  gsv3.training             INFO     [random:random_seed5] epoch 0166  layout_ce=0.1593  layout_acc=0.965
2026-10-08 20:03:35,279  gsv3.training             INFO     [random:random_seed5] epoch 0166  train_log_mse=0.01841  val_log_mse=0.08464  val_mse=0.000402  max_grad=3.18  patience=30/30
2026-10-08 20:03:44,296  gsv3.experiment           INFO     [random_seed5] TEST  n=5117  MAE=0.0109  R2=0.9953  device-acc=0.801  regret=0.0023
2026-10-08 20:03:44,315  genstudy.io               INFO     Wrote evaluations/generalization_v6/results/v6_l01/random_control/random_seed5/metrics.json
2026-10-08 20:03:44,338  genstudy.io               INFO     Wrote evaluations/generalization_v6/results/v6_l01/random_control/random_seed5/predictions.json
2026-10-08 20:03:44,350  genstudy.io               INFO     Wrote evaluations/generalization_v6/results/v6_l01/random_control/random_seed5/history.json
2026-10-08 20:03:44,377  run_experiment            INFO     random_control finished: 1 complete, 0 skipped
