2026-10-08 14:00:36,797  genstudy.io               INFO     Logging to evaluations/generalization_v5/results/v5_sinkhorn_s7/random_control/run.log
2026-10-08 14:00:36,798  run_experiment            INFO     Command line: evaluations/generalization_v3/scripts/run_experiment.py control --model sinkhorn --balance-alpha 0 --lr 3e-4 --grad-clip 1.0 --seed 7 --families large --groups vqe --loss mixed --val-mode random --results-dir evaluations/generalization_v5/results/v5_sinkhorn_s7
2026-10-08 14:00:36,798  gsv2.gpu                  WARNING  No CUDA device available — running on the CPU.
2026-10-08 14:00:36,799  gsv3.model                INFO     Hyper-parameters (/home/atudisco/pred-distr-tool/src/model/best_params.json + v3 defaults): {'device_hidden': 64, 'device_layers': 3, 'fusion_dim': 128, 'qubit_layers': 2, 'attn_heads': 4, 'lap_pe': 8, 'cost_bias_init': -6.0, 'hidden_dim': 142, 'num_conv_wo_resnet': 3, 'num_resnet_layers': 1, 'dropout': 0.0, 'bidirectional': True, 'mlp': [512, 256, 128], 'lr': 0.001, 'readout': 'meanmaxsum'}
2026-10-08 14:00:36,925  gsv3.devices              INFO     Device graphs: node features 13 (Laplacian PE 8), physical errors True
2026-10-08 14:00:36,927  genstudy.data             INFO     Loading graph dataset: /home/atudisco/pred-distr-tool/evaluations/generalization_v3/data/graph_dataset_expected_fidelity.pt
2026-10-08 14:00:41,481  genstudy.data             INFO     Loaded 17056 graphs
2026-10-08 14:00:41,515  genstudy.io               INFO     Wrote evaluations/generalization_v5/results/v5_sinkhorn_s7/random_control/dataset_summary.json
2026-10-08 14:00:41,600  run_experiment            INFO     [1/1] random_seed7
2026-10-08 14:00:41,603  gsv3.experiment           INFO     === random / random_seed7 ===
2026-10-08 14:00:41,603  gsv3.experiment           INFO     Random split stratified by fidelity (test_fraction=0.3, seed=7): train = 11939, test = 5117 circuits; families and sizes appear on both sides.
2026-10-08 14:00:41,603  gsv3.experiment           INFO     train=9551  val=2388 ({'mode': 'random'})  test=5117
2026-10-08 14:00:41,669  gsv3.training             INFO     [random:random_seed7] model=sinkhorn (979423 params) train=9551 val=2388 lr=0.0003 clip=1.0 alpha=0.00
2026-10-08 14:01:44,341  gsv3.training             INFO     [random:random_seed7] epoch 0001  train_log_mse=0.26808  val_log_mse=0.38235  val_mse=0.002800  max_grad=692.65  patience=0/30
2026-10-08 14:02:46,929  gsv3.training             INFO     [random:random_seed7] epoch 0002  train_log_mse=0.02493  val_log_mse=0.38816  val_mse=0.002171  max_grad=23.96  patience=0/30
2026-10-08 14:03:49,526  gsv3.training             INFO     [random:random_seed7] epoch 0003  train_log_mse=0.01743  val_log_mse=0.16009  val_mse=0.001545  max_grad=19.86  patience=0/30
2026-10-08 14:04:52,002  gsv3.training             INFO     [random:random_seed7] epoch 0004  train_log_mse=0.01320  val_log_mse=0.10654  val_mse=0.001218  max_grad=3.69  patience=0/30
2026-10-08 14:05:54,348  gsv3.training             INFO     [random:random_seed7] epoch 0005  train_log_mse=0.01100  val_log_mse=0.11219  val_mse=0.000990  max_grad=2.79  patience=0/30
2026-10-08 14:06:56,934  gsv3.training             INFO     [random:random_seed7] epoch 0006  train_log_mse=0.01015  val_log_mse=0.09925  val_mse=0.001565  max_grad=1.81  patience=1/30
2026-10-08 14:07:59,249  gsv3.training             INFO     [random:random_seed7] epoch 0007  train_log_mse=0.00981  val_log_mse=0.09221  val_mse=0.000947  max_grad=2.48  patience=0/30
2026-10-08 14:09:01,481  gsv3.training             INFO     [random:random_seed7] epoch 0008  train_log_mse=0.00868  val_log_mse=0.08929  val_mse=0.000871  max_grad=2.05  patience=0/30
2026-10-08 14:10:03,635  gsv3.training             INFO     [random:random_seed7] epoch 0009  train_log_mse=0.00834  val_log_mse=0.08867  val_mse=0.000898  max_grad=1.82  patience=1/30
2026-10-08 14:11:05,822  gsv3.training             INFO     [random:random_seed7] epoch 0010  train_log_mse=0.00715  val_log_mse=0.10067  val_mse=0.000901  max_grad=1.94  patience=2/30
2026-10-08 14:12:08,330  gsv3.training             INFO     [random:random_seed7] epoch 0011  train_log_mse=0.00676  val_log_mse=0.06688  val_mse=0.000654  max_grad=1.24  patience=0/30
2026-10-08 14:13:10,643  gsv3.training             INFO     [random:random_seed7] epoch 0012  train_log_mse=0.00626  val_log_mse=0.06749  val_mse=0.000726  max_grad=1.48  patience=1/30
