2026-10-08 07:08:25,405  genstudy.io               INFO     Logging to evaluations/generalization_v4/results/v4_phys/size_extrapolation/run.log
2026-10-08 07:08:25,405  run_experiment            INFO     Command line: evaluations/generalization_v3/scripts/run_experiment.py size --model phys --balance-alpha 0 --lr 3e-4 --grad-clip 1.0 --seed 5 --families large --groups vqe --loss mixed --val-mode random --results-dir evaluations/generalization_v4/results/v4_phys
2026-10-08 07:08:25,405  gsv2.gpu                  WARNING  No CUDA device available — running on the CPU.
2026-10-08 07:08:25,406  gsv3.model                INFO     Hyper-parameters (/home/atudisco/pred-distr-tool/src/model/best_params.json + v3 defaults): {'device_hidden': 64, 'device_layers': 3, 'fusion_dim': 128, 'qubit_layers': 2, 'attn_heads': 4, 'lap_pe': 8, 'cost_bias_init': -6.0, 'hidden_dim': 142, 'num_conv_wo_resnet': 3, 'num_resnet_layers': 1, 'dropout': 0.0, 'bidirectional': True, 'mlp': [512, 256, 128], 'lr': 0.001, 'readout': 'meanmaxsum'}
2026-10-08 07:08:25,422  gsv3.devices              INFO     Device graphs: node features 13 (Laplacian PE 8), physical errors True
2026-10-08 07:08:25,424  genstudy.data             INFO     Loading graph dataset: /home/atudisco/pred-distr-tool/evaluations/generalization_v3/data/graph_dataset_expected_fidelity.pt
2026-10-08 07:08:29,118  genstudy.data             INFO     Loaded 17056 graphs
2026-10-08 07:08:29,147  genstudy.io               INFO     Wrote evaluations/generalization_v4/results/v4_phys/size_extrapolation/dataset_summary.json
2026-10-08 07:08:29,149  run_experiment            INFO     [1/1] qmax_14
2026-10-08 07:08:29,152  gsv3.experiment           INFO     === size_holdout / qmax_14 ===
2026-10-08 07:08:29,152  gsv3.experiment           INFO     Size extrapolation: train = 12470 circuits with 2-14 qubits, test = 4586 circuits with 15-20 qubits.
2026-10-08 07:08:29,153  gsv3.experiment           INFO     train=9976  val=2494 ({'mode': 'random'})  test=4586
2026-10-08 07:08:29,229  gsv3.training             INFO     [size_holdout:qmax_14] model=phys (945374 params) train=9976 val=2494 lr=0.0003 clip=1.0 alpha=0.00
2026-10-08 07:09:30,371  gsv3.training             INFO     [size_holdout:qmax_14] epoch 0001  train_log_mse=0.28265  val_log_mse=0.39056  val_mse=0.003412  max_grad=4790.93  patience=0/30
2026-10-08 07:10:32,714  gsv3.training             INFO     [size_holdout:qmax_14] epoch 0002  train_log_mse=0.03484  val_log_mse=0.83182  val_mse=0.005815  max_grad=4.24  patience=1/30
2026-10-08 07:11:35,866  gsv3.training             INFO     [size_holdout:qmax_14] epoch 0003  train_log_mse=0.02532  val_log_mse=0.16297  val_mse=0.001799  max_grad=6.48  patience=0/30
2026-10-08 07:12:38,159  gsv3.training             INFO     [size_holdout:qmax_14] epoch 0004  train_log_mse=0.01964  val_log_mse=0.17142  val_mse=0.001673  max_grad=4.02  patience=0/30
2026-10-08 07:13:39,527  gsv3.training             INFO     [size_holdout:qmax_14] epoch 0005  train_log_mse=0.01669  val_log_mse=0.18320  val_mse=0.001555  max_grad=2.90  patience=0/30
2026-10-08 07:14:39,656  gsv3.training             INFO     [size_holdout:qmax_14] epoch 0006  train_log_mse=0.01715  val_log_mse=0.12277  val_mse=0.001278  max_grad=2.85  patience=0/30
2026-10-08 07:15:39,642  gsv3.training             INFO     [size_holdout:qmax_14] epoch 0007  train_log_mse=0.01320  val_log_mse=0.11150  val_mse=0.001164  max_grad=1.92  patience=0/30
2026-10-08 07:16:39,929  gsv3.training             INFO     [size_holdout:qmax_14] epoch 0008  train_log_mse=0.01285  val_log_mse=0.12605  val_mse=0.001125  max_grad=1.88  patience=0/30
2026-10-08 07:17:40,135  gsv3.training             INFO     [size_holdout:qmax_14] epoch 0009  train_log_mse=0.01143  val_log_mse=0.10323  val_mse=0.001323  max_grad=1.36  patience=1/30
2026-10-08 07:18:40,281  gsv3.training             INFO     [size_holdout:qmax_14] epoch 0010  train_log_mse=0.01038  val_log_mse=0.13805  val_mse=0.001193  max_grad=1.61  patience=2/30
2026-10-08 07:19:40,414  gsv3.training             INFO     [size_holdout:qmax_14] epoch 0011  train_log_mse=0.00931  val_log_mse=0.13099  val_mse=0.001002  max_grad=1.06  patience=0/30
2026-10-08 07:20:41,042  gsv3.training             INFO     [size_holdout:qmax_14] epoch 0012  train_log_mse=0.01086  val_log_mse=0.13148  val_mse=0.001495  max_grad=1.71  patience=1/30
2026-10-08 07:21:41,793  gsv3.training             INFO     [size_holdout:qmax_14] epoch 0013  train_log_mse=0.01064  val_log_mse=0.11085  val_mse=0.000966  max_grad=2.14  patience=0/30
2026-10-08 07:22:42,395  gsv3.training             INFO     [size_holdout:qmax_14] epoch 0014  train_log_mse=0.00932  val_log_mse=0.08493  val_mse=0.000918  max_grad=1.17  patience=0/30
2026-10-08 07:23:43,563  gsv3.training             INFO     [size_holdout:qmax_14] epoch 0015  train_log_mse=0.00911  val_log_mse=0.13451  val_mse=0.000920  max_grad=1.27  patience=1/30
2026-10-08 07:24:44,846  gsv3.training             INFO     [size_holdout:qmax_14] epoch 0016  train_log_mse=0.00841  val_log_mse=0.14062  val_mse=0.001161  max_grad=2.00  patience=2/30
2026-10-08 07:25:46,299  gsv3.training             INFO     [size_holdout:qmax_14] epoch 0017  train_log_mse=0.00883  val_log_mse=0.10294  val_mse=0.001000  max_grad=1.35  patience=3/30
2026-10-08 07:26:48,937  gsv3.training             INFO     [size_holdout:qmax_14] epoch 0018  train_log_mse=0.00820  val_log_mse=0.08624  val_mse=0.000933  max_grad=1.89  patience=4/30
2026-10-08 07:27:50,399  gsv3.training             INFO     [size_holdout:qmax_14] epoch 0019  train_log_mse=0.00718  val_log_mse=0.08902  val_mse=0.000799  max_grad=1.16  patience=0/30
2026-10-08 07:28:52,168  gsv3.training             INFO     [size_holdout:qmax_14] epoch 0020  train_log_mse=0.00806  val_log_mse=0.08405  val_mse=0.000791  max_grad=1.69  patience=0/30
2026-10-08 07:29:54,249  gsv3.training             INFO     [size_holdout:qmax_14] epoch 0021  train_log_mse=0.00766  val_log_mse=0.07804  val_mse=0.000761  max_grad=1.68  patience=0/30
2026-10-08 07:30:56,251  gsv3.training             INFO     [size_holdout:qmax_14] epoch 0022  train_log_mse=0.00652  val_log_mse=0.08415  val_mse=0.000815  max_grad=1.08  patience=1/30
2026-10-08 07:31:57,679  gsv3.training             INFO     [size_holdout:qmax_14] epoch 0023  train_log_mse=0.00629  val_log_mse=0.12642  val_mse=0.001291  max_grad=0.90  patience=2/30
2026-10-08 07:32:59,597  gsv3.training             INFO     [size_holdout:qmax_14] epoch 0024  train_log_mse=0.00629  val_log_mse=0.08610  val_mse=0.000950  max_grad=1.21  patience=3/30
2026-10-08 07:34:01,389  gsv3.training             INFO     [size_holdout:qmax_14] epoch 0025  train_log_mse=0.00714  val_log_mse=0.09704  val_mse=0.000959  max_grad=1.24  patience=4/30
2026-10-08 07:35:03,094  gsv3.training             INFO     [size_holdout:qmax_14] epoch 0026  train_log_mse=0.00640  val_log_mse=0.08512  val_mse=0.000863  max_grad=1.07  patience=5/30
2026-10-08 07:36:05,265  gsv3.training             INFO     [size_holdout:qmax_14] epoch 0027  train_log_mse=0.00791  val_log_mse=0.08980  val_mse=0.000722  max_grad=1.74  patience=0/30
2026-10-08 07:37:06,816  gsv3.training             INFO     [size_holdout:qmax_14] epoch 0028  train_log_mse=0.00600  val_log_mse=0.07332  val_mse=0.000787  max_grad=0.77  patience=1/30
2026-10-08 07:38:08,458  gsv3.training             INFO     [size_holdout:qmax_14] epoch 0029  train_log_mse=0.00533  val_log_mse=0.11777  val_mse=0.000846  max_grad=0.69  patience=2/30
2026-10-08 07:39:10,160  gsv3.training             INFO     [size_holdout:qmax_14] epoch 0030  train_log_mse=0.00534  val_log_mse=0.07830  val_mse=0.000802  max_grad=1.02  patience=3/30
2026-10-08 07:40:11,637  gsv3.training             INFO     [size_holdout:qmax_14] epoch 0031  train_log_mse=0.00564  val_log_mse=0.07469  val_mse=0.000676  max_grad=1.38  patience=0/30
2026-10-08 07:41:13,206  gsv3.training             INFO     [size_holdout:qmax_14] epoch 0032  train_log_mse=0.00530  val_log_mse=0.09308  val_mse=0.000773  max_grad=0.90  patience=1/30
2026-10-08 07:42:14,716  gsv3.training             INFO     [size_holdout:qmax_14] epoch 0033  train_log_mse=0.00477  val_log_mse=0.07345  val_mse=0.000709  max_grad=0.76  patience=2/30
2026-10-08 07:43:16,320  gsv3.training             INFO     [size_holdout:qmax_14] epoch 0034  train_log_mse=0.00451  val_log_mse=0.08804  val_mse=0.000795  max_grad=0.87  patience=3/30
2026-10-08 07:44:18,020  gsv3.training             INFO     [size_holdout:qmax_14] epoch 0035  train_log_mse=0.00667  val_log_mse=0.09099  val_mse=0.000702  max_grad=1.15  patience=4/30
2026-10-08 07:45:19,877  gsv3.training             INFO     [size_holdout:qmax_14] epoch 0036  train_log_mse=0.00487  val_log_mse=0.07364  val_mse=0.000734  max_grad=0.70  patience=5/30
2026-10-08 07:46:21,783  gsv3.training             INFO     [size_holdout:qmax_14] epoch 0037  train_log_mse=0.00435  val_log_mse=0.07724  val_mse=0.000720  max_grad=0.56  patience=6/30
2026-10-08 07:47:23,839  gsv3.training             INFO     [size_holdout:qmax_14] epoch 0038  train_log_mse=0.00483  val_log_mse=0.07407  val_mse=0.000795  max_grad=6.21  patience=7/30
2026-10-08 07:48:22,589  gsv3.training             INFO     [size_holdout:qmax_14] epoch 0039  train_log_mse=0.00463  val_log_mse=0.08621  val_mse=0.000829  max_grad=0.59  patience=8/30
2026-10-08 07:49:20,832  gsv3.training             INFO     [size_holdout:qmax_14] epoch 0040  train_log_mse=0.00490  val_log_mse=0.07976  val_mse=0.000880  max_grad=0.74  patience=9/30
2026-10-08 07:50:19,049  gsv3.training             INFO     [size_holdout:qmax_14] epoch 0041  train_log_mse=0.00512  val_log_mse=0.08316  val_mse=0.000841  max_grad=1.03  patience=10/30
2026-10-08 07:51:17,242  gsv3.training             INFO     [size_holdout:qmax_14] epoch 0042  train_log_mse=0.00524  val_log_mse=0.07174  val_mse=0.000713  max_grad=1.05  patience=11/30
2026-10-08 07:52:15,882  gsv3.training             INFO     [size_holdout:qmax_14] epoch 0043  train_log_mse=0.00512  val_log_mse=0.08552  val_mse=0.000861  max_grad=0.91  patience=12/30
2026-10-08 07:53:14,196  gsv3.training             INFO     [size_holdout:qmax_14] epoch 0044  train_log_mse=0.00449  val_log_mse=0.07131  val_mse=0.000726  max_grad=0.68  patience=13/30
2026-10-08 07:54:12,754  gsv3.training             INFO     [size_holdout:qmax_14] epoch 0045  train_log_mse=0.00473  val_log_mse=0.07896  val_mse=0.000780  max_grad=0.79  patience=14/30
2026-10-08 07:55:11,059  gsv3.training             INFO     [size_holdout:qmax_14] epoch 0046  train_log_mse=0.00415  val_log_mse=0.07098  val_mse=0.000694  max_grad=0.56  patience=15/30
2026-10-08 07:56:09,134  gsv3.training             INFO     [size_holdout:qmax_14] epoch 0047  train_log_mse=0.00434  val_log_mse=0.08781  val_mse=0.000740  max_grad=21.98  patience=16/30
2026-10-08 07:57:07,390  gsv3.training             INFO     [size_holdout:qmax_14] epoch 0048  train_log_mse=0.00409  val_log_mse=0.07155  val_mse=0.000743  max_grad=0.49  patience=17/30
2026-10-08 07:58:05,512  gsv3.training             INFO     [size_holdout:qmax_14] epoch 0049  train_log_mse=0.00527  val_log_mse=0.07649  val_mse=0.000738  max_grad=0.84  patience=18/30
2026-10-08 07:59:03,822  gsv3.training             INFO     [size_holdout:qmax_14] epoch 0050  train_log_mse=0.00447  val_log_mse=0.07461  val_mse=0.000681  max_grad=0.66  patience=19/30
2026-10-08 08:00:02,094  gsv3.training             INFO     [size_holdout:qmax_14] epoch 0051  train_log_mse=0.00384  val_log_mse=0.07414  val_mse=0.000659  max_grad=0.56  patience=0/30
2026-10-08 08:01:00,040  gsv3.training             INFO     [size_holdout:qmax_14] epoch 0052  train_log_mse=0.00393  val_log_mse=0.07432  val_mse=0.000656  max_grad=0.59  patience=0/30
2026-10-08 08:01:57,981  gsv3.training             INFO     [size_holdout:qmax_14] epoch 0053  train_log_mse=0.00447  val_log_mse=0.07143  val_mse=0.000673  max_grad=0.82  patience=1/30
2026-10-08 08:02:55,852  gsv3.training             INFO     [size_holdout:qmax_14] epoch 0054  train_log_mse=0.00400  val_log_mse=0.07138  val_mse=0.000699  max_grad=0.60  patience=2/30
2026-10-08 08:03:53,949  gsv3.training             INFO     [size_holdout:qmax_14] epoch 0055  train_log_mse=0.00363  val_log_mse=0.07189  val_mse=0.000704  max_grad=0.50  patience=3/30
2026-10-08 08:04:51,930  gsv3.training             INFO     [size_holdout:qmax_14] epoch 0056  train_log_mse=0.00390  val_log_mse=0.06652  val_mse=0.000668  max_grad=0.54  patience=4/30
2026-10-08 08:05:49,757  gsv3.training             INFO     [size_holdout:qmax_14] epoch 0057  train_log_mse=0.00375  val_log_mse=0.07017  val_mse=0.000627  max_grad=0.50  patience=0/30
2026-10-08 08:06:47,718  gsv3.training             INFO     [size_holdout:qmax_14] epoch 0058  train_log_mse=0.00374  val_log_mse=0.06653  val_mse=0.000669  max_grad=0.65  patience=1/30
2026-10-08 08:07:45,658  gsv3.training             INFO     [size_holdout:qmax_14] epoch 0059  train_log_mse=0.00392  val_log_mse=0.09528  val_mse=0.000680  max_grad=0.72  patience=2/30
2026-10-08 08:08:43,708  gsv3.training             INFO     [size_holdout:qmax_14] epoch 0060  train_log_mse=0.00465  val_log_mse=0.08172  val_mse=0.000707  max_grad=1.29  patience=3/30
2026-10-08 08:09:41,752  gsv3.training             INFO     [size_holdout:qmax_14] epoch 0061  train_log_mse=0.00388  val_log_mse=0.07094  val_mse=0.000690  max_grad=0.84  patience=4/30
2026-10-08 08:10:39,940  gsv3.training             INFO     [size_holdout:qmax_14] epoch 0062  train_log_mse=0.00354  val_log_mse=0.09112  val_mse=0.000645  max_grad=0.51  patience=5/30
2026-10-08 08:11:38,306  gsv3.training             INFO     [size_holdout:qmax_14] epoch 0063  train_log_mse=0.00410  val_log_mse=0.07184  val_mse=0.000654  max_grad=2.68  patience=6/30
2026-10-08 08:12:36,558  gsv3.training             INFO     [size_holdout:qmax_14] epoch 0064  train_log_mse=0.00350  val_log_mse=0.07017  val_mse=0.000664  max_grad=0.63  patience=7/30
2026-10-08 08:13:34,571  gsv3.training             INFO     [size_holdout:qmax_14] epoch 0065  train_log_mse=0.00349  val_log_mse=0.06971  val_mse=0.000624  max_grad=0.53  patience=0/30
2026-10-08 08:14:32,338  gsv3.training             INFO     [size_holdout:qmax_14] epoch 0066  train_log_mse=0.00348  val_log_mse=0.07936  val_mse=0.000682  max_grad=0.43  patience=1/30
2026-10-08 08:15:30,066  gsv3.training             INFO     [size_holdout:qmax_14] epoch 0067  train_log_mse=0.00386  val_log_mse=0.07808  val_mse=0.000691  max_grad=0.52  patience=2/30
2026-10-08 08:16:27,738  gsv3.training             INFO     [size_holdout:qmax_14] epoch 0068  train_log_mse=0.00316  val_log_mse=0.07452  val_mse=0.000613  max_grad=0.45  patience=0/30
2026-10-08 08:17:25,533  gsv3.training             INFO     [size_holdout:qmax_14] epoch 0069  train_log_mse=0.00324  val_log_mse=0.07304  val_mse=0.000740  max_grad=0.51  patience=1/30
2026-10-08 08:18:23,607  gsv3.training             INFO     [size_holdout:qmax_14] epoch 0070  train_log_mse=0.00350  val_log_mse=0.06671  val_mse=0.000636  max_grad=0.67  patience=2/30
2026-10-08 08:19:21,408  gsv3.training             INFO     [size_holdout:qmax_14] epoch 0071  train_log_mse=0.00369  val_log_mse=0.07959  val_mse=0.000707  max_grad=0.71  patience=3/30
2026-10-08 08:20:19,558  gsv3.training             INFO     [size_holdout:qmax_14] epoch 0072  train_log_mse=0.00321  val_log_mse=0.07135  val_mse=0.000687  max_grad=0.48  patience=4/30
2026-10-08 08:21:17,692  gsv3.training             INFO     [size_holdout:qmax_14] epoch 0073  train_log_mse=0.00353  val_log_mse=0.07282  val_mse=0.000688  max_grad=0.72  patience=5/30
2026-10-08 08:22:15,624  gsv3.training             INFO     [size_holdout:qmax_14] epoch 0074  train_log_mse=0.00354  val_log_mse=0.07035  val_mse=0.000658  max_grad=0.43  patience=6/30
2026-10-08 08:23:13,764  gsv3.training             INFO     [size_holdout:qmax_14] epoch 0075  train_log_mse=0.00341  val_log_mse=0.06847  val_mse=0.000639  max_grad=0.46  patience=7/30
2026-10-08 08:24:11,790  gsv3.training             INFO     [size_holdout:qmax_14] epoch 0076  train_log_mse=0.00338  val_log_mse=0.07403  val_mse=0.000687  max_grad=0.55  patience=8/30
2026-10-08 08:25:09,663  gsv3.training             INFO     [size_holdout:qmax_14] epoch 0077  train_log_mse=0.00307  val_log_mse=0.07001  val_mse=0.000651  max_grad=0.51  patience=9/30
2026-10-08 08:26:07,738  gsv3.training             INFO     [size_holdout:qmax_14] epoch 0078  train_log_mse=0.00313  val_log_mse=0.06597  val_mse=0.000707  max_grad=0.40  patience=10/30
2026-10-08 08:27:05,745  gsv3.training             INFO     [size_holdout:qmax_14] epoch 0079  train_log_mse=0.00296  val_log_mse=0.06887  val_mse=0.000648  max_grad=0.36  patience=11/30
2026-10-08 08:28:03,550  gsv3.training             INFO     [size_holdout:qmax_14] epoch 0080  train_log_mse=0.00294  val_log_mse=0.07289  val_mse=0.000709  max_grad=0.36  patience=12/30
2026-10-08 08:29:01,480  gsv3.training             INFO     [size_holdout:qmax_14] epoch 0081  train_log_mse=0.00431  val_log_mse=0.08489  val_mse=0.000671  max_grad=1.66  patience=13/30
2026-10-08 08:29:59,449  gsv3.training             INFO     [size_holdout:qmax_14] epoch 0082  train_log_mse=0.00332  val_log_mse=0.07050  val_mse=0.000636  max_grad=0.63  patience=14/30
2026-10-08 08:30:57,204  gsv3.training             INFO     [size_holdout:qmax_14] epoch 0083  train_log_mse=0.00289  val_log_mse=0.06822  val_mse=0.000655  max_grad=0.50  patience=15/30
2026-10-08 08:31:57,127  gsv3.training             INFO     [size_holdout:qmax_14] epoch 0084  train_log_mse=0.00291  val_log_mse=0.07121  val_mse=0.000695  max_grad=0.47  patience=16/30
2026-10-08 08:32:58,680  gsv3.training             INFO     [size_holdout:qmax_14] epoch 0085  train_log_mse=0.00295  val_log_mse=0.07049  val_mse=0.000665  max_grad=0.46  patience=17/30
2026-10-08 08:34:00,078  gsv3.training             INFO     [size_holdout:qmax_14] epoch 0086  train_log_mse=0.00304  val_log_mse=0.06838  val_mse=0.000628  max_grad=0.41  patience=18/30
2026-10-08 08:35:00,648  gsv3.training             INFO     [size_holdout:qmax_14] epoch 0087  train_log_mse=0.00359  val_log_mse=0.07680  val_mse=0.000678  max_grad=0.86  patience=19/30
2026-10-08 08:35:58,706  gsv3.training             INFO     [size_holdout:qmax_14] epoch 0088  train_log_mse=0.00334  val_log_mse=0.06979  val_mse=0.000657  max_grad=0.61  patience=20/30
2026-10-08 08:36:56,922  gsv3.training             INFO     [size_holdout:qmax_14] epoch 0089  train_log_mse=0.00281  val_log_mse=0.07541  val_mse=0.000617  max_grad=0.31  patience=21/30
2026-10-08 08:37:54,984  gsv3.training             INFO     [size_holdout:qmax_14] epoch 0090  train_log_mse=0.00307  val_log_mse=0.07157  val_mse=0.000659  max_grad=0.47  patience=22/30
2026-10-08 08:38:53,051  gsv3.training             INFO     [size_holdout:qmax_14] epoch 0091  train_log_mse=0.00304  val_log_mse=0.07073  val_mse=0.000668  max_grad=0.36  patience=23/30
2026-10-08 08:39:50,968  gsv3.training             INFO     [size_holdout:qmax_14] epoch 0092  train_log_mse=0.00285  val_log_mse=0.07206  val_mse=0.000656  max_grad=0.37  patience=24/30
2026-10-08 08:40:48,760  gsv3.training             INFO     [size_holdout:qmax_14] epoch 0093  train_log_mse=0.00364  val_log_mse=0.08260  val_mse=0.000802  max_grad=0.73  patience=25/30
2026-10-08 08:41:46,635  gsv3.training             INFO     [size_holdout:qmax_14] epoch 0094  train_log_mse=0.00334  val_log_mse=0.06970  val_mse=0.000613  max_grad=0.58  patience=0/30
2026-10-08 08:42:44,102  gsv3.training             INFO     [size_holdout:qmax_14] epoch 0095  train_log_mse=0.00280  val_log_mse=0.07053  val_mse=0.000625  max_grad=0.39  patience=1/30
2026-10-08 08:43:41,901  gsv3.training             INFO     [size_holdout:qmax_14] epoch 0096  train_log_mse=0.00292  val_log_mse=0.07155  val_mse=0.000642  max_grad=0.56  patience=2/30
2026-10-08 08:44:39,569  gsv3.training             INFO     [size_holdout:qmax_14] epoch 0097  train_log_mse=0.00274  val_log_mse=0.07165  val_mse=0.000613  max_grad=0.40  patience=3/30
2026-10-08 08:45:37,495  gsv3.training             INFO     [size_holdout:qmax_14] epoch 0098  train_log_mse=0.00311  val_log_mse=0.06832  val_mse=0.000603  max_grad=0.50  patience=0/30
2026-10-08 08:46:35,675  gsv3.training             INFO     [size_holdout:qmax_14] epoch 0099  train_log_mse=0.00314  val_log_mse=0.07171  val_mse=0.000659  max_grad=0.51  patience=1/30
2026-10-08 08:47:33,842  gsv3.training             INFO     [size_holdout:qmax_14] epoch 0100  train_log_mse=0.00272  val_log_mse=0.06847  val_mse=0.000657  max_grad=0.34  patience=2/30
2026-10-08 08:48:32,020  gsv3.training             INFO     [size_holdout:qmax_14] epoch 0101  train_log_mse=0.00294  val_log_mse=0.07364  val_mse=0.000707  max_grad=0.59  patience=3/30
2026-10-08 08:49:29,760  gsv3.training             INFO     [size_holdout:qmax_14] epoch 0102  train_log_mse=0.00262  val_log_mse=0.07145  val_mse=0.000715  max_grad=0.30  patience=4/30
2026-10-08 08:50:27,815  gsv3.training             INFO     [size_holdout:qmax_14] epoch 0103  train_log_mse=0.00333  val_log_mse=0.07031  val_mse=0.000640  max_grad=0.57  patience=5/30
2026-10-08 08:51:25,802  gsv3.training             INFO     [size_holdout:qmax_14] epoch 0104  train_log_mse=0.00304  val_log_mse=0.06855  val_mse=0.000653  max_grad=0.54  patience=6/30
2026-10-08 08:52:23,544  gsv3.training             INFO     [size_holdout:qmax_14] epoch 0105  train_log_mse=0.00255  val_log_mse=0.06565  val_mse=0.000596  max_grad=0.36  patience=0/30
2026-10-08 08:53:21,272  gsv3.training             INFO     [size_holdout:qmax_14] epoch 0106  train_log_mse=0.00250  val_log_mse=0.06729  val_mse=0.000629  max_grad=0.33  patience=1/30
2026-10-08 08:54:19,069  gsv3.training             INFO     [size_holdout:qmax_14] epoch 0107  train_log_mse=0.00263  val_log_mse=0.07691  val_mse=0.000685  max_grad=0.29  patience=2/30
2026-10-08 08:55:16,384  gsv3.training             INFO     [size_holdout:qmax_14] epoch 0108  train_log_mse=0.00271  val_log_mse=0.07613  val_mse=0.000631  max_grad=0.30  patience=3/30
2026-10-08 08:56:14,342  gsv3.training             INFO     [size_holdout:qmax_14] epoch 0109  train_log_mse=0.00289  val_log_mse=0.07192  val_mse=0.000581  max_grad=0.43  patience=0/30
2026-10-08 08:57:12,495  gsv3.training             INFO     [size_holdout:qmax_14] epoch 0110  train_log_mse=0.00266  val_log_mse=0.07528  val_mse=0.000594  max_grad=0.32  patience=1/30
2026-10-08 08:58:10,674  gsv3.training             INFO     [size_holdout:qmax_14] epoch 0111  train_log_mse=0.00259  val_log_mse=0.08543  val_mse=0.000619  max_grad=0.38  patience=2/30
2026-10-08 08:59:08,602  gsv3.training             INFO     [size_holdout:qmax_14] epoch 0112  train_log_mse=0.00272  val_log_mse=0.07094  val_mse=0.000630  max_grad=0.44  patience=3/30
2026-10-08 09:00:06,597  gsv3.training             INFO     [size_holdout:qmax_14] epoch 0113  train_log_mse=0.00262  val_log_mse=0.07021  val_mse=0.000589  max_grad=0.41  patience=4/30
2026-10-08 09:01:04,641  gsv3.training             INFO     [size_holdout:qmax_14] epoch 0114  train_log_mse=0.00264  val_log_mse=0.08216  val_mse=0.000799  max_grad=0.37  patience=5/30
2026-10-08 09:02:02,846  gsv3.training             INFO     [size_holdout:qmax_14] epoch 0115  train_log_mse=0.00263  val_log_mse=0.07080  val_mse=0.000635  max_grad=0.34  patience=6/30
2026-10-08 09:03:01,076  gsv3.training             INFO     [size_holdout:qmax_14] epoch 0116  train_log_mse=0.00321  val_log_mse=0.07085  val_mse=0.000635  max_grad=0.58  patience=7/30
2026-10-08 09:03:59,165  gsv3.training             INFO     [size_holdout:qmax_14] epoch 0117  train_log_mse=0.00278  val_log_mse=0.07159  val_mse=0.000611  max_grad=0.40  patience=8/30
2026-10-08 09:04:54,785  gsv3.training             INFO     [size_holdout:qmax_14] epoch 0118  train_log_mse=0.00265  val_log_mse=0.07144  val_mse=0.000625  max_grad=0.34  patience=9/30
2026-10-08 09:05:48,245  gsv3.training             INFO     [size_holdout:qmax_14] epoch 0119  train_log_mse=0.00283  val_log_mse=0.07613  val_mse=0.000601  max_grad=0.57  patience=10/30
2026-10-08 09:06:42,015  gsv3.training             INFO     [size_holdout:qmax_14] epoch 0120  train_log_mse=0.00255  val_log_mse=0.06923  val_mse=0.000586  max_grad=0.23  patience=11/30
2026-10-08 09:07:35,541  gsv3.training             INFO     [size_holdout:qmax_14] epoch 0121  train_log_mse=0.00267  val_log_mse=0.06881  val_mse=0.000599  max_grad=0.65  patience=12/30
2026-10-08 09:08:28,726  gsv3.training             INFO     [size_holdout:qmax_14] epoch 0122  train_log_mse=0.00252  val_log_mse=0.07077  val_mse=0.000629  max_grad=0.36  patience=13/30
2026-10-08 09:09:22,535  gsv3.training             INFO     [size_holdout:qmax_14] epoch 0123  train_log_mse=0.00279  val_log_mse=0.07223  val_mse=0.000606  max_grad=0.76  patience=14/30
2026-10-08 09:10:16,402  gsv3.training             INFO     [size_holdout:qmax_14] epoch 0124  train_log_mse=0.00240  val_log_mse=0.07703  val_mse=0.000666  max_grad=0.27  patience=15/30
2026-10-08 09:11:10,270  gsv3.training             INFO     [size_holdout:qmax_14] epoch 0125  train_log_mse=0.00242  val_log_mse=0.07135  val_mse=0.000648  max_grad=0.32  patience=16/30
2026-10-08 09:12:03,949  gsv3.training             INFO     [size_holdout:qmax_14] epoch 0126  train_log_mse=0.00246  val_log_mse=0.06916  val_mse=0.000596  max_grad=0.38  patience=17/30
2026-10-08 09:12:57,202  gsv3.training             INFO     [size_holdout:qmax_14] epoch 0127  train_log_mse=0.00280  val_log_mse=0.07020  val_mse=0.000618  max_grad=0.43  patience=18/30
2026-10-08 09:13:50,551  gsv3.training             INFO     [size_holdout:qmax_14] epoch 0128  train_log_mse=0.00269  val_log_mse=0.08190  val_mse=0.000608  max_grad=0.48  patience=19/30
2026-10-08 09:14:43,778  gsv3.training             INFO     [size_holdout:qmax_14] epoch 0129  train_log_mse=0.00252  val_log_mse=0.08872  val_mse=0.000684  max_grad=0.37  patience=20/30
2026-10-08 09:15:36,994  gsv3.training             INFO     [size_holdout:qmax_14] epoch 0130  train_log_mse=0.00262  val_log_mse=0.07525  val_mse=0.000625  max_grad=0.51  patience=21/30
2026-10-08 09:16:30,110  gsv3.training             INFO     [size_holdout:qmax_14] epoch 0131  train_log_mse=0.00272  val_log_mse=0.07091  val_mse=0.000608  max_grad=0.35  patience=22/30
2026-10-08 09:17:23,522  gsv3.training             INFO     [size_holdout:qmax_14] epoch 0132  train_log_mse=0.00240  val_log_mse=0.07100  val_mse=0.000616  max_grad=0.30  patience=23/30
2026-10-08 09:18:16,703  gsv3.training             INFO     [size_holdout:qmax_14] epoch 0133  train_log_mse=0.00230  val_log_mse=0.07275  val_mse=0.000561  max_grad=0.20  patience=0/30
2026-10-08 09:19:09,953  gsv3.training             INFO     [size_holdout:qmax_14] epoch 0134  train_log_mse=0.00222  val_log_mse=0.07108  val_mse=0.000579  max_grad=0.19  patience=1/30
2026-10-08 09:20:03,314  gsv3.training             INFO     [size_holdout:qmax_14] epoch 0135  train_log_mse=0.00236  val_log_mse=0.07627  val_mse=0.000589  max_grad=0.30  patience=2/30
2026-10-08 09:20:56,996  gsv3.training             INFO     [size_holdout:qmax_14] epoch 0136  train_log_mse=0.00380  val_log_mse=0.07344  val_mse=0.000692  max_grad=0.75  patience=3/30
2026-10-08 09:21:50,165  gsv3.training             INFO     [size_holdout:qmax_14] epoch 0137  train_log_mse=0.00253  val_log_mse=0.06402  val_mse=0.000570  max_grad=0.31  patience=4/30
2026-10-08 09:22:43,164  gsv3.training             INFO     [size_holdout:qmax_14] epoch 0138  train_log_mse=0.00236  val_log_mse=0.06846  val_mse=0.000598  max_grad=0.28  patience=5/30
2026-10-08 09:23:35,759  gsv3.training             INFO     [size_holdout:qmax_14] epoch 0139  train_log_mse=0.00245  val_log_mse=0.06678  val_mse=0.000611  max_grad=0.35  patience=6/30
2026-10-08 09:24:28,567  gsv3.training             INFO     [size_holdout:qmax_14] epoch 0140  train_log_mse=0.00240  val_log_mse=0.07139  val_mse=0.000591  max_grad=0.29  patience=7/30
2026-10-08 09:25:21,637  gsv3.training             INFO     [size_holdout:qmax_14] epoch 0141  train_log_mse=0.00218  val_log_mse=0.07310  val_mse=0.000627  max_grad=0.21  patience=8/30
2026-10-08 09:26:15,025  gsv3.training             INFO     [size_holdout:qmax_14] epoch 0142  train_log_mse=0.00250  val_log_mse=0.07796  val_mse=0.000596  max_grad=0.32  patience=9/30
2026-10-08 09:27:08,565  gsv3.training             INFO     [size_holdout:qmax_14] epoch 0143  train_log_mse=0.00266  val_log_mse=0.07896  val_mse=0.000605  max_grad=0.47  patience=10/30
2026-10-08 09:28:01,921  gsv3.training             INFO     [size_holdout:qmax_14] epoch 0144  train_log_mse=0.00248  val_log_mse=0.07580  val_mse=0.000561  max_grad=0.50  patience=11/30
2026-10-08 09:28:55,779  gsv3.training             INFO     [size_holdout:qmax_14] epoch 0145  train_log_mse=0.00262  val_log_mse=0.08429  val_mse=0.000575  max_grad=0.43  patience=12/30
2026-10-08 09:29:49,393  gsv3.training             INFO     [size_holdout:qmax_14] epoch 0146  train_log_mse=0.00229  val_log_mse=0.06957  val_mse=0.000567  max_grad=0.23  patience=13/30
2026-10-08 09:30:43,004  gsv3.training             INFO     [size_holdout:qmax_14] epoch 0147  train_log_mse=0.00221  val_log_mse=0.07113  val_mse=0.000561  max_grad=0.24  patience=14/30
2026-10-08 09:31:36,616  gsv3.training             INFO     [size_holdout:qmax_14] epoch 0148  train_log_mse=0.00222  val_log_mse=0.07067  val_mse=0.000555  max_grad=0.20  patience=0/30
2026-10-08 09:32:30,276  gsv3.training             INFO     [size_holdout:qmax_14] epoch 0149  train_log_mse=0.00235  val_log_mse=0.07814  val_mse=0.000590  max_grad=0.29  patience=1/30
2026-10-08 09:33:24,036  gsv3.training             INFO     [size_holdout:qmax_14] epoch 0150  train_log_mse=0.00264  val_log_mse=0.06869  val_mse=0.000606  max_grad=0.48  patience=2/30
2026-10-08 09:34:17,928  gsv3.training             INFO     [size_holdout:qmax_14] epoch 0151  train_log_mse=0.00257  val_log_mse=0.07324  val_mse=0.000581  max_grad=0.33  patience=3/30
2026-10-08 09:35:11,614  gsv3.training             INFO     [size_holdout:qmax_14] epoch 0152  train_log_mse=0.00222  val_log_mse=0.07817  val_mse=0.000586  max_grad=0.25  patience=4/30
2026-10-08 09:36:04,892  gsv3.training             INFO     [size_holdout:qmax_14] epoch 0153  train_log_mse=0.00241  val_log_mse=0.07394  val_mse=0.000581  max_grad=0.24  patience=5/30
2026-10-08 09:36:58,411  gsv3.training             INFO     [size_holdout:qmax_14] epoch 0154  train_log_mse=0.00261  val_log_mse=0.07259  val_mse=0.000564  max_grad=0.35  patience=6/30
2026-10-08 09:37:52,094  gsv3.training             INFO     [size_holdout:qmax_14] epoch 0155  train_log_mse=0.00222  val_log_mse=0.08439  val_mse=0.000616  max_grad=0.19  patience=7/30
2026-10-08 09:38:45,427  gsv3.training             INFO     [size_holdout:qmax_14] epoch 0156  train_log_mse=0.00235  val_log_mse=0.06915  val_mse=0.000579  max_grad=0.45  patience=8/30
2026-10-08 09:39:38,771  gsv3.training             INFO     [size_holdout:qmax_14] epoch 0157  train_log_mse=0.00232  val_log_mse=0.07181  val_mse=0.000581  max_grad=0.23  patience=9/30
2026-10-08 09:40:32,097  gsv3.training             INFO     [size_holdout:qmax_14] epoch 0158  train_log_mse=0.00246  val_log_mse=0.07626  val_mse=0.000590  max_grad=0.48  patience=10/30
2026-10-08 09:41:25,098  gsv3.training             INFO     [size_holdout:qmax_14] epoch 0159  train_log_mse=0.00276  val_log_mse=0.07742  val_mse=0.000601  max_grad=0.80  patience=11/30
2026-10-08 09:42:18,643  gsv3.training             INFO     [size_holdout:qmax_14] epoch 0160  train_log_mse=0.00231  val_log_mse=0.07156  val_mse=0.000563  max_grad=0.30  patience=12/30
2026-10-08 09:43:11,902  gsv3.training             INFO     [size_holdout:qmax_14] epoch 0161  train_log_mse=0.00210  val_log_mse=0.06870  val_mse=0.000548  max_grad=0.17  patience=0/30
2026-10-08 09:44:05,092  gsv3.training             INFO     [size_holdout:qmax_14] epoch 0162  train_log_mse=0.00226  val_log_mse=0.07312  val_mse=0.000577  max_grad=0.25  patience=1/30
2026-10-08 09:44:58,192  gsv3.training             INFO     [size_holdout:qmax_14] epoch 0163  train_log_mse=0.00244  val_log_mse=0.06927  val_mse=0.000567  max_grad=0.23  patience=2/30
2026-10-08 09:45:50,755  gsv3.training             INFO     [size_holdout:qmax_14] epoch 0164  train_log_mse=0.00213  val_log_mse=0.06808  val_mse=0.000559  max_grad=0.29  patience=3/30
2026-10-08 09:46:43,829  gsv3.training             INFO     [size_holdout:qmax_14] epoch 0165  train_log_mse=0.00207  val_log_mse=0.07069  val_mse=0.000583  max_grad=0.20  patience=4/30
2026-10-08 09:47:36,763  gsv3.training             INFO     [size_holdout:qmax_14] epoch 0166  train_log_mse=0.00211  val_log_mse=0.06813  val_mse=0.000561  max_grad=0.17  patience=5/30
2026-10-08 09:48:29,845  gsv3.training             INFO     [size_holdout:qmax_14] epoch 0167  train_log_mse=0.00223  val_log_mse=0.06829  val_mse=0.000594  max_grad=0.20  patience=6/30
2026-10-08 09:49:22,983  gsv3.training             INFO     [size_holdout:qmax_14] epoch 0168  train_log_mse=0.00277  val_log_mse=0.07259  val_mse=0.000602  max_grad=0.42  patience=7/30
2026-10-08 09:50:15,963  gsv3.training             INFO     [size_holdout:qmax_14] epoch 0169  train_log_mse=0.00294  val_log_mse=0.08208  val_mse=0.000636  max_grad=0.43  patience=8/30
2026-10-08 09:51:08,978  gsv3.training             INFO     [size_holdout:qmax_14] epoch 0170  train_log_mse=0.00250  val_log_mse=0.07232  val_mse=0.000565  max_grad=0.40  patience=9/30
2026-10-08 09:52:01,792  gsv3.training             INFO     [size_holdout:qmax_14] epoch 0171  train_log_mse=0.00208  val_log_mse=0.06889  val_mse=0.000561  max_grad=0.17  patience=10/30
2026-10-08 09:52:54,337  gsv3.training             INFO     [size_holdout:qmax_14] epoch 0172  train_log_mse=0.00204  val_log_mse=0.07083  val_mse=0.000576  max_grad=0.25  patience=11/30
2026-10-08 09:53:47,577  gsv3.training             INFO     [size_holdout:qmax_14] epoch 0173  train_log_mse=0.00203  val_log_mse=0.07086  val_mse=0.000552  max_grad=0.16  patience=12/30
2026-10-08 09:54:40,566  gsv3.training             INFO     [size_holdout:qmax_14] epoch 0174  train_log_mse=0.00236  val_log_mse=0.11043  val_mse=0.000665  max_grad=1.25  patience=13/30
2026-10-08 09:55:33,792  gsv3.training             INFO     [size_holdout:qmax_14] epoch 0175  train_log_mse=0.00331  val_log_mse=0.07310  val_mse=0.000571  max_grad=0.69  patience=14/30
2026-10-08 09:56:26,973  gsv3.training             INFO     [size_holdout:qmax_14] epoch 0176  train_log_mse=0.00220  val_log_mse=0.07205  val_mse=0.000558  max_grad=0.18  patience=15/30
2026-10-08 09:57:20,374  gsv3.training             INFO     [size_holdout:qmax_14] epoch 0177  train_log_mse=0.00216  val_log_mse=0.06687  val_mse=0.000548  max_grad=0.28  patience=16/30
2026-10-08 09:58:13,353  gsv3.training             INFO     [size_holdout:qmax_14] epoch 0178  train_log_mse=0.00200  val_log_mse=0.06950  val_mse=0.000540  max_grad=0.16  patience=0/30
2026-10-08 09:59:06,322  gsv3.training             INFO     [size_holdout:qmax_14] epoch 0179  train_log_mse=0.00202  val_log_mse=0.06949  val_mse=0.000552  max_grad=0.26  patience=1/30
2026-10-08 09:59:59,021  gsv3.training             INFO     [size_holdout:qmax_14] epoch 0180  train_log_mse=0.00218  val_log_mse=0.07134  val_mse=0.000581  max_grad=0.21  patience=2/30
2026-10-08 10:00:51,826  gsv3.training             INFO     [size_holdout:qmax_14] epoch 0181  train_log_mse=0.00207  val_log_mse=0.06963  val_mse=0.000564  max_grad=0.27  patience=3/30
2026-10-08 10:01:45,162  gsv3.training             INFO     [size_holdout:qmax_14] epoch 0182  train_log_mse=0.00214  val_log_mse=0.07161  val_mse=0.000562  max_grad=0.21  patience=4/30
2026-10-08 10:02:38,345  gsv3.training             INFO     [size_holdout:qmax_14] epoch 0183  train_log_mse=0.00219  val_log_mse=0.06970  val_mse=0.000560  max_grad=0.22  patience=5/30
2026-10-08 10:03:31,024  gsv3.training             INFO     [size_holdout:qmax_14] epoch 0184  train_log_mse=0.00222  val_log_mse=0.06864  val_mse=0.000598  max_grad=0.24  patience=6/30
2026-10-08 10:04:24,129  gsv3.training             INFO     [size_holdout:qmax_14] epoch 0185  train_log_mse=0.00214  val_log_mse=0.07289  val_mse=0.000575  max_grad=0.20  patience=7/30
2026-10-08 10:05:17,298  gsv3.training             INFO     [size_holdout:qmax_14] epoch 0186  train_log_mse=0.00272  val_log_mse=0.06889  val_mse=0.000562  max_grad=0.54  patience=8/30
2026-10-08 10:06:10,317  gsv3.training             INFO     [size_holdout:qmax_14] epoch 0187  train_log_mse=0.00220  val_log_mse=0.07005  val_mse=0.000571  max_grad=0.27  patience=9/30
2026-10-08 10:07:03,322  gsv3.training             INFO     [size_holdout:qmax_14] epoch 0188  train_log_mse=0.00213  val_log_mse=0.06864  val_mse=0.000555  max_grad=0.24  patience=10/30
2026-10-08 10:07:56,566  gsv3.training             INFO     [size_holdout:qmax_14] epoch 0189  train_log_mse=0.00208  val_log_mse=0.06997  val_mse=0.000557  max_grad=0.22  patience=11/30
2026-10-08 10:08:49,180  gsv3.training             INFO     [size_holdout:qmax_14] epoch 0190  train_log_mse=0.00212  val_log_mse=0.07249  val_mse=0.000557  max_grad=0.18  patience=12/30
2026-10-08 10:09:42,013  gsv3.training             INFO     [size_holdout:qmax_14] epoch 0191  train_log_mse=0.00230  val_log_mse=0.07180  val_mse=0.000597  max_grad=0.23  patience=13/30
2026-10-08 10:10:35,336  gsv3.training             INFO     [size_holdout:qmax_14] epoch 0192  train_log_mse=0.00206  val_log_mse=0.07203  val_mse=0.000555  max_grad=0.18  patience=14/30
2026-10-08 10:11:28,277  gsv3.training             INFO     [size_holdout:qmax_14] epoch 0193  train_log_mse=0.00207  val_log_mse=0.07249  val_mse=0.000583  max_grad=0.20  patience=15/30
2026-10-08 10:12:21,389  gsv3.training             INFO     [size_holdout:qmax_14] epoch 0194  train_log_mse=0.00205  val_log_mse=0.06780  val_mse=0.000550  max_grad=0.19  patience=16/30
2026-10-08 10:13:14,495  gsv3.training             INFO     [size_holdout:qmax_14] epoch 0195  train_log_mse=0.00220  val_log_mse=0.07154  val_mse=0.000549  max_grad=0.18  patience=17/30
2026-10-08 10:14:07,750  gsv3.training             INFO     [size_holdout:qmax_14] epoch 0196  train_log_mse=0.00221  val_log_mse=0.07086  val_mse=0.000618  max_grad=0.23  patience=18/30
2026-10-08 10:15:00,330  gsv3.training             INFO     [size_holdout:qmax_14] epoch 0197  train_log_mse=0.00204  val_log_mse=0.06985  val_mse=0.000606  max_grad=0.18  patience=19/30
2026-10-08 10:15:53,253  gsv3.training             INFO     [size_holdout:qmax_14] epoch 0198  train_log_mse=0.00214  val_log_mse=0.07058  val_mse=0.000573  max_grad=0.24  patience=20/30
2026-10-08 10:16:46,349  gsv3.training             INFO     [size_holdout:qmax_14] epoch 0199  train_log_mse=0.00228  val_log_mse=0.06982  val_mse=0.000603  max_grad=0.23  patience=21/30
2026-10-08 10:17:38,871  gsv3.training             INFO     [size_holdout:qmax_14] epoch 0200  train_log_mse=0.00205  val_log_mse=0.07066  val_mse=0.000558  max_grad=0.22  patience=22/30
2026-10-08 10:18:31,359  gsv3.training             INFO     [size_holdout:qmax_14] epoch 0201  train_log_mse=0.00211  val_log_mse=0.06930  val_mse=0.000549  max_grad=0.17  patience=23/30
2026-10-08 10:19:23,820  gsv3.training             INFO     [size_holdout:qmax_14] epoch 0202  train_log_mse=0.00207  val_log_mse=0.07278  val_mse=0.000560  max_grad=0.25  patience=24/30
2026-10-08 10:20:16,683  gsv3.training             INFO     [size_holdout:qmax_14] epoch 0203  train_log_mse=0.00216  val_log_mse=0.06800  val_mse=0.000541  max_grad=0.27  patience=25/30
2026-10-08 10:21:09,695  gsv3.training             INFO     [size_holdout:qmax_14] epoch 0204  train_log_mse=0.00200  val_log_mse=0.07250  val_mse=0.000605  max_grad=0.20  patience=26/30
2026-10-08 10:22:02,688  gsv3.training             INFO     [size_holdout:qmax_14] epoch 0205  train_log_mse=0.00214  val_log_mse=0.06626  val_mse=0.000547  max_grad=0.25  patience=27/30
2026-10-08 10:22:55,379  gsv3.training             INFO     [size_holdout:qmax_14] epoch 0206  train_log_mse=0.00208  val_log_mse=0.07242  val_mse=0.000577  max_grad=0.28  patience=28/30
2026-10-08 10:23:47,934  gsv3.training             INFO     [size_holdout:qmax_14] epoch 0207  train_log_mse=0.00220  val_log_mse=0.09785  val_mse=0.000722  max_grad=0.35  patience=29/30
2026-10-08 10:24:40,527  gsv3.training             INFO     [size_holdout:qmax_14] epoch 0208  train_log_mse=0.00216  val_log_mse=0.07308  val_mse=0.000579  max_grad=0.45  patience=30/30
2026-10-08 10:24:52,821  gsv3.experiment           INFO     [qmax_14] TEST  n=4586  MAE=0.0224  R2=0.9173  device-acc=0.586  regret=0.0043
2026-10-08 10:24:52,824  genstudy.io               INFO     Wrote evaluations/generalization_v4/results/v4_phys/size_extrapolation/qmax_14/metrics.json
2026-10-08 10:24:52,847  genstudy.io               INFO     Wrote evaluations/generalization_v4/results/v4_phys/size_extrapolation/qmax_14/predictions.json
2026-10-08 10:24:52,861  genstudy.io               INFO     Wrote evaluations/generalization_v4/results/v4_phys/size_extrapolation/qmax_14/history.json
2026-10-08 10:24:52,879  run_experiment            INFO     size_extrapolation finished: 1 complete, 0 skipped
