2026-10-08 14:00:31,639  genstudy.io               INFO     Logging to evaluations/generalization_v5/results/v5b_sinkhorn/random_control/run.log
2026-10-08 14:00:31,639  run_experiment            INFO     Command line: evaluations/generalization_v3/scripts/run_experiment.py control --model sinkhorn --balance-alpha 0 --lr 3e-4 --grad-clip 1.0 --seed 5 --families large --groups vqe --loss mixed --val-mode random --epoch-budget 150 --swa-frac 0.25 --tau-start 1.0 --results-dir evaluations/generalization_v5/results/v5b_sinkhorn
2026-10-08 14:00:31,639  gsv2.gpu                  WARNING  No CUDA device available — running on the CPU.
2026-10-08 14:00:31,640  gsv3.model                INFO     Hyper-parameters (/home/atudisco/pred-distr-tool/src/model/best_params.json + v3 defaults): {'device_hidden': 64, 'device_layers': 3, 'fusion_dim': 128, 'qubit_layers': 2, 'attn_heads': 4, 'lap_pe': 8, 'cost_bias_init': -6.0, 'hidden_dim': 142, 'num_conv_wo_resnet': 3, 'num_resnet_layers': 1, 'dropout': 0.0, 'bidirectional': True, 'mlp': [512, 256, 128], 'lr': 0.001, 'readout': 'meanmaxsum'}
2026-10-08 14:00:31,852  gsv3.devices              INFO     Device graphs: node features 13 (Laplacian PE 8), physical errors True
2026-10-08 14:00:31,853  genstudy.data             INFO     Loading graph dataset: /home/atudisco/pred-distr-tool/evaluations/generalization_v3/data/graph_dataset_expected_fidelity.pt
2026-10-08 14:00:36,656  genstudy.data             INFO     Loaded 17056 graphs
2026-10-08 14:00:36,686  genstudy.io               INFO     Wrote evaluations/generalization_v5/results/v5b_sinkhorn/random_control/dataset_summary.json
2026-10-08 14:00:36,797  run_experiment            INFO     [1/1] random_seed5
2026-10-08 14:00:36,799  gsv3.experiment           INFO     === random / random_seed5 ===
2026-10-08 14:00:36,799  gsv3.experiment           INFO     Random split stratified by fidelity (test_fraction=0.3, seed=5): train = 11939, test = 5117 circuits; families and sizes appear on both sides.
2026-10-08 14:00:36,800  gsv3.experiment           INFO     train=9551  val=2388 ({'mode': 'random'})  test=5117
2026-10-08 14:00:36,873  gsv3.training             INFO     [random:random_seed5] model=sinkhorn (979423 params) train=9551 val=2388 lr=0.0003 clip=1.0 alpha=0.00
2026-10-08 14:01:47,558  gsv3.training             INFO     [random:random_seed5] epoch 0001  train_log_mse=0.35387  val_log_mse=0.44675  val_mse=0.002301  max_grad=606.91  patience=0/30
2026-10-08 14:02:57,812  gsv3.training             INFO     [random:random_seed5] epoch 0002  train_log_mse=0.03317  val_log_mse=0.20745  val_mse=0.001775  max_grad=18.11  patience=0/30
2026-10-08 14:04:08,553  gsv3.training             INFO     [random:random_seed5] epoch 0003  train_log_mse=0.01871  val_log_mse=0.13571  val_mse=0.001659  max_grad=8.77  patience=0/30
2026-10-08 14:05:19,375  gsv3.training             INFO     [random:random_seed5] epoch 0004  train_log_mse=0.01239  val_log_mse=0.15467  val_mse=0.000989  max_grad=2.04  patience=0/30
2026-10-08 14:06:29,936  gsv3.training             INFO     [random:random_seed5] epoch 0005  train_log_mse=0.01283  val_log_mse=0.16325  val_mse=0.001823  max_grad=3.45  patience=1/30
2026-10-08 14:07:40,447  gsv3.training             INFO     [random:random_seed5] epoch 0006  train_log_mse=0.01077  val_log_mse=0.09189  val_mse=0.000895  max_grad=2.24  patience=0/30
2026-10-08 14:08:50,604  gsv3.training             INFO     [random:random_seed5] epoch 0007  train_log_mse=0.00844  val_log_mse=0.09114  val_mse=0.000883  max_grad=1.32  patience=0/30
2026-10-08 14:10:00,844  gsv3.training             INFO     [random:random_seed5] epoch 0008  train_log_mse=0.00725  val_log_mse=0.07500  val_mse=0.000717  max_grad=0.76  patience=0/30
2026-10-08 14:11:11,876  gsv3.training             INFO     [random:random_seed5] epoch 0009  train_log_mse=0.00751  val_log_mse=0.06862  val_mse=0.000748  max_grad=1.99  patience=1/30
2026-10-08 14:12:22,805  gsv3.training             INFO     [random:random_seed5] epoch 0010  train_log_mse=0.00677  val_log_mse=0.05507  val_mse=0.000764  max_grad=0.85  patience=2/30
