2026-10-08 13:58:42,881  genstudy.io               INFO     Logging to evaluations/generalization_v5/results/v5b_sinkhorn_s6/random_control/run.log
2026-10-08 13:58:42,881  run_experiment            INFO     Command line: evaluations/generalization_v3/scripts/run_experiment.py control --model sinkhorn --balance-alpha 0 --lr 3e-4 --grad-clip 1.0 --seed 6 --families large --groups vqe --loss mixed --val-mode random --epoch-budget 150 --swa-frac 0.25 --tau-start 1.0 --results-dir evaluations/generalization_v5/results/v5b_sinkhorn_s6
2026-10-08 13:58:42,881  gsv2.gpu                  WARNING  No CUDA device available — running on the CPU.
2026-10-08 13:58:42,882  gsv3.model                INFO     Hyper-parameters (/home/atudisco/pred-distr-tool/src/model/best_params.json + v3 defaults): {'device_hidden': 64, 'device_layers': 3, 'fusion_dim': 128, 'qubit_layers': 2, 'attn_heads': 4, 'lap_pe': 8, 'cost_bias_init': -6.0, 'hidden_dim': 142, 'num_conv_wo_resnet': 3, 'num_resnet_layers': 1, 'dropout': 0.0, 'bidirectional': True, 'mlp': [512, 256, 128], 'lr': 0.001, 'readout': 'meanmaxsum'}
2026-10-08 13:58:42,896  gsv3.devices              INFO     Device graphs: node features 13 (Laplacian PE 8), physical errors True
2026-10-08 13:58:42,897  genstudy.data             INFO     Loading graph dataset: /home/atudisco/pred-distr-tool/evaluations/generalization_v3/data/graph_dataset_expected_fidelity.pt
2026-10-08 13:58:46,402  genstudy.data             INFO     Loaded 17056 graphs
2026-10-08 13:58:46,431  genstudy.io               INFO     Wrote evaluations/generalization_v5/results/v5b_sinkhorn_s6/random_control/dataset_summary.json
2026-10-08 13:58:46,520  run_experiment            INFO     [1/1] random_seed6
2026-10-08 13:58:46,522  gsv3.experiment           INFO     === random / random_seed6 ===
2026-10-08 13:58:46,522  gsv3.experiment           INFO     Random split stratified by fidelity (test_fraction=0.3, seed=6): train = 11939, test = 5117 circuits; families and sizes appear on both sides.
2026-10-08 13:58:46,523  gsv3.experiment           INFO     train=9551  val=2388 ({'mode': 'random'})  test=5117
2026-10-08 13:58:46,590  gsv3.training             INFO     [random:random_seed6] model=sinkhorn (979423 params) train=9551 val=2388 lr=0.0003 clip=1.0 alpha=0.00
2026-10-08 13:59:57,124  gsv3.training             INFO     [random:random_seed6] epoch 0001  train_log_mse=0.23731  val_log_mse=0.29391  val_mse=0.002260  max_grad=193.23  patience=0/30
2026-10-08 14:01:07,792  gsv3.training             INFO     [random:random_seed6] epoch 0002  train_log_mse=0.02988  val_log_mse=0.15550  val_mse=0.001815  max_grad=5.82  patience=0/30
2026-10-08 14:02:18,511  gsv3.training             INFO     [random:random_seed6] epoch 0003  train_log_mse=0.01923  val_log_mse=0.16730  val_mse=0.001858  max_grad=2.74  patience=1/30
2026-10-08 14:03:29,313  gsv3.training             INFO     [random:random_seed6] epoch 0004  train_log_mse=0.01233  val_log_mse=0.10530  val_mse=0.001142  max_grad=3.53  patience=0/30
2026-10-08 14:04:40,706  gsv3.training             INFO     [random:random_seed6] epoch 0005  train_log_mse=0.01176  val_log_mse=0.08715  val_mse=0.001083  max_grad=2.10  patience=0/30
2026-10-08 14:05:51,727  gsv3.training             INFO     [random:random_seed6] epoch 0006  train_log_mse=0.00957  val_log_mse=0.09752  val_mse=0.000882  max_grad=1.52  patience=0/30
2026-10-08 14:07:03,202  gsv3.training             INFO     [random:random_seed6] epoch 0007  train_log_mse=0.00910  val_log_mse=0.07157  val_mse=0.000876  max_grad=2.88  patience=0/30
2026-10-08 14:08:14,507  gsv3.training             INFO     [random:random_seed6] epoch 0008  train_log_mse=0.01013  val_log_mse=0.08805  val_mse=0.001109  max_grad=2.27  patience=1/30
2026-10-08 14:09:26,171  gsv3.training             INFO     [random:random_seed6] epoch 0009  train_log_mse=0.00742  val_log_mse=0.13619  val_mse=0.000983  max_grad=2.10  patience=2/30
2026-10-08 14:10:37,769  gsv3.training             INFO     [random:random_seed6] epoch 0010  train_log_mse=0.00684  val_log_mse=0.07901  val_mse=0.000807  max_grad=1.17  patience=0/30
2026-10-08 14:11:49,354  gsv3.training             INFO     [random:random_seed6] epoch 0011  train_log_mse=0.00621  val_log_mse=0.09981  val_mse=0.000693  max_grad=1.07  patience=0/30
2026-10-08 14:13:01,104  gsv3.training             INFO     [random:random_seed6] epoch 0012  train_log_mse=0.00632  val_log_mse=0.05271  val_mse=0.000704  max_grad=0.75  patience=1/30
2026-10-08 14:14:12,550  gsv3.training             INFO     [random:random_seed6] epoch 0013  train_log_mse=0.00690  val_log_mse=0.07799  val_mse=0.000784  max_grad=1.70  patience=2/30
2026-10-08 14:15:24,068  gsv3.training             INFO     [random:random_seed6] epoch 0014  train_log_mse=0.00647  val_log_mse=0.14649  val_mse=0.000765  max_grad=1.45  patience=3/30
2026-10-08 14:16:35,074  gsv3.training             INFO     [random:random_seed6] epoch 0015  train_log_mse=0.00805  val_log_mse=0.05504  val_mse=0.000668  max_grad=1.51  patience=0/30
2026-10-08 14:17:46,329  gsv3.training             INFO     [random:random_seed6] epoch 0016  train_log_mse=0.00604  val_log_mse=0.06962  val_mse=0.000642  max_grad=1.51  patience=0/30
2026-10-08 14:18:57,362  gsv3.training             INFO     [random:random_seed6] epoch 0017  train_log_mse=0.00638  val_log_mse=0.05889  val_mse=0.000674  max_grad=0.99  patience=1/30
2026-10-08 14:20:08,539  gsv3.training             INFO     [random:random_seed6] epoch 0018  train_log_mse=0.00493  val_log_mse=0.05059  val_mse=0.000675  max_grad=0.90  patience=2/30
2026-10-08 14:21:19,884  gsv3.training             INFO     [random:random_seed6] epoch 0019  train_log_mse=0.00479  val_log_mse=0.05108  val_mse=0.000618  max_grad=0.71  patience=0/30
2026-10-08 14:22:31,612  gsv3.training             INFO     [random:random_seed6] epoch 0020  train_log_mse=0.00583  val_log_mse=0.05456  val_mse=0.000602  max_grad=0.96  patience=0/30
2026-10-08 14:23:43,016  gsv3.training             INFO     [random:random_seed6] epoch 0021  train_log_mse=0.00503  val_log_mse=0.07894  val_mse=0.000675  max_grad=1.17  patience=1/30
2026-10-08 14:24:54,215  gsv3.training             INFO     [random:random_seed6] epoch 0022  train_log_mse=0.00741  val_log_mse=0.04922  val_mse=0.000540  max_grad=2.87  patience=0/30
2026-10-08 14:26:05,494  gsv3.training             INFO     [random:random_seed6] epoch 0023  train_log_mse=0.00439  val_log_mse=0.04924  val_mse=0.000579  max_grad=0.46  patience=1/30
2026-10-08 14:27:16,713  gsv3.training             INFO     [random:random_seed6] epoch 0024  train_log_mse=0.00427  val_log_mse=0.05931  val_mse=0.000621  max_grad=0.53  patience=2/30
2026-10-08 14:28:28,103  gsv3.training             INFO     [random:random_seed6] epoch 0025  train_log_mse=0.00464  val_log_mse=0.05581  val_mse=0.000778  max_grad=1.01  patience=3/30
2026-10-08 14:29:39,462  gsv3.training             INFO     [random:random_seed6] epoch 0026  train_log_mse=0.00560  val_log_mse=0.10168  val_mse=0.001121  max_grad=1.72  patience=4/30
2026-10-08 14:30:50,628  gsv3.training             INFO     [random:random_seed6] epoch 0027  train_log_mse=0.00602  val_log_mse=0.04641  val_mse=0.000552  max_grad=1.45  patience=5/30
2026-10-08 14:32:01,576  gsv3.training             INFO     [random:random_seed6] epoch 0028  train_log_mse=0.00386  val_log_mse=0.05271  val_mse=0.000501  max_grad=0.44  patience=0/30
2026-10-08 14:33:12,732  gsv3.training             INFO     [random:random_seed6] epoch 0029  train_log_mse=0.00402  val_log_mse=0.04978  val_mse=0.000489  max_grad=0.55  patience=0/30
2026-10-08 14:34:24,044  gsv3.training             INFO     [random:random_seed6] epoch 0030  train_log_mse=0.00544  val_log_mse=0.08735  val_mse=0.000652  max_grad=1.89  patience=1/30
2026-10-08 14:35:35,081  gsv3.training             INFO     [random:random_seed6] epoch 0031  train_log_mse=0.00411  val_log_mse=0.04510  val_mse=0.000653  max_grad=0.62  patience=2/30
2026-10-08 14:36:45,939  gsv3.training             INFO     [random:random_seed6] epoch 0032  train_log_mse=0.00334  val_log_mse=0.04384  val_mse=0.000484  max_grad=0.38  patience=0/30
2026-10-08 14:37:56,995  gsv3.training             INFO     [random:random_seed6] epoch 0033  train_log_mse=0.00380  val_log_mse=0.05895  val_mse=0.000500  max_grad=2.34  patience=1/30
2026-10-08 14:39:07,977  gsv3.training             INFO     [random:random_seed6] epoch 0034  train_log_mse=0.00481  val_log_mse=0.04982  val_mse=0.000476  max_grad=0.94  patience=0/30
2026-10-08 14:40:18,562  gsv3.training             INFO     [random:random_seed6] epoch 0035  train_log_mse=0.00429  val_log_mse=0.04131  val_mse=0.000445  max_grad=1.01  patience=0/30
2026-10-08 14:41:29,029  gsv3.training             INFO     [random:random_seed6] epoch 0036  train_log_mse=0.00350  val_log_mse=0.04706  val_mse=0.000446  max_grad=0.37  patience=1/30
2026-10-08 14:42:39,412  gsv3.training             INFO     [random:random_seed6] epoch 0037  train_log_mse=0.00361  val_log_mse=0.04487  val_mse=0.000426  max_grad=0.60  patience=0/30
2026-10-08 14:43:49,798  gsv3.training             INFO     [random:random_seed6] epoch 0038  train_log_mse=0.00323  val_log_mse=0.04232  val_mse=0.000434  max_grad=0.54  patience=1/30
2026-10-08 14:45:00,799  gsv3.training             INFO     [random:random_seed6] epoch 0039  train_log_mse=0.00337  val_log_mse=0.04402  val_mse=0.000431  max_grad=0.42  patience=2/30
2026-10-08 14:46:11,551  gsv3.training             INFO     [random:random_seed6] epoch 0040  train_log_mse=0.00334  val_log_mse=0.07371  val_mse=0.000574  max_grad=0.45  patience=3/30
2026-10-08 14:47:21,866  gsv3.training             INFO     [random:random_seed6] epoch 0041  train_log_mse=0.00489  val_log_mse=0.04738  val_mse=0.000457  max_grad=2.85  patience=4/30
2026-10-08 14:48:32,201  gsv3.training             INFO     [random:random_seed6] epoch 0042  train_log_mse=0.00323  val_log_mse=0.04860  val_mse=0.000444  max_grad=0.39  patience=5/30
2026-10-08 14:49:43,032  gsv3.training             INFO     [random:random_seed6] epoch 0043  train_log_mse=0.00293  val_log_mse=0.04295  val_mse=0.000439  max_grad=0.31  patience=6/30
2026-10-08 14:50:53,362  gsv3.training             INFO     [random:random_seed6] epoch 0044  train_log_mse=0.00293  val_log_mse=0.04480  val_mse=0.000496  max_grad=0.34  patience=7/30
2026-10-08 14:52:03,795  gsv3.training             INFO     [random:random_seed6] epoch 0045  train_log_mse=0.00301  val_log_mse=0.04311  val_mse=0.000402  max_grad=0.35  patience=0/30
2026-10-08 14:53:14,224  gsv3.training             INFO     [random:random_seed6] epoch 0046  train_log_mse=0.00351  val_log_mse=0.04569  val_mse=0.000457  max_grad=0.62  patience=1/30
2026-10-08 14:54:24,564  gsv3.training             INFO     [random:random_seed6] epoch 0047  train_log_mse=0.00301  val_log_mse=0.05670  val_mse=0.000462  max_grad=0.45  patience=2/30
2026-10-08 14:55:35,104  gsv3.training             INFO     [random:random_seed6] epoch 0048  train_log_mse=0.00272  val_log_mse=0.06010  val_mse=0.000587  max_grad=0.36  patience=3/30
2026-10-08 14:56:45,707  gsv3.training             INFO     [random:random_seed6] epoch 0049  train_log_mse=0.00354  val_log_mse=0.07543  val_mse=0.000672  max_grad=1.17  patience=4/30
2026-10-08 14:57:55,810  gsv3.training             INFO     [random:random_seed6] epoch 0050  train_log_mse=0.00322  val_log_mse=0.04032  val_mse=0.000390  max_grad=0.50  patience=0/30
2026-10-08 14:59:06,240  gsv3.training             INFO     [random:random_seed6] epoch 0051  train_log_mse=0.00266  val_log_mse=0.04334  val_mse=0.000405  max_grad=0.32  patience=1/30
2026-10-08 15:00:16,673  gsv3.training             INFO     [random:random_seed6] epoch 0052  train_log_mse=0.00256  val_log_mse=0.04530  val_mse=0.000411  max_grad=0.29  patience=2/30
2026-10-08 15:01:27,087  gsv3.training             INFO     [random:random_seed6] epoch 0053  train_log_mse=0.00269  val_log_mse=0.04436  val_mse=0.000422  max_grad=0.33  patience=3/30
2026-10-08 15:02:37,602  gsv3.training             INFO     [random:random_seed6] epoch 0054  train_log_mse=0.00255  val_log_mse=0.04095  val_mse=0.000410  max_grad=0.38  patience=4/30
2026-10-08 15:03:48,271  gsv3.training             INFO     [random:random_seed6] epoch 0055  train_log_mse=0.00267  val_log_mse=0.04106  val_mse=0.000397  max_grad=0.34  patience=5/30
2026-10-08 15:04:59,020  gsv3.training             INFO     [random:random_seed6] epoch 0056  train_log_mse=0.00246  val_log_mse=0.04270  val_mse=0.000393  max_grad=0.30  patience=6/30
2026-10-08 15:06:09,651  gsv3.training             INFO     [random:random_seed6] epoch 0057  train_log_mse=0.00268  val_log_mse=0.03979  val_mse=0.000406  max_grad=0.35  patience=7/30
2026-10-08 15:07:19,915  gsv3.training             INFO     [random:random_seed6] epoch 0058  train_log_mse=0.00284  val_log_mse=0.04387  val_mse=0.000404  max_grad=0.59  patience=8/30
2026-10-08 15:08:30,030  gsv3.training             INFO     [random:random_seed6] epoch 0059  train_log_mse=0.00238  val_log_mse=0.04038  val_mse=0.000392  max_grad=0.27  patience=9/30
2026-10-08 15:09:40,577  gsv3.training             INFO     [random:random_seed6] epoch 0060  train_log_mse=0.00227  val_log_mse=0.04045  val_mse=0.000374  max_grad=0.24  patience=0/30
2026-10-08 15:10:51,011  gsv3.training             INFO     [random:random_seed6] epoch 0061  train_log_mse=0.00274  val_log_mse=0.04312  val_mse=0.000414  max_grad=0.84  patience=1/30
2026-10-08 15:12:01,486  gsv3.training             INFO     [random:random_seed6] epoch 0062  train_log_mse=0.00249  val_log_mse=0.04055  val_mse=0.000417  max_grad=0.31  patience=2/30
2026-10-08 15:13:12,019  gsv3.training             INFO     [random:random_seed6] epoch 0063  train_log_mse=0.00225  val_log_mse=0.04165  val_mse=0.000375  max_grad=0.33  patience=3/30
2026-10-08 15:14:22,770  gsv3.training             INFO     [random:random_seed6] epoch 0064  train_log_mse=0.00231  val_log_mse=0.04131  val_mse=0.000377  max_grad=0.29  patience=4/30
2026-10-08 15:15:33,659  gsv3.training             INFO     [random:random_seed6] epoch 0065  train_log_mse=0.00225  val_log_mse=0.03894  val_mse=0.000378  max_grad=0.27  patience=5/30
2026-10-08 15:16:43,971  gsv3.training             INFO     [random:random_seed6] epoch 0066  train_log_mse=0.00218  val_log_mse=0.04057  val_mse=0.000380  max_grad=0.28  patience=6/30
2026-10-08 15:17:54,683  gsv3.training             INFO     [random:random_seed6] epoch 0067  train_log_mse=0.00222  val_log_mse=0.04050  val_mse=0.000374  max_grad=0.28  patience=7/30
2026-10-08 15:19:05,479  gsv3.training             INFO     [random:random_seed6] epoch 0068  train_log_mse=0.00215  val_log_mse=0.04064  val_mse=0.000376  max_grad=0.49  patience=8/30
2026-10-08 15:20:16,071  gsv3.training             INFO     [random:random_seed6] epoch 0069  train_log_mse=0.00213  val_log_mse=0.04062  val_mse=0.000389  max_grad=0.31  patience=9/30
2026-10-08 15:21:26,758  gsv3.training             INFO     [random:random_seed6] epoch 0070  train_log_mse=0.00208  val_log_mse=0.03947  val_mse=0.000383  max_grad=0.29  patience=10/30
2026-10-08 15:22:37,393  gsv3.training             INFO     [random:random_seed6] epoch 0071  train_log_mse=0.00211  val_log_mse=0.04098  val_mse=0.000377  max_grad=0.34  patience=11/30
2026-10-08 15:23:48,189  gsv3.training             INFO     [random:random_seed6] epoch 0072  train_log_mse=0.00213  val_log_mse=0.04301  val_mse=0.000411  max_grad=0.43  patience=12/30
2026-10-08 15:24:59,045  gsv3.training             INFO     [random:random_seed6] epoch 0073  train_log_mse=0.00205  val_log_mse=0.05660  val_mse=0.000441  max_grad=0.31  patience=13/30
2026-10-08 15:26:09,826  gsv3.training             INFO     [random:random_seed6] epoch 0074  train_log_mse=0.00237  val_log_mse=0.04419  val_mse=0.000391  max_grad=0.30  patience=14/30
2026-10-08 15:27:20,540  gsv3.training             INFO     [random:random_seed6] epoch 0075  train_log_mse=0.00201  val_log_mse=0.04020  val_mse=0.000382  max_grad=0.26  patience=15/30
2026-10-08 15:28:31,189  gsv3.training             INFO     [random:random_seed6] epoch 0076  train_log_mse=0.00186  val_log_mse=0.04126  val_mse=0.000381  max_grad=0.22  patience=16/30
2026-10-08 15:29:41,936  gsv3.training             INFO     [random:random_seed6] epoch 0077  train_log_mse=0.00186  val_log_mse=0.04135  val_mse=0.000403  max_grad=0.21  patience=17/30
2026-10-08 15:30:52,093  gsv3.training             INFO     [random:random_seed6] epoch 0078  train_log_mse=0.00189  val_log_mse=0.04028  val_mse=0.000387  max_grad=0.19  patience=18/30
2026-10-08 15:32:02,493  gsv3.training             INFO     [random:random_seed6] epoch 0079  train_log_mse=0.00179  val_log_mse=0.04963  val_mse=0.000390  max_grad=0.20  patience=19/30
2026-10-08 15:33:13,266  gsv3.training             INFO     [random:random_seed6] epoch 0080  train_log_mse=0.00181  val_log_mse=0.04074  val_mse=0.000384  max_grad=0.24  patience=20/30
2026-10-08 15:34:23,898  gsv3.training             INFO     [random:random_seed6] epoch 0081  train_log_mse=0.00181  val_log_mse=0.04260  val_mse=0.000397  max_grad=0.20  patience=21/30
2026-10-08 15:35:34,537  gsv3.training             INFO     [random:random_seed6] epoch 0082  train_log_mse=0.00182  val_log_mse=0.03933  val_mse=0.000365  max_grad=0.26  patience=0/30
2026-10-08 15:36:45,196  gsv3.training             INFO     [random:random_seed6] epoch 0083  train_log_mse=0.00170  val_log_mse=0.03973  val_mse=0.000380  max_grad=0.13  patience=1/30
2026-10-08 15:37:55,565  gsv3.training             INFO     [random:random_seed6] epoch 0084  train_log_mse=0.00168  val_log_mse=0.04074  val_mse=0.000381  max_grad=0.16  patience=2/30
2026-10-08 15:39:06,477  gsv3.training             INFO     [random:random_seed6] epoch 0085  train_log_mse=0.00169  val_log_mse=0.03979  val_mse=0.000365  max_grad=0.16  patience=3/30
2026-10-08 15:40:17,198  gsv3.training             INFO     [random:random_seed6] epoch 0086  train_log_mse=0.00165  val_log_mse=0.04018  val_mse=0.000364  max_grad=0.15  patience=0/30
2026-10-08 15:41:27,963  gsv3.training             INFO     [random:random_seed6] epoch 0087  train_log_mse=0.00164  val_log_mse=0.04065  val_mse=0.000370  max_grad=0.23  patience=1/30
2026-10-08 15:42:38,628  gsv3.training             INFO     [random:random_seed6] epoch 0088  train_log_mse=0.00164  val_log_mse=0.03984  val_mse=0.000367  max_grad=0.18  patience=2/30
2026-10-08 15:43:49,342  gsv3.training             INFO     [random:random_seed6] epoch 0089  train_log_mse=0.00161  val_log_mse=0.03940  val_mse=0.000363  max_grad=0.14  patience=0/30
2026-10-08 15:44:59,499  gsv3.training             INFO     [random:random_seed6] epoch 0090  train_log_mse=0.00164  val_log_mse=0.04357  val_mse=0.000377  max_grad=0.25  patience=1/30
2026-10-08 15:46:10,190  gsv3.training             INFO     [random:random_seed6] epoch 0091  train_log_mse=0.00157  val_log_mse=0.04098  val_mse=0.000369  max_grad=0.14  patience=2/30
2026-10-08 15:47:20,799  gsv3.training             INFO     [random:random_seed6] epoch 0092  train_log_mse=0.00151  val_log_mse=0.04084  val_mse=0.000361  max_grad=0.16  patience=0/30
2026-10-08 15:48:31,140  gsv3.training             INFO     [random:random_seed6] epoch 0093  train_log_mse=0.00150  val_log_mse=0.04175  val_mse=0.000367  max_grad=0.12  patience=1/30
2026-10-08 15:49:41,760  gsv3.training             INFO     [random:random_seed6] epoch 0094  train_log_mse=0.00154  val_log_mse=0.04032  val_mse=0.000395  max_grad=0.14  patience=2/30
2026-10-08 15:50:52,210  gsv3.training             INFO     [random:random_seed6] epoch 0095  train_log_mse=0.00147  val_log_mse=0.04046  val_mse=0.000373  max_grad=0.13  patience=3/30
2026-10-08 15:52:02,532  gsv3.training             INFO     [random:random_seed6] epoch 0096  train_log_mse=0.00146  val_log_mse=0.04075  val_mse=0.000362  max_grad=0.15  patience=4/30
2026-10-08 15:53:13,068  gsv3.training             INFO     [random:random_seed6] epoch 0097  train_log_mse=0.00148  val_log_mse=0.04117  val_mse=0.000372  max_grad=0.14  patience=5/30
2026-10-08 15:54:23,652  gsv3.training             INFO     [random:random_seed6] epoch 0098  train_log_mse=0.00145  val_log_mse=0.04080  val_mse=0.000373  max_grad=0.13  patience=6/30
2026-10-08 15:55:34,402  gsv3.training             INFO     [random:random_seed6] epoch 0099  train_log_mse=0.00141  val_log_mse=0.04134  val_mse=0.000372  max_grad=0.16  patience=7/30
2026-10-08 15:56:45,264  gsv3.training             INFO     [random:random_seed6] epoch 0100  train_log_mse=0.00139  val_log_mse=0.04076  val_mse=0.000367  max_grad=0.14  patience=8/30
2026-10-08 15:57:56,150  gsv3.training             INFO     [random:random_seed6] epoch 0101  train_log_mse=0.00139  val_log_mse=0.04034  val_mse=0.000358  max_grad=0.14  patience=0/30
2026-10-08 15:59:06,937  gsv3.training             INFO     [random:random_seed6] epoch 0102  train_log_mse=0.00139  val_log_mse=0.04111  val_mse=0.000377  max_grad=0.12  patience=1/30
2026-10-08 16:00:17,297  gsv3.training             INFO     [random:random_seed6] epoch 0103  train_log_mse=0.00137  val_log_mse=0.04094  val_mse=0.000365  max_grad=0.13  patience=2/30
2026-10-08 16:01:28,042  gsv3.training             INFO     [random:random_seed6] epoch 0104  train_log_mse=0.00132  val_log_mse=0.04054  val_mse=0.000364  max_grad=0.11  patience=3/30
2026-10-08 16:02:38,709  gsv3.training             INFO     [random:random_seed6] epoch 0105  train_log_mse=0.00132  val_log_mse=0.04155  val_mse=0.000380  max_grad=0.11  patience=4/30
2026-10-08 16:03:49,389  gsv3.training             INFO     [random:random_seed6] epoch 0106  train_log_mse=0.00131  val_log_mse=0.04154  val_mse=0.000366  max_grad=0.19  patience=5/30
2026-10-08 16:04:59,997  gsv3.training             INFO     [random:random_seed6] epoch 0107  train_log_mse=0.00129  val_log_mse=0.04113  val_mse=0.000369  max_grad=0.17  patience=6/30
2026-10-08 16:06:09,300  gsv3.training             INFO     [random:random_seed6] epoch 0108  train_log_mse=0.00129  val_log_mse=0.04130  val_mse=0.000366  max_grad=0.10  patience=7/30
2026-10-08 16:07:17,657  gsv3.training             INFO     [random:random_seed6] epoch 0109  train_log_mse=0.00128  val_log_mse=0.04204  val_mse=0.000379  max_grad=0.12  patience=8/30
2026-10-08 16:08:26,027  gsv3.training             INFO     [random:random_seed6] epoch 0110  train_log_mse=0.00126  val_log_mse=0.04073  val_mse=0.000366  max_grad=0.14  patience=9/30
2026-10-08 16:09:34,238  gsv3.training             INFO     [random:random_seed6] epoch 0111  train_log_mse=0.00125  val_log_mse=0.04080  val_mse=0.000364  max_grad=0.11  patience=10/30
2026-10-08 16:10:41,955  gsv3.training             INFO     [random:random_seed6] epoch 0112  train_log_mse=0.00123  val_log_mse=0.04151  val_mse=0.000365  max_grad=0.11  patience=11/30
2026-10-08 16:11:49,682  gsv3.training             INFO     [random:random_seed6] epoch 0113  train_log_mse=0.00122  val_log_mse=0.04140  val_mse=0.000365  max_grad=0.11  patience=12/30
2026-10-08 16:12:57,163  gsv3.training             INFO     [random:random_seed6] epoch 0114  train_log_mse=0.00122  val_log_mse=0.04078  val_mse=0.000369  max_grad=0.10  patience=13/30
2026-10-08 16:14:05,116  gsv3.training             INFO     [random:random_seed6] epoch 0115  train_log_mse=0.00121  val_log_mse=0.04108  val_mse=0.000362  max_grad=0.10  patience=14/30
2026-10-08 16:15:13,045  gsv3.training             INFO     [random:random_seed6] epoch 0116  train_log_mse=0.00120  val_log_mse=0.04133  val_mse=0.000366  max_grad=0.08  patience=15/30
2026-10-08 16:16:20,753  gsv3.training             INFO     [random:random_seed6] epoch 0117  train_log_mse=0.00118  val_log_mse=0.04122  val_mse=0.000374  max_grad=0.08  patience=16/30
2026-10-08 16:17:28,338  gsv3.training             INFO     [random:random_seed6] epoch 0118  train_log_mse=0.00118  val_log_mse=0.04170  val_mse=0.000372  max_grad=0.09  patience=17/30
2026-10-08 16:18:35,943  gsv3.training             INFO     [random:random_seed6] epoch 0119  train_log_mse=0.00117  val_log_mse=0.04109  val_mse=0.000371  max_grad=0.09  patience=18/30
2026-10-08 16:19:44,257  gsv3.training             INFO     [random:random_seed6] epoch 0120  train_log_mse=0.00116  val_log_mse=0.04139  val_mse=0.000368  max_grad=0.11  patience=19/30
2026-10-08 16:20:53,315  gsv3.training             INFO     [random:random_seed6] epoch 0121  train_log_mse=0.00114  val_log_mse=0.04138  val_mse=0.000365  max_grad=0.10  patience=20/30
2026-10-08 16:22:03,327  gsv3.training             INFO     [random:random_seed6] epoch 0122  train_log_mse=0.00114  val_log_mse=0.04138  val_mse=0.000372  max_grad=0.10  patience=21/30
2026-10-08 16:23:13,769  gsv3.training             INFO     [random:random_seed6] epoch 0123  train_log_mse=0.00114  val_log_mse=0.04102  val_mse=0.000366  max_grad=0.08  patience=22/30
2026-10-08 16:24:24,771  gsv3.training             INFO     [random:random_seed6] epoch 0124  train_log_mse=0.00112  val_log_mse=0.04116  val_mse=0.000367  max_grad=0.08  patience=23/30
2026-10-08 16:25:35,347  gsv3.training             INFO     [random:random_seed6] epoch 0125  train_log_mse=0.00112  val_log_mse=0.04153  val_mse=0.000372  max_grad=0.08  patience=24/30
2026-10-08 16:26:45,886  gsv3.training             INFO     [random:random_seed6] epoch 0126  train_log_mse=0.00112  val_log_mse=0.04142  val_mse=0.000368  max_grad=0.13  patience=25/30
2026-10-08 16:27:56,405  gsv3.training             INFO     [random:random_seed6] epoch 0127  train_log_mse=0.00110  val_log_mse=0.04182  val_mse=0.000368  max_grad=0.08  patience=26/30
2026-10-08 16:29:07,037  gsv3.training             INFO     [random:random_seed6] epoch 0128  train_log_mse=0.00110  val_log_mse=0.04148  val_mse=0.000364  max_grad=0.10  patience=27/30
2026-10-08 16:30:17,286  gsv3.training             INFO     [random:random_seed6] epoch 0129  train_log_mse=0.00110  val_log_mse=0.04152  val_mse=0.000368  max_grad=0.09  patience=28/30
2026-10-08 16:31:27,889  gsv3.training             INFO     [random:random_seed6] epoch 0130  train_log_mse=0.00108  val_log_mse=0.04168  val_mse=0.000369  max_grad=0.07  patience=29/30
2026-10-08 16:32:38,412  gsv3.training             INFO     [random:random_seed6] epoch 0131  train_log_mse=0.00108  val_log_mse=0.04163  val_mse=0.000370  max_grad=0.09  patience=30/30
2026-10-08 16:33:49,182  gsv3.training             INFO     [random:random_seed6] epoch 0132  train_log_mse=0.00108  val_log_mse=0.04179  val_mse=0.000369  max_grad=0.08  patience=31/30
2026-10-08 16:34:59,643  gsv3.training             INFO     [random:random_seed6] epoch 0133  train_log_mse=0.00107  val_log_mse=0.04156  val_mse=0.000370  max_grad=0.08  patience=32/30
2026-10-08 16:36:09,869  gsv3.training             INFO     [random:random_seed6] epoch 0134  train_log_mse=0.00107  val_log_mse=0.04173  val_mse=0.000370  max_grad=0.08  patience=33/30
2026-10-08 16:37:20,796  gsv3.training             INFO     [random:random_seed6] epoch 0135  train_log_mse=0.00106  val_log_mse=0.04185  val_mse=0.000373  max_grad=0.08  patience=34/30
2026-10-08 16:38:31,253  gsv3.training             INFO     [random:random_seed6] epoch 0136  train_log_mse=0.00106  val_log_mse=0.04172  val_mse=0.000372  max_grad=0.07  patience=35/30
2026-10-08 16:39:41,905  gsv3.training             INFO     [random:random_seed6] epoch 0137  train_log_mse=0.00106  val_log_mse=0.04177  val_mse=0.000370  max_grad=0.07  patience=36/30
2026-10-08 16:40:52,260  gsv3.training             INFO     [random:random_seed6] epoch 0138  train_log_mse=0.00105  val_log_mse=0.04191  val_mse=0.000369  max_grad=0.09  patience=37/30
2026-10-08 16:42:02,650  gsv3.training             INFO     [random:random_seed6] epoch 0139  train_log_mse=0.00105  val_log_mse=0.04191  val_mse=0.000371  max_grad=0.09  patience=38/30
2026-10-08 16:43:13,059  gsv3.training             INFO     [random:random_seed6] epoch 0140  train_log_mse=0.00105  val_log_mse=0.04175  val_mse=0.000370  max_grad=0.07  patience=39/30
2026-10-08 16:44:23,463  gsv3.training             INFO     [random:random_seed6] epoch 0141  train_log_mse=0.00104  val_log_mse=0.04173  val_mse=0.000371  max_grad=0.08  patience=40/30
2026-10-08 16:45:33,965  gsv3.training             INFO     [random:random_seed6] epoch 0142  train_log_mse=0.00104  val_log_mse=0.04166  val_mse=0.000370  max_grad=0.07  patience=41/30
2026-10-08 16:46:44,980  gsv3.training             INFO     [random:random_seed6] epoch 0143  train_log_mse=0.00104  val_log_mse=0.04180  val_mse=0.000371  max_grad=0.09  patience=42/30
2026-10-08 16:47:55,165  gsv3.training             INFO     [random:random_seed6] epoch 0144  train_log_mse=0.00104  val_log_mse=0.04195  val_mse=0.000372  max_grad=0.07  patience=43/30
2026-10-08 16:49:05,717  gsv3.training             INFO     [random:random_seed6] epoch 0145  train_log_mse=0.00104  val_log_mse=0.04182  val_mse=0.000370  max_grad=0.08  patience=44/30
2026-10-08 16:50:16,299  gsv3.training             INFO     [random:random_seed6] epoch 0146  train_log_mse=0.00103  val_log_mse=0.04187  val_mse=0.000371  max_grad=0.07  patience=45/30
2026-10-08 16:51:26,718  gsv3.training             INFO     [random:random_seed6] epoch 0147  train_log_mse=0.00103  val_log_mse=0.04185  val_mse=0.000371  max_grad=0.09  patience=46/30
2026-10-08 16:52:37,199  gsv3.training             INFO     [random:random_seed6] epoch 0148  train_log_mse=0.00103  val_log_mse=0.04187  val_mse=0.000372  max_grad=0.09  patience=47/30
2026-10-08 16:53:47,884  gsv3.training             INFO     [random:random_seed6] epoch 0149  train_log_mse=0.00103  val_log_mse=0.04185  val_mse=0.000371  max_grad=0.07  patience=48/30
2026-10-08 16:54:58,664  gsv3.training             INFO     [random:random_seed6] epoch 0150  train_log_mse=0.00103  val_log_mse=0.04184  val_mse=0.000371  max_grad=0.08  patience=49/30
2026-10-08 16:55:04,041  gsv3.training             INFO     [random:random_seed6] final model = SWA of the last 38 epochs (val_log_mse=0.04140)
2026-10-08 16:55:15,557  gsv3.experiment           INFO     [random_seed6] TEST  n=5117  MAE=0.0086  R2=0.9965  device-acc=0.790  regret=0.0020
2026-10-08 16:55:15,563  genstudy.io               INFO     Wrote evaluations/generalization_v5/results/v5b_sinkhorn_s6/random_control/random_seed6/metrics.json
2026-10-08 16:55:15,595  genstudy.io               INFO     Wrote evaluations/generalization_v5/results/v5b_sinkhorn_s6/random_control/random_seed6/predictions.json
2026-10-08 16:55:15,611  genstudy.io               INFO     Wrote evaluations/generalization_v5/results/v5b_sinkhorn_s6/random_control/random_seed6/history.json
2026-10-08 16:55:15,651  run_experiment            INFO     random_control finished: 1 complete, 0 skipped
