39
38
ae/ae_q10_v0012                          enc old    16.4 new    3.7 ms  fwd3  15.2 ms  compile/device   186.8 ms
ae/ae_q10_v0030                          enc old    17.3 new    3.8 ms  fwd3  14.2 ms  compile/device    41.5 ms
ae/ae_q11_v0016                          enc old    16.6 new    5.3 ms  fwd3  15.9 ms  compile/device    54.6 ms
ae/ae_q13_v0012                          enc old    20.5 new    5.1 ms  fwd3  19.2 ms  compile/device    82.7 ms
ae/ae_q15_v0002                          enc old    20.1 new    4.9 ms  fwd3  18.3 ms  compile/device   113.3 ms
ae/ae_q15_v0031                          enc old    22.0 new    5.9 ms  fwd3  21.7 ms  compile/device   113.2 ms
ae/ae_q19_v0023                          enc old    27.8 new    7.6 ms  fwd3  27.3 ms  compile/device   197.6 ms
ae/ae_q2_v0039                           enc old     7.8 new    2.1 ms  fwd3   8.0 ms  compile/device     2.7 ms
ae/ae_q6_v0018                           enc old    11.1 new    2.9 ms  fwd3  11.1 ms  compile/device    11.0 ms
ae/ae_q6_v0039                           enc old    11.2 new    2.8 ms  fwd3  10.6 ms  compile/device    11.3 ms
bmw_quark_cardinality/bmw_quark_cardinality_q10_v0000 enc old    21.8 new    5.2 ms  fwd3  20.2 ms  compile/device    16.1 ms
bmw_quark_cardinality/bmw_quark_cardinality_q13_v0000 enc old    24.2 new    6.0 ms  fwd3  24.4 ms  compile/device    21.4 ms
bmw_quark_cardinality/bmw_quark_cardinality_q15_v0000 enc old    27.1 new    6.3 ms  fwd3  24.7 ms  compile/device    24.2 ms
bmw_quark_cardinality/bmw_quark_cardinality_q18_v0000 enc old    32.8 new    7.9 ms  fwd3  30.4 ms  compile/device    27.7 ms
bmw_quark_cardinality/bmw_quark_cardinality_q19_v0000 enc old    34.0 new    7.8 ms  fwd3  38.5 ms  compile/device    28.5 ms
bmw_quark_cardinality/bmw_quark_cardinality_q2_v0000 enc old     9.8 new    2.7 ms  fwd3   8.5 ms  compile/device     3.3 ms
bmw_quark_cardinality/bmw_quark_cardinality_q4_v0000 enc old    11.7 new    3.2 ms  fwd3  11.1 ms  compile/device     6.6 ms
bmw_quark_cardinality/bmw_quark_cardinality_q5_v0000 enc old    13.3 new    3.7 ms  fwd3  13.4 ms  compile/device     7.5 ms
bmw_quark_cardinality/bmw_quark_cardinality_q7_v0000 enc old    16.0 new    4.2 ms  fwd3  14.9 ms  compile/device    11.0 ms
bmw_quark_cardinality/bmw_quark_cardinality_q8_v0000 enc old    17.2 new    4.8 ms  fwd3  18.1 ms  compile/device    12.8 ms
bmw_quark_copula/bmw_quark_copula_q10_v0000 enc old    25.0 new    5.7 ms  fwd3  24.3 ms  compile/device    54.2 ms
bmw_quark_copula/bmw_quark_copula_q12_v0000 enc old    33.5 new    7.6 ms  fwd3  29.4 ms  compile/device    84.2 ms
bmw_quark_copula/bmw_quark_copula_q14_v0000 enc old    37.5 new    8.5 ms  fwd3  40.2 ms  compile/device   121.8 ms
bmw_quark_copula/bmw_quark_copula_q16_v0000 enc old    51.2 new   11.6 ms  fwd3  52.2 ms  compile/device   174.1 ms
bmw_quark_copula/bmw_quark_copula_q18_v0000 enc old    64.9 new   12.6 ms  fwd3  68.2 ms  compile/device   227.4 ms
bmw_quark_copula/bmw_quark_copula_q20_v0000 enc old    79.5 new   17.2 ms  fwd3  72.7 ms  compile/device   286.1 ms
bmw_quark_copula/bmw_quark_copula_q2_v0000 enc old     7.5 new    0.4 ms  fwd3   7.8 ms  compile/device     1.4 ms
bmw_quark_copula/bmw_quark_copula_q4_v0000 enc old    10.5 new    3.0 ms  fwd3   9.9 ms  compile/device     4.8 ms
bmw_quark_copula/bmw_quark_copula_q6_v0000 enc old    14.3 new    3.7 ms  fwd3  14.7 ms  compile/device    15.2 ms
bmw_quark_copula/bmw_quark_copula_q8_v0000 enc old    18.2 new    5.0 ms  fwd3  18.0 ms  compile/device    30.1 ms
bv/bv_q12_v0000                          enc old     9.4 new    0.6 ms  fwd3  10.2 ms  compile/device     4.4 ms
bv/bv_q13_v0000                          enc old     8.5 new    0.5 ms  fwd3   9.0 ms  compile/device     4.9 ms
bv/bv_q16_v0000                          enc old     9.6 new    0.5 ms  fwd3  10.5 ms  compile/device     6.2 ms
bv/bv_q17_v0000                          enc old    11.1 new    0.6 ms  fwd3  11.3 ms  compile/device     7.0 ms
bv/bv_q18_v0000                          enc old     9.9 new    0.6 ms  fwd3  10.4 ms  compile/device     7.0 ms
bv/bv_q20_v0000                          enc old    10.2 new    0.6 ms  fwd3  10.1 ms  compile/device     7.9 ms
bv/bv_q2_v0000                           enc old     6.8 new    0.3 ms  fwd3   6.5 ms  compile/device     0.9 ms
bv/bv_q4_v0000                           enc old     6.6 new    0.3 ms  fwd3   7.3 ms  compile/device     1.2 ms
bv/bv_q6_v0000                           enc old     6.9 new    0.3 ms  fwd3   7.4 ms  compile/device     1.3 ms
bv/bv_q8_v0000                           enc old     8.0 new    0.4 ms  fwd3   8.3 ms  compile/device     1.4 ms
cdkm_ripple_carry_adder/cdkm_ripple_carry_adder_q10_v0000 enc old     9.2 new    2.6 ms  fwd3   8.5 ms  compile/device    27.0 ms
cdkm_ripple_carry_adder/cdkm_ripple_carry_adder_q12_v0000 enc old     9.6 new    2.9 ms  fwd3   9.5 ms  compile/device    35.7 ms
cdkm_ripple_carry_adder/cdkm_ripple_carry_adder_q14_v0000 enc old    10.0 new    3.0 ms  fwd3   9.5 ms  compile/device    43.1 ms
cdkm_ripple_carry_adder/cdkm_ripple_carry_adder_q16_v0000 enc old    10.8 new    3.3 ms  fwd3   9.8 ms  compile/device    48.9 ms
cdkm_ripple_carry_adder/cdkm_ripple_carry_adder_q18_v0000 enc old    10.4 new    3.0 ms  fwd3  10.0 ms  compile/device    56.5 ms
cdkm_ripple_carry_adder/cdkm_ripple_carry_adder_q20_v0000 enc old    10.7 new    3.1 ms  fwd3  10.0 ms  compile/device    65.3 ms
cdkm_ripple_carry_adder/cdkm_ripple_carry_adder_q4_v0000 enc old     7.8 new    2.1 ms  fwd3   7.0 ms  compile/device     6.8 ms
cdkm_ripple_carry_adder/cdkm_ripple_carry_adder_q6_v0000 enc old     7.8 new    2.2 ms  fwd3   7.7 ms  compile/device    11.6 ms
cdkm_ripple_carry_adder/cdkm_ripple_carry_adder_q8_v0000 enc old     8.1 new    2.2 ms  fwd3   8.1 ms  compile/device    18.5 ms
dj/dj_q10_v0000                          enc old     8.4 new    2.2 ms  fwd3   8.7 ms  compile/device     6.8 ms
dj/dj_q11_v0000                          enc old     8.1 new    2.1 ms  fwd3   9.1 ms  compile/device     7.7 ms
dj/dj_q12_v0000                          enc old     8.9 new    2.3 ms  fwd3   9.0 ms  compile/device     8.8 ms
dj/dj_q16_v0000                          enc old     9.6 new    2.4 ms  fwd3   9.6 ms  compile/device    13.9 ms
dj/dj_q17_v0000                          enc old    10.3 new    2.5 ms  fwd3  10.3 ms  compile/device    15.1 ms
dj/dj_q18_v0000                          enc old    11.3 new    2.9 ms  fwd3  12.0 ms  compile/device    16.5 ms
dj/dj_q19_v0000                          enc old     9.8 new    2.4 ms  fwd3   9.9 ms  compile/device    17.8 ms
dj/dj_q2_v0000                           enc old     6.0 new    1.8 ms  fwd3   6.4 ms  compile/device     1.7 ms
dj/dj_q4_v0000                           enc old     7.2 new    2.0 ms  fwd3   7.6 ms  compile/device     1.6 ms
dj/dj_q5_v0000                           enc old     7.3 new    2.0 ms  fwd3   7.7 ms  compile/device     1.9 ms
draper_qft_adder/draper_qft_adder_q10_v0000 enc old    11.2 new    2.9 ms  fwd3   9.9 ms  compile/device    29.1 ms
draper_qft_adder/draper_qft_adder_q12_v0000 enc old    10.7 new    3.1 ms  fwd3   9.7 ms  compile/device    46.6 ms
draper_qft_adder/draper_qft_adder_q14_v0000 enc old    12.4 new    3.3 ms  fwd3  11.7 ms  compile/device    69.8 ms
draper_qft_adder/draper_qft_adder_q16_v0000 enc old    13.3 new    3.8 ms  fwd3  12.0 ms  compile/device    98.3 ms
draper_qft_adder/draper_qft_adder_q18_v0000 enc old    15.1 new    4.2 ms  fwd3  14.1 ms  compile/device   129.0 ms
draper_qft_adder/draper_qft_adder_q20_v0000 enc old    18.6 new    5.3 ms  fwd3  16.3 ms  compile/device   167.5 ms
draper_qft_adder/draper_qft_adder_q2_v0000 enc old     6.8 new    2.0 ms  fwd3   7.0 ms  compile/device     2.4 ms
draper_qft_adder/draper_qft_adder_q4_v0000 enc old     7.0 new    2.1 ms  fwd3   7.0 ms  compile/device     5.2 ms
draper_qft_adder/draper_qft_adder_q6_v0000 enc old     7.5 new    2.2 ms  fwd3   7.8 ms  compile/device     8.0 ms
draper_qft_adder/draper_qft_adder_q8_v0000 enc old     8.9 new    2.5 ms  fwd3   8.4 ms  compile/device    16.1 ms
dynamic_qft/dynamic_qft_q10_v0000        enc old    36.5 new    0.8 ms  fwd3   8.5 ms  compile/device    30.1 ms
dynamic_qft/dynamic_qft_q12_v0000        enc old    52.1 new    1.2 ms  fwd3   9.8 ms  compile/device    44.8 ms
dynamic_qft/dynamic_qft_q13_v0000        enc old    63.6 new    1.3 ms  fwd3  11.0 ms  compile/device    82.4 ms
dynamic_qft/dynamic_qft_q16_v0000        enc old    96.9 new    1.9 ms  fwd3  14.4 ms  compile/device    86.6 ms
dynamic_qft/dynamic_qft_q18_v0000        enc old   115.4 new    2.3 ms  fwd3  14.4 ms  compile/device   108.5 ms
dynamic_qft/dynamic_qft_q20_v0000        enc old   137.2 new    2.4 ms  fwd3  14.1 ms  compile/device   162.3 ms
dynamic_qft/dynamic_qft_q3_v0000         enc old     9.4 new    0.4 ms  fwd3   6.4 ms  compile/device     3.7 ms
dynamic_qft/dynamic_qft_q4_v0000         enc old    12.5 new    0.4 ms  fwd3   6.4 ms  compile/device     5.9 ms
dynamic_qft/dynamic_qft_q6_v0000         enc old    17.0 new    0.5 ms  fwd3   7.0 ms  compile/device    12.0 ms
dynamic_qft/dynamic_qft_q7_v0000         enc old    22.0 new    0.6 ms  fwd3   7.1 ms  compile/device    14.9 ms
full_adder/full_adder_q10_v0000          enc old     8.2 new    2.5 ms  fwd3   8.3 ms  compile/device    25.2 ms
full_adder/full_adder_q12_v0000          enc old     8.7 new    2.6 ms  fwd3   8.8 ms  compile/device    32.9 ms
full_adder/full_adder_q14_v0000          enc old     8.9 new    2.7 ms  fwd3   8.6 ms  compile/device    40.6 ms
full_adder/full_adder_q16_v0000          enc old    10.1 new    3.0 ms  fwd3   9.3 ms  compile/device    50.3 ms
full_adder/full_adder_q18_v0000          enc old    11.2 new    3.4 ms  fwd3  10.7 ms  compile/device    58.4 ms
full_adder/full_adder_q20_v0000          enc old    10.1 new    3.0 ms  fwd3   9.0 ms  compile/device    67.7 ms
full_adder/full_adder_q4_v0000           enc old     6.7 new    2.0 ms  fwd3   6.6 ms  compile/device     7.2 ms
full_adder/full_adder_q6_v0000           enc old     7.5 new    2.2 ms  fwd3   7.4 ms  compile/device    12.8 ms
full_adder/full_adder_q8_v0000           enc old     8.0 new    2.3 ms  fwd3   8.1 ms  compile/device    19.1 ms
ghz/ghz_q11_v0000                        enc old     7.2 new    0.4 ms  fwd3   7.4 ms  compile/device     4.0 ms
ghz/ghz_q12_v0000                        enc old     8.1 new    0.5 ms  fwd3   8.4 ms  compile/device     4.6 ms
ghz/ghz_q14_v0000                        enc old     7.7 new    0.5 ms  fwd3   7.7 ms  compile/device     5.1 ms
ghz/ghz_q16_v0000                        enc old     7.6 new    0.4 ms  fwd3   8.2 ms  compile/device     5.3 ms
ghz/ghz_q20_v0000                        enc old    10.1 new    0.6 ms  fwd3   9.4 ms  compile/device    17.0 ms
ghz/ghz_q2_v0000                         enc old     5.9 new    0.3 ms  fwd3   6.3 ms  compile/device     1.3 ms
ghz/ghz_q4_v0000                         enc old     6.5 new    0.4 ms  fwd3   7.0 ms  compile/device     1.4 ms
ghz/ghz_q5_v0000                         enc old     5.8 new    0.3 ms  fwd3   5.9 ms  compile/device     1.9 ms
ghz/ghz_q6_v0000                         enc old     7.4 new    0.4 ms  fwd3   7.3 ms  compile/device     2.1 ms
ghz/ghz_q7_v0000                         enc old     6.6 new    0.4 ms  fwd3   7.1 ms  compile/device     2.0 ms
ghz_dynamic/ghz_dynamic_q2_v0000         enc old     7.6 new    0.3 ms  fwd3   6.6 ms  compile/device     2.8 ms
ghz_dynamic/ghz_dynamic_q3_v0000         enc old    10.4 new    0.4 ms  fwd3   6.7 ms  compile/device     3.2 ms
ghz_dynamic/ghz_dynamic_q4_v0000         enc old    10.4 new    0.4 ms  fwd3   7.2 ms  compile/device     4.8 ms
graphstate/graphstate_q10_v0000          enc old     7.5 new    0.4 ms  fwd3   7.5 ms  compile/device     4.4 ms
graphstate/graphstate_q11_v0000          enc old     8.2 new    0.5 ms  fwd3   8.5 ms  compile/device    16.2 ms
graphstate/graphstate_q12_v0000          enc old     6.9 new    0.4 ms  fwd3   8.0 ms  compile/device     5.4 ms
graphstate/graphstate_q15_v0000          enc old     8.9 new    0.6 ms  fwd3   9.0 ms  compile/device    14.4 ms
graphstate/graphstate_q18_v0000          enc old     8.7 new    0.6 ms  fwd3   8.6 ms  compile/device     5.4 ms
graphstate/graphstate_q20_v0000          enc old     9.7 new    0.7 ms  fwd3   9.1 ms  compile/device    19.2 ms
graphstate/graphstate_q3_v0000           enc old     6.6 new    0.3 ms  fwd3   7.3 ms  compile/device     3.0 ms
graphstate/graphstate_q5_v0000           enc old     6.7 new    0.4 ms  fwd3   7.3 ms  compile/device     4.6 ms
graphstate/graphstate_q8_v0000           enc old     7.9 new    0.5 ms  fwd3   8.0 ms  compile/device     2.5 ms
graphstate/graphstate_q9_v0000           enc old     7.9 new    0.5 ms  fwd3   8.4 ms  compile/device     9.1 ms
grover/grover_q4_v0001                   enc old    13.0 new    3.3 ms  fwd3  13.8 ms  compile/device    28.4 ms
grover/grover_q4_v0003                   enc old    12.2 new    2.9 ms  fwd3  12.4 ms  compile/device    28.0 ms
grover/grover_q5_v0001                   enc old    30.8 new    6.0 ms  fwd3  30.8 ms  compile/device    77.3 ms
grover/grover_q5_v0010                   enc old    29.0 new    6.5 ms  fwd3  34.8 ms  compile/device    75.3 ms
grover/grover_q5_v0013                   enc old    27.0 new    5.1 ms  fwd3  28.9 ms  compile/device    75.7 ms
grover/grover_q6_v0001                   enc old    59.8 new   10.3 ms  fwd3  66.4 ms  compile/device   210.1 ms
grover/grover_q6_v0009                   enc old    59.9 new   10.4 ms  fwd3  73.2 ms  compile/device   211.3 ms
grover/grover_q6_v0012                   enc old    58.8 new   10.9 ms  fwd3  64.2 ms  compile/device   208.4 ms
grover/grover_q6_v0020                   enc old    57.4 new   10.4 ms  fwd3  66.0 ms  compile/device   209.4 ms
grover/grover_q6_v0024                   enc old    59.6 new   11.0 ms  fwd3  67.6 ms  compile/device   212.3 ms
half_adder/half_adder_q11_v0000          enc old    12.6 new    2.9 ms  fwd3  12.5 ms  compile/device    53.8 ms
half_adder/half_adder_q13_v0000          enc old    13.5 new    3.1 ms  fwd3  14.4 ms  compile/device    76.4 ms
half_adder/half_adder_q15_v0000          enc old    15.4 new    3.6 ms  fwd3  16.4 ms  compile/device    98.1 ms
half_adder/half_adder_q17_v0000          enc old    21.1 new    5.4 ms  fwd3  20.5 ms  compile/device   123.0 ms
half_adder/half_adder_q3_v0000           enc old     6.0 new    1.7 ms  fwd3   6.3 ms  compile/device     4.4 ms
half_adder/half_adder_q5_v0000           enc old     6.7 new    2.0 ms  fwd3   7.7 ms  compile/device    10.5 ms
half_adder/half_adder_q7_v0000           enc old     7.7 new    2.2 ms  fwd3   7.7 ms  compile/device    16.8 ms
half_adder/half_adder_q9_v0000           enc old     9.9 new    2.5 ms  fwd3   9.6 ms  compile/device    33.0 ms
hhl/hhl_q10_v0002                        enc old    13.4 new    3.4 ms  fwd3  12.4 ms  compile/device    67.8 ms
hhl/hhl_q12_v0000                        enc old    16.9 new    4.5 ms  fwd3  15.1 ms  compile/device   111.5 ms
hhl/hhl_q12_v0002                        enc old    17.1 new    3.9 ms  fwd3  13.8 ms  compile/device   113.0 ms
hhl/hhl_q14_v0001                        enc old    20.7 new    5.3 ms  fwd3  18.7 ms  compile/device   167.2 ms
hhl/hhl_q15_v0002                        enc old    21.3 new    5.4 ms  fwd3  19.2 ms  compile/device   195.7 ms
hhl/hhl_q17_v0001                        enc old    24.3 new    6.0 ms  fwd3  23.5 ms  compile/device   261.6 ms
hhl/hhl_q3_v0001                         enc old     6.6 new    1.9 ms  fwd3   7.0 ms  compile/device     3.1 ms
hhl/hhl_q7_v0000                         enc old     9.2 new    2.5 ms  fwd3   9.4 ms  compile/device    24.2 ms
hhl/hhl_q8_v0002                         enc old    10.9 new    2.9 ms  fwd3  11.6 ms  compile/device    35.8 ms
hhl/hhl_q9_v0002                         enc old    12.1 new    3.1 ms  fwd3  12.4 ms  compile/device    49.5 ms
hrs_cumulative_multiplier/hrs_cumulative_multiplier_q5_v0000 enc old    11.6 new    3.7 ms  fwd3  11.9 ms  compile/device    48.9 ms
hrs_cumulative_multiplier/hrs_cumulative_multiplier_q9_v0000 enc old    20.0 new    5.7 ms  fwd3  20.6 ms  compile/device   210.7 ms
iqpe/iqpe_q11_v0004                      enc old    49.9 new    1.1 ms  fwd3  11.1 ms  compile/device    43.4 ms
iqpe/iqpe_q15_v0011                      enc old    86.7 new    1.8 ms  fwd3  14.4 ms  compile/device    80.2 ms
iqpe/iqpe_q18_v0019                      enc old   118.6 new    2.3 ms  fwd3  17.1 ms  compile/device   146.0 ms
iqpe/iqpe_q20_v0013                      enc old   158.6 new    3.5 ms  fwd3  20.6 ms  compile/device   148.5 ms
iqpe/iqpe_q20_v0018                      enc old   131.7 new    2.5 ms  fwd3  17.9 ms  compile/device   167.0 ms
iqpe/iqpe_q20_v0029                      enc old   145.4 new    3.0 ms  fwd3  19.9 ms  compile/device   172.0 ms
iqpe/iqpe_q5_v0012                       enc old    15.3 new    0.6 ms  fwd3   8.0 ms  compile/device    10.6 ms
iqpe/iqpe_q6_v0000                       enc old    17.2 new    0.5 ms  fwd3   7.8 ms  compile/device    14.4 ms
iqpe/iqpe_q6_v0009                       enc old    20.7 new    0.6 ms  fwd3   8.7 ms  compile/device    13.4 ms
iqpe/iqpe_q7_v0004                       enc old    25.3 new    0.7 ms  fwd3   8.9 ms  compile/device    18.5 ms
modular_adder/modular_adder_q10_v0000    enc old    13.8 new    4.0 ms  fwd3  13.8 ms  compile/device    27.8 ms
modular_adder/modular_adder_q12_v0000    enc old    13.5 new    6.3 ms  fwd3  13.2 ms  compile/device    41.2 ms
modular_adder/modular_adder_q14_v0000    enc old    17.1 new    4.9 ms  fwd3  17.1 ms  compile/device    54.5 ms
modular_adder/modular_adder_q16_v0000    enc old    16.2 new    4.7 ms  fwd3  16.5 ms  compile/device    68.5 ms
modular_adder/modular_adder_q18_v0000    enc old    20.9 new    5.7 ms  fwd3  18.8 ms  compile/device    84.3 ms
modular_adder/modular_adder_q20_v0000    enc old    20.1 new    4.9 ms  fwd3  18.1 ms  compile/device    97.7 ms
modular_adder/modular_adder_q2_v0000     enc old     5.3 new    1.6 ms  fwd3   5.8 ms  compile/device     1.6 ms
modular_adder/modular_adder_q4_v0000     enc old     9.9 new    3.4 ms  fwd3   9.5 ms  compile/device     4.7 ms
modular_adder/modular_adder_q6_v0000     enc old    11.1 new    3.6 ms  fwd3  10.8 ms  compile/device    10.3 ms
modular_adder/modular_adder_q8_v0000     enc old    13.0 new    3.8 ms  fwd3  12.0 ms  compile/device    17.3 ms
multiplier/multiplier_q12_v0000          enc old    36.5 new    8.9 ms  fwd3  36.5 ms  compile/device   222.4 ms
multiplier/multiplier_q4_v0000           enc old     8.1 new    2.4 ms  fwd3   8.4 ms  compile/device     8.1 ms
multiplier/multiplier_q8_v0000           enc old    15.8 new    4.1 ms  fwd3  14.2 ms  compile/device    67.1 ms
qaoa/qaoa_q10_v0026                      enc old    12.1 new    4.1 ms  fwd3  11.9 ms  compile/device    20.0 ms
qaoa/qaoa_q11_v0056                      enc old    18.3 new    6.1 ms  fwd3  16.9 ms  compile/device    58.8 ms
qaoa/qaoa_q11_v0119                      enc old    29.1 new    9.6 ms  fwd3  24.9 ms  compile/device   129.4 ms
qaoa/qaoa_q11_v0140                      enc old    28.6 new    8.9 ms  fwd3  26.1 ms  compile/device   128.3 ms
qaoa/qaoa_q11_v0149                      enc old    30.0 new    8.8 ms  fwd3  27.0 ms  compile/device   126.9 ms
qaoa/qaoa_q14_v0075                      enc old    24.8 new    7.4 ms  fwd3  22.0 ms  compile/device   134.4 ms
qaoa/qaoa_q14_v0117                      enc old    35.9 new   11.3 ms  fwd3  31.6 ms  compile/device   204.1 ms
qaoa/qaoa_q16_v0049                      enc old    26.8 new    9.0 ms  fwd3  23.7 ms  compile/device   147.0 ms
qaoa/qaoa_q20_v0035                      enc old    25.1 new    8.9 ms  fwd3  22.6 ms  compile/device   120.2 ms
qaoa/qaoa_q3_v0150                       enc old     7.6 new    2.3 ms  fwd3   6.9 ms  compile/device     4.5 ms
qft/qft_q11_v0004                        enc old    11.6 new    3.1 ms  fwd3  11.2 ms  compile/device    51.0 ms
qft/qft_q15_v0037                        enc old    16.4 new    5.3 ms  fwd3  15.4 ms  compile/device   108.7 ms
qft/qft_q17_v0006                        enc old    16.1 new    4.5 ms  fwd3  15.0 ms  compile/device   143.9 ms
qft/qft_q18_v0004                        enc old    19.1 new    5.2 ms  fwd3  16.5 ms  compile/device   164.9 ms
qft/qft_q18_v0005                        enc old    17.8 new    4.8 ms  fwd3  16.0 ms  compile/device   164.6 ms
qft/qft_q18_v0038                        enc old    20.3 new    5.3 ms  fwd3  18.0 ms  compile/device   168.2 ms
qft/qft_q19_v0010                        enc old    20.6 new    5.2 ms  fwd3  19.6 ms  compile/device   190.3 ms
qft/qft_q19_v0012                        enc old    20.5 new    5.3 ms  fwd3  18.2 ms  compile/device   186.8 ms
qft/qft_q4_v0006                         enc old     7.5 new    2.1 ms  fwd3   7.2 ms  compile/device     5.8 ms
qft/qft_q9_v0021                         enc old     9.7 new    2.7 ms  fwd3   9.5 ms  compile/device    29.3 ms
qftentangled/qftentangled_q11_v0007      enc old    11.6 new    3.1 ms  fwd3  12.4 ms  compile/device    58.0 ms
qftentangled/qftentangled_q13_v0001      enc old    13.6 new    3.6 ms  fwd3  14.9 ms  compile/device    83.3 ms
qftentangled/qftentangled_q13_v0016      enc old    13.4 new    3.6 ms  fwd3  12.9 ms  compile/device    84.2 ms
qftentangled/qftentangled_q15_v0035      enc old    16.7 new    4.4 ms  fwd3  17.1 ms  compile/device   117.3 ms
qftentangled/qftentangled_q16_v0014      enc old    17.5 new    4.7 ms  fwd3  15.2 ms  compile/device   137.6 ms
qftentangled/qftentangled_q19_v0016      enc old    23.5 new    6.9 ms  fwd3  22.4 ms  compile/device   200.5 ms
qftentangled/qftentangled_q20_v0038      enc old    25.4 new    6.8 ms  fwd3  24.6 ms  compile/device   221.9 ms
qftentangled/qftentangled_q3_v0003       enc old     7.0 new    2.0 ms  fwd3   7.2 ms  compile/device     4.2 ms
qftentangled/qftentangled_q5_v0001       enc old     7.3 new    2.1 ms  fwd3   8.5 ms  compile/device     8.4 ms
qftentangled/qftentangled_q9_v0032       enc old    11.5 new    3.0 ms  fwd3  11.7 ms  compile/device    35.8 ms
qnn/qnn_q11_v0039                        enc old    11.4 new    1.0 ms  fwd3  12.3 ms  compile/device     4.9 ms
qnn/qnn_q12_v0027                        enc old    10.6 new    0.9 ms  fwd3  11.9 ms  compile/device     5.3 ms
qnn/qnn_q14_v0027                        enc old    12.5 new    1.0 ms  fwd3  14.3 ms  compile/device     5.9 ms
qnn/qnn_q20_v0026                        enc old    13.5 new    1.2 ms  fwd3  14.8 ms  compile/device    17.9 ms
qnn/qnn_q2_v0033                         enc old     6.6 new    0.4 ms  fwd3   6.8 ms  compile/device     1.4 ms
qnn/qnn_q5_v0003                         enc old     7.0 new    0.5 ms  fwd3   8.0 ms  compile/device     2.1 ms
qnn/qnn_q7_v0009                         enc old     8.5 new    0.6 ms  fwd3   9.2 ms  compile/device     2.8 ms
qnn/qnn_q8_v0015                         enc old     9.6 new    0.7 ms  fwd3  10.4 ms  compile/device     2.7 ms
qnn/qnn_q9_v0003                         enc old     9.1 new    0.7 ms  fwd3  10.3 ms  compile/device     3.1 ms
qnn/qnn_q9_v0033                         enc old     9.3 new    0.7 ms  fwd3  10.4 ms  compile/device     3.7 ms
qpeexact/qpeexact_q12_v0000              enc old    11.4 new    0.9 ms  fwd3  11.9 ms  compile/device    60.2 ms
qpeexact/qpeexact_q15_v0000              enc old    15.0 new    1.2 ms  fwd3  14.1 ms  compile/device   105.6 ms
qpeexact/qpeexact_q16_v0000              enc old    17.5 new    1.4 ms  fwd3  15.1 ms  compile/device   124.1 ms
qpeexact/qpeexact_q17_v0000              enc old    16.3 new    1.3 ms  fwd3  14.7 ms  compile/device   143.9 ms
qpeexact/qpeexact_q18_v0000              enc old    19.5 new    1.6 ms  fwd3  18.7 ms  compile/device   163.6 ms
qpeexact/qpeexact_q19_v0000              enc old    20.7 new    1.7 ms  fwd3  18.7 ms  compile/device   181.8 ms
qpeexact/qpeexact_q20_v0000              enc old    19.0 new    1.7 ms  fwd3  18.4 ms  compile/device   202.6 ms
qpeexact/qpeexact_q3_v0000               enc old     6.7 new    0.3 ms  fwd3   7.1 ms  compile/device     2.0 ms
qpeexact/qpeexact_q4_v0000               enc old     6.4 new    0.4 ms  fwd3   7.2 ms  compile/device     4.4 ms
qpeexact/qpeexact_q7_v0000               enc old     8.7 new    0.6 ms  fwd3   9.4 ms  compile/device    12.7 ms
qpeinexact/qpeinexact_q13_v0000          enc old    10.9 new    0.8 ms  fwd3  10.9 ms  compile/device    76.1 ms
qpeinexact/qpeinexact_q15_v0000          enc old    15.0 new    1.3 ms  fwd3  14.1 ms  compile/device   105.3 ms
qpeinexact/qpeinexact_q16_v0000          enc old    17.2 new    1.5 ms  fwd3  14.8 ms  compile/device   123.8 ms
qpeinexact/qpeinexact_q17_v0000          enc old    17.6 new    1.4 ms  fwd3  16.2 ms  compile/device   143.8 ms
qpeinexact/qpeinexact_q18_v0000          enc old    20.2 new    1.7 ms  fwd3  20.9 ms  compile/device   161.7 ms
qpeinexact/qpeinexact_q2_v0000           enc old     6.5 new    0.3 ms  fwd3   7.1 ms  compile/device     1.9 ms
qpeinexact/qpeinexact_q4_v0000           enc old     7.1 new    0.4 ms  fwd3   8.0 ms  compile/device     5.3 ms
qpeinexact/qpeinexact_q5_v0000           enc old     8.4 new    0.5 ms  fwd3   9.1 ms  compile/device     6.6 ms
qpeinexact/qpeinexact_q7_v0000           enc old     8.3 new    0.6 ms  fwd3   9.2 ms  compile/device    14.6 ms
qpeinexact/qpeinexact_q9_v0000           enc old    10.0 new    0.7 ms  fwd3  10.3 ms  compile/device    28.5 ms
qwalk/qwalk_q3_v0000                     enc old     8.4 new    0.5 ms  fwd3   9.6 ms  compile/device    15.7 ms
qwalk/qwalk_q4_v0000                     enc old    14.9 new    4.9 ms  fwd3  17.1 ms  compile/device    51.0 ms
qwalk/qwalk_q5_v0000                     enc old    32.6 new    6.2 ms  fwd3  39.3 ms  compile/device   142.1 ms
randomcircuit/randomcircuit_q10_v0077    enc old    26.4 new    7.2 ms  fwd3  26.3 ms  compile/device   174.4 ms
randomcircuit/randomcircuit_q12_v0016    enc old    27.6 new    7.8 ms  fwd3  29.8 ms  compile/device   264.6 ms
randomcircuit/randomcircuit_q2_v0040     enc old     6.4 new    2.0 ms  fwd3   7.2 ms  compile/device     1.4 ms
randomcircuit/randomcircuit_q3_v0020     enc old     8.4 new    2.7 ms  fwd3   7.8 ms  compile/device    13.3 ms
randomcircuit/randomcircuit_q5_v0000     enc old    11.0 new    3.7 ms  fwd3  10.3 ms  compile/device    13.2 ms
randomcircuit/randomcircuit_q6_v0045     enc old    15.6 new    4.5 ms  fwd3  16.9 ms  compile/device    60.6 ms
randomcircuit/randomcircuit_q6_v0084     enc old    12.4 new    3.5 ms  fwd3  13.0 ms  compile/device    54.9 ms
randomcircuit/randomcircuit_q6_v0105     enc old    18.3 new    5.5 ms  fwd3  18.5 ms  compile/device    52.1 ms
randomcircuit/randomcircuit_q7_v0011     enc old    16.2 new    5.2 ms  fwd3  15.4 ms  compile/device    46.0 ms
randomcircuit/randomcircuit_q9_v0021     enc old    29.0 new    7.5 ms  fwd3  30.3 ms  compile/device   121.1 ms
rg_qft_multiplier/rg_qft_multiplier_q12_v0000 enc old    34.5 new    7.9 ms  fwd3  37.3 ms  compile/device   220.4 ms
rg_qft_multiplier/rg_qft_multiplier_q4_v0000 enc old     7.3 new    2.0 ms  fwd3   7.8 ms  compile/device     7.5 ms
rg_qft_multiplier/rg_qft_multiplier_q8_v0000 enc old    16.7 new    4.0 ms  fwd3  16.1 ms  compile/device    68.2 ms
seven_qubit_steane_code/seven_qubit_steane_code_q13_v0000 enc old    27.9 new    1.1 ms  fwd3  11.9 ms  compile/device    89.1 ms
shors_nine_qubit_code/shors_nine_qubit_code_q17_v0000 enc old    30.2 new    0.9 ms  fwd3   9.9 ms  compile/device    74.8 ms
vbe_ripple_carry_adder/vbe_ripple_carry_adder_q10_v0000 enc old     8.0 new    2.2 ms  fwd3   9.3 ms  compile/device    29.8 ms
vbe_ripple_carry_adder/vbe_ripple_carry_adder_q13_v0000 enc old     8.6 new    2.5 ms  fwd3   8.9 ms  compile/device    43.6 ms
vbe_ripple_carry_adder/vbe_ripple_carry_adder_q16_v0000 enc old    10.2 new    2.9 ms  fwd3  10.0 ms  compile/device    58.8 ms
vbe_ripple_carry_adder/vbe_ripple_carry_adder_q19_v0000 enc old    10.8 new    3.1 ms  fwd3  12.1 ms  compile/device    76.1 ms
vbe_ripple_carry_adder/vbe_ripple_carry_adder_q4_v0000 enc old     7.1 new    2.0 ms  fwd3   7.2 ms  compile/device     6.8 ms
vbe_ripple_carry_adder/vbe_ripple_carry_adder_q7_v0000 enc old     7.6 new    2.3 ms  fwd3   8.2 ms  compile/device    16.2 ms
vqe_real_amp/vqe_real_amp_q10_v0114      enc old    11.1 new    0.9 ms  fwd3  13.4 ms  compile/device     4.2 ms
vqe_real_amp/vqe_real_amp_q12_v0008      enc old     9.0 new    0.7 ms  fwd3   9.8 ms  compile/device     4.6 ms
vqe_real_amp/vqe_real_amp_q12_v0155      enc old    11.7 new    1.0 ms  fwd3  13.0 ms  compile/device     7.0 ms
vqe_real_amp/vqe_real_amp_q14_v0119      enc old     9.0 new    0.6 ms  fwd3   9.7 ms  compile/device     5.2 ms
vqe_real_amp/vqe_real_amp_q15_v0132      enc old    10.7 new    0.8 ms  fwd3  11.4 ms  compile/device    52.0 ms
vqe_real_amp/vqe_real_amp_q16_v0099      enc old    12.5 new    1.0 ms  fwd3  13.7 ms  compile/device     6.3 ms
vqe_real_amp/vqe_real_amp_q19_v0087      enc old    11.0 new    0.9 ms  fwd3  12.2 ms  compile/device     5.7 ms
vqe_real_amp/vqe_real_amp_q3_v0039       enc old     6.1 new    0.3 ms  fwd3   6.8 ms  compile/device     2.8 ms
vqe_real_amp/vqe_real_amp_q4_v0000       enc old     6.7 new    0.4 ms  fwd3   7.6 ms  compile/device     1.4 ms
vqe_real_amp/vqe_real_amp_q9_v0106       enc old     9.9 new    0.8 ms  fwd3  10.5 ms  compile/device     3.9 ms
vqe_su2/vqe_su2_q11_v0004                enc old    10.0 new    0.8 ms  fwd3  10.7 ms  compile/device     4.8 ms
vqe_su2/vqe_su2_q13_v0094                enc old    11.2 new    0.9 ms  fwd3  12.7 ms  compile/device     6.2 ms
vqe_su2/vqe_su2_q14_v0128                enc old    10.9 new    0.9 ms  fwd3  10.9 ms  compile/device     7.2 ms
vqe_su2/vqe_su2_q19_v0043                enc old    17.4 new    1.7 ms  fwd3  19.2 ms  compile/device   173.9 ms
vqe_su2/vqe_su2_q20_v0010                enc old    13.9 new    1.2 ms  fwd3  14.4 ms  compile/device    20.6 ms
vqe_su2/vqe_su2_q2_v0039                 enc old     6.0 new    0.3 ms  fwd3   6.6 ms  compile/device     1.4 ms
vqe_su2/vqe_su2_q5_v0018                 enc old     8.5 new    0.6 ms  fwd3   9.8 ms  compile/device     2.2 ms
vqe_su2/vqe_su2_q6_v0072                 enc old    12.1 new    1.0 ms  fwd3  13.9 ms  compile/device    39.4 ms
vqe_su2/vqe_su2_q9_v0022                 enc old    11.8 new    1.0 ms  fwd3  12.0 ms  compile/device     4.1 ms
vqe_su2/vqe_su2_q9_v0123                 enc old     8.2 new    0.6 ms  fwd3   8.9 ms  compile/device     9.8 ms
vqe_two_local/vqe_two_local_q11_v0038    enc old     9.4 new    0.7 ms  fwd3  10.0 ms  compile/device    19.8 ms
vqe_two_local/vqe_two_local_q18_v0050    enc old     9.9 new    0.8 ms  fwd3  10.5 ms  compile/device     5.1 ms
vqe_two_local/vqe_two_local_q19_v0045    enc old    15.7 new    1.4 ms  fwd3  16.7 ms  compile/device   109.7 ms
vqe_two_local/vqe_two_local_q20_v0106    enc old    19.1 new    1.8 ms  fwd3  21.7 ms  compile/device   194.3 ms
vqe_two_local/vqe_two_local_q2_v0122     enc old     6.9 new    0.4 ms  fwd3   8.3 ms  compile/device     1.7 ms
vqe_two_local/vqe_two_local_q3_v0116     enc old     7.6 new    0.5 ms  fwd3   9.5 ms  compile/device     6.7 ms
vqe_two_local/vqe_two_local_q5_v0115     enc old     9.9 new    0.8 ms  fwd3  10.9 ms  compile/device    24.2 ms
vqe_two_local/vqe_two_local_q6_v0097     enc old     7.7 new    0.5 ms  fwd3   8.5 ms  compile/device     1.8 ms
vqe_two_local/vqe_two_local_q7_v0155     enc old     9.8 new    0.7 ms  fwd3  10.6 ms  compile/device    29.9 ms
vqe_two_local/vqe_two_local_q8_v0073     enc old     7.7 new    0.5 ms  fwd3   8.3 ms  compile/device     2.3 ms
wstate/wstate_q10_v0000                  enc old     8.5 new    0.6 ms  fwd3   9.8 ms  compile/device     3.2 ms
wstate/wstate_q11_v0000                  enc old     8.6 new    0.6 ms  fwd3   9.3 ms  compile/device     3.9 ms
wstate/wstate_q15_v0000                  enc old     9.1 new    0.7 ms  fwd3  10.2 ms  compile/device     5.3 ms
wstate/wstate_q3_v0000                   enc old     6.2 new    0.3 ms  fwd3   7.2 ms  compile/device     1.4 ms
wstate/wstate_q4_v0000                   enc old     6.6 new    0.4 ms  fwd3   7.2 ms  compile/device     1.5 ms
wstate/wstate_q5_v0000                   enc old     6.4 new    0.4 ms  fwd3   7.1 ms  compile/device     1.6 ms
wstate/wstate_q6_v0000                   enc old     7.1 new    0.4 ms  fwd3   7.8 ms  compile/device     1.7 ms
wstate/wstate_q7_v0000                   enc old     6.8 new    0.4 ms  fwd3   8.1 ms  compile/device     2.2 ms
wstate/wstate_q8_v0000                   enc old     7.8 new    0.5 ms  fwd3   8.6 ms  compile/device     2.4 ms
wstate/wstate_q9_v0000                   enc old     8.0 new    0.5 ms  fwd3   9.0 ms  compile/device     2.5 ms

288 circuits, torch threads 1
encoding  old median 11.2 ms   new median 2.2 ms   speed-up 4.4x
 devices   exhaustive   pred b=1  pred b=64  x (b=1)  x (b=64)  faster b=1
       3       66.7ms     12.9ms     11.3ms     5.4x      5.7x        90%
       6      129.3ms     17.0ms     18.3ms     7.8x      7.1x        98%
      12      251.8ms     24.2ms     31.6ms    10.7x      7.9x       100%
      18      380.4ms     31.7ms     45.4ms    12.2x      8.4x       100%
      27      566.7ms     43.8ms     65.1ms    13.2x      8.5x       100%

by size, 3 and 27 devices (batch 1):
  q 2-5  N= 3: exhaustive     14.3 ms  predictor    9.0 ms  x  1.5
  q 2-5  N=27: exhaustive    118.6 ms  predictor   22.2 ms  x  4.8
  q 6-10 N= 3: exhaustive     50.6 ms  predictor   11.3 ms  x  4.7
  q 6-10 N=27: exhaustive    436.9 ms  predictor   38.1 ms  x 12.9
  q11-15 N= 3: exhaustive    155.7 ms  predictor   15.0 ms  x 10.8
  q11-15 N=27: exhaustive   1453.7 ms  predictor   57.4 ms  x 23.8
  q16-20 N= 3: exhaustive    326.2 ms  predictor   18.1 ms  x 15.6
  q16-20 N=27: exhaustive   2961.4 ms  predictor   80.2 ms  x 37.0
