2026-10-08 13:58:42,827  genstudy.io               INFO     Logging to evaluations/generalization_v4/results/v4_phys_s6/random_control/run.log
2026-10-08 13:58:42,827  run_experiment            INFO     Command line: evaluations/generalization_v3/scripts/run_experiment.py control --model phys --balance-alpha 0 --lr 3e-4 --grad-clip 1.0 --seed 6 --families large --groups vqe --loss mixed --val-mode random --results-dir evaluations/generalization_v4/results/v4_phys_s6
2026-10-08 13:58:42,827  gsv2.gpu                  WARNING  No CUDA device available — running on the CPU.
2026-10-08 13:58:42,828  gsv3.model                INFO     Hyper-parameters (/home/atudisco/pred-distr-tool/src/model/best_params.json + v3 defaults): {'device_hidden': 64, 'device_layers': 3, 'fusion_dim': 128, 'qubit_layers': 2, 'attn_heads': 4, 'lap_pe': 8, 'cost_bias_init': -6.0, 'hidden_dim': 142, 'num_conv_wo_resnet': 3, 'num_resnet_layers': 1, 'dropout': 0.0, 'bidirectional': True, 'mlp': [512, 256, 128], 'lr': 0.001, 'readout': 'meanmaxsum'}
2026-10-08 13:58:42,842  gsv3.devices              INFO     Device graphs: node features 13 (Laplacian PE 8), physical errors True
2026-10-08 13:58:42,843  genstudy.data             INFO     Loading graph dataset: /home/atudisco/pred-distr-tool/evaluations/generalization_v3/data/graph_dataset_expected_fidelity.pt
2026-10-08 13:58:46,342  genstudy.data             INFO     Loaded 17056 graphs
2026-10-08 13:58:46,370  genstudy.io               INFO     Wrote evaluations/generalization_v4/results/v4_phys_s6/random_control/dataset_summary.json
2026-10-08 13:58:46,461  run_experiment            INFO     [1/1] random_seed6
2026-10-08 13:58:46,463  gsv3.experiment           INFO     === random / random_seed6 ===
2026-10-08 13:58:46,463  gsv3.experiment           INFO     Random split stratified by fidelity (test_fraction=0.3, seed=6): train = 11939, test = 5117 circuits; families and sizes appear on both sides.
2026-10-08 13:58:46,464  gsv3.experiment           INFO     train=9551  val=2388 ({'mode': 'random'})  test=5117
2026-10-08 13:58:46,531  gsv3.training             INFO     [random:random_seed6] model=phys (945374 params) train=9551 val=2388 lr=0.0003 clip=1.0 alpha=0.00
2026-10-08 13:59:56,185  gsv3.training             INFO     [random:random_seed6] epoch 0001  train_log_mse=0.48388  val_log_mse=0.60737  val_mse=0.006013  max_grad=706.09  patience=0/30
2026-10-08 14:01:08,171  gsv3.training             INFO     [random:random_seed6] epoch 0002  train_log_mse=0.04548  val_log_mse=0.38329  val_mse=0.004009  max_grad=6.08  patience=0/30
2026-10-08 14:02:20,398  gsv3.training             INFO     [random:random_seed6] epoch 0003  train_log_mse=0.03168  val_log_mse=0.33753  val_mse=0.002147  max_grad=4.15  patience=0/30
2026-10-08 14:03:33,249  gsv3.training             INFO     [random:random_seed6] epoch 0004  train_log_mse=0.02674  val_log_mse=0.19507  val_mse=0.001745  max_grad=4.09  patience=0/30
2026-10-08 14:04:45,780  gsv3.training             INFO     [random:random_seed6] epoch 0005  train_log_mse=0.02061  val_log_mse=0.19651  val_mse=0.001583  max_grad=2.86  patience=0/30
2026-10-08 14:05:58,130  gsv3.training             INFO     [random:random_seed6] epoch 0006  train_log_mse=0.01905  val_log_mse=0.17621  val_mse=0.001448  max_grad=2.15  patience=0/30
2026-10-08 14:07:10,929  gsv3.training             INFO     [random:random_seed6] epoch 0007  train_log_mse=0.01672  val_log_mse=0.15821  val_mse=0.001305  max_grad=1.73  patience=0/30
2026-10-08 14:08:23,458  gsv3.training             INFO     [random:random_seed6] epoch 0008  train_log_mse=0.01605  val_log_mse=0.18690  val_mse=0.001339  max_grad=2.03  patience=1/30
2026-10-08 14:09:36,064  gsv3.training             INFO     [random:random_seed6] epoch 0009  train_log_mse=0.01540  val_log_mse=0.16058  val_mse=0.001400  max_grad=2.22  patience=2/30
2026-10-08 14:10:48,493  gsv3.training             INFO     [random:random_seed6] epoch 0010  train_log_mse=0.01225  val_log_mse=0.13946  val_mse=0.001222  max_grad=1.40  patience=0/30
2026-10-08 14:12:00,710  gsv3.training             INFO     [random:random_seed6] epoch 0011  train_log_mse=0.01350  val_log_mse=0.12955  val_mse=0.001418  max_grad=2.23  patience=1/30
2026-10-08 14:13:13,190  gsv3.training             INFO     [random:random_seed6] epoch 0012  train_log_mse=0.01196  val_log_mse=0.16630  val_mse=0.001250  max_grad=2.23  patience=2/30
