2026-10-09 15:04:19,102  genstudy.io               INFO     Logging to evaluations/generalization_v8/results/v8c_d1_v4/random_control/run.log
2026-10-09 15:04:19,102  run_experiment            INFO     Command line: evaluations/generalization_v3/scripts/run_experiment.py control --model sinkhorn --balance-alpha 0 --lr 1e-4 --grad-clip 1.0 --seed 5 --families x --groups x --loss mixed --val-mode random --layout-lambda 0.1 --layout-loss region_dist --layouts-path evaluations/compile_check/results/compiler_layouts_v6pilot.pt --count-lambda 0.01 --counts-path evaluations/compile_check/results/compiler_counts_v8.pt --calib-aug evaluations/compile_check/results/v8b --orig-best evaluations/compile_check/results/v8b_orig/v8b_orig_labels.pt --delta-lambda 1 --aug-variants 0,2,3,6 --init-from evaluations/generalization_v8/results/v8a_c001/random_control/random_seed5/model.pth --keep-last --epochs 20 --patience 100 --results-dir evaluations/generalization_v8/results/v8c_d1_v4
2026-10-09 15:04:19,103  gsv2.gpu                  WARNING  No CUDA device available — running on the CPU.
2026-10-09 15:04:19,104  gsv3.model                INFO     Hyper-parameters (/home/atudisco/pred-distr-tool/src/model/best_params.json + v3 defaults): {'device_hidden': 64, 'device_layers': 3, 'fusion_dim': 128, 'qubit_layers': 2, 'attn_heads': 4, 'lap_pe': 8, 'cost_bias_init': -6.0, 'hidden_dim': 142, 'num_conv_wo_resnet': 3, 'num_resnet_layers': 1, 'dropout': 0.0, 'bidirectional': True, 'mlp': [512, 256, 128], 'lr': 0.001, 'readout': 'meanmaxsum'}
2026-10-09 15:04:19,116  gsv3.devices              INFO     Device graphs: node features 13 (Laplacian PE 8), physical errors True
2026-10-09 15:04:19,117  genstudy.data             INFO     Loading graph dataset: /home/atudisco/pred-distr-tool/evaluations/generalization_v3/data/graph_dataset_expected_fidelity.pt
2026-10-09 15:04:22,303  genstudy.data             INFO     Loaded 17056 graphs
2026-10-09 15:04:22,809  run_experiment            INFO     Compiler layouts (evaluations/compile_check/results/compiler_layouts_v6pilot.pt): 16994/17056 circuits
2026-10-09 15:04:25,045  run_experiment            INFO     Calibration variants (evaluations/compile_check/results/v8b): 8 variant sets, 16994/17056 circuits
2026-10-09 15:04:26,877  run_experiment            INFO     Original-calibration best-of-K labels (evaluations/compile_check/results/v8b_orig/v8b_orig_labels.pt): 16994/17056 circuits
2026-10-09 15:04:27,329  run_experiment            INFO     Compiler counts (evaluations/compile_check/results/compiler_counts_v8.pt): 16994/17056 circuits
2026-10-09 15:04:27,335  genstudy.io               INFO     Wrote evaluations/generalization_v8/results/v8c_d1_v4/random_control/dataset_summary.json
2026-10-09 15:04:27,986  run_experiment            INFO     [1/1] random_seed5
2026-10-09 15:04:27,989  gsv3.experiment           INFO     === random / random_seed5 ===
2026-10-09 15:04:27,989  gsv3.experiment           INFO     Random split stratified by fidelity (test_fraction=0.3, seed=5): train = 11939, test = 5117 circuits; families and sizes appear on both sides.
2026-10-09 15:04:27,990  gsv3.experiment           INFO     train=9551  val=2388 ({'mode': 'random'})  test=5117
2026-10-09 15:04:28,061  gsv3.training             INFO     [random:random_seed5] initialised from evaluations/generalization_v8/results/v8a_c001/random_control/random_seed5/model.pth
2026-10-09 15:04:28,105  gsv3.training             INFO     [random:random_seed5] model=sinkhorn (979423 params) train=9551 val=2388 lr=0.0001 clip=1.0 alpha=0.00
2026-10-09 15:06:23,819  gsv3.training             INFO     [random:random_seed5] epoch 0001  delta_mse=0.0264
2026-10-09 15:06:23,820  gsv3.training             INFO     [random:random_seed5] epoch 0001  count_mse=0.0715  count_rel_err_2q=0.189
2026-10-09 15:06:23,820  gsv3.training             INFO     [random:random_seed5] epoch 0001  region_bce=0.0616  dist_mse=0.0674  region_overlap=0.935
2026-10-09 15:06:23,821  gsv3.training             INFO     [random:random_seed5] epoch 0001  train_log_mse=0.00289  val_log_mse=0.05897  val_mse=0.000419  max_grad=10.28  patience=0/100
2026-10-09 15:08:16,315  gsv3.training             INFO     [random:random_seed5] epoch 0002  delta_mse=0.0154
2026-10-09 15:08:16,316  gsv3.training             INFO     [random:random_seed5] epoch 0002  count_mse=0.0712  count_rel_err_2q=0.200
2026-10-09 15:08:16,316  gsv3.training             INFO     [random:random_seed5] epoch 0002  region_bce=0.0622  dist_mse=0.0664  region_overlap=0.935
2026-10-09 15:08:16,317  gsv3.training             INFO     [random:random_seed5] epoch 0002  train_log_mse=0.00271  val_log_mse=0.05361  val_mse=0.000411  max_grad=4.42  patience=0/100
2026-10-09 15:10:00,861  gsv3.training             INFO     [random:random_seed5] epoch 0003  delta_mse=0.0119
2026-10-09 15:10:00,862  gsv3.training             INFO     [random:random_seed5] epoch 0003  count_mse=0.0706  count_rel_err_2q=0.202
2026-10-09 15:10:00,862  gsv3.training             INFO     [random:random_seed5] epoch 0003  region_bce=0.0573  dist_mse=0.0661  region_overlap=0.937
2026-10-09 15:10:00,862  gsv3.training             INFO     [random:random_seed5] epoch 0003  train_log_mse=0.00255  val_log_mse=0.05470  val_mse=0.000425  max_grad=1.47  patience=1/100
2026-10-09 15:11:45,041  gsv3.training             INFO     [random:random_seed5] epoch 0004  delta_mse=0.0099
2026-10-09 15:11:45,042  gsv3.training             INFO     [random:random_seed5] epoch 0004  count_mse=0.0700  count_rel_err_2q=0.201
2026-10-09 15:11:45,042  gsv3.training             INFO     [random:random_seed5] epoch 0004  region_bce=0.0558  dist_mse=0.0656  region_overlap=0.938
2026-10-09 15:11:45,043  gsv3.training             INFO     [random:random_seed5] epoch 0004  train_log_mse=0.00252  val_log_mse=0.05487  val_mse=0.000402  max_grad=2.08  patience=0/100
2026-10-09 15:13:29,102  gsv3.training             INFO     [random:random_seed5] epoch 0005  delta_mse=0.0091
2026-10-09 15:13:29,103  gsv3.training             INFO     [random:random_seed5] epoch 0005  count_mse=0.0691  count_rel_err_2q=0.200
2026-10-09 15:13:29,103  gsv3.training             INFO     [random:random_seed5] epoch 0005  region_bce=0.0545  dist_mse=0.0649  region_overlap=0.938
2026-10-09 15:13:29,104  gsv3.training             INFO     [random:random_seed5] epoch 0005  train_log_mse=0.00246  val_log_mse=0.05374  val_mse=0.000392  max_grad=2.61  patience=0/100
2026-10-09 15:15:13,334  gsv3.training             INFO     [random:random_seed5] epoch 0006  delta_mse=0.0084
2026-10-09 15:15:13,334  gsv3.training             INFO     [random:random_seed5] epoch 0006  count_mse=0.0688  count_rel_err_2q=0.201
2026-10-09 15:15:13,334  gsv3.training             INFO     [random:random_seed5] epoch 0006  region_bce=0.0539  dist_mse=0.0648  region_overlap=0.939
2026-10-09 15:15:13,334  gsv3.training             INFO     [random:random_seed5] epoch 0006  train_log_mse=0.00244  val_log_mse=0.05690  val_mse=0.000403  max_grad=1.59  patience=1/100
2026-10-09 15:16:59,423  gsv3.training             INFO     [random:random_seed5] epoch 0007  delta_mse=0.0075
2026-10-09 15:16:59,424  gsv3.training             INFO     [random:random_seed5] epoch 0007  count_mse=0.0680  count_rel_err_2q=0.202
2026-10-09 15:16:59,424  gsv3.training             INFO     [random:random_seed5] epoch 0007  region_bce=0.0529  dist_mse=0.0648  region_overlap=0.940
2026-10-09 15:16:59,424  gsv3.training             INFO     [random:random_seed5] epoch 0007  train_log_mse=0.00241  val_log_mse=0.05771  val_mse=0.000423  max_grad=1.61  patience=2/100
2026-10-09 15:18:45,710  gsv3.training             INFO     [random:random_seed5] epoch 0008  delta_mse=0.0066
2026-10-09 15:18:45,711  gsv3.training             INFO     [random:random_seed5] epoch 0008  count_mse=0.0678  count_rel_err_2q=0.201
2026-10-09 15:18:45,711  gsv3.training             INFO     [random:random_seed5] epoch 0008  region_bce=0.0518  dist_mse=0.0646  region_overlap=0.940
2026-10-09 15:18:45,711  gsv3.training             INFO     [random:random_seed5] epoch 0008  train_log_mse=0.00240  val_log_mse=0.05593  val_mse=0.000396  max_grad=1.50  patience=3/100
2026-10-09 15:20:30,483  gsv3.training             INFO     [random:random_seed5] epoch 0009  delta_mse=0.0070
2026-10-09 15:20:30,484  gsv3.training             INFO     [random:random_seed5] epoch 0009  count_mse=0.0676  count_rel_err_2q=0.200
2026-10-09 15:20:30,484  gsv3.training             INFO     [random:random_seed5] epoch 0009  region_bce=0.0524  dist_mse=0.0643  region_overlap=0.940
2026-10-09 15:20:30,485  gsv3.training             INFO     [random:random_seed5] epoch 0009  train_log_mse=0.00241  val_log_mse=0.05536  val_mse=0.000384  max_grad=3.68  patience=0/100
2026-10-09 15:22:14,158  gsv3.training             INFO     [random:random_seed5] epoch 0010  delta_mse=0.0068
2026-10-09 15:22:14,159  gsv3.training             INFO     [random:random_seed5] epoch 0010  count_mse=0.0673  count_rel_err_2q=0.202
2026-10-09 15:22:14,159  gsv3.training             INFO     [random:random_seed5] epoch 0010  region_bce=0.0519  dist_mse=0.0643  region_overlap=0.940
2026-10-09 15:22:14,160  gsv3.training             INFO     [random:random_seed5] epoch 0010  train_log_mse=0.00247  val_log_mse=0.05430  val_mse=0.000375  max_grad=1.86  patience=0/100
2026-10-09 15:23:58,405  gsv3.training             INFO     [random:random_seed5] epoch 0011  delta_mse=0.0062
2026-10-09 15:23:58,406  gsv3.training             INFO     [random:random_seed5] epoch 0011  count_mse=0.0666  count_rel_err_2q=0.202
2026-10-09 15:23:58,406  gsv3.training             INFO     [random:random_seed5] epoch 0011  region_bce=0.0508  dist_mse=0.0640  region_overlap=0.941
2026-10-09 15:23:58,408  gsv3.training             INFO     [random:random_seed5] epoch 0011  train_log_mse=0.00240  val_log_mse=0.05560  val_mse=0.000363  max_grad=2.27  patience=0/100
2026-10-09 15:25:42,376  gsv3.training             INFO     [random:random_seed5] epoch 0012  delta_mse=0.0061
2026-10-09 15:25:42,377  gsv3.training             INFO     [random:random_seed5] epoch 0012  count_mse=0.0666  count_rel_err_2q=0.203
2026-10-09 15:25:42,377  gsv3.training             INFO     [random:random_seed5] epoch 0012  region_bce=0.0512  dist_mse=0.0638  region_overlap=0.941
2026-10-09 15:25:42,377  gsv3.training             INFO     [random:random_seed5] epoch 0012  train_log_mse=0.00236  val_log_mse=0.05587  val_mse=0.000381  max_grad=3.09  patience=1/100
2026-10-09 15:27:26,845  gsv3.training             INFO     [random:random_seed5] epoch 0013  delta_mse=0.0050
2026-10-09 15:27:26,846  gsv3.training             INFO     [random:random_seed5] epoch 0013  count_mse=0.0661  count_rel_err_2q=0.200
2026-10-09 15:27:26,846  gsv3.training             INFO     [random:random_seed5] epoch 0013  region_bce=0.0491  dist_mse=0.0633  region_overlap=0.942
2026-10-09 15:27:26,846  gsv3.training             INFO     [random:random_seed5] epoch 0013  train_log_mse=0.00231  val_log_mse=0.05689  val_mse=0.000364  max_grad=1.75  patience=2/100
2026-10-09 15:29:12,511  gsv3.training             INFO     [random:random_seed5] epoch 0014  delta_mse=0.0048
2026-10-09 15:29:12,511  gsv3.training             INFO     [random:random_seed5] epoch 0014  count_mse=0.0659  count_rel_err_2q=0.201
2026-10-09 15:29:12,511  gsv3.training             INFO     [random:random_seed5] epoch 0014  region_bce=0.0482  dist_mse=0.0628  region_overlap=0.943
2026-10-09 15:29:12,511  gsv3.training             INFO     [random:random_seed5] epoch 0014  train_log_mse=0.00229  val_log_mse=0.05430  val_mse=0.000367  max_grad=1.31  patience=3/100
2026-10-09 15:30:56,212  gsv3.training             INFO     [random:random_seed5] epoch 0015  delta_mse=0.0047
2026-10-09 15:30:56,213  gsv3.training             INFO     [random:random_seed5] epoch 0015  count_mse=0.0659  count_rel_err_2q=0.201
2026-10-09 15:30:56,213  gsv3.training             INFO     [random:random_seed5] epoch 0015  region_bce=0.0491  dist_mse=0.0630  region_overlap=0.942
2026-10-09 15:30:56,214  gsv3.training             INFO     [random:random_seed5] epoch 0015  train_log_mse=0.00228  val_log_mse=0.05385  val_mse=0.000356  max_grad=2.03  patience=0/100
2026-10-09 15:32:39,938  gsv3.training             INFO     [random:random_seed5] epoch 0016  delta_mse=0.0050
2026-10-09 15:32:39,939  gsv3.training             INFO     [random:random_seed5] epoch 0016  count_mse=0.0653  count_rel_err_2q=0.200
2026-10-09 15:32:39,939  gsv3.training             INFO     [random:random_seed5] epoch 0016  region_bce=0.0493  dist_mse=0.0632  region_overlap=0.942
2026-10-09 15:32:39,939  gsv3.training             INFO     [random:random_seed5] epoch 0016  train_log_mse=0.00235  val_log_mse=0.05543  val_mse=0.000359  max_grad=2.21  patience=1/100
2026-10-09 15:34:28,786  gsv3.training             INFO     [random:random_seed5] epoch 0017  delta_mse=0.0049
2026-10-09 15:34:28,787  gsv3.training             INFO     [random:random_seed5] epoch 0017  count_mse=0.0649  count_rel_err_2q=0.202
2026-10-09 15:34:28,787  gsv3.training             INFO     [random:random_seed5] epoch 0017  region_bce=0.0488  dist_mse=0.0628  region_overlap=0.942
2026-10-09 15:34:28,787  gsv3.training             INFO     [random:random_seed5] epoch 0017  train_log_mse=0.00231  val_log_mse=0.05588  val_mse=0.000368  max_grad=1.87  patience=2/100
2026-10-09 15:36:20,766  gsv3.training             INFO     [random:random_seed5] epoch 0018  delta_mse=0.0044
2026-10-09 15:36:20,766  gsv3.training             INFO     [random:random_seed5] epoch 0018  count_mse=0.0648  count_rel_err_2q=0.202
2026-10-09 15:36:20,766  gsv3.training             INFO     [random:random_seed5] epoch 0018  region_bce=0.0475  dist_mse=0.0622  region_overlap=0.943
2026-10-09 15:36:20,768  gsv3.training             INFO     [random:random_seed5] epoch 0018  train_log_mse=0.00232  val_log_mse=0.05547  val_mse=0.000351  max_grad=1.16  patience=0/100
2026-10-09 15:38:05,469  gsv3.training             INFO     [random:random_seed5] epoch 0019  delta_mse=0.0047
2026-10-09 15:38:05,469  gsv3.training             INFO     [random:random_seed5] epoch 0019  count_mse=0.0649  count_rel_err_2q=0.201
2026-10-09 15:38:05,469  gsv3.training             INFO     [random:random_seed5] epoch 0019  region_bce=0.0489  dist_mse=0.0622  region_overlap=0.942
2026-10-09 15:38:05,469  gsv3.training             INFO     [random:random_seed5] epoch 0019  train_log_mse=0.00229  val_log_mse=0.05730  val_mse=0.000362  max_grad=1.72  patience=1/100
2026-10-09 15:39:49,633  gsv3.training             INFO     [random:random_seed5] epoch 0020  delta_mse=0.0046
2026-10-09 15:39:49,634  gsv3.training             INFO     [random:random_seed5] epoch 0020  count_mse=0.0644  count_rel_err_2q=0.198
2026-10-09 15:39:49,634  gsv3.training             INFO     [random:random_seed5] epoch 0020  region_bce=0.0477  dist_mse=0.0620  region_overlap=0.943
2026-10-09 15:39:49,634  gsv3.training             INFO     [random:random_seed5] epoch 0020  train_log_mse=0.00227  val_log_mse=0.05786  val_mse=0.000364  max_grad=1.21  patience=2/100
2026-10-09 15:39:58,696  gsv3.experiment           INFO     [random_seed5] TEST  n=5117  MAE=0.0107  R2=0.9958  device-acc=0.708  regret=0.0027
2026-10-09 15:39:58,700  genstudy.io               INFO     Wrote evaluations/generalization_v8/results/v8c_d1_v4/random_control/random_seed5/metrics.json
2026-10-09 15:39:58,726  genstudy.io               INFO     Wrote evaluations/generalization_v8/results/v8c_d1_v4/random_control/random_seed5/predictions.json
2026-10-09 15:39:58,738  genstudy.io               INFO     Wrote evaluations/generalization_v8/results/v8c_d1_v4/random_control/random_seed5/history.json
2026-10-09 15:39:58,773  run_experiment            INFO     random_control finished: 1 complete, 0 skipped
