2026-10-08 07:08:25,413  genstudy.io               INFO     Logging to evaluations/generalization_v4/results/v4_xattn_mixed/random_control/run.log
2026-10-08 07:08:25,413  run_experiment            INFO     Command line: evaluations/generalization_v3/scripts/run_experiment.py control --model xattn --balance-alpha 0 --lr 3e-4 --grad-clip 1.0 --seed 5 --families large --groups vqe --loss mixed --val-mode random --results-dir evaluations/generalization_v4/results/v4_xattn_mixed
2026-10-08 07:08:25,414  gsv2.gpu                  WARNING  No CUDA device available — running on the CPU.
2026-10-08 07:08:25,414  gsv3.model                INFO     Hyper-parameters (/home/atudisco/pred-distr-tool/src/model/best_params.json + v3 defaults): {'device_hidden': 64, 'device_layers': 3, 'fusion_dim': 128, 'qubit_layers': 2, 'attn_heads': 4, 'lap_pe': 8, 'cost_bias_init': -6.0, 'hidden_dim': 142, 'num_conv_wo_resnet': 3, 'num_resnet_layers': 1, 'dropout': 0.0, 'bidirectional': True, 'mlp': [512, 256, 128], 'lr': 0.001, 'readout': 'meanmaxsum'}
2026-10-08 07:08:25,424  gsv3.devices              INFO     Device graphs: node features 13 (Laplacian PE 8), physical errors False
2026-10-08 07:08:25,425  genstudy.data             INFO     Loading graph dataset: /home/atudisco/pred-distr-tool/evaluations/generalization_v3/data/graph_dataset_expected_fidelity.pt
2026-10-08 07:08:28,714  genstudy.data             INFO     Loaded 17056 graphs
2026-10-08 07:08:28,741  genstudy.io               INFO     Wrote evaluations/generalization_v4/results/v4_xattn_mixed/random_control/dataset_summary.json
2026-10-08 07:08:28,883  run_experiment            INFO     [1/1] random_seed5
2026-10-08 07:08:28,886  gsv3.experiment           INFO     === random / random_seed5 ===
2026-10-08 07:08:28,886  gsv3.experiment           INFO     Random split stratified by fidelity (test_fraction=0.3, seed=5): train = 11939, test = 5117 circuits; families and sizes appear on both sides.
2026-10-08 07:08:28,887  gsv3.experiment           INFO     train=9551  val=2388 ({'mode': 'random'})  test=5117
2026-10-08 07:08:28,964  gsv3.training             INFO     [random:random_seed5] model=xattn (945113 params) train=9551 val=2388 lr=0.0003 clip=1.0 alpha=0.00
2026-10-08 07:09:37,270  gsv3.training             INFO     [random:random_seed5] epoch 0001  train_log_mse=0.51698  val_log_mse=0.91821  val_mse=0.005589  max_grad=999.85  patience=0/30
2026-10-08 07:10:45,349  gsv3.training             INFO     [random:random_seed5] epoch 0002  train_log_mse=0.07848  val_log_mse=0.45489  val_mse=0.002519  max_grad=22.43  patience=0/30
2026-10-08 07:11:53,514  gsv3.training             INFO     [random:random_seed5] epoch 0003  train_log_mse=0.04499  val_log_mse=0.45460  val_mse=0.002886  max_grad=19.49  patience=1/30
2026-10-08 07:13:01,728  gsv3.training             INFO     [random:random_seed5] epoch 0004  train_log_mse=0.04376  val_log_mse=0.54127  val_mse=0.002540  max_grad=29.84  patience=2/30
2026-10-08 07:14:09,988  gsv3.training             INFO     [random:random_seed5] epoch 0005  train_log_mse=0.03190  val_log_mse=0.56726  val_mse=0.002636  max_grad=8.36  patience=3/30
2026-10-08 07:15:18,321  gsv3.training             INFO     [random:random_seed5] epoch 0006  train_log_mse=0.03152  val_log_mse=0.33831  val_mse=0.001793  max_grad=13.22  patience=0/30
2026-10-08 07:16:26,818  gsv3.training             INFO     [random:random_seed5] epoch 0007  train_log_mse=0.02249  val_log_mse=0.19593  val_mse=0.001391  max_grad=7.90  patience=0/30
2026-10-08 07:17:35,354  gsv3.training             INFO     [random:random_seed5] epoch 0008  train_log_mse=0.02071  val_log_mse=0.16414  val_mse=0.001171  max_grad=10.08  patience=0/30
2026-10-08 07:18:43,616  gsv3.training             INFO     [random:random_seed5] epoch 0009  train_log_mse=0.01696  val_log_mse=0.41992  val_mse=0.001515  max_grad=4.63  patience=1/30
2026-10-08 07:19:51,735  gsv3.training             INFO     [random:random_seed5] epoch 0010  train_log_mse=0.01917  val_log_mse=0.19851  val_mse=0.001114  max_grad=8.05  patience=0/30
2026-10-08 07:21:00,067  gsv3.training             INFO     [random:random_seed5] epoch 0011  train_log_mse=0.01540  val_log_mse=0.17079  val_mse=0.001016  max_grad=6.43  patience=0/30
2026-10-08 07:22:08,340  gsv3.training             INFO     [random:random_seed5] epoch 0012  train_log_mse=0.01307  val_log_mse=0.19666  val_mse=0.000903  max_grad=5.38  patience=0/30
2026-10-08 07:23:16,574  gsv3.training             INFO     [random:random_seed5] epoch 0013  train_log_mse=0.01613  val_log_mse=0.19601  val_mse=0.000898  max_grad=8.46  patience=0/30
2026-10-08 07:24:24,773  gsv3.training             INFO     [random:random_seed5] epoch 0014  train_log_mse=0.01261  val_log_mse=0.16936  val_mse=0.001027  max_grad=6.40  patience=1/30
2026-10-08 07:25:32,687  gsv3.training             INFO     [random:random_seed5] epoch 0015  train_log_mse=0.01282  val_log_mse=0.13363  val_mse=0.001683  max_grad=5.36  patience=2/30
2026-10-08 07:26:41,342  gsv3.training             INFO     [random:random_seed5] epoch 0016  train_log_mse=0.01090  val_log_mse=0.10629  val_mse=0.000806  max_grad=4.98  patience=0/30
2026-10-08 07:27:49,326  gsv3.training             INFO     [random:random_seed5] epoch 0017  train_log_mse=0.01004  val_log_mse=0.15455  val_mse=0.000917  max_grad=4.42  patience=1/30
2026-10-08 07:28:57,715  gsv3.training             INFO     [random:random_seed5] epoch 0018  train_log_mse=0.01102  val_log_mse=0.22388  val_mse=0.001152  max_grad=4.72  patience=2/30
2026-10-08 07:30:06,249  gsv3.training             INFO     [random:random_seed5] epoch 0019  train_log_mse=0.00934  val_log_mse=0.10792  val_mse=0.000756  max_grad=3.32  patience=0/30
2026-10-08 07:31:14,572  gsv3.training             INFO     [random:random_seed5] epoch 0020  train_log_mse=0.00918  val_log_mse=0.13615  val_mse=0.000826  max_grad=4.38  patience=1/30
2026-10-08 07:32:22,962  gsv3.training             INFO     [random:random_seed5] epoch 0021  train_log_mse=0.00966  val_log_mse=0.15652  val_mse=0.000843  max_grad=4.55  patience=2/30
2026-10-08 07:33:31,128  gsv3.training             INFO     [random:random_seed5] epoch 0022  train_log_mse=0.00800  val_log_mse=0.13325  val_mse=0.000796  max_grad=3.29  patience=3/30
2026-10-08 07:34:39,509  gsv3.training             INFO     [random:random_seed5] epoch 0023  train_log_mse=0.00913  val_log_mse=0.22994  val_mse=0.001263  max_grad=3.92  patience=4/30
2026-10-08 07:35:47,827  gsv3.training             INFO     [random:random_seed5] epoch 0024  train_log_mse=0.00793  val_log_mse=0.15664  val_mse=0.000785  max_grad=2.63  patience=5/30
2026-10-08 07:36:56,080  gsv3.training             INFO     [random:random_seed5] epoch 0025  train_log_mse=0.00810  val_log_mse=0.12449  val_mse=0.000742  max_grad=3.06  patience=0/30
2026-10-08 07:38:04,515  gsv3.training             INFO     [random:random_seed5] epoch 0026  train_log_mse=0.00702  val_log_mse=0.11110  val_mse=0.000809  max_grad=2.30  patience=1/30
2026-10-08 07:39:12,639  gsv3.training             INFO     [random:random_seed5] epoch 0027  train_log_mse=0.00697  val_log_mse=0.10793  val_mse=0.000724  max_grad=3.12  patience=0/30
2026-10-08 07:40:20,954  gsv3.training             INFO     [random:random_seed5] epoch 0028  train_log_mse=0.00761  val_log_mse=0.20202  val_mse=0.000776  max_grad=3.49  patience=1/30
2026-10-08 07:41:28,899  gsv3.training             INFO     [random:random_seed5] epoch 0029  train_log_mse=0.00630  val_log_mse=0.08762  val_mse=0.000618  max_grad=3.12  patience=0/30
2026-10-08 07:42:37,266  gsv3.training             INFO     [random:random_seed5] epoch 0030  train_log_mse=0.00729  val_log_mse=0.12230  val_mse=0.000641  max_grad=2.81  patience=1/30
2026-10-08 07:43:45,927  gsv3.training             INFO     [random:random_seed5] epoch 0031  train_log_mse=0.00808  val_log_mse=0.11862  val_mse=0.000630  max_grad=3.87  patience=2/30
2026-10-08 07:44:54,354  gsv3.training             INFO     [random:random_seed5] epoch 0032  train_log_mse=0.00601  val_log_mse=0.12145  val_mse=0.000583  max_grad=2.89  patience=0/30
2026-10-08 07:46:02,590  gsv3.training             INFO     [random:random_seed5] epoch 0033  train_log_mse=0.00654  val_log_mse=0.11185  val_mse=0.000647  max_grad=1.99  patience=1/30
2026-10-08 07:47:11,022  gsv3.training             INFO     [random:random_seed5] epoch 0034  train_log_mse=0.00647  val_log_mse=0.11403  val_mse=0.000674  max_grad=3.66  patience=2/30
2026-10-08 07:48:19,095  gsv3.training             INFO     [random:random_seed5] epoch 0035  train_log_mse=0.00571  val_log_mse=0.09662  val_mse=0.000631  max_grad=2.39  patience=3/30
2026-10-08 07:49:27,257  gsv3.training             INFO     [random:random_seed5] epoch 0036  train_log_mse=0.00608  val_log_mse=0.09825  val_mse=0.000841  max_grad=3.12  patience=4/30
2026-10-08 07:50:35,469  gsv3.training             INFO     [random:random_seed5] epoch 0037  train_log_mse=0.00679  val_log_mse=0.10832  val_mse=0.000646  max_grad=4.12  patience=5/30
2026-10-08 07:51:43,518  gsv3.training             INFO     [random:random_seed5] epoch 0038  train_log_mse=0.00600  val_log_mse=0.09361  val_mse=0.000585  max_grad=2.79  patience=6/30
2026-10-08 07:52:51,755  gsv3.training             INFO     [random:random_seed5] epoch 0039  train_log_mse=0.00569  val_log_mse=0.10778  val_mse=0.000577  max_grad=2.99  patience=0/30
2026-10-08 07:53:59,708  gsv3.training             INFO     [random:random_seed5] epoch 0040  train_log_mse=0.00556  val_log_mse=0.09800  val_mse=0.000705  max_grad=3.15  patience=1/30
2026-10-08 07:55:07,458  gsv3.training             INFO     [random:random_seed5] epoch 0041  train_log_mse=0.00563  val_log_mse=0.13351  val_mse=0.000629  max_grad=3.36  patience=2/30
2026-10-08 07:56:15,570  gsv3.training             INFO     [random:random_seed5] epoch 0042  train_log_mse=0.00572  val_log_mse=0.09139  val_mse=0.000592  max_grad=2.59  patience=3/30
2026-10-08 07:57:23,643  gsv3.training             INFO     [random:random_seed5] epoch 0043  train_log_mse=0.00551  val_log_mse=0.08771  val_mse=0.000585  max_grad=3.04  patience=4/30
2026-10-08 07:58:31,542  gsv3.training             INFO     [random:random_seed5] epoch 0044  train_log_mse=0.00523  val_log_mse=0.13120  val_mse=0.000529  max_grad=2.80  patience=0/30
2026-10-08 07:59:39,544  gsv3.training             INFO     [random:random_seed5] epoch 0045  train_log_mse=0.00616  val_log_mse=0.09218  val_mse=0.000545  max_grad=3.25  patience=1/30
2026-10-08 08:00:47,459  gsv3.training             INFO     [random:random_seed5] epoch 0046  train_log_mse=0.00516  val_log_mse=0.09024  val_mse=0.000545  max_grad=2.43  patience=2/30
2026-10-08 08:01:55,459  gsv3.training             INFO     [random:random_seed5] epoch 0047  train_log_mse=0.00540  val_log_mse=0.10745  val_mse=0.000543  max_grad=2.79  patience=3/30
2026-10-08 08:03:03,472  gsv3.training             INFO     [random:random_seed5] epoch 0048  train_log_mse=0.00520  val_log_mse=0.09666  val_mse=0.000550  max_grad=1.98  patience=4/30
2026-10-08 08:04:11,499  gsv3.training             INFO     [random:random_seed5] epoch 0049  train_log_mse=0.00490  val_log_mse=0.09549  val_mse=0.000520  max_grad=1.91  patience=0/30
2026-10-08 08:05:19,435  gsv3.training             INFO     [random:random_seed5] epoch 0050  train_log_mse=0.00512  val_log_mse=0.13860  val_mse=0.000565  max_grad=2.44  patience=1/30
2026-10-08 08:06:27,579  gsv3.training             INFO     [random:random_seed5] epoch 0051  train_log_mse=0.00520  val_log_mse=0.12581  val_mse=0.000937  max_grad=2.21  patience=2/30
2026-10-08 08:07:35,534  gsv3.training             INFO     [random:random_seed5] epoch 0052  train_log_mse=0.00477  val_log_mse=0.09864  val_mse=0.000551  max_grad=2.59  patience=3/30
2026-10-08 08:08:43,480  gsv3.training             INFO     [random:random_seed5] epoch 0053  train_log_mse=0.00547  val_log_mse=0.08712  val_mse=0.000517  max_grad=3.15  patience=0/30
2026-10-08 08:09:51,375  gsv3.training             INFO     [random:random_seed5] epoch 0054  train_log_mse=0.00444  val_log_mse=0.12442  val_mse=0.000530  max_grad=1.91  patience=1/30
2026-10-08 08:10:59,932  gsv3.training             INFO     [random:random_seed5] epoch 0055  train_log_mse=0.00439  val_log_mse=0.08951  val_mse=0.000646  max_grad=1.79  patience=2/30
2026-10-08 08:12:08,487  gsv3.training             INFO     [random:random_seed5] epoch 0056  train_log_mse=0.00518  val_log_mse=0.12517  val_mse=0.000644  max_grad=2.93  patience=3/30
2026-10-08 08:13:16,457  gsv3.training             INFO     [random:random_seed5] epoch 0057  train_log_mse=0.00491  val_log_mse=0.10468  val_mse=0.000613  max_grad=2.67  patience=4/30
2026-10-08 08:14:24,824  gsv3.training             INFO     [random:random_seed5] epoch 0058  train_log_mse=0.00415  val_log_mse=0.09944  val_mse=0.000502  max_grad=1.71  patience=0/30
2026-10-08 08:15:33,282  gsv3.training             INFO     [random:random_seed5] epoch 0059  train_log_mse=0.00439  val_log_mse=0.13040  val_mse=0.000486  max_grad=2.54  patience=0/30
2026-10-08 08:16:41,031  gsv3.training             INFO     [random:random_seed5] epoch 0060  train_log_mse=0.00476  val_log_mse=0.07573  val_mse=0.000477  max_grad=2.17  patience=0/30
2026-10-08 08:17:49,726  gsv3.training             INFO     [random:random_seed5] epoch 0061  train_log_mse=0.00447  val_log_mse=0.09004  val_mse=0.000561  max_grad=2.26  patience=1/30
2026-10-08 08:18:58,303  gsv3.training             INFO     [random:random_seed5] epoch 0062  train_log_mse=0.00469  val_log_mse=0.08980  val_mse=0.000528  max_grad=2.32  patience=2/30
2026-10-08 08:20:06,032  gsv3.training             INFO     [random:random_seed5] epoch 0063  train_log_mse=0.00423  val_log_mse=0.08474  val_mse=0.000470  max_grad=1.51  patience=0/30
2026-10-08 08:21:14,304  gsv3.training             INFO     [random:random_seed5] epoch 0064  train_log_mse=0.00395  val_log_mse=0.07413  val_mse=0.000465  max_grad=2.53  patience=0/30
2026-10-08 08:22:22,461  gsv3.training             INFO     [random:random_seed5] epoch 0065  train_log_mse=0.00446  val_log_mse=0.07700  val_mse=0.000441  max_grad=2.42  patience=0/30
2026-10-08 08:23:30,705  gsv3.training             INFO     [random:random_seed5] epoch 0066  train_log_mse=0.00457  val_log_mse=0.09638  val_mse=0.000455  max_grad=2.06  patience=1/30
2026-10-08 08:24:39,014  gsv3.training             INFO     [random:random_seed5] epoch 0067  train_log_mse=0.00415  val_log_mse=0.08286  val_mse=0.000501  max_grad=2.03  patience=2/30
2026-10-08 08:25:46,862  gsv3.training             INFO     [random:random_seed5] epoch 0068  train_log_mse=0.00411  val_log_mse=0.10060  val_mse=0.000542  max_grad=2.08  patience=3/30
2026-10-08 08:26:54,869  gsv3.training             INFO     [random:random_seed5] epoch 0069  train_log_mse=0.00394  val_log_mse=0.10938  val_mse=0.000525  max_grad=2.40  patience=4/30
2026-10-08 08:28:02,943  gsv3.training             INFO     [random:random_seed5] epoch 0070  train_log_mse=0.00395  val_log_mse=0.12097  val_mse=0.000460  max_grad=1.93  patience=5/30
2026-10-08 08:29:10,970  gsv3.training             INFO     [random:random_seed5] epoch 0071  train_log_mse=0.00399  val_log_mse=0.08975  val_mse=0.000465  max_grad=1.27  patience=6/30
2026-10-08 08:30:18,680  gsv3.training             INFO     [random:random_seed5] epoch 0072  train_log_mse=0.00386  val_log_mse=0.11021  val_mse=0.000607  max_grad=2.27  patience=7/30
2026-10-08 08:31:26,499  gsv3.training             INFO     [random:random_seed5] epoch 0073  train_log_mse=0.00401  val_log_mse=0.09662  val_mse=0.000494  max_grad=1.77  patience=8/30
2026-10-08 08:32:34,126  gsv3.training             INFO     [random:random_seed5] epoch 0074  train_log_mse=0.00391  val_log_mse=0.07738  val_mse=0.000439  max_grad=2.52  patience=0/30
2026-10-08 08:33:42,264  gsv3.training             INFO     [random:random_seed5] epoch 0075  train_log_mse=0.00403  val_log_mse=0.09072  val_mse=0.000420  max_grad=2.75  patience=0/30
2026-10-08 08:34:50,363  gsv3.training             INFO     [random:random_seed5] epoch 0076  train_log_mse=0.00363  val_log_mse=0.08885  val_mse=0.000522  max_grad=2.43  patience=1/30
2026-10-08 08:35:58,059  gsv3.training             INFO     [random:random_seed5] epoch 0077  train_log_mse=0.00423  val_log_mse=0.09020  val_mse=0.000465  max_grad=2.37  patience=2/30
2026-10-08 08:37:05,865  gsv3.training             INFO     [random:random_seed5] epoch 0078  train_log_mse=0.00410  val_log_mse=0.07862  val_mse=0.000433  max_grad=2.33  patience=3/30
2026-10-08 08:38:13,539  gsv3.training             INFO     [random:random_seed5] epoch 0079  train_log_mse=0.00361  val_log_mse=0.09332  val_mse=0.000545  max_grad=1.89  patience=4/30
2026-10-08 08:39:20,980  gsv3.training             INFO     [random:random_seed5] epoch 0080  train_log_mse=0.00336  val_log_mse=0.07520  val_mse=0.000422  max_grad=1.33  patience=5/30
2026-10-08 08:40:28,467  gsv3.training             INFO     [random:random_seed5] epoch 0081  train_log_mse=0.00388  val_log_mse=0.09578  val_mse=0.000479  max_grad=1.97  patience=6/30
2026-10-08 08:41:35,644  gsv3.training             INFO     [random:random_seed5] epoch 0082  train_log_mse=0.00388  val_log_mse=0.10459  val_mse=0.000487  max_grad=2.46  patience=7/30
2026-10-08 08:42:43,006  gsv3.training             INFO     [random:random_seed5] epoch 0083  train_log_mse=0.00365  val_log_mse=0.08473  val_mse=0.000457  max_grad=1.77  patience=8/30
2026-10-08 08:43:50,678  gsv3.training             INFO     [random:random_seed5] epoch 0084  train_log_mse=0.00435  val_log_mse=0.08698  val_mse=0.000429  max_grad=2.54  patience=9/30
2026-10-08 08:44:58,266  gsv3.training             INFO     [random:random_seed5] epoch 0085  train_log_mse=0.00366  val_log_mse=0.07782  val_mse=0.000462  max_grad=1.82  patience=10/30
2026-10-08 08:46:05,886  gsv3.training             INFO     [random:random_seed5] epoch 0086  train_log_mse=0.00381  val_log_mse=0.08278  val_mse=0.000379  max_grad=1.86  patience=0/30
2026-10-08 08:47:13,824  gsv3.training             INFO     [random:random_seed5] epoch 0087  train_log_mse=0.00362  val_log_mse=0.08836  val_mse=0.000419  max_grad=2.13  patience=1/30
2026-10-08 08:48:21,228  gsv3.training             INFO     [random:random_seed5] epoch 0088  train_log_mse=0.00348  val_log_mse=0.10524  val_mse=0.000447  max_grad=1.50  patience=2/30
2026-10-08 08:49:29,026  gsv3.training             INFO     [random:random_seed5] epoch 0089  train_log_mse=0.00386  val_log_mse=0.08453  val_mse=0.000403  max_grad=2.59  patience=3/30
2026-10-08 08:50:36,044  gsv3.training             INFO     [random:random_seed5] epoch 0090  train_log_mse=0.00321  val_log_mse=0.08166  val_mse=0.000385  max_grad=1.69  patience=4/30
2026-10-08 08:51:39,556  gsv3.training             INFO     [random:random_seed5] epoch 0091  train_log_mse=0.00376  val_log_mse=0.08616  val_mse=0.000489  max_grad=2.11  patience=5/30
2026-10-08 08:52:43,539  gsv3.training             INFO     [random:random_seed5] epoch 0092  train_log_mse=0.00338  val_log_mse=0.08329  val_mse=0.000486  max_grad=1.78  patience=6/30
2026-10-08 08:53:47,313  gsv3.training             INFO     [random:random_seed5] epoch 0093  train_log_mse=0.00316  val_log_mse=0.08197  val_mse=0.000513  max_grad=1.33  patience=7/30
2026-10-08 08:54:51,285  gsv3.training             INFO     [random:random_seed5] epoch 0094  train_log_mse=0.00374  val_log_mse=0.07428  val_mse=0.000401  max_grad=2.84  patience=8/30
2026-10-08 08:55:54,608  gsv3.training             INFO     [random:random_seed5] epoch 0095  train_log_mse=0.00414  val_log_mse=0.08052  val_mse=0.000403  max_grad=3.18  patience=9/30
2026-10-08 08:56:58,133  gsv3.training             INFO     [random:random_seed5] epoch 0096  train_log_mse=0.00318  val_log_mse=0.08723  val_mse=0.000404  max_grad=1.92  patience=10/30
2026-10-08 08:58:01,536  gsv3.training             INFO     [random:random_seed5] epoch 0097  train_log_mse=0.00308  val_log_mse=0.08850  val_mse=0.000541  max_grad=1.61  patience=11/30
2026-10-08 08:59:05,072  gsv3.training             INFO     [random:random_seed5] epoch 0098  train_log_mse=0.00350  val_log_mse=0.07760  val_mse=0.000422  max_grad=1.21  patience=12/30
2026-10-08 09:00:08,834  gsv3.training             INFO     [random:random_seed5] epoch 0099  train_log_mse=0.00442  val_log_mse=0.08313  val_mse=0.000428  max_grad=3.10  patience=13/30
2026-10-08 09:01:12,346  gsv3.training             INFO     [random:random_seed5] epoch 0100  train_log_mse=0.00331  val_log_mse=0.07812  val_mse=0.000484  max_grad=1.58  patience=14/30
2026-10-08 09:02:16,078  gsv3.training             INFO     [random:random_seed5] epoch 0101  train_log_mse=0.00312  val_log_mse=0.08073  val_mse=0.000441  max_grad=1.47  patience=15/30
2026-10-08 09:03:19,586  gsv3.training             INFO     [random:random_seed5] epoch 0102  train_log_mse=0.00306  val_log_mse=0.11569  val_mse=0.000433  max_grad=1.67  patience=16/30
2026-10-08 09:04:22,937  gsv3.training             INFO     [random:random_seed5] epoch 0103  train_log_mse=0.00390  val_log_mse=0.07777  val_mse=0.000384  max_grad=2.27  patience=17/30
2026-10-08 09:05:26,601  gsv3.training             INFO     [random:random_seed5] epoch 0104  train_log_mse=0.00313  val_log_mse=0.07673  val_mse=0.000395  max_grad=1.45  patience=18/30
2026-10-08 09:06:30,275  gsv3.training             INFO     [random:random_seed5] epoch 0105  train_log_mse=0.00284  val_log_mse=0.08282  val_mse=0.000380  max_grad=1.07  patience=19/30
2026-10-08 09:07:33,707  gsv3.training             INFO     [random:random_seed5] epoch 0106  train_log_mse=0.00276  val_log_mse=0.11402  val_mse=0.000607  max_grad=1.56  patience=20/30
2026-10-08 09:08:37,114  gsv3.training             INFO     [random:random_seed5] epoch 0107  train_log_mse=0.00310  val_log_mse=0.09345  val_mse=0.000457  max_grad=1.69  patience=21/30
2026-10-08 09:09:40,565  gsv3.training             INFO     [random:random_seed5] epoch 0108  train_log_mse=0.00370  val_log_mse=0.09343  val_mse=0.000414  max_grad=1.66  patience=22/30
2026-10-08 09:10:44,218  gsv3.training             INFO     [random:random_seed5] epoch 0109  train_log_mse=0.00339  val_log_mse=0.08335  val_mse=0.000395  max_grad=1.83  patience=23/30
2026-10-08 09:11:47,636  gsv3.training             INFO     [random:random_seed5] epoch 0110  train_log_mse=0.00370  val_log_mse=0.07485  val_mse=0.000382  max_grad=1.94  patience=24/30
2026-10-08 09:12:51,200  gsv3.training             INFO     [random:random_seed5] epoch 0111  train_log_mse=0.00329  val_log_mse=0.08312  val_mse=0.000378  max_grad=2.37  patience=0/30
2026-10-08 09:13:54,695  gsv3.training             INFO     [random:random_seed5] epoch 0112  train_log_mse=0.00299  val_log_mse=0.08926  val_mse=0.000400  max_grad=1.31  patience=1/30
2026-10-08 09:14:57,988  gsv3.training             INFO     [random:random_seed5] epoch 0113  train_log_mse=0.00302  val_log_mse=0.10085  val_mse=0.000431  max_grad=1.60  patience=2/30
2026-10-08 09:16:01,416  gsv3.training             INFO     [random:random_seed5] epoch 0114  train_log_mse=0.00336  val_log_mse=0.08190  val_mse=0.000429  max_grad=1.80  patience=3/30
2026-10-08 09:17:04,776  gsv3.training             INFO     [random:random_seed5] epoch 0115  train_log_mse=0.00315  val_log_mse=0.08586  val_mse=0.000395  max_grad=1.36  patience=4/30
2026-10-08 09:18:07,863  gsv3.training             INFO     [random:random_seed5] epoch 0116  train_log_mse=0.00294  val_log_mse=0.08800  val_mse=0.000444  max_grad=1.63  patience=5/30
2026-10-08 09:19:11,153  gsv3.training             INFO     [random:random_seed5] epoch 0117  train_log_mse=0.00357  val_log_mse=0.08816  val_mse=0.000627  max_grad=1.84  patience=6/30
2026-10-08 09:20:14,310  gsv3.training             INFO     [random:random_seed5] epoch 0118  train_log_mse=0.00320  val_log_mse=0.11724  val_mse=0.000536  max_grad=1.28  patience=7/30
2026-10-08 09:21:17,561  gsv3.training             INFO     [random:random_seed5] epoch 0119  train_log_mse=0.00294  val_log_mse=0.07586  val_mse=0.000377  max_grad=1.40  patience=0/30
2026-10-08 09:22:21,475  gsv3.training             INFO     [random:random_seed5] epoch 0120  train_log_mse=0.00284  val_log_mse=0.08276  val_mse=0.000383  max_grad=1.64  patience=1/30
2026-10-08 09:23:25,298  gsv3.training             INFO     [random:random_seed5] epoch 0121  train_log_mse=0.00321  val_log_mse=0.07573  val_mse=0.000394  max_grad=2.28  patience=2/30
2026-10-08 09:24:29,109  gsv3.training             INFO     [random:random_seed5] epoch 0122  train_log_mse=0.00307  val_log_mse=0.08255  val_mse=0.000428  max_grad=1.62  patience=3/30
2026-10-08 09:25:32,666  gsv3.training             INFO     [random:random_seed5] epoch 0123  train_log_mse=0.00261  val_log_mse=0.07827  val_mse=0.000358  max_grad=1.30  patience=0/30
2026-10-08 09:26:35,873  gsv3.training             INFO     [random:random_seed5] epoch 0124  train_log_mse=0.00275  val_log_mse=0.08371  val_mse=0.000375  max_grad=1.54  patience=1/30
2026-10-08 09:27:39,008  gsv3.training             INFO     [random:random_seed5] epoch 0125  train_log_mse=0.00300  val_log_mse=0.07707  val_mse=0.000383  max_grad=1.60  patience=2/30
2026-10-08 09:28:42,068  gsv3.training             INFO     [random:random_seed5] epoch 0126  train_log_mse=0.00305  val_log_mse=0.07265  val_mse=0.000379  max_grad=1.62  patience=3/30
2026-10-08 09:29:45,165  gsv3.training             INFO     [random:random_seed5] epoch 0127  train_log_mse=0.00259  val_log_mse=0.07367  val_mse=0.000362  max_grad=1.10  patience=4/30
2026-10-08 09:30:48,190  gsv3.training             INFO     [random:random_seed5] epoch 0128  train_log_mse=0.00283  val_log_mse=0.11311  val_mse=0.000636  max_grad=1.24  patience=5/30
2026-10-08 09:31:51,080  gsv3.training             INFO     [random:random_seed5] epoch 0129  train_log_mse=0.00332  val_log_mse=0.08005  val_mse=0.000378  max_grad=2.92  patience=6/30
2026-10-08 09:32:53,946  gsv3.training             INFO     [random:random_seed5] epoch 0130  train_log_mse=0.00257  val_log_mse=0.08278  val_mse=0.000369  max_grad=1.48  patience=7/30
2026-10-08 09:33:56,907  gsv3.training             INFO     [random:random_seed5] epoch 0131  train_log_mse=0.00294  val_log_mse=0.08493  val_mse=0.000385  max_grad=1.63  patience=8/30
2026-10-08 09:34:59,880  gsv3.training             INFO     [random:random_seed5] epoch 0132  train_log_mse=0.00317  val_log_mse=0.08682  val_mse=0.000411  max_grad=1.66  patience=9/30
2026-10-08 09:36:02,713  gsv3.training             INFO     [random:random_seed5] epoch 0133  train_log_mse=0.00264  val_log_mse=0.08333  val_mse=0.000364  max_grad=1.34  patience=10/30
2026-10-08 09:37:05,725  gsv3.training             INFO     [random:random_seed5] epoch 0134  train_log_mse=0.00274  val_log_mse=0.08965  val_mse=0.000392  max_grad=1.57  patience=11/30
2026-10-08 09:38:08,936  gsv3.training             INFO     [random:random_seed5] epoch 0135  train_log_mse=0.00307  val_log_mse=0.08756  val_mse=0.000379  max_grad=2.14  patience=12/30
2026-10-08 09:39:11,974  gsv3.training             INFO     [random:random_seed5] epoch 0136  train_log_mse=0.00279  val_log_mse=0.08324  val_mse=0.000367  max_grad=1.54  patience=13/30
2026-10-08 09:40:15,570  gsv3.training             INFO     [random:random_seed5] epoch 0137  train_log_mse=0.00289  val_log_mse=0.07916  val_mse=0.000364  max_grad=1.60  patience=14/30
2026-10-08 09:41:19,179  gsv3.training             INFO     [random:random_seed5] epoch 0138  train_log_mse=0.00250  val_log_mse=0.08483  val_mse=0.000356  max_grad=1.36  patience=0/30
2026-10-08 09:42:22,819  gsv3.training             INFO     [random:random_seed5] epoch 0139  train_log_mse=0.00272  val_log_mse=0.08036  val_mse=0.000422  max_grad=1.88  patience=1/30
2026-10-08 09:43:26,343  gsv3.training             INFO     [random:random_seed5] epoch 0140  train_log_mse=0.00250  val_log_mse=0.07185  val_mse=0.000359  max_grad=1.81  patience=2/30
2026-10-08 09:44:29,945  gsv3.training             INFO     [random:random_seed5] epoch 0141  train_log_mse=0.00253  val_log_mse=0.07906  val_mse=0.000369  max_grad=1.34  patience=3/30
2026-10-08 09:45:33,340  gsv3.training             INFO     [random:random_seed5] epoch 0142  train_log_mse=0.00243  val_log_mse=0.08892  val_mse=0.000411  max_grad=1.61  patience=4/30
2026-10-08 09:46:36,465  gsv3.training             INFO     [random:random_seed5] epoch 0143  train_log_mse=0.00304  val_log_mse=0.07411  val_mse=0.000394  max_grad=2.21  patience=5/30
2026-10-08 09:47:39,605  gsv3.training             INFO     [random:random_seed5] epoch 0144  train_log_mse=0.00288  val_log_mse=0.08879  val_mse=0.000380  max_grad=1.70  patience=6/30
2026-10-08 09:48:42,519  gsv3.training             INFO     [random:random_seed5] epoch 0145  train_log_mse=0.00272  val_log_mse=0.08948  val_mse=0.000398  max_grad=1.70  patience=7/30
2026-10-08 09:49:45,355  gsv3.training             INFO     [random:random_seed5] epoch 0146  train_log_mse=0.00230  val_log_mse=0.07710  val_mse=0.000374  max_grad=0.96  patience=8/30
2026-10-08 09:50:48,344  gsv3.training             INFO     [random:random_seed5] epoch 0147  train_log_mse=0.00233  val_log_mse=0.08673  val_mse=0.000381  max_grad=1.50  patience=9/30
2026-10-08 09:51:51,617  gsv3.training             INFO     [random:random_seed5] epoch 0148  train_log_mse=0.00278  val_log_mse=0.08639  val_mse=0.000384  max_grad=1.73  patience=10/30
2026-10-08 09:52:55,061  gsv3.training             INFO     [random:random_seed5] epoch 0149  train_log_mse=0.00283  val_log_mse=0.07682  val_mse=0.000381  max_grad=1.73  patience=11/30
2026-10-08 09:53:58,326  gsv3.training             INFO     [random:random_seed5] epoch 0150  train_log_mse=0.00271  val_log_mse=0.07854  val_mse=0.000389  max_grad=1.26  patience=12/30
2026-10-08 09:55:01,363  gsv3.training             INFO     [random:random_seed5] epoch 0151  train_log_mse=0.00260  val_log_mse=0.07699  val_mse=0.000395  max_grad=1.58  patience=13/30
2026-10-08 09:56:04,268  gsv3.training             INFO     [random:random_seed5] epoch 0152  train_log_mse=0.00254  val_log_mse=0.07524  val_mse=0.000366  max_grad=1.50  patience=14/30
2026-10-08 09:57:07,370  gsv3.training             INFO     [random:random_seed5] epoch 0153  train_log_mse=0.00263  val_log_mse=0.07367  val_mse=0.000356  max_grad=1.64  patience=15/30
2026-10-08 09:58:10,408  gsv3.training             INFO     [random:random_seed5] epoch 0154  train_log_mse=0.00265  val_log_mse=0.10012  val_mse=0.000402  max_grad=1.40  patience=16/30
2026-10-08 09:59:13,517  gsv3.training             INFO     [random:random_seed5] epoch 0155  train_log_mse=0.00289  val_log_mse=0.09273  val_mse=0.000437  max_grad=1.91  patience=17/30
2026-10-08 10:00:16,441  gsv3.training             INFO     [random:random_seed5] epoch 0156  train_log_mse=0.00252  val_log_mse=0.07282  val_mse=0.000370  max_grad=1.42  patience=18/30
2026-10-08 10:01:19,577  gsv3.training             INFO     [random:random_seed5] epoch 0157  train_log_mse=0.00226  val_log_mse=0.07497  val_mse=0.000384  max_grad=1.02  patience=19/30
2026-10-08 10:02:22,470  gsv3.training             INFO     [random:random_seed5] epoch 0158  train_log_mse=0.00237  val_log_mse=0.08310  val_mse=0.000396  max_grad=1.20  patience=20/30
2026-10-08 10:03:25,552  gsv3.training             INFO     [random:random_seed5] epoch 0159  train_log_mse=0.00252  val_log_mse=0.07938  val_mse=0.000386  max_grad=1.90  patience=21/30
2026-10-08 10:04:28,525  gsv3.training             INFO     [random:random_seed5] epoch 0160  train_log_mse=0.00286  val_log_mse=0.07314  val_mse=0.000366  max_grad=1.71  patience=22/30
2026-10-08 10:05:31,738  gsv3.training             INFO     [random:random_seed5] epoch 0161  train_log_mse=0.00252  val_log_mse=0.10585  val_mse=0.000417  max_grad=1.06  patience=23/30
2026-10-08 10:06:35,135  gsv3.training             INFO     [random:random_seed5] epoch 0162  train_log_mse=0.00256  val_log_mse=0.08405  val_mse=0.000425  max_grad=1.66  patience=24/30
2026-10-08 10:07:38,123  gsv3.training             INFO     [random:random_seed5] epoch 0163  train_log_mse=0.00276  val_log_mse=0.08340  val_mse=0.000358  max_grad=1.92  patience=25/30
2026-10-08 10:08:41,283  gsv3.training             INFO     [random:random_seed5] epoch 0164  train_log_mse=0.00252  val_log_mse=0.09685  val_mse=0.000354  max_grad=1.42  patience=0/30
2026-10-08 10:09:44,746  gsv3.training             INFO     [random:random_seed5] epoch 0165  train_log_mse=0.00276  val_log_mse=0.07329  val_mse=0.000374  max_grad=1.56  patience=1/30
2026-10-08 10:10:48,189  gsv3.training             INFO     [random:random_seed5] epoch 0166  train_log_mse=0.00233  val_log_mse=0.07687  val_mse=0.000385  max_grad=1.45  patience=2/30
2026-10-08 10:11:51,748  gsv3.training             INFO     [random:random_seed5] epoch 0167  train_log_mse=0.00223  val_log_mse=0.07793  val_mse=0.000420  max_grad=1.16  patience=3/30
2026-10-08 10:12:54,998  gsv3.training             INFO     [random:random_seed5] epoch 0168  train_log_mse=0.00229  val_log_mse=0.09610  val_mse=0.000404  max_grad=1.15  patience=4/30
2026-10-08 10:13:58,306  gsv3.training             INFO     [random:random_seed5] epoch 0169  train_log_mse=0.00231  val_log_mse=0.06987  val_mse=0.000361  max_grad=1.10  patience=5/30
2026-10-08 10:14:59,152  gsv3.training             INFO     [random:random_seed5] epoch 0170  train_log_mse=0.00242  val_log_mse=0.08613  val_mse=0.000372  max_grad=1.09  patience=6/30
2026-10-08 10:15:57,234  gsv3.training             INFO     [random:random_seed5] epoch 0171  train_log_mse=0.00282  val_log_mse=0.07861  val_mse=0.000378  max_grad=2.08  patience=7/30
2026-10-08 10:16:55,404  gsv3.training             INFO     [random:random_seed5] epoch 0172  train_log_mse=0.00272  val_log_mse=0.08330  val_mse=0.000379  max_grad=1.19  patience=8/30
2026-10-08 10:17:53,388  gsv3.training             INFO     [random:random_seed5] epoch 0173  train_log_mse=0.00253  val_log_mse=0.08413  val_mse=0.000378  max_grad=1.36  patience=9/30
2026-10-08 10:18:51,555  gsv3.training             INFO     [random:random_seed5] epoch 0174  train_log_mse=0.00255  val_log_mse=0.08689  val_mse=0.000439  max_grad=1.43  patience=10/30
2026-10-08 10:19:49,863  gsv3.training             INFO     [random:random_seed5] epoch 0175  train_log_mse=0.00248  val_log_mse=0.07495  val_mse=0.000370  max_grad=1.02  patience=11/30
2026-10-08 10:20:48,144  gsv3.training             INFO     [random:random_seed5] epoch 0176  train_log_mse=0.00212  val_log_mse=0.07220  val_mse=0.000347  max_grad=1.17  patience=0/30
2026-10-08 10:21:46,325  gsv3.training             INFO     [random:random_seed5] epoch 0177  train_log_mse=0.00207  val_log_mse=0.07541  val_mse=0.000369  max_grad=1.06  patience=1/30
2026-10-08 10:22:44,686  gsv3.training             INFO     [random:random_seed5] epoch 0178  train_log_mse=0.00230  val_log_mse=0.07329  val_mse=0.000358  max_grad=1.24  patience=2/30
2026-10-08 10:23:42,857  gsv3.training             INFO     [random:random_seed5] epoch 0179  train_log_mse=0.00238  val_log_mse=0.07594  val_mse=0.000420  max_grad=1.17  patience=3/30
2026-10-08 10:24:40,848  gsv3.training             INFO     [random:random_seed5] epoch 0180  train_log_mse=0.00239  val_log_mse=0.07785  val_mse=0.000361  max_grad=1.30  patience=4/30
2026-10-08 10:25:39,181  gsv3.training             INFO     [random:random_seed5] epoch 0181  train_log_mse=0.00234  val_log_mse=0.08238  val_mse=0.000365  max_grad=1.35  patience=5/30
2026-10-08 10:26:37,526  gsv3.training             INFO     [random:random_seed5] epoch 0182  train_log_mse=0.00295  val_log_mse=0.06998  val_mse=0.000377  max_grad=2.08  patience=6/30
2026-10-08 10:27:36,134  gsv3.training             INFO     [random:random_seed5] epoch 0183  train_log_mse=0.00233  val_log_mse=0.07962  val_mse=0.000363  max_grad=1.60  patience=7/30
2026-10-08 10:28:34,506  gsv3.training             INFO     [random:random_seed5] epoch 0184  train_log_mse=0.00218  val_log_mse=0.07722  val_mse=0.000383  max_grad=1.07  patience=8/30
2026-10-08 10:29:32,947  gsv3.training             INFO     [random:random_seed5] epoch 0185  train_log_mse=0.00225  val_log_mse=0.07466  val_mse=0.000346  max_grad=1.30  patience=0/30
2026-10-08 10:30:31,098  gsv3.training             INFO     [random:random_seed5] epoch 0186  train_log_mse=0.00213  val_log_mse=0.08077  val_mse=0.000378  max_grad=1.14  patience=1/30
2026-10-08 10:31:29,236  gsv3.training             INFO     [random:random_seed5] epoch 0187  train_log_mse=0.00206  val_log_mse=0.07377  val_mse=0.000366  max_grad=1.04  patience=2/30
2026-10-08 10:32:27,747  gsv3.training             INFO     [random:random_seed5] epoch 0188  train_log_mse=0.00248  val_log_mse=0.08042  val_mse=0.000394  max_grad=1.80  patience=3/30
2026-10-08 10:33:26,022  gsv3.training             INFO     [random:random_seed5] epoch 0189  train_log_mse=0.00227  val_log_mse=0.07315  val_mse=0.000354  max_grad=1.10  patience=4/30
2026-10-08 10:34:24,624  gsv3.training             INFO     [random:random_seed5] epoch 0190  train_log_mse=0.00266  val_log_mse=0.07058  val_mse=0.000364  max_grad=2.02  patience=5/30
2026-10-08 10:35:23,200  gsv3.training             INFO     [random:random_seed5] epoch 0191  train_log_mse=0.00220  val_log_mse=0.07595  val_mse=0.000365  max_grad=1.66  patience=6/30
2026-10-08 10:36:21,688  gsv3.training             INFO     [random:random_seed5] epoch 0192  train_log_mse=0.00241  val_log_mse=0.07611  val_mse=0.000384  max_grad=1.66  patience=7/30
2026-10-08 10:37:20,004  gsv3.training             INFO     [random:random_seed5] epoch 0193  train_log_mse=0.00226  val_log_mse=0.07769  val_mse=0.000384  max_grad=1.56  patience=8/30
2026-10-08 10:38:18,247  gsv3.training             INFO     [random:random_seed5] epoch 0194  train_log_mse=0.00237  val_log_mse=0.07727  val_mse=0.000360  max_grad=1.39  patience=9/30
2026-10-08 10:39:16,570  gsv3.training             INFO     [random:random_seed5] epoch 0195  train_log_mse=0.00230  val_log_mse=0.07389  val_mse=0.000389  max_grad=1.50  patience=10/30
2026-10-08 10:40:14,834  gsv3.training             INFO     [random:random_seed5] epoch 0196  train_log_mse=0.00216  val_log_mse=0.08111  val_mse=0.000361  max_grad=1.14  patience=11/30
2026-10-08 10:41:13,061  gsv3.training             INFO     [random:random_seed5] epoch 0197  train_log_mse=0.00221  val_log_mse=0.07462  val_mse=0.000349  max_grad=1.53  patience=12/30
2026-10-08 10:42:11,219  gsv3.training             INFO     [random:random_seed5] epoch 0198  train_log_mse=0.00254  val_log_mse=0.07849  val_mse=0.000357  max_grad=2.19  patience=13/30
2026-10-08 10:43:09,407  gsv3.training             INFO     [random:random_seed5] epoch 0199  train_log_mse=0.00277  val_log_mse=0.07168  val_mse=0.000340  max_grad=1.84  patience=0/30
2026-10-08 10:44:07,416  gsv3.training             INFO     [random:random_seed5] epoch 0200  train_log_mse=0.00224  val_log_mse=0.07377  val_mse=0.000374  max_grad=1.22  patience=1/30
2026-10-08 10:45:05,497  gsv3.training             INFO     [random:random_seed5] epoch 0201  train_log_mse=0.00211  val_log_mse=0.07442  val_mse=0.000368  max_grad=0.92  patience=2/30
2026-10-08 10:46:03,501  gsv3.training             INFO     [random:random_seed5] epoch 0202  train_log_mse=0.00222  val_log_mse=0.08304  val_mse=0.000371  max_grad=1.22  patience=3/30
2026-10-08 10:47:01,619  gsv3.training             INFO     [random:random_seed5] epoch 0203  train_log_mse=0.00265  val_log_mse=0.08408  val_mse=0.000366  max_grad=1.79  patience=4/30
2026-10-08 10:47:59,773  gsv3.training             INFO     [random:random_seed5] epoch 0204  train_log_mse=0.00231  val_log_mse=0.08723  val_mse=0.000413  max_grad=1.58  patience=5/30
2026-10-08 10:48:58,069  gsv3.training             INFO     [random:random_seed5] epoch 0205  train_log_mse=0.00254  val_log_mse=0.07341  val_mse=0.000369  max_grad=1.54  patience=6/30
2026-10-08 10:49:56,247  gsv3.training             INFO     [random:random_seed5] epoch 0206  train_log_mse=0.00217  val_log_mse=0.07566  val_mse=0.000374  max_grad=1.24  patience=7/30
2026-10-08 10:50:54,305  gsv3.training             INFO     [random:random_seed5] epoch 0207  train_log_mse=0.00205  val_log_mse=0.08455  val_mse=0.000430  max_grad=0.84  patience=8/30
2026-10-08 10:51:52,680  gsv3.training             INFO     [random:random_seed5] epoch 0208  train_log_mse=0.00208  val_log_mse=0.07587  val_mse=0.000351  max_grad=1.28  patience=9/30
2026-10-08 10:52:51,067  gsv3.training             INFO     [random:random_seed5] epoch 0209  train_log_mse=0.00204  val_log_mse=0.07766  val_mse=0.000462  max_grad=1.13  patience=10/30
2026-10-08 10:53:49,257  gsv3.training             INFO     [random:random_seed5] epoch 0210  train_log_mse=0.00250  val_log_mse=0.07656  val_mse=0.000364  max_grad=1.42  patience=11/30
2026-10-08 10:54:47,396  gsv3.training             INFO     [random:random_seed5] epoch 0211  train_log_mse=0.00214  val_log_mse=0.07849  val_mse=0.000349  max_grad=0.96  patience=12/30
2026-10-08 10:55:45,285  gsv3.training             INFO     [random:random_seed5] epoch 0212  train_log_mse=0.00209  val_log_mse=0.07690  val_mse=0.000351  max_grad=1.13  patience=13/30
2026-10-08 10:56:43,510  gsv3.training             INFO     [random:random_seed5] epoch 0213  train_log_mse=0.00204  val_log_mse=0.10168  val_mse=0.000386  max_grad=1.03  patience=14/30
2026-10-08 10:57:41,582  gsv3.training             INFO     [random:random_seed5] epoch 0214  train_log_mse=0.00231  val_log_mse=0.08554  val_mse=0.000378  max_grad=1.20  patience=15/30
2026-10-08 10:58:39,742  gsv3.training             INFO     [random:random_seed5] epoch 0215  train_log_mse=0.00227  val_log_mse=0.08082  val_mse=0.000393  max_grad=1.27  patience=16/30
2026-10-08 10:59:37,959  gsv3.training             INFO     [random:random_seed5] epoch 0216  train_log_mse=0.00220  val_log_mse=0.07391  val_mse=0.000360  max_grad=1.51  patience=17/30
2026-10-08 11:00:36,229  gsv3.training             INFO     [random:random_seed5] epoch 0217  train_log_mse=0.00222  val_log_mse=0.08167  val_mse=0.000377  max_grad=1.12  patience=18/30
2026-10-08 11:01:34,573  gsv3.training             INFO     [random:random_seed5] epoch 0218  train_log_mse=0.00223  val_log_mse=0.09262  val_mse=0.000382  max_grad=1.30  patience=19/30
2026-10-08 11:02:32,642  gsv3.training             INFO     [random:random_seed5] epoch 0219  train_log_mse=0.00210  val_log_mse=0.08866  val_mse=0.000389  max_grad=0.99  patience=20/30
2026-10-08 11:03:30,670  gsv3.training             INFO     [random:random_seed5] epoch 0220  train_log_mse=0.00208  val_log_mse=0.07693  val_mse=0.000374  max_grad=1.27  patience=21/30
2026-10-08 11:04:28,794  gsv3.training             INFO     [random:random_seed5] epoch 0221  train_log_mse=0.00195  val_log_mse=0.07594  val_mse=0.000387  max_grad=1.19  patience=22/30
2026-10-08 11:05:27,217  gsv3.training             INFO     [random:random_seed5] epoch 0222  train_log_mse=0.00205  val_log_mse=0.07800  val_mse=0.000348  max_grad=1.57  patience=23/30
2026-10-08 11:06:25,301  gsv3.training             INFO     [random:random_seed5] epoch 0223  train_log_mse=0.00202  val_log_mse=0.08274  val_mse=0.000399  max_grad=0.95  patience=24/30
2026-10-08 11:07:23,663  gsv3.training             INFO     [random:random_seed5] epoch 0224  train_log_mse=0.00219  val_log_mse=0.09686  val_mse=0.000381  max_grad=1.39  patience=25/30
2026-10-08 11:08:21,940  gsv3.training             INFO     [random:random_seed5] epoch 0225  train_log_mse=0.00232  val_log_mse=0.08494  val_mse=0.000390  max_grad=1.77  patience=26/30
2026-10-08 11:09:20,025  gsv3.training             INFO     [random:random_seed5] epoch 0226  train_log_mse=0.00251  val_log_mse=0.06796  val_mse=0.000355  max_grad=1.62  patience=27/30
2026-10-08 11:10:18,378  gsv3.training             INFO     [random:random_seed5] epoch 0227  train_log_mse=0.00183  val_log_mse=0.08080  val_mse=0.000359  max_grad=1.16  patience=28/30
2026-10-08 11:11:17,029  gsv3.training             INFO     [random:random_seed5] epoch 0228  train_log_mse=0.00184  val_log_mse=0.07254  val_mse=0.000353  max_grad=0.90  patience=29/30
2026-10-08 11:12:15,444  gsv3.training             INFO     [random:random_seed5] epoch 0229  train_log_mse=0.00190  val_log_mse=0.07635  val_mse=0.000363  max_grad=1.13  patience=30/30
2026-10-08 11:12:23,854  gsv3.experiment           INFO     [random_seed5] TEST  n=5117  MAE=0.0096  R2=0.9958  device-acc=0.810  regret=0.0025
2026-10-08 11:12:23,859  genstudy.io               INFO     Wrote evaluations/generalization_v4/results/v4_xattn_mixed/random_control/random_seed5/metrics.json
2026-10-08 11:12:23,883  genstudy.io               INFO     Wrote evaluations/generalization_v4/results/v4_xattn_mixed/random_control/random_seed5/predictions.json
2026-10-08 11:12:23,896  genstudy.io               INFO     Wrote evaluations/generalization_v4/results/v4_xattn_mixed/random_control/random_seed5/history.json
2026-10-08 11:12:23,915  run_experiment            INFO     random_control finished: 1 complete, 0 skipped
