2026-10-08 05:40:23,204  genstudy.io               INFO     Logging to evaluations/generalization_v3/results/xattn_a05/leave_one_group_out/run.log
2026-10-08 05:40:23,204  run_experiment            INFO     Command line: evaluations/generalization_v3/scripts/run_experiment.py logo --model xattn --balance-alpha 0.5 --lr 3e-4 --grad-clip 1.0 --seed 5 --families large --groups variational --results-dir evaluations/generalization_v3/results/xattn_a05
2026-10-08 05:40:23,204  gsv2.gpu                  WARNING  No CUDA device available — running on the CPU.
2026-10-08 05:40:23,205  genstudy.io               INFO     Logging to evaluations/generalization_v3/results/xattn_a05/leave_one_group_out/run.log
2026-10-08 05:40:23,205  run_experiment            INFO     Command line: evaluations/generalization_v3/scripts/run_experiment.py logo --model xattn --balance-alpha 0.5 --lr 3e-4 --grad-clip 1.0 --seed 5 --families large --groups fourier --results-dir evaluations/generalization_v3/results/xattn_a05
2026-10-08 05:40:23,205  gsv2.gpu                  WARNING  No CUDA device available — running on the CPU.
2026-10-08 05:40:23,205  gsv3.model                INFO     Hyper-parameters (/home/atudisco/pred-distr-tool/src/model/best_params.json + v3 defaults): {'device_hidden': 64, 'device_layers': 3, 'fusion_dim': 128, 'qubit_layers': 2, 'attn_heads': 4, 'lap_pe': 8, 'cost_bias_init': -6.0, 'hidden_dim': 142, 'num_conv_wo_resnet': 3, 'num_resnet_layers': 1, 'dropout': 0.0, 'bidirectional': True, 'mlp': [512, 256, 128], 'lr': 0.001, 'readout': 'meanmaxsum'}
2026-10-08 05:40:23,206  gsv3.model                INFO     Hyper-parameters (/home/atudisco/pred-distr-tool/src/model/best_params.json + v3 defaults): {'device_hidden': 64, 'device_layers': 3, 'fusion_dim': 128, 'qubit_layers': 2, 'attn_heads': 4, 'lap_pe': 8, 'cost_bias_init': -6.0, 'hidden_dim': 142, 'num_conv_wo_resnet': 3, 'num_resnet_layers': 1, 'dropout': 0.0, 'bidirectional': True, 'mlp': [512, 256, 128], 'lr': 0.001, 'readout': 'meanmaxsum'}
2026-10-08 05:40:23,217  gsv3.devices              INFO     Device graphs: node features 13 (Laplacian PE 8), physical errors False
2026-10-08 05:40:23,218  genstudy.data             INFO     Loading graph dataset: /home/atudisco/pred-distr-tool/evaluations/generalization_v3/data/graph_dataset_expected_fidelity.pt
2026-10-08 05:40:23,279  genstudy.io               INFO     Logging to evaluations/generalization_v3/results/xattn_a05/leave_one_group_out/run.log
2026-10-08 05:40:23,279  run_experiment            INFO     Command line: evaluations/generalization_v3/scripts/run_experiment.py logo --model xattn --balance-alpha 0.5 --lr 3e-4 --grad-clip 1.0 --seed 5 --families large --groups vqe --results-dir evaluations/generalization_v3/results/xattn_a05
2026-10-08 05:40:23,280  gsv2.gpu                  WARNING  No CUDA device available — running on the CPU.
2026-10-08 05:40:23,280  gsv3.model                INFO     Hyper-parameters (/home/atudisco/pred-distr-tool/src/model/best_params.json + v3 defaults): {'device_hidden': 64, 'device_layers': 3, 'fusion_dim': 128, 'qubit_layers': 2, 'attn_heads': 4, 'lap_pe': 8, 'cost_bias_init': -6.0, 'hidden_dim': 142, 'num_conv_wo_resnet': 3, 'num_resnet_layers': 1, 'dropout': 0.0, 'bidirectional': True, 'mlp': [512, 256, 128], 'lr': 0.001, 'readout': 'meanmaxsum'}
2026-10-08 05:40:23,288  gsv3.devices              INFO     Device graphs: node features 13 (Laplacian PE 8), physical errors False
2026-10-08 05:40:23,289  genstudy.data             INFO     Loading graph dataset: /home/atudisco/pred-distr-tool/evaluations/generalization_v3/data/graph_dataset_expected_fidelity.pt
2026-10-08 05:40:23,320  gsv3.devices              INFO     Device graphs: node features 13 (Laplacian PE 8), physical errors False
2026-10-08 05:40:23,321  genstudy.data             INFO     Loading graph dataset: /home/atudisco/pred-distr-tool/evaluations/generalization_v3/data/graph_dataset_expected_fidelity.pt
2026-10-08 05:40:26,670  genstudy.data             INFO     Loaded 17056 graphs
2026-10-08 05:40:26,678  genstudy.data             INFO     Loaded 17056 graphs
2026-10-08 05:40:26,699  genstudy.io               INFO     Wrote evaluations/generalization_v3/results/xattn_a05/leave_one_group_out/dataset_summary.json
2026-10-08 05:40:26,701  run_experiment            INFO     [1/1] variational
2026-10-08 05:40:26,703  gsv3.experiment           INFO     === group_holdout / variational ===
2026-10-08 05:40:26,703  gsv3.experiment           INFO     Leave-one-group-out: test = all 9928 circuits of group 'variational' (qnn, vqe_real_amp, vqe_su2, vqe_two_local), train = 7128 circuits from the other 31 families.
2026-10-08 05:40:26,704  gsv3.experiment           INFO     train=6204  val=924 ({'mode': 'family', 'val_families': ['bmw_quark_cardinality', 'bmw_quark_copula', 'bv', 'cdkm_ripple_carry_adder', 'dj', 'draper_qft_adder', 'dynamic_qft', 'full_adder', 'ghz', 'ghz_dynamic', 'graphstate', 'grover', 'half_adder', 'hhl', 'hrs_cumulative_multiplier', 'iqpe', 'modular_adder', 'multiplier', 'qpeexact', 'qpeinexact', 'qwalk', 'rg_qft_multiplier', 'seven_qubit_steane_code', 'shors_nine_qubit_code', 'vbe_ripple_carry_adder', 'wstate']})  test=9928
2026-10-08 05:40:26,706  genstudy.io               INFO     Wrote evaluations/generalization_v3/results/xattn_a05/leave_one_group_out/dataset_summary.json
2026-10-08 05:40:26,709  run_experiment            INFO     [1/1] vqe
2026-10-08 05:40:26,711  gsv3.experiment           INFO     === group_holdout / vqe ===
2026-10-08 05:40:26,711  gsv3.experiment           INFO     Leave-one-group-out: test = all 9168 circuits of group 'vqe' (vqe_real_amp, vqe_su2, vqe_two_local), train = 7888 circuits from the other 32 families.
2026-10-08 05:40:26,712  gsv3.experiment           INFO     train=5581  val=2307 ({'mode': 'family', 'val_families': ['bmw_quark_cardinality', 'bmw_quark_copula', 'bv', 'draper_qft_adder', 'dynamic_qft', 'ghz', 'graphstate', 'grover', 'iqpe', 'modular_adder', 'qft', 'qftentangled', 'qpeinexact', 'qwalk', 'rg_qft_multiplier', 'shors_nine_qubit_code', 'wstate']})  test=9168
2026-10-08 05:40:26,729  genstudy.data             INFO     Loaded 17056 graphs
2026-10-08 05:40:26,767  genstudy.io               INFO     Wrote evaluations/generalization_v3/results/xattn_a05/leave_one_group_out/dataset_summary.json
2026-10-08 05:40:26,769  run_experiment            INFO     [1/1] fourier
2026-10-08 05:40:26,771  gsv3.experiment           INFO     === group_holdout / fourier ===
2026-10-08 05:40:26,771  gsv3.experiment           INFO     Leave-one-group-out: test = all 2904 circuits of group 'fourier' (ae, draper_qft_adder, dynamic_qft, iqpe, qft, qftentangled, qpeexact, qpeinexact, rg_qft_multiplier), train = 14152 circuits from the other 26 families.
2026-10-08 05:40:26,773  gsv3.experiment           INFO     train=11874  val=2278 ({'mode': 'family', 'val_families': ['bmw_quark_cardinality', 'bmw_quark_copula', 'bv', 'cdkm_ripple_carry_adder', 'dj', 'full_adder', 'ghz', 'ghz_dynamic', 'graphstate', 'grover', 'half_adder', 'hhl', 'hrs_cumulative_multiplier', 'modular_adder', 'multiplier', 'qnn', 'qwalk', 'randomcircuit', 'seven_qubit_steane_code', 'shors_nine_qubit_code', 'vbe_ripple_carry_adder', 'wstate']})  test=2904
2026-10-08 05:40:26,773  gsv3.training             INFO     [group_holdout:variational] model=xattn (945113 params) train=6204 val=924 lr=0.0003 clip=1.0 alpha=0.50
2026-10-08 05:40:26,779  gsv3.training             INFO     [group_holdout:vqe] model=xattn (945113 params) train=5581 val=2307 lr=0.0003 clip=1.0 alpha=0.50
2026-10-08 05:40:26,846  gsv3.training             INFO     [group_holdout:fourier] model=xattn (945113 params) train=11874 val=2278 lr=0.0003 clip=1.0 alpha=0.50
2026-10-08 05:41:18,025  gsv3.training             INFO     [group_holdout:vqe] epoch 0001  train_log_mse=8.39025  val_log_mse=6.92251  val_mse=0.047276  max_grad=15655.00  patience=0/30
2026-10-08 05:41:22,901  gsv3.training             INFO     [group_holdout:variational] epoch 0001  train_log_mse=9.49346  val_log_mse=12.69830  val_mse=0.070476  max_grad=12415.00  patience=0/30
2026-10-08 05:41:50,308  gsv3.training             INFO     [group_holdout:fourier] epoch 0001  train_log_mse=3.04175  val_log_mse=4.14971  val_mse=0.029599  max_grad=13010.41  patience=0/30
2026-10-08 05:42:09,834  gsv3.training             INFO     [group_holdout:vqe] epoch 0002  train_log_mse=1.50701  val_log_mse=5.58702  val_mse=0.039473  max_grad=324.71  patience=0/30
2026-10-08 05:42:21,030  gsv3.training             INFO     [group_holdout:variational] epoch 0002  train_log_mse=1.28300  val_log_mse=10.50190  val_mse=0.045943  max_grad=415.19  patience=0/30
2026-10-08 05:43:01,556  gsv3.training             INFO     [group_holdout:vqe] epoch 0003  train_log_mse=1.17195  val_log_mse=4.64745  val_mse=0.033772  max_grad=508.20  patience=0/30
2026-10-08 05:43:13,583  gsv3.training             INFO     [group_holdout:fourier] epoch 0002  train_log_mse=0.38775  val_log_mse=3.89558  val_mse=0.027681  max_grad=169.87  patience=0/30
2026-10-08 05:43:18,110  gsv3.training             INFO     [group_holdout:variational] epoch 0003  train_log_mse=0.79910  val_log_mse=8.07494  val_mse=0.040241  max_grad=142.12  patience=0/30
2026-10-08 05:43:53,481  gsv3.training             INFO     [group_holdout:vqe] epoch 0004  train_log_mse=0.78047  val_log_mse=4.45716  val_mse=0.031916  max_grad=308.86  patience=0/30
2026-10-08 05:44:14,523  gsv3.training             INFO     [group_holdout:variational] epoch 0004  train_log_mse=0.78141  val_log_mse=6.95279  val_mse=0.033827  max_grad=436.77  patience=0/30
2026-10-08 05:44:37,165  gsv3.training             INFO     [group_holdout:fourier] epoch 0003  train_log_mse=0.22713  val_log_mse=4.59744  val_mse=0.032638  max_grad=76.20  patience=1/30
2026-10-08 05:44:44,007  gsv3.training             INFO     [group_holdout:vqe] epoch 0005  train_log_mse=0.70823  val_log_mse=4.31019  val_mse=0.026308  max_grad=384.97  patience=0/30
2026-10-08 05:45:11,364  gsv3.training             INFO     [group_holdout:variational] epoch 0005  train_log_mse=0.49679  val_log_mse=8.01217  val_mse=0.032698  max_grad=136.29  patience=0/30
2026-10-08 05:45:34,726  gsv3.training             INFO     [group_holdout:vqe] epoch 0006  train_log_mse=0.52382  val_log_mse=5.87618  val_mse=0.027568  max_grad=156.43  patience=1/30
2026-10-08 05:46:00,484  gsv3.training             INFO     [group_holdout:fourier] epoch 0004  train_log_mse=0.19883  val_log_mse=4.42094  val_mse=0.031458  max_grad=123.80  patience=2/30
2026-10-08 05:46:08,394  gsv3.training             INFO     [group_holdout:variational] epoch 0006  train_log_mse=0.54541  val_log_mse=10.15719  val_mse=0.037472  max_grad=262.38  patience=1/30
2026-10-08 05:46:26,806  gsv3.training             INFO     [group_holdout:vqe] epoch 0007  train_log_mse=0.48137  val_log_mse=4.41236  val_mse=0.027241  max_grad=145.38  patience=2/30
2026-10-08 05:47:04,804  gsv3.training             INFO     [group_holdout:variational] epoch 0007  train_log_mse=0.41290  val_log_mse=4.26552  val_mse=0.026697  max_grad=114.41  patience=0/30
2026-10-08 05:47:16,960  gsv3.training             INFO     [group_holdout:vqe] epoch 0008  train_log_mse=0.44421  val_log_mse=6.58973  val_mse=0.026037  max_grad=216.86  patience=0/30
2026-10-08 05:47:24,003  gsv3.training             INFO     [group_holdout:fourier] epoch 0005  train_log_mse=0.15507  val_log_mse=3.67840  val_mse=0.027408  max_grad=77.41  patience=0/30
2026-10-08 05:48:01,219  gsv3.training             INFO     [group_holdout:variational] epoch 0008  train_log_mse=0.39486  val_log_mse=5.54405  val_mse=0.027934  max_grad=176.59  patience=1/30
2026-10-08 05:48:08,038  gsv3.training             INFO     [group_holdout:vqe] epoch 0009  train_log_mse=0.41677  val_log_mse=5.64463  val_mse=0.026585  max_grad=227.56  patience=1/30
2026-10-08 05:48:46,145  gsv3.training             INFO     [group_holdout:fourier] epoch 0006  train_log_mse=0.13128  val_log_mse=4.10191  val_mse=0.027161  max_grad=68.45  patience=0/30
2026-10-08 05:48:58,304  gsv3.training             INFO     [group_holdout:variational] epoch 0009  train_log_mse=0.33635  val_log_mse=5.51084  val_mse=0.034022  max_grad=178.00  patience=2/30
2026-10-08 05:48:58,932  gsv3.training             INFO     [group_holdout:vqe] epoch 0010  train_log_mse=0.40368  val_log_mse=6.85928  val_mse=0.029587  max_grad=118.05  patience=2/30
2026-10-08 05:49:50,109  gsv3.training             INFO     [group_holdout:vqe] epoch 0011  train_log_mse=0.38804  val_log_mse=6.34556  val_mse=0.023506  max_grad=187.25  patience=0/30
2026-10-08 05:49:54,877  gsv3.training             INFO     [group_holdout:variational] epoch 0010  train_log_mse=0.30979  val_log_mse=4.00768  val_mse=0.029700  max_grad=141.12  patience=3/30
2026-10-08 05:50:10,303  gsv3.training             INFO     [group_holdout:fourier] epoch 0007  train_log_mse=0.11729  val_log_mse=3.68893  val_mse=0.025582  max_grad=122.66  patience=0/30
2026-10-08 05:50:41,067  gsv3.training             INFO     [group_holdout:vqe] epoch 0012  train_log_mse=0.41160  val_log_mse=6.60515  val_mse=0.028128  max_grad=159.26  patience=1/30
2026-10-08 05:50:52,194  gsv3.training             INFO     [group_holdout:variational] epoch 0011  train_log_mse=0.30956  val_log_mse=3.68487  val_mse=0.031459  max_grad=173.45  patience=4/30
2026-10-08 05:51:33,043  gsv3.training             INFO     [group_holdout:vqe] epoch 0013  train_log_mse=0.29576  val_log_mse=4.27993  val_mse=0.024364  max_grad=88.78  patience=2/30
2026-10-08 05:51:34,361  gsv3.training             INFO     [group_holdout:fourier] epoch 0008  train_log_mse=0.11236  val_log_mse=3.94314  val_mse=0.027044  max_grad=54.55  patience=1/30
2026-10-08 05:51:50,090  gsv3.training             INFO     [group_holdout:variational] epoch 0012  train_log_mse=0.27157  val_log_mse=3.84413  val_mse=0.032061  max_grad=85.06  patience=5/30
2026-10-08 05:52:23,857  gsv3.training             INFO     [group_holdout:vqe] epoch 0014  train_log_mse=0.28653  val_log_mse=5.77873  val_mse=0.023881  max_grad=106.74  patience=3/30
2026-10-08 05:52:48,112  gsv3.training             INFO     [group_holdout:variational] epoch 0013  train_log_mse=0.26460  val_log_mse=4.35748  val_mse=0.030739  max_grad=115.83  patience=6/30
2026-10-08 05:52:57,272  gsv3.training             INFO     [group_holdout:fourier] epoch 0009  train_log_mse=0.12545  val_log_mse=3.61282  val_mse=0.024334  max_grad=80.17  patience=0/30
2026-10-08 05:53:15,856  gsv3.training             INFO     [group_holdout:vqe] epoch 0015  train_log_mse=0.26450  val_log_mse=6.23805  val_mse=0.025986  max_grad=92.09  patience=4/30
2026-10-08 05:53:45,320  gsv3.training             INFO     [group_holdout:variational] epoch 0014  train_log_mse=0.26410  val_log_mse=3.61679  val_mse=0.028152  max_grad=110.91  patience=7/30
2026-10-08 05:54:06,177  gsv3.training             INFO     [group_holdout:vqe] epoch 0016  train_log_mse=0.22345  val_log_mse=5.90415  val_mse=0.027048  max_grad=81.12  patience=5/30
2026-10-08 05:54:20,312  gsv3.training             INFO     [group_holdout:fourier] epoch 0010  train_log_mse=0.10719  val_log_mse=3.88753  val_mse=0.024790  max_grad=52.14  patience=1/30
2026-10-08 05:54:42,257  gsv3.training             INFO     [group_holdout:variational] epoch 0015  train_log_mse=0.27443  val_log_mse=5.09112  val_mse=0.030627  max_grad=113.62  patience=8/30
2026-10-08 05:54:57,580  gsv3.training             INFO     [group_holdout:vqe] epoch 0017  train_log_mse=0.26557  val_log_mse=5.54116  val_mse=0.023704  max_grad=117.94  patience=6/30
2026-10-08 05:55:38,661  gsv3.training             INFO     [group_holdout:variational] epoch 0016  train_log_mse=0.26218  val_log_mse=3.98290  val_mse=0.026760  max_grad=97.74  patience=9/30
2026-10-08 05:55:43,521  gsv3.training             INFO     [group_holdout:fourier] epoch 0011  train_log_mse=0.10115  val_log_mse=4.00862  val_mse=0.024790  max_grad=89.02  patience=2/30
2026-10-08 05:55:49,510  gsv3.training             INFO     [group_holdout:vqe] epoch 0018  train_log_mse=0.23041  val_log_mse=6.04213  val_mse=0.027390  max_grad=75.90  patience=7/30
2026-10-08 05:56:34,324  gsv3.training             INFO     [group_holdout:variational] epoch 0017  train_log_mse=0.21936  val_log_mse=4.66208  val_mse=0.028856  max_grad=89.24  patience=10/30
2026-10-08 05:56:40,552  gsv3.training             INFO     [group_holdout:vqe] epoch 0019  train_log_mse=0.20717  val_log_mse=5.64289  val_mse=0.027233  max_grad=62.91  patience=8/30
2026-10-08 05:57:06,704  gsv3.training             INFO     [group_holdout:fourier] epoch 0012  train_log_mse=0.09214  val_log_mse=6.36288  val_mse=0.024595  max_grad=47.60  patience=3/30
2026-10-08 05:57:31,522  gsv3.training             INFO     [group_holdout:variational] epoch 0018  train_log_mse=0.19214  val_log_mse=4.44486  val_mse=0.026619  max_grad=73.00  patience=0/30
2026-10-08 05:57:32,642  gsv3.training             INFO     [group_holdout:vqe] epoch 0020  train_log_mse=0.23929  val_log_mse=5.17897  val_mse=0.023438  max_grad=84.84  patience=0/30
2026-10-08 05:58:23,459  gsv3.training             INFO     [group_holdout:vqe] epoch 0021  train_log_mse=0.19887  val_log_mse=5.28646  val_mse=0.021245  max_grad=71.86  patience=0/30
2026-10-08 05:58:28,496  gsv3.training             INFO     [group_holdout:variational] epoch 0019  train_log_mse=0.19433  val_log_mse=4.04365  val_mse=0.029522  max_grad=78.27  patience=1/30
2026-10-08 05:58:30,515  gsv3.training             INFO     [group_holdout:fourier] epoch 0013  train_log_mse=0.08557  val_log_mse=4.24856  val_mse=0.025898  max_grad=44.24  patience=4/30
2026-10-08 05:59:14,648  gsv3.training             INFO     [group_holdout:vqe] epoch 0022  train_log_mse=0.23791  val_log_mse=6.02385  val_mse=0.026914  max_grad=112.49  patience=1/30
2026-10-08 05:59:24,245  gsv3.training             INFO     [group_holdout:variational] epoch 0020  train_log_mse=0.20185  val_log_mse=4.25321  val_mse=0.027369  max_grad=73.06  patience=2/30
2026-10-08 05:59:54,785  gsv3.training             INFO     [group_holdout:fourier] epoch 0014  train_log_mse=0.07618  val_log_mse=3.65773  val_mse=0.024266  max_grad=65.16  patience=0/30
2026-10-08 06:00:05,398  gsv3.training             INFO     [group_holdout:vqe] epoch 0023  train_log_mse=0.32937  val_log_mse=6.35963  val_mse=0.029024  max_grad=130.46  patience=2/30
2026-10-08 06:00:21,852  gsv3.training             INFO     [group_holdout:variational] epoch 0021  train_log_mse=0.23926  val_log_mse=3.83926  val_mse=0.026778  max_grad=133.20  patience=3/30
2026-10-08 06:00:57,042  gsv3.training             INFO     [group_holdout:vqe] epoch 0024  train_log_mse=0.15720  val_log_mse=5.90436  val_mse=0.025262  max_grad=73.85  patience=3/30
2026-10-08 06:01:17,869  gsv3.training             INFO     [group_holdout:fourier] epoch 0015  train_log_mse=0.08950  val_log_mse=3.80869  val_mse=0.024984  max_grad=60.30  patience=1/30
2026-10-08 06:01:18,075  gsv3.training             INFO     [group_holdout:variational] epoch 0022  train_log_mse=0.14763  val_log_mse=3.27755  val_mse=0.029981  max_grad=54.74  patience=4/30
2026-10-08 06:01:49,828  gsv3.training             INFO     [group_holdout:vqe] epoch 0025  train_log_mse=0.14824  val_log_mse=5.83845  val_mse=0.028061  max_grad=44.02  patience=4/30
2026-10-08 06:02:13,958  gsv3.training             INFO     [group_holdout:variational] epoch 0023  train_log_mse=0.18541  val_log_mse=3.30428  val_mse=0.027293  max_grad=67.26  patience=5/30
2026-10-08 06:02:40,781  gsv3.training             INFO     [group_holdout:vqe] epoch 0026  train_log_mse=0.21984  val_log_mse=5.17621  val_mse=0.026343  max_grad=129.89  patience=5/30
2026-10-08 06:02:42,196  gsv3.training             INFO     [group_holdout:fourier] epoch 0016  train_log_mse=0.07568  val_log_mse=3.64434  val_mse=0.024159  max_grad=52.74  patience=0/30
2026-10-08 06:03:10,643  gsv3.training             INFO     [group_holdout:variational] epoch 0024  train_log_mse=0.22694  val_log_mse=4.44046  val_mse=0.031125  max_grad=116.58  patience=6/30
2026-10-08 06:03:31,947  gsv3.training             INFO     [group_holdout:vqe] epoch 0027  train_log_mse=0.15729  val_log_mse=5.69730  val_mse=0.025895  max_grad=61.56  patience=6/30
2026-10-08 06:04:05,474  gsv3.training             INFO     [group_holdout:fourier] epoch 0017  train_log_mse=0.07051  val_log_mse=3.43403  val_mse=0.023111  max_grad=49.67  patience=0/30
2026-10-08 06:04:06,791  gsv3.training             INFO     [group_holdout:variational] epoch 0025  train_log_mse=0.16784  val_log_mse=3.20027  val_mse=0.032647  max_grad=61.99  patience=7/30
2026-10-08 06:04:21,936  gsv3.training             INFO     [group_holdout:vqe] epoch 0028  train_log_mse=0.15526  val_log_mse=5.63654  val_mse=0.025718  max_grad=41.82  patience=7/30
2026-10-08 06:05:02,764  gsv3.training             INFO     [group_holdout:variational] epoch 0026  train_log_mse=0.18880  val_log_mse=3.16090  val_mse=0.033941  max_grad=118.91  patience=8/30
2026-10-08 06:05:12,662  gsv3.training             INFO     [group_holdout:vqe] epoch 0029  train_log_mse=0.18405  val_log_mse=5.34307  val_mse=0.027958  max_grad=86.52  patience=8/30
2026-10-08 06:05:30,007  gsv3.training             INFO     [group_holdout:fourier] epoch 0018  train_log_mse=0.06673  val_log_mse=3.81133  val_mse=0.024836  max_grad=41.55  patience=1/30
2026-10-08 06:05:58,968  gsv3.training             INFO     [group_holdout:variational] epoch 0027  train_log_mse=0.17040  val_log_mse=3.03190  val_mse=0.032178  max_grad=97.86  patience=9/30
2026-10-08 06:06:03,370  gsv3.training             INFO     [group_holdout:vqe] epoch 0030  train_log_mse=0.17304  val_log_mse=5.14712  val_mse=0.024007  max_grad=63.81  patience=9/30
2026-10-08 06:06:53,886  gsv3.training             INFO     [group_holdout:fourier] epoch 0019  train_log_mse=0.06340  val_log_mse=3.79831  val_mse=0.024350  max_grad=34.14  patience=2/30
2026-10-08 06:06:54,496  gsv3.training             INFO     [group_holdout:vqe] epoch 0031  train_log_mse=0.17400  val_log_mse=5.10793  val_mse=0.025918  max_grad=77.96  patience=10/30
2026-10-08 06:06:54,701  gsv3.training             INFO     [group_holdout:variational] epoch 0028  train_log_mse=0.13087  val_log_mse=3.56966  val_mse=0.032793  max_grad=109.33  patience=10/30
2026-10-08 06:07:45,415  gsv3.training             INFO     [group_holdout:vqe] epoch 0032  train_log_mse=0.16736  val_log_mse=5.45220  val_mse=0.028889  max_grad=62.09  patience=11/30
2026-10-08 06:07:51,688  gsv3.training             INFO     [group_holdout:variational] epoch 0029  train_log_mse=0.13751  val_log_mse=4.28770  val_mse=0.034849  max_grad=49.21  patience=11/30
2026-10-08 06:08:16,714  gsv3.training             INFO     [group_holdout:fourier] epoch 0020  train_log_mse=0.07976  val_log_mse=3.69673  val_mse=0.024554  max_grad=53.36  patience=3/30
2026-10-08 06:08:36,162  gsv3.training             INFO     [group_holdout:vqe] epoch 0033  train_log_mse=0.12180  val_log_mse=4.78367  val_mse=0.027925  max_grad=51.52  patience=12/30
2026-10-08 06:08:47,840  gsv3.training             INFO     [group_holdout:variational] epoch 0030  train_log_mse=0.15266  val_log_mse=5.00816  val_mse=0.029362  max_grad=81.84  patience=12/30
2026-10-08 06:09:27,126  gsv3.training             INFO     [group_holdout:vqe] epoch 0034  train_log_mse=0.14935  val_log_mse=5.33030  val_mse=0.026075  max_grad=68.10  patience=13/30
2026-10-08 06:09:40,378  gsv3.training             INFO     [group_holdout:fourier] epoch 0021  train_log_mse=0.07645  val_log_mse=3.64618  val_mse=0.023604  max_grad=44.43  patience=4/30
2026-10-08 06:09:45,612  gsv3.training             INFO     [group_holdout:variational] epoch 0031  train_log_mse=0.16992  val_log_mse=4.27689  val_mse=0.034242  max_grad=94.08  patience=13/30
2026-10-08 06:10:17,874  gsv3.training             INFO     [group_holdout:vqe] epoch 0035  train_log_mse=0.13082  val_log_mse=5.14302  val_mse=0.025103  max_grad=67.33  patience=14/30
2026-10-08 06:10:42,750  gsv3.training             INFO     [group_holdout:variational] epoch 0032  train_log_mse=0.14663  val_log_mse=4.80587  val_mse=0.033610  max_grad=64.99  patience=14/30
2026-10-08 06:11:03,490  gsv3.training             INFO     [group_holdout:fourier] epoch 0022  train_log_mse=0.06417  val_log_mse=3.72559  val_mse=0.025421  max_grad=50.31  patience=5/30
2026-10-08 06:11:09,900  gsv3.training             INFO     [group_holdout:vqe] epoch 0036  train_log_mse=0.15256  val_log_mse=5.30844  val_mse=0.023454  max_grad=80.45  patience=15/30
2026-10-08 06:11:39,997  gsv3.training             INFO     [group_holdout:variational] epoch 0033  train_log_mse=0.11341  val_log_mse=3.07240  val_mse=0.030624  max_grad=41.22  patience=15/30
2026-10-08 06:12:00,535  gsv3.training             INFO     [group_holdout:vqe] epoch 0037  train_log_mse=0.15687  val_log_mse=5.31939  val_mse=0.025806  max_grad=77.36  patience=16/30
2026-10-08 06:12:26,682  gsv3.training             INFO     [group_holdout:fourier] epoch 0023  train_log_mse=0.06645  val_log_mse=3.59237  val_mse=0.024348  max_grad=40.37  patience=6/30
2026-10-08 06:12:36,973  gsv3.training             INFO     [group_holdout:variational] epoch 0034  train_log_mse=0.13138  val_log_mse=3.94594  val_mse=0.030040  max_grad=44.46  patience=16/30
2026-10-08 06:12:52,277  gsv3.training             INFO     [group_holdout:vqe] epoch 0038  train_log_mse=0.14922  val_log_mse=5.62894  val_mse=0.024672  max_grad=59.66  patience=17/30
2026-10-08 06:13:34,690  gsv3.training             INFO     [group_holdout:variational] epoch 0035  train_log_mse=0.12106  val_log_mse=3.22298  val_mse=0.032789  max_grad=47.79  patience=17/30
2026-10-08 06:13:43,027  gsv3.training             INFO     [group_holdout:vqe] epoch 0039  train_log_mse=0.13580  val_log_mse=5.28786  val_mse=0.027716  max_grad=60.08  patience=18/30
2026-10-08 06:13:51,633  gsv3.training             INFO     [group_holdout:fourier] epoch 0024  train_log_mse=0.06038  val_log_mse=3.71581  val_mse=0.023511  max_grad=34.66  patience=7/30
2026-10-08 06:14:32,355  gsv3.training             INFO     [group_holdout:variational] epoch 0036  train_log_mse=0.13712  val_log_mse=3.10587  val_mse=0.029735  max_grad=68.80  patience=18/30
2026-10-08 06:14:35,505  gsv3.training             INFO     [group_holdout:vqe] epoch 0040  train_log_mse=0.13411  val_log_mse=5.78504  val_mse=0.024776  max_grad=67.50  patience=19/30
2026-10-08 06:15:16,127  gsv3.training             INFO     [group_holdout:fourier] epoch 0025  train_log_mse=0.06237  val_log_mse=3.54799  val_mse=0.024222  max_grad=35.68  patience=8/30
2026-10-08 06:15:26,617  gsv3.training             INFO     [group_holdout:vqe] epoch 0041  train_log_mse=0.15572  val_log_mse=5.60192  val_mse=0.025180  max_grad=79.55  patience=20/30
2026-10-08 06:15:29,095  gsv3.training             INFO     [group_holdout:variational] epoch 0037  train_log_mse=0.14226  val_log_mse=3.88186  val_mse=0.037858  max_grad=93.11  patience=19/30
2026-10-08 06:16:18,101  gsv3.training             INFO     [group_holdout:vqe] epoch 0042  train_log_mse=0.14117  val_log_mse=5.54245  val_mse=0.026734  max_grad=56.65  patience=21/30
2026-10-08 06:16:25,940  gsv3.training             INFO     [group_holdout:variational] epoch 0038  train_log_mse=0.13214  val_log_mse=3.85561  val_mse=0.030997  max_grad=76.80  patience=20/30
2026-10-08 06:16:39,908  gsv3.training             INFO     [group_holdout:fourier] epoch 0026  train_log_mse=0.05623  val_log_mse=3.79227  val_mse=0.025422  max_grad=40.42  patience=9/30
2026-10-08 06:17:10,315  gsv3.training             INFO     [group_holdout:vqe] epoch 0043  train_log_mse=0.11082  val_log_mse=4.72072  val_mse=0.022477  max_grad=58.16  patience=22/30
2026-10-08 06:17:21,569  gsv3.training             INFO     [group_holdout:variational] epoch 0039  train_log_mse=0.19352  val_log_mse=3.51533  val_mse=0.027039  max_grad=131.28  patience=21/30
2026-10-08 06:18:01,014  gsv3.training             INFO     [group_holdout:vqe] epoch 0044  train_log_mse=0.11146  val_log_mse=5.40836  val_mse=0.026735  max_grad=77.45  patience=23/30
2026-10-08 06:18:03,814  gsv3.training             INFO     [group_holdout:fourier] epoch 0027  train_log_mse=0.05524  val_log_mse=3.59083  val_mse=0.023770  max_grad=26.88  patience=10/30
2026-10-08 06:18:17,847  gsv3.training             INFO     [group_holdout:variational] epoch 0040  train_log_mse=0.10631  val_log_mse=4.12229  val_mse=0.033481  max_grad=53.54  patience=22/30
2026-10-08 06:18:52,237  gsv3.training             INFO     [group_holdout:vqe] epoch 0045  train_log_mse=0.10688  val_log_mse=4.91799  val_mse=0.026882  max_grad=40.33  patience=24/30
2026-10-08 06:19:14,399  gsv3.training             INFO     [group_holdout:variational] epoch 0041  train_log_mse=0.12087  val_log_mse=3.62333  val_mse=0.035134  max_grad=57.34  patience=23/30
2026-10-08 06:19:28,210  gsv3.training             INFO     [group_holdout:fourier] epoch 0028  train_log_mse=0.05674  val_log_mse=3.54621  val_mse=0.022364  max_grad=39.22  patience=0/30
2026-10-08 06:19:44,506  gsv3.training             INFO     [group_holdout:vqe] epoch 0046  train_log_mse=0.12354  val_log_mse=4.94137  val_mse=0.025813  max_grad=40.32  patience=25/30
2026-10-08 06:20:12,014  gsv3.training             INFO     [group_holdout:variational] epoch 0042  train_log_mse=0.10524  val_log_mse=3.36954  val_mse=0.031322  max_grad=43.18  patience=24/30
2026-10-08 06:20:35,329  gsv3.training             INFO     [group_holdout:vqe] epoch 0047  train_log_mse=0.12212  val_log_mse=4.95282  val_mse=0.026446  max_grad=40.66  patience=26/30
2026-10-08 06:20:51,466  gsv3.training             INFO     [group_holdout:fourier] epoch 0029  train_log_mse=0.05823  val_log_mse=3.62626  val_mse=0.023642  max_grad=36.48  patience=1/30
2026-10-08 06:21:07,267  gsv3.training             INFO     [group_holdout:variational] epoch 0043  train_log_mse=0.09725  val_log_mse=3.47328  val_mse=0.033749  max_grad=41.92  patience=25/30
2026-10-08 06:21:26,369  gsv3.training             INFO     [group_holdout:vqe] epoch 0048  train_log_mse=0.11628  val_log_mse=5.42995  val_mse=0.027223  max_grad=46.43  patience=27/30
2026-10-08 06:22:03,885  gsv3.training             INFO     [group_holdout:variational] epoch 0044  train_log_mse=0.11849  val_log_mse=3.46725  val_mse=0.030411  max_grad=62.92  patience=26/30
2026-10-08 06:22:13,586  gsv3.training             INFO     [group_holdout:fourier] epoch 0030  train_log_mse=0.05863  val_log_mse=3.61712  val_mse=0.024473  max_grad=37.71  patience=2/30
2026-10-08 06:22:18,459  gsv3.training             INFO     [group_holdout:vqe] epoch 0049  train_log_mse=0.11539  val_log_mse=4.74584  val_mse=0.026387  max_grad=68.92  patience=28/30
2026-10-08 06:22:59,788  gsv3.training             INFO     [group_holdout:variational] epoch 0045  train_log_mse=0.10913  val_log_mse=3.35228  val_mse=0.032280  max_grad=47.46  patience=27/30
2026-10-08 06:23:08,794  gsv3.training             INFO     [group_holdout:vqe] epoch 0050  train_log_mse=0.09628  val_log_mse=4.29356  val_mse=0.028572  max_grad=37.94  patience=29/30
2026-10-08 06:23:37,300  gsv3.training             INFO     [group_holdout:fourier] epoch 0031  train_log_mse=0.05033  val_log_mse=3.57014  val_mse=0.023862  max_grad=33.80  patience=3/30
2026-10-08 06:23:56,387  gsv3.training             INFO     [group_holdout:variational] epoch 0046  train_log_mse=0.11064  val_log_mse=2.95743  val_mse=0.030518  max_grad=68.27  patience=28/30
2026-10-08 06:24:00,375  gsv3.training             INFO     [group_holdout:vqe] epoch 0051  train_log_mse=0.11784  val_log_mse=4.75178  val_mse=0.027924  max_grad=53.23  patience=30/30
2026-10-08 06:24:14,882  gsv3.experiment           INFO     [vqe] TEST  n=9168  MAE=0.0842  R2=0.8589  device-acc=0.703  regret=0.0075
2026-10-08 06:24:14,886  genstudy.io               INFO     Wrote evaluations/generalization_v3/results/xattn_a05/leave_one_group_out/vqe/metrics.json
2026-10-08 06:24:14,933  genstudy.io               INFO     Wrote evaluations/generalization_v3/results/xattn_a05/leave_one_group_out/vqe/predictions.json
2026-10-08 06:24:14,945  genstudy.io               INFO     Wrote evaluations/generalization_v3/results/xattn_a05/leave_one_group_out/vqe/history.json
2026-10-08 06:24:14,964  run_experiment            INFO     leave_one_group_out finished: 1 complete, 0 skipped
2026-10-08 06:24:50,150  gsv3.training             INFO     [group_holdout:variational] epoch 0047  train_log_mse=0.10572  val_log_mse=3.19976  val_mse=0.029418  max_grad=51.07  patience=29/30
2026-10-08 06:24:57,515  gsv3.training             INFO     [group_holdout:fourier] epoch 0032  train_log_mse=0.05376  val_log_mse=3.59403  val_mse=0.022154  max_grad=38.63  patience=0/30
2026-10-08 06:25:42,002  gsv3.training             INFO     [group_holdout:variational] epoch 0048  train_log_mse=0.08916  val_log_mse=3.50134  val_mse=0.026870  max_grad=36.38  patience=30/30
2026-10-08 06:25:56,309  gsv3.experiment           INFO     [variational] TEST  n=9928  MAE=0.1072  R2=0.7799  device-acc=0.656  regret=0.0146
2026-10-08 06:25:56,313  genstudy.io               INFO     Wrote evaluations/generalization_v3/results/xattn_a05/leave_one_group_out/variational/metrics.json
2026-10-08 06:25:56,363  genstudy.io               INFO     Wrote evaluations/generalization_v3/results/xattn_a05/leave_one_group_out/variational/predictions.json
2026-10-08 06:25:56,376  genstudy.io               INFO     Wrote evaluations/generalization_v3/results/xattn_a05/leave_one_group_out/variational/history.json
2026-10-08 06:25:56,410  run_experiment            INFO     leave_one_group_out finished: 1 complete, 0 skipped
2026-10-08 06:26:13,454  gsv3.training             INFO     [group_holdout:fourier] epoch 0033  train_log_mse=0.04938  val_log_mse=3.78251  val_mse=0.025786  max_grad=37.66  patience=1/30
2026-10-08 06:27:24,068  gsv3.training             INFO     [group_holdout:fourier] epoch 0034  train_log_mse=0.05857  val_log_mse=3.53247  val_mse=0.023277  max_grad=46.30  patience=2/30
2026-10-08 06:28:35,729  gsv3.training             INFO     [group_holdout:fourier] epoch 0035  train_log_mse=0.05119  val_log_mse=3.90940  val_mse=0.026349  max_grad=38.42  patience=3/30
2026-10-08 06:29:45,995  gsv3.training             INFO     [group_holdout:fourier] epoch 0036  train_log_mse=0.05754  val_log_mse=3.60617  val_mse=0.023929  max_grad=42.28  patience=4/30
2026-10-08 06:30:58,162  gsv3.training             INFO     [group_holdout:fourier] epoch 0037  train_log_mse=0.05255  val_log_mse=3.69452  val_mse=0.023976  max_grad=42.94  patience=5/30
2026-10-08 06:32:08,874  gsv3.training             INFO     [group_holdout:fourier] epoch 0038  train_log_mse=0.05012  val_log_mse=3.56499  val_mse=0.022088  max_grad=30.03  patience=0/30
2026-10-08 06:33:19,860  gsv3.training             INFO     [group_holdout:fourier] epoch 0039  train_log_mse=0.03751  val_log_mse=3.64219  val_mse=0.023806  max_grad=23.66  patience=1/30
2026-10-08 06:34:31,303  gsv3.training             INFO     [group_holdout:fourier] epoch 0040  train_log_mse=0.04533  val_log_mse=3.57333  val_mse=0.024195  max_grad=29.70  patience=2/30
2026-10-08 06:35:41,867  gsv3.training             INFO     [group_holdout:fourier] epoch 0041  train_log_mse=0.04158  val_log_mse=3.76870  val_mse=0.025028  max_grad=28.58  patience=3/30
2026-10-08 06:36:51,758  gsv3.training             INFO     [group_holdout:fourier] epoch 0042  train_log_mse=0.05314  val_log_mse=3.66266  val_mse=0.023446  max_grad=47.39  patience=4/30
2026-10-08 06:38:02,576  gsv3.training             INFO     [group_holdout:fourier] epoch 0043  train_log_mse=0.04214  val_log_mse=3.52043  val_mse=0.021743  max_grad=23.85  patience=0/30
2026-10-08 06:39:13,217  gsv3.training             INFO     [group_holdout:fourier] epoch 0044  train_log_mse=0.04171  val_log_mse=3.56484  val_mse=0.022726  max_grad=28.72  patience=1/30
2026-10-08 06:40:24,507  gsv3.training             INFO     [group_holdout:fourier] epoch 0045  train_log_mse=0.04362  val_log_mse=3.53727  val_mse=0.021874  max_grad=31.37  patience=2/30
2026-10-08 06:41:34,437  gsv3.training             INFO     [group_holdout:fourier] epoch 0046  train_log_mse=0.04697  val_log_mse=3.56593  val_mse=0.022570  max_grad=32.84  patience=3/30
2026-10-08 06:42:45,109  gsv3.training             INFO     [group_holdout:fourier] epoch 0047  train_log_mse=0.03928  val_log_mse=3.62880  val_mse=0.022970  max_grad=22.03  patience=4/30
2026-10-08 06:43:55,403  gsv3.training             INFO     [group_holdout:fourier] epoch 0048  train_log_mse=0.04431  val_log_mse=3.85551  val_mse=0.026325  max_grad=30.51  patience=5/30
2026-10-08 06:45:06,816  gsv3.training             INFO     [group_holdout:fourier] epoch 0049  train_log_mse=0.03990  val_log_mse=3.81070  val_mse=0.024536  max_grad=32.94  patience=6/30
2026-10-08 06:46:19,343  gsv3.training             INFO     [group_holdout:fourier] epoch 0050  train_log_mse=0.04184  val_log_mse=3.61974  val_mse=0.022929  max_grad=28.76  patience=7/30
2026-10-08 06:47:30,701  gsv3.training             INFO     [group_holdout:fourier] epoch 0051  train_log_mse=0.03825  val_log_mse=3.59246  val_mse=0.024405  max_grad=59.56  patience=8/30
2026-10-08 06:48:41,301  gsv3.training             INFO     [group_holdout:fourier] epoch 0052  train_log_mse=0.03522  val_log_mse=3.67727  val_mse=0.022839  max_grad=19.04  patience=9/30
2026-10-08 06:49:52,365  gsv3.training             INFO     [group_holdout:fourier] epoch 0053  train_log_mse=0.04426  val_log_mse=3.66299  val_mse=0.023493  max_grad=38.39  patience=10/30
2026-10-08 06:51:03,185  gsv3.training             INFO     [group_holdout:fourier] epoch 0054  train_log_mse=0.04026  val_log_mse=3.65135  val_mse=0.022505  max_grad=40.38  patience=11/30
2026-10-08 06:52:14,231  gsv3.training             INFO     [group_holdout:fourier] epoch 0055  train_log_mse=0.04201  val_log_mse=3.63408  val_mse=0.023039  max_grad=33.94  patience=12/30
2026-10-08 06:53:24,858  gsv3.training             INFO     [group_holdout:fourier] epoch 0056  train_log_mse=0.03743  val_log_mse=3.71538  val_mse=0.024445  max_grad=39.47  patience=13/30
2026-10-08 06:54:35,336  gsv3.training             INFO     [group_holdout:fourier] epoch 0057  train_log_mse=0.03622  val_log_mse=3.64010  val_mse=0.023205  max_grad=34.46  patience=14/30
2026-10-08 06:55:46,279  gsv3.training             INFO     [group_holdout:fourier] epoch 0058  train_log_mse=0.03514  val_log_mse=3.74009  val_mse=0.024902  max_grad=23.63  patience=15/30
2026-10-08 06:56:56,985  gsv3.training             INFO     [group_holdout:fourier] epoch 0059  train_log_mse=0.03519  val_log_mse=3.65754  val_mse=0.023341  max_grad=21.28  patience=16/30
2026-10-08 06:58:07,777  gsv3.training             INFO     [group_holdout:fourier] epoch 0060  train_log_mse=0.03741  val_log_mse=3.76135  val_mse=0.023380  max_grad=25.34  patience=17/30
2026-10-08 06:59:19,313  gsv3.training             INFO     [group_holdout:fourier] epoch 0061  train_log_mse=0.03695  val_log_mse=3.58435  val_mse=0.022943  max_grad=25.55  patience=18/30
2026-10-08 07:00:29,007  gsv3.training             INFO     [group_holdout:fourier] epoch 0062  train_log_mse=0.03298  val_log_mse=3.58207  val_mse=0.022295  max_grad=19.66  patience=19/30
2026-10-08 07:01:39,120  gsv3.training             INFO     [group_holdout:fourier] epoch 0063  train_log_mse=0.03632  val_log_mse=3.58537  val_mse=0.021664  max_grad=18.85  patience=0/30
2026-10-08 07:02:50,321  gsv3.training             INFO     [group_holdout:fourier] epoch 0064  train_log_mse=0.03750  val_log_mse=3.62838  val_mse=0.022990  max_grad=26.88  patience=1/30
2026-10-08 07:04:00,985  gsv3.training             INFO     [group_holdout:fourier] epoch 0065  train_log_mse=0.03725  val_log_mse=3.79434  val_mse=0.024514  max_grad=23.18  patience=2/30
2026-10-08 07:05:10,944  gsv3.training             INFO     [group_holdout:fourier] epoch 0066  train_log_mse=0.03476  val_log_mse=3.65999  val_mse=0.023486  max_grad=31.23  patience=3/30
2026-10-08 07:06:22,132  gsv3.training             INFO     [group_holdout:fourier] epoch 0067  train_log_mse=0.03738  val_log_mse=3.73356  val_mse=0.023872  max_grad=23.88  patience=4/30
2026-10-08 07:07:33,386  gsv3.training             INFO     [group_holdout:fourier] epoch 0068  train_log_mse=0.03078  val_log_mse=3.55157  val_mse=0.022828  max_grad=23.60  patience=5/30
2026-10-08 07:08:47,117  gsv3.training             INFO     [group_holdout:fourier] epoch 0069  train_log_mse=0.03541  val_log_mse=3.60735  val_mse=0.022427  max_grad=28.80  patience=6/30
2026-10-08 07:10:11,015  gsv3.training             INFO     [group_holdout:fourier] epoch 0070  train_log_mse=0.03152  val_log_mse=3.55918  val_mse=0.022900  max_grad=20.45  patience=7/30
2026-10-08 07:11:34,752  gsv3.training             INFO     [group_holdout:fourier] epoch 0071  train_log_mse=0.03476  val_log_mse=3.61099  val_mse=0.021960  max_grad=19.58  patience=8/30
2026-10-08 07:12:58,261  gsv3.training             INFO     [group_holdout:fourier] epoch 0072  train_log_mse=0.03426  val_log_mse=3.58326  val_mse=0.022131  max_grad=21.97  patience=9/30
2026-10-08 07:14:20,998  gsv3.training             INFO     [group_holdout:fourier] epoch 0073  train_log_mse=0.03894  val_log_mse=3.61585  val_mse=0.022124  max_grad=32.98  patience=10/30
2026-10-08 07:15:44,945  gsv3.training             INFO     [group_holdout:fourier] epoch 0074  train_log_mse=0.03337  val_log_mse=3.64222  val_mse=0.021924  max_grad=38.36  patience=11/30
2026-10-08 07:17:09,169  gsv3.training             INFO     [group_holdout:fourier] epoch 0075  train_log_mse=0.03215  val_log_mse=3.55099  val_mse=0.021843  max_grad=32.85  patience=12/30
2026-10-08 07:18:31,847  gsv3.training             INFO     [group_holdout:fourier] epoch 0076  train_log_mse=0.03542  val_log_mse=3.60689  val_mse=0.022105  max_grad=36.25  patience=13/30
2026-10-08 07:19:55,709  gsv3.training             INFO     [group_holdout:fourier] epoch 0077  train_log_mse=0.02929  val_log_mse=3.66131  val_mse=0.022306  max_grad=19.99  patience=14/30
2026-10-08 07:21:18,857  gsv3.training             INFO     [group_holdout:fourier] epoch 0078  train_log_mse=0.03331  val_log_mse=3.60321  val_mse=0.022039  max_grad=23.63  patience=15/30
2026-10-08 07:22:43,955  gsv3.training             INFO     [group_holdout:fourier] epoch 0079  train_log_mse=0.03006  val_log_mse=3.67409  val_mse=0.022542  max_grad=21.71  patience=16/30
2026-10-08 07:24:07,049  gsv3.training             INFO     [group_holdout:fourier] epoch 0080  train_log_mse=0.03044  val_log_mse=3.61787  val_mse=0.021546  max_grad=33.76  patience=0/30
2026-10-08 07:25:31,106  gsv3.training             INFO     [group_holdout:fourier] epoch 0081  train_log_mse=0.03305  val_log_mse=3.59016  val_mse=0.021532  max_grad=26.23  patience=0/30
2026-10-08 07:26:55,244  gsv3.training             INFO     [group_holdout:fourier] epoch 0082  train_log_mse=0.03088  val_log_mse=3.63070  val_mse=0.020889  max_grad=24.90  patience=0/30
2026-10-08 07:28:19,366  gsv3.training             INFO     [group_holdout:fourier] epoch 0083  train_log_mse=0.03300  val_log_mse=3.72504  val_mse=0.022664  max_grad=28.50  patience=1/30
2026-10-08 07:29:43,874  gsv3.training             INFO     [group_holdout:fourier] epoch 0084  train_log_mse=0.03167  val_log_mse=3.67430  val_mse=0.021866  max_grad=26.67  patience=2/30
2026-10-08 07:31:08,116  gsv3.training             INFO     [group_holdout:fourier] epoch 0085  train_log_mse=0.03453  val_log_mse=3.63965  val_mse=0.021979  max_grad=27.67  patience=3/30
2026-10-08 07:32:31,698  gsv3.training             INFO     [group_holdout:fourier] epoch 0086  train_log_mse=0.03250  val_log_mse=3.66032  val_mse=0.021933  max_grad=28.95  patience=4/30
2026-10-08 07:33:55,408  gsv3.training             INFO     [group_holdout:fourier] epoch 0087  train_log_mse=0.02861  val_log_mse=3.70246  val_mse=0.022603  max_grad=20.91  patience=5/30
2026-10-08 07:35:20,205  gsv3.training             INFO     [group_holdout:fourier] epoch 0088  train_log_mse=0.02810  val_log_mse=3.62892  val_mse=0.021226  max_grad=19.34  patience=6/30
2026-10-08 07:36:42,704  gsv3.training             INFO     [group_holdout:fourier] epoch 0089  train_log_mse=0.02861  val_log_mse=3.78486  val_mse=0.022748  max_grad=19.71  patience=7/30
2026-10-08 07:38:06,589  gsv3.training             INFO     [group_holdout:fourier] epoch 0090  train_log_mse=0.02819  val_log_mse=3.69557  val_mse=0.022558  max_grad=16.57  patience=8/30
2026-10-08 07:39:31,287  gsv3.training             INFO     [group_holdout:fourier] epoch 0091  train_log_mse=0.02976  val_log_mse=3.61964  val_mse=0.022078  max_grad=24.33  patience=9/30
2026-10-08 07:40:55,576  gsv3.training             INFO     [group_holdout:fourier] epoch 0092  train_log_mse=0.03172  val_log_mse=3.63356  val_mse=0.022404  max_grad=34.55  patience=10/30
2026-10-08 07:42:17,447  gsv3.training             INFO     [group_holdout:fourier] epoch 0093  train_log_mse=0.03405  val_log_mse=3.65384  val_mse=0.021256  max_grad=23.26  patience=11/30
2026-10-08 07:43:42,402  gsv3.training             INFO     [group_holdout:fourier] epoch 0094  train_log_mse=0.03114  val_log_mse=3.62443  val_mse=0.021603  max_grad=23.27  patience=12/30
2026-10-08 07:45:06,766  gsv3.training             INFO     [group_holdout:fourier] epoch 0095  train_log_mse=0.02817  val_log_mse=3.72762  val_mse=0.022576  max_grad=20.95  patience=13/30
2026-10-08 07:46:31,580  gsv3.training             INFO     [group_holdout:fourier] epoch 0096  train_log_mse=0.03024  val_log_mse=3.67207  val_mse=0.022536  max_grad=29.69  patience=14/30
2026-10-08 07:47:55,612  gsv3.training             INFO     [group_holdout:fourier] epoch 0097  train_log_mse=0.03052  val_log_mse=3.84695  val_mse=0.024469  max_grad=21.82  patience=15/30
2026-10-08 07:49:19,989  gsv3.training             INFO     [group_holdout:fourier] epoch 0098  train_log_mse=0.03218  val_log_mse=3.64930  val_mse=0.021560  max_grad=29.23  patience=16/30
2026-10-08 07:50:44,137  gsv3.training             INFO     [group_holdout:fourier] epoch 0099  train_log_mse=0.02939  val_log_mse=3.71063  val_mse=0.022275  max_grad=20.96  patience=17/30
2026-10-08 07:52:07,220  gsv3.training             INFO     [group_holdout:fourier] epoch 0100  train_log_mse=0.02799  val_log_mse=3.74814  val_mse=0.022667  max_grad=16.95  patience=18/30
2026-10-08 07:53:30,044  gsv3.training             INFO     [group_holdout:fourier] epoch 0101  train_log_mse=0.03067  val_log_mse=3.64144  val_mse=0.021922  max_grad=21.78  patience=19/30
2026-10-08 07:54:53,186  gsv3.training             INFO     [group_holdout:fourier] epoch 0102  train_log_mse=0.02778  val_log_mse=3.67808  val_mse=0.022562  max_grad=21.44  patience=20/30
2026-10-08 07:56:17,862  gsv3.training             INFO     [group_holdout:fourier] epoch 0103  train_log_mse=0.03079  val_log_mse=3.57983  val_mse=0.020637  max_grad=61.78  patience=0/30
2026-10-08 07:57:40,542  gsv3.training             INFO     [group_holdout:fourier] epoch 0104  train_log_mse=0.02704  val_log_mse=3.62134  val_mse=0.021086  max_grad=34.01  patience=1/30
2026-10-08 07:59:03,891  gsv3.training             INFO     [group_holdout:fourier] epoch 0105  train_log_mse=0.02716  val_log_mse=3.65626  val_mse=0.022384  max_grad=26.77  patience=2/30
2026-10-08 08:00:27,781  gsv3.training             INFO     [group_holdout:fourier] epoch 0106  train_log_mse=0.02857  val_log_mse=3.61556  val_mse=0.021486  max_grad=24.02  patience=3/30
2026-10-08 08:01:51,249  gsv3.training             INFO     [group_holdout:fourier] epoch 0107  train_log_mse=0.03153  val_log_mse=3.64533  val_mse=0.021818  max_grad=23.13  patience=4/30
2026-10-08 08:03:16,035  gsv3.training             INFO     [group_holdout:fourier] epoch 0108  train_log_mse=0.03274  val_log_mse=3.63310  val_mse=0.021620  max_grad=34.26  patience=5/30
2026-10-08 08:04:40,371  gsv3.training             INFO     [group_holdout:fourier] epoch 0109  train_log_mse=0.02872  val_log_mse=3.64325  val_mse=0.021431  max_grad=28.10  patience=6/30
2026-10-08 08:06:03,159  gsv3.training             INFO     [group_holdout:fourier] epoch 0110  train_log_mse=0.02662  val_log_mse=3.66138  val_mse=0.021006  max_grad=19.77  patience=7/30
2026-10-08 08:07:26,978  gsv3.training             INFO     [group_holdout:fourier] epoch 0111  train_log_mse=0.02730  val_log_mse=3.67444  val_mse=0.021278  max_grad=17.99  patience=8/30
2026-10-08 08:08:50,513  gsv3.training             INFO     [group_holdout:fourier] epoch 0112  train_log_mse=0.03487  val_log_mse=3.75812  val_mse=0.023079  max_grad=24.42  patience=9/30
2026-10-08 08:10:15,559  gsv3.training             INFO     [group_holdout:fourier] epoch 0113  train_log_mse=0.02940  val_log_mse=3.68296  val_mse=0.021923  max_grad=19.27  patience=10/30
2026-10-08 08:11:39,572  gsv3.training             INFO     [group_holdout:fourier] epoch 0114  train_log_mse=0.02663  val_log_mse=3.75193  val_mse=0.022254  max_grad=23.25  patience=11/30
2026-10-08 08:13:03,563  gsv3.training             INFO     [group_holdout:fourier] epoch 0115  train_log_mse=0.02858  val_log_mse=3.65796  val_mse=0.021417  max_grad=18.06  patience=12/30
2026-10-08 08:14:27,093  gsv3.training             INFO     [group_holdout:fourier] epoch 0116  train_log_mse=0.02653  val_log_mse=3.69710  val_mse=0.021927  max_grad=19.92  patience=13/30
2026-10-08 08:15:49,759  gsv3.training             INFO     [group_holdout:fourier] epoch 0117  train_log_mse=0.02774  val_log_mse=3.69004  val_mse=0.022789  max_grad=19.38  patience=14/30
2026-10-08 08:17:13,244  gsv3.training             INFO     [group_holdout:fourier] epoch 0118  train_log_mse=0.02767  val_log_mse=3.71623  val_mse=0.021781  max_grad=17.41  patience=15/30
2026-10-08 08:18:36,188  gsv3.training             INFO     [group_holdout:fourier] epoch 0119  train_log_mse=0.02484  val_log_mse=3.62270  val_mse=0.021993  max_grad=19.40  patience=16/30
2026-10-08 08:19:59,462  gsv3.training             INFO     [group_holdout:fourier] epoch 0120  train_log_mse=0.02385  val_log_mse=3.66474  val_mse=0.021316  max_grad=16.93  patience=17/30
2026-10-08 08:21:23,102  gsv3.training             INFO     [group_holdout:fourier] epoch 0121  train_log_mse=0.02788  val_log_mse=3.70677  val_mse=0.022285  max_grad=21.26  patience=18/30
2026-10-08 08:22:47,456  gsv3.training             INFO     [group_holdout:fourier] epoch 0122  train_log_mse=0.02852  val_log_mse=3.66742  val_mse=0.021511  max_grad=19.22  patience=19/30
2026-10-08 08:24:12,720  gsv3.training             INFO     [group_holdout:fourier] epoch 0123  train_log_mse=0.02560  val_log_mse=3.73298  val_mse=0.022071  max_grad=36.24  patience=20/30
2026-10-08 08:25:36,205  gsv3.training             INFO     [group_holdout:fourier] epoch 0124  train_log_mse=0.02769  val_log_mse=3.63737  val_mse=0.021206  max_grad=15.93  patience=21/30
2026-10-08 08:27:00,647  gsv3.training             INFO     [group_holdout:fourier] epoch 0125  train_log_mse=0.02771  val_log_mse=3.70449  val_mse=0.021597  max_grad=16.53  patience=22/30
2026-10-08 08:28:23,273  gsv3.training             INFO     [group_holdout:fourier] epoch 0126  train_log_mse=0.02652  val_log_mse=3.66485  val_mse=0.021001  max_grad=23.79  patience=23/30
2026-10-08 08:29:47,697  gsv3.training             INFO     [group_holdout:fourier] epoch 0127  train_log_mse=0.02762  val_log_mse=3.65742  val_mse=0.021493  max_grad=20.01  patience=24/30
2026-10-08 08:31:11,970  gsv3.training             INFO     [group_holdout:fourier] epoch 0128  train_log_mse=0.02450  val_log_mse=3.70997  val_mse=0.021907  max_grad=17.10  patience=25/30
2026-10-08 08:32:36,168  gsv3.training             INFO     [group_holdout:fourier] epoch 0129  train_log_mse=0.02484  val_log_mse=3.62234  val_mse=0.021443  max_grad=18.86  patience=26/30
2026-10-08 08:33:59,818  gsv3.training             INFO     [group_holdout:fourier] epoch 0130  train_log_mse=0.02739  val_log_mse=3.66787  val_mse=0.021768  max_grad=18.02  patience=27/30
2026-10-08 08:35:23,315  gsv3.training             INFO     [group_holdout:fourier] epoch 0131  train_log_mse=0.02628  val_log_mse=3.70775  val_mse=0.021452  max_grad=17.52  patience=28/30
2026-10-08 08:36:47,236  gsv3.training             INFO     [group_holdout:fourier] epoch 0132  train_log_mse=0.02467  val_log_mse=3.60468  val_mse=0.021210  max_grad=18.11  patience=29/30
2026-10-08 08:38:12,053  gsv3.training             INFO     [group_holdout:fourier] epoch 0133  train_log_mse=0.02752  val_log_mse=3.56447  val_mse=0.020986  max_grad=26.56  patience=30/30
2026-10-08 08:38:17,242  gsv3.experiment           INFO     [fourier] TEST  n=2904  MAE=0.1449  R2=0.6830  device-acc=0.595  regret=0.0079
2026-10-08 08:38:17,245  genstudy.io               INFO     Wrote evaluations/generalization_v3/results/xattn_a05/leave_one_group_out/fourier/metrics.json
2026-10-08 08:38:17,261  genstudy.io               INFO     Wrote evaluations/generalization_v3/results/xattn_a05/leave_one_group_out/fourier/predictions.json
2026-10-08 08:38:17,274  genstudy.io               INFO     Wrote evaluations/generalization_v3/results/xattn_a05/leave_one_group_out/fourier/history.json
2026-10-08 08:38:17,296  run_experiment            INFO     leave_one_group_out finished: 1 complete, 0 skipped
