2026-10-07 18:02:29,564  genstudy.io               INFO     Logging to evaluations/generalization_v3/results/xattn_a00/random_control/run.log
2026-10-07 18:02:29,564  run_experiment            INFO     Command line: evaluations/generalization_v3/scripts/run_experiment.py control --model xattn --balance-alpha 0 --lr 3e-4 --grad-clip 1.0 --results-dir evaluations/generalization_v3/results/xattn_a00
2026-10-07 18:02:30,069  gsv2.gpu                  INFO     GPU: NVIDIA H200
2026-10-07 18:02:30,070  gsv3.model                INFO     Hyper-parameters (/home/atudisco/pred-distr-tool/src/model/best_params.json + v3 defaults): {'device_hidden': 64, 'device_layers': 3, 'fusion_dim': 128, 'qubit_layers': 2, 'attn_heads': 4, 'lap_pe': 8, 'cost_bias_init': -6.0, 'hidden_dim': 142, 'num_conv_wo_resnet': 3, 'num_resnet_layers': 1, 'dropout': 0.0, 'bidirectional': True, 'mlp': [512, 256, 128], 'lr': 0.001, 'readout': 'meanmaxsum'}
2026-10-07 18:02:30,080  gsv3.devices              INFO     Device graphs with 8 Laplacian PE dims: node features 13
2026-10-07 18:02:30,081  genstudy.data             INFO     Loading graph dataset: /home/atudisco/pred-distr-tool/evaluations/generalization_v3/data/graph_dataset_expected_fidelity.pt
2026-10-07 18:02:33,434  genstudy.data             INFO     Loaded 17056 graphs
2026-10-07 18:02:33,462  genstudy.io               INFO     Wrote evaluations/generalization_v3/results/xattn_a00/random_control/dataset_summary.json
2026-10-07 18:02:33,545  run_experiment            INFO     [1/1] random_seed5
2026-10-07 18:02:33,548  gsv3.experiment           INFO     === random / random_seed5 ===
2026-10-07 18:02:33,549  gsv3.experiment           INFO     Random split stratified by fidelity (test_fraction=0.3, seed=5): train = 11939, test = 5117 circuits; families and sizes appear on both sides.
2026-10-07 18:02:33,549  gsv3.experiment           INFO     train=9551  val=2388 ({'mode': 'random'})  test=5117
2026-10-07 18:02:33,647  gsv3.training             INFO     [random:random_seed5] model=xattn (945113 params) train=9551 val=2388 lr=0.0003 clip=1.0 alpha=0.00
2026-10-07 18:02:54,881  gsv3.training             INFO     [random:random_seed5] epoch 0001  train_log_mse=5.08732  val_log_mse=1.24408  val_mse=0.007569  max_grad=10248.39  patience=0/30
2026-10-07 18:03:15,566  gsv3.training             INFO     [random:random_seed5] epoch 0002  train_log_mse=0.74802  val_log_mse=0.72690  val_mse=0.003714  max_grad=286.05  patience=0/30
2026-10-07 18:03:36,374  gsv3.training             INFO     [random:random_seed5] epoch 0003  train_log_mse=0.52940  val_log_mse=0.37975  val_mse=0.004840  max_grad=362.40  patience=1/30
2026-10-07 18:03:57,551  gsv3.training             INFO     [random:random_seed5] epoch 0004  train_log_mse=0.40690  val_log_mse=0.37551  val_mse=0.003052  max_grad=268.73  patience=0/30
2026-10-07 18:04:18,306  gsv3.training             INFO     [random:random_seed5] epoch 0005  train_log_mse=0.30574  val_log_mse=0.18954  val_mse=0.003503  max_grad=73.83  patience=1/30
2026-10-07 18:04:39,134  gsv3.training             INFO     [random:random_seed5] epoch 0006  train_log_mse=0.29892  val_log_mse=0.19030  val_mse=0.002098  max_grad=114.88  patience=0/30
2026-10-07 18:05:00,023  gsv3.training             INFO     [random:random_seed5] epoch 0007  train_log_mse=0.24314  val_log_mse=0.19698  val_mse=0.002978  max_grad=93.07  patience=1/30
2026-10-07 18:05:20,893  gsv3.training             INFO     [random:random_seed5] epoch 0008  train_log_mse=0.23518  val_log_mse=0.44293  val_mse=0.002201  max_grad=76.44  patience=2/30
2026-10-07 18:05:42,052  gsv3.training             INFO     [random:random_seed5] epoch 0009  train_log_mse=0.19074  val_log_mse=0.20118  val_mse=0.002054  max_grad=58.70  patience=0/30
2026-10-07 18:06:02,825  gsv3.training             INFO     [random:random_seed5] epoch 0010  train_log_mse=0.19481  val_log_mse=0.20865  val_mse=0.002343  max_grad=73.00  patience=1/30
2026-10-07 18:06:23,473  gsv3.training             INFO     [random:random_seed5] epoch 0011  train_log_mse=0.18357  val_log_mse=0.18875  val_mse=0.002002  max_grad=63.38  patience=0/30
2026-10-07 18:06:44,365  gsv3.training             INFO     [random:random_seed5] epoch 0012  train_log_mse=0.17697  val_log_mse=0.33583  val_mse=0.001739  max_grad=58.83  patience=0/30
2026-10-07 18:07:05,044  gsv3.training             INFO     [random:random_seed5] epoch 0013  train_log_mse=0.16781  val_log_mse=0.23866  val_mse=0.001687  max_grad=50.46  patience=0/30
2026-10-07 18:07:25,815  gsv3.training             INFO     [random:random_seed5] epoch 0014  train_log_mse=0.15530  val_log_mse=0.14000  val_mse=0.001741  max_grad=84.52  patience=1/30
2026-10-07 18:07:46,506  gsv3.training             INFO     [random:random_seed5] epoch 0015  train_log_mse=0.14114  val_log_mse=0.19783  val_mse=0.001741  max_grad=71.68  patience=2/30
2026-10-07 18:08:07,211  gsv3.training             INFO     [random:random_seed5] epoch 0016  train_log_mse=0.14605  val_log_mse=0.13072  val_mse=0.001422  max_grad=69.76  patience=0/30
2026-10-07 18:08:28,076  gsv3.training             INFO     [random:random_seed5] epoch 0017  train_log_mse=0.14981  val_log_mse=0.19632  val_mse=0.001426  max_grad=54.05  patience=1/30
2026-10-07 18:08:48,385  gsv3.training             INFO     [random:random_seed5] epoch 0018  train_log_mse=0.13746  val_log_mse=0.26466  val_mse=0.002501  max_grad=63.48  patience=2/30
2026-10-07 18:09:09,080  gsv3.training             INFO     [random:random_seed5] epoch 0019  train_log_mse=0.12423  val_log_mse=0.32684  val_mse=0.002604  max_grad=50.30  patience=3/30
2026-10-07 18:09:30,264  gsv3.training             INFO     [random:random_seed5] epoch 0020  train_log_mse=0.12307  val_log_mse=0.14265  val_mse=0.001284  max_grad=48.08  patience=0/30
2026-10-07 18:09:51,166  gsv3.training             INFO     [random:random_seed5] epoch 0021  train_log_mse=0.12269  val_log_mse=0.18971  val_mse=0.001608  max_grad=393.98  patience=1/30
2026-10-07 18:10:12,008  gsv3.training             INFO     [random:random_seed5] epoch 0022  train_log_mse=0.11781  val_log_mse=0.11969  val_mse=0.001323  max_grad=65.62  patience=2/30
2026-10-07 18:10:33,007  gsv3.training             INFO     [random:random_seed5] epoch 0023  train_log_mse=0.09563  val_log_mse=0.11172  val_mse=0.001197  max_grad=38.50  patience=0/30
2026-10-07 18:10:53,641  gsv3.training             INFO     [random:random_seed5] epoch 0024  train_log_mse=0.10505  val_log_mse=0.09970  val_mse=0.001171  max_grad=55.93  patience=0/30
2026-10-07 18:11:14,573  gsv3.training             INFO     [random:random_seed5] epoch 0025  train_log_mse=0.09710  val_log_mse=0.12428  val_mse=0.001154  max_grad=51.94  patience=0/30
2026-10-07 18:11:35,214  gsv3.training             INFO     [random:random_seed5] epoch 0026  train_log_mse=0.09191  val_log_mse=0.09438  val_mse=0.001056  max_grad=36.52  patience=0/30
2026-10-07 18:11:55,610  gsv3.training             INFO     [random:random_seed5] epoch 0027  train_log_mse=0.09456  val_log_mse=0.09927  val_mse=0.001465  max_grad=40.13  patience=1/30
2026-10-07 18:12:16,436  gsv3.training             INFO     [random:random_seed5] epoch 0028  train_log_mse=0.08970  val_log_mse=0.30422  val_mse=0.001584  max_grad=38.70  patience=2/30
2026-10-07 18:12:36,992  gsv3.training             INFO     [random:random_seed5] epoch 0029  train_log_mse=0.09301  val_log_mse=0.14068  val_mse=0.001139  max_grad=50.62  patience=3/30
2026-10-07 18:12:57,528  gsv3.training             INFO     [random:random_seed5] epoch 0030  train_log_mse=0.10843  val_log_mse=0.09555  val_mse=0.001153  max_grad=58.17  patience=4/30
2026-10-07 18:13:18,259  gsv3.training             INFO     [random:random_seed5] epoch 0031  train_log_mse=0.09100  val_log_mse=0.12186  val_mse=0.001427  max_grad=52.93  patience=5/30
2026-10-07 18:13:39,040  gsv3.training             INFO     [random:random_seed5] epoch 0032  train_log_mse=0.07287  val_log_mse=0.08765  val_mse=0.000925  max_grad=31.79  patience=0/30
2026-10-07 18:13:59,805  gsv3.training             INFO     [random:random_seed5] epoch 0033  train_log_mse=0.09728  val_log_mse=0.11378  val_mse=0.000977  max_grad=89.84  patience=1/30
2026-10-07 18:14:20,520  gsv3.training             INFO     [random:random_seed5] epoch 0034  train_log_mse=0.07668  val_log_mse=0.13860  val_mse=0.001642  max_grad=35.11  patience=2/30
2026-10-07 18:14:40,943  gsv3.training             INFO     [random:random_seed5] epoch 0035  train_log_mse=0.08360  val_log_mse=0.12267  val_mse=0.001155  max_grad=50.99  patience=3/30
2026-10-07 18:15:01,681  gsv3.training             INFO     [random:random_seed5] epoch 0036  train_log_mse=0.08261  val_log_mse=0.10108  val_mse=0.000923  max_grad=34.94  patience=0/30
2026-10-07 18:15:22,412  gsv3.training             INFO     [random:random_seed5] epoch 0037  train_log_mse=0.07103  val_log_mse=0.09537  val_mse=0.001225  max_grad=42.61  patience=1/30
2026-10-07 18:15:43,204  gsv3.training             INFO     [random:random_seed5] epoch 0038  train_log_mse=0.06921  val_log_mse=0.09315  val_mse=0.000881  max_grad=54.13  patience=0/30
2026-10-07 18:16:04,141  gsv3.training             INFO     [random:random_seed5] epoch 0039  train_log_mse=0.07447  val_log_mse=0.12859  val_mse=0.000921  max_grad=67.04  patience=1/30
2026-10-07 18:16:24,976  gsv3.training             INFO     [random:random_seed5] epoch 0040  train_log_mse=0.07134  val_log_mse=0.09477  val_mse=0.001076  max_grad=29.31  patience=2/30
2026-10-07 18:16:45,577  gsv3.training             INFO     [random:random_seed5] epoch 0041  train_log_mse=0.07359  val_log_mse=0.09202  val_mse=0.000957  max_grad=40.27  patience=3/30
2026-10-07 18:17:06,307  gsv3.training             INFO     [random:random_seed5] epoch 0042  train_log_mse=0.06781  val_log_mse=0.09955  val_mse=0.001092  max_grad=33.76  patience=4/30
2026-10-07 18:17:26,846  gsv3.training             INFO     [random:random_seed5] epoch 0043  train_log_mse=0.06578  val_log_mse=0.10361  val_mse=0.000873  max_grad=31.86  patience=0/30
2026-10-07 18:17:47,724  gsv3.training             INFO     [random:random_seed5] epoch 0044  train_log_mse=0.06962  val_log_mse=0.09890  val_mse=0.000967  max_grad=42.39  patience=1/30
2026-10-07 18:18:08,513  gsv3.training             INFO     [random:random_seed5] epoch 0045  train_log_mse=0.06751  val_log_mse=0.14339  val_mse=0.001015  max_grad=34.60  patience=2/30
2026-10-07 18:18:29,014  gsv3.training             INFO     [random:random_seed5] epoch 0046  train_log_mse=0.05896  val_log_mse=0.08444  val_mse=0.000824  max_grad=46.83  patience=0/30
2026-10-07 18:18:49,847  gsv3.training             INFO     [random:random_seed5] epoch 0047  train_log_mse=0.06469  val_log_mse=0.09071  val_mse=0.000841  max_grad=48.08  patience=1/30
2026-10-07 18:19:10,549  gsv3.training             INFO     [random:random_seed5] epoch 0048  train_log_mse=0.06655  val_log_mse=0.07408  val_mse=0.000929  max_grad=35.31  patience=2/30
2026-10-07 18:19:31,116  gsv3.training             INFO     [random:random_seed5] epoch 0049  train_log_mse=0.06211  val_log_mse=0.09491  val_mse=0.000950  max_grad=54.38  patience=3/30
2026-10-07 18:19:51,776  gsv3.training             INFO     [random:random_seed5] epoch 0050  train_log_mse=0.06726  val_log_mse=0.10817  val_mse=0.000862  max_grad=31.26  patience=4/30
2026-10-07 18:20:12,293  gsv3.training             INFO     [random:random_seed5] epoch 0051  train_log_mse=0.06514  val_log_mse=0.18784  val_mse=0.001031  max_grad=32.41  patience=5/30
2026-10-07 18:20:33,172  gsv3.training             INFO     [random:random_seed5] epoch 0052  train_log_mse=0.06049  val_log_mse=0.12234  val_mse=0.000885  max_grad=39.13  patience=6/30
2026-10-07 18:20:53,935  gsv3.training             INFO     [random:random_seed5] epoch 0053  train_log_mse=0.07220  val_log_mse=0.11263  val_mse=0.000846  max_grad=38.94  patience=7/30
2026-10-07 18:21:14,661  gsv3.training             INFO     [random:random_seed5] epoch 0054  train_log_mse=0.06172  val_log_mse=0.08909  val_mse=0.001080  max_grad=29.94  patience=8/30
2026-10-07 18:21:35,696  gsv3.training             INFO     [random:random_seed5] epoch 0055  train_log_mse=0.06407  val_log_mse=0.09055  val_mse=0.000786  max_grad=37.89  patience=0/30
2026-10-07 18:21:56,657  gsv3.training             INFO     [random:random_seed5] epoch 0056  train_log_mse=0.06307  val_log_mse=0.09028  val_mse=0.000821  max_grad=55.31  patience=1/30
2026-10-07 18:22:17,420  gsv3.training             INFO     [random:random_seed5] epoch 0057  train_log_mse=0.05797  val_log_mse=0.08759  val_mse=0.000765  max_grad=36.84  patience=0/30
2026-10-07 18:22:38,077  gsv3.training             INFO     [random:random_seed5] epoch 0058  train_log_mse=0.05564  val_log_mse=0.11423  val_mse=0.000737  max_grad=26.75  patience=0/30
2026-10-07 18:22:58,746  gsv3.training             INFO     [random:random_seed5] epoch 0059  train_log_mse=0.06691  val_log_mse=0.11582  val_mse=0.000855  max_grad=35.64  patience=1/30
2026-10-07 18:23:19,294  gsv3.training             INFO     [random:random_seed5] epoch 0060  train_log_mse=0.06235  val_log_mse=0.10064  val_mse=0.000877  max_grad=60.03  patience=2/30
2026-10-07 18:23:40,128  gsv3.training             INFO     [random:random_seed5] epoch 0061  train_log_mse=0.05277  val_log_mse=0.09123  val_mse=0.000904  max_grad=25.52  patience=3/30
2026-10-07 18:24:00,818  gsv3.training             INFO     [random:random_seed5] epoch 0062  train_log_mse=0.05892  val_log_mse=0.10615  val_mse=0.000880  max_grad=47.39  patience=4/30
2026-10-07 18:24:21,425  gsv3.training             INFO     [random:random_seed5] epoch 0063  train_log_mse=0.06040  val_log_mse=0.11252  val_mse=0.000815  max_grad=37.04  patience=5/30
2026-10-07 18:24:42,317  gsv3.training             INFO     [random:random_seed5] epoch 0064  train_log_mse=0.05368  val_log_mse=0.09712  val_mse=0.000727  max_grad=46.70  patience=0/30
2026-10-07 18:25:03,020  gsv3.training             INFO     [random:random_seed5] epoch 0065  train_log_mse=0.04884  val_log_mse=0.07253  val_mse=0.000655  max_grad=24.06  patience=0/30
2026-10-07 18:25:23,589  gsv3.training             INFO     [random:random_seed5] epoch 0066  train_log_mse=0.05735  val_log_mse=0.09323  val_mse=0.000773  max_grad=42.13  patience=1/30
2026-10-07 18:25:44,338  gsv3.training             INFO     [random:random_seed5] epoch 0067  train_log_mse=0.04332  val_log_mse=0.10695  val_mse=0.000977  max_grad=18.44  patience=2/30
2026-10-07 18:26:05,024  gsv3.training             INFO     [random:random_seed5] epoch 0068  train_log_mse=0.05139  val_log_mse=0.11218  val_mse=0.000747  max_grad=30.22  patience=3/30
2026-10-07 18:26:25,756  gsv3.training             INFO     [random:random_seed5] epoch 0069  train_log_mse=0.04907  val_log_mse=0.08160  val_mse=0.000724  max_grad=40.22  patience=4/30
2026-10-07 18:26:46,320  gsv3.training             INFO     [random:random_seed5] epoch 0070  train_log_mse=0.04796  val_log_mse=0.07626  val_mse=0.000700  max_grad=31.37  patience=5/30
2026-10-07 18:27:06,866  gsv3.training             INFO     [random:random_seed5] epoch 0071  train_log_mse=0.04999  val_log_mse=0.07864  val_mse=0.000697  max_grad=28.78  patience=6/30
2026-10-07 18:27:27,889  gsv3.training             INFO     [random:random_seed5] epoch 0072  train_log_mse=0.04471  val_log_mse=0.06964  val_mse=0.000723  max_grad=20.79  patience=7/30
2026-10-07 18:27:48,804  gsv3.training             INFO     [random:random_seed5] epoch 0073  train_log_mse=0.04485  val_log_mse=0.06842  val_mse=0.000797  max_grad=26.97  patience=8/30
2026-10-07 18:28:09,538  gsv3.training             INFO     [random:random_seed5] epoch 0074  train_log_mse=0.04875  val_log_mse=0.07750  val_mse=0.000732  max_grad=22.62  patience=9/30
2026-10-07 18:28:30,684  gsv3.training             INFO     [random:random_seed5] epoch 0075  train_log_mse=0.04800  val_log_mse=0.11182  val_mse=0.000734  max_grad=24.96  patience=10/30
2026-10-07 18:28:51,453  gsv3.training             INFO     [random:random_seed5] epoch 0076  train_log_mse=0.04537  val_log_mse=0.07740  val_mse=0.000660  max_grad=20.51  patience=11/30
2026-10-07 18:29:12,149  gsv3.training             INFO     [random:random_seed5] epoch 0077  train_log_mse=0.03904  val_log_mse=0.09908  val_mse=0.000721  max_grad=26.73  patience=12/30
2026-10-07 18:29:32,605  gsv3.training             INFO     [random:random_seed5] epoch 0078  train_log_mse=0.04300  val_log_mse=0.10354  val_mse=0.000666  max_grad=20.98  patience=13/30
2026-10-07 18:29:53,333  gsv3.training             INFO     [random:random_seed5] epoch 0079  train_log_mse=0.04752  val_log_mse=0.20207  val_mse=0.000935  max_grad=35.78  patience=14/30
2026-10-07 18:30:13,994  gsv3.training             INFO     [random:random_seed5] epoch 0080  train_log_mse=0.04821  val_log_mse=0.08527  val_mse=0.000647  max_grad=36.07  patience=0/30
2026-10-07 18:30:34,643  gsv3.training             INFO     [random:random_seed5] epoch 0081  train_log_mse=0.04466  val_log_mse=0.09010  val_mse=0.000789  max_grad=28.13  patience=1/30
2026-10-07 18:30:55,247  gsv3.training             INFO     [random:random_seed5] epoch 0082  train_log_mse=0.04137  val_log_mse=0.10968  val_mse=0.000868  max_grad=27.27  patience=2/30
2026-10-07 18:31:16,283  gsv3.training             INFO     [random:random_seed5] epoch 0083  train_log_mse=0.04112  val_log_mse=0.07027  val_mse=0.000647  max_grad=25.19  patience=0/30
2026-10-07 18:31:37,057  gsv3.training             INFO     [random:random_seed5] epoch 0084  train_log_mse=0.03678  val_log_mse=0.08538  val_mse=0.000652  max_grad=16.08  patience=1/30
2026-10-07 18:31:57,722  gsv3.training             INFO     [random:random_seed5] epoch 0085  train_log_mse=0.03954  val_log_mse=0.08880  val_mse=0.000688  max_grad=23.44  patience=2/30
2026-10-07 18:32:16,973  gsv3.training             INFO     [random:random_seed5] epoch 0086  train_log_mse=0.03834  val_log_mse=0.06271  val_mse=0.000648  max_grad=21.23  patience=3/30
2026-10-07 18:32:35,830  gsv3.training             INFO     [random:random_seed5] epoch 0087  train_log_mse=0.04547  val_log_mse=0.08112  val_mse=0.000712  max_grad=28.86  patience=4/30
2026-10-07 18:32:55,898  gsv3.training             INFO     [random:random_seed5] epoch 0088  train_log_mse=0.04007  val_log_mse=0.07411  val_mse=0.000672  max_grad=27.09  patience=5/30
2026-10-07 18:33:13,835  gsv3.training             INFO     [random:random_seed5] epoch 0089  train_log_mse=0.04312  val_log_mse=0.11243  val_mse=0.000624  max_grad=31.10  patience=0/30
2026-10-07 18:33:34,183  gsv3.training             INFO     [random:random_seed5] epoch 0090  train_log_mse=0.03862  val_log_mse=0.16806  val_mse=0.000692  max_grad=21.60  patience=1/30
2026-10-07 18:33:54,732  gsv3.training             INFO     [random:random_seed5] epoch 0091  train_log_mse=0.04537  val_log_mse=0.08658  val_mse=0.000880  max_grad=27.33  patience=2/30
2026-10-07 18:34:15,630  gsv3.training             INFO     [random:random_seed5] epoch 0092  train_log_mse=0.03623  val_log_mse=0.07760  val_mse=0.000918  max_grad=24.47  patience=3/30
2026-10-07 18:34:36,126  gsv3.training             INFO     [random:random_seed5] epoch 0093  train_log_mse=0.03968  val_log_mse=0.07216  val_mse=0.000575  max_grad=20.90  patience=0/30
2026-10-07 18:34:56,807  gsv3.training             INFO     [random:random_seed5] epoch 0094  train_log_mse=0.04048  val_log_mse=0.08934  val_mse=0.000630  max_grad=25.54  patience=1/30
2026-10-07 18:35:17,162  gsv3.training             INFO     [random:random_seed5] epoch 0095  train_log_mse=0.03721  val_log_mse=0.07694  val_mse=0.000613  max_grad=20.21  patience=2/30
2026-10-07 18:35:37,585  gsv3.training             INFO     [random:random_seed5] epoch 0096  train_log_mse=0.04334  val_log_mse=0.06793  val_mse=0.000584  max_grad=28.87  patience=3/30
2026-10-07 18:35:58,091  gsv3.training             INFO     [random:random_seed5] epoch 0097  train_log_mse=0.03690  val_log_mse=0.14193  val_mse=0.000733  max_grad=29.27  patience=4/30
2026-10-07 18:36:18,234  gsv3.training             INFO     [random:random_seed5] epoch 0098  train_log_mse=0.03960  val_log_mse=0.07443  val_mse=0.000623  max_grad=26.29  patience=5/30
2026-10-07 18:36:38,779  gsv3.training             INFO     [random:random_seed5] epoch 0099  train_log_mse=0.04191  val_log_mse=0.09170  val_mse=0.000665  max_grad=32.92  patience=6/30
2026-10-07 18:36:59,021  gsv3.training             INFO     [random:random_seed5] epoch 0100  train_log_mse=0.03493  val_log_mse=0.07321  val_mse=0.000644  max_grad=22.30  patience=7/30
2026-10-07 18:37:19,715  gsv3.training             INFO     [random:random_seed5] epoch 0101  train_log_mse=0.03608  val_log_mse=0.07740  val_mse=0.000582  max_grad=20.89  patience=8/30
2026-10-07 18:37:40,077  gsv3.training             INFO     [random:random_seed5] epoch 0102  train_log_mse=0.04675  val_log_mse=0.07367  val_mse=0.000698  max_grad=43.04  patience=9/30
2026-10-07 18:38:00,396  gsv3.training             INFO     [random:random_seed5] epoch 0103  train_log_mse=0.03581  val_log_mse=0.16858  val_mse=0.000832  max_grad=28.76  patience=10/30
2026-10-07 18:38:20,944  gsv3.training             INFO     [random:random_seed5] epoch 0104  train_log_mse=0.03935  val_log_mse=0.08036  val_mse=0.000600  max_grad=28.57  patience=11/30
2026-10-07 18:38:41,427  gsv3.training             INFO     [random:random_seed5] epoch 0105  train_log_mse=0.03736  val_log_mse=0.07261  val_mse=0.000578  max_grad=24.87  patience=12/30
2026-10-07 18:39:02,274  gsv3.training             INFO     [random:random_seed5] epoch 0106  train_log_mse=0.03820  val_log_mse=0.07399  val_mse=0.000605  max_grad=22.57  patience=13/30
2026-10-07 18:39:22,714  gsv3.training             INFO     [random:random_seed5] epoch 0107  train_log_mse=0.03677  val_log_mse=0.11452  val_mse=0.000679  max_grad=24.51  patience=14/30
2026-10-07 18:39:43,315  gsv3.training             INFO     [random:random_seed5] epoch 0108  train_log_mse=0.03499  val_log_mse=0.08244  val_mse=0.000668  max_grad=26.16  patience=15/30
2026-10-07 18:40:03,850  gsv3.training             INFO     [random:random_seed5] epoch 0109  train_log_mse=0.04202  val_log_mse=0.08746  val_mse=0.000777  max_grad=24.83  patience=16/30
2026-10-07 18:40:24,989  gsv3.training             INFO     [random:random_seed5] epoch 0110  train_log_mse=0.03364  val_log_mse=0.07863  val_mse=0.000585  max_grad=17.87  patience=17/30
2026-10-07 18:40:45,670  gsv3.training             INFO     [random:random_seed5] epoch 0111  train_log_mse=0.03669  val_log_mse=0.06707  val_mse=0.000582  max_grad=27.51  patience=18/30
2026-10-07 18:41:06,840  gsv3.training             INFO     [random:random_seed5] epoch 0112  train_log_mse=0.03023  val_log_mse=0.08345  val_mse=0.000580  max_grad=17.59  patience=19/30
2026-10-07 18:41:27,618  gsv3.training             INFO     [random:random_seed5] epoch 0113  train_log_mse=0.03598  val_log_mse=0.06918  val_mse=0.000692  max_grad=23.13  patience=20/30
2026-10-07 18:41:48,382  gsv3.training             INFO     [random:random_seed5] epoch 0114  train_log_mse=0.03116  val_log_mse=0.11575  val_mse=0.000624  max_grad=21.03  patience=21/30
2026-10-07 18:42:09,106  gsv3.training             INFO     [random:random_seed5] epoch 0115  train_log_mse=0.03725  val_log_mse=0.06497  val_mse=0.000576  max_grad=33.90  patience=22/30
2026-10-07 18:42:29,610  gsv3.training             INFO     [random:random_seed5] epoch 0116  train_log_mse=0.03207  val_log_mse=0.09711  val_mse=0.000638  max_grad=21.94  patience=23/30
2026-10-07 18:42:50,379  gsv3.training             INFO     [random:random_seed5] epoch 0117  train_log_mse=0.03348  val_log_mse=0.06567  val_mse=0.000591  max_grad=34.03  patience=24/30
2026-10-07 18:43:10,887  gsv3.training             INFO     [random:random_seed5] epoch 0118  train_log_mse=0.04254  val_log_mse=0.07710  val_mse=0.000553  max_grad=34.34  patience=0/30
2026-10-07 18:43:31,732  gsv3.training             INFO     [random:random_seed5] epoch 0119  train_log_mse=0.03574  val_log_mse=0.07447  val_mse=0.000579  max_grad=20.61  patience=1/30
2026-10-07 18:43:51,929  gsv3.training             INFO     [random:random_seed5] epoch 0120  train_log_mse=0.03569  val_log_mse=0.09309  val_mse=0.001183  max_grad=24.74  patience=2/30
2026-10-07 18:44:12,592  gsv3.training             INFO     [random:random_seed5] epoch 0121  train_log_mse=0.03631  val_log_mse=0.06321  val_mse=0.000582  max_grad=23.14  patience=3/30
2026-10-07 18:44:33,377  gsv3.training             INFO     [random:random_seed5] epoch 0122  train_log_mse=0.03143  val_log_mse=0.07649  val_mse=0.000554  max_grad=16.23  patience=4/30
2026-10-07 18:44:54,373  gsv3.training             INFO     [random:random_seed5] epoch 0123  train_log_mse=0.03398  val_log_mse=0.08910  val_mse=0.000734  max_grad=32.70  patience=5/30
2026-10-07 18:45:15,098  gsv3.training             INFO     [random:random_seed5] epoch 0124  train_log_mse=0.03005  val_log_mse=0.08249  val_mse=0.000555  max_grad=25.58  patience=6/30
2026-10-07 18:45:36,342  gsv3.training             INFO     [random:random_seed5] epoch 0125  train_log_mse=0.03184  val_log_mse=0.08419  val_mse=0.000610  max_grad=18.94  patience=7/30
2026-10-07 18:45:57,080  gsv3.training             INFO     [random:random_seed5] epoch 0126  train_log_mse=0.03669  val_log_mse=0.10431  val_mse=0.000591  max_grad=22.75  patience=8/30
2026-10-07 18:46:18,141  gsv3.training             INFO     [random:random_seed5] epoch 0127  train_log_mse=0.03238  val_log_mse=0.06753  val_mse=0.000575  max_grad=18.34  patience=9/30
2026-10-07 18:46:38,965  gsv3.training             INFO     [random:random_seed5] epoch 0128  train_log_mse=0.03209  val_log_mse=0.09306  val_mse=0.000592  max_grad=20.69  patience=10/30
2026-10-07 18:47:00,284  gsv3.training             INFO     [random:random_seed5] epoch 0129  train_log_mse=0.03326  val_log_mse=0.08195  val_mse=0.000593  max_grad=37.53  patience=11/30
2026-10-07 18:47:20,970  gsv3.training             INFO     [random:random_seed5] epoch 0130  train_log_mse=0.02969  val_log_mse=0.06507  val_mse=0.000542  max_grad=16.70  patience=0/30
2026-10-07 18:47:42,252  gsv3.training             INFO     [random:random_seed5] epoch 0131  train_log_mse=0.03693  val_log_mse=0.06557  val_mse=0.000585  max_grad=23.66  patience=1/30
2026-10-07 18:48:03,181  gsv3.training             INFO     [random:random_seed5] epoch 0132  train_log_mse=0.03780  val_log_mse=0.08138  val_mse=0.000613  max_grad=41.54  patience=2/30
2026-10-07 18:48:24,353  gsv3.training             INFO     [random:random_seed5] epoch 0133  train_log_mse=0.03222  val_log_mse=0.08951  val_mse=0.000620  max_grad=18.88  patience=3/30
2026-10-07 18:48:45,159  gsv3.training             INFO     [random:random_seed5] epoch 0134  train_log_mse=0.03194  val_log_mse=0.08978  val_mse=0.000579  max_grad=20.22  patience=4/30
2026-10-07 18:49:06,473  gsv3.training             INFO     [random:random_seed5] epoch 0135  train_log_mse=0.03245  val_log_mse=0.08386  val_mse=0.000541  max_grad=23.89  patience=0/30
2026-10-07 18:49:27,312  gsv3.training             INFO     [random:random_seed5] epoch 0136  train_log_mse=0.03120  val_log_mse=0.07532  val_mse=0.000553  max_grad=22.85  patience=1/30
2026-10-07 18:49:48,596  gsv3.training             INFO     [random:random_seed5] epoch 0137  train_log_mse=0.02996  val_log_mse=0.07133  val_mse=0.000509  max_grad=17.71  patience=0/30
2026-10-07 18:50:09,509  gsv3.training             INFO     [random:random_seed5] epoch 0138  train_log_mse=0.02959  val_log_mse=0.07439  val_mse=0.000555  max_grad=13.96  patience=1/30
2026-10-07 18:50:30,659  gsv3.training             INFO     [random:random_seed5] epoch 0139  train_log_mse=0.03263  val_log_mse=0.06523  val_mse=0.000599  max_grad=22.01  patience=2/30
2026-10-07 18:50:51,812  gsv3.training             INFO     [random:random_seed5] epoch 0140  train_log_mse=0.03369  val_log_mse=0.06267  val_mse=0.000578  max_grad=30.40  patience=3/30
2026-10-07 18:51:13,366  gsv3.training             INFO     [random:random_seed5] epoch 0141  train_log_mse=0.02858  val_log_mse=0.06103  val_mse=0.000528  max_grad=12.49  patience=4/30
2026-10-07 18:51:34,422  gsv3.training             INFO     [random:random_seed5] epoch 0142  train_log_mse=0.02662  val_log_mse=0.09447  val_mse=0.000598  max_grad=21.47  patience=5/30
2026-10-07 18:51:55,872  gsv3.training             INFO     [random:random_seed5] epoch 0143  train_log_mse=0.02786  val_log_mse=0.06644  val_mse=0.000507  max_grad=16.26  patience=0/30
2026-10-07 18:52:17,033  gsv3.training             INFO     [random:random_seed5] epoch 0144  train_log_mse=0.02985  val_log_mse=0.08536  val_mse=0.000559  max_grad=27.38  patience=1/30
2026-10-07 18:52:38,384  gsv3.training             INFO     [random:random_seed5] epoch 0145  train_log_mse=0.02829  val_log_mse=0.08979  val_mse=0.000641  max_grad=19.13  patience=2/30
2026-10-07 18:52:59,513  gsv3.training             INFO     [random:random_seed5] epoch 0146  train_log_mse=0.03116  val_log_mse=0.07449  val_mse=0.000533  max_grad=23.92  patience=3/30
2026-10-07 18:53:20,823  gsv3.training             INFO     [random:random_seed5] epoch 0147  train_log_mse=0.03634  val_log_mse=0.07183  val_mse=0.000517  max_grad=32.10  patience=4/30
2026-10-07 18:53:41,912  gsv3.training             INFO     [random:random_seed5] epoch 0148  train_log_mse=0.02555  val_log_mse=0.08085  val_mse=0.000545  max_grad=17.85  patience=5/30
2026-10-07 18:54:02,966  gsv3.training             INFO     [random:random_seed5] epoch 0149  train_log_mse=0.03077  val_log_mse=0.11254  val_mse=0.000518  max_grad=23.25  patience=6/30
2026-10-07 18:54:24,192  gsv3.training             INFO     [random:random_seed5] epoch 0150  train_log_mse=0.02953  val_log_mse=0.05750  val_mse=0.000509  max_grad=22.54  patience=7/30
2026-10-07 18:54:45,183  gsv3.training             INFO     [random:random_seed5] epoch 0151  train_log_mse=0.02879  val_log_mse=0.06506  val_mse=0.000520  max_grad=26.15  patience=8/30
2026-10-07 18:55:06,384  gsv3.training             INFO     [random:random_seed5] epoch 0152  train_log_mse=0.02810  val_log_mse=0.06510  val_mse=0.000510  max_grad=29.07  patience=9/30
2026-10-07 18:55:26,991  gsv3.training             INFO     [random:random_seed5] epoch 0153  train_log_mse=0.03108  val_log_mse=0.06426  val_mse=0.000482  max_grad=22.71  patience=0/30
2026-10-07 18:55:48,411  gsv3.training             INFO     [random:random_seed5] epoch 0154  train_log_mse=0.02773  val_log_mse=0.07645  val_mse=0.000569  max_grad=14.16  patience=1/30
2026-10-07 18:56:09,332  gsv3.training             INFO     [random:random_seed5] epoch 0155  train_log_mse=0.02906  val_log_mse=0.06738  val_mse=0.000523  max_grad=24.81  patience=2/30
2026-10-07 18:56:30,478  gsv3.training             INFO     [random:random_seed5] epoch 0156  train_log_mse=0.02993  val_log_mse=0.06809  val_mse=0.000541  max_grad=22.98  patience=3/30
2026-10-07 18:56:51,146  gsv3.training             INFO     [random:random_seed5] epoch 0157  train_log_mse=0.02557  val_log_mse=0.07409  val_mse=0.000615  max_grad=13.54  patience=4/30
2026-10-07 18:57:12,361  gsv3.training             INFO     [random:random_seed5] epoch 0158  train_log_mse=0.03175  val_log_mse=0.06738  val_mse=0.000550  max_grad=26.24  patience=5/30
2026-10-07 18:57:33,463  gsv3.training             INFO     [random:random_seed5] epoch 0159  train_log_mse=0.02971  val_log_mse=0.06367  val_mse=0.000508  max_grad=19.05  patience=6/30
2026-10-07 18:57:54,698  gsv3.training             INFO     [random:random_seed5] epoch 0160  train_log_mse=0.02553  val_log_mse=0.07334  val_mse=0.000541  max_grad=14.63  patience=7/30
2026-10-07 18:58:15,512  gsv3.training             INFO     [random:random_seed5] epoch 0161  train_log_mse=0.02850  val_log_mse=0.07671  val_mse=0.000523  max_grad=27.62  patience=8/30
2026-10-07 18:58:36,703  gsv3.training             INFO     [random:random_seed5] epoch 0162  train_log_mse=0.02773  val_log_mse=0.07863  val_mse=0.000534  max_grad=23.80  patience=9/30
2026-10-07 18:58:57,551  gsv3.training             INFO     [random:random_seed5] epoch 0163  train_log_mse=0.02511  val_log_mse=0.07582  val_mse=0.000500  max_grad=14.35  patience=10/30
2026-10-07 18:59:18,756  gsv3.training             INFO     [random:random_seed5] epoch 0164  train_log_mse=0.02911  val_log_mse=0.06663  val_mse=0.000564  max_grad=21.19  patience=11/30
2026-10-07 18:59:39,684  gsv3.training             INFO     [random:random_seed5] epoch 0165  train_log_mse=0.02922  val_log_mse=0.08716  val_mse=0.000485  max_grad=28.55  patience=12/30
2026-10-07 19:00:00,735  gsv3.training             INFO     [random:random_seed5] epoch 0166  train_log_mse=0.02574  val_log_mse=0.06835  val_mse=0.000518  max_grad=16.58  patience=13/30
2026-10-07 19:00:21,807  gsv3.training             INFO     [random:random_seed5] epoch 0167  train_log_mse=0.02755  val_log_mse=0.08719  val_mse=0.000597  max_grad=24.33  patience=14/30
2026-10-07 19:00:42,717  gsv3.training             INFO     [random:random_seed5] epoch 0168  train_log_mse=0.02419  val_log_mse=0.06587  val_mse=0.000534  max_grad=16.37  patience=15/30
2026-10-07 19:01:03,948  gsv3.training             INFO     [random:random_seed5] epoch 0169  train_log_mse=0.02469  val_log_mse=0.07722  val_mse=0.000557  max_grad=16.03  patience=16/30
2026-10-07 19:01:24,723  gsv3.training             INFO     [random:random_seed5] epoch 0170  train_log_mse=0.02436  val_log_mse=0.08150  val_mse=0.000538  max_grad=16.41  patience=17/30
2026-10-07 19:01:45,864  gsv3.training             INFO     [random:random_seed5] epoch 0171  train_log_mse=0.02669  val_log_mse=0.07986  val_mse=0.000504  max_grad=17.93  patience=18/30
2026-10-07 19:02:06,564  gsv3.training             INFO     [random:random_seed5] epoch 0172  train_log_mse=0.02430  val_log_mse=0.10088  val_mse=0.000511  max_grad=18.08  patience=19/30
2026-10-07 19:02:27,679  gsv3.training             INFO     [random:random_seed5] epoch 0173  train_log_mse=0.03081  val_log_mse=0.08202  val_mse=0.000473  max_grad=27.14  patience=0/30
2026-10-07 19:02:48,470  gsv3.training             INFO     [random:random_seed5] epoch 0174  train_log_mse=0.02610  val_log_mse=0.07658  val_mse=0.000477  max_grad=14.51  patience=1/30
2026-10-07 19:03:09,550  gsv3.training             INFO     [random:random_seed5] epoch 0175  train_log_mse=0.02682  val_log_mse=0.06231  val_mse=0.000481  max_grad=21.33  patience=2/30
2026-10-07 19:03:30,323  gsv3.training             INFO     [random:random_seed5] epoch 0176  train_log_mse=0.02377  val_log_mse=0.07710  val_mse=0.000498  max_grad=19.36  patience=3/30
2026-10-07 19:03:51,452  gsv3.training             INFO     [random:random_seed5] epoch 0177  train_log_mse=0.02436  val_log_mse=0.08456  val_mse=0.000566  max_grad=16.84  patience=4/30
2026-10-07 19:04:12,186  gsv3.training             INFO     [random:random_seed5] epoch 0178  train_log_mse=0.02952  val_log_mse=0.08805  val_mse=0.000565  max_grad=25.18  patience=5/30
2026-10-07 19:04:32,844  gsv3.training             INFO     [random:random_seed5] epoch 0179  train_log_mse=0.02424  val_log_mse=0.07053  val_mse=0.000494  max_grad=18.33  patience=6/30
2026-10-07 19:04:53,858  gsv3.training             INFO     [random:random_seed5] epoch 0180  train_log_mse=0.02443  val_log_mse=0.06594  val_mse=0.000458  max_grad=21.57  patience=0/30
2026-10-07 19:05:14,614  gsv3.training             INFO     [random:random_seed5] epoch 0181  train_log_mse=0.02120  val_log_mse=0.07399  val_mse=0.000533  max_grad=14.29  patience=1/30
2026-10-07 19:05:35,630  gsv3.training             INFO     [random:random_seed5] epoch 0182  train_log_mse=0.02521  val_log_mse=0.07940  val_mse=0.000560  max_grad=22.86  patience=2/30
2026-10-07 19:05:56,325  gsv3.training             INFO     [random:random_seed5] epoch 0183  train_log_mse=0.02426  val_log_mse=0.08705  val_mse=0.000525  max_grad=14.17  patience=3/30
2026-10-07 19:06:17,368  gsv3.training             INFO     [random:random_seed5] epoch 0184  train_log_mse=0.02426  val_log_mse=0.07605  val_mse=0.000663  max_grad=21.28  patience=4/30
2026-10-07 19:06:38,124  gsv3.training             INFO     [random:random_seed5] epoch 0185  train_log_mse=0.02358  val_log_mse=0.07217  val_mse=0.000517  max_grad=15.59  patience=5/30
2026-10-07 19:06:58,946  gsv3.training             INFO     [random:random_seed5] epoch 0186  train_log_mse=0.02335  val_log_mse=0.06779  val_mse=0.000471  max_grad=26.74  patience=6/30
2026-10-07 19:07:19,784  gsv3.training             INFO     [random:random_seed5] epoch 0187  train_log_mse=0.02326  val_log_mse=0.07155  val_mse=0.000510  max_grad=14.77  patience=7/30
2026-10-07 19:07:40,508  gsv3.training             INFO     [random:random_seed5] epoch 0188  train_log_mse=0.02402  val_log_mse=0.08290  val_mse=0.000482  max_grad=21.24  patience=8/30
2026-10-07 19:08:01,473  gsv3.training             INFO     [random:random_seed5] epoch 0189  train_log_mse=0.02717  val_log_mse=0.06555  val_mse=0.000539  max_grad=16.36  patience=9/30
2026-10-07 19:08:22,035  gsv3.training             INFO     [random:random_seed5] epoch 0190  train_log_mse=0.02479  val_log_mse=0.07107  val_mse=0.000463  max_grad=18.60  patience=10/30
2026-10-07 19:08:43,404  gsv3.training             INFO     [random:random_seed5] epoch 0191  train_log_mse=0.02091  val_log_mse=0.08257  val_mse=0.000530  max_grad=14.90  patience=11/30
2026-10-07 19:09:04,230  gsv3.training             INFO     [random:random_seed5] epoch 0192  train_log_mse=0.02340  val_log_mse=0.06883  val_mse=0.000522  max_grad=23.05  patience=12/30
2026-10-07 19:09:25,327  gsv3.training             INFO     [random:random_seed5] epoch 0193  train_log_mse=0.02396  val_log_mse=0.07853  val_mse=0.000570  max_grad=20.53  patience=13/30
2026-10-07 19:09:45,965  gsv3.training             INFO     [random:random_seed5] epoch 0194  train_log_mse=0.02517  val_log_mse=0.07004  val_mse=0.000489  max_grad=20.00  patience=14/30
2026-10-07 19:10:07,110  gsv3.training             INFO     [random:random_seed5] epoch 0195  train_log_mse=0.02139  val_log_mse=0.06307  val_mse=0.000487  max_grad=11.14  patience=15/30
2026-10-07 19:10:27,893  gsv3.training             INFO     [random:random_seed5] epoch 0196  train_log_mse=0.02210  val_log_mse=0.09973  val_mse=0.000569  max_grad=19.33  patience=16/30
2026-10-07 19:10:48,762  gsv3.training             INFO     [random:random_seed5] epoch 0197  train_log_mse=0.02556  val_log_mse=0.06422  val_mse=0.000478  max_grad=23.55  patience=17/30
2026-10-07 19:11:09,871  gsv3.training             INFO     [random:random_seed5] epoch 0198  train_log_mse=0.02275  val_log_mse=0.07704  val_mse=0.000488  max_grad=20.37  patience=18/30
2026-10-07 19:11:30,756  gsv3.training             INFO     [random:random_seed5] epoch 0199  train_log_mse=0.02325  val_log_mse=0.06705  val_mse=0.000460  max_grad=16.73  patience=19/30
2026-10-07 19:11:51,926  gsv3.training             INFO     [random:random_seed5] epoch 0200  train_log_mse=0.02132  val_log_mse=0.06834  val_mse=0.000487  max_grad=23.73  patience=20/30
2026-10-07 19:12:12,967  gsv3.training             INFO     [random:random_seed5] epoch 0201  train_log_mse=0.02126  val_log_mse=0.07275  val_mse=0.000463  max_grad=15.37  patience=21/30
2026-10-07 19:12:34,153  gsv3.training             INFO     [random:random_seed5] epoch 0202  train_log_mse=0.02292  val_log_mse=0.07318  val_mse=0.000541  max_grad=12.42  patience=22/30
2026-10-07 19:12:54,868  gsv3.training             INFO     [random:random_seed5] epoch 0203  train_log_mse=0.02299  val_log_mse=0.08277  val_mse=0.000473  max_grad=17.61  patience=23/30
2026-10-07 19:13:15,873  gsv3.training             INFO     [random:random_seed5] epoch 0204  train_log_mse=0.02229  val_log_mse=0.06930  val_mse=0.000490  max_grad=17.20  patience=24/30
2026-10-07 19:13:36,678  gsv3.training             INFO     [random:random_seed5] epoch 0205  train_log_mse=0.02276  val_log_mse=0.06349  val_mse=0.000510  max_grad=17.86  patience=25/30
2026-10-07 19:13:57,768  gsv3.training             INFO     [random:random_seed5] epoch 0206  train_log_mse=0.02193  val_log_mse=0.06953  val_mse=0.000453  max_grad=19.29  patience=0/30
2026-10-07 19:14:18,320  gsv3.training             INFO     [random:random_seed5] epoch 0207  train_log_mse=0.02320  val_log_mse=0.07202  val_mse=0.000606  max_grad=15.05  patience=1/30
2026-10-07 19:14:39,440  gsv3.training             INFO     [random:random_seed5] epoch 0208  train_log_mse=0.02298  val_log_mse=0.06811  val_mse=0.000527  max_grad=17.98  patience=2/30
2026-10-07 19:15:00,404  gsv3.training             INFO     [random:random_seed5] epoch 0209  train_log_mse=0.02195  val_log_mse=0.07430  val_mse=0.000451  max_grad=14.85  patience=0/30
2026-10-07 19:15:21,564  gsv3.training             INFO     [random:random_seed5] epoch 0210  train_log_mse=0.02547  val_log_mse=0.06538  val_mse=0.000468  max_grad=20.37  patience=1/30
2026-10-07 19:15:42,487  gsv3.training             INFO     [random:random_seed5] epoch 0211  train_log_mse=0.02352  val_log_mse=0.06808  val_mse=0.000507  max_grad=17.47  patience=2/30
2026-10-07 19:16:03,724  gsv3.training             INFO     [random:random_seed5] epoch 0212  train_log_mse=0.02510  val_log_mse=0.07722  val_mse=0.000539  max_grad=15.60  patience=3/30
2026-10-07 19:16:24,798  gsv3.training             INFO     [random:random_seed5] epoch 0213  train_log_mse=0.02235  val_log_mse=0.06325  val_mse=0.000483  max_grad=12.07  patience=4/30
2026-10-07 19:16:45,840  gsv3.training             INFO     [random:random_seed5] epoch 0214  train_log_mse=0.02306  val_log_mse=0.07091  val_mse=0.000549  max_grad=22.62  patience=5/30
2026-10-07 19:17:07,144  gsv3.training             INFO     [random:random_seed5] epoch 0215  train_log_mse=0.02280  val_log_mse=0.07088  val_mse=0.000497  max_grad=18.32  patience=6/30
2026-10-07 19:17:28,279  gsv3.training             INFO     [random:random_seed5] epoch 0216  train_log_mse=0.02149  val_log_mse=0.06341  val_mse=0.000475  max_grad=14.89  patience=7/30
2026-10-07 19:17:49,569  gsv3.training             INFO     [random:random_seed5] epoch 0217  train_log_mse=0.02127  val_log_mse=0.09188  val_mse=0.000545  max_grad=13.11  patience=8/30
2026-10-07 19:18:10,375  gsv3.training             INFO     [random:random_seed5] epoch 0218  train_log_mse=0.02267  val_log_mse=0.06899  val_mse=0.000464  max_grad=16.28  patience=9/30
2026-10-07 19:18:31,643  gsv3.training             INFO     [random:random_seed5] epoch 0219  train_log_mse=0.02145  val_log_mse=0.07357  val_mse=0.000568  max_grad=21.49  patience=10/30
2026-10-07 19:18:52,308  gsv3.training             INFO     [random:random_seed5] epoch 0220  train_log_mse=0.02095  val_log_mse=0.06994  val_mse=0.000488  max_grad=16.83  patience=11/30
2026-10-07 19:19:13,429  gsv3.training             INFO     [random:random_seed5] epoch 0221  train_log_mse=0.02112  val_log_mse=0.06759  val_mse=0.000502  max_grad=15.72  patience=12/30
2026-10-07 19:19:34,211  gsv3.training             INFO     [random:random_seed5] epoch 0222  train_log_mse=0.01990  val_log_mse=0.10260  val_mse=0.000530  max_grad=23.39  patience=13/30
2026-10-07 19:19:55,480  gsv3.training             INFO     [random:random_seed5] epoch 0223  train_log_mse=0.02259  val_log_mse=0.06947  val_mse=0.000468  max_grad=18.73  patience=14/30
2026-10-07 19:20:16,203  gsv3.training             INFO     [random:random_seed5] epoch 0224  train_log_mse=0.02162  val_log_mse=0.07602  val_mse=0.000448  max_grad=13.31  patience=0/30
2026-10-07 19:20:37,129  gsv3.training             INFO     [random:random_seed5] epoch 0225  train_log_mse=0.02027  val_log_mse=0.07427  val_mse=0.000494  max_grad=13.08  patience=1/30
2026-10-07 19:20:57,885  gsv3.training             INFO     [random:random_seed5] epoch 0226  train_log_mse=0.02194  val_log_mse=0.07437  val_mse=0.000506  max_grad=27.88  patience=2/30
2026-10-07 19:21:19,050  gsv3.training             INFO     [random:random_seed5] epoch 0227  train_log_mse=0.02239  val_log_mse=0.07783  val_mse=0.000462  max_grad=20.42  patience=3/30
2026-10-07 19:21:40,012  gsv3.training             INFO     [random:random_seed5] epoch 0228  train_log_mse=0.02074  val_log_mse=0.06442  val_mse=0.000459  max_grad=12.06  patience=4/30
2026-10-07 19:22:00,758  gsv3.training             INFO     [random:random_seed5] epoch 0229  train_log_mse=0.02214  val_log_mse=0.06084  val_mse=0.000484  max_grad=20.34  patience=5/30
2026-10-07 19:22:21,772  gsv3.training             INFO     [random:random_seed5] epoch 0230  train_log_mse=0.02082  val_log_mse=0.07528  val_mse=0.000463  max_grad=15.74  patience=6/30
2026-10-07 19:22:42,584  gsv3.training             INFO     [random:random_seed5] epoch 0231  train_log_mse=0.02135  val_log_mse=0.06438  val_mse=0.000479  max_grad=18.50  patience=7/30
2026-10-07 19:23:03,418  gsv3.training             INFO     [random:random_seed5] epoch 0232  train_log_mse=0.02127  val_log_mse=0.06772  val_mse=0.000526  max_grad=17.54  patience=8/30
2026-10-07 19:23:24,175  gsv3.training             INFO     [random:random_seed5] epoch 0233  train_log_mse=0.02233  val_log_mse=0.06863  val_mse=0.000475  max_grad=18.20  patience=9/30
2026-10-07 19:23:44,897  gsv3.training             INFO     [random:random_seed5] epoch 0234  train_log_mse=0.02081  val_log_mse=0.06810  val_mse=0.000458  max_grad=17.38  patience=10/30
2026-10-07 19:24:05,685  gsv3.training             INFO     [random:random_seed5] epoch 0235  train_log_mse=0.02060  val_log_mse=0.09084  val_mse=0.000582  max_grad=14.78  patience=11/30
2026-10-07 19:24:26,512  gsv3.training             INFO     [random:random_seed5] epoch 0236  train_log_mse=0.02284  val_log_mse=0.06897  val_mse=0.000476  max_grad=20.83  patience=12/30
2026-10-07 19:24:47,560  gsv3.training             INFO     [random:random_seed5] epoch 0237  train_log_mse=0.01941  val_log_mse=0.08230  val_mse=0.000473  max_grad=17.17  patience=13/30
2026-10-07 19:25:08,010  gsv3.training             INFO     [random:random_seed5] epoch 0238  train_log_mse=0.02176  val_log_mse=0.07638  val_mse=0.000567  max_grad=18.86  patience=14/30
2026-10-07 19:25:28,928  gsv3.training             INFO     [random:random_seed5] epoch 0239  train_log_mse=0.02139  val_log_mse=0.07165  val_mse=0.000480  max_grad=16.18  patience=15/30
2026-10-07 19:25:49,534  gsv3.training             INFO     [random:random_seed5] epoch 0240  train_log_mse=0.02257  val_log_mse=0.06653  val_mse=0.000545  max_grad=16.64  patience=16/30
2026-10-07 19:26:10,387  gsv3.training             INFO     [random:random_seed5] epoch 0241  train_log_mse=0.01988  val_log_mse=0.06425  val_mse=0.000463  max_grad=16.45  patience=17/30
2026-10-07 19:26:31,127  gsv3.training             INFO     [random:random_seed5] epoch 0242  train_log_mse=0.02383  val_log_mse=0.07442  val_mse=0.000457  max_grad=18.51  patience=18/30
2026-10-07 19:26:51,908  gsv3.training             INFO     [random:random_seed5] epoch 0243  train_log_mse=0.02192  val_log_mse=0.08292  val_mse=0.000498  max_grad=18.27  patience=19/30
2026-10-07 19:27:12,648  gsv3.training             INFO     [random:random_seed5] epoch 0244  train_log_mse=0.02293  val_log_mse=0.06549  val_mse=0.000477  max_grad=15.03  patience=20/30
2026-10-07 19:27:33,456  gsv3.training             INFO     [random:random_seed5] epoch 0245  train_log_mse=0.01898  val_log_mse=0.06815  val_mse=0.000443  max_grad=10.62  patience=0/30
2026-10-07 19:27:54,372  gsv3.training             INFO     [random:random_seed5] epoch 0246  train_log_mse=0.02034  val_log_mse=0.06377  val_mse=0.000432  max_grad=15.09  patience=0/30
2026-10-07 19:28:15,002  gsv3.training             INFO     [random:random_seed5] epoch 0247  train_log_mse=0.02043  val_log_mse=0.06690  val_mse=0.000430  max_grad=15.15  patience=0/30
2026-10-07 19:28:35,984  gsv3.training             INFO     [random:random_seed5] epoch 0248  train_log_mse=0.01965  val_log_mse=0.06609  val_mse=0.000440  max_grad=17.65  patience=1/30
2026-10-07 19:28:56,542  gsv3.training             INFO     [random:random_seed5] epoch 0249  train_log_mse=0.02155  val_log_mse=0.07995  val_mse=0.000487  max_grad=12.24  patience=2/30
2026-10-07 19:29:17,475  gsv3.training             INFO     [random:random_seed5] epoch 0250  train_log_mse=0.02019  val_log_mse=0.08148  val_mse=0.000490  max_grad=20.40  patience=3/30
2026-10-07 19:29:38,138  gsv3.training             INFO     [random:random_seed5] epoch 0251  train_log_mse=0.01903  val_log_mse=0.06705  val_mse=0.000421  max_grad=13.96  patience=0/30
2026-10-07 19:29:58,828  gsv3.training             INFO     [random:random_seed5] epoch 0252  train_log_mse=0.02125  val_log_mse=0.06830  val_mse=0.000445  max_grad=17.55  patience=1/30
2026-10-07 19:30:19,685  gsv3.training             INFO     [random:random_seed5] epoch 0253  train_log_mse=0.01948  val_log_mse=0.06683  val_mse=0.000476  max_grad=11.36  patience=2/30
2026-10-07 19:30:39,934  gsv3.training             INFO     [random:random_seed5] epoch 0254  train_log_mse=0.02043  val_log_mse=0.06324  val_mse=0.000436  max_grad=16.70  patience=3/30
2026-10-07 19:31:00,830  gsv3.training             INFO     [random:random_seed5] epoch 0255  train_log_mse=0.01962  val_log_mse=0.06673  val_mse=0.000490  max_grad=14.33  patience=4/30
2026-10-07 19:31:21,519  gsv3.training             INFO     [random:random_seed5] epoch 0256  train_log_mse=0.02220  val_log_mse=0.07520  val_mse=0.000479  max_grad=21.71  patience=5/30
2026-10-07 19:31:42,392  gsv3.training             INFO     [random:random_seed5] epoch 0257  train_log_mse=0.02102  val_log_mse=0.07635  val_mse=0.000512  max_grad=22.30  patience=6/30
2026-10-07 19:32:03,195  gsv3.training             INFO     [random:random_seed5] epoch 0258  train_log_mse=0.02117  val_log_mse=0.06862  val_mse=0.000513  max_grad=14.39  patience=7/30
2026-10-07 19:32:23,949  gsv3.training             INFO     [random:random_seed5] epoch 0259  train_log_mse=0.02149  val_log_mse=0.07160  val_mse=0.000495  max_grad=13.71  patience=8/30
2026-10-07 19:32:44,920  gsv3.training             INFO     [random:random_seed5] epoch 0260  train_log_mse=0.02115  val_log_mse=0.07751  val_mse=0.000481  max_grad=12.78  patience=9/30
2026-10-07 19:33:05,458  gsv3.training             INFO     [random:random_seed5] epoch 0261  train_log_mse=0.02086  val_log_mse=0.06080  val_mse=0.000434  max_grad=13.95  patience=10/30
2026-10-07 19:33:26,139  gsv3.training             INFO     [random:random_seed5] epoch 0262  train_log_mse=0.01852  val_log_mse=0.06585  val_mse=0.000425  max_grad=14.17  patience=11/30
2026-10-07 19:33:46,451  gsv3.training             INFO     [random:random_seed5] epoch 0263  train_log_mse=0.01811  val_log_mse=0.07654  val_mse=0.000477  max_grad=12.61  patience=12/30
2026-10-07 19:34:07,304  gsv3.training             INFO     [random:random_seed5] epoch 0264  train_log_mse=0.02009  val_log_mse=0.07849  val_mse=0.000455  max_grad=15.16  patience=13/30
2026-10-07 19:34:28,231  gsv3.training             INFO     [random:random_seed5] epoch 0265  train_log_mse=0.01969  val_log_mse=0.06595  val_mse=0.000472  max_grad=13.23  patience=14/30
2026-10-07 19:34:49,019  gsv3.training             INFO     [random:random_seed5] epoch 0266  train_log_mse=0.01839  val_log_mse=0.09246  val_mse=0.000511  max_grad=16.45  patience=15/30
2026-10-07 19:35:09,864  gsv3.training             INFO     [random:random_seed5] epoch 0267  train_log_mse=0.01915  val_log_mse=0.06145  val_mse=0.000447  max_grad=16.28  patience=16/30
2026-10-07 19:35:30,958  gsv3.training             INFO     [random:random_seed5] epoch 0268  train_log_mse=0.01978  val_log_mse=0.07105  val_mse=0.000439  max_grad=13.12  patience=17/30
2026-10-07 19:35:52,000  gsv3.training             INFO     [random:random_seed5] epoch 0269  train_log_mse=0.01899  val_log_mse=0.07017  val_mse=0.000449  max_grad=11.82  patience=18/30
2026-10-07 19:36:12,785  gsv3.training             INFO     [random:random_seed5] epoch 0270  train_log_mse=0.01873  val_log_mse=0.06753  val_mse=0.000485  max_grad=15.11  patience=19/30
2026-10-07 19:36:33,851  gsv3.training             INFO     [random:random_seed5] epoch 0271  train_log_mse=0.01966  val_log_mse=0.06781  val_mse=0.000440  max_grad=18.00  patience=20/30
2026-10-07 19:36:54,650  gsv3.training             INFO     [random:random_seed5] epoch 0272  train_log_mse=0.01785  val_log_mse=0.07084  val_mse=0.000510  max_grad=11.16  patience=21/30
2026-10-07 19:37:15,512  gsv3.training             INFO     [random:random_seed5] epoch 0273  train_log_mse=0.01825  val_log_mse=0.07354  val_mse=0.000471  max_grad=14.57  patience=22/30
2026-10-07 19:37:36,294  gsv3.training             INFO     [random:random_seed5] epoch 0274  train_log_mse=0.01930  val_log_mse=0.06537  val_mse=0.000451  max_grad=12.12  patience=23/30
2026-10-07 19:37:57,219  gsv3.training             INFO     [random:random_seed5] epoch 0275  train_log_mse=0.01809  val_log_mse=0.06501  val_mse=0.000466  max_grad=12.17  patience=24/30
2026-10-07 19:38:17,814  gsv3.training             INFO     [random:random_seed5] epoch 0276  train_log_mse=0.01910  val_log_mse=0.06621  val_mse=0.000446  max_grad=12.13  patience=25/30
2026-10-07 19:38:38,589  gsv3.training             INFO     [random:random_seed5] epoch 0277  train_log_mse=0.01810  val_log_mse=0.07132  val_mse=0.000432  max_grad=12.85  patience=26/30
2026-10-07 19:38:59,386  gsv3.training             INFO     [random:random_seed5] epoch 0278  train_log_mse=0.01862  val_log_mse=0.06355  val_mse=0.000430  max_grad=13.13  patience=27/30
2026-10-07 19:39:20,060  gsv3.training             INFO     [random:random_seed5] epoch 0279  train_log_mse=0.01960  val_log_mse=0.06805  val_mse=0.000431  max_grad=16.83  patience=28/30
2026-10-07 19:39:40,939  gsv3.training             INFO     [random:random_seed5] epoch 0280  train_log_mse=0.01937  val_log_mse=0.05948  val_mse=0.000465  max_grad=16.72  patience=29/30
2026-10-07 19:40:01,725  gsv3.training             INFO     [random:random_seed5] epoch 0281  train_log_mse=0.01906  val_log_mse=0.06514  val_mse=0.000531  max_grad=13.28  patience=30/30
2026-10-07 19:40:08,664  gsv3.experiment           INFO     [random_seed5] TEST  n=5117  MAE=0.0115  R2=0.9951  device-acc=0.730  regret=0.0027
2026-10-07 19:40:08,668  genstudy.io               INFO     Wrote evaluations/generalization_v3/results/xattn_a00/random_control/random_seed5/metrics.json
2026-10-07 19:40:08,697  genstudy.io               INFO     Wrote evaluations/generalization_v3/results/xattn_a00/random_control/random_seed5/predictions.json
2026-10-07 19:40:08,709  genstudy.io               INFO     Wrote evaluations/generalization_v3/results/xattn_a00/random_control/random_seed5/history.json
2026-10-07 19:40:08,754  run_experiment            INFO     random_control finished: 1 complete, 0 skipped
2026-10-07 23:59:17,022  genstudy.io               INFO     Logging to evaluations/generalization_v3/results/xattn_a00/random_control/run.log
2026-10-07 23:59:17,022  run_experiment            INFO     Command line: evaluations/generalization_v3/scripts/run_experiment.py control --model xattn --balance-alpha 0 --lr 3e-4 --grad-clip 1.0 --results-dir evaluations/generalization_v3/results/xattn_a00
2026-10-07 23:59:17,266  gsv2.gpu                  INFO     GPU: NVIDIA A100 80GB PCIe
2026-10-07 23:59:17,267  gsv3.model                INFO     Hyper-parameters (/home/atudisco/pred-distr-tool/src/model/best_params.json + v3 defaults): {'device_hidden': 64, 'device_layers': 3, 'fusion_dim': 128, 'qubit_layers': 2, 'attn_heads': 4, 'lap_pe': 8, 'cost_bias_init': -6.0, 'hidden_dim': 142, 'num_conv_wo_resnet': 3, 'num_resnet_layers': 1, 'dropout': 0.0, 'bidirectional': True, 'mlp': [512, 256, 128], 'lr': 0.001, 'readout': 'meanmaxsum'}
2026-10-07 23:59:17,418  gsv3.devices              INFO     Device graphs with 8 Laplacian PE dims: node features 13
2026-10-07 23:59:17,419  genstudy.data             INFO     Loading graph dataset: /home/atudisco/pred-distr-tool/evaluations/generalization_v3/data/graph_dataset_expected_fidelity.pt
2026-10-07 23:59:21,885  genstudy.data             INFO     Loaded 17056 graphs
2026-10-07 23:59:21,909  genstudy.io               INFO     Wrote evaluations/generalization_v3/results/xattn_a00/random_control/dataset_summary.json
2026-10-07 23:59:22,001  run_experiment            INFO     [1/1] random_seed5 already done — skipping
2026-10-07 23:59:22,001  run_experiment            INFO     random_control finished: 1 complete, 0 skipped
2026-10-08 00:11:53,701  genstudy.io               INFO     Logging to evaluations/generalization_v3/results/xattn_a00/random_control/run.log
2026-10-08 00:11:53,701  run_experiment            INFO     Command line: evaluations/generalization_v3/scripts/run_experiment.py control --model xattn --balance-alpha 0 --lr 3e-4 --grad-clip 1.0 --results-dir evaluations/generalization_v3/results/xattn_a00
2026-10-08 00:11:54,322  gsv2.gpu                  INFO     GPU: NVIDIA H200
2026-10-08 00:11:54,324  gsv3.model                INFO     Hyper-parameters (/home/atudisco/pred-distr-tool/src/model/best_params.json + v3 defaults): {'device_hidden': 64, 'device_layers': 3, 'fusion_dim': 128, 'qubit_layers': 2, 'attn_heads': 4, 'lap_pe': 8, 'cost_bias_init': -6.0, 'hidden_dim': 142, 'num_conv_wo_resnet': 3, 'num_resnet_layers': 1, 'dropout': 0.0, 'bidirectional': True, 'mlp': [512, 256, 128], 'lr': 0.001, 'readout': 'meanmaxsum'}
2026-10-08 00:11:54,335  gsv3.devices              INFO     Device graphs with 8 Laplacian PE dims: node features 13
2026-10-08 00:11:54,336  genstudy.data             INFO     Loading graph dataset: /home/atudisco/pred-distr-tool/evaluations/generalization_v3/data/graph_dataset_expected_fidelity.pt
2026-10-08 00:11:57,639  genstudy.data             INFO     Loaded 17056 graphs
2026-10-08 00:11:57,666  genstudy.io               INFO     Wrote evaluations/generalization_v3/results/xattn_a00/random_control/dataset_summary.json
2026-10-08 00:11:57,758  run_experiment            INFO     [1/1] random_seed5 already done — skipping
2026-10-08 00:11:57,758  run_experiment            INFO     random_control finished: 1 complete, 0 skipped
