2026-10-08 05:42:13,849  genstudy.io               INFO     Logging to evaluations/generalization_v3/results/xattn_a00_s7/leave_one_family_out/run.log
2026-10-08 05:42:13,849  run_experiment            INFO     Command line: evaluations/generalization_v3/scripts/run_experiment.py lofo --model xattn --balance-alpha 0 --lr 3e-4 --grad-clip 1.0 --seed 7 --families iqpe --groups vqe --results-dir evaluations/generalization_v3/results/xattn_a00_s7
2026-10-08 05:42:13,849  gsv2.gpu                  WARNING  No CUDA device available — running on the CPU.
2026-10-08 05:42:13,850  gsv3.model                INFO     Hyper-parameters (/home/atudisco/pred-distr-tool/src/model/best_params.json + v3 defaults): {'device_hidden': 64, 'device_layers': 3, 'fusion_dim': 128, 'qubit_layers': 2, 'attn_heads': 4, 'lap_pe': 8, 'cost_bias_init': -6.0, 'hidden_dim': 142, 'num_conv_wo_resnet': 3, 'num_resnet_layers': 1, 'dropout': 0.0, 'bidirectional': True, 'mlp': [512, 256, 128], 'lr': 0.001, 'readout': 'meanmaxsum'}
2026-10-08 05:42:13,861  genstudy.io               INFO     Logging to evaluations/generalization_v3/results/xattn_a00_s7/leave_one_family_out/run.log
2026-10-08 05:42:13,861  run_experiment            INFO     Command line: evaluations/generalization_v3/scripts/run_experiment.py lofo --model xattn --balance-alpha 0 --lr 3e-4 --grad-clip 1.0 --seed 7 --families qaoa --groups vqe --results-dir evaluations/generalization_v3/results/xattn_a00_s7
2026-10-08 05:42:13,861  gsv2.gpu                  WARNING  No CUDA device available — running on the CPU.
2026-10-08 05:42:13,862  gsv3.model                INFO     Hyper-parameters (/home/atudisco/pred-distr-tool/src/model/best_params.json + v3 defaults): {'device_hidden': 64, 'device_layers': 3, 'fusion_dim': 128, 'qubit_layers': 2, 'attn_heads': 4, 'lap_pe': 8, 'cost_bias_init': -6.0, 'hidden_dim': 142, 'num_conv_wo_resnet': 3, 'num_resnet_layers': 1, 'dropout': 0.0, 'bidirectional': True, 'mlp': [512, 256, 128], 'lr': 0.001, 'readout': 'meanmaxsum'}
2026-10-08 05:42:13,947  genstudy.io               INFO     Logging to evaluations/generalization_v3/results/xattn_a00_s7/leave_one_family_out/run.log
2026-10-08 05:42:13,947  run_experiment            INFO     Command line: evaluations/generalization_v3/scripts/run_experiment.py lofo --model xattn --balance-alpha 0 --lr 3e-4 --grad-clip 1.0 --seed 7 --families randomcircuit --groups vqe --results-dir evaluations/generalization_v3/results/xattn_a00_s7
2026-10-08 05:42:13,947  gsv2.gpu                  WARNING  No CUDA device available — running on the CPU.
2026-10-08 05:42:13,948  gsv3.model                INFO     Hyper-parameters (/home/atudisco/pred-distr-tool/src/model/best_params.json + v3 defaults): {'device_hidden': 64, 'device_layers': 3, 'fusion_dim': 128, 'qubit_layers': 2, 'attn_heads': 4, 'lap_pe': 8, 'cost_bias_init': -6.0, 'hidden_dim': 142, 'num_conv_wo_resnet': 3, 'num_resnet_layers': 1, 'dropout': 0.0, 'bidirectional': True, 'mlp': [512, 256, 128], 'lr': 0.001, 'readout': 'meanmaxsum'}
2026-10-08 05:42:13,998  gsv3.devices              INFO     Device graphs: node features 13 (Laplacian PE 8), physical errors False
2026-10-08 05:42:13,998  gsv3.devices              INFO     Device graphs: node features 13 (Laplacian PE 8), physical errors False
2026-10-08 05:42:13,998  gsv3.devices              INFO     Device graphs: node features 13 (Laplacian PE 8), physical errors False
2026-10-08 05:42:14,000  genstudy.data             INFO     Loading graph dataset: /home/atudisco/pred-distr-tool/evaluations/generalization_v3/data/graph_dataset_expected_fidelity.pt
2026-10-08 05:42:14,000  genstudy.data             INFO     Loading graph dataset: /home/atudisco/pred-distr-tool/evaluations/generalization_v3/data/graph_dataset_expected_fidelity.pt
2026-10-08 05:42:14,000  genstudy.data             INFO     Loading graph dataset: /home/atudisco/pred-distr-tool/evaluations/generalization_v3/data/graph_dataset_expected_fidelity.pt
2026-10-08 05:42:14,051  genstudy.io               INFO     Logging to evaluations/generalization_v3/results/xattn_a00_s7/leave_one_family_out/run.log
2026-10-08 05:42:14,051  run_experiment            INFO     Command line: evaluations/generalization_v3/scripts/run_experiment.py lofo --model xattn --balance-alpha 0 --lr 3e-4 --grad-clip 1.0 --seed 7 --families qnn --groups vqe --results-dir evaluations/generalization_v3/results/xattn_a00_s7
2026-10-08 05:42:14,051  gsv2.gpu                  WARNING  No CUDA device available — running on the CPU.
2026-10-08 05:42:14,052  gsv3.model                INFO     Hyper-parameters (/home/atudisco/pred-distr-tool/src/model/best_params.json + v3 defaults): {'device_hidden': 64, 'device_layers': 3, 'fusion_dim': 128, 'qubit_layers': 2, 'attn_heads': 4, 'lap_pe': 8, 'cost_bias_init': -6.0, 'hidden_dim': 142, 'num_conv_wo_resnet': 3, 'num_resnet_layers': 1, 'dropout': 0.0, 'bidirectional': True, 'mlp': [512, 256, 128], 'lr': 0.001, 'readout': 'meanmaxsum'}
2026-10-08 05:42:14,061  gsv3.devices              INFO     Device graphs: node features 13 (Laplacian PE 8), physical errors False
2026-10-08 05:42:14,062  genstudy.data             INFO     Loading graph dataset: /home/atudisco/pred-distr-tool/evaluations/generalization_v3/data/graph_dataset_expected_fidelity.pt
2026-10-08 05:42:18,644  genstudy.data             INFO     Loaded 17056 graphs
2026-10-08 05:42:18,659  genstudy.data             INFO     Loaded 17056 graphs
2026-10-08 05:42:18,661  genstudy.data             INFO     Loaded 17056 graphs
2026-10-08 05:42:18,665  genstudy.data             INFO     Loaded 17056 graphs
2026-10-08 05:42:18,673  genstudy.io               INFO     Wrote evaluations/generalization_v3/results/xattn_a00_s7/leave_one_family_out/dataset_summary.json
2026-10-08 05:42:18,674  genstudy.data             INFO     Holding out 1 families: randomcircuit
2026-10-08 05:42:18,676  run_experiment            INFO     [1/1] randomcircuit
2026-10-08 05:42:18,679  gsv3.experiment           INFO     === family_holdout / randomcircuit ===
2026-10-08 05:42:18,679  gsv3.experiment           INFO     Leave-one-family-out: test = all 1234 'randomcircuit' circuits, train = 15822 circuits from 34 other families.
2026-10-08 05:42:18,681  gsv3.experiment           INFO     train=11911  val=3911 ({'mode': 'family', 'val_families': ['ae', 'bmw_quark_cardinality', 'bmw_quark_copula', 'bv', 'cdkm_ripple_carry_adder', 'dj', 'draper_qft_adder', 'dynamic_qft', 'full_adder', 'ghz_dynamic', 'grover', 'half_adder', 'hhl', 'hrs_cumulative_multiplier', 'iqpe', 'modular_adder', 'multiplier', 'qft', 'qftentangled', 'qnn', 'qpeexact', 'qpeinexact', 'qwalk', 'rg_qft_multiplier', 'seven_qubit_steane_code', 'shors_nine_qubit_code', 'vbe_ripple_carry_adder', 'wstate']})  test=1234
2026-10-08 05:42:18,688  genstudy.io               INFO     Wrote evaluations/generalization_v3/results/xattn_a00_s7/leave_one_family_out/dataset_summary.json
2026-10-08 05:42:18,689  genstudy.data             INFO     Holding out 1 families: iqpe
2026-10-08 05:42:18,691  run_experiment            INFO     [1/1] iqpe
2026-10-08 05:42:18,692  genstudy.io               INFO     Wrote evaluations/generalization_v3/results/xattn_a00_s7/leave_one_family_out/dataset_summary.json
2026-10-08 05:42:18,693  genstudy.data             INFO     Holding out 1 families: qaoa
2026-10-08 05:42:18,694  gsv3.experiment           INFO     === family_holdout / iqpe ===
2026-10-08 05:42:18,694  gsv3.experiment           INFO     Leave-one-family-out: test = all 570 'iqpe' circuits, train = 16486 circuits from 34 other families.
2026-10-08 05:42:18,695  run_experiment            INFO     [1/1] qaoa
2026-10-08 05:42:18,696  gsv3.experiment           INFO     train=12817  val=3669 ({'mode': 'family', 'val_families': ['ae', 'bv', 'cdkm_ripple_carry_adder', 'grover', 'half_adder', 'hhl', 'multiplier', 'qft', 'qftentangled', 'qpeinexact', 'randomcircuit', 'shors_nine_qubit_code', 'vbe_ripple_carry_adder']})  test=570
2026-10-08 05:42:18,698  gsv3.experiment           INFO     === family_holdout / qaoa ===
2026-10-08 05:42:18,698  gsv3.experiment           INFO     Leave-one-family-out: test = all 2706 'qaoa' circuits, train = 14350 circuits from 34 other families.
2026-10-08 05:42:18,699  gsv3.experiment           INFO     train=11395  val=2955 ({'mode': 'family', 'val_families': ['ae', 'bv', 'cdkm_ripple_carry_adder', 'ghz_dynamic', 'grover', 'half_adder', 'hhl', 'modular_adder', 'multiplier', 'qft', 'qpeexact', 'qpeinexact', 'randomcircuit', 'shors_nine_qubit_code', 'vbe_ripple_carry_adder']})  test=2706
2026-10-08 05:42:18,706  genstudy.io               INFO     Wrote evaluations/generalization_v3/results/xattn_a00_s7/leave_one_family_out/dataset_summary.json
2026-10-08 05:42:18,706  genstudy.data             INFO     Holding out 1 families: qnn
2026-10-08 05:42:18,708  run_experiment            INFO     [1/1] qnn
2026-10-08 05:42:18,711  gsv3.experiment           INFO     === family_holdout / qnn ===
2026-10-08 05:42:18,711  gsv3.experiment           INFO     Leave-one-family-out: test = all 760 'qnn' circuits, train = 16296 circuits from 34 other families.
2026-10-08 05:42:18,713  gsv3.experiment           INFO     train=12725  val=3571 ({'mode': 'family', 'val_families': ['ae', 'bmw_quark_cardinality', 'bv', 'cdkm_ripple_carry_adder', 'draper_qft_adder', 'dynamic_qft', 'full_adder', 'ghz_dynamic', 'grover', 'half_adder', 'hhl', 'hrs_cumulative_multiplier', 'iqpe', 'modular_adder', 'multiplier', 'qft', 'qpeinexact', 'qwalk', 'randomcircuit', 'rg_qft_multiplier', 'shors_nine_qubit_code', 'vbe_ripple_carry_adder']})  test=760
2026-10-08 05:42:18,873  gsv3.training             INFO     [family_holdout:iqpe] model=xattn (945113 params) train=12817 val=3669 lr=0.0003 clip=1.0 alpha=0.00
2026-10-08 05:42:18,971  gsv3.training             INFO     [family_holdout:qnn] model=xattn (945113 params) train=12725 val=3571 lr=0.0003 clip=1.0 alpha=0.00
2026-10-08 05:42:18,980  gsv3.training             INFO     [family_holdout:randomcircuit] model=xattn (945113 params) train=11911 val=3911 lr=0.0003 clip=1.0 alpha=0.00
2026-10-08 05:42:19,185  gsv3.training             INFO     [family_holdout:qaoa] model=xattn (945113 params) train=11395 val=2955 lr=0.0003 clip=1.0 alpha=0.00
2026-10-08 05:43:27,030  gsv3.training             INFO     [family_holdout:qaoa] epoch 0001  train_log_mse=1.85945  val_log_mse=6.45249  val_mse=0.008935  max_grad=1980.82  patience=0/30
2026-10-08 05:43:36,498  gsv3.training             INFO     [family_holdout:randomcircuit] epoch 0001  train_log_mse=2.11144  val_log_mse=7.60905  val_mse=0.041932  max_grad=4534.71  patience=0/30
2026-10-08 05:43:42,746  gsv3.training             INFO     [family_holdout:iqpe] epoch 0001  train_log_mse=1.79388  val_log_mse=5.58921  val_mse=0.008554  max_grad=3554.38  patience=0/30
2026-10-08 05:43:48,835  gsv3.training             INFO     [family_holdout:qnn] epoch 0001  train_log_mse=2.16865  val_log_mse=3.92953  val_mse=0.017841  max_grad=3700.43  patience=0/30
2026-10-08 05:44:34,844  gsv3.training             INFO     [family_holdout:qaoa] epoch 0002  train_log_mse=0.32344  val_log_mse=13.37472  val_mse=0.008085  max_grad=175.93  patience=0/30
2026-10-08 05:44:53,935  gsv3.training             INFO     [family_holdout:randomcircuit] epoch 0002  train_log_mse=0.30073  val_log_mse=9.30887  val_mse=0.062048  max_grad=119.04  patience=1/30
2026-10-08 05:45:06,819  gsv3.training             INFO     [family_holdout:iqpe] epoch 0002  train_log_mse=0.40106  val_log_mse=4.42383  val_mse=0.010940  max_grad=192.67  patience=1/30
2026-10-08 05:45:17,779  gsv3.training             INFO     [family_holdout:qnn] epoch 0002  train_log_mse=0.58030  val_log_mse=6.43796  val_mse=0.016247  max_grad=216.36  patience=0/30
2026-10-08 05:45:42,386  gsv3.training             INFO     [family_holdout:qaoa] epoch 0003  train_log_mse=0.19496  val_log_mse=5.54077  val_mse=0.007235  max_grad=109.10  patience=0/30
2026-10-08 05:46:11,122  gsv3.training             INFO     [family_holdout:randomcircuit] epoch 0003  train_log_mse=0.24496  val_log_mse=8.81927  val_mse=0.053526  max_grad=132.60  patience=2/30
2026-10-08 05:46:31,170  gsv3.training             INFO     [family_holdout:iqpe] epoch 0003  train_log_mse=0.25887  val_log_mse=11.91241  val_mse=0.005368  max_grad=152.23  patience=0/30
2026-10-08 05:46:46,545  gsv3.training             INFO     [family_holdout:qnn] epoch 0003  train_log_mse=0.31244  val_log_mse=4.66072  val_mse=0.018208  max_grad=129.41  patience=1/30
2026-10-08 05:46:50,313  gsv3.training             INFO     [family_holdout:qaoa] epoch 0004  train_log_mse=0.20282  val_log_mse=5.16834  val_mse=0.009930  max_grad=124.94  patience=1/30
2026-10-08 05:47:28,304  gsv3.training             INFO     [family_holdout:randomcircuit] epoch 0004  train_log_mse=0.19677  val_log_mse=8.83773  val_mse=0.052595  max_grad=91.19  patience=3/30
2026-10-08 05:47:54,932  gsv3.training             INFO     [family_holdout:iqpe] epoch 0004  train_log_mse=0.18941  val_log_mse=6.40255  val_mse=0.005927  max_grad=113.21  patience=1/30
2026-10-08 05:47:58,256  gsv3.training             INFO     [family_holdout:qaoa] epoch 0005  train_log_mse=0.14886  val_log_mse=3.69202  val_mse=0.008832  max_grad=108.17  patience=2/30
2026-10-08 05:48:15,213  gsv3.training             INFO     [family_holdout:qnn] epoch 0004  train_log_mse=0.25896  val_log_mse=4.65063  val_mse=0.014776  max_grad=167.60  patience=0/30
2026-10-08 05:48:45,405  gsv3.training             INFO     [family_holdout:randomcircuit] epoch 0005  train_log_mse=0.18460  val_log_mse=9.16507  val_mse=0.055975  max_grad=104.24  patience=4/30
2026-10-08 05:49:06,230  gsv3.training             INFO     [family_holdout:qaoa] epoch 0006  train_log_mse=0.10651  val_log_mse=5.34729  val_mse=0.007494  max_grad=65.92  patience=3/30
2026-10-08 05:49:18,453  gsv3.training             INFO     [family_holdout:iqpe] epoch 0005  train_log_mse=0.16831  val_log_mse=6.06452  val_mse=0.007142  max_grad=95.47  patience=2/30
2026-10-08 05:49:44,590  gsv3.training             INFO     [family_holdout:qnn] epoch 0005  train_log_mse=0.20330  val_log_mse=3.85243  val_mse=0.013494  max_grad=88.12  patience=0/30
2026-10-08 05:50:02,634  gsv3.training             INFO     [family_holdout:randomcircuit] epoch 0006  train_log_mse=0.15439  val_log_mse=8.73226  val_mse=0.051967  max_grad=79.13  patience=5/30
2026-10-08 05:50:14,202  gsv3.training             INFO     [family_holdout:qaoa] epoch 0007  train_log_mse=0.11747  val_log_mse=4.84359  val_mse=0.010009  max_grad=97.33  patience=4/30
2026-10-08 05:50:42,048  gsv3.training             INFO     [family_holdout:iqpe] epoch 0006  train_log_mse=0.14331  val_log_mse=4.91202  val_mse=0.007199  max_grad=99.31  patience=3/30
2026-10-08 05:51:14,158  gsv3.training             INFO     [family_holdout:qnn] epoch 0006  train_log_mse=0.16577  val_log_mse=3.89302  val_mse=0.013832  max_grad=93.90  patience=1/30
2026-10-08 05:51:19,600  gsv3.training             INFO     [family_holdout:randomcircuit] epoch 0007  train_log_mse=0.14907  val_log_mse=9.11545  val_mse=0.057989  max_grad=67.62  patience=6/30
2026-10-08 05:51:22,240  gsv3.training             INFO     [family_holdout:qaoa] epoch 0008  train_log_mse=0.11438  val_log_mse=5.55858  val_mse=0.008311  max_grad=56.81  patience=5/30
2026-10-08 05:52:05,830  gsv3.training             INFO     [family_holdout:iqpe] epoch 0007  train_log_mse=0.13074  val_log_mse=6.08229  val_mse=0.006508  max_grad=120.94  patience=4/30
2026-10-08 05:52:30,193  gsv3.training             INFO     [family_holdout:qaoa] epoch 0009  train_log_mse=0.07707  val_log_mse=5.18946  val_mse=0.007661  max_grad=67.93  patience=6/30
2026-10-08 05:52:36,815  gsv3.training             INFO     [family_holdout:randomcircuit] epoch 0008  train_log_mse=0.11539  val_log_mse=8.38409  val_mse=0.046900  max_grad=48.47  patience=7/30
2026-10-08 05:52:43,831  gsv3.training             INFO     [family_holdout:qnn] epoch 0007  train_log_mse=0.15717  val_log_mse=3.94071  val_mse=0.014096  max_grad=73.26  patience=2/30
2026-10-08 05:53:29,748  gsv3.training             INFO     [family_holdout:iqpe] epoch 0008  train_log_mse=0.12141  val_log_mse=4.87144  val_mse=0.007880  max_grad=67.34  patience=5/30
2026-10-08 05:53:37,758  gsv3.training             INFO     [family_holdout:qaoa] epoch 0010  train_log_mse=0.09092  val_log_mse=4.59936  val_mse=0.010088  max_grad=67.53  patience=7/30
2026-10-08 05:53:53,604  gsv3.training             INFO     [family_holdout:randomcircuit] epoch 0009  train_log_mse=0.10519  val_log_mse=8.51347  val_mse=0.047864  max_grad=55.42  patience=8/30
2026-10-08 05:54:13,180  gsv3.training             INFO     [family_holdout:qnn] epoch 0008  train_log_mse=0.16077  val_log_mse=3.58544  val_mse=0.014307  max_grad=84.71  patience=3/30
2026-10-08 05:54:45,315  gsv3.training             INFO     [family_holdout:qaoa] epoch 0011  train_log_mse=0.07179  val_log_mse=4.86641  val_mse=0.007942  max_grad=52.83  patience=8/30
2026-10-08 05:54:53,193  gsv3.training             INFO     [family_holdout:iqpe] epoch 0009  train_log_mse=0.10386  val_log_mse=5.76225  val_mse=0.006348  max_grad=58.44  patience=6/30
2026-10-08 05:55:10,641  gsv3.training             INFO     [family_holdout:randomcircuit] epoch 0010  train_log_mse=0.10126  val_log_mse=9.03935  val_mse=0.053996  max_grad=48.79  patience=9/30
2026-10-08 05:55:42,872  gsv3.training             INFO     [family_holdout:qnn] epoch 0009  train_log_mse=0.11842  val_log_mse=3.75531  val_mse=0.014043  max_grad=76.46  patience=4/30
2026-10-08 05:55:52,964  gsv3.training             INFO     [family_holdout:qaoa] epoch 0012  train_log_mse=0.07897  val_log_mse=5.05691  val_mse=0.012219  max_grad=82.00  patience=9/30
2026-10-08 05:56:17,015  gsv3.training             INFO     [family_holdout:iqpe] epoch 0010  train_log_mse=0.09889  val_log_mse=5.56389  val_mse=0.006832  max_grad=58.80  patience=7/30
2026-10-08 05:56:27,829  gsv3.training             INFO     [family_holdout:randomcircuit] epoch 0011  train_log_mse=0.10226  val_log_mse=8.71576  val_mse=0.049211  max_grad=53.72  patience=10/30
2026-10-08 05:57:00,842  gsv3.training             INFO     [family_holdout:qaoa] epoch 0013  train_log_mse=0.06242  val_log_mse=5.22404  val_mse=0.008363  max_grad=57.94  patience=10/30
2026-10-08 05:57:12,364  gsv3.training             INFO     [family_holdout:qnn] epoch 0010  train_log_mse=0.14127  val_log_mse=4.04658  val_mse=0.014030  max_grad=71.52  patience=5/30
2026-10-08 05:57:40,806  gsv3.training             INFO     [family_holdout:iqpe] epoch 0011  train_log_mse=0.08516  val_log_mse=5.06364  val_mse=0.007301  max_grad=49.78  patience=8/30
2026-10-08 05:57:45,020  gsv3.training             INFO     [family_holdout:randomcircuit] epoch 0012  train_log_mse=0.10012  val_log_mse=8.97298  val_mse=0.053767  max_grad=50.72  patience=11/30
2026-10-08 05:58:08,741  gsv3.training             INFO     [family_holdout:qaoa] epoch 0014  train_log_mse=0.06303  val_log_mse=4.87157  val_mse=0.009388  max_grad=41.44  patience=11/30
2026-10-08 05:58:41,583  gsv3.training             INFO     [family_holdout:qnn] epoch 0011  train_log_mse=0.10443  val_log_mse=4.07096  val_mse=0.015687  max_grad=62.00  patience=6/30
2026-10-08 05:59:01,994  gsv3.training             INFO     [family_holdout:randomcircuit] epoch 0013  train_log_mse=0.09817  val_log_mse=8.50221  val_mse=0.048240  max_grad=58.32  patience=12/30
2026-10-08 05:59:04,383  gsv3.training             INFO     [family_holdout:iqpe] epoch 0012  train_log_mse=0.08335  val_log_mse=4.99559  val_mse=0.006671  max_grad=41.04  patience=9/30
2026-10-08 05:59:16,707  gsv3.training             INFO     [family_holdout:qaoa] epoch 0015  train_log_mse=0.05993  val_log_mse=5.13772  val_mse=0.010052  max_grad=31.67  patience=12/30
2026-10-08 06:00:11,106  gsv3.training             INFO     [family_holdout:qnn] epoch 0012  train_log_mse=0.11676  val_log_mse=4.08824  val_mse=0.014502  max_grad=78.52  patience=7/30
2026-10-08 06:00:19,174  gsv3.training             INFO     [family_holdout:randomcircuit] epoch 0014  train_log_mse=0.08335  val_log_mse=8.84738  val_mse=0.051968  max_grad=43.63  patience=13/30
2026-10-08 06:00:24,931  gsv3.training             INFO     [family_holdout:qaoa] epoch 0016  train_log_mse=0.05914  val_log_mse=5.03438  val_mse=0.008913  max_grad=37.70  patience=13/30
2026-10-08 06:00:27,987  gsv3.training             INFO     [family_holdout:iqpe] epoch 0013  train_log_mse=0.07894  val_log_mse=4.31642  val_mse=0.006636  max_grad=35.27  patience=10/30
2026-10-08 06:01:32,564  gsv3.training             INFO     [family_holdout:qaoa] epoch 0017  train_log_mse=0.06217  val_log_mse=5.80409  val_mse=0.010045  max_grad=72.29  patience=14/30
2026-10-08 06:01:36,354  gsv3.training             INFO     [family_holdout:randomcircuit] epoch 0015  train_log_mse=0.09113  val_log_mse=8.31395  val_mse=0.045555  max_grad=113.53  patience=14/30
2026-10-08 06:01:40,538  gsv3.training             INFO     [family_holdout:qnn] epoch 0013  train_log_mse=0.09431  val_log_mse=4.16315  val_mse=0.013477  max_grad=59.44  patience=0/30
2026-10-08 06:01:51,388  gsv3.training             INFO     [family_holdout:iqpe] epoch 0014  train_log_mse=0.08596  val_log_mse=4.45266  val_mse=0.007491  max_grad=44.87  patience=11/30
2026-10-08 06:02:40,611  gsv3.training             INFO     [family_holdout:qaoa] epoch 0018  train_log_mse=0.05465  val_log_mse=4.72408  val_mse=0.008796  max_grad=29.12  patience=15/30
2026-10-08 06:02:53,813  gsv3.training             INFO     [family_holdout:randomcircuit] epoch 0016  train_log_mse=0.07035  val_log_mse=8.52134  val_mse=0.046970  max_grad=35.30  patience=15/30
2026-10-08 06:03:09,752  gsv3.training             INFO     [family_holdout:qnn] epoch 0014  train_log_mse=0.09813  val_log_mse=3.72511  val_mse=0.011687  max_grad=112.45  patience=0/30
2026-10-08 06:03:14,882  gsv3.training             INFO     [family_holdout:iqpe] epoch 0015  train_log_mse=0.07498  val_log_mse=5.29936  val_mse=0.005418  max_grad=35.23  patience=12/30
2026-10-08 06:03:48,752  gsv3.training             INFO     [family_holdout:qaoa] epoch 0019  train_log_mse=0.06178  val_log_mse=5.70715  val_mse=0.010709  max_grad=55.03  patience=16/30
2026-10-08 06:04:11,300  gsv3.training             INFO     [family_holdout:randomcircuit] epoch 0017  train_log_mse=0.07651  val_log_mse=8.35019  val_mse=0.046255  max_grad=45.83  patience=16/30
2026-10-08 06:04:37,861  gsv3.training             INFO     [family_holdout:iqpe] epoch 0016  train_log_mse=0.07059  val_log_mse=5.51043  val_mse=0.005528  max_grad=53.68  patience=13/30
2026-10-08 06:04:39,106  gsv3.training             INFO     [family_holdout:qnn] epoch 0015  train_log_mse=0.08540  val_log_mse=3.44265  val_mse=0.012306  max_grad=59.35  patience=1/30
2026-10-08 06:04:56,866  gsv3.training             INFO     [family_holdout:qaoa] epoch 0020  train_log_mse=0.05346  val_log_mse=5.00997  val_mse=0.009773  max_grad=37.45  patience=17/30
2026-10-08 06:05:29,160  gsv3.training             INFO     [family_holdout:randomcircuit] epoch 0018  train_log_mse=0.07125  val_log_mse=8.45485  val_mse=0.045437  max_grad=40.57  patience=17/30
2026-10-08 06:06:01,622  gsv3.training             INFO     [family_holdout:iqpe] epoch 0017  train_log_mse=0.06525  val_log_mse=5.08290  val_mse=0.005829  max_grad=29.38  patience=14/30
2026-10-08 06:06:04,806  gsv3.training             INFO     [family_holdout:qaoa] epoch 0021  train_log_mse=0.04971  val_log_mse=5.37349  val_mse=0.011518  max_grad=39.46  patience=18/30
2026-10-08 06:06:09,066  gsv3.training             INFO     [family_holdout:qnn] epoch 0016  train_log_mse=0.07332  val_log_mse=3.99097  val_mse=0.013100  max_grad=62.33  patience=2/30
2026-10-08 06:06:46,495  gsv3.training             INFO     [family_holdout:randomcircuit] epoch 0019  train_log_mse=0.06542  val_log_mse=8.33750  val_mse=0.044357  max_grad=40.33  patience=18/30
2026-10-08 06:07:12,780  gsv3.training             INFO     [family_holdout:qaoa] epoch 0022  train_log_mse=0.04064  val_log_mse=4.68106  val_mse=0.009522  max_grad=25.66  patience=19/30
2026-10-08 06:07:24,569  gsv3.training             INFO     [family_holdout:iqpe] epoch 0018  train_log_mse=0.06140  val_log_mse=4.40163  val_mse=0.006883  max_grad=32.75  patience=15/30
2026-10-08 06:07:38,700  gsv3.training             INFO     [family_holdout:qnn] epoch 0017  train_log_mse=0.07667  val_log_mse=3.48342  val_mse=0.012219  max_grad=31.43  patience=3/30
2026-10-08 06:08:03,734  gsv3.training             INFO     [family_holdout:randomcircuit] epoch 0020  train_log_mse=0.06473  val_log_mse=8.37108  val_mse=0.046435  max_grad=51.70  patience=19/30
2026-10-08 06:08:20,706  gsv3.training             INFO     [family_holdout:qaoa] epoch 0023  train_log_mse=0.04831  val_log_mse=4.72572  val_mse=0.009566  max_grad=30.09  patience=20/30
2026-10-08 06:08:48,075  gsv3.training             INFO     [family_holdout:iqpe] epoch 0019  train_log_mse=0.05988  val_log_mse=5.37798  val_mse=0.005139  max_grad=64.08  patience=0/30
2026-10-08 06:09:08,542  gsv3.training             INFO     [family_holdout:qnn] epoch 0018  train_log_mse=0.08792  val_log_mse=4.16516  val_mse=0.013130  max_grad=60.76  patience=4/30
2026-10-08 06:09:21,254  gsv3.training             INFO     [family_holdout:randomcircuit] epoch 0021  train_log_mse=0.06869  val_log_mse=8.62857  val_mse=0.046746  max_grad=41.01  patience=20/30
2026-10-08 06:09:28,446  gsv3.training             INFO     [family_holdout:qaoa] epoch 0024  train_log_mse=0.03544  val_log_mse=5.24558  val_mse=0.010040  max_grad=23.88  patience=21/30
2026-10-08 06:10:11,073  gsv3.training             INFO     [family_holdout:iqpe] epoch 0020  train_log_mse=0.05869  val_log_mse=4.35951  val_mse=0.006357  max_grad=51.39  patience=1/30
2026-10-08 06:10:36,201  gsv3.training             INFO     [family_holdout:qaoa] epoch 0025  train_log_mse=0.04441  val_log_mse=4.66583  val_mse=0.009398  max_grad=31.43  patience=22/30
2026-10-08 06:10:38,082  gsv3.training             INFO     [family_holdout:randomcircuit] epoch 0022  train_log_mse=0.07710  val_log_mse=8.19968  val_mse=0.042431  max_grad=46.06  patience=21/30
2026-10-08 06:10:38,479  gsv3.training             INFO     [family_holdout:qnn] epoch 0019  train_log_mse=0.07852  val_log_mse=3.43405  val_mse=0.012749  max_grad=46.09  patience=5/30
2026-10-08 06:11:34,881  gsv3.training             INFO     [family_holdout:iqpe] epoch 0021  train_log_mse=0.05169  val_log_mse=5.20724  val_mse=0.006093  max_grad=27.23  patience=2/30
2026-10-08 06:11:43,906  gsv3.training             INFO     [family_holdout:qaoa] epoch 0026  train_log_mse=0.04001  val_log_mse=5.14302  val_mse=0.009748  max_grad=18.74  patience=23/30
2026-10-08 06:11:55,314  gsv3.training             INFO     [family_holdout:randomcircuit] epoch 0023  train_log_mse=0.07958  val_log_mse=8.43823  val_mse=0.045459  max_grad=44.83  patience=22/30
2026-10-08 06:12:08,451  gsv3.training             INFO     [family_holdout:qnn] epoch 0020  train_log_mse=0.06963  val_log_mse=3.58822  val_mse=0.011670  max_grad=34.70  patience=0/30
2026-10-08 06:12:51,363  gsv3.training             INFO     [family_holdout:qaoa] epoch 0027  train_log_mse=0.04157  val_log_mse=5.65726  val_mse=0.011617  max_grad=58.31  patience=24/30
2026-10-08 06:12:59,013  gsv3.training             INFO     [family_holdout:iqpe] epoch 0022  train_log_mse=0.05214  val_log_mse=4.84570  val_mse=0.005918  max_grad=31.17  patience=3/30
2026-10-08 06:13:12,620  gsv3.training             INFO     [family_holdout:randomcircuit] epoch 0024  train_log_mse=0.06785  val_log_mse=7.98587  val_mse=0.041277  max_grad=39.43  patience=0/30
2026-10-08 06:13:38,140  gsv3.training             INFO     [family_holdout:qnn] epoch 0021  train_log_mse=0.07842  val_log_mse=3.32250  val_mse=0.011772  max_grad=53.45  patience=1/30
2026-10-08 06:13:59,316  gsv3.training             INFO     [family_holdout:qaoa] epoch 0028  train_log_mse=0.04171  val_log_mse=4.89259  val_mse=0.009349  max_grad=29.23  patience=25/30
2026-10-08 06:14:22,928  gsv3.training             INFO     [family_holdout:iqpe] epoch 0023  train_log_mse=0.05699  val_log_mse=5.09216  val_mse=0.005666  max_grad=32.81  patience=4/30
2026-10-08 06:14:29,990  gsv3.training             INFO     [family_holdout:randomcircuit] epoch 0025  train_log_mse=0.05573  val_log_mse=7.92483  val_mse=0.042760  max_grad=27.66  patience=1/30
2026-10-08 06:15:07,295  gsv3.training             INFO     [family_holdout:qaoa] epoch 0029  train_log_mse=0.03462  val_log_mse=5.27299  val_mse=0.010317  max_grad=20.23  patience=26/30
2026-10-08 06:15:08,660  gsv3.training             INFO     [family_holdout:qnn] epoch 0022  train_log_mse=0.07197  val_log_mse=3.61797  val_mse=0.012797  max_grad=41.34  patience=2/30
2026-10-08 06:15:46,792  gsv3.training             INFO     [family_holdout:iqpe] epoch 0024  train_log_mse=0.06330  val_log_mse=4.91845  val_mse=0.005505  max_grad=60.66  patience=5/30
2026-10-08 06:15:47,583  gsv3.training             INFO     [family_holdout:randomcircuit] epoch 0026  train_log_mse=0.05757  val_log_mse=8.02810  val_mse=0.043156  max_grad=31.35  patience=2/30
2026-10-08 06:16:15,106  gsv3.training             INFO     [family_holdout:qaoa] epoch 0030  train_log_mse=0.03909  val_log_mse=5.18996  val_mse=0.010690  max_grad=21.37  patience=27/30
2026-10-08 06:16:38,645  gsv3.training             INFO     [family_holdout:qnn] epoch 0023  train_log_mse=0.07411  val_log_mse=3.37590  val_mse=0.011025  max_grad=66.89  patience=0/30
2026-10-08 06:17:04,960  gsv3.training             INFO     [family_holdout:randomcircuit] epoch 0027  train_log_mse=0.05876  val_log_mse=7.93660  val_mse=0.040812  max_grad=34.69  patience=0/30
2026-10-08 06:17:09,944  gsv3.training             INFO     [family_holdout:iqpe] epoch 0025  train_log_mse=0.05111  val_log_mse=4.54134  val_mse=0.005593  max_grad=27.12  patience=6/30
2026-10-08 06:17:23,386  gsv3.training             INFO     [family_holdout:qaoa] epoch 0031  train_log_mse=0.03462  val_log_mse=4.93494  val_mse=0.009627  max_grad=21.06  patience=28/30
2026-10-08 06:18:08,295  gsv3.training             INFO     [family_holdout:qnn] epoch 0024  train_log_mse=0.06694  val_log_mse=3.32388  val_mse=0.012503  max_grad=46.83  patience=1/30
2026-10-08 06:18:22,102  gsv3.training             INFO     [family_holdout:randomcircuit] epoch 0028  train_log_mse=0.05490  val_log_mse=8.03109  val_mse=0.043056  max_grad=39.77  patience=1/30
2026-10-08 06:18:31,411  gsv3.training             INFO     [family_holdout:qaoa] epoch 0032  train_log_mse=0.03730  val_log_mse=5.18981  val_mse=0.010200  max_grad=37.38  patience=29/30
2026-10-08 06:18:33,648  gsv3.training             INFO     [family_holdout:iqpe] epoch 0026  train_log_mse=0.05197  val_log_mse=4.61390  val_mse=0.005400  max_grad=24.78  patience=7/30
2026-10-08 06:19:38,026  gsv3.training             INFO     [family_holdout:qnn] epoch 0025  train_log_mse=0.05900  val_log_mse=3.22798  val_mse=0.011564  max_grad=39.61  patience=2/30
2026-10-08 06:19:39,383  gsv3.training             INFO     [family_holdout:qaoa] epoch 0033  train_log_mse=0.03478  val_log_mse=4.82758  val_mse=0.012371  max_grad=21.76  patience=30/30
2026-10-08 06:19:39,428  gsv3.training             INFO     [family_holdout:randomcircuit] epoch 0029  train_log_mse=0.05270  val_log_mse=7.81973  val_mse=0.039482  max_grad=36.60  patience=0/30
2026-10-08 06:19:47,957  gsv3.experiment           INFO     [qaoa] TEST  n=2706  MAE=0.0544  R2=0.9293  device-acc=0.202  regret=0.0231
2026-10-08 06:19:47,961  genstudy.io               INFO     Wrote evaluations/generalization_v3/results/xattn_a00_s7/leave_one_family_out/qaoa/metrics.json
2026-10-08 06:19:47,976  genstudy.io               INFO     Wrote evaluations/generalization_v3/results/xattn_a00_s7/leave_one_family_out/qaoa/predictions.json
2026-10-08 06:19:47,987  genstudy.io               INFO     Wrote evaluations/generalization_v3/results/xattn_a00_s7/leave_one_family_out/qaoa/history.json
2026-10-08 06:19:48,009  genstudy.io               INFO     Wrote evaluations/generalization_v3/results/xattn_a00_s7/leave_one_family_out/folds.json
2026-10-08 06:19:48,015  genstudy.experiment       INFO     Merged held-out predictions for 2706 circuits
2026-10-08 06:19:48,027  genstudy.io               INFO     Wrote evaluations/generalization_v3/results/xattn_a00_s7/leave_one_family_out/heldout_predictions.json
2026-10-08 06:19:48,027  run_experiment            INFO     leave_one_family_out finished: 1 complete, 0 skipped
2026-10-08 06:19:56,981  gsv3.training             INFO     [family_holdout:iqpe] epoch 0027  train_log_mse=0.05388  val_log_mse=5.20530  val_mse=0.005256  max_grad=40.37  patience=8/30
2026-10-08 06:20:56,167  gsv3.training             INFO     [family_holdout:randomcircuit] epoch 0030  train_log_mse=0.04876  val_log_mse=7.84564  val_mse=0.040945  max_grad=48.85  patience=1/30
2026-10-08 06:21:02,689  gsv3.training             INFO     [family_holdout:qnn] epoch 0026  train_log_mse=0.07252  val_log_mse=3.39121  val_mse=0.011017  max_grad=46.53  patience=0/30
2026-10-08 06:21:19,808  gsv3.training             INFO     [family_holdout:iqpe] epoch 0028  train_log_mse=0.04280  val_log_mse=4.64942  val_mse=0.004886  max_grad=28.63  patience=0/30
2026-10-08 06:22:12,685  gsv3.training             INFO     [family_holdout:randomcircuit] epoch 0031  train_log_mse=0.05337  val_log_mse=8.26529  val_mse=0.043908  max_grad=36.28  patience=2/30
2026-10-08 06:22:26,404  gsv3.training             INFO     [family_holdout:qnn] epoch 0027  train_log_mse=0.06172  val_log_mse=3.71859  val_mse=0.011348  max_grad=35.76  patience=1/30
2026-10-08 06:22:42,390  gsv3.training             INFO     [family_holdout:iqpe] epoch 0029  train_log_mse=0.04442  val_log_mse=4.22308  val_mse=0.005881  max_grad=17.83  patience=1/30
2026-10-08 06:23:29,087  gsv3.training             INFO     [family_holdout:randomcircuit] epoch 0032  train_log_mse=0.04972  val_log_mse=7.89462  val_mse=0.041050  max_grad=30.20  patience=3/30
2026-10-08 06:23:50,207  gsv3.training             INFO     [family_holdout:qnn] epoch 0028  train_log_mse=0.06212  val_log_mse=3.43424  val_mse=0.010658  max_grad=39.47  patience=0/30
2026-10-08 06:24:04,886  gsv3.training             INFO     [family_holdout:iqpe] epoch 0030  train_log_mse=0.04461  val_log_mse=4.81506  val_mse=0.005477  max_grad=56.05  patience=2/30
2026-10-08 06:24:45,499  gsv3.training             INFO     [family_holdout:randomcircuit] epoch 0033  train_log_mse=0.04746  val_log_mse=7.44000  val_mse=0.037407  max_grad=29.15  patience=0/30
2026-10-08 06:25:13,986  gsv3.training             INFO     [family_holdout:qnn] epoch 0029  train_log_mse=0.05008  val_log_mse=3.28813  val_mse=0.011537  max_grad=24.30  patience=1/30
2026-10-08 06:25:27,101  gsv3.training             INFO     [family_holdout:iqpe] epoch 0031  train_log_mse=0.04337  val_log_mse=4.73283  val_mse=0.005095  max_grad=24.53  patience=3/30
2026-10-08 06:26:01,830  gsv3.training             INFO     [family_holdout:randomcircuit] epoch 0034  train_log_mse=0.05040  val_log_mse=7.62081  val_mse=0.039493  max_grad=33.98  patience=1/30
2026-10-08 06:26:37,999  gsv3.training             INFO     [family_holdout:qnn] epoch 0030  train_log_mse=0.05485  val_log_mse=3.49385  val_mse=0.011967  max_grad=39.94  patience=2/30
2026-10-08 06:26:50,088  gsv3.training             INFO     [family_holdout:iqpe] epoch 0032  train_log_mse=0.04808  val_log_mse=4.49317  val_mse=0.006029  max_grad=26.68  patience=4/30
2026-10-08 06:27:18,009  gsv3.training             INFO     [family_holdout:randomcircuit] epoch 0035  train_log_mse=0.05565  val_log_mse=7.30550  val_mse=0.037513  max_grad=36.80  patience=2/30
2026-10-08 06:28:01,997  gsv3.training             INFO     [family_holdout:qnn] epoch 0031  train_log_mse=0.05310  val_log_mse=3.19176  val_mse=0.011746  max_grad=40.51  patience=3/30
2026-10-08 06:28:12,029  gsv3.training             INFO     [family_holdout:iqpe] epoch 0033  train_log_mse=0.05424  val_log_mse=5.01021  val_mse=0.004636  max_grad=29.31  patience=0/30
2026-10-08 06:28:34,307  gsv3.training             INFO     [family_holdout:randomcircuit] epoch 0036  train_log_mse=0.05067  val_log_mse=7.40205  val_mse=0.037340  max_grad=38.95  patience=0/30
2026-10-08 06:29:26,146  gsv3.training             INFO     [family_holdout:qnn] epoch 0032  train_log_mse=0.05495  val_log_mse=3.44219  val_mse=0.011193  max_grad=31.39  patience=4/30
2026-10-08 06:29:34,518  gsv3.training             INFO     [family_holdout:iqpe] epoch 0034  train_log_mse=0.04476  val_log_mse=5.01889  val_mse=0.005223  max_grad=28.80  patience=1/30
2026-10-08 06:29:50,548  gsv3.training             INFO     [family_holdout:randomcircuit] epoch 0037  train_log_mse=0.04739  val_log_mse=7.45288  val_mse=0.036949  max_grad=50.45  patience=0/30
2026-10-08 06:30:50,392  gsv3.training             INFO     [family_holdout:qnn] epoch 0033  train_log_mse=0.04603  val_log_mse=3.55247  val_mse=0.012024  max_grad=39.49  patience=5/30
2026-10-08 06:30:56,946  gsv3.training             INFO     [family_holdout:iqpe] epoch 0035  train_log_mse=0.04463  val_log_mse=4.07532  val_mse=0.005437  max_grad=37.47  patience=2/30
2026-10-08 06:31:06,920  gsv3.training             INFO     [family_holdout:randomcircuit] epoch 0038  train_log_mse=0.04657  val_log_mse=7.85168  val_mse=0.040204  max_grad=34.50  patience=1/30
2026-10-08 06:32:14,220  gsv3.training             INFO     [family_holdout:qnn] epoch 0034  train_log_mse=0.05237  val_log_mse=3.34021  val_mse=0.011887  max_grad=41.44  patience=6/30
2026-10-08 06:32:19,045  gsv3.training             INFO     [family_holdout:iqpe] epoch 0036  train_log_mse=0.04223  val_log_mse=4.35787  val_mse=0.005558  max_grad=21.61  patience=3/30
2026-10-08 06:32:22,675  gsv3.training             INFO     [family_holdout:randomcircuit] epoch 0039  train_log_mse=0.05405  val_log_mse=7.50170  val_mse=0.038771  max_grad=36.54  patience=2/30
2026-10-08 06:33:38,455  gsv3.training             INFO     [family_holdout:qnn] epoch 0035  train_log_mse=0.05218  val_log_mse=3.17742  val_mse=0.009916  max_grad=35.56  patience=0/30
2026-10-08 06:33:38,753  gsv3.training             INFO     [family_holdout:randomcircuit] epoch 0040  train_log_mse=0.04839  val_log_mse=7.52620  val_mse=0.037558  max_grad=26.74  patience=3/30
2026-10-08 06:33:41,187  gsv3.training             INFO     [family_holdout:iqpe] epoch 0037  train_log_mse=0.03734  val_log_mse=4.78916  val_mse=0.004887  max_grad=23.34  patience=4/30
2026-10-08 06:34:55,024  gsv3.training             INFO     [family_holdout:randomcircuit] epoch 0041  train_log_mse=0.04500  val_log_mse=7.43387  val_mse=0.037288  max_grad=28.70  patience=4/30
2026-10-08 06:35:02,431  gsv3.training             INFO     [family_holdout:qnn] epoch 0036  train_log_mse=0.04788  val_log_mse=3.42555  val_mse=0.011912  max_grad=26.64  patience=1/30
2026-10-08 06:35:03,234  gsv3.training             INFO     [family_holdout:iqpe] epoch 0038  train_log_mse=0.04121  val_log_mse=4.86947  val_mse=0.004981  max_grad=20.94  patience=5/30
2026-10-08 06:36:11,023  gsv3.training             INFO     [family_holdout:randomcircuit] epoch 0042  train_log_mse=0.04005  val_log_mse=7.39847  val_mse=0.037839  max_grad=21.91  patience=5/30
2026-10-08 06:36:25,057  gsv3.training             INFO     [family_holdout:iqpe] epoch 0039  train_log_mse=0.04348  val_log_mse=4.24227  val_mse=0.005217  max_grad=28.18  patience=6/30
2026-10-08 06:36:26,333  gsv3.training             INFO     [family_holdout:qnn] epoch 0037  train_log_mse=0.05176  val_log_mse=3.69244  val_mse=0.013486  max_grad=30.05  patience=2/30
2026-10-08 06:37:27,208  gsv3.training             INFO     [family_holdout:randomcircuit] epoch 0043  train_log_mse=0.04786  val_log_mse=7.29477  val_mse=0.036561  max_grad=40.36  patience=0/30
2026-10-08 06:37:47,001  gsv3.training             INFO     [family_holdout:iqpe] epoch 0040  train_log_mse=0.04726  val_log_mse=4.91140  val_mse=0.005177  max_grad=33.10  patience=7/30
2026-10-08 06:37:50,491  gsv3.training             INFO     [family_holdout:qnn] epoch 0038  train_log_mse=0.04380  val_log_mse=3.36512  val_mse=0.012199  max_grad=24.38  patience=3/30
2026-10-08 06:38:43,074  gsv3.training             INFO     [family_holdout:randomcircuit] epoch 0044  train_log_mse=0.04528  val_log_mse=7.27368  val_mse=0.036916  max_grad=39.48  patience=1/30
2026-10-08 06:39:08,860  gsv3.training             INFO     [family_holdout:iqpe] epoch 0041  train_log_mse=0.03998  val_log_mse=4.91615  val_mse=0.004942  max_grad=31.98  patience=8/30
2026-10-08 06:39:14,519  gsv3.training             INFO     [family_holdout:qnn] epoch 0039  train_log_mse=0.04781  val_log_mse=3.78283  val_mse=0.012501  max_grad=24.97  patience=4/30
2026-10-08 06:39:59,476  gsv3.training             INFO     [family_holdout:randomcircuit] epoch 0045  train_log_mse=0.04600  val_log_mse=7.01848  val_mse=0.035458  max_grad=31.02  patience=0/30
2026-10-08 06:40:31,152  gsv3.training             INFO     [family_holdout:iqpe] epoch 0042  train_log_mse=0.04261  val_log_mse=5.00246  val_mse=0.005134  max_grad=24.90  patience=9/30
2026-10-08 06:40:38,399  gsv3.training             INFO     [family_holdout:qnn] epoch 0040  train_log_mse=0.04409  val_log_mse=3.52376  val_mse=0.012564  max_grad=22.59  patience=5/30
2026-10-08 06:41:15,787  gsv3.training             INFO     [family_holdout:randomcircuit] epoch 0046  train_log_mse=0.04378  val_log_mse=6.89666  val_mse=0.034762  max_grad=37.67  patience=0/30
2026-10-08 06:41:53,547  gsv3.training             INFO     [family_holdout:iqpe] epoch 0043  train_log_mse=0.04152  val_log_mse=4.54891  val_mse=0.004634  max_grad=24.02  patience=0/30
2026-10-08 06:42:02,122  gsv3.training             INFO     [family_holdout:qnn] epoch 0041  train_log_mse=0.04287  val_log_mse=3.64930  val_mse=0.011359  max_grad=29.25  patience=6/30
2026-10-08 06:42:32,269  gsv3.training             INFO     [family_holdout:randomcircuit] epoch 0047  train_log_mse=0.03899  val_log_mse=7.35630  val_mse=0.037504  max_grad=35.02  patience=1/30
2026-10-08 06:43:15,722  gsv3.training             INFO     [family_holdout:iqpe] epoch 0044  train_log_mse=0.03909  val_log_mse=4.62124  val_mse=0.005040  max_grad=34.29  patience=1/30
2026-10-08 06:43:26,265  gsv3.training             INFO     [family_holdout:qnn] epoch 0042  train_log_mse=0.04316  val_log_mse=3.88161  val_mse=0.011259  max_grad=28.51  patience=7/30
2026-10-08 06:43:48,582  gsv3.training             INFO     [family_holdout:randomcircuit] epoch 0048  train_log_mse=0.03992  val_log_mse=7.20617  val_mse=0.037679  max_grad=28.84  patience=2/30
2026-10-08 06:44:38,236  gsv3.training             INFO     [family_holdout:iqpe] epoch 0045  train_log_mse=0.03662  val_log_mse=4.65431  val_mse=0.004996  max_grad=23.72  patience=2/30
2026-10-08 06:44:50,408  gsv3.training             INFO     [family_holdout:qnn] epoch 0043  train_log_mse=0.04487  val_log_mse=3.24736  val_mse=0.012451  max_grad=28.86  patience=8/30
2026-10-08 06:45:04,954  gsv3.training             INFO     [family_holdout:randomcircuit] epoch 0049  train_log_mse=0.04546  val_log_mse=7.31456  val_mse=0.037329  max_grad=37.31  patience=3/30
2026-10-08 06:46:00,508  gsv3.training             INFO     [family_holdout:iqpe] epoch 0046  train_log_mse=0.03739  val_log_mse=4.12239  val_mse=0.005732  max_grad=15.78  patience=3/30
2026-10-08 06:46:14,360  gsv3.training             INFO     [family_holdout:qnn] epoch 0044  train_log_mse=0.04746  val_log_mse=3.39318  val_mse=0.012677  max_grad=42.75  patience=9/30
2026-10-08 06:46:21,046  gsv3.training             INFO     [family_holdout:randomcircuit] epoch 0050  train_log_mse=0.03778  val_log_mse=7.22362  val_mse=0.036344  max_grad=30.87  patience=4/30
2026-10-08 06:47:22,918  gsv3.training             INFO     [family_holdout:iqpe] epoch 0047  train_log_mse=0.03593  val_log_mse=4.59890  val_mse=0.004645  max_grad=36.39  patience=4/30
2026-10-08 06:47:37,067  gsv3.training             INFO     [family_holdout:randomcircuit] epoch 0051  train_log_mse=0.03999  val_log_mse=7.25359  val_mse=0.035550  max_grad=26.34  patience=5/30
2026-10-08 06:47:38,537  gsv3.training             INFO     [family_holdout:qnn] epoch 0045  train_log_mse=0.03984  val_log_mse=3.34296  val_mse=0.010311  max_grad=32.84  patience=10/30
2026-10-08 06:48:45,104  gsv3.training             INFO     [family_holdout:iqpe] epoch 0048  train_log_mse=0.04045  val_log_mse=4.43996  val_mse=0.005021  max_grad=27.04  patience=5/30
2026-10-08 06:48:53,060  gsv3.training             INFO     [family_holdout:randomcircuit] epoch 0052  train_log_mse=0.04131  val_log_mse=7.05635  val_mse=0.035404  max_grad=30.81  patience=6/30
2026-10-08 06:49:02,665  gsv3.training             INFO     [family_holdout:qnn] epoch 0046  train_log_mse=0.04212  val_log_mse=3.53741  val_mse=0.011809  max_grad=30.49  patience=11/30
2026-10-08 06:50:08,241  gsv3.training             INFO     [family_holdout:iqpe] epoch 0049  train_log_mse=0.03512  val_log_mse=4.61355  val_mse=0.004853  max_grad=23.13  patience=6/30
2026-10-08 06:50:09,566  gsv3.training             INFO     [family_holdout:randomcircuit] epoch 0053  train_log_mse=0.04120  val_log_mse=7.04048  val_mse=0.035663  max_grad=28.52  patience=7/30
2026-10-08 06:50:26,395  gsv3.training             INFO     [family_holdout:qnn] epoch 0047  train_log_mse=0.04302  val_log_mse=3.64949  val_mse=0.012547  max_grad=23.31  patience=12/30
2026-10-08 06:51:25,691  gsv3.training             INFO     [family_holdout:randomcircuit] epoch 0054  train_log_mse=0.03946  val_log_mse=6.69387  val_mse=0.033932  max_grad=35.80  patience=0/30
2026-10-08 06:51:30,641  gsv3.training             INFO     [family_holdout:iqpe] epoch 0050  train_log_mse=0.03479  val_log_mse=5.30529  val_mse=0.004911  max_grad=36.51  patience=7/30
2026-10-08 06:51:50,752  gsv3.training             INFO     [family_holdout:qnn] epoch 0048  train_log_mse=0.03911  val_log_mse=3.51906  val_mse=0.011938  max_grad=27.44  patience=13/30
2026-10-08 06:52:41,446  gsv3.training             INFO     [family_holdout:randomcircuit] epoch 0055  train_log_mse=0.03972  val_log_mse=7.07669  val_mse=0.035787  max_grad=30.69  patience=1/30
2026-10-08 06:52:52,737  gsv3.training             INFO     [family_holdout:iqpe] epoch 0051  train_log_mse=0.03626  val_log_mse=4.30367  val_mse=0.005722  max_grad=23.15  patience=8/30
2026-10-08 06:53:14,983  gsv3.training             INFO     [family_holdout:qnn] epoch 0049  train_log_mse=0.04594  val_log_mse=3.43652  val_mse=0.011043  max_grad=33.00  patience=14/30
2026-10-08 06:53:57,920  gsv3.training             INFO     [family_holdout:randomcircuit] epoch 0056  train_log_mse=0.03941  val_log_mse=7.12779  val_mse=0.036104  max_grad=28.67  patience=2/30
2026-10-08 06:54:14,986  gsv3.training             INFO     [family_holdout:iqpe] epoch 0052  train_log_mse=0.04051  val_log_mse=4.62206  val_mse=0.004943  max_grad=33.09  patience=9/30
2026-10-08 06:54:38,961  gsv3.training             INFO     [family_holdout:qnn] epoch 0050  train_log_mse=0.03700  val_log_mse=3.54048  val_mse=0.010893  max_grad=21.36  patience=15/30
2026-10-08 06:55:14,514  gsv3.training             INFO     [family_holdout:randomcircuit] epoch 0057  train_log_mse=0.03928  val_log_mse=6.99600  val_mse=0.035795  max_grad=29.01  patience=3/30
2026-10-08 06:55:37,399  gsv3.training             INFO     [family_holdout:iqpe] epoch 0053  train_log_mse=0.03444  val_log_mse=4.51132  val_mse=0.004471  max_grad=21.98  patience=0/30
2026-10-08 06:56:02,906  gsv3.training             INFO     [family_holdout:qnn] epoch 0051  train_log_mse=0.04146  val_log_mse=3.44280  val_mse=0.012440  max_grad=27.68  patience=16/30
2026-10-08 06:56:30,696  gsv3.training             INFO     [family_holdout:randomcircuit] epoch 0058  train_log_mse=0.03806  val_log_mse=6.96938  val_mse=0.035578  max_grad=25.23  patience=4/30
2026-10-08 06:56:59,589  gsv3.training             INFO     [family_holdout:iqpe] epoch 0054  train_log_mse=0.03195  val_log_mse=5.40914  val_mse=0.004196  max_grad=14.88  patience=0/30
2026-10-08 06:57:26,915  gsv3.training             INFO     [family_holdout:qnn] epoch 0052  train_log_mse=0.03832  val_log_mse=3.50529  val_mse=0.012584  max_grad=22.05  patience=17/30
2026-10-08 06:57:46,801  gsv3.training             INFO     [family_holdout:randomcircuit] epoch 0059  train_log_mse=0.03741  val_log_mse=7.15636  val_mse=0.038039  max_grad=25.21  patience=5/30
2026-10-08 06:58:21,240  gsv3.training             INFO     [family_holdout:iqpe] epoch 0055  train_log_mse=0.03722  val_log_mse=4.44343  val_mse=0.004516  max_grad=36.83  patience=1/30
2026-10-08 06:58:50,896  gsv3.training             INFO     [family_holdout:qnn] epoch 0053  train_log_mse=0.04014  val_log_mse=3.38189  val_mse=0.012195  max_grad=26.89  patience=18/30
2026-10-08 06:59:03,070  gsv3.training             INFO     [family_holdout:randomcircuit] epoch 0060  train_log_mse=0.03590  val_log_mse=6.70328  val_mse=0.034143  max_grad=19.96  patience=6/30
2026-10-08 06:59:43,046  gsv3.training             INFO     [family_holdout:iqpe] epoch 0056  train_log_mse=0.03546  val_log_mse=4.37569  val_mse=0.004886  max_grad=19.02  patience=2/30
2026-10-08 07:00:14,869  gsv3.training             INFO     [family_holdout:qnn] epoch 0054  train_log_mse=0.03724  val_log_mse=3.83663  val_mse=0.011796  max_grad=19.09  patience=19/30
2026-10-08 07:00:20,045  gsv3.training             INFO     [family_holdout:randomcircuit] epoch 0061  train_log_mse=0.03773  val_log_mse=6.84049  val_mse=0.033618  max_grad=22.96  patience=0/30
2026-10-08 07:01:05,629  gsv3.training             INFO     [family_holdout:iqpe] epoch 0057  train_log_mse=0.03356  val_log_mse=4.70607  val_mse=0.004858  max_grad=15.83  patience=3/30
2026-10-08 07:01:36,228  gsv3.training             INFO     [family_holdout:randomcircuit] epoch 0062  train_log_mse=0.03659  val_log_mse=6.94985  val_mse=0.035470  max_grad=24.05  patience=1/30
2026-10-08 07:01:38,420  gsv3.training             INFO     [family_holdout:qnn] epoch 0055  train_log_mse=0.03534  val_log_mse=3.52107  val_mse=0.012827  max_grad=23.79  patience=20/30
2026-10-08 07:02:27,539  gsv3.training             INFO     [family_holdout:iqpe] epoch 0058  train_log_mse=0.03154  val_log_mse=4.45129  val_mse=0.005027  max_grad=20.47  patience=4/30
2026-10-08 07:02:52,622  gsv3.training             INFO     [family_holdout:randomcircuit] epoch 0063  train_log_mse=0.03832  val_log_mse=6.56521  val_mse=0.033827  max_grad=25.33  patience=2/30
2026-10-08 07:03:02,331  gsv3.training             INFO     [family_holdout:qnn] epoch 0056  train_log_mse=0.03684  val_log_mse=4.00503  val_mse=0.012250  max_grad=26.35  patience=21/30
2026-10-08 07:03:49,764  gsv3.training             INFO     [family_holdout:iqpe] epoch 0059  train_log_mse=0.03546  val_log_mse=4.91103  val_mse=0.004432  max_grad=27.76  patience=5/30
2026-10-08 07:04:08,704  gsv3.training             INFO     [family_holdout:randomcircuit] epoch 0064  train_log_mse=0.03880  val_log_mse=6.60652  val_mse=0.034337  max_grad=27.78  patience=3/30
2026-10-08 07:04:26,464  gsv3.training             INFO     [family_holdout:qnn] epoch 0057  train_log_mse=0.03899  val_log_mse=3.39341  val_mse=0.013842  max_grad=31.54  patience=22/30
2026-10-08 07:05:11,648  gsv3.training             INFO     [family_holdout:iqpe] epoch 0060  train_log_mse=0.03187  val_log_mse=4.11007  val_mse=0.005076  max_grad=17.52  patience=6/30
2026-10-08 07:05:24,827  gsv3.training             INFO     [family_holdout:randomcircuit] epoch 0065  train_log_mse=0.03511  val_log_mse=7.03961  val_mse=0.036950  max_grad=29.63  patience=4/30
2026-10-08 07:05:50,606  gsv3.training             INFO     [family_holdout:qnn] epoch 0058  train_log_mse=0.03867  val_log_mse=3.64834  val_mse=0.010971  max_grad=29.93  patience=23/30
2026-10-08 07:06:33,358  gsv3.training             INFO     [family_holdout:iqpe] epoch 0061  train_log_mse=0.03190  val_log_mse=4.49564  val_mse=0.005281  max_grad=18.20  patience=7/30
2026-10-08 07:06:40,737  gsv3.training             INFO     [family_holdout:randomcircuit] epoch 0066  train_log_mse=0.03366  val_log_mse=6.40481  val_mse=0.034556  max_grad=22.23  patience=5/30
2026-10-08 07:07:14,850  gsv3.training             INFO     [family_holdout:qnn] epoch 0059  train_log_mse=0.03622  val_log_mse=3.44158  val_mse=0.012000  max_grad=18.87  patience=24/30
2026-10-08 07:07:55,815  gsv3.training             INFO     [family_holdout:iqpe] epoch 0062  train_log_mse=0.03147  val_log_mse=4.57121  val_mse=0.005053  max_grad=16.15  patience=8/30
2026-10-08 07:07:57,393  gsv3.training             INFO     [family_holdout:randomcircuit] epoch 0067  train_log_mse=0.03626  val_log_mse=6.43130  val_mse=0.032601  max_grad=27.05  patience=0/30
2026-10-08 07:08:39,808  gsv3.training             INFO     [family_holdout:qnn] epoch 0060  train_log_mse=0.04272  val_log_mse=3.45369  val_mse=0.011636  max_grad=32.11  patience=25/30
2026-10-08 07:09:17,227  gsv3.training             INFO     [family_holdout:randomcircuit] epoch 0068  train_log_mse=0.03589  val_log_mse=6.64396  val_mse=0.033417  max_grad=27.66  patience=1/30
2026-10-08 07:09:21,674  gsv3.training             INFO     [family_holdout:iqpe] epoch 0063  train_log_mse=0.03366  val_log_mse=4.57859  val_mse=0.005315  max_grad=21.51  patience=9/30
2026-10-08 07:10:09,602  gsv3.training             INFO     [family_holdout:qnn] epoch 0061  train_log_mse=0.03722  val_log_mse=3.55249  val_mse=0.012394  max_grad=21.65  patience=26/30
2026-10-08 07:10:39,313  gsv3.training             INFO     [family_holdout:randomcircuit] epoch 0069  train_log_mse=0.03137  val_log_mse=6.68259  val_mse=0.033240  max_grad=20.93  patience=2/30
2026-10-08 07:10:49,813  gsv3.training             INFO     [family_holdout:iqpe] epoch 0064  train_log_mse=0.03203  val_log_mse=4.42734  val_mse=0.005440  max_grad=21.58  patience=10/30
2026-10-08 07:11:39,480  gsv3.training             INFO     [family_holdout:qnn] epoch 0062  train_log_mse=0.03561  val_log_mse=3.43203  val_mse=0.011908  max_grad=33.66  patience=27/30
2026-10-08 07:12:01,587  gsv3.training             INFO     [family_holdout:randomcircuit] epoch 0070  train_log_mse=0.03645  val_log_mse=6.68123  val_mse=0.034082  max_grad=25.39  patience=3/30
2026-10-08 07:12:17,999  gsv3.training             INFO     [family_holdout:iqpe] epoch 0065  train_log_mse=0.03268  val_log_mse=4.54043  val_mse=0.005026  max_grad=25.04  patience=11/30
2026-10-08 07:13:09,217  gsv3.training             INFO     [family_holdout:qnn] epoch 0063  train_log_mse=0.03477  val_log_mse=3.81946  val_mse=0.012874  max_grad=24.96  patience=28/30
2026-10-08 07:13:24,081  gsv3.training             INFO     [family_holdout:randomcircuit] epoch 0071  train_log_mse=0.03993  val_log_mse=6.76434  val_mse=0.035601  max_grad=30.14  patience=4/30
2026-10-08 07:13:46,096  gsv3.training             INFO     [family_holdout:iqpe] epoch 0066  train_log_mse=0.03517  val_log_mse=4.11776  val_mse=0.004973  max_grad=22.24  patience=12/30
2026-10-08 07:14:39,064  gsv3.training             INFO     [family_holdout:qnn] epoch 0064  train_log_mse=0.03752  val_log_mse=3.53080  val_mse=0.011575  max_grad=25.74  patience=29/30
2026-10-08 07:14:45,977  gsv3.training             INFO     [family_holdout:randomcircuit] epoch 0072  train_log_mse=0.03701  val_log_mse=6.56393  val_mse=0.033193  max_grad=26.22  patience=5/30
2026-10-08 07:15:14,113  gsv3.training             INFO     [family_holdout:iqpe] epoch 0067  train_log_mse=0.03068  val_log_mse=4.27446  val_mse=0.004805  max_grad=17.17  patience=13/30
2026-10-08 07:16:07,744  gsv3.training             INFO     [family_holdout:randomcircuit] epoch 0073  train_log_mse=0.03369  val_log_mse=6.61711  val_mse=0.034531  max_grad=26.17  patience=6/30
2026-10-08 07:16:08,833  gsv3.training             INFO     [family_holdout:qnn] epoch 0065  train_log_mse=0.03664  val_log_mse=4.24647  val_mse=0.013163  max_grad=27.24  patience=30/30
2026-10-08 07:16:09,939  gsv3.experiment           INFO     [qnn] TEST  n=760  MAE=0.1066  R2=0.6502  device-acc=0.867  regret=0.0021
2026-10-08 07:16:09,942  genstudy.io               INFO     Wrote evaluations/generalization_v3/results/xattn_a00_s7/leave_one_family_out/qnn/metrics.json
2026-10-08 07:16:09,948  genstudy.io               INFO     Wrote evaluations/generalization_v3/results/xattn_a00_s7/leave_one_family_out/qnn/predictions.json
2026-10-08 07:16:09,960  genstudy.io               INFO     Wrote evaluations/generalization_v3/results/xattn_a00_s7/leave_one_family_out/qnn/history.json
2026-10-08 07:16:09,978  genstudy.io               INFO     Wrote evaluations/generalization_v3/results/xattn_a00_s7/leave_one_family_out/folds.json
2026-10-08 07:16:09,981  genstudy.experiment       INFO     Merged held-out predictions for 760 circuits
2026-10-08 07:16:09,985  genstudy.io               INFO     Wrote evaluations/generalization_v3/results/xattn_a00_s7/leave_one_family_out/heldout_predictions.json
2026-10-08 07:16:09,985  run_experiment            INFO     leave_one_family_out finished: 1 complete, 0 skipped
2026-10-08 07:16:41,959  gsv3.training             INFO     [family_holdout:iqpe] epoch 0068  train_log_mse=0.03002  val_log_mse=4.72027  val_mse=0.004469  max_grad=16.88  patience=14/30
2026-10-08 07:17:29,490  gsv3.training             INFO     [family_holdout:randomcircuit] epoch 0074  train_log_mse=0.03424  val_log_mse=6.48598  val_mse=0.032384  max_grad=24.78  patience=0/30
2026-10-08 07:18:09,832  gsv3.training             INFO     [family_holdout:iqpe] epoch 0069  train_log_mse=0.02896  val_log_mse=4.04742  val_mse=0.005398  max_grad=16.06  patience=15/30
2026-10-08 07:18:51,326  gsv3.training             INFO     [family_holdout:randomcircuit] epoch 0075  train_log_mse=0.02950  val_log_mse=6.68853  val_mse=0.034876  max_grad=16.64  patience=1/30
2026-10-08 07:19:37,647  gsv3.training             INFO     [family_holdout:iqpe] epoch 0070  train_log_mse=0.03058  val_log_mse=4.34276  val_mse=0.005079  max_grad=16.48  patience=16/30
2026-10-08 07:20:13,145  gsv3.training             INFO     [family_holdout:randomcircuit] epoch 0076  train_log_mse=0.03699  val_log_mse=6.17979  val_mse=0.031509  max_grad=25.36  patience=0/30
2026-10-08 07:21:05,566  gsv3.training             INFO     [family_holdout:iqpe] epoch 0071  train_log_mse=0.02846  val_log_mse=4.59761  val_mse=0.004549  max_grad=16.52  patience=17/30
2026-10-08 07:21:35,231  gsv3.training             INFO     [family_holdout:randomcircuit] epoch 0077  train_log_mse=0.03210  val_log_mse=6.40002  val_mse=0.033338  max_grad=21.53  patience=1/30
2026-10-08 07:22:33,348  gsv3.training             INFO     [family_holdout:iqpe] epoch 0072  train_log_mse=0.03087  val_log_mse=4.23855  val_mse=0.005004  max_grad=20.38  patience=18/30
2026-10-08 07:22:57,148  gsv3.training             INFO     [family_holdout:randomcircuit] epoch 0078  train_log_mse=0.03180  val_log_mse=6.42120  val_mse=0.033042  max_grad=20.35  patience=2/30
2026-10-08 07:24:01,358  gsv3.training             INFO     [family_holdout:iqpe] epoch 0073  train_log_mse=0.03041  val_log_mse=4.33843  val_mse=0.004525  max_grad=18.58  patience=19/30
2026-10-08 07:24:19,142  gsv3.training             INFO     [family_holdout:randomcircuit] epoch 0079  train_log_mse=0.03255  val_log_mse=6.60680  val_mse=0.034065  max_grad=26.16  patience=3/30
2026-10-08 07:25:29,225  gsv3.training             INFO     [family_holdout:iqpe] epoch 0074  train_log_mse=0.03216  val_log_mse=4.03962  val_mse=0.005657  max_grad=20.88  patience=20/30
2026-10-08 07:25:41,156  gsv3.training             INFO     [family_holdout:randomcircuit] epoch 0080  train_log_mse=0.03258  val_log_mse=6.12718  val_mse=0.031954  max_grad=19.77  patience=4/30
2026-10-08 07:26:57,213  gsv3.training             INFO     [family_holdout:iqpe] epoch 0075  train_log_mse=0.03019  val_log_mse=4.42741  val_mse=0.004729  max_grad=19.59  patience=21/30
2026-10-08 07:27:03,174  gsv3.training             INFO     [family_holdout:randomcircuit] epoch 0081  train_log_mse=0.03483  val_log_mse=6.35565  val_mse=0.033151  max_grad=21.75  patience=5/30
2026-10-08 07:28:25,136  gsv3.training             INFO     [family_holdout:iqpe] epoch 0076  train_log_mse=0.02797  val_log_mse=4.23713  val_mse=0.004806  max_grad=14.32  patience=22/30
2026-10-08 07:28:25,236  gsv3.training             INFO     [family_holdout:randomcircuit] epoch 0082  train_log_mse=0.03108  val_log_mse=6.50550  val_mse=0.032945  max_grad=21.23  patience=6/30
2026-10-08 07:29:47,321  gsv3.training             INFO     [family_holdout:randomcircuit] epoch 0083  train_log_mse=0.03370  val_log_mse=6.33203  val_mse=0.032565  max_grad=26.19  patience=7/30
2026-10-08 07:29:52,986  gsv3.training             INFO     [family_holdout:iqpe] epoch 0077  train_log_mse=0.02861  val_log_mse=4.66698  val_mse=0.004512  max_grad=16.33  patience=23/30
2026-10-08 07:31:09,155  gsv3.training             INFO     [family_holdout:randomcircuit] epoch 0084  train_log_mse=0.02989  val_log_mse=6.31761  val_mse=0.034085  max_grad=19.13  patience=8/30
2026-10-08 07:31:20,818  gsv3.training             INFO     [family_holdout:iqpe] epoch 0078  train_log_mse=0.02754  val_log_mse=4.23553  val_mse=0.004931  max_grad=12.46  patience=24/30
2026-10-08 07:32:30,950  gsv3.training             INFO     [family_holdout:randomcircuit] epoch 0085  train_log_mse=0.03039  val_log_mse=6.23821  val_mse=0.034268  max_grad=31.00  patience=9/30
2026-10-08 07:32:48,645  gsv3.training             INFO     [family_holdout:iqpe] epoch 0079  train_log_mse=0.02593  val_log_mse=4.67952  val_mse=0.004868  max_grad=14.16  patience=25/30
2026-10-08 07:33:53,088  gsv3.training             INFO     [family_holdout:randomcircuit] epoch 0086  train_log_mse=0.03180  val_log_mse=6.35403  val_mse=0.032872  max_grad=22.15  patience=10/30
2026-10-08 07:34:16,681  gsv3.training             INFO     [family_holdout:iqpe] epoch 0080  train_log_mse=0.03146  val_log_mse=4.57573  val_mse=0.004391  max_grad=17.27  patience=26/30
2026-10-08 07:35:14,925  gsv3.training             INFO     [family_holdout:randomcircuit] epoch 0087  train_log_mse=0.03355  val_log_mse=6.14246  val_mse=0.032197  max_grad=25.02  patience=11/30
2026-10-08 07:35:44,540  gsv3.training             INFO     [family_holdout:iqpe] epoch 0081  train_log_mse=0.02731  val_log_mse=4.40207  val_mse=0.004767  max_grad=22.12  patience=27/30
2026-10-08 07:36:36,967  gsv3.training             INFO     [family_holdout:randomcircuit] epoch 0088  train_log_mse=0.03148  val_log_mse=6.19531  val_mse=0.031706  max_grad=21.81  patience=12/30
2026-10-08 07:37:12,461  gsv3.training             INFO     [family_holdout:iqpe] epoch 0082  train_log_mse=0.02815  val_log_mse=4.48811  val_mse=0.004655  max_grad=20.56  patience=28/30
2026-10-08 07:37:58,955  gsv3.training             INFO     [family_holdout:randomcircuit] epoch 0089  train_log_mse=0.02797  val_log_mse=6.33459  val_mse=0.032209  max_grad=20.03  patience=13/30
2026-10-08 07:38:40,469  gsv3.training             INFO     [family_holdout:iqpe] epoch 0083  train_log_mse=0.02802  val_log_mse=4.53011  val_mse=0.004521  max_grad=15.66  patience=29/30
2026-10-08 07:39:20,735  gsv3.training             INFO     [family_holdout:randomcircuit] epoch 0090  train_log_mse=0.03015  val_log_mse=6.12408  val_mse=0.031215  max_grad=21.27  patience=0/30
2026-10-08 07:40:08,357  gsv3.training             INFO     [family_holdout:iqpe] epoch 0084  train_log_mse=0.02660  val_log_mse=4.64851  val_mse=0.004936  max_grad=12.15  patience=30/30
2026-10-08 07:40:09,356  gsv3.experiment           INFO     [iqpe] TEST  n=570  MAE=0.3365  R2=-2.5175  device-acc=0.470  regret=0.0286
2026-10-08 07:40:09,360  genstudy.io               INFO     Wrote evaluations/generalization_v3/results/xattn_a00_s7/leave_one_family_out/iqpe/metrics.json
2026-10-08 07:40:09,365  genstudy.io               INFO     Wrote evaluations/generalization_v3/results/xattn_a00_s7/leave_one_family_out/iqpe/predictions.json
2026-10-08 07:40:09,377  genstudy.io               INFO     Wrote evaluations/generalization_v3/results/xattn_a00_s7/leave_one_family_out/iqpe/history.json
2026-10-08 07:40:09,397  genstudy.io               INFO     Wrote evaluations/generalization_v3/results/xattn_a00_s7/leave_one_family_out/folds.json
2026-10-08 07:40:09,400  genstudy.experiment       INFO     Merged held-out predictions for 570 circuits
2026-10-08 07:40:09,404  genstudy.io               INFO     Wrote evaluations/generalization_v3/results/xattn_a00_s7/leave_one_family_out/heldout_predictions.json
2026-10-08 07:40:09,405  run_experiment            INFO     leave_one_family_out finished: 1 complete, 0 skipped
2026-10-08 07:40:40,498  gsv3.training             INFO     [family_holdout:randomcircuit] epoch 0091  train_log_mse=0.03122  val_log_mse=6.34405  val_mse=0.032067  max_grad=22.73  patience=1/30
2026-10-08 07:41:57,641  gsv3.training             INFO     [family_holdout:randomcircuit] epoch 0092  train_log_mse=0.03176  val_log_mse=6.27263  val_mse=0.031583  max_grad=28.16  patience=2/30
2026-10-08 07:43:14,674  gsv3.training             INFO     [family_holdout:randomcircuit] epoch 0093  train_log_mse=0.02939  val_log_mse=6.40962  val_mse=0.033184  max_grad=18.42  patience=3/30
2026-10-08 07:44:31,978  gsv3.training             INFO     [family_holdout:randomcircuit] epoch 0094  train_log_mse=0.02829  val_log_mse=6.10719  val_mse=0.032544  max_grad=20.44  patience=4/30
2026-10-08 07:45:49,130  gsv3.training             INFO     [family_holdout:randomcircuit] epoch 0095  train_log_mse=0.02963  val_log_mse=6.30119  val_mse=0.031972  max_grad=25.78  patience=5/30
2026-10-08 07:47:06,179  gsv3.training             INFO     [family_holdout:randomcircuit] epoch 0096  train_log_mse=0.03002  val_log_mse=6.27703  val_mse=0.032355  max_grad=24.28  patience=6/30
2026-10-08 07:48:23,030  gsv3.training             INFO     [family_holdout:randomcircuit] epoch 0097  train_log_mse=0.02993  val_log_mse=6.12735  val_mse=0.031580  max_grad=24.22  patience=7/30
2026-10-08 07:49:40,328  gsv3.training             INFO     [family_holdout:randomcircuit] epoch 0098  train_log_mse=0.02846  val_log_mse=6.25591  val_mse=0.031935  max_grad=20.87  patience=8/30
2026-10-08 07:50:57,264  gsv3.training             INFO     [family_holdout:randomcircuit] epoch 0099  train_log_mse=0.03123  val_log_mse=6.18193  val_mse=0.032397  max_grad=24.27  patience=9/30
2026-10-08 07:52:14,446  gsv3.training             INFO     [family_holdout:randomcircuit] epoch 0100  train_log_mse=0.02676  val_log_mse=5.94671  val_mse=0.031560  max_grad=16.98  patience=10/30
2026-10-08 07:53:31,653  gsv3.training             INFO     [family_holdout:randomcircuit] epoch 0101  train_log_mse=0.02860  val_log_mse=6.27433  val_mse=0.031789  max_grad=23.13  patience=11/30
2026-10-08 07:54:48,715  gsv3.training             INFO     [family_holdout:randomcircuit] epoch 0102  train_log_mse=0.02689  val_log_mse=5.86913  val_mse=0.031341  max_grad=20.05  patience=12/30
2026-10-08 07:56:05,568  gsv3.training             INFO     [family_holdout:randomcircuit] epoch 0103  train_log_mse=0.02606  val_log_mse=6.40136  val_mse=0.032975  max_grad=21.02  patience=13/30
2026-10-08 07:57:22,600  gsv3.training             INFO     [family_holdout:randomcircuit] epoch 0104  train_log_mse=0.03033  val_log_mse=6.22113  val_mse=0.031178  max_grad=25.27  patience=0/30
2026-10-08 07:58:39,433  gsv3.training             INFO     [family_holdout:randomcircuit] epoch 0105  train_log_mse=0.02587  val_log_mse=6.00812  val_mse=0.031404  max_grad=19.22  patience=1/30
2026-10-08 07:59:56,399  gsv3.training             INFO     [family_holdout:randomcircuit] epoch 0106  train_log_mse=0.02728  val_log_mse=6.15435  val_mse=0.032493  max_grad=18.00  patience=2/30
2026-10-08 08:01:13,765  gsv3.training             INFO     [family_holdout:randomcircuit] epoch 0107  train_log_mse=0.02874  val_log_mse=6.29196  val_mse=0.032087  max_grad=24.07  patience=3/30
2026-10-08 08:02:30,063  gsv3.training             INFO     [family_holdout:randomcircuit] epoch 0108  train_log_mse=0.02907  val_log_mse=5.91319  val_mse=0.031015  max_grad=26.68  patience=0/30
2026-10-08 08:03:47,137  gsv3.training             INFO     [family_holdout:randomcircuit] epoch 0109  train_log_mse=0.03171  val_log_mse=6.00217  val_mse=0.031372  max_grad=25.74  patience=1/30
2026-10-08 08:05:04,190  gsv3.training             INFO     [family_holdout:randomcircuit] epoch 0110  train_log_mse=0.02863  val_log_mse=6.08551  val_mse=0.031660  max_grad=19.80  patience=2/30
2026-10-08 08:06:21,351  gsv3.training             INFO     [family_holdout:randomcircuit] epoch 0111  train_log_mse=0.02683  val_log_mse=6.22246  val_mse=0.031340  max_grad=19.78  patience=3/30
2026-10-08 08:07:38,219  gsv3.training             INFO     [family_holdout:randomcircuit] epoch 0112  train_log_mse=0.02942  val_log_mse=6.33315  val_mse=0.033479  max_grad=29.35  patience=4/30
2026-10-08 08:08:55,465  gsv3.training             INFO     [family_holdout:randomcircuit] epoch 0113  train_log_mse=0.02614  val_log_mse=6.24677  val_mse=0.032495  max_grad=22.84  patience=5/30
2026-10-08 08:10:12,683  gsv3.training             INFO     [family_holdout:randomcircuit] epoch 0114  train_log_mse=0.02793  val_log_mse=6.16008  val_mse=0.032701  max_grad=23.97  patience=6/30
2026-10-08 08:11:29,706  gsv3.training             INFO     [family_holdout:randomcircuit] epoch 0115  train_log_mse=0.02686  val_log_mse=5.89386  val_mse=0.031981  max_grad=18.06  patience=7/30
2026-10-08 08:12:46,850  gsv3.training             INFO     [family_holdout:randomcircuit] epoch 0116  train_log_mse=0.02811  val_log_mse=6.09812  val_mse=0.032243  max_grad=27.35  patience=8/30
2026-10-08 08:14:03,730  gsv3.training             INFO     [family_holdout:randomcircuit] epoch 0117  train_log_mse=0.02580  val_log_mse=6.01621  val_mse=0.032274  max_grad=14.27  patience=9/30
2026-10-08 08:15:21,057  gsv3.training             INFO     [family_holdout:randomcircuit] epoch 0118  train_log_mse=0.02805  val_log_mse=6.35144  val_mse=0.031900  max_grad=19.63  patience=10/30
2026-10-08 08:16:38,340  gsv3.training             INFO     [family_holdout:randomcircuit] epoch 0119  train_log_mse=0.02506  val_log_mse=6.33350  val_mse=0.032086  max_grad=16.54  patience=11/30
2026-10-08 08:17:55,512  gsv3.training             INFO     [family_holdout:randomcircuit] epoch 0120  train_log_mse=0.02736  val_log_mse=6.09579  val_mse=0.032113  max_grad=23.49  patience=12/30
2026-10-08 08:19:12,643  gsv3.training             INFO     [family_holdout:randomcircuit] epoch 0121  train_log_mse=0.02557  val_log_mse=6.02465  val_mse=0.032890  max_grad=15.14  patience=13/30
2026-10-08 08:20:29,987  gsv3.training             INFO     [family_holdout:randomcircuit] epoch 0122  train_log_mse=0.02761  val_log_mse=6.20097  val_mse=0.031869  max_grad=22.20  patience=14/30
2026-10-08 08:21:47,254  gsv3.training             INFO     [family_holdout:randomcircuit] epoch 0123  train_log_mse=0.02671  val_log_mse=6.12464  val_mse=0.031634  max_grad=16.37  patience=15/30
2026-10-08 08:23:04,506  gsv3.training             INFO     [family_holdout:randomcircuit] epoch 0124  train_log_mse=0.02725  val_log_mse=6.04572  val_mse=0.031625  max_grad=27.10  patience=16/30
2026-10-08 08:24:21,775  gsv3.training             INFO     [family_holdout:randomcircuit] epoch 0125  train_log_mse=0.02857  val_log_mse=5.92184  val_mse=0.030709  max_grad=18.68  patience=0/30
2026-10-08 08:25:38,828  gsv3.training             INFO     [family_holdout:randomcircuit] epoch 0126  train_log_mse=0.02863  val_log_mse=5.97084  val_mse=0.032176  max_grad=30.60  patience=1/30
2026-10-08 08:26:55,878  gsv3.training             INFO     [family_holdout:randomcircuit] epoch 0127  train_log_mse=0.02513  val_log_mse=6.01595  val_mse=0.031220  max_grad=15.68  patience=2/30
2026-10-08 08:28:12,481  gsv3.training             INFO     [family_holdout:randomcircuit] epoch 0128  train_log_mse=0.02732  val_log_mse=5.99783  val_mse=0.031897  max_grad=19.55  patience=3/30
2026-10-08 08:29:29,190  gsv3.training             INFO     [family_holdout:randomcircuit] epoch 0129  train_log_mse=0.02924  val_log_mse=5.95159  val_mse=0.032451  max_grad=24.45  patience=4/30
2026-10-08 08:30:45,477  gsv3.training             INFO     [family_holdout:randomcircuit] epoch 0130  train_log_mse=0.02593  val_log_mse=5.86161  val_mse=0.031345  max_grad=16.60  patience=5/30
2026-10-08 08:32:01,318  gsv3.training             INFO     [family_holdout:randomcircuit] epoch 0131  train_log_mse=0.02658  val_log_mse=5.84574  val_mse=0.029686  max_grad=15.21  patience=0/30
2026-10-08 08:33:17,641  gsv3.training             INFO     [family_holdout:randomcircuit] epoch 0132  train_log_mse=0.02588  val_log_mse=5.89504  val_mse=0.030434  max_grad=19.84  patience=1/30
2026-10-08 08:34:34,017  gsv3.training             INFO     [family_holdout:randomcircuit] epoch 0133  train_log_mse=0.02770  val_log_mse=5.97208  val_mse=0.031111  max_grad=25.60  patience=2/30
2026-10-08 08:35:50,453  gsv3.training             INFO     [family_holdout:randomcircuit] epoch 0134  train_log_mse=0.02561  val_log_mse=5.90596  val_mse=0.030991  max_grad=21.15  patience=3/30
2026-10-08 08:37:06,486  gsv3.training             INFO     [family_holdout:randomcircuit] epoch 0135  train_log_mse=0.02451  val_log_mse=5.87778  val_mse=0.030125  max_grad=14.64  patience=4/30
2026-10-08 08:38:22,421  gsv3.training             INFO     [family_holdout:randomcircuit] epoch 0136  train_log_mse=0.02536  val_log_mse=5.72635  val_mse=0.029874  max_grad=19.06  patience=5/30
2026-10-08 08:39:38,531  gsv3.training             INFO     [family_holdout:randomcircuit] epoch 0137  train_log_mse=0.02599  val_log_mse=6.06641  val_mse=0.028496  max_grad=19.24  patience=0/30
2026-10-08 08:40:54,509  gsv3.training             INFO     [family_holdout:randomcircuit] epoch 0138  train_log_mse=0.02619  val_log_mse=6.05665  val_mse=0.030486  max_grad=20.65  patience=1/30
2026-10-08 08:42:11,032  gsv3.training             INFO     [family_holdout:randomcircuit] epoch 0139  train_log_mse=0.02415  val_log_mse=5.78052  val_mse=0.029735  max_grad=16.69  patience=2/30
2026-10-08 08:43:27,505  gsv3.training             INFO     [family_holdout:randomcircuit] epoch 0140  train_log_mse=0.02513  val_log_mse=6.05314  val_mse=0.030915  max_grad=19.26  patience=3/30
2026-10-08 08:44:43,299  gsv3.training             INFO     [family_holdout:randomcircuit] epoch 0141  train_log_mse=0.02333  val_log_mse=5.65589  val_mse=0.029843  max_grad=17.33  patience=4/30
2026-10-08 08:45:59,524  gsv3.training             INFO     [family_holdout:randomcircuit] epoch 0142  train_log_mse=0.02746  val_log_mse=5.92569  val_mse=0.030972  max_grad=27.37  patience=5/30
2026-10-08 08:47:15,686  gsv3.training             INFO     [family_holdout:randomcircuit] epoch 0143  train_log_mse=0.02707  val_log_mse=6.02479  val_mse=0.030954  max_grad=20.86  patience=6/30
2026-10-08 08:48:32,016  gsv3.training             INFO     [family_holdout:randomcircuit] epoch 0144  train_log_mse=0.02415  val_log_mse=5.94416  val_mse=0.031852  max_grad=18.69  patience=7/30
2026-10-08 08:49:48,670  gsv3.training             INFO     [family_holdout:randomcircuit] epoch 0145  train_log_mse=0.02449  val_log_mse=6.14937  val_mse=0.032161  max_grad=18.81  patience=8/30
2026-10-08 08:51:05,344  gsv3.training             INFO     [family_holdout:randomcircuit] epoch 0146  train_log_mse=0.02416  val_log_mse=5.83331  val_mse=0.029995  max_grad=16.86  patience=9/30
2026-10-08 08:52:21,803  gsv3.training             INFO     [family_holdout:randomcircuit] epoch 0147  train_log_mse=0.02488  val_log_mse=5.71412  val_mse=0.030264  max_grad=16.55  patience=10/30
2026-10-08 08:53:38,253  gsv3.training             INFO     [family_holdout:randomcircuit] epoch 0148  train_log_mse=0.02533  val_log_mse=5.95581  val_mse=0.030696  max_grad=17.19  patience=11/30
2026-10-08 08:54:54,699  gsv3.training             INFO     [family_holdout:randomcircuit] epoch 0149  train_log_mse=0.02401  val_log_mse=6.08084  val_mse=0.029992  max_grad=14.03  patience=12/30
2026-10-08 08:56:10,771  gsv3.training             INFO     [family_holdout:randomcircuit] epoch 0150  train_log_mse=0.02305  val_log_mse=5.91460  val_mse=0.030015  max_grad=17.08  patience=13/30
2026-10-08 08:57:27,195  gsv3.training             INFO     [family_holdout:randomcircuit] epoch 0151  train_log_mse=0.02694  val_log_mse=6.03278  val_mse=0.030841  max_grad=18.82  patience=14/30
2026-10-08 08:58:43,201  gsv3.training             INFO     [family_holdout:randomcircuit] epoch 0152  train_log_mse=0.02451  val_log_mse=5.92901  val_mse=0.030450  max_grad=20.61  patience=15/30
2026-10-08 08:59:59,629  gsv3.training             INFO     [family_holdout:randomcircuit] epoch 0153  train_log_mse=0.02501  val_log_mse=5.78629  val_mse=0.030269  max_grad=18.89  patience=16/30
2026-10-08 09:01:15,517  gsv3.training             INFO     [family_holdout:randomcircuit] epoch 0154  train_log_mse=0.02509  val_log_mse=5.82927  val_mse=0.031179  max_grad=37.09  patience=17/30
2026-10-08 09:02:31,446  gsv3.training             INFO     [family_holdout:randomcircuit] epoch 0155  train_log_mse=0.02369  val_log_mse=5.87778  val_mse=0.030529  max_grad=17.21  patience=18/30
2026-10-08 09:03:47,801  gsv3.training             INFO     [family_holdout:randomcircuit] epoch 0156  train_log_mse=0.02340  val_log_mse=5.75101  val_mse=0.030408  max_grad=19.16  patience=19/30
2026-10-08 09:05:03,644  gsv3.training             INFO     [family_holdout:randomcircuit] epoch 0157  train_log_mse=0.02719  val_log_mse=5.55036  val_mse=0.029637  max_grad=25.70  patience=20/30
2026-10-08 09:06:20,145  gsv3.training             INFO     [family_holdout:randomcircuit] epoch 0158  train_log_mse=0.02371  val_log_mse=5.71609  val_mse=0.031067  max_grad=31.45  patience=21/30
2026-10-08 09:07:36,347  gsv3.training             INFO     [family_holdout:randomcircuit] epoch 0159  train_log_mse=0.02371  val_log_mse=5.77690  val_mse=0.030410  max_grad=29.52  patience=22/30
2026-10-08 09:08:52,942  gsv3.training             INFO     [family_holdout:randomcircuit] epoch 0160  train_log_mse=0.02301  val_log_mse=5.93378  val_mse=0.030769  max_grad=15.97  patience=23/30
2026-10-08 09:10:09,352  gsv3.training             INFO     [family_holdout:randomcircuit] epoch 0161  train_log_mse=0.02409  val_log_mse=5.86268  val_mse=0.030413  max_grad=21.70  patience=24/30
2026-10-08 09:11:25,574  gsv3.training             INFO     [family_holdout:randomcircuit] epoch 0162  train_log_mse=0.02303  val_log_mse=5.95940  val_mse=0.030285  max_grad=13.03  patience=25/30
2026-10-08 09:12:41,999  gsv3.training             INFO     [family_holdout:randomcircuit] epoch 0163  train_log_mse=0.02283  val_log_mse=5.99877  val_mse=0.031044  max_grad=18.92  patience=26/30
2026-10-08 09:13:58,151  gsv3.training             INFO     [family_holdout:randomcircuit] epoch 0164  train_log_mse=0.02191  val_log_mse=5.77464  val_mse=0.030000  max_grad=18.36  patience=27/30
2026-10-08 09:15:14,340  gsv3.training             INFO     [family_holdout:randomcircuit] epoch 0165  train_log_mse=0.02304  val_log_mse=5.78620  val_mse=0.029460  max_grad=18.42  patience=28/30
2026-10-08 09:16:30,527  gsv3.training             INFO     [family_holdout:randomcircuit] epoch 0166  train_log_mse=0.02181  val_log_mse=5.80327  val_mse=0.030591  max_grad=12.95  patience=29/30
2026-10-08 09:17:43,294  gsv3.training             INFO     [family_holdout:randomcircuit] epoch 0167  train_log_mse=0.02315  val_log_mse=5.97035  val_mse=0.029331  max_grad=15.75  patience=30/30
2026-10-08 09:17:47,346  gsv3.experiment           INFO     [randomcircuit] TEST  n=1234  MAE=0.0734  R2=0.8472  device-acc=0.371  regret=0.0082
2026-10-08 09:17:47,355  genstudy.io               INFO     Wrote evaluations/generalization_v3/results/xattn_a00_s7/leave_one_family_out/randomcircuit/metrics.json
2026-10-08 09:17:47,363  genstudy.io               INFO     Wrote evaluations/generalization_v3/results/xattn_a00_s7/leave_one_family_out/randomcircuit/predictions.json
2026-10-08 09:17:47,375  genstudy.io               INFO     Wrote evaluations/generalization_v3/results/xattn_a00_s7/leave_one_family_out/randomcircuit/history.json
2026-10-08 09:17:47,397  genstudy.io               INFO     Wrote evaluations/generalization_v3/results/xattn_a00_s7/leave_one_family_out/folds.json
2026-10-08 09:17:47,400  genstudy.experiment       INFO     Merged held-out predictions for 1234 circuits
2026-10-08 09:17:47,406  genstudy.io               INFO     Wrote evaluations/generalization_v3/results/xattn_a00_s7/leave_one_family_out/heldout_predictions.json
2026-10-08 09:17:47,406  run_experiment            INFO     leave_one_family_out finished: 1 complete, 0 skipped
