2026-07-29 17:59:36,252  run_gnn_dispatch              INFO      Logging to evaluations/pipeline/results_v2_dense/dispatch.log
2026-07-29 17:59:36,352  run_gnn_dispatch              INFO      Restricted ground truth to 5117 circuits listed in /u/home/zamm/projects/cut-pred-distr/pred-distr-tool/src/model/test_circuit_names.json
2026-07-29 17:59:36,355  run_gnn_dispatch              INFO      Loaded ground-truth fidelities for 5117 circuits from /u/home/zamm/projects/cut-pred-distr/pred-distr-tool/src/model/expected_fidelity_results_benchmark.json
2026-07-29 17:59:36,356  run_gnn_dispatch              INFO      Running GNN inference on circuits in /u/home/zamm/projects/cut-pred-distr/pred-distr-tool/data/benchmark_dataset_30k (GNN policy will use its own predictions, not ground truth)
2026-07-29 17:59:36,388  run_gnn_dispatch              INFO      Predicting fidelities for 5117 circuits ...
2026-07-29 17:59:40,244  run_gnn_dispatch              INFO        predicted 50 / 5117
2026-07-29 17:59:45,294  run_gnn_dispatch              INFO        predicted 100 / 5117
2026-07-29 17:59:49,633  run_gnn_dispatch              INFO        predicted 150 / 5117
2026-07-29 17:59:50,779  run_gnn_dispatch              INFO        predicted 200 / 5117
2026-07-29 17:59:52,736  run_gnn_dispatch              INFO        predicted 250 / 5117
2026-07-29 17:59:54,931  run_gnn_dispatch              INFO        predicted 300 / 5117
2026-07-29 17:59:58,785  run_gnn_dispatch              INFO        predicted 350 / 5117
2026-07-29 18:00:05,542  run_gnn_dispatch              INFO        predicted 400 / 5117
2026-07-29 18:00:06,352  run_gnn_dispatch              INFO        predicted 450 / 5117
2026-07-29 18:00:08,286  run_gnn_dispatch              INFO        predicted 500 / 5117
2026-07-29 18:00:10,738  run_gnn_dispatch              INFO        predicted 550 / 5117
2026-07-29 18:00:13,478  run_gnn_dispatch              INFO        predicted 600 / 5117
2026-07-29 18:00:16,488  run_gnn_dispatch              INFO        predicted 650 / 5117
2026-07-29 18:00:20,481  run_gnn_dispatch              INFO        predicted 700 / 5117
2026-07-29 18:00:24,902  run_gnn_dispatch              INFO        predicted 750 / 5117
2026-07-29 18:00:29,280  run_gnn_dispatch              INFO        predicted 800 / 5117
2026-07-29 18:00:33,680  run_gnn_dispatch              INFO        predicted 850 / 5117
2026-07-29 18:00:37,720  run_gnn_dispatch              INFO        predicted 900 / 5117
2026-07-29 18:00:38,572  run_gnn_dispatch              INFO        predicted 950 / 5117
2026-07-29 18:00:39,102  run_gnn_dispatch              INFO        predicted 1000 / 5117
2026-07-29 18:00:39,674  run_gnn_dispatch              INFO        predicted 1050 / 5117
2026-07-29 18:00:40,427  run_gnn_dispatch              INFO        predicted 1100 / 5117
2026-07-29 18:00:41,238  run_gnn_dispatch              INFO        predicted 1150 / 5117
2026-07-29 18:00:42,515  run_gnn_dispatch              INFO        predicted 1200 / 5117
2026-07-29 18:00:44,088  run_gnn_dispatch              INFO        predicted 1250 / 5117
2026-07-29 18:00:45,983  run_gnn_dispatch              INFO        predicted 1300 / 5117
2026-07-29 18:00:47,796  run_gnn_dispatch              INFO        predicted 1350 / 5117
2026-07-29 18:00:50,643  run_gnn_dispatch              INFO        predicted 1400 / 5117
2026-07-29 18:00:52,152  run_gnn_dispatch              INFO        predicted 1450 / 5117
2026-07-29 18:00:53,074  run_gnn_dispatch              INFO        predicted 1500 / 5117
2026-07-29 18:00:54,657  run_gnn_dispatch              INFO        predicted 1550 / 5117
2026-07-29 18:00:57,602  run_gnn_dispatch              INFO        predicted 1600 / 5117
2026-07-29 18:01:00,364  run_gnn_dispatch              INFO        predicted 1650 / 5117
2026-07-29 18:01:01,108  run_gnn_dispatch              INFO        predicted 1700 / 5117
2026-07-29 18:01:02,318  run_gnn_dispatch              INFO        predicted 1750 / 5117
2026-07-29 18:01:03,770  run_gnn_dispatch              INFO        predicted 1800 / 5117
2026-07-29 18:01:05,795  run_gnn_dispatch              INFO        predicted 1850 / 5117
2026-07-29 18:01:07,259  run_gnn_dispatch              INFO        predicted 1900 / 5117
2026-07-29 18:01:07,993  run_gnn_dispatch              INFO        predicted 1950 / 5117
2026-07-29 18:01:10,408  run_gnn_dispatch              INFO        predicted 2000 / 5117
2026-07-29 18:01:14,507  run_gnn_dispatch              INFO        predicted 2050 / 5117
2026-07-29 18:01:19,274  run_gnn_dispatch              INFO        predicted 2100 / 5117
2026-07-29 18:01:19,850  run_gnn_dispatch              INFO        predicted 2150 / 5117
2026-07-29 18:01:20,966  run_gnn_dispatch              INFO        predicted 2200 / 5117
2026-07-29 18:01:22,421  run_gnn_dispatch              INFO        predicted 2250 / 5117
2026-07-29 18:01:24,428  run_gnn_dispatch              INFO        predicted 2300 / 5117
2026-07-29 18:01:27,267  run_gnn_dispatch              INFO        predicted 2350 / 5117
2026-07-29 18:01:29,088  run_gnn_dispatch              INFO        predicted 2400 / 5117
2026-07-29 18:01:30,666  run_gnn_dispatch              INFO        predicted 2450 / 5117
2026-07-29 18:01:32,303  run_gnn_dispatch              INFO        predicted 2500 / 5117
2026-07-29 18:01:34,321  run_gnn_dispatch              INFO        predicted 2550 / 5117
2026-07-29 18:01:36,637  run_gnn_dispatch              INFO        predicted 2600 / 5117
2026-07-29 18:01:38,674  run_gnn_dispatch              INFO        predicted 2650 / 5117
2026-07-29 18:01:41,160  run_gnn_dispatch              INFO        predicted 2700 / 5117
2026-07-29 18:01:43,358  run_gnn_dispatch              INFO        predicted 2750 / 5117
2026-07-29 18:01:46,269  run_gnn_dispatch              INFO        predicted 2800 / 5117
2026-07-29 18:01:48,566  run_gnn_dispatch              INFO        predicted 2850 / 5117
2026-07-29 18:01:49,306  run_gnn_dispatch              INFO        predicted 2900 / 5117
2026-07-29 18:01:49,844  run_gnn_dispatch              INFO        predicted 2950 / 5117
2026-07-29 18:01:50,468  run_gnn_dispatch              INFO        predicted 3000 / 5117
2026-07-29 18:01:51,205  run_gnn_dispatch              INFO        predicted 3050 / 5117
2026-07-29 18:01:52,163  run_gnn_dispatch              INFO        predicted 3100 / 5117
2026-07-29 18:01:53,267  run_gnn_dispatch              INFO        predicted 3150 / 5117
2026-07-29 18:01:54,456  run_gnn_dispatch              INFO        predicted 3200 / 5117
2026-07-29 18:01:55,963  run_gnn_dispatch              INFO        predicted 3250 / 5117
2026-07-29 18:01:57,835  run_gnn_dispatch              INFO        predicted 3300 / 5117
2026-07-29 18:02:00,370  run_gnn_dispatch              INFO        predicted 3350 / 5117
2026-07-29 18:02:02,959  run_gnn_dispatch              INFO        predicted 3400 / 5117
2026-07-29 18:02:05,640  run_gnn_dispatch              INFO        predicted 3450 / 5117
2026-07-29 18:02:08,636  run_gnn_dispatch              INFO        predicted 3500 / 5117
2026-07-29 18:02:11,673  run_gnn_dispatch              INFO        predicted 3550 / 5117
2026-07-29 18:02:14,747  run_gnn_dispatch              INFO        predicted 3600 / 5117
2026-07-29 18:02:17,916  run_gnn_dispatch              INFO        predicted 3650 / 5117
2026-07-29 18:02:21,162  run_gnn_dispatch              INFO        predicted 3700 / 5117
2026-07-29 18:02:22,212  run_gnn_dispatch              INFO        predicted 3750 / 5117
2026-07-29 18:02:22,922  run_gnn_dispatch              INFO        predicted 3800 / 5117
2026-07-29 18:02:23,725  run_gnn_dispatch              INFO        predicted 3850 / 5117
2026-07-29 18:02:24,766  run_gnn_dispatch              INFO        predicted 3900 / 5117
2026-07-29 18:02:25,924  run_gnn_dispatch              INFO        predicted 3950 / 5117
2026-07-29 18:02:27,461  run_gnn_dispatch              INFO        predicted 4000 / 5117
2026-07-29 18:02:29,124  run_gnn_dispatch              INFO        predicted 4050 / 5117
2026-07-29 18:02:30,599  run_gnn_dispatch              INFO        predicted 4100 / 5117
2026-07-29 18:02:32,454  run_gnn_dispatch              INFO        predicted 4150 / 5117
2026-07-29 18:02:33,893  run_gnn_dispatch              INFO        predicted 4200 / 5117
2026-07-29 18:02:35,597  run_gnn_dispatch              INFO        predicted 4250 / 5117
2026-07-29 18:02:37,987  run_gnn_dispatch              INFO        predicted 4300 / 5117
2026-07-29 18:02:40,133  run_gnn_dispatch              INFO        predicted 4350 / 5117
2026-07-29 18:02:42,577  run_gnn_dispatch              INFO        predicted 4400 / 5117
2026-07-29 18:02:44,862  run_gnn_dispatch              INFO        predicted 4450 / 5117
2026-07-29 18:02:47,339  run_gnn_dispatch              INFO        predicted 4500 / 5117
2026-07-29 18:02:49,954  run_gnn_dispatch              INFO        predicted 4550 / 5117
2026-07-29 18:02:52,163  run_gnn_dispatch              INFO        predicted 4600 / 5117
2026-07-29 18:02:54,638  run_gnn_dispatch              INFO        predicted 4650 / 5117
2026-07-29 18:02:55,838  run_gnn_dispatch              INFO        predicted 4700 / 5117
2026-07-29 18:02:56,318  run_gnn_dispatch              INFO        predicted 4750 / 5117
2026-07-29 18:02:56,878  run_gnn_dispatch              INFO        predicted 4800 / 5117
2026-07-29 18:02:57,669  run_gnn_dispatch              INFO        predicted 4850 / 5117
2026-07-29 18:02:58,381  run_gnn_dispatch              INFO        predicted 4900 / 5117
2026-07-29 18:02:59,191  run_gnn_dispatch              INFO        predicted 4950 / 5117
2026-07-29 18:03:00,321  run_gnn_dispatch              INFO        predicted 5000 / 5117
2026-07-29 18:03:01,520  run_gnn_dispatch              INFO        predicted 5050 / 5117
2026-07-29 18:03:02,782  run_gnn_dispatch              INFO        predicted 5100 / 5117
2026-07-29 18:03:03,353  run_gnn_dispatch              INFO      Predictions done: 5117 circuits in 207.0 s (24.7 circuits/s)
2026-07-29 18:03:03,356  run_gnn_dispatch              INFO      Benchmarking 5117 circuits
2026-07-29 18:03:03,356  run_gnn_dispatch              INFO      Registry check: get_multi_policy('gnn_device') -> GNNDevicePolicy
2026-07-29 18:03:03,358  run_gnn_dispatch              INFO      === Fidelity weight 0.00 ===
2026-07-29 18:03:03,369  run_gnn_dispatch              INFO        [oracle] EQE1_Top  ->  474 circuits
2026-07-29 18:03:03,369  run_gnn_dispatch              INFO        [oracle] EQE1_Bottom  ->  2846 circuits
2026-07-29 18:03:03,379  run_gnn_dispatch              INFO        [oracle] QExa20  ->  1797 circuits
2026-07-29 18:03:03,392  run_gnn_dispatch              INFO        [oracle] overall mean fidelity: 0.3759  (load CV: 0.697)
2026-07-29 18:03:03,392  run_gnn_dispatch              INFO        [gt_weighted] EQE1_Top  ->  1706 circuits
2026-07-29 18:03:03,392  run_gnn_dispatch              INFO        [gt_weighted] EQE1_Bottom  ->  1706 circuits
2026-07-29 18:03:03,394  run_gnn_dispatch              INFO        [gt_weighted] QExa20  ->  1705 circuits
2026-07-29 18:03:03,405  run_gnn_dispatch              INFO        [gt_weighted] overall mean fidelity: 0.3436  (load CV: 0.000)
2026-07-29 18:03:03,405  run_gnn_dispatch              INFO        [gnn] EQE1_Top  ->  1706 circuits
2026-07-29 18:03:03,405  run_gnn_dispatch              INFO        [gnn] EQE1_Bottom  ->  1706 circuits
2026-07-29 18:03:03,406  run_gnn_dispatch              INFO        [gnn] QExa20  ->  1705 circuits
2026-07-29 18:03:03,416  run_gnn_dispatch              INFO        [gnn] overall mean fidelity: 0.3436  (load CV: 0.000)
2026-07-29 18:03:03,416  run_gnn_dispatch              INFO        [round_robin] EQE1_Top  ->  1706 circuits
2026-07-29 18:03:03,416  run_gnn_dispatch              INFO        [round_robin] EQE1_Bottom  ->  1706 circuits
2026-07-29 18:03:03,418  run_gnn_dispatch              INFO        [round_robin] QExa20  ->  1705 circuits
2026-07-29 18:03:03,427  run_gnn_dispatch              INFO        [round_robin] overall mean fidelity: 0.3436  (load CV: 0.000)
2026-07-29 18:03:03,432  run_gnn_dispatch              INFO        [cross-policy oracle↔gnn] agreement: 33.2%  mean regret: 0.0322
2026-07-29 18:03:03,435  run_gnn_dispatch              INFO        [cross-policy gt_weighted↔gnn] agreement: 100.0%  mean regret: 0.0000
2026-07-29 18:03:03,436  run_gnn_dispatch              INFO      === Fidelity weight 0.10 ===
2026-07-29 18:03:03,477  run_gnn_dispatch              INFO        [oracle] EQE1_Top  ->  474 circuits
2026-07-29 18:03:03,477  run_gnn_dispatch              INFO        [oracle] EQE1_Bottom  ->  2846 circuits
2026-07-29 18:03:03,477  run_gnn_dispatch              INFO        [oracle] QExa20  ->  1797 circuits
2026-07-29 18:03:03,485  run_gnn_dispatch              INFO        [oracle] overall mean fidelity: 0.3759  (load CV: 0.697)
2026-07-29 18:03:03,485  run_gnn_dispatch              INFO        [gt_weighted] EQE1_Top  ->  1697 circuits
2026-07-29 18:03:03,485  run_gnn_dispatch              INFO        [gt_weighted] EQE1_Bottom  ->  1723 circuits
2026-07-29 18:03:03,485  run_gnn_dispatch              INFO        [gt_weighted] QExa20  ->  1697 circuits
2026-07-29 18:03:03,495  run_gnn_dispatch              INFO        [gt_weighted] overall mean fidelity: 0.3638  (load CV: 0.009)
2026-07-29 18:03:03,495  run_gnn_dispatch              INFO        [gnn] EQE1_Top  ->  1691 circuits
2026-07-29 18:03:03,495  run_gnn_dispatch              INFO        [gnn] EQE1_Bottom  ->  1717 circuits
2026-07-29 18:03:03,495  run_gnn_dispatch              INFO        [gnn] QExa20  ->  1693 circuits
2026-07-29 18:03:03,504  run_gnn_dispatch              INFO        [gnn] overall mean fidelity: 0.3615  (load CV: 0.009)
2026-07-29 18:03:03,504  run_gnn_dispatch              INFO        [round_robin] EQE1_Top  ->  1706 circuits
2026-07-29 18:03:03,504  run_gnn_dispatch              INFO        [round_robin] EQE1_Bottom  ->  1706 circuits
2026-07-29 18:03:03,504  run_gnn_dispatch              INFO        [round_robin] QExa20  ->  1705 circuits
2026-07-29 18:03:03,513  run_gnn_dispatch              INFO        [round_robin] overall mean fidelity: 0.3436  (load CV: 0.000)
2026-07-29 18:03:03,517  run_gnn_dispatch              INFO        [cross-policy oracle↔gnn] agreement: 47.6%  mean regret: 0.0156
2026-07-29 18:03:03,521  run_gnn_dispatch              INFO        [cross-policy gt_weighted↔gnn] agreement: 61.8%  mean regret: 0.0034
2026-07-29 18:03:03,522  run_gnn_dispatch              INFO      === Fidelity weight 0.20 ===
2026-07-29 18:03:03,562  run_gnn_dispatch              INFO        [oracle] EQE1_Top  ->  474 circuits
2026-07-29 18:03:03,562  run_gnn_dispatch              INFO        [oracle] EQE1_Bottom  ->  2846 circuits
2026-07-29 18:03:03,562  run_gnn_dispatch              INFO        [oracle] QExa20  ->  1797 circuits
2026-07-29 18:03:03,571  run_gnn_dispatch              INFO        [oracle] overall mean fidelity: 0.3759  (load CV: 0.697)
2026-07-29 18:03:03,571  run_gnn_dispatch              INFO        [gt_weighted] EQE1_Top  ->  1690 circuits
2026-07-29 18:03:03,571  run_gnn_dispatch              INFO        [gt_weighted] EQE1_Bottom  ->  1742 circuits
2026-07-29 18:03:03,571  run_gnn_dispatch              INFO        [gt_weighted] QExa20  ->  1685 circuits
2026-07-29 18:03:03,579  run_gnn_dispatch              INFO        [gt_weighted] overall mean fidelity: 0.3661  (load CV: 0.019)
2026-07-29 18:03:03,579  run_gnn_dispatch              INFO        [gnn] EQE1_Top  ->  1679 circuits
2026-07-29 18:03:03,579  run_gnn_dispatch              INFO        [gnn] EQE1_Bottom  ->  1739 circuits
2026-07-29 18:03:03,579  run_gnn_dispatch              INFO        [gnn] QExa20  ->  1683 circuits
2026-07-29 18:03:03,587  run_gnn_dispatch              INFO        [gnn] overall mean fidelity: 0.3640  (load CV: 0.020)
2026-07-29 18:03:03,587  run_gnn_dispatch              INFO        [round_robin] EQE1_Top  ->  1706 circuits
2026-07-29 18:03:03,587  run_gnn_dispatch              INFO        [round_robin] EQE1_Bottom  ->  1706 circuits
2026-07-29 18:03:03,587  run_gnn_dispatch              INFO        [round_robin] QExa20  ->  1705 circuits
2026-07-29 18:03:03,596  run_gnn_dispatch              INFO        [round_robin] overall mean fidelity: 0.3436  (load CV: 0.000)
2026-07-29 18:03:03,601  run_gnn_dispatch              INFO        [cross-policy oracle↔gnn] agreement: 50.5%  mean regret: 0.0130
2026-07-29 18:03:03,605  run_gnn_dispatch              INFO        [cross-policy gt_weighted↔gnn] agreement: 66.0%  mean regret: 0.0032
2026-07-29 18:03:03,605  run_gnn_dispatch              INFO      === Fidelity weight 0.30 ===
2026-07-29 18:03:03,790  run_gnn_dispatch              INFO        [oracle] EQE1_Top  ->  474 circuits
2026-07-29 18:03:03,790  run_gnn_dispatch              INFO        [oracle] EQE1_Bottom  ->  2846 circuits
2026-07-29 18:03:03,790  run_gnn_dispatch              INFO        [oracle] QExa20  ->  1797 circuits
2026-07-29 18:03:03,798  run_gnn_dispatch              INFO        [oracle] overall mean fidelity: 0.3759  (load CV: 0.697)
2026-07-29 18:03:03,798  run_gnn_dispatch              INFO        [gt_weighted] EQE1_Top  ->  1687 circuits
2026-07-29 18:03:03,798  run_gnn_dispatch              INFO        [gt_weighted] EQE1_Bottom  ->  1762 circuits
2026-07-29 18:03:03,798  run_gnn_dispatch              INFO        [gt_weighted] QExa20  ->  1668 circuits
2026-07-29 18:03:03,807  run_gnn_dispatch              INFO        [gt_weighted] overall mean fidelity: 0.3677  (load CV: 0.029)
2026-07-29 18:03:03,807  run_gnn_dispatch              INFO        [gnn] EQE1_Top  ->  1668 circuits
2026-07-29 18:03:03,807  run_gnn_dispatch              INFO        [gnn] EQE1_Bottom  ->  1766 circuits
2026-07-29 18:03:03,807  run_gnn_dispatch              INFO        [gnn] QExa20  ->  1667 circuits
2026-07-29 18:03:03,817  run_gnn_dispatch              INFO        [gnn] overall mean fidelity: 0.3656  (load CV: 0.033)
2026-07-29 18:03:03,817  run_gnn_dispatch              INFO        [round_robin] EQE1_Top  ->  1706 circuits
2026-07-29 18:03:03,817  run_gnn_dispatch              INFO        [round_robin] EQE1_Bottom  ->  1706 circuits
2026-07-29 18:03:03,817  run_gnn_dispatch              INFO        [round_robin] QExa20  ->  1705 circuits
2026-07-29 18:03:03,825  run_gnn_dispatch              INFO        [round_robin] overall mean fidelity: 0.3436  (load CV: 0.000)
2026-07-29 18:03:03,830  run_gnn_dispatch              INFO        [cross-policy oracle↔gnn] agreement: 52.6%  mean regret: 0.0114
2026-07-29 18:03:03,834  run_gnn_dispatch              INFO        [cross-policy gt_weighted↔gnn] agreement: 68.1%  mean regret: 0.0032
2026-07-29 18:03:03,834  run_gnn_dispatch              INFO      === Fidelity weight 0.40 ===
2026-07-29 18:03:03,875  run_gnn_dispatch              INFO        [oracle] EQE1_Top  ->  474 circuits
2026-07-29 18:03:03,875  run_gnn_dispatch              INFO        [oracle] EQE1_Bottom  ->  2846 circuits
2026-07-29 18:03:03,875  run_gnn_dispatch              INFO        [oracle] QExa20  ->  1797 circuits
2026-07-29 18:03:03,883  run_gnn_dispatch              INFO        [oracle] overall mean fidelity: 0.3759  (load CV: 0.697)
2026-07-29 18:03:03,883  run_gnn_dispatch              INFO        [gt_weighted] EQE1_Top  ->  1683 circuits
2026-07-29 18:03:03,883  run_gnn_dispatch              INFO        [gt_weighted] EQE1_Bottom  ->  1790 circuits
2026-07-29 18:03:03,883  run_gnn_dispatch              INFO        [gt_weighted] QExa20  ->  1644 circuits
2026-07-29 18:03:03,892  run_gnn_dispatch              INFO        [gt_weighted] overall mean fidelity: 0.3690  (load CV: 0.044)
2026-07-29 18:03:03,892  run_gnn_dispatch              INFO        [gnn] EQE1_Top  ->  1662 circuits
2026-07-29 18:03:03,892  run_gnn_dispatch              INFO        [gnn] EQE1_Bottom  ->  1796 circuits
2026-07-29 18:03:03,892  run_gnn_dispatch              INFO        [gnn] QExa20  ->  1643 circuits
2026-07-29 18:03:03,901  run_gnn_dispatch              INFO        [gnn] overall mean fidelity: 0.3673  (load CV: 0.049)
2026-07-29 18:03:03,901  run_gnn_dispatch              INFO        [round_robin] EQE1_Top  ->  1706 circuits
2026-07-29 18:03:03,901  run_gnn_dispatch              INFO        [round_robin] EQE1_Bottom  ->  1706 circuits
2026-07-29 18:03:03,901  run_gnn_dispatch              INFO        [round_robin] QExa20  ->  1705 circuits
2026-07-29 18:03:03,910  run_gnn_dispatch              INFO        [round_robin] overall mean fidelity: 0.3436  (load CV: 0.000)
2026-07-29 18:03:03,914  run_gnn_dispatch              INFO        [cross-policy oracle↔gnn] agreement: 54.9%  mean regret: 0.0098
2026-07-29 18:03:03,918  run_gnn_dispatch              INFO        [cross-policy gt_weighted↔gnn] agreement: 70.7%  mean regret: 0.0029
2026-07-29 18:03:03,918  run_gnn_dispatch              INFO      === Fidelity weight 0.50 ===
2026-07-29 18:03:03,959  run_gnn_dispatch              INFO        [oracle] EQE1_Top  ->  474 circuits
2026-07-29 18:03:03,959  run_gnn_dispatch              INFO        [oracle] EQE1_Bottom  ->  2846 circuits
2026-07-29 18:03:03,959  run_gnn_dispatch              INFO        [oracle] QExa20  ->  1797 circuits
2026-07-29 18:03:03,968  run_gnn_dispatch              INFO        [oracle] overall mean fidelity: 0.3759  (load CV: 0.697)
2026-07-29 18:03:03,968  run_gnn_dispatch              INFO        [gt_weighted] EQE1_Top  ->  1687 circuits
2026-07-29 18:03:03,968  run_gnn_dispatch              INFO        [gt_weighted] EQE1_Bottom  ->  1822 circuits
2026-07-29 18:03:03,968  run_gnn_dispatch              INFO        [gt_weighted] QExa20  ->  1608 circuits
2026-07-29 18:03:03,977  run_gnn_dispatch              INFO        [gt_weighted] overall mean fidelity: 0.3701  (load CV: 0.063)
2026-07-29 18:03:03,977  run_gnn_dispatch              INFO        [gnn] EQE1_Top  ->  1659 circuits
2026-07-29 18:03:03,977  run_gnn_dispatch              INFO        [gnn] EQE1_Bottom  ->  1833 circuits
2026-07-29 18:03:03,977  run_gnn_dispatch              INFO        [gnn] QExa20  ->  1609 circuits
2026-07-29 18:03:03,986  run_gnn_dispatch              INFO        [gnn] overall mean fidelity: 0.3686  (load CV: 0.069)
2026-07-29 18:03:03,986  run_gnn_dispatch              INFO        [round_robin] EQE1_Top  ->  1706 circuits
2026-07-29 18:03:03,986  run_gnn_dispatch              INFO        [round_robin] EQE1_Bottom  ->  1706 circuits
2026-07-29 18:03:03,986  run_gnn_dispatch              INFO        [round_robin] QExa20  ->  1705 circuits
2026-07-29 18:03:03,995  run_gnn_dispatch              INFO        [round_robin] overall mean fidelity: 0.3436  (load CV: 0.000)
2026-07-29 18:03:03,999  run_gnn_dispatch              INFO        [cross-policy oracle↔gnn] agreement: 57.2%  mean regret: 0.0084
2026-07-29 18:03:04,003  run_gnn_dispatch              INFO        [cross-policy gt_weighted↔gnn] agreement: 72.8%  mean regret: 0.0027
2026-07-29 18:03:04,003  run_gnn_dispatch              INFO      === Fidelity weight 0.60 ===
2026-07-29 18:03:04,044  run_gnn_dispatch              INFO        [oracle] EQE1_Top  ->  474 circuits
2026-07-29 18:03:04,044  run_gnn_dispatch              INFO        [oracle] EQE1_Bottom  ->  2846 circuits
2026-07-29 18:03:04,044  run_gnn_dispatch              INFO        [oracle] QExa20  ->  1797 circuits
2026-07-29 18:03:04,053  run_gnn_dispatch              INFO        [oracle] overall mean fidelity: 0.3759  (load CV: 0.697)
2026-07-29 18:03:04,053  run_gnn_dispatch              INFO        [gt_weighted] EQE1_Top  ->  1691 circuits
2026-07-29 18:03:04,053  run_gnn_dispatch              INFO        [gt_weighted] EQE1_Bottom  ->  1873 circuits
2026-07-29 18:03:04,053  run_gnn_dispatch              INFO        [gt_weighted] QExa20  ->  1553 circuits
2026-07-29 18:03:04,062  run_gnn_dispatch              INFO        [gt_weighted] overall mean fidelity: 0.3714  (load CV: 0.094)
2026-07-29 18:03:04,062  run_gnn_dispatch              INFO        [gnn] EQE1_Top  ->  1656 circuits
2026-07-29 18:03:04,062  run_gnn_dispatch              INFO        [gnn] EQE1_Bottom  ->  1888 circuits
2026-07-29 18:03:04,062  run_gnn_dispatch              INFO        [gnn] QExa20  ->  1557 circuits
2026-07-29 18:03:04,071  run_gnn_dispatch              INFO        [gnn] overall mean fidelity: 0.3700  (load CV: 0.100)
2026-07-29 18:03:04,071  run_gnn_dispatch              INFO        [round_robin] EQE1_Top  ->  1706 circuits
2026-07-29 18:03:04,071  run_gnn_dispatch              INFO        [round_robin] EQE1_Bottom  ->  1706 circuits
2026-07-29 18:03:04,071  run_gnn_dispatch              INFO        [round_robin] QExa20  ->  1705 circuits
2026-07-29 18:03:04,079  run_gnn_dispatch              INFO        [round_robin] overall mean fidelity: 0.3436  (load CV: 0.000)
2026-07-29 18:03:04,084  run_gnn_dispatch              INFO        [cross-policy oracle↔gnn] agreement: 59.3%  mean regret: 0.0070
2026-07-29 18:03:04,088  run_gnn_dispatch              INFO        [cross-policy gt_weighted↔gnn] agreement: 74.7%  mean regret: 0.0026
2026-07-29 18:03:04,088  run_gnn_dispatch              INFO      === Fidelity weight 0.70 ===
2026-07-29 18:03:04,252  run_gnn_dispatch              INFO        [oracle] EQE1_Top  ->  474 circuits
2026-07-29 18:03:04,252  run_gnn_dispatch              INFO        [oracle] EQE1_Bottom  ->  2846 circuits
2026-07-29 18:03:04,253  run_gnn_dispatch              INFO        [oracle] QExa20  ->  1797 circuits
2026-07-29 18:03:04,261  run_gnn_dispatch              INFO        [oracle] overall mean fidelity: 0.3759  (load CV: 0.697)
2026-07-29 18:03:04,261  run_gnn_dispatch              INFO        [gt_weighted] EQE1_Top  ->  1689 circuits
2026-07-29 18:03:04,261  run_gnn_dispatch              INFO        [gt_weighted] EQE1_Bottom  ->  1953 circuits
2026-07-29 18:03:04,261  run_gnn_dispatch              INFO        [gt_weighted] QExa20  ->  1475 circuits
2026-07-29 18:03:04,271  run_gnn_dispatch              INFO        [gt_weighted] overall mean fidelity: 0.3727  (load CV: 0.140)
2026-07-29 18:03:04,271  run_gnn_dispatch              INFO        [gnn] EQE1_Top  ->  1647 circuits
2026-07-29 18:03:04,271  run_gnn_dispatch              INFO        [gnn] EQE1_Bottom  ->  1976 circuits
2026-07-29 18:03:04,271  run_gnn_dispatch              INFO        [gnn] QExa20  ->  1478 circuits
2026-07-29 18:03:04,279  run_gnn_dispatch              INFO        [gnn] overall mean fidelity: 0.3714  (load CV: 0.149)
2026-07-29 18:03:04,279  run_gnn_dispatch              INFO        [round_robin] EQE1_Top  ->  1706 circuits
2026-07-29 18:03:04,279  run_gnn_dispatch              INFO        [round_robin] EQE1_Bottom  ->  1706 circuits
2026-07-29 18:03:04,279  run_gnn_dispatch              INFO        [round_robin] QExa20  ->  1705 circuits
2026-07-29 18:03:04,287  run_gnn_dispatch              INFO        [round_robin] overall mean fidelity: 0.3436  (load CV: 0.000)
2026-07-29 18:03:04,292  run_gnn_dispatch              INFO        [cross-policy oracle↔gnn] agreement: 61.5%  mean regret: 0.0056
2026-07-29 18:03:04,296  run_gnn_dispatch              INFO        [cross-policy gt_weighted↔gnn] agreement: 77.6%  mean regret: 0.0024
2026-07-29 18:03:04,298  run_gnn_dispatch              INFO      === Fidelity weight 0.80 ===
2026-07-29 18:03:04,339  run_gnn_dispatch              INFO        [oracle] EQE1_Top  ->  474 circuits
2026-07-29 18:03:04,339  run_gnn_dispatch              INFO        [oracle] EQE1_Bottom  ->  2846 circuits
2026-07-29 18:03:04,339  run_gnn_dispatch              INFO        [oracle] QExa20  ->  1797 circuits
2026-07-29 18:03:04,347  run_gnn_dispatch              INFO        [oracle] overall mean fidelity: 0.3759  (load CV: 0.697)
2026-07-29 18:03:04,347  run_gnn_dispatch              INFO        [gt_weighted] EQE1_Top  ->  1657 circuits
2026-07-29 18:03:04,347  run_gnn_dispatch              INFO        [gt_weighted] EQE1_Bottom  ->  2076 circuits
2026-07-29 18:03:04,347  run_gnn_dispatch              INFO        [gt_weighted] QExa20  ->  1384 circuits
2026-07-29 18:03:04,356  run_gnn_dispatch              INFO        [gt_weighted] overall mean fidelity: 0.3738  (load CV: 0.204)
2026-07-29 18:03:04,356  run_gnn_dispatch              INFO        [gnn] EQE1_Top  ->  1602 circuits
2026-07-29 18:03:04,356  run_gnn_dispatch              INFO        [gnn] EQE1_Bottom  ->  2124 circuits
2026-07-29 18:03:04,358  run_gnn_dispatch              INFO        [gnn] QExa20  ->  1375 circuits
2026-07-29 18:03:04,367  run_gnn_dispatch              INFO        [gnn] overall mean fidelity: 0.3727  (load CV: 0.226)
2026-07-29 18:03:04,367  run_gnn_dispatch              INFO        [round_robin] EQE1_Top  ->  1706 circuits
2026-07-29 18:03:04,367  run_gnn_dispatch              INFO        [round_robin] EQE1_Bottom  ->  1706 circuits
2026-07-29 18:03:04,367  run_gnn_dispatch              INFO        [round_robin] QExa20  ->  1705 circuits
2026-07-29 18:03:04,376  run_gnn_dispatch              INFO        [round_robin] overall mean fidelity: 0.3436  (load CV: 0.000)
2026-07-29 18:03:04,380  run_gnn_dispatch              INFO        [cross-policy oracle↔gnn] agreement: 65.3%  mean regret: 0.0043
2026-07-29 18:03:04,384  run_gnn_dispatch              INFO        [cross-policy gt_weighted↔gnn] agreement: 79.5%  mean regret: 0.0023
2026-07-29 18:03:04,384  run_gnn_dispatch              INFO      === Fidelity weight 0.90 ===
2026-07-29 18:03:04,424  run_gnn_dispatch              INFO        [oracle] EQE1_Top  ->  474 circuits
2026-07-29 18:03:04,424  run_gnn_dispatch              INFO        [oracle] EQE1_Bottom  ->  2846 circuits
2026-07-29 18:03:04,424  run_gnn_dispatch              INFO        [oracle] QExa20  ->  1797 circuits
2026-07-29 18:03:04,433  run_gnn_dispatch              INFO        [oracle] overall mean fidelity: 0.3759  (load CV: 0.697)
2026-07-29 18:03:04,433  run_gnn_dispatch              INFO        [gt_weighted] EQE1_Top  ->  1538 circuits
2026-07-29 18:03:04,433  run_gnn_dispatch              INFO        [gt_weighted] EQE1_Bottom  ->  2288 circuits
2026-07-29 18:03:04,433  run_gnn_dispatch              INFO        [gt_weighted] QExa20  ->  1291 circuits
2026-07-29 18:03:04,442  run_gnn_dispatch              INFO        [gt_weighted] overall mean fidelity: 0.3749  (load CV: 0.304)
2026-07-29 18:03:04,442  run_gnn_dispatch              INFO        [gnn] EQE1_Top  ->  1429 circuits
2026-07-29 18:03:04,442  run_gnn_dispatch              INFO        [gnn] EQE1_Bottom  ->  2380 circuits
2026-07-29 18:03:04,443  run_gnn_dispatch              INFO        [gnn] QExa20  ->  1292 circuits
2026-07-29 18:03:04,451  run_gnn_dispatch              INFO        [gnn] overall mean fidelity: 0.3740  (load CV: 0.349)
2026-07-29 18:03:04,451  run_gnn_dispatch              INFO        [round_robin] EQE1_Top  ->  1706 circuits
2026-07-29 18:03:04,451  run_gnn_dispatch              INFO        [round_robin] EQE1_Bottom  ->  1706 circuits
2026-07-29 18:03:04,451  run_gnn_dispatch              INFO        [round_robin] QExa20  ->  1705 circuits
2026-07-29 18:03:04,460  run_gnn_dispatch              INFO        [round_robin] overall mean fidelity: 0.3436  (load CV: 0.000)
2026-07-29 18:03:04,464  run_gnn_dispatch              INFO        [cross-policy oracle↔gnn] agreement: 70.7%  mean regret: 0.0030
2026-07-29 18:03:04,468  run_gnn_dispatch              INFO        [cross-policy gt_weighted↔gnn] agreement: 79.6%  mean regret: 0.0020
2026-07-29 18:03:04,468  run_gnn_dispatch              INFO      === Fidelity weight 1.00 ===
2026-07-29 18:03:04,509  run_gnn_dispatch              INFO        [oracle] EQE1_Top  ->  474 circuits
2026-07-29 18:03:04,509  run_gnn_dispatch              INFO        [oracle] EQE1_Bottom  ->  2846 circuits
2026-07-29 18:03:04,509  run_gnn_dispatch              INFO        [oracle] QExa20  ->  1797 circuits
2026-07-29 18:03:04,517  run_gnn_dispatch              INFO        [oracle] overall mean fidelity: 0.3759  (load CV: 0.697)
2026-07-29 18:03:04,517  run_gnn_dispatch              INFO        [gt_weighted] EQE1_Top  ->  474 circuits
2026-07-29 18:03:04,517  run_gnn_dispatch              INFO        [gt_weighted] EQE1_Bottom  ->  2846 circuits
2026-07-29 18:03:04,517  run_gnn_dispatch              INFO        [gt_weighted] QExa20  ->  1797 circuits
2026-07-29 18:03:04,526  run_gnn_dispatch              INFO        [gt_weighted] overall mean fidelity: 0.3759  (load CV: 0.697)
2026-07-29 18:03:04,526  run_gnn_dispatch              INFO        [gnn] EQE1_Top  ->  435 circuits
2026-07-29 18:03:04,526  run_gnn_dispatch              INFO        [gnn] EQE1_Bottom  ->  3366 circuits
2026-07-29 18:03:04,527  run_gnn_dispatch              INFO        [gnn] QExa20  ->  1300 circuits
2026-07-29 18:03:04,536  run_gnn_dispatch              INFO        [gnn] overall mean fidelity: 0.3749  (load CV: 0.886)
2026-07-29 18:03:04,536  run_gnn_dispatch              INFO        [round_robin] EQE1_Top  ->  1706 circuits
2026-07-29 18:03:04,536  run_gnn_dispatch              INFO        [round_robin] EQE1_Bottom  ->  1706 circuits
2026-07-29 18:03:04,536  run_gnn_dispatch              INFO        [round_robin] QExa20  ->  1705 circuits
2026-07-29 18:03:04,544  run_gnn_dispatch              INFO        [round_robin] overall mean fidelity: 0.3436  (load CV: 0.000)
2026-07-29 18:03:04,548  run_gnn_dispatch              INFO        [cross-policy oracle↔gnn] agreement: 80.4%  mean regret: 0.0022
2026-07-29 18:03:04,552  run_gnn_dispatch              INFO        [cross-policy gt_weighted↔gnn] agreement: 80.4%  mean regret: 0.0022
2026-07-29 18:03:04,577  run_gnn_dispatch              INFO      Ground-truth fidelities saved to evaluations/pipeline/results_v2_dense/fidelity_ground_truth.json
2026-07-29 18:03:04,603  run_gnn_dispatch              INFO      GNN-predicted fidelities saved to evaluations/pipeline/results_v2_dense/fidelity_gnn_predicted.json
2026-07-29 18:03:04,669  run_gnn_dispatch              INFO      Full results saved to evaluations/pipeline/results_v2_dense/dispatch_results.json
2026-07-29 18:03:04,672  run_gnn_dispatch              INFO      Summary CSV saved to evaluations/pipeline/results_v2_dense/dispatch_summary.csv
2026-07-29 18:03:04,674  run_gnn_dispatch              INFO      Cross-policy CSV saved to evaluations/pipeline/results_v2_dense/cross_policy_summary.csv
