2026-10-08 07:13:51,091  genstudy.io               INFO     Logging to evaluations/generalization_v4/results/v4_xattn_mixed/size_extrapolation/run.log
2026-10-08 07:13:51,091  run_experiment            INFO     Command line: evaluations/generalization_v3/scripts/run_experiment.py size --model xattn --balance-alpha 0 --lr 3e-4 --grad-clip 1.0 --seed 5 --families large --groups vqe --loss mixed --val-mode random --results-dir evaluations/generalization_v4/results/v4_xattn_mixed
2026-10-08 07:13:51,091  gsv2.gpu                  WARNING  No CUDA device available — running on the CPU.
2026-10-08 07:13:51,092  gsv3.model                INFO     Hyper-parameters (/home/atudisco/pred-distr-tool/src/model/best_params.json + v3 defaults): {'device_hidden': 64, 'device_layers': 3, 'fusion_dim': 128, 'qubit_layers': 2, 'attn_heads': 4, 'lap_pe': 8, 'cost_bias_init': -6.0, 'hidden_dim': 142, 'num_conv_wo_resnet': 3, 'num_resnet_layers': 1, 'dropout': 0.0, 'bidirectional': True, 'mlp': [512, 256, 128], 'lr': 0.001, 'readout': 'meanmaxsum'}
2026-10-08 07:13:51,101  gsv3.devices              INFO     Device graphs: node features 13 (Laplacian PE 8), physical errors False
2026-10-08 07:13:51,102  genstudy.data             INFO     Loading graph dataset: /home/atudisco/pred-distr-tool/evaluations/generalization_v3/data/graph_dataset_expected_fidelity.pt
2026-10-08 07:13:55,212  genstudy.data             INFO     Loaded 17056 graphs
2026-10-08 07:13:55,244  genstudy.io               INFO     Wrote evaluations/generalization_v4/results/v4_xattn_mixed/size_extrapolation/dataset_summary.json
2026-10-08 07:13:55,246  run_experiment            INFO     [1/1] qmax_14
2026-10-08 07:13:55,248  gsv3.experiment           INFO     === size_holdout / qmax_14 ===
2026-10-08 07:13:55,249  gsv3.experiment           INFO     Size extrapolation: train = 12470 circuits with 2-14 qubits, test = 4586 circuits with 15-20 qubits.
2026-10-08 07:13:55,249  gsv3.experiment           INFO     train=9976  val=2494 ({'mode': 'random'})  test=4586
2026-10-08 07:13:58,611  gsv3.training             INFO     [size_holdout:qmax_14] model=xattn (945113 params) train=9976 val=2494 lr=0.0003 clip=1.0 alpha=0.00
2026-10-08 07:15:00,123  gsv3.training             INFO     [size_holdout:qmax_14] epoch 0001  train_log_mse=0.49337  val_log_mse=0.65371  val_mse=0.004494  max_grad=1887.68  patience=0/30
2026-10-08 07:16:01,607  gsv3.training             INFO     [size_holdout:qmax_14] epoch 0002  train_log_mse=0.06044  val_log_mse=0.27523  val_mse=0.002306  max_grad=29.89  patience=0/30
2026-10-08 07:17:02,734  gsv3.training             INFO     [size_holdout:qmax_14] epoch 0003  train_log_mse=0.04095  val_log_mse=0.24210  val_mse=0.001752  max_grad=12.41  patience=0/30
2026-10-08 07:18:03,859  gsv3.training             INFO     [size_holdout:qmax_14] epoch 0004  train_log_mse=0.02754  val_log_mse=0.26405  val_mse=0.001645  max_grad=8.58  patience=0/30
2026-10-08 07:19:05,044  gsv3.training             INFO     [size_holdout:qmax_14] epoch 0005  train_log_mse=0.02701  val_log_mse=0.15166  val_mse=0.001336  max_grad=11.10  patience=0/30
2026-10-08 07:20:06,080  gsv3.training             INFO     [size_holdout:qmax_14] epoch 0006  train_log_mse=0.01996  val_log_mse=0.17732  val_mse=0.001272  max_grad=8.25  patience=0/30
2026-10-08 07:21:07,293  gsv3.training             INFO     [size_holdout:qmax_14] epoch 0007  train_log_mse=0.02100  val_log_mse=0.22987  val_mse=0.001295  max_grad=10.61  patience=1/30
2026-10-08 07:22:08,331  gsv3.training             INFO     [size_holdout:qmax_14] epoch 0008  train_log_mse=0.01710  val_log_mse=0.14286  val_mse=0.001630  max_grad=6.04  patience=2/30
2026-10-08 07:23:09,616  gsv3.training             INFO     [size_holdout:qmax_14] epoch 0009  train_log_mse=0.01715  val_log_mse=0.13909  val_mse=0.001055  max_grad=4.87  patience=0/30
2026-10-08 07:24:11,231  gsv3.training             INFO     [size_holdout:qmax_14] epoch 0010  train_log_mse=0.01417  val_log_mse=0.19804  val_mse=0.001202  max_grad=4.73  patience=1/30
2026-10-08 07:25:12,533  gsv3.training             INFO     [size_holdout:qmax_14] epoch 0011  train_log_mse=0.01491  val_log_mse=0.11316  val_mse=0.001217  max_grad=5.89  patience=2/30
2026-10-08 07:26:14,238  gsv3.training             INFO     [size_holdout:qmax_14] epoch 0012  train_log_mse=0.01586  val_log_mse=0.09306  val_mse=0.000884  max_grad=6.65  patience=0/30
2026-10-08 07:27:15,696  gsv3.training             INFO     [size_holdout:qmax_14] epoch 0013  train_log_mse=0.01278  val_log_mse=0.13545  val_mse=0.000887  max_grad=4.11  patience=1/30
2026-10-08 07:28:17,154  gsv3.training             INFO     [size_holdout:qmax_14] epoch 0014  train_log_mse=0.01075  val_log_mse=0.11976  val_mse=0.000906  max_grad=3.24  patience=2/30
2026-10-08 07:29:18,762  gsv3.training             INFO     [size_holdout:qmax_14] epoch 0015  train_log_mse=0.01069  val_log_mse=0.13063  val_mse=0.000940  max_grad=3.56  patience=3/30
2026-10-08 07:30:20,101  gsv3.training             INFO     [size_holdout:qmax_14] epoch 0016  train_log_mse=0.01173  val_log_mse=0.09728  val_mse=0.000930  max_grad=3.67  patience=4/30
2026-10-08 07:31:21,380  gsv3.training             INFO     [size_holdout:qmax_14] epoch 0017  train_log_mse=0.00889  val_log_mse=0.11329  val_mse=0.000888  max_grad=3.25  patience=5/30
2026-10-08 07:32:22,872  gsv3.training             INFO     [size_holdout:qmax_14] epoch 0018  train_log_mse=0.00952  val_log_mse=0.10576  val_mse=0.000813  max_grad=4.72  patience=0/30
2026-10-08 07:33:24,726  gsv3.training             INFO     [size_holdout:qmax_14] epoch 0019  train_log_mse=0.00829  val_log_mse=0.15922  val_mse=0.000885  max_grad=4.37  patience=1/30
2026-10-08 07:34:26,361  gsv3.training             INFO     [size_holdout:qmax_14] epoch 0020  train_log_mse=0.00883  val_log_mse=0.10715  val_mse=0.000753  max_grad=4.23  patience=0/30
2026-10-08 07:35:28,157  gsv3.training             INFO     [size_holdout:qmax_14] epoch 0021  train_log_mse=0.00861  val_log_mse=0.16798  val_mse=0.000856  max_grad=3.13  patience=1/30
2026-10-08 07:36:29,577  gsv3.training             INFO     [size_holdout:qmax_14] epoch 0022  train_log_mse=0.00833  val_log_mse=0.07316  val_mse=0.000673  max_grad=4.13  patience=0/30
2026-10-08 07:37:31,403  gsv3.training             INFO     [size_holdout:qmax_14] epoch 0023  train_log_mse=0.00686  val_log_mse=0.07639  val_mse=0.000704  max_grad=3.19  patience=1/30
2026-10-08 07:38:33,137  gsv3.training             INFO     [size_holdout:qmax_14] epoch 0024  train_log_mse=0.00752  val_log_mse=0.09753  val_mse=0.000696  max_grad=3.06  patience=2/30
2026-10-08 07:39:34,955  gsv3.training             INFO     [size_holdout:qmax_14] epoch 0025  train_log_mse=0.00632  val_log_mse=0.10697  val_mse=0.001060  max_grad=2.43  patience=3/30
2026-10-08 07:40:36,896  gsv3.training             INFO     [size_holdout:qmax_14] epoch 0026  train_log_mse=0.00677  val_log_mse=0.06503  val_mse=0.000703  max_grad=3.27  patience=4/30
2026-10-08 07:41:38,496  gsv3.training             INFO     [size_holdout:qmax_14] epoch 0027  train_log_mse=0.00634  val_log_mse=0.06776  val_mse=0.000647  max_grad=2.60  patience=0/30
2026-10-08 07:42:40,262  gsv3.training             INFO     [size_holdout:qmax_14] epoch 0028  train_log_mse=0.00728  val_log_mse=0.07660  val_mse=0.000654  max_grad=3.14  patience=1/30
2026-10-08 07:43:42,235  gsv3.training             INFO     [size_holdout:qmax_14] epoch 0029  train_log_mse=0.00649  val_log_mse=0.06336  val_mse=0.000616  max_grad=2.67  patience=0/30
2026-10-08 07:44:43,926  gsv3.training             INFO     [size_holdout:qmax_14] epoch 0030  train_log_mse=0.00588  val_log_mse=0.06565  val_mse=0.000804  max_grad=1.68  patience=1/30
2026-10-08 07:45:45,485  gsv3.training             INFO     [size_holdout:qmax_14] epoch 0031  train_log_mse=0.00536  val_log_mse=0.06918  val_mse=0.000582  max_grad=2.21  patience=0/30
2026-10-08 07:46:46,958  gsv3.training             INFO     [size_holdout:qmax_14] epoch 0032  train_log_mse=0.00562  val_log_mse=0.07108  val_mse=0.000659  max_grad=1.82  patience=1/30
2026-10-08 07:47:48,534  gsv3.training             INFO     [size_holdout:qmax_14] epoch 0033  train_log_mse=0.00611  val_log_mse=0.07410  val_mse=0.000613  max_grad=3.55  patience=2/30
2026-10-08 07:48:50,212  gsv3.training             INFO     [size_holdout:qmax_14] epoch 0034  train_log_mse=0.00557  val_log_mse=0.09571  val_mse=0.000601  max_grad=1.70  patience=3/30
2026-10-08 07:49:51,887  gsv3.training             INFO     [size_holdout:qmax_14] epoch 0035  train_log_mse=0.00536  val_log_mse=0.07541  val_mse=0.000608  max_grad=2.99  patience=4/30
2026-10-08 07:50:53,574  gsv3.training             INFO     [size_holdout:qmax_14] epoch 0036  train_log_mse=0.00567  val_log_mse=0.11802  val_mse=0.000631  max_grad=2.23  patience=5/30
2026-10-08 07:51:55,130  gsv3.training             INFO     [size_holdout:qmax_14] epoch 0037  train_log_mse=0.00501  val_log_mse=0.06774  val_mse=0.000623  max_grad=1.66  patience=6/30
2026-10-08 07:52:56,821  gsv3.training             INFO     [size_holdout:qmax_14] epoch 0038  train_log_mse=0.00525  val_log_mse=0.06833  val_mse=0.000548  max_grad=2.20  patience=0/30
2026-10-08 07:53:58,592  gsv3.training             INFO     [size_holdout:qmax_14] epoch 0039  train_log_mse=0.00474  val_log_mse=0.06831  val_mse=0.000634  max_grad=1.70  patience=1/30
2026-10-08 07:55:00,394  gsv3.training             INFO     [size_holdout:qmax_14] epoch 0040  train_log_mse=0.00501  val_log_mse=0.08143  val_mse=0.000586  max_grad=2.74  patience=2/30
2026-10-08 07:56:01,969  gsv3.training             INFO     [size_holdout:qmax_14] epoch 0041  train_log_mse=0.00512  val_log_mse=0.06142  val_mse=0.000601  max_grad=2.35  patience=3/30
2026-10-08 07:57:03,601  gsv3.training             INFO     [size_holdout:qmax_14] epoch 0042  train_log_mse=0.00483  val_log_mse=0.08235  val_mse=0.000718  max_grad=2.25  patience=4/30
2026-10-08 07:58:05,583  gsv3.training             INFO     [size_holdout:qmax_14] epoch 0043  train_log_mse=0.00546  val_log_mse=0.08806  val_mse=0.000676  max_grad=2.16  patience=5/30
2026-10-08 07:59:07,677  gsv3.training             INFO     [size_holdout:qmax_14] epoch 0044  train_log_mse=0.00445  val_log_mse=0.06650  val_mse=0.000735  max_grad=1.44  patience=6/30
2026-10-08 08:00:09,484  gsv3.training             INFO     [size_holdout:qmax_14] epoch 0045  train_log_mse=0.00527  val_log_mse=0.08117  val_mse=0.000546  max_grad=2.85  patience=0/30
2026-10-08 08:01:11,049  gsv3.training             INFO     [size_holdout:qmax_14] epoch 0046  train_log_mse=0.00412  val_log_mse=0.06696  val_mse=0.000564  max_grad=1.43  patience=1/30
2026-10-08 08:02:12,680  gsv3.training             INFO     [size_holdout:qmax_14] epoch 0047  train_log_mse=0.00485  val_log_mse=0.06461  val_mse=0.000527  max_grad=2.06  patience=0/30
2026-10-08 08:03:14,410  gsv3.training             INFO     [size_holdout:qmax_14] epoch 0048  train_log_mse=0.00435  val_log_mse=0.07070  val_mse=0.000599  max_grad=1.56  patience=1/30
2026-10-08 08:04:16,218  gsv3.training             INFO     [size_holdout:qmax_14] epoch 0049  train_log_mse=0.00422  val_log_mse=0.07850  val_mse=0.000534  max_grad=1.28  patience=2/30
2026-10-08 08:05:17,833  gsv3.training             INFO     [size_holdout:qmax_14] epoch 0050  train_log_mse=0.00463  val_log_mse=0.05795  val_mse=0.000541  max_grad=1.93  patience=3/30
2026-10-08 08:06:19,402  gsv3.training             INFO     [size_holdout:qmax_14] epoch 0051  train_log_mse=0.00395  val_log_mse=0.05870  val_mse=0.000525  max_grad=1.56  patience=0/30
2026-10-08 08:07:22,228  gsv3.training             INFO     [size_holdout:qmax_14] epoch 0052  train_log_mse=0.00462  val_log_mse=0.06384  val_mse=0.000589  max_grad=2.84  patience=1/30
2026-10-08 08:08:24,177  gsv3.training             INFO     [size_holdout:qmax_14] epoch 0053  train_log_mse=0.00405  val_log_mse=0.08435  val_mse=0.000511  max_grad=1.52  patience=0/30
2026-10-08 08:09:26,317  gsv3.training             INFO     [size_holdout:qmax_14] epoch 0054  train_log_mse=0.00453  val_log_mse=0.05773  val_mse=0.000542  max_grad=2.25  patience=1/30
2026-10-08 08:10:28,276  gsv3.training             INFO     [size_holdout:qmax_14] epoch 0055  train_log_mse=0.00479  val_log_mse=0.08087  val_mse=0.000692  max_grad=2.46  patience=2/30
2026-10-08 08:11:30,083  gsv3.training             INFO     [size_holdout:qmax_14] epoch 0056  train_log_mse=0.00411  val_log_mse=0.05430  val_mse=0.000510  max_grad=1.60  patience=0/30
2026-10-08 08:12:31,954  gsv3.training             INFO     [size_holdout:qmax_14] epoch 0057  train_log_mse=0.00483  val_log_mse=0.07053  val_mse=0.000541  max_grad=2.47  patience=1/30
2026-10-08 08:13:33,671  gsv3.training             INFO     [size_holdout:qmax_14] epoch 0058  train_log_mse=0.00407  val_log_mse=0.05975  val_mse=0.000575  max_grad=1.77  patience=2/30
2026-10-08 08:14:35,510  gsv3.training             INFO     [size_holdout:qmax_14] epoch 0059  train_log_mse=0.00425  val_log_mse=0.05951  val_mse=0.000540  max_grad=1.68  patience=3/30
2026-10-08 08:15:37,351  gsv3.training             INFO     [size_holdout:qmax_14] epoch 0060  train_log_mse=0.00352  val_log_mse=0.06550  val_mse=0.000531  max_grad=1.33  patience=4/30
2026-10-08 08:16:39,330  gsv3.training             INFO     [size_holdout:qmax_14] epoch 0061  train_log_mse=0.00362  val_log_mse=0.06877  val_mse=0.000592  max_grad=1.41  patience=5/30
2026-10-08 08:17:41,077  gsv3.training             INFO     [size_holdout:qmax_14] epoch 0062  train_log_mse=0.00382  val_log_mse=0.05774  val_mse=0.000510  max_grad=2.24  patience=6/30
2026-10-08 08:18:42,981  gsv3.training             INFO     [size_holdout:qmax_14] epoch 0063  train_log_mse=0.00391  val_log_mse=0.06599  val_mse=0.000506  max_grad=2.02  patience=0/30
2026-10-08 08:19:44,677  gsv3.training             INFO     [size_holdout:qmax_14] epoch 0064  train_log_mse=0.00382  val_log_mse=0.08497  val_mse=0.000552  max_grad=3.29  patience=1/30
2026-10-08 08:20:46,212  gsv3.training             INFO     [size_holdout:qmax_14] epoch 0065  train_log_mse=0.00409  val_log_mse=0.05999  val_mse=0.000504  max_grad=1.58  patience=0/30
2026-10-08 08:21:47,748  gsv3.training             INFO     [size_holdout:qmax_14] epoch 0066  train_log_mse=0.00367  val_log_mse=0.08042  val_mse=0.000525  max_grad=2.19  patience=1/30
2026-10-08 08:22:49,515  gsv3.training             INFO     [size_holdout:qmax_14] epoch 0067  train_log_mse=0.00363  val_log_mse=0.06519  val_mse=0.000511  max_grad=1.14  patience=2/30
2026-10-08 08:23:51,283  gsv3.training             INFO     [size_holdout:qmax_14] epoch 0068  train_log_mse=0.00404  val_log_mse=0.07867  val_mse=0.000563  max_grad=1.86  patience=3/30
2026-10-08 08:24:53,177  gsv3.training             INFO     [size_holdout:qmax_14] epoch 0069  train_log_mse=0.00348  val_log_mse=0.06009  val_mse=0.000490  max_grad=2.24  patience=0/30
2026-10-08 08:25:54,766  gsv3.training             INFO     [size_holdout:qmax_14] epoch 0070  train_log_mse=0.00380  val_log_mse=0.05944  val_mse=0.000519  max_grad=1.92  patience=1/30
2026-10-08 08:26:56,011  gsv3.training             INFO     [size_holdout:qmax_14] epoch 0071  train_log_mse=0.00371  val_log_mse=0.05811  val_mse=0.000491  max_grad=2.02  patience=2/30
2026-10-08 08:27:57,622  gsv3.training             INFO     [size_holdout:qmax_14] epoch 0072  train_log_mse=0.00374  val_log_mse=0.06642  val_mse=0.000735  max_grad=2.33  patience=3/30
2026-10-08 08:28:59,250  gsv3.training             INFO     [size_holdout:qmax_14] epoch 0073  train_log_mse=0.00395  val_log_mse=0.05690  val_mse=0.000520  max_grad=2.66  patience=4/30
2026-10-08 08:30:00,633  gsv3.training             INFO     [size_holdout:qmax_14] epoch 0074  train_log_mse=0.00387  val_log_mse=0.05379  val_mse=0.000507  max_grad=1.74  patience=5/30
2026-10-08 08:31:02,000  gsv3.training             INFO     [size_holdout:qmax_14] epoch 0075  train_log_mse=0.00348  val_log_mse=0.07443  val_mse=0.000512  max_grad=1.95  patience=6/30
2026-10-08 08:32:03,765  gsv3.training             INFO     [size_holdout:qmax_14] epoch 0076  train_log_mse=0.00363  val_log_mse=0.05935  val_mse=0.000496  max_grad=1.09  patience=7/30
2026-10-08 08:33:05,367  gsv3.training             INFO     [size_holdout:qmax_14] epoch 0077  train_log_mse=0.00344  val_log_mse=0.07530  val_mse=0.000547  max_grad=1.60  patience=8/30
2026-10-08 08:34:07,023  gsv3.training             INFO     [size_holdout:qmax_14] epoch 0078  train_log_mse=0.00375  val_log_mse=0.06675  val_mse=0.000539  max_grad=2.08  patience=9/30
2026-10-08 08:35:08,630  gsv3.training             INFO     [size_holdout:qmax_14] epoch 0079  train_log_mse=0.00320  val_log_mse=0.05955  val_mse=0.000505  max_grad=1.32  patience=10/30
2026-10-08 08:36:10,404  gsv3.training             INFO     [size_holdout:qmax_14] epoch 0080  train_log_mse=0.00371  val_log_mse=0.06271  val_mse=0.000484  max_grad=1.83  patience=0/30
2026-10-08 08:37:12,301  gsv3.training             INFO     [size_holdout:qmax_14] epoch 0081  train_log_mse=0.00335  val_log_mse=0.06029  val_mse=0.000507  max_grad=1.33  patience=1/30
2026-10-08 08:38:14,253  gsv3.training             INFO     [size_holdout:qmax_14] epoch 0082  train_log_mse=0.00321  val_log_mse=0.07162  val_mse=0.000527  max_grad=1.54  patience=2/30
2026-10-08 08:39:16,231  gsv3.training             INFO     [size_holdout:qmax_14] epoch 0083  train_log_mse=0.00342  val_log_mse=0.05638  val_mse=0.000482  max_grad=1.57  patience=0/30
2026-10-08 08:40:18,146  gsv3.training             INFO     [size_holdout:qmax_14] epoch 0084  train_log_mse=0.00384  val_log_mse=0.06581  val_mse=0.000486  max_grad=1.95  patience=1/30
2026-10-08 08:41:19,712  gsv3.training             INFO     [size_holdout:qmax_14] epoch 0085  train_log_mse=0.00342  val_log_mse=0.05723  val_mse=0.000468  max_grad=1.82  patience=0/30
2026-10-08 08:42:21,345  gsv3.training             INFO     [size_holdout:qmax_14] epoch 0086  train_log_mse=0.00339  val_log_mse=0.06113  val_mse=0.000489  max_grad=1.66  patience=1/30
2026-10-08 08:43:22,865  gsv3.training             INFO     [size_holdout:qmax_14] epoch 0087  train_log_mse=0.00299  val_log_mse=0.05728  val_mse=0.000513  max_grad=1.50  patience=2/30
2026-10-08 08:44:24,592  gsv3.training             INFO     [size_holdout:qmax_14] epoch 0088  train_log_mse=0.00342  val_log_mse=0.05844  val_mse=0.000512  max_grad=1.77  patience=3/30
2026-10-08 08:45:26,277  gsv3.training             INFO     [size_holdout:qmax_14] epoch 0089  train_log_mse=0.00371  val_log_mse=0.05688  val_mse=0.000463  max_grad=1.84  patience=0/30
2026-10-08 08:46:28,048  gsv3.training             INFO     [size_holdout:qmax_14] epoch 0090  train_log_mse=0.00305  val_log_mse=0.07313  val_mse=0.000607  max_grad=1.18  patience=1/30
2026-10-08 08:47:29,690  gsv3.training             INFO     [size_holdout:qmax_14] epoch 0091  train_log_mse=0.00315  val_log_mse=0.05671  val_mse=0.000469  max_grad=1.28  patience=2/30
2026-10-08 08:48:31,352  gsv3.training             INFO     [size_holdout:qmax_14] epoch 0092  train_log_mse=0.00338  val_log_mse=0.06537  val_mse=0.000504  max_grad=1.88  patience=3/30
2026-10-08 08:49:33,047  gsv3.training             INFO     [size_holdout:qmax_14] epoch 0093  train_log_mse=0.00367  val_log_mse=0.07045  val_mse=0.000617  max_grad=1.59  patience=4/30
2026-10-08 08:50:34,668  gsv3.training             INFO     [size_holdout:qmax_14] epoch 0094  train_log_mse=0.00304  val_log_mse=0.05380  val_mse=0.000472  max_grad=1.28  patience=5/30
2026-10-08 08:51:36,442  gsv3.training             INFO     [size_holdout:qmax_14] epoch 0095  train_log_mse=0.00303  val_log_mse=0.05628  val_mse=0.000465  max_grad=1.37  patience=6/30
2026-10-08 08:52:38,459  gsv3.training             INFO     [size_holdout:qmax_14] epoch 0096  train_log_mse=0.00292  val_log_mse=0.06507  val_mse=0.000461  max_grad=1.77  patience=0/30
2026-10-08 08:53:40,099  gsv3.training             INFO     [size_holdout:qmax_14] epoch 0097  train_log_mse=0.00350  val_log_mse=0.06366  val_mse=0.000496  max_grad=2.26  patience=1/30
2026-10-08 08:54:41,886  gsv3.training             INFO     [size_holdout:qmax_14] epoch 0098  train_log_mse=0.00317  val_log_mse=0.06520  val_mse=0.000546  max_grad=1.47  patience=2/30
2026-10-08 08:55:43,584  gsv3.training             INFO     [size_holdout:qmax_14] epoch 0099  train_log_mse=0.00305  val_log_mse=0.06046  val_mse=0.000506  max_grad=1.50  patience=3/30
2026-10-08 08:56:45,231  gsv3.training             INFO     [size_holdout:qmax_14] epoch 0100  train_log_mse=0.00318  val_log_mse=0.06233  val_mse=0.000482  max_grad=1.38  patience=4/30
2026-10-08 08:57:46,849  gsv3.training             INFO     [size_holdout:qmax_14] epoch 0101  train_log_mse=0.00344  val_log_mse=0.06565  val_mse=0.000651  max_grad=1.65  patience=5/30
2026-10-08 08:58:48,498  gsv3.training             INFO     [size_holdout:qmax_14] epoch 0102  train_log_mse=0.00333  val_log_mse=0.05824  val_mse=0.000479  max_grad=1.59  patience=6/30
2026-10-08 08:59:49,928  gsv3.training             INFO     [size_holdout:qmax_14] epoch 0103  train_log_mse=0.00376  val_log_mse=0.05017  val_mse=0.000507  max_grad=5.41  patience=7/30
2026-10-08 09:00:51,399  gsv3.training             INFO     [size_holdout:qmax_14] epoch 0104  train_log_mse=0.00315  val_log_mse=0.05384  val_mse=0.000471  max_grad=1.97  patience=8/30
2026-10-08 09:01:53,071  gsv3.training             INFO     [size_holdout:qmax_14] epoch 0105  train_log_mse=0.00289  val_log_mse=0.06130  val_mse=0.000497  max_grad=2.36  patience=9/30
2026-10-08 09:02:54,498  gsv3.training             INFO     [size_holdout:qmax_14] epoch 0106  train_log_mse=0.00298  val_log_mse=0.05295  val_mse=0.000473  max_grad=1.30  patience=10/30
2026-10-08 09:03:56,161  gsv3.training             INFO     [size_holdout:qmax_14] epoch 0107  train_log_mse=0.00282  val_log_mse=0.05219  val_mse=0.000461  max_grad=1.37  patience=0/30
2026-10-08 09:04:56,342  gsv3.training             INFO     [size_holdout:qmax_14] epoch 0108  train_log_mse=0.00329  val_log_mse=0.05434  val_mse=0.000464  max_grad=1.78  patience=1/30
2026-10-08 09:05:53,859  gsv3.training             INFO     [size_holdout:qmax_14] epoch 0109  train_log_mse=0.00301  val_log_mse=0.05689  val_mse=0.000512  max_grad=2.08  patience=2/30
2026-10-08 09:06:51,410  gsv3.training             INFO     [size_holdout:qmax_14] epoch 0110  train_log_mse=0.00289  val_log_mse=0.05232  val_mse=0.000469  max_grad=1.41  patience=3/30
2026-10-08 09:07:48,965  gsv3.training             INFO     [size_holdout:qmax_14] epoch 0111  train_log_mse=0.00286  val_log_mse=0.06032  val_mse=0.000535  max_grad=1.14  patience=4/30
2026-10-08 09:08:46,595  gsv3.training             INFO     [size_holdout:qmax_14] epoch 0112  train_log_mse=0.00266  val_log_mse=0.05314  val_mse=0.000453  max_grad=1.26  patience=0/30
2026-10-08 09:09:43,879  gsv3.training             INFO     [size_holdout:qmax_14] epoch 0113  train_log_mse=0.00294  val_log_mse=0.06202  val_mse=0.000547  max_grad=2.01  patience=1/30
2026-10-08 09:10:41,375  gsv3.training             INFO     [size_holdout:qmax_14] epoch 0114  train_log_mse=0.00305  val_log_mse=0.05699  val_mse=0.000495  max_grad=1.29  patience=2/30
2026-10-08 09:11:39,176  gsv3.training             INFO     [size_holdout:qmax_14] epoch 0115  train_log_mse=0.00287  val_log_mse=0.05624  val_mse=0.000462  max_grad=1.57  patience=3/30
2026-10-08 09:12:36,724  gsv3.training             INFO     [size_holdout:qmax_14] epoch 0116  train_log_mse=0.00293  val_log_mse=0.05346  val_mse=0.000476  max_grad=1.36  patience=4/30
2026-10-08 09:13:33,755  gsv3.training             INFO     [size_holdout:qmax_14] epoch 0117  train_log_mse=0.00282  val_log_mse=0.05319  val_mse=0.000475  max_grad=1.44  patience=5/30
2026-10-08 09:14:30,974  gsv3.training             INFO     [size_holdout:qmax_14] epoch 0118  train_log_mse=0.00255  val_log_mse=0.05533  val_mse=0.000482  max_grad=0.83  patience=6/30
2026-10-08 09:15:28,072  gsv3.training             INFO     [size_holdout:qmax_14] epoch 0119  train_log_mse=0.00290  val_log_mse=0.05312  val_mse=0.000465  max_grad=1.73  patience=7/30
2026-10-08 09:16:25,384  gsv3.training             INFO     [size_holdout:qmax_14] epoch 0120  train_log_mse=0.00269  val_log_mse=0.06121  val_mse=0.000493  max_grad=1.65  patience=8/30
2026-10-08 09:17:23,043  gsv3.training             INFO     [size_holdout:qmax_14] epoch 0121  train_log_mse=0.00299  val_log_mse=0.05881  val_mse=0.000461  max_grad=1.56  patience=9/30
2026-10-08 09:18:20,694  gsv3.training             INFO     [size_holdout:qmax_14] epoch 0122  train_log_mse=0.00263  val_log_mse=0.06308  val_mse=0.000513  max_grad=1.74  patience=10/30
2026-10-08 09:19:18,136  gsv3.training             INFO     [size_holdout:qmax_14] epoch 0123  train_log_mse=0.00267  val_log_mse=0.05493  val_mse=0.000453  max_grad=1.22  patience=11/30
2026-10-08 09:20:15,694  gsv3.training             INFO     [size_holdout:qmax_14] epoch 0124  train_log_mse=0.00275  val_log_mse=0.05881  val_mse=0.000455  max_grad=1.10  patience=12/30
2026-10-08 09:21:13,170  gsv3.training             INFO     [size_holdout:qmax_14] epoch 0125  train_log_mse=0.00269  val_log_mse=0.05571  val_mse=0.000452  max_grad=1.15  patience=0/30
2026-10-08 09:22:10,815  gsv3.training             INFO     [size_holdout:qmax_14] epoch 0126  train_log_mse=0.00324  val_log_mse=0.05798  val_mse=0.000494  max_grad=1.68  patience=1/30
2026-10-08 09:23:08,287  gsv3.training             INFO     [size_holdout:qmax_14] epoch 0127  train_log_mse=0.00290  val_log_mse=0.06531  val_mse=0.000546  max_grad=1.32  patience=2/30
2026-10-08 09:24:05,970  gsv3.training             INFO     [size_holdout:qmax_14] epoch 0128  train_log_mse=0.00287  val_log_mse=0.05472  val_mse=0.000439  max_grad=1.83  patience=0/30
2026-10-08 09:25:03,609  gsv3.training             INFO     [size_holdout:qmax_14] epoch 0129  train_log_mse=0.00240  val_log_mse=0.08323  val_mse=0.000487  max_grad=1.12  patience=1/30
2026-10-08 09:26:01,350  gsv3.training             INFO     [size_holdout:qmax_14] epoch 0130  train_log_mse=0.00280  val_log_mse=0.05388  val_mse=0.000471  max_grad=1.40  patience=2/30
2026-10-08 09:26:58,972  gsv3.training             INFO     [size_holdout:qmax_14] epoch 0131  train_log_mse=0.00254  val_log_mse=0.05474  val_mse=0.000464  max_grad=1.22  patience=3/30
2026-10-08 09:27:56,707  gsv3.training             INFO     [size_holdout:qmax_14] epoch 0132  train_log_mse=0.00259  val_log_mse=0.05103  val_mse=0.000442  max_grad=1.10  patience=4/30
2026-10-08 09:28:54,402  gsv3.training             INFO     [size_holdout:qmax_14] epoch 0133  train_log_mse=0.00288  val_log_mse=0.05449  val_mse=0.000507  max_grad=1.48  patience=5/30
2026-10-08 09:29:52,323  gsv3.training             INFO     [size_holdout:qmax_14] epoch 0134  train_log_mse=0.00292  val_log_mse=0.05717  val_mse=0.000470  max_grad=1.69  patience=6/30
2026-10-08 09:30:50,174  gsv3.training             INFO     [size_holdout:qmax_14] epoch 0135  train_log_mse=0.00276  val_log_mse=0.05742  val_mse=0.000450  max_grad=1.26  patience=7/30
2026-10-08 09:31:47,560  gsv3.training             INFO     [size_holdout:qmax_14] epoch 0136  train_log_mse=0.00306  val_log_mse=0.05261  val_mse=0.000476  max_grad=1.67  patience=8/30
2026-10-08 09:32:44,860  gsv3.training             INFO     [size_holdout:qmax_14] epoch 0137  train_log_mse=0.00260  val_log_mse=0.05412  val_mse=0.000454  max_grad=1.20  patience=9/30
2026-10-08 09:33:42,200  gsv3.training             INFO     [size_holdout:qmax_14] epoch 0138  train_log_mse=0.00243  val_log_mse=0.05351  val_mse=0.000469  max_grad=1.05  patience=10/30
2026-10-08 09:34:39,655  gsv3.training             INFO     [size_holdout:qmax_14] epoch 0139  train_log_mse=0.00249  val_log_mse=0.05145  val_mse=0.000456  max_grad=1.02  patience=11/30
2026-10-08 09:35:37,257  gsv3.training             INFO     [size_holdout:qmax_14] epoch 0140  train_log_mse=0.00248  val_log_mse=0.05605  val_mse=0.000503  max_grad=1.34  patience=12/30
2026-10-08 09:36:34,871  gsv3.training             INFO     [size_holdout:qmax_14] epoch 0141  train_log_mse=0.00275  val_log_mse=0.05045  val_mse=0.000441  max_grad=1.46  patience=13/30
2026-10-08 09:37:32,564  gsv3.training             INFO     [size_holdout:qmax_14] epoch 0142  train_log_mse=0.00272  val_log_mse=0.06534  val_mse=0.000515  max_grad=1.37  patience=14/30
2026-10-08 09:38:30,339  gsv3.training             INFO     [size_holdout:qmax_14] epoch 0143  train_log_mse=0.00276  val_log_mse=0.05066  val_mse=0.000463  max_grad=1.43  patience=15/30
2026-10-08 09:39:28,149  gsv3.training             INFO     [size_holdout:qmax_14] epoch 0144  train_log_mse=0.00237  val_log_mse=0.05683  val_mse=0.000507  max_grad=0.84  patience=16/30
2026-10-08 09:40:25,698  gsv3.training             INFO     [size_holdout:qmax_14] epoch 0145  train_log_mse=0.00261  val_log_mse=0.05620  val_mse=0.000487  max_grad=1.41  patience=17/30
2026-10-08 09:41:22,912  gsv3.training             INFO     [size_holdout:qmax_14] epoch 0146  train_log_mse=0.00263  val_log_mse=0.05709  val_mse=0.000458  max_grad=1.18  patience=18/30
2026-10-08 09:42:19,799  gsv3.training             INFO     [size_holdout:qmax_14] epoch 0147  train_log_mse=0.00271  val_log_mse=0.05690  val_mse=0.000463  max_grad=1.49  patience=19/30
2026-10-08 09:43:16,926  gsv3.training             INFO     [size_holdout:qmax_14] epoch 0148  train_log_mse=0.00247  val_log_mse=0.05200  val_mse=0.000462  max_grad=1.23  patience=20/30
2026-10-08 09:44:13,787  gsv3.training             INFO     [size_holdout:qmax_14] epoch 0149  train_log_mse=0.00247  val_log_mse=0.06637  val_mse=0.000530  max_grad=1.59  patience=21/30
2026-10-08 09:45:10,712  gsv3.training             INFO     [size_holdout:qmax_14] epoch 0150  train_log_mse=0.00241  val_log_mse=0.05469  val_mse=0.000450  max_grad=1.28  patience=22/30
2026-10-08 09:46:08,146  gsv3.training             INFO     [size_holdout:qmax_14] epoch 0151  train_log_mse=0.00270  val_log_mse=0.05685  val_mse=0.000517  max_grad=1.32  patience=23/30
2026-10-08 09:47:05,236  gsv3.training             INFO     [size_holdout:qmax_14] epoch 0152  train_log_mse=0.00267  val_log_mse=0.06271  val_mse=0.000482  max_grad=1.42  patience=24/30
2026-10-08 09:48:02,586  gsv3.training             INFO     [size_holdout:qmax_14] epoch 0153  train_log_mse=0.00278  val_log_mse=0.05228  val_mse=0.000487  max_grad=1.57  patience=25/30
2026-10-08 09:48:59,723  gsv3.training             INFO     [size_holdout:qmax_14] epoch 0154  train_log_mse=0.00249  val_log_mse=0.06120  val_mse=0.000483  max_grad=1.40  patience=26/30
2026-10-08 09:49:56,891  gsv3.training             INFO     [size_holdout:qmax_14] epoch 0155  train_log_mse=0.00236  val_log_mse=0.05129  val_mse=0.000457  max_grad=1.38  patience=27/30
2026-10-08 09:50:54,053  gsv3.training             INFO     [size_holdout:qmax_14] epoch 0156  train_log_mse=0.00281  val_log_mse=0.05479  val_mse=0.000534  max_grad=1.32  patience=28/30
2026-10-08 09:51:51,156  gsv3.training             INFO     [size_holdout:qmax_14] epoch 0157  train_log_mse=0.00243  val_log_mse=0.06252  val_mse=0.000479  max_grad=1.19  patience=29/30
2026-10-08 09:52:48,339  gsv3.training             INFO     [size_holdout:qmax_14] epoch 0158  train_log_mse=0.00239  val_log_mse=0.05301  val_mse=0.000449  max_grad=1.21  patience=30/30
2026-10-08 09:53:02,399  gsv3.experiment           INFO     [qmax_14] TEST  n=4586  MAE=0.0235  R2=0.9082  device-acc=0.576  regret=0.0051
2026-10-08 09:53:02,403  genstudy.io               INFO     Wrote evaluations/generalization_v4/results/v4_xattn_mixed/size_extrapolation/qmax_14/metrics.json
2026-10-08 09:53:02,430  genstudy.io               INFO     Wrote evaluations/generalization_v4/results/v4_xattn_mixed/size_extrapolation/qmax_14/predictions.json
2026-10-08 09:53:02,443  genstudy.io               INFO     Wrote evaluations/generalization_v4/results/v4_xattn_mixed/size_extrapolation/qmax_14/history.json
2026-10-08 09:53:02,485  run_experiment            INFO     size_extrapolation finished: 1 complete, 0 skipped
