2026-10-08 17:06:11,784  genstudy.io               INFO     Logging to evaluations/generalization_v6/results/v6_l01/leave_one_group_out/run.log
2026-10-08 17:06:11,784  run_experiment            INFO     Command line: evaluations/generalization_v3/scripts/run_experiment.py logo --model sinkhorn --balance-alpha 0 --lr 3e-4 --grad-clip 1.0 --seed 5 --families variational --groups variational --loss mixed --val-mode random --layout-lambda 0.1 --layouts-path evaluations/compile_check/results/compiler_layouts_v6pilot.pt --results-dir evaluations/generalization_v6/results/v6_l01
2026-10-08 17:06:11,784  gsv2.gpu                  WARNING  No CUDA device available — running on the CPU.
2026-10-08 17:06:11,785  gsv3.model                INFO     Hyper-parameters (/home/atudisco/pred-distr-tool/src/model/best_params.json + v3 defaults): {'device_hidden': 64, 'device_layers': 3, 'fusion_dim': 128, 'qubit_layers': 2, 'attn_heads': 4, 'lap_pe': 8, 'cost_bias_init': -6.0, 'hidden_dim': 142, 'num_conv_wo_resnet': 3, 'num_resnet_layers': 1, 'dropout': 0.0, 'bidirectional': True, 'mlp': [512, 256, 128], 'lr': 0.001, 'readout': 'meanmaxsum'}
2026-10-08 17:06:11,797  gsv3.devices              INFO     Device graphs: node features 13 (Laplacian PE 8), physical errors True
2026-10-08 17:06:11,798  genstudy.data             INFO     Loading graph dataset: /home/atudisco/pred-distr-tool/evaluations/generalization_v3/data/graph_dataset_expected_fidelity.pt
2026-10-08 17:06:15,130  genstudy.data             INFO     Loaded 17056 graphs
2026-10-08 17:06:15,690  run_experiment            INFO     Compiler layouts (evaluations/compile_check/results/compiler_layouts_v6pilot.pt): 16994/17056 circuits
2026-10-08 17:06:15,712  genstudy.io               INFO     Wrote evaluations/generalization_v6/results/v6_l01/leave_one_group_out/dataset_summary.json
2026-10-08 17:06:15,715  run_experiment            INFO     [1/1] variational
2026-10-08 17:06:15,719  gsv3.experiment           INFO     === group_holdout / variational ===
2026-10-08 17:06:15,719  gsv3.experiment           INFO     Leave-one-group-out: test = all 9928 circuits of group 'variational' (qnn, vqe_real_amp, vqe_su2, vqe_two_local), train = 7128 circuits from the other 31 families.
2026-10-08 17:06:15,720  gsv3.experiment           INFO     train=5702  val=1426 ({'mode': 'random'})  test=9928
2026-10-08 17:06:15,801  gsv3.training             INFO     [group_holdout:variational] model=sinkhorn (979423 params) train=5702 val=1426 lr=0.0003 clip=1.0 alpha=0.00
2026-10-08 17:07:12,940  gsv3.training             INFO     [group_holdout:variational] epoch 0001  layout_ce=3.8402  layout_acc=0.050
2026-10-08 17:07:12,943  gsv3.training             INFO     [group_holdout:variational] epoch 0001  train_log_mse=1.44337  val_log_mse=0.91403  val_mse=0.003510  max_grad=1595.70  patience=0/30
2026-10-08 17:08:10,394  gsv3.training             INFO     [group_holdout:variational] epoch 0002  layout_ce=3.1129  layout_acc=0.071
2026-10-08 17:08:10,397  gsv3.training             INFO     [group_holdout:variational] epoch 0002  train_log_mse=0.39256  val_log_mse=0.52879  val_mse=0.002413  max_grad=38.28  patience=0/30
2026-10-08 17:09:08,142  gsv3.training             INFO     [group_holdout:variational] epoch 0003  layout_ce=2.9755  layout_acc=0.088
2026-10-08 17:09:08,143  gsv3.training             INFO     [group_holdout:variational] epoch 0003  train_log_mse=0.34663  val_log_mse=0.98050  val_mse=0.003531  max_grad=18.91  patience=1/30
2026-10-08 17:10:05,758  gsv3.training             INFO     [group_holdout:variational] epoch 0004  layout_ce=2.8686  layout_acc=0.107
2026-10-08 17:10:05,761  gsv3.training             INFO     [group_holdout:variational] epoch 0004  train_log_mse=0.33223  val_log_mse=0.34352  val_mse=0.001741  max_grad=11.06  patience=0/30
2026-10-08 17:11:03,068  gsv3.training             INFO     [group_holdout:variational] epoch 0005  layout_ce=2.7973  layout_acc=0.123
2026-10-08 17:11:03,069  gsv3.training             INFO     [group_holdout:variational] epoch 0005  train_log_mse=0.31308  val_log_mse=0.20153  val_mse=0.001363  max_grad=9.79  patience=0/30
2026-10-08 17:12:00,078  gsv3.training             INFO     [group_holdout:variational] epoch 0006  layout_ce=2.7469  layout_acc=0.133
2026-10-08 17:12:00,080  gsv3.training             INFO     [group_holdout:variational] epoch 0006  train_log_mse=0.30202  val_log_mse=0.47701  val_mse=0.001283  max_grad=4.67  patience=0/30
2026-10-08 17:12:57,222  gsv3.training             INFO     [group_holdout:variational] epoch 0007  layout_ce=2.7070  layout_acc=0.142
2026-10-08 17:12:57,224  gsv3.training             INFO     [group_holdout:variational] epoch 0007  train_log_mse=0.29181  val_log_mse=0.36020  val_mse=0.001259  max_grad=4.87  patience=0/30
2026-10-08 17:13:54,722  gsv3.training             INFO     [group_holdout:variational] epoch 0008  layout_ce=2.6713  layout_acc=0.150
2026-10-08 17:13:54,723  gsv3.training             INFO     [group_holdout:variational] epoch 0008  train_log_mse=0.28838  val_log_mse=0.19281  val_mse=0.001346  max_grad=4.08  patience=1/30
2026-10-08 17:14:51,832  gsv3.training             INFO     [group_holdout:variational] epoch 0009  layout_ce=2.6301  layout_acc=0.160
2026-10-08 17:14:51,834  gsv3.training             INFO     [group_holdout:variational] epoch 0009  train_log_mse=0.27886  val_log_mse=0.38295  val_mse=0.001249  max_grad=2.77  patience=0/30
2026-10-08 17:15:48,959  gsv3.training             INFO     [group_holdout:variational] epoch 0010  layout_ce=2.5909  layout_acc=0.173
2026-10-08 17:15:48,959  gsv3.training             INFO     [group_holdout:variational] epoch 0010  train_log_mse=0.27425  val_log_mse=0.25614  val_mse=0.001631  max_grad=3.28  patience=1/30
2026-10-08 17:16:44,222  gsv3.training             INFO     [group_holdout:variational] epoch 0011  layout_ce=2.5437  layout_acc=0.186
2026-10-08 17:16:44,224  gsv3.training             INFO     [group_holdout:variational] epoch 0011  train_log_mse=0.27061  val_log_mse=0.29999  val_mse=0.000864  max_grad=3.48  patience=0/30
2026-10-08 17:17:38,215  gsv3.training             INFO     [group_holdout:variational] epoch 0012  layout_ce=2.5082  layout_acc=0.198
2026-10-08 17:17:38,216  gsv3.training             INFO     [group_holdout:variational] epoch 0012  train_log_mse=0.26833  val_log_mse=0.14546  val_mse=0.000843  max_grad=23.89  patience=0/30
2026-10-08 17:18:32,092  gsv3.training             INFO     [group_holdout:variational] epoch 0013  layout_ce=2.4699  layout_acc=0.208
2026-10-08 17:18:32,095  gsv3.training             INFO     [group_holdout:variational] epoch 0013  train_log_mse=0.26500  val_log_mse=0.19467  val_mse=0.000783  max_grad=10.83  patience=0/30
2026-10-08 17:19:26,340  gsv3.training             INFO     [group_holdout:variational] epoch 0014  layout_ce=2.4116  layout_acc=0.228
2026-10-08 17:19:26,340  gsv3.training             INFO     [group_holdout:variational] epoch 0014  train_log_mse=0.25437  val_log_mse=0.34147  val_mse=0.000971  max_grad=9.46  patience=1/30
2026-10-08 17:20:20,480  gsv3.training             INFO     [group_holdout:variational] epoch 0015  layout_ce=2.3329  layout_acc=0.252
2026-10-08 17:20:20,480  gsv3.training             INFO     [group_holdout:variational] epoch 0015  train_log_mse=0.24612  val_log_mse=0.14656  val_mse=0.000793  max_grad=3.51  patience=2/30
2026-10-08 17:21:14,548  gsv3.training             INFO     [group_holdout:variational] epoch 0016  layout_ce=2.2625  layout_acc=0.275
2026-10-08 17:21:14,549  gsv3.training             INFO     [group_holdout:variational] epoch 0016  train_log_mse=0.23761  val_log_mse=0.13371  val_mse=0.000739  max_grad=3.02  patience=0/30
2026-10-08 17:22:08,597  gsv3.training             INFO     [group_holdout:variational] epoch 0017  layout_ce=2.1756  layout_acc=0.301
2026-10-08 17:22:08,597  gsv3.training             INFO     [group_holdout:variational] epoch 0017  train_log_mse=0.22982  val_log_mse=0.14472  val_mse=0.000752  max_grad=3.53  patience=1/30
2026-10-08 17:23:02,422  gsv3.training             INFO     [group_holdout:variational] epoch 0018  layout_ce=2.0757  layout_acc=0.331
2026-10-08 17:23:02,422  gsv3.training             INFO     [group_holdout:variational] epoch 0018  train_log_mse=0.21774  val_log_mse=0.40142  val_mse=0.001123  max_grad=2.10  patience=2/30
2026-10-08 17:23:56,091  gsv3.training             INFO     [group_holdout:variational] epoch 0019  layout_ce=1.9764  layout_acc=0.367
2026-10-08 17:23:56,091  gsv3.training             INFO     [group_holdout:variational] epoch 0019  train_log_mse=0.20912  val_log_mse=0.19984  val_mse=0.000876  max_grad=3.26  patience=3/30
2026-10-08 17:24:50,067  gsv3.training             INFO     [group_holdout:variational] epoch 0020  layout_ce=1.8696  layout_acc=0.403
2026-10-08 17:24:50,069  gsv3.training             INFO     [group_holdout:variational] epoch 0020  train_log_mse=0.19689  val_log_mse=0.16546  val_mse=0.000615  max_grad=2.42  patience=0/30
2026-10-08 17:25:43,976  gsv3.training             INFO     [group_holdout:variational] epoch 0021  layout_ce=1.7738  layout_acc=0.437
2026-10-08 17:25:43,976  gsv3.training             INFO     [group_holdout:variational] epoch 0021  train_log_mse=0.18862  val_log_mse=0.16611  val_mse=0.000780  max_grad=12.26  patience=1/30
2026-10-08 17:26:38,175  gsv3.training             INFO     [group_holdout:variational] epoch 0022  layout_ce=1.6639  layout_acc=0.477
2026-10-08 17:26:38,175  gsv3.training             INFO     [group_holdout:variational] epoch 0022  train_log_mse=0.17679  val_log_mse=0.23125  val_mse=0.000777  max_grad=2.91  patience=2/30
2026-10-08 17:27:36,944  gsv3.training             INFO     [group_holdout:variational] epoch 0023  layout_ce=1.5705  layout_acc=0.509
2026-10-08 17:27:36,944  gsv3.training             INFO     [group_holdout:variational] epoch 0023  train_log_mse=0.16667  val_log_mse=0.21063  val_mse=0.000769  max_grad=5.92  patience=3/30
2026-10-08 17:28:33,987  gsv3.training             INFO     [group_holdout:variational] epoch 0024  layout_ce=1.4781  layout_acc=0.543
2026-10-08 17:28:33,987  gsv3.training             INFO     [group_holdout:variational] epoch 0024  train_log_mse=0.15925  val_log_mse=0.12672  val_mse=0.000665  max_grad=4.81  patience=4/30
2026-10-08 17:29:27,777  gsv3.training             INFO     [group_holdout:variational] epoch 0025  layout_ce=1.3805  layout_acc=0.579
2026-10-08 17:29:27,777  gsv3.training             INFO     [group_holdout:variational] epoch 0025  train_log_mse=0.14923  val_log_mse=0.17048  val_mse=0.000658  max_grad=3.96  patience=5/30
2026-10-08 17:30:21,475  gsv3.training             INFO     [group_holdout:variational] epoch 0026  layout_ce=1.2969  layout_acc=0.606
2026-10-08 17:30:21,475  gsv3.training             INFO     [group_holdout:variational] epoch 0026  train_log_mse=0.14067  val_log_mse=0.19546  val_mse=0.000720  max_grad=3.03  patience=6/30
2026-10-08 17:31:18,093  gsv3.training             INFO     [group_holdout:variational] epoch 0027  layout_ce=1.2283  layout_acc=0.632
2026-10-08 17:31:18,093  gsv3.training             INFO     [group_holdout:variational] epoch 0027  train_log_mse=0.13396  val_log_mse=0.17384  val_mse=0.000849  max_grad=3.65  patience=7/30
2026-10-08 17:32:12,834  gsv3.training             INFO     [group_holdout:variational] epoch 0028  layout_ce=1.1593  layout_acc=0.653
2026-10-08 17:32:12,836  gsv3.training             INFO     [group_holdout:variational] epoch 0028  train_log_mse=0.12558  val_log_mse=0.20055  val_mse=0.000610  max_grad=2.70  patience=0/30
2026-10-08 17:33:10,366  gsv3.training             INFO     [group_holdout:variational] epoch 0029  layout_ce=1.0794  layout_acc=0.681
2026-10-08 17:33:10,368  gsv3.training             INFO     [group_holdout:variational] epoch 0029  train_log_mse=0.11800  val_log_mse=0.13488  val_mse=0.000583  max_grad=5.76  patience=0/30
2026-10-08 17:34:05,545  gsv3.training             INFO     [group_holdout:variational] epoch 0030  layout_ce=1.0416  layout_acc=0.695
2026-10-08 17:34:05,545  gsv3.training             INFO     [group_holdout:variational] epoch 0030  train_log_mse=0.11431  val_log_mse=0.13336  val_mse=0.000623  max_grad=4.99  patience=1/30
2026-10-08 17:35:01,133  gsv3.training             INFO     [group_holdout:variational] epoch 0031  layout_ce=0.9798  layout_acc=0.715
2026-10-08 17:35:01,134  gsv3.training             INFO     [group_holdout:variational] epoch 0031  train_log_mse=0.10701  val_log_mse=0.13942  val_mse=0.000670  max_grad=2.91  patience=2/30
2026-10-08 17:35:56,874  gsv3.training             INFO     [group_holdout:variational] epoch 0032  layout_ce=0.9135  layout_acc=0.737
2026-10-08 17:35:56,875  gsv3.training             INFO     [group_holdout:variational] epoch 0032  train_log_mse=0.10022  val_log_mse=0.14802  val_mse=0.000659  max_grad=2.72  patience=3/30
2026-10-08 17:36:52,126  gsv3.training             INFO     [group_holdout:variational] epoch 0033  layout_ce=0.8622  layout_acc=0.756
2026-10-08 17:36:52,126  gsv3.training             INFO     [group_holdout:variational] epoch 0033  train_log_mse=0.09556  val_log_mse=0.13005  val_mse=0.000617  max_grad=8.34  patience=4/30
2026-10-08 17:37:48,094  gsv3.training             INFO     [group_holdout:variational] epoch 0034  layout_ce=0.8307  layout_acc=0.765
2026-10-08 17:37:48,094  gsv3.training             INFO     [group_holdout:variational] epoch 0034  train_log_mse=0.09249  val_log_mse=0.12954  val_mse=0.000615  max_grad=10.33  patience=5/30
2026-10-08 17:38:43,726  gsv3.training             INFO     [group_holdout:variational] epoch 0035  layout_ce=0.8256  layout_acc=0.767
2026-10-08 17:38:43,726  gsv3.training             INFO     [group_holdout:variational] epoch 0035  train_log_mse=0.09333  val_log_mse=0.13451  val_mse=0.000631  max_grad=6.94  patience=6/30
2026-10-08 17:39:39,819  gsv3.training             INFO     [group_holdout:variational] epoch 0036  layout_ce=0.7882  layout_acc=0.779
2026-10-08 17:39:39,819  gsv3.training             INFO     [group_holdout:variational] epoch 0036  train_log_mse=0.08883  val_log_mse=0.16452  val_mse=0.000633  max_grad=10.44  patience=7/30
2026-10-08 17:40:35,332  gsv3.training             INFO     [group_holdout:variational] epoch 0037  layout_ce=0.7544  layout_acc=0.790
2026-10-08 17:40:35,332  gsv3.training             INFO     [group_holdout:variational] epoch 0037  train_log_mse=0.08517  val_log_mse=0.13223  val_mse=0.000628  max_grad=5.30  patience=8/30
2026-10-08 17:41:31,093  gsv3.training             INFO     [group_holdout:variational] epoch 0038  layout_ce=0.7363  layout_acc=0.795
2026-10-08 17:41:31,094  gsv3.training             INFO     [group_holdout:variational] epoch 0038  train_log_mse=0.08293  val_log_mse=0.12990  val_mse=0.000614  max_grad=15.25  patience=9/30
2026-10-08 17:42:26,583  gsv3.training             INFO     [group_holdout:variational] epoch 0039  layout_ce=0.6851  layout_acc=0.812
2026-10-08 17:42:26,583  gsv3.training             INFO     [group_holdout:variational] epoch 0039  train_log_mse=0.07638  val_log_mse=0.20243  val_mse=0.000919  max_grad=3.57  patience=10/30
2026-10-08 17:43:22,199  gsv3.training             INFO     [group_holdout:variational] epoch 0040  layout_ce=0.6738  layout_acc=0.814
2026-10-08 17:43:22,199  gsv3.training             INFO     [group_holdout:variational] epoch 0040  train_log_mse=0.07631  val_log_mse=0.14342  val_mse=0.000601  max_grad=4.03  patience=11/30
2026-10-08 17:44:21,026  gsv3.training             INFO     [group_holdout:variational] epoch 0041  layout_ce=0.6538  layout_acc=0.820
2026-10-08 17:44:21,027  gsv3.training             INFO     [group_holdout:variational] epoch 0041  train_log_mse=0.07272  val_log_mse=0.11396  val_mse=0.000624  max_grad=2.39  patience=12/30
2026-10-08 17:45:18,092  gsv3.training             INFO     [group_holdout:variational] epoch 0042  layout_ce=0.6278  layout_acc=0.827
2026-10-08 17:45:18,093  gsv3.training             INFO     [group_holdout:variational] epoch 0042  train_log_mse=0.07155  val_log_mse=0.11417  val_mse=0.000572  max_grad=4.30  patience=0/30
2026-10-08 17:46:15,139  gsv3.training             INFO     [group_holdout:variational] epoch 0043  layout_ce=0.6134  layout_acc=0.831
2026-10-08 17:46:15,139  gsv3.training             INFO     [group_holdout:variational] epoch 0043  train_log_mse=0.06890  val_log_mse=0.13266  val_mse=0.000628  max_grad=2.99  patience=1/30
2026-10-08 17:47:12,117  gsv3.training             INFO     [group_holdout:variational] epoch 0044  layout_ce=0.5990  layout_acc=0.835
2026-10-08 17:47:12,117  gsv3.training             INFO     [group_holdout:variational] epoch 0044  train_log_mse=0.06827  val_log_mse=0.16193  val_mse=0.000624  max_grad=2.76  patience=2/30
2026-10-08 17:48:11,144  gsv3.training             INFO     [group_holdout:variational] epoch 0045  layout_ce=0.5846  layout_acc=0.839
2026-10-08 17:48:11,144  gsv3.training             INFO     [group_holdout:variational] epoch 0045  train_log_mse=0.06607  val_log_mse=0.13456  val_mse=0.000712  max_grad=2.16  patience=3/30
2026-10-08 17:49:09,460  gsv3.training             INFO     [group_holdout:variational] epoch 0046  layout_ce=0.5985  layout_acc=0.835
2026-10-08 17:49:09,460  gsv3.training             INFO     [group_holdout:variational] epoch 0046  train_log_mse=0.06772  val_log_mse=0.15967  val_mse=0.000610  max_grad=3.70  patience=4/30
2026-10-08 17:50:05,582  gsv3.training             INFO     [group_holdout:variational] epoch 0047  layout_ce=0.5740  layout_acc=0.840
2026-10-08 17:50:05,582  gsv3.training             INFO     [group_holdout:variational] epoch 0047  train_log_mse=0.06688  val_log_mse=0.15736  val_mse=0.000694  max_grad=5.08  patience=5/30
2026-10-08 17:51:02,439  gsv3.training             INFO     [group_holdout:variational] epoch 0048  layout_ce=0.5428  layout_acc=0.848
2026-10-08 17:51:02,441  gsv3.training             INFO     [group_holdout:variational] epoch 0048  train_log_mse=0.06165  val_log_mse=0.16493  val_mse=0.000567  max_grad=1.70  patience=0/30
2026-10-08 17:51:58,994  gsv3.training             INFO     [group_holdout:variational] epoch 0049  layout_ce=0.5490  layout_acc=0.846
2026-10-08 17:51:58,994  gsv3.training             INFO     [group_holdout:variational] epoch 0049  train_log_mse=0.06212  val_log_mse=0.16094  val_mse=0.000645  max_grad=2.97  patience=1/30
2026-10-08 17:52:55,092  gsv3.training             INFO     [group_holdout:variational] epoch 0050  layout_ce=0.5568  layout_acc=0.845
2026-10-08 17:52:55,092  gsv3.training             INFO     [group_holdout:variational] epoch 0050  train_log_mse=0.06359  val_log_mse=0.11990  val_mse=0.000594  max_grad=3.63  patience=2/30
2026-10-08 17:53:51,345  gsv3.training             INFO     [group_holdout:variational] epoch 0051  layout_ce=0.5295  layout_acc=0.852
2026-10-08 17:53:51,345  gsv3.training             INFO     [group_holdout:variational] epoch 0051  train_log_mse=0.05912  val_log_mse=0.12567  val_mse=0.000585  max_grad=2.80  patience=3/30
2026-10-08 17:54:47,389  gsv3.training             INFO     [group_holdout:variational] epoch 0052  layout_ce=0.5331  layout_acc=0.850
2026-10-08 17:54:47,389  gsv3.training             INFO     [group_holdout:variational] epoch 0052  train_log_mse=0.05976  val_log_mse=0.15567  val_mse=0.000636  max_grad=2.41  patience=4/30
2026-10-08 17:55:44,439  gsv3.training             INFO     [group_holdout:variational] epoch 0053  layout_ce=0.5146  layout_acc=0.855
2026-10-08 17:55:44,439  gsv3.training             INFO     [group_holdout:variational] epoch 0053  train_log_mse=0.05859  val_log_mse=0.13691  val_mse=0.000638  max_grad=4.34  patience=5/30
2026-10-08 17:56:42,142  gsv3.training             INFO     [group_holdout:variational] epoch 0054  layout_ce=0.5231  layout_acc=0.853
2026-10-08 17:56:42,143  gsv3.training             INFO     [group_holdout:variational] epoch 0054  train_log_mse=0.05966  val_log_mse=0.14211  val_mse=0.000602  max_grad=3.49  patience=6/30
2026-10-08 17:57:38,605  gsv3.training             INFO     [group_holdout:variational] epoch 0055  layout_ce=0.5311  layout_acc=0.850
2026-10-08 17:57:38,606  gsv3.training             INFO     [group_holdout:variational] epoch 0055  train_log_mse=0.05972  val_log_mse=0.13089  val_mse=0.000560  max_grad=5.98  patience=0/30
2026-10-08 17:58:35,842  gsv3.training             INFO     [group_holdout:variational] epoch 0056  layout_ce=0.4921  layout_acc=0.860
2026-10-08 17:58:35,842  gsv3.training             INFO     [group_holdout:variational] epoch 0056  train_log_mse=0.05623  val_log_mse=0.18035  val_mse=0.000642  max_grad=2.35  patience=1/30
2026-10-08 17:59:30,602  gsv3.training             INFO     [group_holdout:variational] epoch 0057  layout_ce=0.4868  layout_acc=0.862
2026-10-08 17:59:30,603  gsv3.training             INFO     [group_holdout:variational] epoch 0057  train_log_mse=0.05567  val_log_mse=0.12695  val_mse=0.000599  max_grad=2.45  patience=2/30
2026-10-08 18:00:25,338  gsv3.training             INFO     [group_holdout:variational] epoch 0058  layout_ce=0.5076  layout_acc=0.857
2026-10-08 18:00:25,338  gsv3.training             INFO     [group_holdout:variational] epoch 0058  train_log_mse=0.05801  val_log_mse=0.12716  val_mse=0.000683  max_grad=1.98  patience=3/30
2026-10-08 18:01:19,904  gsv3.training             INFO     [group_holdout:variational] epoch 0059  layout_ce=0.4766  layout_acc=0.864
2026-10-08 18:01:19,904  gsv3.training             INFO     [group_holdout:variational] epoch 0059  train_log_mse=0.05410  val_log_mse=0.12905  val_mse=0.000588  max_grad=2.09  patience=4/30
2026-10-08 18:02:14,541  gsv3.training             INFO     [group_holdout:variational] epoch 0060  layout_ce=0.4866  layout_acc=0.861
2026-10-08 18:02:14,543  gsv3.training             INFO     [group_holdout:variational] epoch 0060  train_log_mse=0.05631  val_log_mse=0.12364  val_mse=0.000553  max_grad=4.05  patience=0/30
2026-10-08 18:03:09,321  gsv3.training             INFO     [group_holdout:variational] epoch 0061  layout_ce=0.4805  layout_acc=0.864
2026-10-08 18:03:09,321  gsv3.training             INFO     [group_holdout:variational] epoch 0061  train_log_mse=0.05455  val_log_mse=0.16649  val_mse=0.000631  max_grad=2.88  patience=1/30
2026-10-08 18:04:04,446  gsv3.training             INFO     [group_holdout:variational] epoch 0062  layout_ce=0.4480  layout_acc=0.870
2026-10-08 18:04:04,446  gsv3.training             INFO     [group_holdout:variational] epoch 0062  train_log_mse=0.05112  val_log_mse=0.14984  val_mse=0.000571  max_grad=2.23  patience=2/30
2026-10-08 18:04:59,235  gsv3.training             INFO     [group_holdout:variational] epoch 0063  layout_ce=0.4577  layout_acc=0.868
2026-10-08 18:04:59,237  gsv3.training             INFO     [group_holdout:variational] epoch 0063  train_log_mse=0.05181  val_log_mse=0.12572  val_mse=0.000550  max_grad=2.00  patience=0/30
2026-10-08 18:05:53,732  gsv3.training             INFO     [group_holdout:variational] epoch 0064  layout_ce=0.4689  layout_acc=0.866
2026-10-08 18:05:53,732  gsv3.training             INFO     [group_holdout:variational] epoch 0064  train_log_mse=0.05246  val_log_mse=0.15668  val_mse=0.000670  max_grad=3.29  patience=1/30
2026-10-08 18:06:48,216  gsv3.training             INFO     [group_holdout:variational] epoch 0065  layout_ce=0.4780  layout_acc=0.864
2026-10-08 18:06:48,216  gsv3.training             INFO     [group_holdout:variational] epoch 0065  train_log_mse=0.05492  val_log_mse=0.11369  val_mse=0.000556  max_grad=3.54  patience=2/30
2026-10-08 18:07:42,925  gsv3.training             INFO     [group_holdout:variational] epoch 0066  layout_ce=0.4401  layout_acc=0.872
2026-10-08 18:07:42,926  gsv3.training             INFO     [group_holdout:variational] epoch 0066  train_log_mse=0.05034  val_log_mse=0.11951  val_mse=0.000551  max_grad=2.06  patience=3/30
2026-10-08 18:08:36,416  gsv3.training             INFO     [group_holdout:variational] epoch 0067  layout_ce=0.4241  layout_acc=0.875
2026-10-08 18:08:36,417  gsv3.training             INFO     [group_holdout:variational] epoch 0067  train_log_mse=0.04728  val_log_mse=0.14774  val_mse=0.000646  max_grad=2.08  patience=4/30
2026-10-08 18:09:26,782  gsv3.training             INFO     [group_holdout:variational] epoch 0068  layout_ce=0.4586  layout_acc=0.868
2026-10-08 18:09:26,782  gsv3.training             INFO     [group_holdout:variational] epoch 0068  train_log_mse=0.05278  val_log_mse=0.19096  val_mse=0.000632  max_grad=3.99  patience=5/30
2026-10-08 18:10:17,099  gsv3.training             INFO     [group_holdout:variational] epoch 0069  layout_ce=0.4750  layout_acc=0.865
2026-10-08 18:10:17,100  gsv3.training             INFO     [group_holdout:variational] epoch 0069  train_log_mse=0.05419  val_log_mse=0.12177  val_mse=0.000590  max_grad=4.07  patience=6/30
2026-10-08 18:11:07,796  gsv3.training             INFO     [group_holdout:variational] epoch 0070  layout_ce=0.4262  layout_acc=0.877
2026-10-08 18:11:07,796  gsv3.training             INFO     [group_holdout:variational] epoch 0070  train_log_mse=0.04817  val_log_mse=0.12843  val_mse=0.000620  max_grad=1.57  patience=7/30
2026-10-08 18:11:58,329  gsv3.training             INFO     [group_holdout:variational] epoch 0071  layout_ce=0.4416  layout_acc=0.873
2026-10-08 18:11:58,329  gsv3.training             INFO     [group_holdout:variational] epoch 0071  train_log_mse=0.04998  val_log_mse=0.17038  val_mse=0.000587  max_grad=1.79  patience=8/30
2026-10-08 18:12:48,758  gsv3.training             INFO     [group_holdout:variational] epoch 0072  layout_ce=0.4338  layout_acc=0.875
2026-10-08 18:12:48,760  gsv3.training             INFO     [group_holdout:variational] epoch 0072  train_log_mse=0.04896  val_log_mse=0.12345  val_mse=0.000537  max_grad=2.55  patience=0/30
2026-10-08 18:13:39,075  gsv3.training             INFO     [group_holdout:variational] epoch 0073  layout_ce=0.4324  layout_acc=0.876
2026-10-08 18:13:39,076  gsv3.training             INFO     [group_holdout:variational] epoch 0073  train_log_mse=0.04878  val_log_mse=0.14916  val_mse=0.000544  max_grad=3.16  patience=1/30
2026-10-08 18:14:29,581  gsv3.training             INFO     [group_holdout:variational] epoch 0074  layout_ce=0.4375  layout_acc=0.875
2026-10-08 18:14:29,581  gsv3.training             INFO     [group_holdout:variational] epoch 0074  train_log_mse=0.05059  val_log_mse=0.12910  val_mse=0.000641  max_grad=1.95  patience=2/30
2026-10-08 18:15:20,071  gsv3.training             INFO     [group_holdout:variational] epoch 0075  layout_ce=0.4386  layout_acc=0.874
2026-10-08 18:15:20,071  gsv3.training             INFO     [group_holdout:variational] epoch 0075  train_log_mse=0.05071  val_log_mse=0.13103  val_mse=0.000601  max_grad=2.36  patience=3/30
2026-10-08 18:16:10,578  gsv3.training             INFO     [group_holdout:variational] epoch 0076  layout_ce=0.3929  layout_acc=0.884
2026-10-08 18:16:10,578  gsv3.training             INFO     [group_holdout:variational] epoch 0076  train_log_mse=0.04561  val_log_mse=0.14305  val_mse=0.000550  max_grad=1.67  patience=4/30
2026-10-08 18:17:01,114  gsv3.training             INFO     [group_holdout:variational] epoch 0077  layout_ce=0.4163  layout_acc=0.879
2026-10-08 18:17:01,114  gsv3.training             INFO     [group_holdout:variational] epoch 0077  train_log_mse=0.04870  val_log_mse=0.14373  val_mse=0.000552  max_grad=3.31  patience=5/30
2026-10-08 18:17:51,335  gsv3.training             INFO     [group_holdout:variational] epoch 0078  layout_ce=0.3895  layout_acc=0.885
2026-10-08 18:17:51,336  gsv3.training             INFO     [group_holdout:variational] epoch 0078  train_log_mse=0.04448  val_log_mse=0.13019  val_mse=0.000527  max_grad=1.53  patience=0/30
2026-10-08 18:18:41,325  gsv3.training             INFO     [group_holdout:variational] epoch 0079  layout_ce=0.4388  layout_acc=0.875
2026-10-08 18:18:41,325  gsv3.training             INFO     [group_holdout:variational] epoch 0079  train_log_mse=0.05010  val_log_mse=0.14633  val_mse=0.000657  max_grad=5.04  patience=1/30
2026-10-08 18:19:31,000  gsv3.training             INFO     [group_holdout:variational] epoch 0080  layout_ce=0.3979  layout_acc=0.885
2026-10-08 18:19:31,002  gsv3.training             INFO     [group_holdout:variational] epoch 0080  train_log_mse=0.04525  val_log_mse=0.12362  val_mse=0.000483  max_grad=1.70  patience=0/30
2026-10-08 18:20:20,990  gsv3.training             INFO     [group_holdout:variational] epoch 0081  layout_ce=0.4060  layout_acc=0.883
2026-10-08 18:20:20,990  gsv3.training             INFO     [group_holdout:variational] epoch 0081  train_log_mse=0.04606  val_log_mse=0.13621  val_mse=0.000618  max_grad=1.94  patience=1/30
2026-10-08 18:21:11,120  gsv3.training             INFO     [group_holdout:variational] epoch 0082  layout_ce=0.4098  layout_acc=0.881
2026-10-08 18:21:11,120  gsv3.training             INFO     [group_holdout:variational] epoch 0082  train_log_mse=0.04685  val_log_mse=0.12729  val_mse=0.000595  max_grad=1.72  patience=2/30
2026-10-08 18:22:01,256  gsv3.training             INFO     [group_holdout:variational] epoch 0083  layout_ce=0.3940  layout_acc=0.886
2026-10-08 18:22:01,257  gsv3.training             INFO     [group_holdout:variational] epoch 0083  train_log_mse=0.04558  val_log_mse=0.12576  val_mse=0.000530  max_grad=1.79  patience=3/30
2026-10-08 18:22:51,460  gsv3.training             INFO     [group_holdout:variational] epoch 0084  layout_ce=0.3784  layout_acc=0.888
2026-10-08 18:22:51,461  gsv3.training             INFO     [group_holdout:variational] epoch 0084  train_log_mse=0.04330  val_log_mse=0.12309  val_mse=0.000550  max_grad=1.62  patience=4/30
2026-10-08 18:23:41,875  gsv3.training             INFO     [group_holdout:variational] epoch 0085  layout_ce=0.4376  layout_acc=0.876
2026-10-08 18:23:41,877  gsv3.training             INFO     [group_holdout:variational] epoch 0085  train_log_mse=0.04899  val_log_mse=0.12783  val_mse=0.000483  max_grad=7.47  patience=0/30
2026-10-08 18:24:32,678  gsv3.training             INFO     [group_holdout:variational] epoch 0086  layout_ce=0.3623  layout_acc=0.893
2026-10-08 18:24:32,679  gsv3.training             INFO     [group_holdout:variational] epoch 0086  train_log_mse=0.04180  val_log_mse=0.14256  val_mse=0.000719  max_grad=1.50  patience=1/30
2026-10-08 18:25:23,452  gsv3.training             INFO     [group_holdout:variational] epoch 0087  layout_ce=0.3615  layout_acc=0.893
2026-10-08 18:25:23,453  gsv3.training             INFO     [group_holdout:variational] epoch 0087  train_log_mse=0.04170  val_log_mse=0.14060  val_mse=0.000569  max_grad=2.54  patience=2/30
2026-10-08 18:26:13,850  gsv3.training             INFO     [group_holdout:variational] epoch 0088  layout_ce=0.3968  layout_acc=0.887
2026-10-08 18:26:13,850  gsv3.training             INFO     [group_holdout:variational] epoch 0088  train_log_mse=0.04595  val_log_mse=0.15673  val_mse=0.000528  max_grad=1.77  patience=3/30
2026-10-08 18:27:03,995  gsv3.training             INFO     [group_holdout:variational] epoch 0089  layout_ce=0.3638  layout_acc=0.894
2026-10-08 18:27:03,996  gsv3.training             INFO     [group_holdout:variational] epoch 0089  train_log_mse=0.04200  val_log_mse=0.12321  val_mse=0.000515  max_grad=4.67  patience=4/30
2026-10-08 18:27:53,794  gsv3.training             INFO     [group_holdout:variational] epoch 0090  layout_ce=0.4059  layout_acc=0.885
2026-10-08 18:27:53,795  gsv3.training             INFO     [group_holdout:variational] epoch 0090  train_log_mse=0.04683  val_log_mse=0.12203  val_mse=0.000553  max_grad=4.30  patience=5/30
2026-10-08 18:28:44,149  gsv3.training             INFO     [group_holdout:variational] epoch 0091  layout_ce=0.3573  layout_acc=0.895
2026-10-08 18:28:44,150  gsv3.training             INFO     [group_holdout:variational] epoch 0091  train_log_mse=0.04137  val_log_mse=0.12353  val_mse=0.000529  max_grad=2.44  patience=6/30
2026-10-08 18:29:34,388  gsv3.training             INFO     [group_holdout:variational] epoch 0092  layout_ce=0.3794  layout_acc=0.892
2026-10-08 18:29:34,388  gsv3.training             INFO     [group_holdout:variational] epoch 0092  train_log_mse=0.04397  val_log_mse=0.12964  val_mse=0.000531  max_grad=2.21  patience=7/30
2026-10-08 18:30:24,638  gsv3.training             INFO     [group_holdout:variational] epoch 0093  layout_ce=0.3703  layout_acc=0.893
2026-10-08 18:30:24,639  gsv3.training             INFO     [group_holdout:variational] epoch 0093  train_log_mse=0.04329  val_log_mse=0.13506  val_mse=0.000608  max_grad=3.44  patience=8/30
2026-10-08 18:31:15,004  gsv3.training             INFO     [group_holdout:variational] epoch 0094  layout_ce=0.3733  layout_acc=0.892
2026-10-08 18:31:15,004  gsv3.training             INFO     [group_holdout:variational] epoch 0094  train_log_mse=0.04289  val_log_mse=0.14191  val_mse=0.000611  max_grad=1.70  patience=9/30
2026-10-08 18:32:05,003  gsv3.training             INFO     [group_holdout:variational] epoch 0095  layout_ce=0.3581  layout_acc=0.896
2026-10-08 18:32:05,003  gsv3.training             INFO     [group_holdout:variational] epoch 0095  train_log_mse=0.04144  val_log_mse=0.12761  val_mse=0.000518  max_grad=2.47  patience=10/30
2026-10-08 18:32:55,247  gsv3.training             INFO     [group_holdout:variational] epoch 0096  layout_ce=0.3654  layout_acc=0.895
2026-10-08 18:32:55,247  gsv3.training             INFO     [group_holdout:variational] epoch 0096  train_log_mse=0.04172  val_log_mse=0.14802  val_mse=0.000620  max_grad=2.61  patience=11/30
2026-10-08 18:33:45,583  gsv3.training             INFO     [group_holdout:variational] epoch 0097  layout_ce=0.3717  layout_acc=0.894
2026-10-08 18:33:45,583  gsv3.training             INFO     [group_holdout:variational] epoch 0097  train_log_mse=0.04230  val_log_mse=0.12965  val_mse=0.000557  max_grad=2.16  patience=12/30
2026-10-08 18:34:35,884  gsv3.training             INFO     [group_holdout:variational] epoch 0098  layout_ce=0.3270  layout_acc=0.903
2026-10-08 18:34:35,884  gsv3.training             INFO     [group_holdout:variational] epoch 0098  train_log_mse=0.03762  val_log_mse=0.12602  val_mse=0.000515  max_grad=1.24  patience=13/30
2026-10-08 18:35:26,066  gsv3.training             INFO     [group_holdout:variational] epoch 0099  layout_ce=0.3390  layout_acc=0.901
2026-10-08 18:35:26,066  gsv3.training             INFO     [group_holdout:variational] epoch 0099  train_log_mse=0.03946  val_log_mse=0.12955  val_mse=0.000524  max_grad=3.03  patience=14/30
2026-10-08 18:36:16,360  gsv3.training             INFO     [group_holdout:variational] epoch 0100  layout_ce=0.3847  layout_acc=0.893
2026-10-08 18:36:16,360  gsv3.training             INFO     [group_holdout:variational] epoch 0100  train_log_mse=0.04435  val_log_mse=0.14243  val_mse=0.000599  max_grad=2.23  patience=15/30
2026-10-08 18:37:06,926  gsv3.training             INFO     [group_holdout:variational] epoch 0101  layout_ce=0.3488  layout_acc=0.900
2026-10-08 18:37:06,926  gsv3.training             INFO     [group_holdout:variational] epoch 0101  train_log_mse=0.04069  val_log_mse=0.13111  val_mse=0.000594  max_grad=2.67  patience=16/30
2026-10-08 18:37:57,217  gsv3.training             INFO     [group_holdout:variational] epoch 0102  layout_ce=0.3162  layout_acc=0.906
2026-10-08 18:37:57,217  gsv3.training             INFO     [group_holdout:variational] epoch 0102  train_log_mse=0.03674  val_log_mse=0.13800  val_mse=0.000606  max_grad=1.11  patience=17/30
2026-10-08 18:38:47,712  gsv3.training             INFO     [group_holdout:variational] epoch 0103  layout_ce=0.3187  layout_acc=0.906
2026-10-08 18:38:47,712  gsv3.training             INFO     [group_holdout:variational] epoch 0103  train_log_mse=0.03643  val_log_mse=0.20428  val_mse=0.000534  max_grad=1.76  patience=18/30
2026-10-08 18:39:37,832  gsv3.training             INFO     [group_holdout:variational] epoch 0104  layout_ce=0.3839  layout_acc=0.894
2026-10-08 18:39:37,833  gsv3.training             INFO     [group_holdout:variational] epoch 0104  train_log_mse=0.04405  val_log_mse=0.13393  val_mse=0.000535  max_grad=2.51  patience=19/30
2026-10-08 18:40:28,538  gsv3.training             INFO     [group_holdout:variational] epoch 0105  layout_ce=0.3175  layout_acc=0.907
2026-10-08 18:40:28,539  gsv3.training             INFO     [group_holdout:variational] epoch 0105  train_log_mse=0.03702  val_log_mse=0.14316  val_mse=0.000581  max_grad=1.28  patience=20/30
2026-10-08 18:41:18,933  gsv3.training             INFO     [group_holdout:variational] epoch 0106  layout_ce=0.3245  layout_acc=0.905
2026-10-08 18:41:18,934  gsv3.training             INFO     [group_holdout:variational] epoch 0106  train_log_mse=0.03766  val_log_mse=0.13203  val_mse=0.000580  max_grad=1.57  patience=21/30
2026-10-08 18:42:09,229  gsv3.training             INFO     [group_holdout:variational] epoch 0107  layout_ce=0.3044  layout_acc=0.910
2026-10-08 18:42:09,229  gsv3.training             INFO     [group_holdout:variational] epoch 0107  train_log_mse=0.03588  val_log_mse=0.13024  val_mse=0.000512  max_grad=1.69  patience=22/30
2026-10-08 18:42:59,246  gsv3.training             INFO     [group_holdout:variational] epoch 0108  layout_ce=0.3142  layout_acc=0.908
2026-10-08 18:42:59,247  gsv3.training             INFO     [group_holdout:variational] epoch 0108  train_log_mse=0.03621  val_log_mse=0.12850  val_mse=0.000550  max_grad=1.03  patience=23/30
2026-10-08 18:43:49,322  gsv3.training             INFO     [group_holdout:variational] epoch 0109  layout_ce=0.3525  layout_acc=0.902
2026-10-08 18:43:49,322  gsv3.training             INFO     [group_holdout:variational] epoch 0109  train_log_mse=0.04116  val_log_mse=0.13599  val_mse=0.000613  max_grad=2.44  patience=24/30
2026-10-08 18:44:39,552  gsv3.training             INFO     [group_holdout:variational] epoch 0110  layout_ce=0.3312  layout_acc=0.907
2026-10-08 18:44:39,552  gsv3.training             INFO     [group_holdout:variational] epoch 0110  train_log_mse=0.03910  val_log_mse=0.12969  val_mse=0.000543  max_grad=2.21  patience=25/30
2026-10-08 18:45:29,673  gsv3.training             INFO     [group_holdout:variational] epoch 0111  layout_ce=0.2926  layout_acc=0.915
2026-10-08 18:45:29,673  gsv3.training             INFO     [group_holdout:variational] epoch 0111  train_log_mse=0.03437  val_log_mse=0.14363  val_mse=0.000539  max_grad=1.03  patience=26/30
2026-10-08 18:46:20,076  gsv3.training             INFO     [group_holdout:variational] epoch 0112  layout_ce=0.3141  layout_acc=0.910
2026-10-08 18:46:20,077  gsv3.training             INFO     [group_holdout:variational] epoch 0112  train_log_mse=0.03618  val_log_mse=0.13491  val_mse=0.000602  max_grad=3.09  patience=27/30
2026-10-08 18:47:10,401  gsv3.training             INFO     [group_holdout:variational] epoch 0113  layout_ce=0.3226  layout_acc=0.910
2026-10-08 18:47:10,401  gsv3.training             INFO     [group_holdout:variational] epoch 0113  train_log_mse=0.03685  val_log_mse=0.15686  val_mse=0.000566  max_grad=2.34  patience=28/30
2026-10-08 18:48:01,084  gsv3.training             INFO     [group_holdout:variational] epoch 0114  layout_ce=0.2895  layout_acc=0.917
2026-10-08 18:48:01,084  gsv3.training             INFO     [group_holdout:variational] epoch 0114  train_log_mse=0.03364  val_log_mse=0.12591  val_mse=0.000523  max_grad=1.31  patience=29/30
2026-10-08 18:48:51,122  gsv3.training             INFO     [group_holdout:variational] epoch 0115  layout_ce=0.3127  layout_acc=0.912
2026-10-08 18:48:51,122  gsv3.training             INFO     [group_holdout:variational] epoch 0115  train_log_mse=0.03714  val_log_mse=0.13081  val_mse=0.000556  max_grad=3.53  patience=30/30
2026-10-08 18:49:07,461  gsv3.experiment           INFO     [variational] TEST  n=9928  MAE=0.1121  R2=0.7741  device-acc=0.590  regret=0.0160
2026-10-08 18:49:07,465  genstudy.io               INFO     Wrote evaluations/generalization_v6/results/v6_l01/leave_one_group_out/variational/metrics.json
2026-10-08 18:49:07,511  genstudy.io               INFO     Wrote evaluations/generalization_v6/results/v6_l01/leave_one_group_out/variational/predictions.json
2026-10-08 18:49:07,525  genstudy.io               INFO     Wrote evaluations/generalization_v6/results/v6_l01/leave_one_group_out/variational/history.json
2026-10-08 18:49:07,545  run_experiment            INFO     leave_one_group_out finished: 1 complete, 0 skipped
