2026-10-08 11:32:05,971  genstudy.io               INFO     Logging to evaluations/generalization_v5/results/v5_sinkhorn_s6/leave_one_family_out/run.log
2026-10-08 11:32:05,971  run_experiment            INFO     Command line: evaluations/generalization_v3/scripts/run_experiment.py lofo --model sinkhorn --balance-alpha 0 --lr 3e-4 --grad-clip 1.0 --seed 6 --families randomcircuit --groups vqe --loss mixed --val-mode random --results-dir evaluations/generalization_v5/results/v5_sinkhorn_s6
2026-10-08 11:32:05,972  gsv2.gpu                  WARNING  No CUDA device available — running on the CPU.
2026-10-08 11:32:05,972  gsv3.model                INFO     Hyper-parameters (/home/atudisco/pred-distr-tool/src/model/best_params.json + v3 defaults): {'device_hidden': 64, 'device_layers': 3, 'fusion_dim': 128, 'qubit_layers': 2, 'attn_heads': 4, 'lap_pe': 8, 'cost_bias_init': -6.0, 'hidden_dim': 142, 'num_conv_wo_resnet': 3, 'num_resnet_layers': 1, 'dropout': 0.0, 'bidirectional': True, 'mlp': [512, 256, 128], 'lr': 0.001, 'readout': 'meanmaxsum'}
2026-10-08 11:32:06,056  genstudy.io               INFO     Logging to evaluations/generalization_v5/results/v5_sinkhorn_s6/leave_one_family_out/run.log
2026-10-08 11:32:06,057  run_experiment            INFO     Command line: evaluations/generalization_v3/scripts/run_experiment.py lofo --model sinkhorn --balance-alpha 0 --lr 3e-4 --grad-clip 1.0 --seed 6 --families qaoa --groups vqe --loss mixed --val-mode random --results-dir evaluations/generalization_v5/results/v5_sinkhorn_s6
2026-10-08 11:32:06,057  gsv2.gpu                  WARNING  No CUDA device available — running on the CPU.
2026-10-08 11:32:06,057  gsv3.model                INFO     Hyper-parameters (/home/atudisco/pred-distr-tool/src/model/best_params.json + v3 defaults): {'device_hidden': 64, 'device_layers': 3, 'fusion_dim': 128, 'qubit_layers': 2, 'attn_heads': 4, 'lap_pe': 8, 'cost_bias_init': -6.0, 'hidden_dim': 142, 'num_conv_wo_resnet': 3, 'num_resnet_layers': 1, 'dropout': 0.0, 'bidirectional': True, 'mlp': [512, 256, 128], 'lr': 0.001, 'readout': 'meanmaxsum'}
2026-10-08 11:32:06,068  gsv3.devices              INFO     Device graphs: node features 13 (Laplacian PE 8), physical errors True
2026-10-08 11:32:06,069  genstudy.data             INFO     Loading graph dataset: /home/atudisco/pred-distr-tool/evaluations/generalization_v3/data/graph_dataset_expected_fidelity.pt
2026-10-08 11:32:06,092  gsv3.devices              INFO     Device graphs: node features 13 (Laplacian PE 8), physical errors True
2026-10-08 11:32:06,092  genstudy.data             INFO     Loading graph dataset: /home/atudisco/pred-distr-tool/evaluations/generalization_v3/data/graph_dataset_expected_fidelity.pt
2026-10-08 11:32:06,309  genstudy.io               INFO     Logging to evaluations/generalization_v5/results/v5_sinkhorn_s6/leave_one_family_out/run.log
2026-10-08 11:32:06,310  run_experiment            INFO     Command line: evaluations/generalization_v3/scripts/run_experiment.py lofo --model sinkhorn --balance-alpha 0 --lr 3e-4 --grad-clip 1.0 --seed 6 --families qnn --groups vqe --loss mixed --val-mode random --results-dir evaluations/generalization_v5/results/v5_sinkhorn_s6
2026-10-08 11:32:06,310  gsv2.gpu                  WARNING  No CUDA device available — running on the CPU.
2026-10-08 11:32:06,310  gsv3.model                INFO     Hyper-parameters (/home/atudisco/pred-distr-tool/src/model/best_params.json + v3 defaults): {'device_hidden': 64, 'device_layers': 3, 'fusion_dim': 128, 'qubit_layers': 2, 'attn_heads': 4, 'lap_pe': 8, 'cost_bias_init': -6.0, 'hidden_dim': 142, 'num_conv_wo_resnet': 3, 'num_resnet_layers': 1, 'dropout': 0.0, 'bidirectional': True, 'mlp': [512, 256, 128], 'lr': 0.001, 'readout': 'meanmaxsum'}
2026-10-08 11:32:06,323  gsv3.devices              INFO     Device graphs: node features 13 (Laplacian PE 8), physical errors True
2026-10-08 11:32:06,324  genstudy.data             INFO     Loading graph dataset: /home/atudisco/pred-distr-tool/evaluations/generalization_v3/data/graph_dataset_expected_fidelity.pt
2026-10-08 11:32:09,408  genstudy.data             INFO     Loaded 17056 graphs
2026-10-08 11:32:09,435  genstudy.io               INFO     Wrote evaluations/generalization_v5/results/v5_sinkhorn_s6/leave_one_family_out/dataset_summary.json
2026-10-08 11:32:09,435  genstudy.data             INFO     Holding out 1 families: qaoa
2026-10-08 11:32:09,437  run_experiment            INFO     [1/1] qaoa
2026-10-08 11:32:09,439  gsv3.experiment           INFO     === family_holdout / qaoa ===
2026-10-08 11:32:09,439  gsv3.experiment           INFO     Leave-one-family-out: test = all 2706 'qaoa' circuits, train = 14350 circuits from 34 other families.
2026-10-08 11:32:09,440  gsv3.experiment           INFO     train=11480  val=2870 ({'mode': 'random'})  test=2706
2026-10-08 11:32:09,472  genstudy.data             INFO     Loaded 17056 graphs
2026-10-08 11:32:09,499  genstudy.io               INFO     Wrote evaluations/generalization_v5/results/v5_sinkhorn_s6/leave_one_family_out/dataset_summary.json
2026-10-08 11:32:09,500  genstudy.data             INFO     Holding out 1 families: randomcircuit
2026-10-08 11:32:09,502  run_experiment            INFO     [1/1] randomcircuit
2026-10-08 11:32:09,504  gsv3.experiment           INFO     === family_holdout / randomcircuit ===
2026-10-08 11:32:09,505  gsv3.experiment           INFO     Leave-one-family-out: test = all 1234 'randomcircuit' circuits, train = 15822 circuits from 34 other families.
2026-10-08 11:32:09,506  gsv3.experiment           INFO     train=12658  val=3164 ({'mode': 'random'})  test=1234
2026-10-08 11:32:09,507  gsv3.training             INFO     [family_holdout:qaoa] model=sinkhorn (979423 params) train=11480 val=2870 lr=0.0003 clip=1.0 alpha=0.00
2026-10-08 11:32:09,589  gsv3.training             INFO     [family_holdout:randomcircuit] model=sinkhorn (979423 params) train=12658 val=3164 lr=0.0003 clip=1.0 alpha=0.00
2026-10-08 11:32:09,667  genstudy.data             INFO     Loaded 17056 graphs
2026-10-08 11:32:09,709  genstudy.io               INFO     Wrote evaluations/generalization_v5/results/v5_sinkhorn_s6/leave_one_family_out/dataset_summary.json
2026-10-08 11:32:09,710  genstudy.data             INFO     Holding out 1 families: qnn
2026-10-08 11:32:09,712  run_experiment            INFO     [1/1] qnn
2026-10-08 11:32:09,714  gsv3.experiment           INFO     === family_holdout / qnn ===
2026-10-08 11:32:09,714  gsv3.experiment           INFO     Leave-one-family-out: test = all 760 'qnn' circuits, train = 16296 circuits from 34 other families.
2026-10-08 11:32:09,716  gsv3.experiment           INFO     train=13037  val=3259 ({'mode': 'random'})  test=760
2026-10-08 11:32:09,806  gsv3.training             INFO     [family_holdout:qnn] model=sinkhorn (979423 params) train=13037 val=3259 lr=0.0003 clip=1.0 alpha=0.00
2026-10-08 11:33:29,084  gsv3.training             INFO     [family_holdout:qaoa] epoch 0001  train_log_mse=0.18766  val_log_mse=0.25206  val_mse=0.002061  max_grad=453.80  patience=0/30
2026-10-08 11:33:41,399  gsv3.training             INFO     [family_holdout:randomcircuit] epoch 0001  train_log_mse=0.26832  val_log_mse=0.15937  val_mse=0.001579  max_grad=1189.62  patience=0/30
2026-10-08 11:33:50,212  gsv3.training             INFO     [family_holdout:qnn] epoch 0001  train_log_mse=0.19697  val_log_mse=0.20773  val_mse=0.001510  max_grad=641.77  patience=0/30
2026-10-08 11:34:48,503  gsv3.training             INFO     [family_holdout:qaoa] epoch 0002  train_log_mse=0.02304  val_log_mse=0.14147  val_mse=0.001254  max_grad=6.96  patience=0/30
2026-10-08 11:35:12,116  gsv3.training             INFO     [family_holdout:randomcircuit] epoch 0002  train_log_mse=0.01516  val_log_mse=0.28273  val_mse=0.001370  max_grad=8.66  patience=0/30
2026-10-08 11:35:30,643  gsv3.training             INFO     [family_holdout:qnn] epoch 0002  train_log_mse=0.02209  val_log_mse=0.19131  val_mse=0.001976  max_grad=23.17  patience=1/30
2026-10-08 11:36:08,006  gsv3.training             INFO     [family_holdout:qaoa] epoch 0003  train_log_mse=0.01607  val_log_mse=0.14205  val_mse=0.001249  max_grad=2.96  patience=0/30
2026-10-08 11:36:42,545  gsv3.training             INFO     [family_holdout:randomcircuit] epoch 0003  train_log_mse=0.01156  val_log_mse=0.09782  val_mse=0.001415  max_grad=37.55  patience=1/30
2026-10-08 11:37:11,059  gsv3.training             INFO     [family_holdout:qnn] epoch 0003  train_log_mse=0.01505  val_log_mse=0.12440  val_mse=0.001454  max_grad=9.93  patience=0/30
2026-10-08 11:37:27,775  gsv3.training             INFO     [family_holdout:qaoa] epoch 0004  train_log_mse=0.01343  val_log_mse=0.10435  val_mse=0.001113  max_grad=5.08  patience=0/30
2026-10-08 11:38:13,152  gsv3.training             INFO     [family_holdout:randomcircuit] epoch 0004  train_log_mse=0.00903  val_log_mse=0.07964  val_mse=0.000865  max_grad=13.25  patience=0/30
2026-10-08 11:38:47,919  gsv3.training             INFO     [family_holdout:qaoa] epoch 0005  train_log_mse=0.00968  val_log_mse=0.10083  val_mse=0.000940  max_grad=4.17  patience=0/30
2026-10-08 11:38:51,522  gsv3.training             INFO     [family_holdout:qnn] epoch 0004  train_log_mse=0.01077  val_log_mse=0.14671  val_mse=0.000943  max_grad=3.21  patience=0/30
2026-10-08 11:39:44,266  gsv3.training             INFO     [family_holdout:randomcircuit] epoch 0005  train_log_mse=0.00827  val_log_mse=0.12535  val_mse=0.000940  max_grad=5.73  patience=1/30
2026-10-08 11:40:08,171  gsv3.training             INFO     [family_holdout:qaoa] epoch 0006  train_log_mse=0.00742  val_log_mse=0.06153  val_mse=0.000851  max_grad=2.33  patience=0/30
2026-10-08 11:40:31,866  gsv3.training             INFO     [family_holdout:qnn] epoch 0005  train_log_mse=0.01038  val_log_mse=0.09313  val_mse=0.000813  max_grad=2.00  patience=0/30
2026-10-08 11:41:15,663  gsv3.training             INFO     [family_holdout:randomcircuit] epoch 0006  train_log_mse=0.00767  val_log_mse=0.05694  val_mse=0.000697  max_grad=1.35  patience=0/30
2026-10-08 11:41:27,749  gsv3.training             INFO     [family_holdout:qaoa] epoch 0007  train_log_mse=0.00743  val_log_mse=0.08432  val_mse=0.000836  max_grad=1.58  patience=0/30
2026-10-08 11:42:12,595  gsv3.training             INFO     [family_holdout:qnn] epoch 0006  train_log_mse=0.00794  val_log_mse=0.10294  val_mse=0.001197  max_grad=1.35  patience=1/30
2026-10-08 11:42:47,347  gsv3.training             INFO     [family_holdout:qaoa] epoch 0008  train_log_mse=0.00874  val_log_mse=0.06338  val_mse=0.000826  max_grad=1.85  patience=0/30
2026-10-08 11:42:47,481  gsv3.training             INFO     [family_holdout:randomcircuit] epoch 0007  train_log_mse=0.00726  val_log_mse=0.05613  val_mse=0.000622  max_grad=1.50  patience=0/30
2026-10-08 11:43:53,541  gsv3.training             INFO     [family_holdout:qnn] epoch 0007  train_log_mse=0.00829  val_log_mse=0.09553  val_mse=0.000847  max_grad=2.91  patience=2/30
2026-10-08 11:44:06,785  gsv3.training             INFO     [family_holdout:qaoa] epoch 0009  train_log_mse=0.00569  val_log_mse=0.10937  val_mse=0.000908  max_grad=1.38  patience=1/30
2026-10-08 11:44:18,961  gsv3.training             INFO     [family_holdout:randomcircuit] epoch 0008  train_log_mse=0.00592  val_log_mse=0.04316  val_mse=0.000667  max_grad=1.39  patience=1/30
2026-10-08 11:45:26,248  gsv3.training             INFO     [family_holdout:qaoa] epoch 0010  train_log_mse=0.00670  val_log_mse=0.07446  val_mse=0.000743  max_grad=1.23  patience=0/30
2026-10-08 11:45:34,145  gsv3.training             INFO     [family_holdout:qnn] epoch 0008  train_log_mse=0.00741  val_log_mse=0.06143  val_mse=0.000742  max_grad=1.56  patience=0/30
2026-10-08 11:45:50,576  gsv3.training             INFO     [family_holdout:randomcircuit] epoch 0009  train_log_mse=0.00610  val_log_mse=0.06662  val_mse=0.000671  max_grad=1.08  patience=2/30
2026-10-08 11:46:45,447  gsv3.training             INFO     [family_holdout:qaoa] epoch 0011  train_log_mse=0.01098  val_log_mse=0.10703  val_mse=0.000804  max_grad=4.73  patience=1/30
2026-10-08 11:47:15,046  gsv3.training             INFO     [family_holdout:qnn] epoch 0009  train_log_mse=0.00776  val_log_mse=0.10816  val_mse=0.000712  max_grad=1.70  patience=0/30
2026-10-08 11:47:22,073  gsv3.training             INFO     [family_holdout:randomcircuit] epoch 0010  train_log_mse=0.00798  val_log_mse=0.06301  val_mse=0.000594  max_grad=19.55  patience=0/30
2026-10-08 11:48:04,856  gsv3.training             INFO     [family_holdout:qaoa] epoch 0012  train_log_mse=0.00601  val_log_mse=0.05913  val_mse=0.000835  max_grad=0.86  patience=2/30
2026-10-08 11:48:52,273  gsv3.training             INFO     [family_holdout:randomcircuit] epoch 0011  train_log_mse=0.00607  val_log_mse=0.03834  val_mse=0.000492  max_grad=1.48  patience=0/30
2026-10-08 11:48:55,296  gsv3.training             INFO     [family_holdout:qnn] epoch 0010  train_log_mse=0.00970  val_log_mse=0.12249  val_mse=0.000686  max_grad=4.64  patience=0/30
2026-10-08 11:49:24,424  gsv3.training             INFO     [family_holdout:qaoa] epoch 0013  train_log_mse=0.00553  val_log_mse=0.05078  val_mse=0.000712  max_grad=1.24  patience=0/30
2026-10-08 11:50:22,424  gsv3.training             INFO     [family_holdout:randomcircuit] epoch 0012  train_log_mse=0.00541  val_log_mse=0.04146  val_mse=0.000463  max_grad=1.16  patience=0/30
2026-10-08 11:50:36,438  gsv3.training             INFO     [family_holdout:qnn] epoch 0011  train_log_mse=0.00668  val_log_mse=0.21365  val_mse=0.000863  max_grad=2.07  patience=1/30
2026-10-08 11:50:43,808  gsv3.training             INFO     [family_holdout:qaoa] epoch 0014  train_log_mse=0.00518  val_log_mse=0.05253  val_mse=0.000744  max_grad=0.94  patience=1/30
2026-10-08 11:51:52,566  gsv3.training             INFO     [family_holdout:randomcircuit] epoch 0013  train_log_mse=0.00561  val_log_mse=0.04393  val_mse=0.000593  max_grad=2.42  patience=1/30
2026-10-08 11:52:03,279  gsv3.training             INFO     [family_holdout:qaoa] epoch 0015  train_log_mse=0.00512  val_log_mse=0.04996  val_mse=0.000664  max_grad=0.70  patience=0/30
2026-10-08 11:52:17,313  gsv3.training             INFO     [family_holdout:qnn] epoch 0012  train_log_mse=0.00607  val_log_mse=0.07376  val_mse=0.000591  max_grad=1.87  patience=0/30
2026-10-08 11:53:22,964  gsv3.training             INFO     [family_holdout:qaoa] epoch 0016  train_log_mse=0.00514  val_log_mse=0.05568  val_mse=0.000647  max_grad=1.58  patience=0/30
2026-10-08 11:53:23,040  gsv3.training             INFO     [family_holdout:randomcircuit] epoch 0014  train_log_mse=0.00713  val_log_mse=0.03559  val_mse=0.000569  max_grad=2.66  patience=2/30
2026-10-08 11:53:57,419  gsv3.training             INFO     [family_holdout:qnn] epoch 0013  train_log_mse=0.00631  val_log_mse=0.06303  val_mse=0.000624  max_grad=1.05  patience=1/30
2026-10-08 11:54:42,449  gsv3.training             INFO     [family_holdout:qaoa] epoch 0017  train_log_mse=0.00780  val_log_mse=0.07241  val_mse=0.000815  max_grad=1.50  patience=1/30
2026-10-08 11:54:53,767  gsv3.training             INFO     [family_holdout:randomcircuit] epoch 0015  train_log_mse=0.00417  val_log_mse=0.04185  val_mse=0.000516  max_grad=1.09  patience=3/30
2026-10-08 11:55:37,311  gsv3.training             INFO     [family_holdout:qnn] epoch 0014  train_log_mse=0.00586  val_log_mse=0.08981  val_mse=0.000622  max_grad=4.77  patience=2/30
2026-10-08 11:56:02,261  gsv3.training             INFO     [family_holdout:qaoa] epoch 0018  train_log_mse=0.00605  val_log_mse=0.04387  val_mse=0.000627  max_grad=1.80  patience=0/30
2026-10-08 11:56:24,519  gsv3.training             INFO     [family_holdout:randomcircuit] epoch 0016  train_log_mse=0.00446  val_log_mse=0.03824  val_mse=0.000447  max_grad=0.84  patience=0/30
2026-10-08 11:57:17,317  gsv3.training             INFO     [family_holdout:qnn] epoch 0015  train_log_mse=0.00558  val_log_mse=0.08261  val_mse=0.000631  max_grad=0.95  patience=3/30
2026-10-08 11:57:21,926  gsv3.training             INFO     [family_holdout:qaoa] epoch 0019  train_log_mse=0.00497  val_log_mse=0.04912  val_mse=0.000725  max_grad=1.48  patience=1/30
2026-10-08 11:57:55,851  gsv3.training             INFO     [family_holdout:randomcircuit] epoch 0017  train_log_mse=0.00436  val_log_mse=0.03878  val_mse=0.000419  max_grad=0.90  patience=0/30
2026-10-08 11:58:41,833  gsv3.training             INFO     [family_holdout:qaoa] epoch 0020  train_log_mse=0.00430  val_log_mse=0.04559  val_mse=0.000542  max_grad=0.67  patience=0/30
2026-10-08 11:58:57,987  gsv3.training             INFO     [family_holdout:qnn] epoch 0016  train_log_mse=0.00613  val_log_mse=0.08221  val_mse=0.000606  max_grad=3.99  patience=4/30
2026-10-08 11:59:26,911  gsv3.training             INFO     [family_holdout:randomcircuit] epoch 0018  train_log_mse=0.00462  val_log_mse=0.05002  val_mse=0.000412  max_grad=0.98  patience=0/30
2026-10-08 12:00:01,112  gsv3.training             INFO     [family_holdout:qaoa] epoch 0021  train_log_mse=0.00452  val_log_mse=0.04469  val_mse=0.000556  max_grad=0.81  patience=1/30
2026-10-08 12:00:38,241  gsv3.training             INFO     [family_holdout:qnn] epoch 0017  train_log_mse=0.00538  val_log_mse=0.05169  val_mse=0.000501  max_grad=0.91  patience=0/30
2026-10-08 12:00:58,050  gsv3.training             INFO     [family_holdout:randomcircuit] epoch 0019  train_log_mse=0.00446  val_log_mse=0.03380  val_mse=0.000380  max_grad=0.79  patience=0/30
2026-10-08 12:01:20,395  gsv3.training             INFO     [family_holdout:qaoa] epoch 0022  train_log_mse=0.00400  val_log_mse=0.06253  val_mse=0.000521  max_grad=0.53  patience=0/30
2026-10-08 12:02:19,043  gsv3.training             INFO     [family_holdout:qnn] epoch 0018  train_log_mse=0.00549  val_log_mse=0.05513  val_mse=0.000478  max_grad=0.93  patience=0/30
2026-10-08 12:02:29,397  gsv3.training             INFO     [family_holdout:randomcircuit] epoch 0020  train_log_mse=0.00358  val_log_mse=0.04187  val_mse=0.000487  max_grad=0.56  patience=1/30
2026-10-08 12:02:39,957  gsv3.training             INFO     [family_holdout:qaoa] epoch 0023  train_log_mse=0.00470  val_log_mse=0.05328  val_mse=0.000601  max_grad=1.11  patience=1/30
2026-10-08 12:03:58,972  gsv3.training             INFO     [family_holdout:qnn] epoch 0019  train_log_mse=0.00478  val_log_mse=0.05110  val_mse=0.000489  max_grad=1.08  patience=1/30
2026-10-08 12:03:59,956  gsv3.training             INFO     [family_holdout:qaoa] epoch 0024  train_log_mse=0.00581  val_log_mse=0.04286  val_mse=0.000500  max_grad=1.10  patience=0/30
2026-10-08 12:04:00,511  gsv3.training             INFO     [family_holdout:randomcircuit] epoch 0021  train_log_mse=0.00447  val_log_mse=0.03643  val_mse=0.000356  max_grad=0.92  patience=0/30
2026-10-08 12:05:19,931  gsv3.training             INFO     [family_holdout:qaoa] epoch 0025  train_log_mse=0.00363  val_log_mse=0.04372  val_mse=0.000549  max_grad=0.44  patience=1/30
2026-10-08 12:05:31,589  gsv3.training             INFO     [family_holdout:randomcircuit] epoch 0022  train_log_mse=0.00380  val_log_mse=0.05664  val_mse=0.000462  max_grad=1.42  patience=1/30
2026-10-08 12:05:38,837  gsv3.training             INFO     [family_holdout:qnn] epoch 0020  train_log_mse=0.00519  val_log_mse=0.05692  val_mse=0.000472  max_grad=1.40  patience=0/30
2026-10-08 12:06:39,638  gsv3.training             INFO     [family_holdout:qaoa] epoch 0026  train_log_mse=0.00357  val_log_mse=0.04165  val_mse=0.000474  max_grad=0.42  patience=0/30
2026-10-08 12:07:02,507  gsv3.training             INFO     [family_holdout:randomcircuit] epoch 0023  train_log_mse=0.00715  val_log_mse=0.03643  val_mse=0.000408  max_grad=5.61  patience=2/30
2026-10-08 12:07:18,912  gsv3.training             INFO     [family_holdout:qnn] epoch 0021  train_log_mse=0.00552  val_log_mse=0.05437  val_mse=0.000531  max_grad=1.77  patience=1/30
2026-10-08 12:07:59,272  gsv3.training             INFO     [family_holdout:qaoa] epoch 0027  train_log_mse=0.00381  val_log_mse=0.04711  val_mse=0.000470  max_grad=1.10  patience=0/30
2026-10-08 12:08:33,507  gsv3.training             INFO     [family_holdout:randomcircuit] epoch 0024  train_log_mse=0.00335  val_log_mse=0.03654  val_mse=0.000407  max_grad=0.42  patience=3/30
2026-10-08 12:08:59,037  gsv3.training             INFO     [family_holdout:qnn] epoch 0022  train_log_mse=0.00603  val_log_mse=0.09379  val_mse=0.001084  max_grad=1.32  patience=2/30
2026-10-08 12:09:19,064  gsv3.training             INFO     [family_holdout:qaoa] epoch 0028  train_log_mse=0.00388  val_log_mse=0.05020  val_mse=0.000456  max_grad=0.57  patience=0/30
2026-10-08 12:10:04,843  gsv3.training             INFO     [family_holdout:randomcircuit] epoch 0025  train_log_mse=0.00326  val_log_mse=0.03338  val_mse=0.000337  max_grad=0.49  patience=0/30
2026-10-08 12:10:39,331  gsv3.training             INFO     [family_holdout:qnn] epoch 0023  train_log_mse=0.00613  val_log_mse=0.08421  val_mse=0.000667  max_grad=1.07  patience=3/30
2026-10-08 12:10:39,707  gsv3.training             INFO     [family_holdout:qaoa] epoch 0029  train_log_mse=0.00367  val_log_mse=0.04673  val_mse=0.000445  max_grad=0.61  patience=0/30
2026-10-08 12:11:35,340  gsv3.training             INFO     [family_holdout:randomcircuit] epoch 0026  train_log_mse=0.00452  val_log_mse=0.04359  val_mse=0.000451  max_grad=2.62  patience=1/30
2026-10-08 12:11:59,664  gsv3.training             INFO     [family_holdout:qaoa] epoch 0030  train_log_mse=0.00443  val_log_mse=0.06101  val_mse=0.000613  max_grad=2.02  patience=1/30
2026-10-08 12:12:19,755  gsv3.training             INFO     [family_holdout:qnn] epoch 0024  train_log_mse=0.00480  val_log_mse=0.04852  val_mse=0.000545  max_grad=0.93  patience=4/30
2026-10-08 12:13:05,750  gsv3.training             INFO     [family_holdout:randomcircuit] epoch 0027  train_log_mse=0.00368  val_log_mse=0.03489  val_mse=0.000341  max_grad=1.01  patience=2/30
2026-10-08 12:13:19,582  gsv3.training             INFO     [family_holdout:qaoa] epoch 0031  train_log_mse=0.00368  val_log_mse=0.04265  val_mse=0.000430  max_grad=0.36  patience=0/30
2026-10-08 12:14:00,040  gsv3.training             INFO     [family_holdout:qnn] epoch 0025  train_log_mse=0.00387  val_log_mse=0.11047  val_mse=0.000722  max_grad=1.02  patience=5/30
2026-10-08 12:14:36,253  gsv3.training             INFO     [family_holdout:randomcircuit] epoch 0028  train_log_mse=0.00314  val_log_mse=0.04208  val_mse=0.000375  max_grad=0.45  patience=3/30
2026-10-08 12:14:39,588  gsv3.training             INFO     [family_holdout:qaoa] epoch 0032  train_log_mse=0.00370  val_log_mse=0.03781  val_mse=0.000443  max_grad=0.80  patience=1/30
2026-10-08 12:15:40,730  gsv3.training             INFO     [family_holdout:qnn] epoch 0026  train_log_mse=0.00436  val_log_mse=0.05558  val_mse=0.000435  max_grad=0.75  patience=0/30
2026-10-08 12:15:59,016  gsv3.training             INFO     [family_holdout:qaoa] epoch 0033  train_log_mse=0.00342  val_log_mse=0.04882  val_mse=0.000507  max_grad=0.50  patience=2/30
2026-10-08 12:16:07,026  gsv3.training             INFO     [family_holdout:randomcircuit] epoch 0029  train_log_mse=0.00344  val_log_mse=0.03910  val_mse=0.000371  max_grad=0.84  patience=4/30
2026-10-08 12:17:18,436  gsv3.training             INFO     [family_holdout:qaoa] epoch 0034  train_log_mse=0.00438  val_log_mse=0.03778  val_mse=0.000480  max_grad=1.25  patience=3/30
2026-10-08 12:17:21,036  gsv3.training             INFO     [family_holdout:qnn] epoch 0027  train_log_mse=0.00516  val_log_mse=0.08455  val_mse=0.000501  max_grad=1.22  patience=1/30
2026-10-08 12:17:37,847  gsv3.training             INFO     [family_holdout:randomcircuit] epoch 0030  train_log_mse=0.00347  val_log_mse=0.03561  val_mse=0.000340  max_grad=1.12  patience=5/30
2026-10-08 12:18:38,476  gsv3.training             INFO     [family_holdout:qaoa] epoch 0035  train_log_mse=0.00314  val_log_mse=0.03625  val_mse=0.000412  max_grad=0.31  patience=0/30
2026-10-08 12:19:01,371  gsv3.training             INFO     [family_holdout:qnn] epoch 0028  train_log_mse=0.00600  val_log_mse=0.06305  val_mse=0.000486  max_grad=2.19  patience=2/30
2026-10-08 12:19:08,493  gsv3.training             INFO     [family_holdout:randomcircuit] epoch 0031  train_log_mse=0.00315  val_log_mse=0.03965  val_mse=0.000526  max_grad=0.39  patience=6/30
2026-10-08 12:19:58,593  gsv3.training             INFO     [family_holdout:qaoa] epoch 0036  train_log_mse=0.00328  val_log_mse=0.04729  val_mse=0.000427  max_grad=0.42  patience=1/30
2026-10-08 12:20:39,052  gsv3.training             INFO     [family_holdout:randomcircuit] epoch 0032  train_log_mse=0.00357  val_log_mse=0.04923  val_mse=0.000398  max_grad=0.95  patience=7/30
2026-10-08 12:20:41,730  gsv3.training             INFO     [family_holdout:qnn] epoch 0029  train_log_mse=0.00446  val_log_mse=0.04276  val_mse=0.000460  max_grad=0.89  patience=3/30
2026-10-08 12:21:18,345  gsv3.training             INFO     [family_holdout:qaoa] epoch 0037  train_log_mse=0.00332  val_log_mse=0.04112  val_mse=0.000484  max_grad=0.61  patience=2/30
2026-10-08 12:22:09,484  gsv3.training             INFO     [family_holdout:randomcircuit] epoch 0033  train_log_mse=0.00497  val_log_mse=0.05166  val_mse=0.000486  max_grad=1.32  patience=8/30
2026-10-08 12:22:21,367  gsv3.training             INFO     [family_holdout:qnn] epoch 0030  train_log_mse=0.00352  val_log_mse=0.07468  val_mse=0.000519  max_grad=0.62  patience=4/30
2026-10-08 12:22:38,789  gsv3.training             INFO     [family_holdout:qaoa] epoch 0038  train_log_mse=0.00321  val_log_mse=0.03722  val_mse=0.000406  max_grad=0.41  patience=0/30
2026-10-08 12:23:40,614  gsv3.training             INFO     [family_holdout:randomcircuit] epoch 0034  train_log_mse=0.00322  val_log_mse=0.04091  val_mse=0.000336  max_grad=1.35  patience=0/30
2026-10-08 12:23:59,096  gsv3.training             INFO     [family_holdout:qaoa] epoch 0039  train_log_mse=0.00279  val_log_mse=0.04184  val_mse=0.000431  max_grad=0.30  patience=1/30
2026-10-08 12:24:01,742  gsv3.training             INFO     [family_holdout:qnn] epoch 0031  train_log_mse=0.00451  val_log_mse=0.04645  val_mse=0.000397  max_grad=1.23  patience=0/30
2026-10-08 12:25:11,882  gsv3.training             INFO     [family_holdout:randomcircuit] epoch 0035  train_log_mse=0.00295  val_log_mse=0.03460  val_mse=0.000323  max_grad=0.51  patience=0/30
2026-10-08 12:25:19,590  gsv3.training             INFO     [family_holdout:qaoa] epoch 0040  train_log_mse=0.00337  val_log_mse=0.04021  val_mse=0.000431  max_grad=0.72  patience=2/30
2026-10-08 12:25:42,194  gsv3.training             INFO     [family_holdout:qnn] epoch 0032  train_log_mse=0.00366  val_log_mse=0.04250  val_mse=0.000384  max_grad=0.54  patience=0/30
2026-10-08 12:26:40,044  gsv3.training             INFO     [family_holdout:qaoa] epoch 0041  train_log_mse=0.00300  val_log_mse=0.04658  val_mse=0.000551  max_grad=0.34  patience=3/30
2026-10-08 12:26:43,508  gsv3.training             INFO     [family_holdout:randomcircuit] epoch 0036  train_log_mse=0.00298  val_log_mse=0.03293  val_mse=0.000320  max_grad=0.34  patience=0/30
2026-10-08 12:27:22,114  gsv3.training             INFO     [family_holdout:qnn] epoch 0033  train_log_mse=0.00360  val_log_mse=0.06077  val_mse=0.000440  max_grad=0.61  patience=1/30
2026-10-08 12:28:00,199  gsv3.training             INFO     [family_holdout:qaoa] epoch 0042  train_log_mse=0.00364  val_log_mse=0.04654  val_mse=0.000437  max_grad=0.92  patience=4/30
2026-10-08 12:28:14,689  gsv3.training             INFO     [family_holdout:randomcircuit] epoch 0037  train_log_mse=0.00407  val_log_mse=0.04273  val_mse=0.000344  max_grad=1.80  patience=1/30
2026-10-08 12:29:02,797  gsv3.training             INFO     [family_holdout:qnn] epoch 0034  train_log_mse=0.00395  val_log_mse=0.05194  val_mse=0.000435  max_grad=0.61  patience=2/30
2026-10-08 12:29:20,565  gsv3.training             INFO     [family_holdout:qaoa] epoch 0043  train_log_mse=0.00317  val_log_mse=0.04017  val_mse=0.000398  max_grad=0.51  patience=0/30
2026-10-08 12:29:45,928  gsv3.training             INFO     [family_holdout:randomcircuit] epoch 0038  train_log_mse=0.00301  val_log_mse=0.03555  val_mse=0.000369  max_grad=0.53  patience=2/30
2026-10-08 12:30:40,707  gsv3.training             INFO     [family_holdout:qaoa] epoch 0044  train_log_mse=0.00307  val_log_mse=0.04174  val_mse=0.000408  max_grad=0.71  patience=1/30
2026-10-08 12:30:43,398  gsv3.training             INFO     [family_holdout:qnn] epoch 0035  train_log_mse=0.00528  val_log_mse=0.04627  val_mse=0.000430  max_grad=1.77  patience=3/30
2026-10-08 12:31:17,331  gsv3.training             INFO     [family_holdout:randomcircuit] epoch 0039  train_log_mse=0.00283  val_log_mse=0.03371  val_mse=0.000295  max_grad=0.26  patience=0/30
2026-10-08 12:32:00,681  gsv3.training             INFO     [family_holdout:qaoa] epoch 0045  train_log_mse=0.00264  val_log_mse=0.04374  val_mse=0.000647  max_grad=0.31  patience=2/30
2026-10-08 12:32:24,136  gsv3.training             INFO     [family_holdout:qnn] epoch 0036  train_log_mse=0.00420  val_log_mse=0.04642  val_mse=0.000383  max_grad=1.38  patience=0/30
2026-10-08 12:32:48,666  gsv3.training             INFO     [family_holdout:randomcircuit] epoch 0040  train_log_mse=0.00282  val_log_mse=0.03484  val_mse=0.000330  max_grad=0.30  patience=1/30
2026-10-08 12:33:20,757  gsv3.training             INFO     [family_holdout:qaoa] epoch 0046  train_log_mse=0.00322  val_log_mse=0.03711  val_mse=0.000461  max_grad=0.55  patience=3/30
2026-10-08 12:34:05,074  gsv3.training             INFO     [family_holdout:qnn] epoch 0037  train_log_mse=0.00330  val_log_mse=0.04878  val_mse=0.000414  max_grad=0.35  patience=1/30
2026-10-08 12:34:20,122  gsv3.training             INFO     [family_holdout:randomcircuit] epoch 0041  train_log_mse=0.00328  val_log_mse=0.03185  val_mse=0.000309  max_grad=0.62  patience=2/30
2026-10-08 12:34:40,816  gsv3.training             INFO     [family_holdout:qaoa] epoch 0047  train_log_mse=0.00344  val_log_mse=0.04182  val_mse=0.000430  max_grad=0.48  patience=4/30
2026-10-08 12:35:45,777  gsv3.training             INFO     [family_holdout:qnn] epoch 0038  train_log_mse=0.00334  val_log_mse=0.04651  val_mse=0.000370  max_grad=0.36  patience=0/30
2026-10-08 12:35:51,227  gsv3.training             INFO     [family_holdout:randomcircuit] epoch 0042  train_log_mse=0.00281  val_log_mse=0.03160  val_mse=0.000330  max_grad=0.56  patience=3/30
2026-10-08 12:36:00,611  gsv3.training             INFO     [family_holdout:qaoa] epoch 0048  train_log_mse=0.00290  val_log_mse=0.03511  val_mse=0.000396  max_grad=0.39  patience=0/30
2026-10-08 12:37:20,277  gsv3.training             INFO     [family_holdout:qaoa] epoch 0049  train_log_mse=0.00266  val_log_mse=0.03810  val_mse=0.000393  max_grad=0.36  patience=0/30
2026-10-08 12:37:22,257  gsv3.training             INFO     [family_holdout:randomcircuit] epoch 0043  train_log_mse=0.00331  val_log_mse=0.05559  val_mse=0.000591  max_grad=0.64  patience=4/30
2026-10-08 12:37:26,174  gsv3.training             INFO     [family_holdout:qnn] epoch 0039  train_log_mse=0.00348  val_log_mse=0.04033  val_mse=0.000362  max_grad=0.52  patience=0/30
2026-10-08 12:38:40,517  gsv3.training             INFO     [family_holdout:qaoa] epoch 0050  train_log_mse=0.00275  val_log_mse=0.03934  val_mse=0.000445  max_grad=0.34  patience=1/30
2026-10-08 12:38:53,436  gsv3.training             INFO     [family_holdout:randomcircuit] epoch 0044  train_log_mse=0.00344  val_log_mse=0.03207  val_mse=0.000359  max_grad=0.50  patience=5/30
2026-10-08 12:39:06,566  gsv3.training             INFO     [family_holdout:qnn] epoch 0040  train_log_mse=0.00332  val_log_mse=0.04341  val_mse=0.000369  max_grad=0.49  patience=1/30
2026-10-08 12:40:00,136  gsv3.training             INFO     [family_holdout:qaoa] epoch 0051  train_log_mse=0.00309  val_log_mse=0.04399  val_mse=0.000454  max_grad=0.87  patience=2/30
2026-10-08 12:40:24,999  gsv3.training             INFO     [family_holdout:randomcircuit] epoch 0045  train_log_mse=0.00283  val_log_mse=0.03537  val_mse=0.000314  max_grad=0.73  patience=6/30
2026-10-08 12:40:47,227  gsv3.training             INFO     [family_holdout:qnn] epoch 0041  train_log_mse=0.00351  val_log_mse=0.05821  val_mse=0.000413  max_grad=0.46  patience=2/30
2026-10-08 12:41:19,700  gsv3.training             INFO     [family_holdout:qaoa] epoch 0052  train_log_mse=0.00275  val_log_mse=0.04477  val_mse=0.000406  max_grad=0.35  patience=3/30
2026-10-08 12:41:55,826  gsv3.training             INFO     [family_holdout:randomcircuit] epoch 0046  train_log_mse=0.00318  val_log_mse=0.03545  val_mse=0.000322  max_grad=0.73  patience=7/30
2026-10-08 12:42:27,743  gsv3.training             INFO     [family_holdout:qnn] epoch 0042  train_log_mse=0.00362  val_log_mse=0.07863  val_mse=0.000443  max_grad=0.54  patience=3/30
2026-10-08 12:42:39,632  gsv3.training             INFO     [family_holdout:qaoa] epoch 0053  train_log_mse=0.00303  val_log_mse=0.03556  val_mse=0.000386  max_grad=0.77  patience=0/30
2026-10-08 12:43:26,666  gsv3.training             INFO     [family_holdout:randomcircuit] epoch 0047  train_log_mse=0.00274  val_log_mse=0.03498  val_mse=0.000318  max_grad=0.25  patience=8/30
2026-10-08 12:43:59,391  gsv3.training             INFO     [family_holdout:qaoa] epoch 0054  train_log_mse=0.00264  val_log_mse=0.03980  val_mse=0.000430  max_grad=0.51  patience=1/30
2026-10-08 12:44:08,187  gsv3.training             INFO     [family_holdout:qnn] epoch 0043  train_log_mse=0.00805  val_log_mse=0.04563  val_mse=0.000396  max_grad=5.06  patience=4/30
2026-10-08 12:44:57,703  gsv3.training             INFO     [family_holdout:randomcircuit] epoch 0048  train_log_mse=0.00285  val_log_mse=0.03856  val_mse=0.000307  max_grad=0.45  patience=9/30
2026-10-08 12:45:19,549  gsv3.training             INFO     [family_holdout:qaoa] epoch 0055  train_log_mse=0.00265  val_log_mse=0.03785  val_mse=0.000401  max_grad=0.46  patience=2/30
2026-10-08 12:45:48,531  gsv3.training             INFO     [family_holdout:qnn] epoch 0044  train_log_mse=0.00315  val_log_mse=0.04464  val_mse=0.000373  max_grad=0.31  patience=5/30
2026-10-08 12:46:28,724  gsv3.training             INFO     [family_holdout:randomcircuit] epoch 0049  train_log_mse=0.00257  val_log_mse=0.03166  val_mse=0.000276  max_grad=0.25  patience=0/30
2026-10-08 12:46:39,465  gsv3.training             INFO     [family_holdout:qaoa] epoch 0056  train_log_mse=0.00256  val_log_mse=0.04375  val_mse=0.000390  max_grad=0.37  patience=3/30
2026-10-08 12:47:30,092  gsv3.training             INFO     [family_holdout:qnn] epoch 0045  train_log_mse=0.00343  val_log_mse=0.05030  val_mse=0.000495  max_grad=0.75  patience=6/30
2026-10-08 12:47:59,150  gsv3.training             INFO     [family_holdout:qaoa] epoch 0057  train_log_mse=0.00292  val_log_mse=0.04225  val_mse=0.000396  max_grad=1.95  patience=4/30
2026-10-08 12:47:59,748  gsv3.training             INFO     [family_holdout:randomcircuit] epoch 0050  train_log_mse=0.00285  val_log_mse=0.03161  val_mse=0.000295  max_grad=0.36  patience=1/30
2026-10-08 12:49:10,524  gsv3.training             INFO     [family_holdout:qnn] epoch 0046  train_log_mse=0.00293  val_log_mse=0.05271  val_mse=0.000600  max_grad=0.25  patience=7/30
2026-10-08 12:49:19,071  gsv3.training             INFO     [family_holdout:qaoa] epoch 0058  train_log_mse=0.00268  val_log_mse=0.04199  val_mse=0.000391  max_grad=0.38  patience=5/30
2026-10-08 12:49:30,524  gsv3.training             INFO     [family_holdout:randomcircuit] epoch 0051  train_log_mse=0.00267  val_log_mse=0.03591  val_mse=0.000313  max_grad=0.27  patience=2/30
2026-10-08 12:50:38,837  gsv3.training             INFO     [family_holdout:qaoa] epoch 0059  train_log_mse=0.00256  val_log_mse=0.03773  val_mse=0.000413  max_grad=0.44  patience=6/30
2026-10-08 12:50:50,798  gsv3.training             INFO     [family_holdout:qnn] epoch 0047  train_log_mse=0.00305  val_log_mse=0.04367  val_mse=0.000443  max_grad=0.46  patience=8/30
2026-10-08 12:51:01,220  gsv3.training             INFO     [family_holdout:randomcircuit] epoch 0052  train_log_mse=0.00267  val_log_mse=0.03284  val_mse=0.000301  max_grad=0.40  patience=3/30
2026-10-08 12:51:59,238  gsv3.training             INFO     [family_holdout:qaoa] epoch 0060  train_log_mse=0.00236  val_log_mse=0.03849  val_mse=0.000401  max_grad=0.25  patience=7/30
2026-10-08 12:52:31,569  gsv3.training             INFO     [family_holdout:qnn] epoch 0048  train_log_mse=0.00324  val_log_mse=0.04214  val_mse=0.000359  max_grad=0.39  patience=0/30
2026-10-08 12:52:32,014  gsv3.training             INFO     [family_holdout:randomcircuit] epoch 0053  train_log_mse=0.00253  val_log_mse=0.03174  val_mse=0.000280  max_grad=0.21  patience=4/30
2026-10-08 12:53:19,838  gsv3.training             INFO     [family_holdout:qaoa] epoch 0061  train_log_mse=0.00245  val_log_mse=0.03608  val_mse=0.000421  max_grad=0.29  patience=8/30
2026-10-08 12:54:03,353  gsv3.training             INFO     [family_holdout:randomcircuit] epoch 0054  train_log_mse=0.00309  val_log_mse=0.05433  val_mse=0.000359  max_grad=0.76  patience=5/30
2026-10-08 12:54:12,593  gsv3.training             INFO     [family_holdout:qnn] epoch 0049  train_log_mse=0.00312  val_log_mse=0.05772  val_mse=0.000435  max_grad=0.32  patience=1/30
2026-10-08 12:54:40,527  gsv3.training             INFO     [family_holdout:qaoa] epoch 0062  train_log_mse=0.00226  val_log_mse=0.04261  val_mse=0.000453  max_grad=0.28  patience=9/30
2026-10-08 12:55:34,474  gsv3.training             INFO     [family_holdout:randomcircuit] epoch 0055  train_log_mse=0.00311  val_log_mse=0.03503  val_mse=0.000301  max_grad=0.53  patience=6/30
2026-10-08 12:55:53,476  gsv3.training             INFO     [family_holdout:qnn] epoch 0050  train_log_mse=0.00314  val_log_mse=0.05134  val_mse=0.000400  max_grad=0.32  patience=2/30
2026-10-08 12:56:00,775  gsv3.training             INFO     [family_holdout:qaoa] epoch 0063  train_log_mse=0.00264  val_log_mse=0.04216  val_mse=0.000375  max_grad=0.55  patience=0/30
2026-10-08 12:57:05,743  gsv3.training             INFO     [family_holdout:randomcircuit] epoch 0056  train_log_mse=0.00254  val_log_mse=0.03408  val_mse=0.000329  max_grad=0.31  patience=7/30
2026-10-08 12:57:21,416  gsv3.training             INFO     [family_holdout:qaoa] epoch 0064  train_log_mse=0.00258  val_log_mse=0.04166  val_mse=0.000403  max_grad=0.62  patience=1/30
2026-10-08 12:57:34,302  gsv3.training             INFO     [family_holdout:qnn] epoch 0051  train_log_mse=0.00372  val_log_mse=0.04608  val_mse=0.000386  max_grad=0.43  patience=3/30
2026-10-08 12:58:36,722  gsv3.training             INFO     [family_holdout:randomcircuit] epoch 0057  train_log_mse=0.00240  val_log_mse=0.03447  val_mse=0.000291  max_grad=0.20  patience=8/30
2026-10-08 12:58:42,054  gsv3.training             INFO     [family_holdout:qaoa] epoch 0065  train_log_mse=0.00244  val_log_mse=0.04013  val_mse=0.000387  max_grad=0.29  patience=2/30
2026-10-08 12:59:14,804  gsv3.training             INFO     [family_holdout:qnn] epoch 0052  train_log_mse=0.00329  val_log_mse=0.04404  val_mse=0.000388  max_grad=0.42  patience=4/30
2026-10-08 13:00:02,510  gsv3.training             INFO     [family_holdout:qaoa] epoch 0066  train_log_mse=0.00260  val_log_mse=0.03897  val_mse=0.000381  max_grad=0.65  patience=3/30
2026-10-08 13:00:07,783  gsv3.training             INFO     [family_holdout:randomcircuit] epoch 0058  train_log_mse=0.00250  val_log_mse=0.04087  val_mse=0.000279  max_grad=0.33  patience=9/30
2026-10-08 13:00:55,275  gsv3.training             INFO     [family_holdout:qnn] epoch 0053  train_log_mse=0.00313  val_log_mse=0.04203  val_mse=0.000350  max_grad=0.40  patience=0/30
2026-10-08 13:01:22,541  gsv3.training             INFO     [family_holdout:qaoa] epoch 0067  train_log_mse=0.00237  val_log_mse=0.03657  val_mse=0.000364  max_grad=0.28  patience=0/30
2026-10-08 13:01:38,872  gsv3.training             INFO     [family_holdout:randomcircuit] epoch 0059  train_log_mse=0.00266  val_log_mse=0.03984  val_mse=0.000384  max_grad=0.37  patience=10/30
2026-10-08 13:02:35,863  gsv3.training             INFO     [family_holdout:qnn] epoch 0054  train_log_mse=0.00381  val_log_mse=0.04561  val_mse=0.000358  max_grad=1.37  patience=1/30
2026-10-08 13:02:42,915  gsv3.training             INFO     [family_holdout:qaoa] epoch 0068  train_log_mse=0.00226  val_log_mse=0.04043  val_mse=0.000376  max_grad=0.39  patience=1/30
2026-10-08 13:03:09,958  gsv3.training             INFO     [family_holdout:randomcircuit] epoch 0060  train_log_mse=0.00247  val_log_mse=0.03455  val_mse=0.000285  max_grad=0.18  patience=11/30
2026-10-08 13:04:03,019  gsv3.training             INFO     [family_holdout:qaoa] epoch 0069  train_log_mse=0.00234  val_log_mse=0.03702  val_mse=0.000381  max_grad=0.39  patience=2/30
2026-10-08 13:04:16,406  gsv3.training             INFO     [family_holdout:qnn] epoch 0055  train_log_mse=0.00320  val_log_mse=0.04752  val_mse=0.000341  max_grad=0.45  patience=0/30
2026-10-08 13:04:40,886  gsv3.training             INFO     [family_holdout:randomcircuit] epoch 0061  train_log_mse=0.00374  val_log_mse=0.03522  val_mse=0.000310  max_grad=1.98  patience=12/30
2026-10-08 13:05:23,118  gsv3.training             INFO     [family_holdout:qaoa] epoch 0070  train_log_mse=0.00225  val_log_mse=0.03977  val_mse=0.000375  max_grad=0.28  patience=3/30
2026-10-08 13:05:56,544  gsv3.training             INFO     [family_holdout:qnn] epoch 0056  train_log_mse=0.00283  val_log_mse=0.06209  val_mse=0.000517  max_grad=0.43  patience=1/30
2026-10-08 13:06:12,159  gsv3.training             INFO     [family_holdout:randomcircuit] epoch 0062  train_log_mse=0.00240  val_log_mse=0.03183  val_mse=0.000289  max_grad=0.19  patience=13/30
2026-10-08 13:06:43,233  gsv3.training             INFO     [family_holdout:qaoa] epoch 0071  train_log_mse=0.00229  val_log_mse=0.03905  val_mse=0.000379  max_grad=0.30  patience=4/30
2026-10-08 13:07:37,113  gsv3.training             INFO     [family_holdout:qnn] epoch 0057  train_log_mse=0.00288  val_log_mse=0.05000  val_mse=0.000363  max_grad=0.44  patience=2/30
2026-10-08 13:07:43,509  gsv3.training             INFO     [family_holdout:randomcircuit] epoch 0063  train_log_mse=0.00230  val_log_mse=0.03202  val_mse=0.000285  max_grad=0.17  patience=14/30
2026-10-08 13:08:03,131  gsv3.training             INFO     [family_holdout:qaoa] epoch 0072  train_log_mse=0.00226  val_log_mse=0.04228  val_mse=0.000395  max_grad=0.34  patience=5/30
2026-10-08 13:09:14,650  gsv3.training             INFO     [family_holdout:randomcircuit] epoch 0064  train_log_mse=0.00240  val_log_mse=0.03140  val_mse=0.000273  max_grad=0.34  patience=0/30
2026-10-08 13:09:18,071  gsv3.training             INFO     [family_holdout:qnn] epoch 0058  train_log_mse=0.00295  val_log_mse=0.04489  val_mse=0.000347  max_grad=0.33  patience=3/30
2026-10-08 13:09:22,768  gsv3.training             INFO     [family_holdout:qaoa] epoch 0073  train_log_mse=0.00219  val_log_mse=0.04020  val_mse=0.000373  max_grad=0.22  patience=6/30
2026-10-08 13:10:43,375  gsv3.training             INFO     [family_holdout:qaoa] epoch 0074  train_log_mse=0.00210  val_log_mse=0.03887  val_mse=0.000379  max_grad=0.25  patience=7/30
2026-10-08 13:10:46,399  gsv3.training             INFO     [family_holdout:randomcircuit] epoch 0065  train_log_mse=0.00237  val_log_mse=0.03294  val_mse=0.000296  max_grad=0.31  patience=1/30
2026-10-08 13:10:58,441  gsv3.training             INFO     [family_holdout:qnn] epoch 0059  train_log_mse=0.00275  val_log_mse=0.04542  val_mse=0.000341  max_grad=0.29  patience=0/30
2026-10-08 13:12:03,527  gsv3.training             INFO     [family_holdout:qaoa] epoch 0075  train_log_mse=0.00219  val_log_mse=0.03775  val_mse=0.000371  max_grad=0.34  patience=8/30
2026-10-08 13:12:18,130  gsv3.training             INFO     [family_holdout:randomcircuit] epoch 0066  train_log_mse=0.00242  val_log_mse=0.04378  val_mse=0.000336  max_grad=0.16  patience=2/30
2026-10-08 13:12:39,462  gsv3.training             INFO     [family_holdout:qnn] epoch 0060  train_log_mse=0.00299  val_log_mse=0.05248  val_mse=0.000391  max_grad=0.36  patience=1/30
2026-10-08 13:13:23,747  gsv3.training             INFO     [family_holdout:qaoa] epoch 0076  train_log_mse=0.00219  val_log_mse=0.03617  val_mse=0.000376  max_grad=0.29  patience=9/30
2026-10-08 13:13:50,154  gsv3.training             INFO     [family_holdout:randomcircuit] epoch 0067  train_log_mse=0.00282  val_log_mse=0.03715  val_mse=0.000332  max_grad=0.49  patience=3/30
2026-10-08 13:14:20,796  gsv3.training             INFO     [family_holdout:qnn] epoch 0061  train_log_mse=0.00291  val_log_mse=0.04589  val_mse=0.000365  max_grad=0.29  patience=2/30
2026-10-08 13:14:44,199  gsv3.training             INFO     [family_holdout:qaoa] epoch 0077  train_log_mse=0.00213  val_log_mse=0.03979  val_mse=0.000389  max_grad=0.26  patience=10/30
2026-10-08 13:15:21,551  gsv3.training             INFO     [family_holdout:randomcircuit] epoch 0068  train_log_mse=0.00275  val_log_mse=0.03435  val_mse=0.000319  max_grad=0.69  patience=4/30
2026-10-08 13:16:01,702  gsv3.training             INFO     [family_holdout:qnn] epoch 0062  train_log_mse=0.00287  val_log_mse=0.04266  val_mse=0.000349  max_grad=0.28  patience=3/30
2026-10-08 13:16:04,704  gsv3.training             INFO     [family_holdout:qaoa] epoch 0078  train_log_mse=0.00216  val_log_mse=0.04202  val_mse=0.000361  max_grad=0.37  patience=0/30
2026-10-08 13:16:53,685  gsv3.training             INFO     [family_holdout:randomcircuit] epoch 0069  train_log_mse=0.00280  val_log_mse=0.04368  val_mse=0.000299  max_grad=1.44  patience=5/30
2026-10-08 13:17:24,990  gsv3.training             INFO     [family_holdout:qaoa] epoch 0079  train_log_mse=0.00222  val_log_mse=0.04302  val_mse=0.000373  max_grad=0.36  patience=1/30
2026-10-08 13:17:42,618  gsv3.training             INFO     [family_holdout:qnn] epoch 0063  train_log_mse=0.00264  val_log_mse=0.04185  val_mse=0.000345  max_grad=0.28  patience=4/30
2026-10-08 13:18:25,311  gsv3.training             INFO     [family_holdout:randomcircuit] epoch 0070  train_log_mse=0.00255  val_log_mse=0.03458  val_mse=0.000308  max_grad=0.65  patience=6/30
2026-10-08 13:18:45,166  gsv3.training             INFO     [family_holdout:qaoa] epoch 0080  train_log_mse=0.00226  val_log_mse=0.03831  val_mse=0.000374  max_grad=0.29  patience=2/30
2026-10-08 13:19:23,404  gsv3.training             INFO     [family_holdout:qnn] epoch 0064  train_log_mse=0.00288  val_log_mse=0.04580  val_mse=0.000357  max_grad=0.38  patience=5/30
2026-10-08 13:19:57,074  gsv3.training             INFO     [family_holdout:randomcircuit] epoch 0071  train_log_mse=0.00226  val_log_mse=0.03706  val_mse=0.000288  max_grad=0.23  patience=7/30
2026-10-08 13:20:05,656  gsv3.training             INFO     [family_holdout:qaoa] epoch 0081  train_log_mse=0.00262  val_log_mse=0.03779  val_mse=0.000379  max_grad=1.09  patience=3/30
2026-10-08 13:21:04,410  gsv3.training             INFO     [family_holdout:qnn] epoch 0065  train_log_mse=0.00292  val_log_mse=0.04979  val_mse=0.000344  max_grad=0.39  patience=6/30
2026-10-08 13:21:25,906  gsv3.training             INFO     [family_holdout:qaoa] epoch 0082  train_log_mse=0.00198  val_log_mse=0.04046  val_mse=0.000429  max_grad=0.27  patience=4/30
2026-10-08 13:21:28,757  gsv3.training             INFO     [family_holdout:randomcircuit] epoch 0072  train_log_mse=0.00239  val_log_mse=0.03349  val_mse=0.000303  max_grad=0.21  patience=8/30
2026-10-08 13:22:45,275  gsv3.training             INFO     [family_holdout:qnn] epoch 0066  train_log_mse=0.00278  val_log_mse=0.04619  val_mse=0.000412  max_grad=0.31  patience=7/30
2026-10-08 13:22:46,510  gsv3.training             INFO     [family_holdout:qaoa] epoch 0083  train_log_mse=0.00200  val_log_mse=0.04096  val_mse=0.000378  max_grad=0.36  patience=5/30
2026-10-08 13:23:00,213  gsv3.training             INFO     [family_holdout:randomcircuit] epoch 0073  train_log_mse=0.00230  val_log_mse=0.03663  val_mse=0.000293  max_grad=0.30  patience=9/30
2026-10-08 13:24:06,519  gsv3.training             INFO     [family_holdout:qaoa] epoch 0084  train_log_mse=0.00190  val_log_mse=0.03975  val_mse=0.000389  max_grad=0.18  patience=6/30
2026-10-08 13:24:26,145  gsv3.training             INFO     [family_holdout:qnn] epoch 0067  train_log_mse=0.00278  val_log_mse=0.04200  val_mse=0.000320  max_grad=0.32  patience=0/30
2026-10-08 13:24:31,372  gsv3.training             INFO     [family_holdout:randomcircuit] epoch 0074  train_log_mse=0.00225  val_log_mse=0.03283  val_mse=0.000303  max_grad=0.17  patience=10/30
2026-10-08 13:25:26,494  gsv3.training             INFO     [family_holdout:qaoa] epoch 0085  train_log_mse=0.00201  val_log_mse=0.04174  val_mse=0.000375  max_grad=0.29  patience=7/30
2026-10-08 13:26:02,620  gsv3.training             INFO     [family_holdout:randomcircuit] epoch 0075  train_log_mse=0.00251  val_log_mse=0.03777  val_mse=0.000305  max_grad=0.32  patience=11/30
2026-10-08 13:26:06,911  gsv3.training             INFO     [family_holdout:qnn] epoch 0068  train_log_mse=0.00267  val_log_mse=0.04485  val_mse=0.000348  max_grad=0.28  patience=1/30
2026-10-08 13:26:47,031  gsv3.training             INFO     [family_holdout:qaoa] epoch 0086  train_log_mse=0.00198  val_log_mse=0.03872  val_mse=0.000385  max_grad=0.24  patience=8/30
2026-10-08 13:27:33,940  gsv3.training             INFO     [family_holdout:randomcircuit] epoch 0076  train_log_mse=0.00230  val_log_mse=0.03268  val_mse=0.000336  max_grad=0.16  patience=12/30
2026-10-08 13:27:47,726  gsv3.training             INFO     [family_holdout:qnn] epoch 0069  train_log_mse=0.00361  val_log_mse=0.05465  val_mse=0.000406  max_grad=0.63  patience=2/30
2026-10-08 13:28:07,814  gsv3.training             INFO     [family_holdout:qaoa] epoch 0087  train_log_mse=0.00197  val_log_mse=0.03976  val_mse=0.000405  max_grad=0.36  patience=9/30
2026-10-08 13:29:05,420  gsv3.training             INFO     [family_holdout:randomcircuit] epoch 0077  train_log_mse=0.00226  val_log_mse=0.03147  val_mse=0.000313  max_grad=0.21  patience=13/30
2026-10-08 13:29:28,250  gsv3.training             INFO     [family_holdout:qnn] epoch 0070  train_log_mse=0.00304  val_log_mse=0.04481  val_mse=0.000518  max_grad=1.72  patience=3/30
2026-10-08 13:29:28,421  gsv3.training             INFO     [family_holdout:qaoa] epoch 0088  train_log_mse=0.00204  val_log_mse=0.04192  val_mse=0.000359  max_grad=0.32  patience=0/30
2026-10-08 13:30:36,602  gsv3.training             INFO     [family_holdout:randomcircuit] epoch 0078  train_log_mse=0.00225  val_log_mse=0.03244  val_mse=0.000301  max_grad=0.21  patience=14/30
2026-10-08 13:30:49,120  gsv3.training             INFO     [family_holdout:qaoa] epoch 0089  train_log_mse=0.00195  val_log_mse=0.03982  val_mse=0.000370  max_grad=0.21  patience=1/30
2026-10-08 13:31:08,805  gsv3.training             INFO     [family_holdout:qnn] epoch 0071  train_log_mse=0.00240  val_log_mse=0.04755  val_mse=0.000337  max_grad=0.24  patience=4/30
2026-10-08 13:32:08,085  gsv3.training             INFO     [family_holdout:randomcircuit] epoch 0079  train_log_mse=0.00227  val_log_mse=0.03763  val_mse=0.000335  max_grad=0.22  patience=15/30
2026-10-08 13:32:09,797  gsv3.training             INFO     [family_holdout:qaoa] epoch 0090  train_log_mse=0.00204  val_log_mse=0.03872  val_mse=0.000372  max_grad=0.36  patience=2/30
2026-10-08 13:32:49,400  gsv3.training             INFO     [family_holdout:qnn] epoch 0072  train_log_mse=0.00243  val_log_mse=0.04658  val_mse=0.000347  max_grad=0.38  patience=5/30
2026-10-08 13:33:30,634  gsv3.training             INFO     [family_holdout:qaoa] epoch 0091  train_log_mse=0.00199  val_log_mse=0.03955  val_mse=0.000392  max_grad=0.27  patience=3/30
2026-10-08 13:33:39,719  gsv3.training             INFO     [family_holdout:randomcircuit] epoch 0080  train_log_mse=0.00330  val_log_mse=0.03695  val_mse=0.000329  max_grad=0.91  patience=16/30
2026-10-08 13:34:29,243  gsv3.training             INFO     [family_holdout:qnn] epoch 0073  train_log_mse=0.00248  val_log_mse=0.04689  val_mse=0.000330  max_grad=0.28  patience=6/30
2026-10-08 13:34:50,967  gsv3.training             INFO     [family_holdout:qaoa] epoch 0092  train_log_mse=0.00197  val_log_mse=0.03719  val_mse=0.000369  max_grad=0.21  patience=4/30
2026-10-08 13:35:10,512  gsv3.training             INFO     [family_holdout:randomcircuit] epoch 0081  train_log_mse=0.00301  val_log_mse=0.03219  val_mse=0.000275  max_grad=1.47  patience=17/30
2026-10-08 13:36:09,269  gsv3.training             INFO     [family_holdout:qnn] epoch 0074  train_log_mse=0.00257  val_log_mse=0.04551  val_mse=0.000341  max_grad=0.39  patience=7/30
2026-10-08 13:36:11,493  gsv3.training             INFO     [family_holdout:qaoa] epoch 0093  train_log_mse=0.00199  val_log_mse=0.03955  val_mse=0.000360  max_grad=0.33  patience=5/30
2026-10-08 13:36:41,797  gsv3.training             INFO     [family_holdout:randomcircuit] epoch 0082  train_log_mse=0.00211  val_log_mse=0.03477  val_mse=0.000277  max_grad=0.15  patience=18/30
2026-10-08 13:37:32,149  gsv3.training             INFO     [family_holdout:qaoa] epoch 0094  train_log_mse=0.00187  val_log_mse=0.03770  val_mse=0.000395  max_grad=0.22  patience=6/30
2026-10-08 13:37:48,792  gsv3.training             INFO     [family_holdout:qnn] epoch 0075  train_log_mse=0.00264  val_log_mse=0.04304  val_mse=0.000319  max_grad=0.28  patience=0/30
2026-10-08 13:38:13,635  gsv3.training             INFO     [family_holdout:randomcircuit] epoch 0083  train_log_mse=0.00211  val_log_mse=0.03271  val_mse=0.000312  max_grad=0.17  patience=19/30
2026-10-08 13:38:52,699  gsv3.training             INFO     [family_holdout:qaoa] epoch 0095  train_log_mse=0.00187  val_log_mse=0.03725  val_mse=0.000378  max_grad=0.18  patience=7/30
2026-10-08 13:39:28,472  gsv3.training             INFO     [family_holdout:qnn] epoch 0076  train_log_mse=0.00242  val_log_mse=0.04263  val_mse=0.000330  max_grad=0.21  patience=1/30
2026-10-08 13:39:45,363  gsv3.training             INFO     [family_holdout:randomcircuit] epoch 0084  train_log_mse=0.00215  val_log_mse=0.03028  val_mse=0.000278  max_grad=0.23  patience=20/30
2026-10-08 13:40:13,696  gsv3.training             INFO     [family_holdout:qaoa] epoch 0096  train_log_mse=0.00189  val_log_mse=0.04021  val_mse=0.000398  max_grad=0.25  patience=8/30
2026-10-08 13:41:08,771  gsv3.training             INFO     [family_holdout:qnn] epoch 0077  train_log_mse=0.00251  val_log_mse=0.04582  val_mse=0.000324  max_grad=0.28  patience=2/30
2026-10-08 13:41:16,520  gsv3.training             INFO     [family_holdout:randomcircuit] epoch 0085  train_log_mse=0.00221  val_log_mse=0.03145  val_mse=0.000284  max_grad=0.21  patience=21/30
2026-10-08 13:41:34,355  gsv3.training             INFO     [family_holdout:qaoa] epoch 0097  train_log_mse=0.00186  val_log_mse=0.03984  val_mse=0.000368  max_grad=0.24  patience=9/30
2026-10-08 13:42:47,864  gsv3.training             INFO     [family_holdout:randomcircuit] epoch 0086  train_log_mse=0.00217  val_log_mse=0.03261  val_mse=0.000318  max_grad=0.28  patience=22/30
2026-10-08 13:42:48,434  gsv3.training             INFO     [family_holdout:qnn] epoch 0078  train_log_mse=0.00269  val_log_mse=0.04430  val_mse=0.000315  max_grad=0.69  patience=0/30
2026-10-08 13:42:55,020  gsv3.training             INFO     [family_holdout:qaoa] epoch 0098  train_log_mse=0.00184  val_log_mse=0.03724  val_mse=0.000360  max_grad=0.18  patience=10/30
2026-10-08 13:44:15,913  gsv3.training             INFO     [family_holdout:qaoa] epoch 0099  train_log_mse=0.00203  val_log_mse=0.03757  val_mse=0.000367  max_grad=0.36  patience=11/30
2026-10-08 13:44:18,872  gsv3.training             INFO     [family_holdout:randomcircuit] epoch 0087  train_log_mse=0.00213  val_log_mse=0.03171  val_mse=0.000290  max_grad=0.12  patience=23/30
2026-10-08 13:44:28,030  gsv3.training             INFO     [family_holdout:qnn] epoch 0079  train_log_mse=0.00253  val_log_mse=0.04704  val_mse=0.000326  max_grad=0.34  patience=1/30
2026-10-08 13:45:36,986  gsv3.training             INFO     [family_holdout:qaoa] epoch 0100  train_log_mse=0.00184  val_log_mse=0.03806  val_mse=0.000394  max_grad=0.24  patience=12/30
2026-10-08 13:45:50,011  gsv3.training             INFO     [family_holdout:randomcircuit] epoch 0088  train_log_mse=0.00220  val_log_mse=0.03117  val_mse=0.000283  max_grad=0.19  patience=24/30
2026-10-08 13:46:07,805  gsv3.training             INFO     [family_holdout:qnn] epoch 0080  train_log_mse=0.00253  val_log_mse=0.04412  val_mse=0.000326  max_grad=0.27  patience=2/30
2026-10-08 13:46:58,538  gsv3.training             INFO     [family_holdout:qaoa] epoch 0101  train_log_mse=0.00240  val_log_mse=0.03920  val_mse=0.000367  max_grad=0.34  patience=13/30
2026-10-08 13:47:21,011  gsv3.training             INFO     [family_holdout:randomcircuit] epoch 0089  train_log_mse=0.00220  val_log_mse=0.03042  val_mse=0.000274  max_grad=0.18  patience=25/30
2026-10-08 13:47:47,213  gsv3.training             INFO     [family_holdout:qnn] epoch 0081  train_log_mse=0.00229  val_log_mse=0.04434  val_mse=0.000315  max_grad=0.22  patience=0/30
2026-10-08 13:48:19,453  gsv3.training             INFO     [family_holdout:qaoa] epoch 0102  train_log_mse=0.00181  val_log_mse=0.03975  val_mse=0.000349  max_grad=0.25  patience=0/30
2026-10-08 13:48:52,048  gsv3.training             INFO     [family_holdout:randomcircuit] epoch 0090  train_log_mse=0.00215  val_log_mse=0.02989  val_mse=0.000282  max_grad=0.14  patience=26/30
2026-10-08 13:49:27,034  gsv3.training             INFO     [family_holdout:qnn] epoch 0082  train_log_mse=0.00264  val_log_mse=0.04211  val_mse=0.000341  max_grad=0.55  patience=1/30
2026-10-08 13:49:40,783  gsv3.training             INFO     [family_holdout:qaoa] epoch 0103  train_log_mse=0.00171  val_log_mse=0.03835  val_mse=0.000360  max_grad=0.18  patience=1/30
2026-10-08 13:50:23,692  gsv3.training             INFO     [family_holdout:randomcircuit] epoch 0091  train_log_mse=0.00222  val_log_mse=0.03388  val_mse=0.000296  max_grad=0.26  patience=27/30
2026-10-08 13:51:01,931  gsv3.training             INFO     [family_holdout:qaoa] epoch 0104  train_log_mse=0.00180  val_log_mse=0.03788  val_mse=0.000372  max_grad=0.23  patience=2/30
2026-10-08 13:51:07,065  gsv3.training             INFO     [family_holdout:qnn] epoch 0083  train_log_mse=0.00264  val_log_mse=0.04806  val_mse=0.000356  max_grad=0.36  patience=2/30
2026-10-08 13:51:55,402  gsv3.training             INFO     [family_holdout:randomcircuit] epoch 0092  train_log_mse=0.00220  val_log_mse=0.03170  val_mse=0.000299  max_grad=0.14  patience=28/30
2026-10-08 13:52:23,142  gsv3.training             INFO     [family_holdout:qaoa] epoch 0105  train_log_mse=0.00172  val_log_mse=0.03792  val_mse=0.000346  max_grad=0.25  patience=0/30
2026-10-08 13:52:47,233  gsv3.training             INFO     [family_holdout:qnn] epoch 0084  train_log_mse=0.00280  val_log_mse=0.04583  val_mse=0.000332  max_grad=1.96  patience=3/30
2026-10-08 13:53:27,194  gsv3.training             INFO     [family_holdout:randomcircuit] epoch 0093  train_log_mse=0.00211  val_log_mse=0.03246  val_mse=0.000277  max_grad=0.19  patience=29/30
2026-10-08 13:53:44,407  gsv3.training             INFO     [family_holdout:qaoa] epoch 0106  train_log_mse=0.00176  val_log_mse=0.03962  val_mse=0.000392  max_grad=0.28  patience=1/30
2026-10-08 13:54:27,621  gsv3.training             INFO     [family_holdout:qnn] epoch 0085  train_log_mse=0.00237  val_log_mse=0.04241  val_mse=0.000346  max_grad=0.29  patience=4/30
2026-10-08 13:54:58,626  gsv3.training             INFO     [family_holdout:randomcircuit] epoch 0094  train_log_mse=0.00225  val_log_mse=0.03160  val_mse=0.000307  max_grad=0.22  patience=30/30
2026-10-08 13:55:04,011  gsv3.experiment           INFO     [randomcircuit] TEST  n=1234  MAE=0.0383  R2=0.9330  device-acc=0.597  regret=0.0085
2026-10-08 13:55:04,015  genstudy.io               INFO     Wrote evaluations/generalization_v5/results/v5_sinkhorn_s6/leave_one_family_out/randomcircuit/metrics.json
2026-10-08 13:55:04,025  genstudy.io               INFO     Wrote evaluations/generalization_v5/results/v5_sinkhorn_s6/leave_one_family_out/randomcircuit/predictions.json
2026-10-08 13:55:04,037  genstudy.io               INFO     Wrote evaluations/generalization_v5/results/v5_sinkhorn_s6/leave_one_family_out/randomcircuit/history.json
2026-10-08 13:55:04,062  genstudy.io               INFO     Wrote evaluations/generalization_v5/results/v5_sinkhorn_s6/leave_one_family_out/folds.json
2026-10-08 13:55:04,066  genstudy.experiment       INFO     Merged held-out predictions for 1234 circuits
2026-10-08 13:55:04,073  genstudy.io               INFO     Wrote evaluations/generalization_v5/results/v5_sinkhorn_s6/leave_one_family_out/heldout_predictions.json
2026-10-08 13:55:04,073  run_experiment            INFO     leave_one_family_out finished: 1 complete, 0 skipped
2026-10-08 13:55:06,249  gsv3.training             INFO     [family_holdout:qaoa] epoch 0107  train_log_mse=0.00192  val_log_mse=0.04762  val_mse=0.000430  max_grad=0.30  patience=2/30
2026-10-08 13:56:03,877  gsv3.training             INFO     [family_holdout:qnn] epoch 0086  train_log_mse=0.00226  val_log_mse=0.04350  val_mse=0.000326  max_grad=0.22  patience=5/30
2026-10-08 13:56:22,320  gsv3.training             INFO     [family_holdout:qaoa] epoch 0108  train_log_mse=0.00171  val_log_mse=0.03894  val_mse=0.000365  max_grad=0.17  patience=3/30
2026-10-08 13:57:37,764  gsv3.training             INFO     [family_holdout:qnn] epoch 0087  train_log_mse=0.00231  val_log_mse=0.04464  val_mse=0.000344  max_grad=0.23  patience=6/30
2026-10-08 13:57:38,613  gsv3.training             INFO     [family_holdout:qaoa] epoch 0109  train_log_mse=0.00187  val_log_mse=0.04020  val_mse=0.000369  max_grad=0.33  patience=4/30
2026-10-08 13:58:55,789  gsv3.training             INFO     [family_holdout:qaoa] epoch 0110  train_log_mse=0.00174  val_log_mse=0.03806  val_mse=0.000349  max_grad=0.26  patience=5/30
2026-10-08 13:59:13,328  gsv3.training             INFO     [family_holdout:qnn] epoch 0088  train_log_mse=0.00237  val_log_mse=0.04880  val_mse=0.000327  max_grad=0.28  patience=7/30
2026-10-08 14:00:17,023  gsv3.training             INFO     [family_holdout:qaoa] epoch 0111  train_log_mse=0.00180  val_log_mse=0.03655  val_mse=0.000357  max_grad=0.39  patience=6/30
2026-10-08 14:00:52,621  gsv3.training             INFO     [family_holdout:qnn] epoch 0089  train_log_mse=0.00224  val_log_mse=0.04411  val_mse=0.000316  max_grad=0.20  patience=8/30
2026-10-08 14:01:38,901  gsv3.training             INFO     [family_holdout:qaoa] epoch 0112  train_log_mse=0.00172  val_log_mse=0.03990  val_mse=0.000351  max_grad=0.16  patience=7/30
2026-10-08 14:02:31,950  gsv3.training             INFO     [family_holdout:qnn] epoch 0090  train_log_mse=0.00248  val_log_mse=0.04673  val_mse=0.000324  max_grad=0.36  patience=9/30
2026-10-08 14:02:59,899  gsv3.training             INFO     [family_holdout:qaoa] epoch 0113  train_log_mse=0.00167  val_log_mse=0.04534  val_mse=0.000366  max_grad=0.26  patience=8/30
2026-10-08 14:04:11,268  gsv3.training             INFO     [family_holdout:qnn] epoch 0091  train_log_mse=0.00224  val_log_mse=0.04156  val_mse=0.000312  max_grad=0.19  patience=0/30
2026-10-08 14:04:21,518  gsv3.training             INFO     [family_holdout:qaoa] epoch 0114  train_log_mse=0.00173  val_log_mse=0.03699  val_mse=0.000358  max_grad=0.33  patience=9/30
2026-10-08 14:05:44,042  gsv3.training             INFO     [family_holdout:qaoa] epoch 0115  train_log_mse=0.00173  val_log_mse=0.04154  val_mse=0.000392  max_grad=0.19  patience=10/30
2026-10-08 14:05:50,480  gsv3.training             INFO     [family_holdout:qnn] epoch 0092  train_log_mse=0.00236  val_log_mse=0.04596  val_mse=0.000338  max_grad=0.25  patience=1/30
2026-10-08 14:07:06,584  gsv3.training             INFO     [family_holdout:qaoa] epoch 0116  train_log_mse=0.00202  val_log_mse=0.03976  val_mse=0.000353  max_grad=0.57  patience=11/30
2026-10-08 14:07:29,781  gsv3.training             INFO     [family_holdout:qnn] epoch 0093  train_log_mse=0.00228  val_log_mse=0.04164  val_mse=0.000312  max_grad=0.33  patience=0/30
2026-10-08 14:08:29,063  gsv3.training             INFO     [family_holdout:qaoa] epoch 0117  train_log_mse=0.00169  val_log_mse=0.03951  val_mse=0.000365  max_grad=0.26  patience=12/30
2026-10-08 14:09:09,458  gsv3.training             INFO     [family_holdout:qnn] epoch 0094  train_log_mse=0.00223  val_log_mse=0.04487  val_mse=0.000312  max_grad=0.27  patience=1/30
2026-10-08 14:09:51,281  gsv3.training             INFO     [family_holdout:qaoa] epoch 0118  train_log_mse=0.00170  val_log_mse=0.03997  val_mse=0.000380  max_grad=0.26  patience=13/30
2026-10-08 14:10:49,188  gsv3.training             INFO     [family_holdout:qnn] epoch 0095  train_log_mse=0.00217  val_log_mse=0.04506  val_mse=0.000321  max_grad=0.26  patience=2/30
2026-10-08 14:11:14,598  gsv3.training             INFO     [family_holdout:qaoa] epoch 0119  train_log_mse=0.00162  val_log_mse=0.04171  val_mse=0.000366  max_grad=0.21  patience=14/30
2026-10-08 14:12:28,594  gsv3.training             INFO     [family_holdout:qnn] epoch 0096  train_log_mse=0.00239  val_log_mse=0.04567  val_mse=0.000337  max_grad=0.32  patience=3/30
2026-10-08 14:12:38,882  gsv3.training             INFO     [family_holdout:qaoa] epoch 0120  train_log_mse=0.00169  val_log_mse=0.03918  val_mse=0.000375  max_grad=0.28  patience=15/30
