2026-10-08 13:58:43,191  genstudy.io               INFO     Logging to evaluations/generalization_v4/results/v4_phys_s7/random_control/run.log
2026-10-08 13:58:43,191  run_experiment            INFO     Command line: evaluations/generalization_v3/scripts/run_experiment.py control --model phys --balance-alpha 0 --lr 3e-4 --grad-clip 1.0 --seed 7 --families large --groups vqe --loss mixed --val-mode random --results-dir evaluations/generalization_v4/results/v4_phys_s7
2026-10-08 13:58:43,191  gsv2.gpu                  WARNING  No CUDA device available — running on the CPU.
2026-10-08 13:58:43,192  gsv3.model                INFO     Hyper-parameters (/home/atudisco/pred-distr-tool/src/model/best_params.json + v3 defaults): {'device_hidden': 64, 'device_layers': 3, 'fusion_dim': 128, 'qubit_layers': 2, 'attn_heads': 4, 'lap_pe': 8, 'cost_bias_init': -6.0, 'hidden_dim': 142, 'num_conv_wo_resnet': 3, 'num_resnet_layers': 1, 'dropout': 0.0, 'bidirectional': True, 'mlp': [512, 256, 128], 'lr': 0.001, 'readout': 'meanmaxsum'}
2026-10-08 13:58:43,208  gsv3.devices              INFO     Device graphs: node features 13 (Laplacian PE 8), physical errors True
2026-10-08 13:58:43,210  genstudy.data             INFO     Loading graph dataset: /home/atudisco/pred-distr-tool/evaluations/generalization_v3/data/graph_dataset_expected_fidelity.pt
2026-10-08 13:58:46,984  genstudy.data             INFO     Loaded 17056 graphs
2026-10-08 13:58:47,019  genstudy.io               INFO     Wrote evaluations/generalization_v4/results/v4_phys_s7/random_control/dataset_summary.json
2026-10-08 13:58:47,113  run_experiment            INFO     [1/1] random_seed7
2026-10-08 13:58:47,116  gsv3.experiment           INFO     === random / random_seed7 ===
2026-10-08 13:58:47,116  gsv3.experiment           INFO     Random split stratified by fidelity (test_fraction=0.3, seed=7): train = 11939, test = 5117 circuits; families and sizes appear on both sides.
2026-10-08 13:58:47,117  gsv3.experiment           INFO     train=9551  val=2388 ({'mode': 'random'})  test=5117
2026-10-08 13:58:47,190  gsv3.training             INFO     [random:random_seed7] model=phys (945374 params) train=9551 val=2388 lr=0.0003 clip=1.0 alpha=0.00
2026-10-08 13:59:58,471  gsv3.training             INFO     [random:random_seed7] epoch 0001  train_log_mse=0.46786  val_log_mse=0.73710  val_mse=0.004022  max_grad=2347.55  patience=0/30
2026-10-08 14:01:09,375  gsv3.training             INFO     [random:random_seed7] epoch 0002  train_log_mse=0.05085  val_log_mse=0.32490  val_mse=0.002375  max_grad=6.67  patience=0/30
2026-10-08 14:02:20,348  gsv3.training             INFO     [random:random_seed7] epoch 0003  train_log_mse=0.03193  val_log_mse=0.24485  val_mse=0.002632  max_grad=3.98  patience=1/30
2026-10-08 14:03:31,531  gsv3.training             INFO     [random:random_seed7] epoch 0004  train_log_mse=0.02634  val_log_mse=0.27004  val_mse=0.001593  max_grad=4.00  patience=0/30
2026-10-08 14:04:42,507  gsv3.training             INFO     [random:random_seed7] epoch 0005  train_log_mse=0.02210  val_log_mse=0.26683  val_mse=0.002031  max_grad=3.39  patience=1/30
2026-10-08 14:05:53,036  gsv3.training             INFO     [random:random_seed7] epoch 0006  train_log_mse=0.01759  val_log_mse=0.15754  val_mse=0.001741  max_grad=2.44  patience=2/30
2026-10-08 14:07:03,505  gsv3.training             INFO     [random:random_seed7] epoch 0007  train_log_mse=0.01760  val_log_mse=0.18532  val_mse=0.001740  max_grad=3.22  patience=3/30
2026-10-08 14:08:14,011  gsv3.training             INFO     [random:random_seed7] epoch 0008  train_log_mse=0.01504  val_log_mse=0.15413  val_mse=0.001242  max_grad=2.14  patience=0/30
2026-10-08 14:09:24,344  gsv3.training             INFO     [random:random_seed7] epoch 0009  train_log_mse=0.01304  val_log_mse=0.13474  val_mse=0.001116  max_grad=1.37  patience=0/30
2026-10-08 14:10:34,683  gsv3.training             INFO     [random:random_seed7] epoch 0010  train_log_mse=0.01177  val_log_mse=0.14397  val_mse=0.001142  max_grad=1.24  patience=1/30
2026-10-08 14:11:45,019  gsv3.training             INFO     [random:random_seed7] epoch 0011  train_log_mse=0.01185  val_log_mse=0.12846  val_mse=0.001137  max_grad=1.51  patience=2/30
2026-10-08 14:12:55,036  gsv3.training             INFO     [random:random_seed7] epoch 0012  train_log_mse=0.01261  val_log_mse=0.16440  val_mse=0.001211  max_grad=2.63  patience=3/30
2026-10-08 14:14:05,151  gsv3.training             INFO     [random:random_seed7] epoch 0013  train_log_mse=0.01079  val_log_mse=0.17421  val_mse=0.000968  max_grad=1.68  patience=0/30
2026-10-08 14:15:15,106  gsv3.training             INFO     [random:random_seed7] epoch 0014  train_log_mse=0.01153  val_log_mse=0.11841  val_mse=0.001020  max_grad=1.99  patience=1/30
2026-10-08 14:16:24,711  gsv3.training             INFO     [random:random_seed7] epoch 0015  train_log_mse=0.00847  val_log_mse=0.18270  val_mse=0.001025  max_grad=2.03  patience=2/30
2026-10-08 14:17:34,494  gsv3.training             INFO     [random:random_seed7] epoch 0016  train_log_mse=0.01044  val_log_mse=0.15475  val_mse=0.000885  max_grad=1.52  patience=0/30
2026-10-08 14:18:44,780  gsv3.training             INFO     [random:random_seed7] epoch 0017  train_log_mse=0.00893  val_log_mse=0.11175  val_mse=0.000864  max_grad=20.75  patience=0/30
2026-10-08 14:19:55,198  gsv3.training             INFO     [random:random_seed7] epoch 0018  train_log_mse=0.00866  val_log_mse=0.12289  val_mse=0.000845  max_grad=1.99  patience=0/30
2026-10-08 14:21:05,413  gsv3.training             INFO     [random:random_seed7] epoch 0019  train_log_mse=0.00830  val_log_mse=0.13277  val_mse=0.001151  max_grad=1.66  patience=1/30
2026-10-08 14:22:15,913  gsv3.training             INFO     [random:random_seed7] epoch 0020  train_log_mse=0.00743  val_log_mse=0.09537  val_mse=0.000859  max_grad=0.90  patience=2/30
2026-10-08 14:23:26,458  gsv3.training             INFO     [random:random_seed7] epoch 0021  train_log_mse=0.00768  val_log_mse=0.12194  val_mse=0.000835  max_grad=1.44  patience=0/30
2026-10-08 14:24:36,943  gsv3.training             INFO     [random:random_seed7] epoch 0022  train_log_mse=0.00751  val_log_mse=0.10040  val_mse=0.000761  max_grad=0.98  patience=0/30
2026-10-08 14:25:47,442  gsv3.training             INFO     [random:random_seed7] epoch 0023  train_log_mse=0.00776  val_log_mse=0.11914  val_mse=0.000760  max_grad=1.25  patience=0/30
2026-10-08 14:26:57,577  gsv3.training             INFO     [random:random_seed7] epoch 0024  train_log_mse=0.00617  val_log_mse=0.10123  val_mse=0.000742  max_grad=0.83  patience=0/30
2026-10-08 14:28:08,039  gsv3.training             INFO     [random:random_seed7] epoch 0025  train_log_mse=0.00667  val_log_mse=0.09323  val_mse=0.000673  max_grad=0.90  patience=0/30
2026-10-08 14:29:18,745  gsv3.training             INFO     [random:random_seed7] epoch 0026  train_log_mse=0.00617  val_log_mse=0.16361  val_mse=0.000686  max_grad=1.36  patience=1/30
2026-10-08 14:30:29,074  gsv3.training             INFO     [random:random_seed7] epoch 0027  train_log_mse=0.00846  val_log_mse=0.10825  val_mse=0.000956  max_grad=1.32  patience=2/30
2026-10-08 14:31:39,300  gsv3.training             INFO     [random:random_seed7] epoch 0028  train_log_mse=0.00726  val_log_mse=0.09566  val_mse=0.000757  max_grad=2.73  patience=3/30
2026-10-08 14:32:49,572  gsv3.training             INFO     [random:random_seed7] epoch 0029  train_log_mse=0.00572  val_log_mse=0.12584  val_mse=0.000958  max_grad=0.69  patience=4/30
2026-10-08 14:33:58,808  gsv3.training             INFO     [random:random_seed7] epoch 0030  train_log_mse=0.00531  val_log_mse=0.08383  val_mse=0.000727  max_grad=1.15  patience=5/30
2026-10-08 14:35:04,231  gsv3.training             INFO     [random:random_seed7] epoch 0031  train_log_mse=0.00525  val_log_mse=0.08554  val_mse=0.000616  max_grad=0.99  patience=0/30
2026-10-08 14:36:09,643  gsv3.training             INFO     [random:random_seed7] epoch 0032  train_log_mse=0.00597  val_log_mse=0.15209  val_mse=0.000837  max_grad=1.23  patience=1/30
2026-10-08 14:37:14,645  gsv3.training             INFO     [random:random_seed7] epoch 0033  train_log_mse=0.00666  val_log_mse=0.08251  val_mse=0.000674  max_grad=1.89  patience=2/30
2026-10-08 14:38:19,941  gsv3.training             INFO     [random:random_seed7] epoch 0034  train_log_mse=0.00436  val_log_mse=0.11345  val_mse=0.000626  max_grad=0.74  patience=3/30
2026-10-08 14:39:25,632  gsv3.training             INFO     [random:random_seed7] epoch 0035  train_log_mse=0.00524  val_log_mse=0.07932  val_mse=0.000563  max_grad=0.87  patience=0/30
2026-10-08 14:40:31,423  gsv3.training             INFO     [random:random_seed7] epoch 0036  train_log_mse=0.00526  val_log_mse=0.08597  val_mse=0.000680  max_grad=0.71  patience=1/30
2026-10-08 14:41:37,023  gsv3.training             INFO     [random:random_seed7] epoch 0037  train_log_mse=0.00596  val_log_mse=0.09232  val_mse=0.000602  max_grad=1.03  patience=2/30
2026-10-08 14:42:42,446  gsv3.training             INFO     [random:random_seed7] epoch 0038  train_log_mse=0.00445  val_log_mse=0.09011  val_mse=0.000688  max_grad=0.69  patience=3/30
2026-10-08 14:43:47,899  gsv3.training             INFO     [random:random_seed7] epoch 0039  train_log_mse=0.00460  val_log_mse=0.11178  val_mse=0.000695  max_grad=0.66  patience=4/30
2026-10-08 14:44:53,315  gsv3.training             INFO     [random:random_seed7] epoch 0040  train_log_mse=0.00543  val_log_mse=0.07752  val_mse=0.000517  max_grad=0.75  patience=0/30
2026-10-08 14:45:58,751  gsv3.training             INFO     [random:random_seed7] epoch 0041  train_log_mse=0.00417  val_log_mse=0.09254  val_mse=0.000579  max_grad=0.60  patience=1/30
2026-10-08 14:47:04,048  gsv3.training             INFO     [random:random_seed7] epoch 0042  train_log_mse=0.00493  val_log_mse=0.08020  val_mse=0.000587  max_grad=0.63  patience=2/30
2026-10-08 14:48:09,014  gsv3.training             INFO     [random:random_seed7] epoch 0043  train_log_mse=0.00488  val_log_mse=0.11530  val_mse=0.000547  max_grad=0.79  patience=3/30
2026-10-08 14:49:14,498  gsv3.training             INFO     [random:random_seed7] epoch 0044  train_log_mse=0.00413  val_log_mse=0.07950  val_mse=0.000550  max_grad=0.51  patience=4/30
2026-10-08 14:50:20,142  gsv3.training             INFO     [random:random_seed7] epoch 0045  train_log_mse=0.00439  val_log_mse=0.09170  val_mse=0.000542  max_grad=0.63  patience=5/30
2026-10-08 14:51:25,588  gsv3.training             INFO     [random:random_seed7] epoch 0046  train_log_mse=0.00393  val_log_mse=0.07555  val_mse=0.000533  max_grad=0.67  patience=6/30
2026-10-08 14:52:30,960  gsv3.training             INFO     [random:random_seed7] epoch 0047  train_log_mse=0.00362  val_log_mse=0.08242  val_mse=0.000568  max_grad=0.45  patience=7/30
2026-10-08 14:53:36,581  gsv3.training             INFO     [random:random_seed7] epoch 0048  train_log_mse=0.00574  val_log_mse=0.08948  val_mse=0.000606  max_grad=0.66  patience=8/30
2026-10-08 14:54:41,966  gsv3.training             INFO     [random:random_seed7] epoch 0049  train_log_mse=0.00532  val_log_mse=0.08102  val_mse=0.000558  max_grad=4.11  patience=9/30
2026-10-08 14:55:47,385  gsv3.training             INFO     [random:random_seed7] epoch 0050  train_log_mse=0.00385  val_log_mse=0.09194  val_mse=0.000593  max_grad=0.58  patience=10/30
2026-10-08 14:56:53,129  gsv3.training             INFO     [random:random_seed7] epoch 0051  train_log_mse=0.00455  val_log_mse=0.07843  val_mse=0.000498  max_grad=1.07  patience=0/30
2026-10-08 14:57:58,312  gsv3.training             INFO     [random:random_seed7] epoch 0052  train_log_mse=0.00339  val_log_mse=0.07688  val_mse=0.000539  max_grad=0.55  patience=1/30
2026-10-08 14:59:04,023  gsv3.training             INFO     [random:random_seed7] epoch 0053  train_log_mse=0.00487  val_log_mse=0.08229  val_mse=0.000477  max_grad=0.97  patience=0/30
2026-10-08 15:00:09,444  gsv3.training             INFO     [random:random_seed7] epoch 0054  train_log_mse=0.00334  val_log_mse=0.07558  val_mse=0.000550  max_grad=0.38  patience=1/30
2026-10-08 15:01:14,945  gsv3.training             INFO     [random:random_seed7] epoch 0055  train_log_mse=0.00332  val_log_mse=0.07265  val_mse=0.000434  max_grad=0.42  patience=0/30
2026-10-08 15:02:20,703  gsv3.training             INFO     [random:random_seed7] epoch 0056  train_log_mse=0.00370  val_log_mse=0.08330  val_mse=0.000505  max_grad=0.63  patience=1/30
2026-10-08 15:03:26,201  gsv3.training             INFO     [random:random_seed7] epoch 0057  train_log_mse=0.00439  val_log_mse=0.08600  val_mse=0.000482  max_grad=0.59  patience=2/30
2026-10-08 15:04:31,498  gsv3.training             INFO     [random:random_seed7] epoch 0058  train_log_mse=0.00637  val_log_mse=0.07449  val_mse=0.000489  max_grad=1.14  patience=3/30
2026-10-08 15:05:37,072  gsv3.training             INFO     [random:random_seed7] epoch 0059  train_log_mse=0.00351  val_log_mse=0.07086  val_mse=0.000428  max_grad=0.64  patience=0/30
2026-10-08 15:06:42,618  gsv3.training             INFO     [random:random_seed7] epoch 0060  train_log_mse=0.00308  val_log_mse=0.07309  val_mse=0.000475  max_grad=0.40  patience=1/30
2026-10-08 15:07:48,031  gsv3.training             INFO     [random:random_seed7] epoch 0061  train_log_mse=0.00310  val_log_mse=0.07618  val_mse=0.000461  max_grad=0.46  patience=2/30
2026-10-08 15:08:53,398  gsv3.training             INFO     [random:random_seed7] epoch 0062  train_log_mse=0.00327  val_log_mse=0.07781  val_mse=0.000473  max_grad=0.49  patience=3/30
2026-10-08 15:09:59,283  gsv3.training             INFO     [random:random_seed7] epoch 0063  train_log_mse=0.00347  val_log_mse=0.08639  val_mse=0.000479  max_grad=0.48  patience=4/30
2026-10-08 15:11:04,936  gsv3.training             INFO     [random:random_seed7] epoch 0064  train_log_mse=0.00320  val_log_mse=0.07140  val_mse=0.000459  max_grad=0.33  patience=5/30
2026-10-08 15:12:10,327  gsv3.training             INFO     [random:random_seed7] epoch 0065  train_log_mse=0.00402  val_log_mse=0.08106  val_mse=0.000576  max_grad=0.67  patience=6/30
2026-10-08 15:13:15,972  gsv3.training             INFO     [random:random_seed7] epoch 0066  train_log_mse=0.00351  val_log_mse=0.08697  val_mse=0.000510  max_grad=0.44  patience=7/30
2026-10-08 15:14:21,800  gsv3.training             INFO     [random:random_seed7] epoch 0067  train_log_mse=0.00326  val_log_mse=0.07421  val_mse=0.000441  max_grad=0.56  patience=8/30
2026-10-08 15:15:27,259  gsv3.training             INFO     [random:random_seed7] epoch 0068  train_log_mse=0.00323  val_log_mse=0.09023  val_mse=0.000445  max_grad=0.41  patience=9/30
2026-10-08 15:16:32,621  gsv3.training             INFO     [random:random_seed7] epoch 0069  train_log_mse=0.00359  val_log_mse=0.07163  val_mse=0.000425  max_grad=0.59  patience=0/30
2026-10-08 15:17:37,666  gsv3.training             INFO     [random:random_seed7] epoch 0070  train_log_mse=0.00327  val_log_mse=0.08840  val_mse=0.000447  max_grad=0.52  patience=1/30
2026-10-08 15:18:42,927  gsv3.training             INFO     [random:random_seed7] epoch 0071  train_log_mse=0.00422  val_log_mse=0.08704  val_mse=0.000558  max_grad=0.83  patience=2/30
2026-10-08 15:19:48,623  gsv3.training             INFO     [random:random_seed7] epoch 0072  train_log_mse=0.00313  val_log_mse=0.07026  val_mse=0.000432  max_grad=0.39  patience=3/30
2026-10-08 15:20:54,324  gsv3.training             INFO     [random:random_seed7] epoch 0073  train_log_mse=0.00282  val_log_mse=0.07651  val_mse=0.000435  max_grad=0.33  patience=4/30
2026-10-08 15:22:00,162  gsv3.training             INFO     [random:random_seed7] epoch 0074  train_log_mse=0.00288  val_log_mse=0.06952  val_mse=0.000452  max_grad=0.38  patience=5/30
2026-10-08 15:23:06,014  gsv3.training             INFO     [random:random_seed7] epoch 0075  train_log_mse=0.00298  val_log_mse=0.13954  val_mse=0.000619  max_grad=0.54  patience=6/30
2026-10-08 15:24:12,050  gsv3.training             INFO     [random:random_seed7] epoch 0076  train_log_mse=0.00453  val_log_mse=0.07001  val_mse=0.000466  max_grad=0.90  patience=7/30
2026-10-08 15:25:17,433  gsv3.training             INFO     [random:random_seed7] epoch 0077  train_log_mse=0.00303  val_log_mse=0.06806  val_mse=0.000458  max_grad=0.41  patience=8/30
2026-10-08 15:26:23,050  gsv3.training             INFO     [random:random_seed7] epoch 0078  train_log_mse=0.00295  val_log_mse=0.07222  val_mse=0.000421  max_grad=0.46  patience=0/30
2026-10-08 15:27:28,439  gsv3.training             INFO     [random:random_seed7] epoch 0079  train_log_mse=0.00279  val_log_mse=0.07731  val_mse=0.000490  max_grad=0.30  patience=1/30
2026-10-08 15:28:33,888  gsv3.training             INFO     [random:random_seed7] epoch 0080  train_log_mse=0.00333  val_log_mse=0.07044  val_mse=0.000564  max_grad=0.72  patience=2/30
2026-10-08 15:29:39,367  gsv3.training             INFO     [random:random_seed7] epoch 0081  train_log_mse=0.00351  val_log_mse=0.07415  val_mse=0.000414  max_grad=0.75  patience=0/30
2026-10-08 15:30:44,580  gsv3.training             INFO     [random:random_seed7] epoch 0082  train_log_mse=0.00291  val_log_mse=0.07320  val_mse=0.000495  max_grad=0.47  patience=1/30
2026-10-08 15:31:49,296  gsv3.training             INFO     [random:random_seed7] epoch 0083  train_log_mse=0.00290  val_log_mse=0.06853  val_mse=0.000440  max_grad=0.37  patience=2/30
2026-10-08 15:32:54,592  gsv3.training             INFO     [random:random_seed7] epoch 0084  train_log_mse=0.00335  val_log_mse=0.07739  val_mse=0.000443  max_grad=0.55  patience=3/30
2026-10-08 15:34:00,104  gsv3.training             INFO     [random:random_seed7] epoch 0085  train_log_mse=0.00290  val_log_mse=0.07470  val_mse=0.000470  max_grad=0.34  patience=4/30
2026-10-08 15:35:05,590  gsv3.training             INFO     [random:random_seed7] epoch 0086  train_log_mse=0.00273  val_log_mse=0.07531  val_mse=0.000446  max_grad=0.31  patience=5/30
2026-10-08 15:36:10,655  gsv3.training             INFO     [random:random_seed7] epoch 0087  train_log_mse=0.00299  val_log_mse=0.07044  val_mse=0.000437  max_grad=0.49  patience=6/30
2026-10-08 15:37:15,739  gsv3.training             INFO     [random:random_seed7] epoch 0088  train_log_mse=0.00272  val_log_mse=0.07824  val_mse=0.000442  max_grad=0.38  patience=7/30
2026-10-08 15:38:21,016  gsv3.training             INFO     [random:random_seed7] epoch 0089  train_log_mse=0.00519  val_log_mse=0.08684  val_mse=0.000453  max_grad=0.82  patience=8/30
2026-10-08 15:39:26,791  gsv3.training             INFO     [random:random_seed7] epoch 0090  train_log_mse=0.00290  val_log_mse=0.07541  val_mse=0.000415  max_grad=0.40  patience=9/30
2026-10-08 15:40:32,178  gsv3.training             INFO     [random:random_seed7] epoch 0091  train_log_mse=0.00274  val_log_mse=0.07095  val_mse=0.000416  max_grad=0.59  patience=10/30
2026-10-08 15:41:37,433  gsv3.training             INFO     [random:random_seed7] epoch 0092  train_log_mse=0.00233  val_log_mse=0.07129  val_mse=0.000435  max_grad=0.35  patience=11/30
2026-10-08 15:42:42,815  gsv3.training             INFO     [random:random_seed7] epoch 0093  train_log_mse=0.00231  val_log_mse=0.06672  val_mse=0.000395  max_grad=0.36  patience=0/30
2026-10-08 15:43:47,568  gsv3.training             INFO     [random:random_seed7] epoch 0094  train_log_mse=0.00264  val_log_mse=0.07609  val_mse=0.000525  max_grad=0.54  patience=1/30
2026-10-08 15:44:52,614  gsv3.training             INFO     [random:random_seed7] epoch 0095  train_log_mse=0.00324  val_log_mse=0.08219  val_mse=0.000433  max_grad=0.45  patience=2/30
2026-10-08 15:45:57,741  gsv3.training             INFO     [random:random_seed7] epoch 0096  train_log_mse=0.00288  val_log_mse=0.07256  val_mse=0.000439  max_grad=0.43  patience=3/30
2026-10-08 15:47:03,330  gsv3.training             INFO     [random:random_seed7] epoch 0097  train_log_mse=0.00241  val_log_mse=0.07316  val_mse=0.000455  max_grad=0.48  patience=4/30
2026-10-08 15:48:10,675  gsv3.training             INFO     [random:random_seed7] epoch 0098  train_log_mse=0.00328  val_log_mse=0.07562  val_mse=0.000435  max_grad=0.55  patience=5/30
2026-10-08 15:49:19,033  gsv3.training             INFO     [random:random_seed7] epoch 0099  train_log_mse=0.00254  val_log_mse=0.07569  val_mse=0.000443  max_grad=0.36  patience=6/30
2026-10-08 15:50:29,996  gsv3.training             INFO     [random:random_seed7] epoch 0100  train_log_mse=0.00289  val_log_mse=0.06770  val_mse=0.000396  max_grad=0.85  patience=7/30
2026-10-08 15:51:41,801  gsv3.training             INFO     [random:random_seed7] epoch 0101  train_log_mse=0.00243  val_log_mse=0.07156  val_mse=0.000509  max_grad=0.42  patience=8/30
2026-10-08 15:52:53,622  gsv3.training             INFO     [random:random_seed7] epoch 0102  train_log_mse=0.00275  val_log_mse=0.08056  val_mse=0.000436  max_grad=0.63  patience=9/30
2026-10-08 15:54:05,667  gsv3.training             INFO     [random:random_seed7] epoch 0103  train_log_mse=0.00246  val_log_mse=0.07303  val_mse=0.000502  max_grad=0.36  patience=10/30
2026-10-08 15:55:17,519  gsv3.training             INFO     [random:random_seed7] epoch 0104  train_log_mse=0.00244  val_log_mse=0.06982  val_mse=0.000413  max_grad=0.31  patience=11/30
2026-10-08 15:56:28,612  gsv3.training             INFO     [random:random_seed7] epoch 0105  train_log_mse=0.00231  val_log_mse=0.07480  val_mse=0.000503  max_grad=0.31  patience=12/30
2026-10-08 15:57:38,654  gsv3.training             INFO     [random:random_seed7] epoch 0106  train_log_mse=0.00264  val_log_mse=0.07429  val_mse=0.000574  max_grad=0.37  patience=13/30
2026-10-08 15:58:48,985  gsv3.training             INFO     [random:random_seed7] epoch 0107  train_log_mse=0.00374  val_log_mse=0.07307  val_mse=0.000447  max_grad=0.78  patience=14/30
2026-10-08 15:59:58,598  gsv3.training             INFO     [random:random_seed7] epoch 0108  train_log_mse=0.00242  val_log_mse=0.07177  val_mse=0.000400  max_grad=0.56  patience=15/30
2026-10-08 16:01:08,646  gsv3.training             INFO     [random:random_seed7] epoch 0109  train_log_mse=0.00225  val_log_mse=0.07047  val_mse=0.000445  max_grad=0.30  patience=16/30
2026-10-08 16:02:19,050  gsv3.training             INFO     [random:random_seed7] epoch 0110  train_log_mse=0.00264  val_log_mse=0.07126  val_mse=0.000430  max_grad=0.47  patience=17/30
2026-10-08 16:03:29,628  gsv3.training             INFO     [random:random_seed7] epoch 0111  train_log_mse=0.00236  val_log_mse=0.06677  val_mse=0.000415  max_grad=0.32  patience=18/30
2026-10-08 16:04:39,928  gsv3.training             INFO     [random:random_seed7] epoch 0112  train_log_mse=0.00257  val_log_mse=0.07091  val_mse=0.000425  max_grad=0.41  patience=19/30
2026-10-08 16:05:45,811  gsv3.training             INFO     [random:random_seed7] epoch 0113  train_log_mse=0.00239  val_log_mse=0.07142  val_mse=0.000406  max_grad=0.30  patience=20/30
2026-10-08 16:06:51,861  gsv3.training             INFO     [random:random_seed7] epoch 0114  train_log_mse=0.00241  val_log_mse=0.07208  val_mse=0.000413  max_grad=0.44  patience=21/30
2026-10-08 16:07:57,739  gsv3.training             INFO     [random:random_seed7] epoch 0115  train_log_mse=0.00221  val_log_mse=0.07155  val_mse=0.000393  max_grad=0.36  patience=0/30
2026-10-08 16:09:04,417  gsv3.training             INFO     [random:random_seed7] epoch 0116  train_log_mse=0.00273  val_log_mse=0.08615  val_mse=0.000524  max_grad=0.53  patience=1/30
2026-10-08 16:10:11,375  gsv3.training             INFO     [random:random_seed7] epoch 0117  train_log_mse=0.00317  val_log_mse=0.07413  val_mse=0.000379  max_grad=0.50  patience=0/30
2026-10-08 16:11:18,219  gsv3.training             INFO     [random:random_seed7] epoch 0118  train_log_mse=0.00215  val_log_mse=0.07227  val_mse=0.000398  max_grad=0.31  patience=1/30
2026-10-08 16:12:24,904  gsv3.training             INFO     [random:random_seed7] epoch 0119  train_log_mse=0.00230  val_log_mse=0.07503  val_mse=0.000415  max_grad=0.39  patience=2/30
2026-10-08 16:13:31,845  gsv3.training             INFO     [random:random_seed7] epoch 0120  train_log_mse=0.00262  val_log_mse=0.06967  val_mse=0.000409  max_grad=0.45  patience=3/30
2026-10-08 16:14:38,432  gsv3.training             INFO     [random:random_seed7] epoch 0121  train_log_mse=0.00226  val_log_mse=0.07000  val_mse=0.000381  max_grad=0.35  patience=4/30
2026-10-08 16:15:45,134  gsv3.training             INFO     [random:random_seed7] epoch 0122  train_log_mse=0.00242  val_log_mse=0.07069  val_mse=0.000395  max_grad=0.49  patience=5/30
2026-10-08 16:16:50,915  gsv3.training             INFO     [random:random_seed7] epoch 0123  train_log_mse=0.00206  val_log_mse=0.06754  val_mse=0.000390  max_grad=0.22  patience=6/30
2026-10-08 16:17:57,646  gsv3.training             INFO     [random:random_seed7] epoch 0124  train_log_mse=0.00213  val_log_mse=0.06834  val_mse=0.000381  max_grad=0.26  patience=7/30
2026-10-08 16:19:04,847  gsv3.training             INFO     [random:random_seed7] epoch 0125  train_log_mse=0.00263  val_log_mse=0.07451  val_mse=0.000491  max_grad=0.59  patience=8/30
2026-10-08 16:20:14,622  gsv3.training             INFO     [random:random_seed7] epoch 0126  train_log_mse=0.00230  val_log_mse=0.06871  val_mse=0.000431  max_grad=0.35  patience=9/30
2026-10-08 16:21:24,982  gsv3.training             INFO     [random:random_seed7] epoch 0127  train_log_mse=0.00215  val_log_mse=0.07381  val_mse=0.000393  max_grad=0.31  patience=10/30
2026-10-08 16:22:33,842  gsv3.training             INFO     [random:random_seed7] epoch 0128  train_log_mse=0.00214  val_log_mse=0.07406  val_mse=0.000425  max_grad=0.29  patience=11/30
2026-10-08 16:23:43,852  gsv3.training             INFO     [random:random_seed7] epoch 0129  train_log_mse=0.00195  val_log_mse=0.07035  val_mse=0.000429  max_grad=0.21  patience=12/30
2026-10-08 16:24:54,723  gsv3.training             INFO     [random:random_seed7] epoch 0130  train_log_mse=0.00265  val_log_mse=0.07371  val_mse=0.000515  max_grad=0.37  patience=13/30
2026-10-08 16:26:05,470  gsv3.training             INFO     [random:random_seed7] epoch 0131  train_log_mse=0.00240  val_log_mse=0.08100  val_mse=0.000412  max_grad=0.35  patience=14/30
2026-10-08 16:27:16,020  gsv3.training             INFO     [random:random_seed7] epoch 0132  train_log_mse=0.00211  val_log_mse=0.06845  val_mse=0.000400  max_grad=0.30  patience=15/30
2026-10-08 16:28:27,234  gsv3.training             INFO     [random:random_seed7] epoch 0133  train_log_mse=0.00229  val_log_mse=0.07481  val_mse=0.000452  max_grad=0.60  patience=16/30
2026-10-08 16:29:37,996  gsv3.training             INFO     [random:random_seed7] epoch 0134  train_log_mse=0.00294  val_log_mse=0.07346  val_mse=0.000415  max_grad=0.70  patience=17/30
2026-10-08 16:30:48,305  gsv3.training             INFO     [random:random_seed7] epoch 0135  train_log_mse=0.00232  val_log_mse=0.06869  val_mse=0.000432  max_grad=0.45  patience=18/30
2026-10-08 16:31:59,023  gsv3.training             INFO     [random:random_seed7] epoch 0136  train_log_mse=0.00221  val_log_mse=0.06803  val_mse=0.000410  max_grad=0.58  patience=19/30
2026-10-08 16:33:10,023  gsv3.training             INFO     [random:random_seed7] epoch 0137  train_log_mse=0.00205  val_log_mse=0.07156  val_mse=0.000409  max_grad=0.49  patience=20/30
2026-10-08 16:34:20,839  gsv3.training             INFO     [random:random_seed7] epoch 0138  train_log_mse=0.00209  val_log_mse=0.06837  val_mse=0.000413  max_grad=0.57  patience=21/30
2026-10-08 16:35:31,594  gsv3.training             INFO     [random:random_seed7] epoch 0139  train_log_mse=0.00196  val_log_mse=0.07184  val_mse=0.000377  max_grad=0.31  patience=0/30
2026-10-08 16:36:42,645  gsv3.training             INFO     [random:random_seed7] epoch 0140  train_log_mse=0.00237  val_log_mse=0.08307  val_mse=0.000465  max_grad=0.55  patience=1/30
2026-10-08 16:37:53,402  gsv3.training             INFO     [random:random_seed7] epoch 0141  train_log_mse=0.00235  val_log_mse=0.07449  val_mse=0.000423  max_grad=0.41  patience=2/30
2026-10-08 16:39:04,343  gsv3.training             INFO     [random:random_seed7] epoch 0142  train_log_mse=0.00245  val_log_mse=0.06838  val_mse=0.000404  max_grad=0.54  patience=3/30
2026-10-08 16:40:15,532  gsv3.training             INFO     [random:random_seed7] epoch 0143  train_log_mse=0.00223  val_log_mse=0.07613  val_mse=0.000538  max_grad=0.31  patience=4/30
2026-10-08 16:41:26,590  gsv3.training             INFO     [random:random_seed7] epoch 0144  train_log_mse=0.00202  val_log_mse=0.07803  val_mse=0.000387  max_grad=0.33  patience=5/30
2026-10-08 16:42:37,461  gsv3.training             INFO     [random:random_seed7] epoch 0145  train_log_mse=0.00190  val_log_mse=0.06712  val_mse=0.000389  max_grad=0.23  patience=6/30
2026-10-08 16:43:48,743  gsv3.training             INFO     [random:random_seed7] epoch 0146  train_log_mse=0.00185  val_log_mse=0.06971  val_mse=0.000387  max_grad=0.22  patience=7/30
2026-10-08 16:44:59,766  gsv3.training             INFO     [random:random_seed7] epoch 0147  train_log_mse=0.00250  val_log_mse=0.10649  val_mse=0.000521  max_grad=0.79  patience=8/30
2026-10-08 16:46:10,623  gsv3.training             INFO     [random:random_seed7] epoch 0148  train_log_mse=0.00273  val_log_mse=0.07230  val_mse=0.000423  max_grad=0.50  patience=9/30
2026-10-08 16:47:21,607  gsv3.training             INFO     [random:random_seed7] epoch 0149  train_log_mse=0.00186  val_log_mse=0.06788  val_mse=0.000406  max_grad=0.22  patience=10/30
2026-10-08 16:48:32,557  gsv3.training             INFO     [random:random_seed7] epoch 0150  train_log_mse=0.00202  val_log_mse=0.06952  val_mse=0.000402  max_grad=0.41  patience=11/30
2026-10-08 16:49:43,470  gsv3.training             INFO     [random:random_seed7] epoch 0151  train_log_mse=0.00202  val_log_mse=0.07215  val_mse=0.000445  max_grad=0.32  patience=12/30
2026-10-08 16:50:54,440  gsv3.training             INFO     [random:random_seed7] epoch 0152  train_log_mse=0.00190  val_log_mse=0.06817  val_mse=0.000374  max_grad=0.33  patience=0/30
2026-10-08 16:52:05,399  gsv3.training             INFO     [random:random_seed7] epoch 0153  train_log_mse=0.00175  val_log_mse=0.07195  val_mse=0.000429  max_grad=0.21  patience=1/30
2026-10-08 16:53:16,215  gsv3.training             INFO     [random:random_seed7] epoch 0154  train_log_mse=0.00211  val_log_mse=0.08231  val_mse=0.000401  max_grad=0.38  patience=2/30
2026-10-08 16:54:24,323  gsv3.training             INFO     [random:random_seed7] epoch 0155  train_log_mse=0.00218  val_log_mse=0.07101  val_mse=0.000390  max_grad=0.32  patience=3/30
2026-10-08 16:55:35,661  gsv3.training             INFO     [random:random_seed7] epoch 0156  train_log_mse=0.00185  val_log_mse=0.06718  val_mse=0.000378  max_grad=0.25  patience=4/30
2026-10-08 16:56:46,252  gsv3.training             INFO     [random:random_seed7] epoch 0157  train_log_mse=0.00182  val_log_mse=0.07148  val_mse=0.000450  max_grad=0.26  patience=5/30
2026-10-08 16:57:56,793  gsv3.training             INFO     [random:random_seed7] epoch 0158  train_log_mse=0.00191  val_log_mse=0.06893  val_mse=0.000421  max_grad=0.27  patience=6/30
2026-10-08 16:59:07,573  gsv3.training             INFO     [random:random_seed7] epoch 0159  train_log_mse=0.00376  val_log_mse=0.09565  val_mse=0.000415  max_grad=1.73  patience=7/30
2026-10-08 17:00:18,669  gsv3.training             INFO     [random:random_seed7] epoch 0160  train_log_mse=0.00232  val_log_mse=0.06764  val_mse=0.000365  max_grad=0.44  patience=0/30
2026-10-08 17:01:29,044  gsv3.training             INFO     [random:random_seed7] epoch 0161  train_log_mse=0.00188  val_log_mse=0.06885  val_mse=0.000398  max_grad=0.28  patience=1/30
2026-10-08 17:02:39,461  gsv3.training             INFO     [random:random_seed7] epoch 0162  train_log_mse=0.00172  val_log_mse=0.06779  val_mse=0.000407  max_grad=0.35  patience=2/30
2026-10-08 17:03:50,261  gsv3.training             INFO     [random:random_seed7] epoch 0163  train_log_mse=0.00176  val_log_mse=0.06851  val_mse=0.000367  max_grad=0.20  patience=3/30
2026-10-08 17:05:00,903  gsv3.training             INFO     [random:random_seed7] epoch 0164  train_log_mse=0.00159  val_log_mse=0.06673  val_mse=0.000365  max_grad=0.18  patience=0/30
2026-10-08 17:06:11,377  gsv3.training             INFO     [random:random_seed7] epoch 0165  train_log_mse=0.00173  val_log_mse=0.07148  val_mse=0.000382  max_grad=0.25  patience=1/30
2026-10-08 17:07:21,846  gsv3.training             INFO     [random:random_seed7] epoch 0166  train_log_mse=0.00179  val_log_mse=0.09193  val_mse=0.000505  max_grad=0.47  patience=2/30
2026-10-08 17:08:32,594  gsv3.training             INFO     [random:random_seed7] epoch 0167  train_log_mse=0.00237  val_log_mse=0.07071  val_mse=0.000397  max_grad=0.50  patience=3/30
2026-10-08 17:09:43,383  gsv3.training             INFO     [random:random_seed7] epoch 0168  train_log_mse=0.00216  val_log_mse=0.07200  val_mse=0.000403  max_grad=0.31  patience=4/30
2026-10-08 17:10:54,054  gsv3.training             INFO     [random:random_seed7] epoch 0169  train_log_mse=0.00205  val_log_mse=0.07398  val_mse=0.000392  max_grad=0.37  patience=5/30
2026-10-08 17:12:04,691  gsv3.training             INFO     [random:random_seed7] epoch 0170  train_log_mse=0.00174  val_log_mse=0.07134  val_mse=0.000390  max_grad=0.23  patience=6/30
2026-10-08 17:13:15,617  gsv3.training             INFO     [random:random_seed7] epoch 0171  train_log_mse=0.00169  val_log_mse=0.07305  val_mse=0.000386  max_grad=0.27  patience=7/30
2026-10-08 17:14:26,402  gsv3.training             INFO     [random:random_seed7] epoch 0172  train_log_mse=0.00200  val_log_mse=0.07097  val_mse=0.000406  max_grad=0.39  patience=8/30
2026-10-08 17:15:37,060  gsv3.training             INFO     [random:random_seed7] epoch 0173  train_log_mse=0.00168  val_log_mse=0.06955  val_mse=0.000394  max_grad=0.18  patience=9/30
2026-10-08 17:16:47,415  gsv3.training             INFO     [random:random_seed7] epoch 0174  train_log_mse=0.00185  val_log_mse=0.07370  val_mse=0.000447  max_grad=0.42  patience=10/30
2026-10-08 17:17:58,226  gsv3.training             INFO     [random:random_seed7] epoch 0175  train_log_mse=0.00185  val_log_mse=0.07006  val_mse=0.000386  max_grad=0.22  patience=11/30
2026-10-08 17:19:09,293  gsv3.training             INFO     [random:random_seed7] epoch 0176  train_log_mse=0.00223  val_log_mse=0.07522  val_mse=0.000403  max_grad=0.53  patience=12/30
2026-10-08 17:20:20,145  gsv3.training             INFO     [random:random_seed7] epoch 0177  train_log_mse=0.00169  val_log_mse=0.07109  val_mse=0.000397  max_grad=0.25  patience=13/30
2026-10-08 17:21:30,259  gsv3.training             INFO     [random:random_seed7] epoch 0178  train_log_mse=0.00165  val_log_mse=0.07036  val_mse=0.000372  max_grad=0.19  patience=14/30
2026-10-08 17:22:40,987  gsv3.training             INFO     [random:random_seed7] epoch 0179  train_log_mse=0.00157  val_log_mse=0.07062  val_mse=0.000378  max_grad=0.18  patience=15/30
2026-10-08 17:23:51,346  gsv3.training             INFO     [random:random_seed7] epoch 0180  train_log_mse=0.00179  val_log_mse=0.07311  val_mse=0.000425  max_grad=0.20  patience=16/30
2026-10-08 17:25:00,380  gsv3.training             INFO     [random:random_seed7] epoch 0181  train_log_mse=0.00177  val_log_mse=0.06984  val_mse=0.000376  max_grad=0.22  patience=17/30
2026-10-08 17:26:10,141  gsv3.training             INFO     [random:random_seed7] epoch 0182  train_log_mse=0.00180  val_log_mse=0.07100  val_mse=0.000390  max_grad=0.41  patience=18/30
2026-10-08 17:27:20,854  gsv3.training             INFO     [random:random_seed7] epoch 0183  train_log_mse=0.00177  val_log_mse=0.07221  val_mse=0.000377  max_grad=0.25  patience=19/30
2026-10-08 17:28:31,757  gsv3.training             INFO     [random:random_seed7] epoch 0184  train_log_mse=0.00178  val_log_mse=0.08948  val_mse=0.000414  max_grad=0.32  patience=20/30
2026-10-08 17:29:42,523  gsv3.training             INFO     [random:random_seed7] epoch 0185  train_log_mse=0.00209  val_log_mse=0.07686  val_mse=0.000422  max_grad=0.34  patience=21/30
2026-10-08 17:30:53,297  gsv3.training             INFO     [random:random_seed7] epoch 0186  train_log_mse=0.00173  val_log_mse=0.07003  val_mse=0.000389  max_grad=0.24  patience=22/30
2026-10-08 17:32:04,156  gsv3.training             INFO     [random:random_seed7] epoch 0187  train_log_mse=0.00170  val_log_mse=0.06970  val_mse=0.000404  max_grad=0.27  patience=23/30
2026-10-08 17:33:14,956  gsv3.training             INFO     [random:random_seed7] epoch 0188  train_log_mse=0.00219  val_log_mse=0.06894  val_mse=0.000379  max_grad=0.42  patience=24/30
2026-10-08 17:34:25,704  gsv3.training             INFO     [random:random_seed7] epoch 0189  train_log_mse=0.00160  val_log_mse=0.07114  val_mse=0.000393  max_grad=0.33  patience=25/30
2026-10-08 17:35:36,781  gsv3.training             INFO     [random:random_seed7] epoch 0190  train_log_mse=0.00165  val_log_mse=0.07161  val_mse=0.000387  max_grad=0.29  patience=26/30
2026-10-08 17:36:47,627  gsv3.training             INFO     [random:random_seed7] epoch 0191  train_log_mse=0.00237  val_log_mse=0.08823  val_mse=0.000395  max_grad=0.61  patience=27/30
2026-10-08 17:37:58,125  gsv3.training             INFO     [random:random_seed7] epoch 0192  train_log_mse=0.00189  val_log_mse=0.07238  val_mse=0.000410  max_grad=0.34  patience=28/30
2026-10-08 17:39:08,826  gsv3.training             INFO     [random:random_seed7] epoch 0193  train_log_mse=0.00158  val_log_mse=0.06910  val_mse=0.000380  max_grad=0.25  patience=29/30
2026-10-08 17:40:19,444  gsv3.training             INFO     [random:random_seed7] epoch 0194  train_log_mse=0.00154  val_log_mse=0.06933  val_mse=0.000384  max_grad=0.19  patience=30/30
2026-10-08 17:40:29,861  gsv3.experiment           INFO     [random_seed7] TEST  n=5117  MAE=0.0099  R2=0.9953  device-acc=0.761  regret=0.0024
2026-10-08 17:40:29,870  genstudy.io               INFO     Wrote evaluations/generalization_v4/results/v4_phys_s7/random_control/random_seed7/metrics.json
2026-10-08 17:40:29,901  genstudy.io               INFO     Wrote evaluations/generalization_v4/results/v4_phys_s7/random_control/random_seed7/predictions.json
2026-10-08 17:40:29,914  genstudy.io               INFO     Wrote evaluations/generalization_v4/results/v4_phys_s7/random_control/random_seed7/history.json
2026-10-08 17:40:29,945  run_experiment            INFO     random_control finished: 1 complete, 0 skipped
