2026-10-09 06:25:53,806  genstudy.io               INFO     Logging to evaluations/generalization_v8/results/v8a_c001_s6/leave_one_group_out/run.log
2026-10-09 06:25:53,807  run_experiment            INFO     Command line: evaluations/generalization_v3/scripts/run_experiment.py logo --model sinkhorn --balance-alpha 0 --lr 3e-4 --grad-clip 1.0 --seed 6 --families variational --groups variational --loss mixed --val-mode random --layout-lambda 0.1 --layout-loss region_dist --layouts-path evaluations/compile_check/results/compiler_layouts_v6pilot.pt --count-lambda 0.01 --counts-path evaluations/compile_check/results/compiler_counts_v8.pt --results-dir evaluations/generalization_v8/results/v8a_c001_s6
2026-10-09 06:25:53,807  gsv2.gpu                  WARNING  No CUDA device available — running on the CPU.
2026-10-09 06:25:53,808  gsv3.model                INFO     Hyper-parameters (/home/atudisco/pred-distr-tool/src/model/best_params.json + v3 defaults): {'device_hidden': 64, 'device_layers': 3, 'fusion_dim': 128, 'qubit_layers': 2, 'attn_heads': 4, 'lap_pe': 8, 'cost_bias_init': -6.0, 'hidden_dim': 142, 'num_conv_wo_resnet': 3, 'num_resnet_layers': 1, 'dropout': 0.0, 'bidirectional': True, 'mlp': [512, 256, 128], 'lr': 0.001, 'readout': 'meanmaxsum'}
2026-10-09 06:25:53,820  gsv3.devices              INFO     Device graphs: node features 13 (Laplacian PE 8), physical errors True
2026-10-09 06:25:53,821  genstudy.data             INFO     Loading graph dataset: /home/atudisco/pred-distr-tool/evaluations/generalization_v3/data/graph_dataset_expected_fidelity.pt
2026-10-09 06:25:57,143  genstudy.data             INFO     Loaded 17056 graphs
2026-10-09 06:25:57,684  run_experiment            INFO     Compiler layouts (evaluations/compile_check/results/compiler_layouts_v6pilot.pt): 16994/17056 circuits
2026-10-09 06:25:58,203  run_experiment            INFO     Compiler counts (evaluations/compile_check/results/compiler_counts_v8.pt): 16994/17056 circuits
2026-10-09 06:25:58,210  genstudy.io               INFO     Wrote evaluations/generalization_v8/results/v8a_c001_s6/leave_one_group_out/dataset_summary.json
2026-10-09 06:25:58,213  run_experiment            INFO     [1/1] variational
2026-10-09 06:25:58,221  gsv3.experiment           INFO     === group_holdout / variational ===
2026-10-09 06:25:58,221  gsv3.experiment           INFO     Leave-one-group-out: test = all 9928 circuits of group 'variational' (qnn, vqe_real_amp, vqe_su2, vqe_two_local), train = 7128 circuits from the other 31 families.
2026-10-09 06:25:58,222  gsv3.experiment           INFO     train=5702  val=1426 ({'mode': 'random'})  test=9928
2026-10-09 06:25:58,710  gsv3.training             INFO     [group_holdout:variational] model=sinkhorn (979423 params) train=5702 val=1426 lr=0.0003 clip=1.0 alpha=0.00
2026-10-09 06:26:56,382  gsv3.training             INFO     [group_holdout:variational] epoch 0001  count_mse=1.5637  count_rel_err_2q=0.812
2026-10-09 06:26:56,383  gsv3.training             INFO     [group_holdout:variational] epoch 0001  region_bce=1.1852  dist_mse=0.2614  region_overlap=0.565
2026-10-09 06:26:56,384  gsv3.training             INFO     [group_holdout:variational] epoch 0001  train_log_mse=0.53266  val_log_mse=1.70095  val_mse=0.005219  max_grad=629.09  patience=0/30
2026-10-09 06:27:53,853  gsv3.training             INFO     [group_holdout:variational] epoch 0002  count_mse=0.8253  count_rel_err_2q=0.589
2026-10-09 06:27:53,854  gsv3.training             INFO     [group_holdout:variational] epoch 0002  region_bce=0.6126  dist_mse=0.1702  region_overlap=0.621
2026-10-09 06:27:53,856  gsv3.training             INFO     [group_holdout:variational] epoch 0002  train_log_mse=0.10538  val_log_mse=0.80008  val_mse=0.003087  max_grad=35.32  patience=0/30
2026-10-09 06:28:51,657  gsv3.training             INFO     [group_holdout:variational] epoch 0003  count_mse=0.5841  count_rel_err_2q=0.482
2026-10-09 06:28:51,657  gsv3.training             INFO     [group_holdout:variational] epoch 0003  region_bce=0.4703  dist_mse=0.1537  region_overlap=0.661
2026-10-09 06:28:51,659  gsv3.training             INFO     [group_holdout:variational] epoch 0003  train_log_mse=0.05568  val_log_mse=0.40706  val_mse=0.002179  max_grad=13.97  patience=0/30
2026-10-09 06:29:48,876  gsv3.training             INFO     [group_holdout:variational] epoch 0004  count_mse=0.4531  count_rel_err_2q=0.436
2026-10-09 06:29:48,876  gsv3.training             INFO     [group_holdout:variational] epoch 0004  region_bce=0.4006  dist_mse=0.1478  region_overlap=0.688
2026-10-09 06:29:48,878  gsv3.training             INFO     [group_holdout:variational] epoch 0004  train_log_mse=0.03613  val_log_mse=0.22661  val_mse=0.001495  max_grad=8.64  patience=0/30
2026-10-09 06:30:45,788  gsv3.training             INFO     [group_holdout:variational] epoch 0005  count_mse=0.3767  count_rel_err_2q=0.414
2026-10-09 06:30:45,789  gsv3.training             INFO     [group_holdout:variational] epoch 0005  region_bce=0.3703  dist_mse=0.1441  region_overlap=0.706
2026-10-09 06:30:45,790  gsv3.training             INFO     [group_holdout:variational] epoch 0005  train_log_mse=0.02380  val_log_mse=0.39145  val_mse=0.001005  max_grad=10.92  patience=0/30
2026-10-09 06:31:43,165  gsv3.training             INFO     [group_holdout:variational] epoch 0006  count_mse=0.3346  count_rel_err_2q=0.395
2026-10-09 06:31:43,165  gsv3.training             INFO     [group_holdout:variational] epoch 0006  region_bce=0.3613  dist_mse=0.1413  region_overlap=0.714
2026-10-09 06:31:43,165  gsv3.training             INFO     [group_holdout:variational] epoch 0006  train_log_mse=0.02280  val_log_mse=0.15888  val_mse=0.001159  max_grad=8.07  patience=1/30
2026-10-09 06:32:40,446  gsv3.training             INFO     [group_holdout:variational] epoch 0007  count_mse=0.3128  count_rel_err_2q=0.396
2026-10-09 06:32:40,446  gsv3.training             INFO     [group_holdout:variational] epoch 0007  region_bce=0.3483  dist_mse=0.1410  region_overlap=0.721
2026-10-09 06:32:40,446  gsv3.training             INFO     [group_holdout:variational] epoch 0007  train_log_mse=0.02008  val_log_mse=0.29620  val_mse=0.001119  max_grad=5.57  patience=2/30
2026-10-09 06:33:37,944  gsv3.training             INFO     [group_holdout:variational] epoch 0008  count_mse=0.2916  count_rel_err_2q=0.388
2026-10-09 06:33:37,945  gsv3.training             INFO     [group_holdout:variational] epoch 0008  region_bce=0.3422  dist_mse=0.1394  region_overlap=0.726
2026-10-09 06:33:37,945  gsv3.training             INFO     [group_holdout:variational] epoch 0008  train_log_mse=0.01677  val_log_mse=0.69443  val_mse=0.001557  max_grad=5.68  patience=3/30
2026-10-09 06:34:35,348  gsv3.training             INFO     [group_holdout:variational] epoch 0009  count_mse=0.2745  count_rel_err_2q=0.375
2026-10-09 06:34:35,348  gsv3.training             INFO     [group_holdout:variational] epoch 0009  region_bce=0.3338  dist_mse=0.1376  region_overlap=0.731
2026-10-09 06:34:35,350  gsv3.training             INFO     [group_holdout:variational] epoch 0009  train_log_mse=0.01653  val_log_mse=0.15703  val_mse=0.000979  max_grad=8.86  patience=0/30
2026-10-09 06:35:32,536  gsv3.training             INFO     [group_holdout:variational] epoch 0010  count_mse=0.2682  count_rel_err_2q=0.370
2026-10-09 06:35:32,536  gsv3.training             INFO     [group_holdout:variational] epoch 0010  region_bce=0.3296  dist_mse=0.1368  region_overlap=0.734
2026-10-09 06:35:32,538  gsv3.training             INFO     [group_holdout:variational] epoch 0010  train_log_mse=0.01737  val_log_mse=0.12264  val_mse=0.000945  max_grad=7.22  patience=0/30
2026-10-09 06:36:29,935  gsv3.training             INFO     [group_holdout:variational] epoch 0011  count_mse=0.2557  count_rel_err_2q=0.364
2026-10-09 06:36:29,935  gsv3.training             INFO     [group_holdout:variational] epoch 0011  region_bce=0.3193  dist_mse=0.1353  region_overlap=0.740
2026-10-09 06:36:29,937  gsv3.training             INFO     [group_holdout:variational] epoch 0011  train_log_mse=0.01316  val_log_mse=0.20624  val_mse=0.000824  max_grad=3.65  patience=0/30
2026-10-09 06:37:27,659  gsv3.training             INFO     [group_holdout:variational] epoch 0012  count_mse=0.2428  count_rel_err_2q=0.354
2026-10-09 06:37:27,659  gsv3.training             INFO     [group_holdout:variational] epoch 0012  region_bce=0.3123  dist_mse=0.1351  region_overlap=0.745
2026-10-09 06:37:27,661  gsv3.training             INFO     [group_holdout:variational] epoch 0012  train_log_mse=0.01168  val_log_mse=0.10247  val_mse=0.000690  max_grad=3.16  patience=0/30
2026-10-09 06:38:25,663  gsv3.training             INFO     [group_holdout:variational] epoch 0013  count_mse=0.2355  count_rel_err_2q=0.352
2026-10-09 06:38:25,663  gsv3.training             INFO     [group_holdout:variational] epoch 0013  region_bce=0.3028  dist_mse=0.1334  region_overlap=0.751
2026-10-09 06:38:25,665  gsv3.training             INFO     [group_holdout:variational] epoch 0013  train_log_mse=0.01089  val_log_mse=0.13659  val_mse=0.000672  max_grad=3.44  patience=0/30
2026-10-09 06:39:23,435  gsv3.training             INFO     [group_holdout:variational] epoch 0014  count_mse=0.2302  count_rel_err_2q=0.348
2026-10-09 06:39:23,435  gsv3.training             INFO     [group_holdout:variational] epoch 0014  region_bce=0.2967  dist_mse=0.1330  region_overlap=0.756
2026-10-09 06:39:23,435  gsv3.training             INFO     [group_holdout:variational] epoch 0014  train_log_mse=0.01206  val_log_mse=0.15112  val_mse=0.000762  max_grad=5.19  patience=1/30
2026-10-09 06:40:21,265  gsv3.training             INFO     [group_holdout:variational] epoch 0015  count_mse=0.2260  count_rel_err_2q=0.344
2026-10-09 06:40:21,266  gsv3.training             INFO     [group_holdout:variational] epoch 0015  region_bce=0.2888  dist_mse=0.1316  region_overlap=0.764
2026-10-09 06:40:21,266  gsv3.training             INFO     [group_holdout:variational] epoch 0015  train_log_mse=0.01184  val_log_mse=0.13280  val_mse=0.000760  max_grad=3.46  patience=2/30
2026-10-09 06:41:18,863  gsv3.training             INFO     [group_holdout:variational] epoch 0016  count_mse=0.2174  count_rel_err_2q=0.343
2026-10-09 06:41:18,863  gsv3.training             INFO     [group_holdout:variational] epoch 0016  region_bce=0.2816  dist_mse=0.1298  region_overlap=0.769
2026-10-09 06:41:18,863  gsv3.training             INFO     [group_holdout:variational] epoch 0016  train_log_mse=0.01242  val_log_mse=0.11777  val_mse=0.000773  max_grad=3.41  patience=3/30
2026-10-09 06:42:16,820  gsv3.training             INFO     [group_holdout:variational] epoch 0017  count_mse=0.2127  count_rel_err_2q=0.338
2026-10-09 06:42:16,820  gsv3.training             INFO     [group_holdout:variational] epoch 0017  region_bce=0.2717  dist_mse=0.1279  region_overlap=0.776
2026-10-09 06:42:16,820  gsv3.training             INFO     [group_holdout:variational] epoch 0017  train_log_mse=0.01135  val_log_mse=0.11018  val_mse=0.000748  max_grad=4.28  patience=4/30
2026-10-09 06:43:14,275  gsv3.training             INFO     [group_holdout:variational] epoch 0018  count_mse=0.2111  count_rel_err_2q=0.336
2026-10-09 06:43:14,276  gsv3.training             INFO     [group_holdout:variational] epoch 0018  region_bce=0.2640  dist_mse=0.1262  region_overlap=0.784
2026-10-09 06:43:14,276  gsv3.training             INFO     [group_holdout:variational] epoch 0018  train_log_mse=0.01015  val_log_mse=0.15389  val_mse=0.001117  max_grad=2.59  patience=5/30
2026-10-09 06:44:12,448  gsv3.training             INFO     [group_holdout:variational] epoch 0019  count_mse=0.2103  count_rel_err_2q=0.333
2026-10-09 06:44:12,449  gsv3.training             INFO     [group_holdout:variational] epoch 0019  region_bce=0.2571  dist_mse=0.1254  region_overlap=0.788
2026-10-09 06:44:12,450  gsv3.training             INFO     [group_holdout:variational] epoch 0019  train_log_mse=0.01052  val_log_mse=0.09588  val_mse=0.000636  max_grad=2.58  patience=0/30
2026-10-09 06:45:10,757  gsv3.training             INFO     [group_holdout:variational] epoch 0020  count_mse=0.2011  count_rel_err_2q=0.331
2026-10-09 06:45:10,758  gsv3.training             INFO     [group_holdout:variational] epoch 0020  region_bce=0.2529  dist_mse=0.1245  region_overlap=0.792
2026-10-09 06:45:10,759  gsv3.training             INFO     [group_holdout:variational] epoch 0020  train_log_mse=0.00982  val_log_mse=0.08941  val_mse=0.000634  max_grad=2.54  patience=0/30
2026-10-09 06:46:09,335  gsv3.training             INFO     [group_holdout:variational] epoch 0021  count_mse=0.1990  count_rel_err_2q=0.326
2026-10-09 06:46:09,335  gsv3.training             INFO     [group_holdout:variational] epoch 0021  region_bce=0.2472  dist_mse=0.1236  region_overlap=0.796
2026-10-09 06:46:09,335  gsv3.training             INFO     [group_holdout:variational] epoch 0021  train_log_mse=0.00920  val_log_mse=0.10197  val_mse=0.000634  max_grad=2.32  patience=1/30
2026-10-09 06:47:07,222  gsv3.training             INFO     [group_holdout:variational] epoch 0022  count_mse=0.1903  count_rel_err_2q=0.325
2026-10-09 06:47:07,223  gsv3.training             INFO     [group_holdout:variational] epoch 0022  region_bce=0.2443  dist_mse=0.1229  region_overlap=0.799
2026-10-09 06:47:07,224  gsv3.training             INFO     [group_holdout:variational] epoch 0022  train_log_mse=0.00909  val_log_mse=0.14187  val_mse=0.000616  max_grad=2.83  patience=0/30
2026-10-09 06:48:05,541  gsv3.training             INFO     [group_holdout:variational] epoch 0023  count_mse=0.1902  count_rel_err_2q=0.322
2026-10-09 06:48:05,541  gsv3.training             INFO     [group_holdout:variational] epoch 0023  region_bce=0.2387  dist_mse=0.1224  region_overlap=0.803
2026-10-09 06:48:05,543  gsv3.training             INFO     [group_holdout:variational] epoch 0023  train_log_mse=0.00986  val_log_mse=0.11388  val_mse=0.000589  max_grad=2.37  patience=0/30
2026-10-09 06:49:03,725  gsv3.training             INFO     [group_holdout:variational] epoch 0024  count_mse=0.1852  count_rel_err_2q=0.317
2026-10-09 06:49:03,725  gsv3.training             INFO     [group_holdout:variational] epoch 0024  region_bce=0.2323  dist_mse=0.1213  region_overlap=0.807
2026-10-09 06:49:03,725  gsv3.training             INFO     [group_holdout:variational] epoch 0024  train_log_mse=0.00773  val_log_mse=0.11246  val_mse=0.000615  max_grad=2.18  patience=1/30
2026-10-09 06:50:02,022  gsv3.training             INFO     [group_holdout:variational] epoch 0025  count_mse=0.1821  count_rel_err_2q=0.315
2026-10-09 06:50:02,022  gsv3.training             INFO     [group_holdout:variational] epoch 0025  region_bce=0.2338  dist_mse=0.1208  region_overlap=0.807
2026-10-09 06:50:02,022  gsv3.training             INFO     [group_holdout:variational] epoch 0025  train_log_mse=0.00817  val_log_mse=0.11840  val_mse=0.000648  max_grad=3.12  patience=2/30
2026-10-09 06:51:00,315  gsv3.training             INFO     [group_holdout:variational] epoch 0026  count_mse=0.1826  count_rel_err_2q=0.314
2026-10-09 06:51:00,315  gsv3.training             INFO     [group_holdout:variational] epoch 0026  region_bce=0.2275  dist_mse=0.1202  region_overlap=0.811
2026-10-09 06:51:00,315  gsv3.training             INFO     [group_holdout:variational] epoch 0026  train_log_mse=0.00927  val_log_mse=0.17178  val_mse=0.000608  max_grad=5.07  patience=3/30
2026-10-09 06:51:58,466  gsv3.training             INFO     [group_holdout:variational] epoch 0027  count_mse=0.1766  count_rel_err_2q=0.310
2026-10-09 06:51:58,466  gsv3.training             INFO     [group_holdout:variational] epoch 0027  region_bce=0.2210  dist_mse=0.1193  region_overlap=0.816
2026-10-09 06:51:58,466  gsv3.training             INFO     [group_holdout:variational] epoch 0027  train_log_mse=0.00918  val_log_mse=0.13093  val_mse=0.000617  max_grad=2.67  patience=4/30
2026-10-09 06:52:56,547  gsv3.training             INFO     [group_holdout:variational] epoch 0028  count_mse=0.1767  count_rel_err_2q=0.310
2026-10-09 06:52:56,547  gsv3.training             INFO     [group_holdout:variational] epoch 0028  region_bce=0.2221  dist_mse=0.1195  region_overlap=0.815
2026-10-09 06:52:56,547  gsv3.training             INFO     [group_holdout:variational] epoch 0028  train_log_mse=0.00876  val_log_mse=0.17863  val_mse=0.000688  max_grad=3.79  patience=5/30
2026-10-09 06:53:54,361  gsv3.training             INFO     [group_holdout:variational] epoch 0029  count_mse=0.1745  count_rel_err_2q=0.308
2026-10-09 06:53:54,361  gsv3.training             INFO     [group_holdout:variational] epoch 0029  region_bce=0.2193  dist_mse=0.1189  region_overlap=0.817
2026-10-09 06:53:54,363  gsv3.training             INFO     [group_holdout:variational] epoch 0029  train_log_mse=0.00896  val_log_mse=0.12647  val_mse=0.000584  max_grad=2.36  patience=0/30
2026-10-09 06:54:51,817  gsv3.training             INFO     [group_holdout:variational] epoch 0030  count_mse=0.1688  count_rel_err_2q=0.303
2026-10-09 06:54:51,817  gsv3.training             INFO     [group_holdout:variational] epoch 0030  region_bce=0.2109  dist_mse=0.1177  region_overlap=0.823
2026-10-09 06:54:51,817  gsv3.training             INFO     [group_holdout:variational] epoch 0030  train_log_mse=0.00696  val_log_mse=0.09564  val_mse=0.000655  max_grad=1.68  patience=1/30
2026-10-09 06:55:49,173  gsv3.training             INFO     [group_holdout:variational] epoch 0031  count_mse=0.1681  count_rel_err_2q=0.304
2026-10-09 06:55:49,173  gsv3.training             INFO     [group_holdout:variational] epoch 0031  region_bce=0.2085  dist_mse=0.1172  region_overlap=0.825
2026-10-09 06:55:49,175  gsv3.training             INFO     [group_holdout:variational] epoch 0031  train_log_mse=0.00751  val_log_mse=0.09288  val_mse=0.000580  max_grad=1.97  patience=0/30
2026-10-09 06:56:47,212  gsv3.training             INFO     [group_holdout:variational] epoch 0032  count_mse=0.1667  count_rel_err_2q=0.303
2026-10-09 06:56:47,212  gsv3.training             INFO     [group_holdout:variational] epoch 0032  region_bce=0.2077  dist_mse=0.1172  region_overlap=0.826
2026-10-09 06:56:47,214  gsv3.training             INFO     [group_holdout:variational] epoch 0032  train_log_mse=0.00830  val_log_mse=0.12664  val_mse=0.000544  max_grad=3.56  patience=0/30
2026-10-09 06:57:45,095  gsv3.training             INFO     [group_holdout:variational] epoch 0033  count_mse=0.1667  count_rel_err_2q=0.303
2026-10-09 06:57:45,096  gsv3.training             INFO     [group_holdout:variational] epoch 0033  region_bce=0.2040  dist_mse=0.1164  region_overlap=0.829
2026-10-09 06:57:45,096  gsv3.training             INFO     [group_holdout:variational] epoch 0033  train_log_mse=0.00820  val_log_mse=0.11614  val_mse=0.000573  max_grad=2.47  patience=1/30
2026-10-09 06:58:42,936  gsv3.training             INFO     [group_holdout:variational] epoch 0034  count_mse=0.1659  count_rel_err_2q=0.302
2026-10-09 06:58:42,936  gsv3.training             INFO     [group_holdout:variational] epoch 0034  region_bce=0.2005  dist_mse=0.1157  region_overlap=0.832
2026-10-09 06:58:42,936  gsv3.training             INFO     [group_holdout:variational] epoch 0034  train_log_mse=0.00886  val_log_mse=0.13973  val_mse=0.000577  max_grad=4.61  patience=2/30
2026-10-09 06:59:41,448  gsv3.training             INFO     [group_holdout:variational] epoch 0035  count_mse=0.1641  count_rel_err_2q=0.301
2026-10-09 06:59:41,448  gsv3.training             INFO     [group_holdout:variational] epoch 0035  region_bce=0.1990  dist_mse=0.1155  region_overlap=0.833
2026-10-09 06:59:41,448  gsv3.training             INFO     [group_holdout:variational] epoch 0035  train_log_mse=0.00830  val_log_mse=0.09628  val_mse=0.000560  max_grad=2.25  patience=3/30
2026-10-09 07:00:40,207  gsv3.training             INFO     [group_holdout:variational] epoch 0036  count_mse=0.1606  count_rel_err_2q=0.301
2026-10-09 07:00:40,207  gsv3.training             INFO     [group_holdout:variational] epoch 0036  region_bce=0.1969  dist_mse=0.1143  region_overlap=0.834
2026-10-09 07:00:40,208  gsv3.training             INFO     [group_holdout:variational] epoch 0036  train_log_mse=0.00834  val_log_mse=0.12630  val_mse=0.000630  max_grad=1.91  patience=4/30
2026-10-09 07:01:38,747  gsv3.training             INFO     [group_holdout:variational] epoch 0037  count_mse=0.1591  count_rel_err_2q=0.296
2026-10-09 07:01:38,747  gsv3.training             INFO     [group_holdout:variational] epoch 0037  region_bce=0.1905  dist_mse=0.1135  region_overlap=0.839
2026-10-09 07:01:38,747  gsv3.training             INFO     [group_holdout:variational] epoch 0037  train_log_mse=0.00787  val_log_mse=0.08916  val_mse=0.000605  max_grad=2.58  patience=5/30
2026-10-09 07:02:37,219  gsv3.training             INFO     [group_holdout:variational] epoch 0038  count_mse=0.1556  count_rel_err_2q=0.292
2026-10-09 07:02:37,219  gsv3.training             INFO     [group_holdout:variational] epoch 0038  region_bce=0.1855  dist_mse=0.1121  region_overlap=0.842
2026-10-09 07:02:37,219  gsv3.training             INFO     [group_holdout:variational] epoch 0038  train_log_mse=0.00618  val_log_mse=0.09541  val_mse=0.000608  max_grad=1.23  patience=6/30
2026-10-09 07:03:35,524  gsv3.training             INFO     [group_holdout:variational] epoch 0039  count_mse=0.1555  count_rel_err_2q=0.292
2026-10-09 07:03:35,525  gsv3.training             INFO     [group_holdout:variational] epoch 0039  region_bce=0.1864  dist_mse=0.1112  region_overlap=0.842
2026-10-09 07:03:35,525  gsv3.training             INFO     [group_holdout:variational] epoch 0039  train_log_mse=0.00729  val_log_mse=0.11592  val_mse=0.000693  max_grad=2.63  patience=7/30
2026-10-09 07:04:33,987  gsv3.training             INFO     [group_holdout:variational] epoch 0040  count_mse=0.1537  count_rel_err_2q=0.291
2026-10-09 07:04:33,987  gsv3.training             INFO     [group_holdout:variational] epoch 0040  region_bce=0.1795  dist_mse=0.1098  region_overlap=0.847
2026-10-09 07:04:33,987  gsv3.training             INFO     [group_holdout:variational] epoch 0040  train_log_mse=0.00661  val_log_mse=0.09610  val_mse=0.000583  max_grad=1.59  patience=8/30
2026-10-09 07:05:32,096  gsv3.training             INFO     [group_holdout:variational] epoch 0041  count_mse=0.1519  count_rel_err_2q=0.289
2026-10-09 07:05:32,096  gsv3.training             INFO     [group_holdout:variational] epoch 0041  region_bce=0.1770  dist_mse=0.1082  region_overlap=0.848
2026-10-09 07:05:32,096  gsv3.training             INFO     [group_holdout:variational] epoch 0041  train_log_mse=0.00728  val_log_mse=0.10951  val_mse=0.000673  max_grad=1.75  patience=9/30
2026-10-09 07:06:30,242  gsv3.training             INFO     [group_holdout:variational] epoch 0042  count_mse=0.1507  count_rel_err_2q=0.289
2026-10-09 07:06:30,242  gsv3.training             INFO     [group_holdout:variational] epoch 0042  region_bce=0.1752  dist_mse=0.1070  region_overlap=0.850
2026-10-09 07:06:30,242  gsv3.training             INFO     [group_holdout:variational] epoch 0042  train_log_mse=0.00700  val_log_mse=0.12908  val_mse=0.000579  max_grad=1.76  patience=10/30
2026-10-09 07:07:28,286  gsv3.training             INFO     [group_holdout:variational] epoch 0043  count_mse=0.1508  count_rel_err_2q=0.288
2026-10-09 07:07:28,286  gsv3.training             INFO     [group_holdout:variational] epoch 0043  region_bce=0.1735  dist_mse=0.1057  region_overlap=0.852
2026-10-09 07:07:28,288  gsv3.training             INFO     [group_holdout:variational] epoch 0043  train_log_mse=0.00744  val_log_mse=0.09504  val_mse=0.000523  max_grad=2.63  patience=0/30
2026-10-09 07:08:26,090  gsv3.training             INFO     [group_holdout:variational] epoch 0044  count_mse=0.1476  count_rel_err_2q=0.285
2026-10-09 07:08:26,090  gsv3.training             INFO     [group_holdout:variational] epoch 0044  region_bce=0.1646  dist_mse=0.1035  region_overlap=0.857
2026-10-09 07:08:26,090  gsv3.training             INFO     [group_holdout:variational] epoch 0044  train_log_mse=0.00595  val_log_mse=0.16291  val_mse=0.000564  max_grad=1.37  patience=1/30
2026-10-09 07:09:24,157  gsv3.training             INFO     [group_holdout:variational] epoch 0045  count_mse=0.1466  count_rel_err_2q=0.284
2026-10-09 07:09:24,157  gsv3.training             INFO     [group_holdout:variational] epoch 0045  region_bce=0.1631  dist_mse=0.1028  region_overlap=0.858
2026-10-09 07:09:24,158  gsv3.training             INFO     [group_holdout:variational] epoch 0045  train_log_mse=0.00612  val_log_mse=0.09227  val_mse=0.000540  max_grad=1.62  patience=2/30
2026-10-09 07:10:22,169  gsv3.training             INFO     [group_holdout:variational] epoch 0046  count_mse=0.1444  count_rel_err_2q=0.285
2026-10-09 07:10:22,169  gsv3.training             INFO     [group_holdout:variational] epoch 0046  region_bce=0.1585  dist_mse=0.1017  region_overlap=0.861
2026-10-09 07:10:22,169  gsv3.training             INFO     [group_holdout:variational] epoch 0046  train_log_mse=0.00613  val_log_mse=0.10958  val_mse=0.000571  max_grad=1.32  patience=3/30
2026-10-09 07:11:19,895  gsv3.training             INFO     [group_holdout:variational] epoch 0047  count_mse=0.1438  count_rel_err_2q=0.282
2026-10-09 07:11:19,895  gsv3.training             INFO     [group_holdout:variational] epoch 0047  region_bce=0.1567  dist_mse=0.1012  region_overlap=0.863
2026-10-09 07:11:19,895  gsv3.training             INFO     [group_holdout:variational] epoch 0047  train_log_mse=0.00712  val_log_mse=0.10054  val_mse=0.000593  max_grad=1.61  patience=4/30
2026-10-09 07:12:18,195  gsv3.training             INFO     [group_holdout:variational] epoch 0048  count_mse=0.1462  count_rel_err_2q=0.285
2026-10-09 07:12:18,195  gsv3.training             INFO     [group_holdout:variational] epoch 0048  region_bce=0.1655  dist_mse=0.1021  region_overlap=0.859
2026-10-09 07:12:18,196  gsv3.training             INFO     [group_holdout:variational] epoch 0048  train_log_mse=0.00926  val_log_mse=0.30818  val_mse=0.000768  max_grad=2.89  patience=5/30
2026-10-09 07:13:16,129  gsv3.training             INFO     [group_holdout:variational] epoch 0049  count_mse=0.1529  count_rel_err_2q=0.288
2026-10-09 07:13:16,129  gsv3.training             INFO     [group_holdout:variational] epoch 0049  region_bce=0.1746  dist_mse=0.1039  region_overlap=0.852
2026-10-09 07:13:16,129  gsv3.training             INFO     [group_holdout:variational] epoch 0049  train_log_mse=0.01043  val_log_mse=0.13046  val_mse=0.000592  max_grad=2.61  patience=6/30
2026-10-09 07:14:14,122  gsv3.training             INFO     [group_holdout:variational] epoch 0050  count_mse=0.1455  count_rel_err_2q=0.285
2026-10-09 07:14:14,122  gsv3.training             INFO     [group_holdout:variational] epoch 0050  region_bce=0.1529  dist_mse=0.1006  region_overlap=0.866
2026-10-09 07:14:14,122  gsv3.training             INFO     [group_holdout:variational] epoch 0050  train_log_mse=0.00707  val_log_mse=0.13750  val_mse=0.000583  max_grad=1.71  patience=7/30
2026-10-09 07:15:12,772  gsv3.training             INFO     [group_holdout:variational] epoch 0051  count_mse=0.1422  count_rel_err_2q=0.281
2026-10-09 07:15:12,772  gsv3.training             INFO     [group_holdout:variational] epoch 0051  region_bce=0.1476  dist_mse=0.0992  region_overlap=0.870
2026-10-09 07:15:12,772  gsv3.training             INFO     [group_holdout:variational] epoch 0051  train_log_mse=0.00625  val_log_mse=0.13466  val_mse=0.000653  max_grad=1.51  patience=8/30
2026-10-09 07:16:11,008  gsv3.training             INFO     [group_holdout:variational] epoch 0052  count_mse=0.1457  count_rel_err_2q=0.287
2026-10-09 07:16:11,008  gsv3.training             INFO     [group_holdout:variational] epoch 0052  region_bce=0.1590  dist_mse=0.1012  region_overlap=0.863
2026-10-09 07:16:11,008  gsv3.training             INFO     [group_holdout:variational] epoch 0052  train_log_mse=0.00925  val_log_mse=0.09632  val_mse=0.000551  max_grad=5.17  patience=9/30
2026-10-09 07:17:09,398  gsv3.training             INFO     [group_holdout:variational] epoch 0053  count_mse=0.1403  count_rel_err_2q=0.279
2026-10-09 07:17:09,398  gsv3.training             INFO     [group_holdout:variational] epoch 0053  region_bce=0.1459  dist_mse=0.0990  region_overlap=0.871
2026-10-09 07:17:09,398  gsv3.training             INFO     [group_holdout:variational] epoch 0053  train_log_mse=0.00631  val_log_mse=0.10596  val_mse=0.000588  max_grad=1.27  patience=10/30
2026-10-09 07:18:07,582  gsv3.training             INFO     [group_holdout:variational] epoch 0054  count_mse=0.1400  count_rel_err_2q=0.278
2026-10-09 07:18:07,582  gsv3.training             INFO     [group_holdout:variational] epoch 0054  region_bce=0.1437  dist_mse=0.0990  region_overlap=0.872
2026-10-09 07:18:07,582  gsv3.training             INFO     [group_holdout:variational] epoch 0054  train_log_mse=0.00713  val_log_mse=0.10805  val_mse=0.000590  max_grad=7.78  patience=11/30
2026-10-09 07:19:05,943  gsv3.training             INFO     [group_holdout:variational] epoch 0055  count_mse=0.1366  count_rel_err_2q=0.273
2026-10-09 07:19:05,943  gsv3.training             INFO     [group_holdout:variational] epoch 0055  region_bce=0.1350  dist_mse=0.0974  region_overlap=0.878
2026-10-09 07:19:05,943  gsv3.training             INFO     [group_holdout:variational] epoch 0055  train_log_mse=0.00569  val_log_mse=0.09305  val_mse=0.000588  max_grad=1.81  patience=12/30
2026-10-09 07:20:04,629  gsv3.training             INFO     [group_holdout:variational] epoch 0056  count_mse=0.1338  count_rel_err_2q=0.272
2026-10-09 07:20:04,629  gsv3.training             INFO     [group_holdout:variational] epoch 0056  region_bce=0.1268  dist_mse=0.0959  region_overlap=0.883
2026-10-09 07:20:04,629  gsv3.training             INFO     [group_holdout:variational] epoch 0056  train_log_mse=0.00510  val_log_mse=0.09979  val_mse=0.000661  max_grad=1.02  patience=13/30
2026-10-09 07:21:02,755  gsv3.training             INFO     [group_holdout:variational] epoch 0057  count_mse=0.1337  count_rel_err_2q=0.273
2026-10-09 07:21:02,755  gsv3.training             INFO     [group_holdout:variational] epoch 0057  region_bce=0.1253  dist_mse=0.0958  region_overlap=0.885
2026-10-09 07:21:02,755  gsv3.training             INFO     [group_holdout:variational] epoch 0057  train_log_mse=0.00555  val_log_mse=0.11094  val_mse=0.000554  max_grad=1.50  patience=14/30
2026-10-09 07:22:01,126  gsv3.training             INFO     [group_holdout:variational] epoch 0058  count_mse=0.1338  count_rel_err_2q=0.271
2026-10-09 07:22:01,126  gsv3.training             INFO     [group_holdout:variational] epoch 0058  region_bce=0.1250  dist_mse=0.0956  region_overlap=0.885
2026-10-09 07:22:01,126  gsv3.training             INFO     [group_holdout:variational] epoch 0058  train_log_mse=0.00589  val_log_mse=0.11973  val_mse=0.000632  max_grad=1.02  patience=15/30
2026-10-09 07:22:59,286  gsv3.training             INFO     [group_holdout:variational] epoch 0059  count_mse=0.1339  count_rel_err_2q=0.276
2026-10-09 07:22:59,286  gsv3.training             INFO     [group_holdout:variational] epoch 0059  region_bce=0.1282  dist_mse=0.0960  region_overlap=0.884
2026-10-09 07:22:59,286  gsv3.training             INFO     [group_holdout:variational] epoch 0059  train_log_mse=0.00659  val_log_mse=0.14249  val_mse=0.000654  max_grad=1.42  patience=16/30
2026-10-09 07:23:57,275  gsv3.training             INFO     [group_holdout:variational] epoch 0060  count_mse=0.1322  count_rel_err_2q=0.269
2026-10-09 07:23:57,276  gsv3.training             INFO     [group_holdout:variational] epoch 0060  region_bce=0.1209  dist_mse=0.0954  region_overlap=0.888
2026-10-09 07:23:57,276  gsv3.training             INFO     [group_holdout:variational] epoch 0060  train_log_mse=0.00589  val_log_mse=0.09360  val_mse=0.000541  max_grad=1.15  patience=17/30
2026-10-09 07:24:55,503  gsv3.training             INFO     [group_holdout:variational] epoch 0061  count_mse=0.1314  count_rel_err_2q=0.271
2026-10-09 07:24:55,503  gsv3.training             INFO     [group_holdout:variational] epoch 0061  region_bce=0.1202  dist_mse=0.0947  region_overlap=0.889
2026-10-09 07:24:55,503  gsv3.training             INFO     [group_holdout:variational] epoch 0061  train_log_mse=0.00599  val_log_mse=0.10406  val_mse=0.000558  max_grad=1.30  patience=18/30
2026-10-09 07:25:53,717  gsv3.training             INFO     [group_holdout:variational] epoch 0062  count_mse=0.1305  count_rel_err_2q=0.267
2026-10-09 07:25:53,717  gsv3.training             INFO     [group_holdout:variational] epoch 0062  region_bce=0.1126  dist_mse=0.0938  region_overlap=0.894
2026-10-09 07:25:53,717  gsv3.training             INFO     [group_holdout:variational] epoch 0062  train_log_mse=0.00600  val_log_mse=0.09884  val_mse=0.000573  max_grad=1.73  patience=19/30
2026-10-09 07:26:51,849  gsv3.training             INFO     [group_holdout:variational] epoch 0063  count_mse=0.1276  count_rel_err_2q=0.267
2026-10-09 07:26:51,850  gsv3.training             INFO     [group_holdout:variational] epoch 0063  region_bce=0.1061  dist_mse=0.0926  region_overlap=0.898
2026-10-09 07:26:51,850  gsv3.training             INFO     [group_holdout:variational] epoch 0063  train_log_mse=0.00497  val_log_mse=0.09443  val_mse=0.000593  max_grad=1.13  patience=20/30
2026-10-09 07:27:50,206  gsv3.training             INFO     [group_holdout:variational] epoch 0064  count_mse=0.1271  count_rel_err_2q=0.266
2026-10-09 07:27:50,206  gsv3.training             INFO     [group_holdout:variational] epoch 0064  region_bce=0.1070  dist_mse=0.0926  region_overlap=0.897
2026-10-09 07:27:50,206  gsv3.training             INFO     [group_holdout:variational] epoch 0064  train_log_mse=0.00554  val_log_mse=0.10916  val_mse=0.000626  max_grad=1.62  patience=21/30
2026-10-09 07:28:48,512  gsv3.training             INFO     [group_holdout:variational] epoch 0065  count_mse=0.1274  count_rel_err_2q=0.267
2026-10-09 07:28:48,513  gsv3.training             INFO     [group_holdout:variational] epoch 0065  region_bce=0.1077  dist_mse=0.0928  region_overlap=0.897
2026-10-09 07:28:48,513  gsv3.training             INFO     [group_holdout:variational] epoch 0065  train_log_mse=0.00632  val_log_mse=0.11326  val_mse=0.000572  max_grad=1.34  patience=22/30
2026-10-09 07:29:46,708  gsv3.training             INFO     [group_holdout:variational] epoch 0066  count_mse=0.1265  count_rel_err_2q=0.266
2026-10-09 07:29:46,708  gsv3.training             INFO     [group_holdout:variational] epoch 0066  region_bce=0.1042  dist_mse=0.0918  region_overlap=0.900
2026-10-09 07:29:46,708  gsv3.training             INFO     [group_holdout:variational] epoch 0066  train_log_mse=0.00546  val_log_mse=0.11190  val_mse=0.000581  max_grad=0.89  patience=23/30
2026-10-09 07:30:44,751  gsv3.training             INFO     [group_holdout:variational] epoch 0067  count_mse=0.1247  count_rel_err_2q=0.266
2026-10-09 07:30:44,751  gsv3.training             INFO     [group_holdout:variational] epoch 0067  region_bce=0.1064  dist_mse=0.0923  region_overlap=0.899
2026-10-09 07:30:44,751  gsv3.training             INFO     [group_holdout:variational] epoch 0067  train_log_mse=0.00615  val_log_mse=0.10133  val_mse=0.000604  max_grad=1.23  patience=24/30
2026-10-09 07:31:42,789  gsv3.training             INFO     [group_holdout:variational] epoch 0068  count_mse=0.1240  count_rel_err_2q=0.264
2026-10-09 07:31:42,789  gsv3.training             INFO     [group_holdout:variational] epoch 0068  region_bce=0.0977  dist_mse=0.0912  region_overlap=0.904
2026-10-09 07:31:42,789  gsv3.training             INFO     [group_holdout:variational] epoch 0068  train_log_mse=0.00571  val_log_mse=0.10087  val_mse=0.000550  max_grad=1.21  patience=25/30
2026-10-09 07:32:41,039  gsv3.training             INFO     [group_holdout:variational] epoch 0069  count_mse=0.1244  count_rel_err_2q=0.266
2026-10-09 07:32:41,040  gsv3.training             INFO     [group_holdout:variational] epoch 0069  region_bce=0.0953  dist_mse=0.0904  region_overlap=0.906
2026-10-09 07:32:41,040  gsv3.training             INFO     [group_holdout:variational] epoch 0069  train_log_mse=0.00546  val_log_mse=0.13922  val_mse=0.000685  max_grad=1.33  patience=26/30
2026-10-09 07:33:39,344  gsv3.training             INFO     [group_holdout:variational] epoch 0070  count_mse=0.1231  count_rel_err_2q=0.264
2026-10-09 07:33:39,344  gsv3.training             INFO     [group_holdout:variational] epoch 0070  region_bce=0.1007  dist_mse=0.0908  region_overlap=0.902
2026-10-09 07:33:39,344  gsv3.training             INFO     [group_holdout:variational] epoch 0070  train_log_mse=0.00679  val_log_mse=0.11578  val_mse=0.000598  max_grad=1.77  patience=27/30
2026-10-09 07:34:37,714  gsv3.training             INFO     [group_holdout:variational] epoch 0071  count_mse=0.1216  count_rel_err_2q=0.263
2026-10-09 07:34:37,714  gsv3.training             INFO     [group_holdout:variational] epoch 0071  region_bce=0.0918  dist_mse=0.0895  region_overlap=0.909
2026-10-09 07:34:37,714  gsv3.training             INFO     [group_holdout:variational] epoch 0071  train_log_mse=0.00512  val_log_mse=0.10223  val_mse=0.000548  max_grad=0.95  patience=28/30
2026-10-09 07:35:35,808  gsv3.training             INFO     [group_holdout:variational] epoch 0072  count_mse=0.1197  count_rel_err_2q=0.261
2026-10-09 07:35:35,809  gsv3.training             INFO     [group_holdout:variational] epoch 0072  region_bce=0.0891  dist_mse=0.0887  region_overlap=0.910
2026-10-09 07:35:35,809  gsv3.training             INFO     [group_holdout:variational] epoch 0072  train_log_mse=0.00524  val_log_mse=0.09468  val_mse=0.000598  max_grad=1.67  patience=29/30
2026-10-09 07:36:34,194  gsv3.training             INFO     [group_holdout:variational] epoch 0073  count_mse=0.1199  count_rel_err_2q=0.260
2026-10-09 07:36:34,194  gsv3.training             INFO     [group_holdout:variational] epoch 0073  region_bce=0.0901  dist_mse=0.0889  region_overlap=0.910
2026-10-09 07:36:34,194  gsv3.training             INFO     [group_holdout:variational] epoch 0073  train_log_mse=0.00563  val_log_mse=0.09517  val_mse=0.000580  max_grad=1.27  patience=30/30
2026-10-09 07:36:53,168  gsv3.experiment           INFO     [variational] TEST  n=9928  MAE=0.0636  R2=0.9077  device-acc=0.690  regret=0.0083
2026-10-09 07:36:53,171  genstudy.io               INFO     Wrote evaluations/generalization_v8/results/v8a_c001_s6/leave_one_group_out/variational/metrics.json
2026-10-09 07:36:53,221  genstudy.io               INFO     Wrote evaluations/generalization_v8/results/v8a_c001_s6/leave_one_group_out/variational/predictions.json
2026-10-09 07:36:53,234  genstudy.io               INFO     Wrote evaluations/generalization_v8/results/v8a_c001_s6/leave_one_group_out/variational/history.json
2026-10-09 07:36:53,253  run_experiment            INFO     leave_one_group_out finished: 1 complete, 0 skipped
