2026-10-08 17:06:11,880  genstudy.io               INFO     Logging to evaluations/generalization_v6/results/v6_l001/random_control/run.log
2026-10-08 17:06:11,880  run_experiment            INFO     Command line: evaluations/generalization_v3/scripts/run_experiment.py control --model sinkhorn --balance-alpha 0 --lr 3e-4 --grad-clip 1.0 --seed 5 --families x --groups x --loss mixed --val-mode random --layout-lambda 0.01 --layouts-path evaluations/compile_check/results/compiler_layouts_v6pilot.pt --results-dir evaluations/generalization_v6/results/v6_l001
2026-10-08 17:06:11,880  gsv2.gpu                  WARNING  No CUDA device available — running on the CPU.
2026-10-08 17:06:11,881  gsv3.model                INFO     Hyper-parameters (/home/atudisco/pred-distr-tool/src/model/best_params.json + v3 defaults): {'device_hidden': 64, 'device_layers': 3, 'fusion_dim': 128, 'qubit_layers': 2, 'attn_heads': 4, 'lap_pe': 8, 'cost_bias_init': -6.0, 'hidden_dim': 142, 'num_conv_wo_resnet': 3, 'num_resnet_layers': 1, 'dropout': 0.0, 'bidirectional': True, 'mlp': [512, 256, 128], 'lr': 0.001, 'readout': 'meanmaxsum'}
2026-10-08 17:06:11,897  gsv3.devices              INFO     Device graphs: node features 13 (Laplacian PE 8), physical errors True
2026-10-08 17:06:11,899  genstudy.data             INFO     Loading graph dataset: /home/atudisco/pred-distr-tool/evaluations/generalization_v3/data/graph_dataset_expected_fidelity.pt
2026-10-08 17:06:15,693  genstudy.data             INFO     Loaded 17056 graphs
2026-10-08 17:06:16,302  run_experiment            INFO     Compiler layouts (evaluations/compile_check/results/compiler_layouts_v6pilot.pt): 16994/17056 circuits
2026-10-08 17:06:16,323  genstudy.io               INFO     Wrote evaluations/generalization_v6/results/v6_l001/random_control/dataset_summary.json
2026-10-08 17:06:16,433  run_experiment            INFO     [1/1] random_seed5
2026-10-08 17:06:16,436  gsv3.experiment           INFO     === random / random_seed5 ===
2026-10-08 17:06:16,436  gsv3.experiment           INFO     Random split stratified by fidelity (test_fraction=0.3, seed=5): train = 11939, test = 5117 circuits; families and sizes appear on both sides.
2026-10-08 17:06:16,437  gsv3.experiment           INFO     train=9551  val=2388 ({'mode': 'random'})  test=5117
2026-10-08 17:06:16,516  gsv3.training             INFO     [random:random_seed5] model=sinkhorn (979423 params) train=9551 val=2388 lr=0.0003 clip=1.0 alpha=0.00
2026-10-08 17:07:28,824  gsv3.training             INFO     [random:random_seed5] epoch 0001  layout_ce=5.3173  layout_acc=0.058
2026-10-08 17:07:28,826  gsv3.training             INFO     [random:random_seed5] epoch 0001  train_log_mse=0.47524  val_log_mse=0.66798  val_mse=0.003126  max_grad=1336.52  patience=0/30
2026-10-08 17:08:39,506  gsv3.training             INFO     [random:random_seed5] epoch 0002  layout_ce=3.5480  layout_acc=0.080
2026-10-08 17:08:39,508  gsv3.training             INFO     [random:random_seed5] epoch 0002  train_log_mse=0.08240  val_log_mse=0.36971  val_mse=0.001784  max_grad=79.25  patience=0/30
2026-10-08 17:09:49,948  gsv3.training             INFO     [random:random_seed5] epoch 0003  layout_ce=3.2375  layout_acc=0.083
2026-10-08 17:09:49,950  gsv3.training             INFO     [random:random_seed5] epoch 0003  train_log_mse=0.06165  val_log_mse=0.18164  val_mse=0.001420  max_grad=11.46  patience=0/30
2026-10-08 17:11:00,394  gsv3.training             INFO     [random:random_seed5] epoch 0004  layout_ce=3.1014  layout_acc=0.088
2026-10-08 17:11:00,396  gsv3.training             INFO     [random:random_seed5] epoch 0004  train_log_mse=0.04727  val_log_mse=0.14095  val_mse=0.001396  max_grad=3.30  patience=0/30
2026-10-08 17:12:11,212  gsv3.training             INFO     [random:random_seed5] epoch 0005  layout_ce=3.0478  layout_acc=0.091
2026-10-08 17:12:11,212  gsv3.training             INFO     [random:random_seed5] epoch 0005  train_log_mse=0.04694  val_log_mse=0.17506  val_mse=0.001416  max_grad=3.75  patience=1/30
2026-10-08 17:13:22,139  gsv3.training             INFO     [random:random_seed5] epoch 0006  layout_ce=3.0076  layout_acc=0.096
2026-10-08 17:13:22,140  gsv3.training             INFO     [random:random_seed5] epoch 0006  train_log_mse=0.04511  val_log_mse=0.13442  val_mse=0.001785  max_grad=2.72  patience=2/30
2026-10-08 17:14:33,032  gsv3.training             INFO     [random:random_seed5] epoch 0007  layout_ce=2.9781  layout_acc=0.102
2026-10-08 17:14:33,034  gsv3.training             INFO     [random:random_seed5] epoch 0007  train_log_mse=0.04356  val_log_mse=0.11667  val_mse=0.001011  max_grad=4.31  patience=0/30
2026-10-08 17:15:44,149  gsv3.training             INFO     [random:random_seed5] epoch 0008  layout_ce=2.9374  layout_acc=0.105
2026-10-08 17:15:44,150  gsv3.training             INFO     [random:random_seed5] epoch 0008  train_log_mse=0.04060  val_log_mse=0.11893  val_mse=0.001015  max_grad=1.87  patience=1/30
2026-10-08 17:16:54,885  gsv3.training             INFO     [random:random_seed5] epoch 0009  layout_ce=2.8955  layout_acc=0.108
2026-10-08 17:16:54,887  gsv3.training             INFO     [random:random_seed5] epoch 0009  train_log_mse=0.03826  val_log_mse=0.09012  val_mse=0.000839  max_grad=1.71  patience=0/30
2026-10-08 17:18:05,584  gsv3.training             INFO     [random:random_seed5] epoch 0010  layout_ce=2.8739  layout_acc=0.113
2026-10-08 17:18:05,585  gsv3.training             INFO     [random:random_seed5] epoch 0010  train_log_mse=0.03912  val_log_mse=0.11558  val_mse=0.001437  max_grad=2.39  patience=1/30
2026-10-08 17:19:16,492  gsv3.training             INFO     [random:random_seed5] epoch 0011  layout_ce=2.8559  layout_acc=0.118
2026-10-08 17:19:16,492  gsv3.training             INFO     [random:random_seed5] epoch 0011  train_log_mse=0.03904  val_log_mse=0.10641  val_mse=0.001260  max_grad=2.49  patience=2/30
2026-10-08 17:20:27,418  gsv3.training             INFO     [random:random_seed5] epoch 0012  layout_ce=2.8551  layout_acc=0.121
2026-10-08 17:20:27,420  gsv3.training             INFO     [random:random_seed5] epoch 0012  train_log_mse=0.04041  val_log_mse=0.10127  val_mse=0.000836  max_grad=4.49  patience=0/30
2026-10-08 17:21:38,453  gsv3.training             INFO     [random:random_seed5] epoch 0013  layout_ce=2.8027  layout_acc=0.131
2026-10-08 17:21:38,455  gsv3.training             INFO     [random:random_seed5] epoch 0013  train_log_mse=0.03665  val_log_mse=0.11602  val_mse=0.000778  max_grad=2.22  patience=0/30
2026-10-08 17:22:49,609  gsv3.training             INFO     [random:random_seed5] epoch 0014  layout_ce=2.7635  layout_acc=0.140
2026-10-08 17:22:49,611  gsv3.training             INFO     [random:random_seed5] epoch 0014  train_log_mse=0.03712  val_log_mse=0.14312  val_mse=0.000696  max_grad=2.42  patience=0/30
2026-10-08 17:24:00,423  gsv3.training             INFO     [random:random_seed5] epoch 0015  layout_ce=2.7482  layout_acc=0.142
2026-10-08 17:24:00,424  gsv3.training             INFO     [random:random_seed5] epoch 0015  train_log_mse=0.03710  val_log_mse=0.10206  val_mse=0.000718  max_grad=2.61  patience=1/30
2026-10-08 17:25:11,804  gsv3.training             INFO     [random:random_seed5] epoch 0016  layout_ce=2.7342  layout_acc=0.147
2026-10-08 17:25:11,805  gsv3.training             INFO     [random:random_seed5] epoch 0016  train_log_mse=0.03713  val_log_mse=0.12308  val_mse=0.001040  max_grad=3.17  patience=2/30
2026-10-08 17:26:23,015  gsv3.training             INFO     [random:random_seed5] epoch 0017  layout_ce=2.6947  layout_acc=0.154
2026-10-08 17:26:23,016  gsv3.training             INFO     [random:random_seed5] epoch 0017  train_log_mse=0.03477  val_log_mse=0.09900  val_mse=0.000747  max_grad=2.39  patience=3/30
2026-10-08 17:27:34,364  gsv3.training             INFO     [random:random_seed5] epoch 0018  layout_ce=2.6682  layout_acc=0.159
2026-10-08 17:27:34,367  gsv3.training             INFO     [random:random_seed5] epoch 0018  train_log_mse=0.03314  val_log_mse=0.07062  val_mse=0.000625  max_grad=1.24  patience=0/30
2026-10-08 17:28:45,857  gsv3.training             INFO     [random:random_seed5] epoch 0019  layout_ce=2.6401  layout_acc=0.165
2026-10-08 17:28:45,858  gsv3.training             INFO     [random:random_seed5] epoch 0019  train_log_mse=0.03304  val_log_mse=0.11052  val_mse=0.000946  max_grad=1.25  patience=1/30
2026-10-08 17:29:57,219  gsv3.training             INFO     [random:random_seed5] epoch 0020  layout_ce=2.6134  layout_acc=0.169
2026-10-08 17:29:57,220  gsv3.training             INFO     [random:random_seed5] epoch 0020  train_log_mse=0.03170  val_log_mse=0.06997  val_mse=0.000662  max_grad=1.15  patience=2/30
2026-10-08 17:31:08,081  gsv3.training             INFO     [random:random_seed5] epoch 0021  layout_ce=2.6080  layout_acc=0.171
2026-10-08 17:31:08,081  gsv3.training             INFO     [random:random_seed5] epoch 0021  train_log_mse=0.03285  val_log_mse=0.11308  val_mse=0.000648  max_grad=1.93  patience=3/30
2026-10-08 17:32:09,182  gsv3.training             INFO     [random:random_seed5] epoch 0022  layout_ce=2.6237  layout_acc=0.170
2026-10-08 17:32:09,182  gsv3.training             INFO     [random:random_seed5] epoch 0022  train_log_mse=0.03476  val_log_mse=0.09480  val_mse=0.000778  max_grad=1.83  patience=4/30
2026-10-08 17:33:06,680  gsv3.training             INFO     [random:random_seed5] epoch 0023  layout_ce=2.6248  layout_acc=0.175
2026-10-08 17:33:06,681  gsv3.training             INFO     [random:random_seed5] epoch 0023  train_log_mse=0.03615  val_log_mse=0.07409  val_mse=0.000620  max_grad=2.03  patience=0/30
2026-10-08 17:34:04,060  gsv3.training             INFO     [random:random_seed5] epoch 0024  layout_ce=2.5642  layout_acc=0.185
2026-10-08 17:34:04,062  gsv3.training             INFO     [random:random_seed5] epoch 0024  train_log_mse=0.03116  val_log_mse=0.06488  val_mse=0.000582  max_grad=1.36  patience=0/30
2026-10-08 17:35:02,056  gsv3.training             INFO     [random:random_seed5] epoch 0025  layout_ce=2.5344  layout_acc=0.190
2026-10-08 17:35:02,058  gsv3.training             INFO     [random:random_seed5] epoch 0025  train_log_mse=0.03089  val_log_mse=0.07332  val_mse=0.000552  max_grad=1.71  patience=0/30
2026-10-08 17:36:02,503  gsv3.training             INFO     [random:random_seed5] epoch 0026  layout_ce=2.5286  layout_acc=0.194
2026-10-08 17:36:02,505  gsv3.training             INFO     [random:random_seed5] epoch 0026  train_log_mse=0.03137  val_log_mse=0.07884  val_mse=0.000532  max_grad=1.42  patience=0/30
2026-10-08 17:37:04,186  gsv3.training             INFO     [random:random_seed5] epoch 0027  layout_ce=2.5088  layout_acc=0.198
2026-10-08 17:37:04,186  gsv3.training             INFO     [random:random_seed5] epoch 0027  train_log_mse=0.03105  val_log_mse=0.07276  val_mse=0.000556  max_grad=1.32  patience=1/30
2026-10-08 17:38:06,276  gsv3.training             INFO     [random:random_seed5] epoch 0028  layout_ce=2.4671  layout_acc=0.206
2026-10-08 17:38:06,278  gsv3.training             INFO     [random:random_seed5] epoch 0028  train_log_mse=0.02895  val_log_mse=0.07290  val_mse=0.000527  max_grad=0.80  patience=0/30
2026-10-08 17:39:11,057  gsv3.training             INFO     [random:random_seed5] epoch 0029  layout_ce=2.4531  layout_acc=0.211
2026-10-08 17:39:11,058  gsv3.training             INFO     [random:random_seed5] epoch 0029  train_log_mse=0.02948  val_log_mse=0.06487  val_mse=0.000500  max_grad=1.08  patience=0/30
2026-10-08 17:40:20,357  gsv3.training             INFO     [random:random_seed5] epoch 0030  layout_ce=2.4545  layout_acc=0.214
2026-10-08 17:40:20,357  gsv3.training             INFO     [random:random_seed5] epoch 0030  train_log_mse=0.03113  val_log_mse=0.07318  val_mse=0.000537  max_grad=2.50  patience=1/30
2026-10-08 17:41:27,061  gsv3.training             INFO     [random:random_seed5] epoch 0031  layout_ce=2.4171  layout_acc=0.223
2026-10-08 17:41:27,061  gsv3.training             INFO     [random:random_seed5] epoch 0031  train_log_mse=0.02885  val_log_mse=0.05977  val_mse=0.000500  max_grad=0.72  patience=2/30
2026-10-08 17:42:38,694  gsv3.training             INFO     [random:random_seed5] epoch 0032  layout_ce=2.4174  layout_acc=0.223
2026-10-08 17:42:38,694  gsv3.training             INFO     [random:random_seed5] epoch 0032  train_log_mse=0.03059  val_log_mse=0.10313  val_mse=0.000853  max_grad=3.07  patience=3/30
2026-10-08 17:43:51,583  gsv3.training             INFO     [random:random_seed5] epoch 0033  layout_ce=2.4183  layout_acc=0.222
2026-10-08 17:43:51,583  gsv3.training             INFO     [random:random_seed5] epoch 0033  train_log_mse=0.02990  val_log_mse=0.07570  val_mse=0.000522  max_grad=1.44  patience=4/30
2026-10-08 17:45:01,475  gsv3.training             INFO     [random:random_seed5] epoch 0034  layout_ce=2.3781  layout_acc=0.233
2026-10-08 17:45:01,477  gsv3.training             INFO     [random:random_seed5] epoch 0034  train_log_mse=0.02874  val_log_mse=0.05724  val_mse=0.000459  max_grad=0.94  patience=0/30
2026-10-08 17:46:11,505  gsv3.training             INFO     [random:random_seed5] epoch 0035  layout_ce=2.3984  layout_acc=0.231
2026-10-08 17:46:11,505  gsv3.training             INFO     [random:random_seed5] epoch 0035  train_log_mse=0.03003  val_log_mse=0.08211  val_mse=0.000592  max_grad=1.50  patience=1/30
2026-10-08 17:47:21,370  gsv3.training             INFO     [random:random_seed5] epoch 0036  layout_ce=2.3568  layout_acc=0.239
2026-10-08 17:47:21,370  gsv3.training             INFO     [random:random_seed5] epoch 0036  train_log_mse=0.02849  val_log_mse=0.07790  val_mse=0.000721  max_grad=1.15  patience=2/30
2026-10-08 17:48:31,298  gsv3.training             INFO     [random:random_seed5] epoch 0037  layout_ce=2.3288  layout_acc=0.249
2026-10-08 17:48:31,300  gsv3.training             INFO     [random:random_seed5] epoch 0037  train_log_mse=0.02808  val_log_mse=0.05837  val_mse=0.000418  max_grad=0.83  patience=0/30
2026-10-08 17:49:41,383  gsv3.training             INFO     [random:random_seed5] epoch 0038  layout_ce=2.2914  layout_acc=0.259
2026-10-08 17:49:41,383  gsv3.training             INFO     [random:random_seed5] epoch 0038  train_log_mse=0.02716  val_log_mse=0.05639  val_mse=0.000450  max_grad=0.83  patience=1/30
2026-10-08 17:50:51,386  gsv3.training             INFO     [random:random_seed5] epoch 0039  layout_ce=2.2780  layout_acc=0.263
2026-10-08 17:50:51,387  gsv3.training             INFO     [random:random_seed5] epoch 0039  train_log_mse=0.02717  val_log_mse=0.05862  val_mse=0.000429  max_grad=0.69  patience=2/30
2026-10-08 17:52:01,418  gsv3.training             INFO     [random:random_seed5] epoch 0040  layout_ce=2.2558  layout_acc=0.270
2026-10-08 17:52:01,419  gsv3.training             INFO     [random:random_seed5] epoch 0040  train_log_mse=0.02654  val_log_mse=0.05799  val_mse=0.000436  max_grad=0.56  patience=3/30
2026-10-08 17:53:11,645  gsv3.training             INFO     [random:random_seed5] epoch 0041  layout_ce=2.2319  layout_acc=0.278
2026-10-08 17:53:11,645  gsv3.training             INFO     [random:random_seed5] epoch 0041  train_log_mse=0.02642  val_log_mse=0.06622  val_mse=0.000524  max_grad=0.92  patience=4/30
2026-10-08 17:54:21,635  gsv3.training             INFO     [random:random_seed5] epoch 0042  layout_ce=2.2282  layout_acc=0.281
2026-10-08 17:54:21,635  gsv3.training             INFO     [random:random_seed5] epoch 0042  train_log_mse=0.02735  val_log_mse=0.05659  val_mse=0.000486  max_grad=1.37  patience=5/30
2026-10-08 17:55:31,902  gsv3.training             INFO     [random:random_seed5] epoch 0043  layout_ce=2.1947  layout_acc=0.291
2026-10-08 17:55:31,902  gsv3.training             INFO     [random:random_seed5] epoch 0043  train_log_mse=0.02567  val_log_mse=0.05307  val_mse=0.000421  max_grad=0.69  patience=6/30
2026-10-08 17:56:42,437  gsv3.training             INFO     [random:random_seed5] epoch 0044  layout_ce=2.1982  layout_acc=0.291
2026-10-08 17:56:42,437  gsv3.training             INFO     [random:random_seed5] epoch 0044  train_log_mse=0.02713  val_log_mse=0.07944  val_mse=0.000459  max_grad=1.38  patience=7/30
2026-10-08 17:57:52,900  gsv3.training             INFO     [random:random_seed5] epoch 0045  layout_ce=2.1831  layout_acc=0.296
2026-10-08 17:57:52,901  gsv3.training             INFO     [random:random_seed5] epoch 0045  train_log_mse=0.02641  val_log_mse=0.10225  val_mse=0.000499  max_grad=3.55  patience=8/30
2026-10-08 17:59:03,033  gsv3.training             INFO     [random:random_seed5] epoch 0046  layout_ce=2.2286  layout_acc=0.286
2026-10-08 17:59:03,033  gsv3.training             INFO     [random:random_seed5] epoch 0046  train_log_mse=0.02760  val_log_mse=0.06591  val_mse=0.000477  max_grad=1.36  patience=9/30
2026-10-08 18:00:13,114  gsv3.training             INFO     [random:random_seed5] epoch 0047  layout_ce=2.1555  layout_acc=0.306
2026-10-08 18:00:13,114  gsv3.training             INFO     [random:random_seed5] epoch 0047  train_log_mse=0.02539  val_log_mse=0.07128  val_mse=0.000420  max_grad=0.77  patience=10/30
2026-10-08 18:01:23,352  gsv3.training             INFO     [random:random_seed5] epoch 0048  layout_ce=2.1227  layout_acc=0.315
2026-10-08 18:01:23,355  gsv3.training             INFO     [random:random_seed5] epoch 0048  train_log_mse=0.02487  val_log_mse=0.05612  val_mse=0.000399  max_grad=0.63  patience=0/30
2026-10-08 18:02:33,589  gsv3.training             INFO     [random:random_seed5] epoch 0049  layout_ce=2.1193  layout_acc=0.318
2026-10-08 18:02:33,590  gsv3.training             INFO     [random:random_seed5] epoch 0049  train_log_mse=0.02569  val_log_mse=0.06149  val_mse=0.000452  max_grad=1.32  patience=1/30
2026-10-08 18:03:44,204  gsv3.training             INFO     [random:random_seed5] epoch 0050  layout_ce=2.0977  layout_acc=0.326
2026-10-08 18:03:44,205  gsv3.training             INFO     [random:random_seed5] epoch 0050  train_log_mse=0.02510  val_log_mse=0.05571  val_mse=0.000415  max_grad=0.83  patience=2/30
2026-10-08 18:04:54,333  gsv3.training             INFO     [random:random_seed5] epoch 0051  layout_ce=2.1076  layout_acc=0.325
2026-10-08 18:04:54,334  gsv3.training             INFO     [random:random_seed5] epoch 0051  train_log_mse=0.02555  val_log_mse=0.07769  val_mse=0.000523  max_grad=1.85  patience=3/30
2026-10-08 18:06:04,378  gsv3.training             INFO     [random:random_seed5] epoch 0052  layout_ce=2.0817  layout_acc=0.332
2026-10-08 18:06:04,379  gsv3.training             INFO     [random:random_seed5] epoch 0052  train_log_mse=0.02497  val_log_mse=0.06070  val_mse=0.000424  max_grad=0.81  patience=4/30
2026-10-08 18:07:14,448  gsv3.training             INFO     [random:random_seed5] epoch 0053  layout_ce=2.0614  layout_acc=0.340
2026-10-08 18:07:14,449  gsv3.training             INFO     [random:random_seed5] epoch 0053  train_log_mse=0.02469  val_log_mse=0.06291  val_mse=0.000421  max_grad=1.54  patience=5/30
2026-10-08 18:08:24,442  gsv3.training             INFO     [random:random_seed5] epoch 0054  layout_ce=2.0306  layout_acc=0.349
2026-10-08 18:08:24,443  gsv3.training             INFO     [random:random_seed5] epoch 0054  train_log_mse=0.02397  val_log_mse=0.06091  val_mse=0.000406  max_grad=0.95  patience=6/30
2026-10-08 18:09:34,498  gsv3.training             INFO     [random:random_seed5] epoch 0055  layout_ce=2.0079  layout_acc=0.357
2026-10-08 18:09:34,498  gsv3.training             INFO     [random:random_seed5] epoch 0055  train_log_mse=0.02364  val_log_mse=0.06192  val_mse=0.000426  max_grad=0.67  patience=7/30
2026-10-08 18:10:44,379  gsv3.training             INFO     [random:random_seed5] epoch 0056  layout_ce=1.9970  layout_acc=0.362
2026-10-08 18:10:44,380  gsv3.training             INFO     [random:random_seed5] epoch 0056  train_log_mse=0.02347  val_log_mse=0.05675  val_mse=0.000418  max_grad=0.77  patience=8/30
2026-10-08 18:11:54,131  gsv3.training             INFO     [random:random_seed5] epoch 0057  layout_ce=1.9641  layout_acc=0.374
2026-10-08 18:11:54,132  gsv3.training             INFO     [random:random_seed5] epoch 0057  train_log_mse=0.02323  val_log_mse=0.08351  val_mse=0.000452  max_grad=0.80  patience=9/30
2026-10-08 18:13:03,327  gsv3.training             INFO     [random:random_seed5] epoch 0058  layout_ce=1.9777  layout_acc=0.370
2026-10-08 18:13:03,328  gsv3.training             INFO     [random:random_seed5] epoch 0058  train_log_mse=0.02359  val_log_mse=0.06281  val_mse=0.000405  max_grad=0.79  patience=10/30
2026-10-08 18:14:13,298  gsv3.training             INFO     [random:random_seed5] epoch 0059  layout_ce=2.0477  layout_acc=0.350
2026-10-08 18:14:13,299  gsv3.training             INFO     [random:random_seed5] epoch 0059  train_log_mse=0.02779  val_log_mse=0.07541  val_mse=0.000512  max_grad=9.28  patience=11/30
2026-10-08 18:15:23,194  gsv3.training             INFO     [random:random_seed5] epoch 0060  layout_ce=1.9733  layout_acc=0.373
2026-10-08 18:15:23,195  gsv3.training             INFO     [random:random_seed5] epoch 0060  train_log_mse=0.02391  val_log_mse=0.06171  val_mse=0.000421  max_grad=0.80  patience=12/30
2026-10-08 18:16:32,992  gsv3.training             INFO     [random:random_seed5] epoch 0061  layout_ce=1.9755  layout_acc=0.375
2026-10-08 18:16:32,992  gsv3.training             INFO     [random:random_seed5] epoch 0061  train_log_mse=0.02334  val_log_mse=0.05629  val_mse=0.000431  max_grad=0.94  patience=13/30
2026-10-08 18:17:42,860  gsv3.training             INFO     [random:random_seed5] epoch 0062  layout_ce=1.8954  layout_acc=0.398
2026-10-08 18:17:42,863  gsv3.training             INFO     [random:random_seed5] epoch 0062  train_log_mse=0.02189  val_log_mse=0.05288  val_mse=0.000377  max_grad=0.54  patience=0/30
2026-10-08 18:18:52,462  gsv3.training             INFO     [random:random_seed5] epoch 0063  layout_ce=1.8874  layout_acc=0.400
2026-10-08 18:18:52,462  gsv3.training             INFO     [random:random_seed5] epoch 0063  train_log_mse=0.02220  val_log_mse=0.05626  val_mse=0.000395  max_grad=1.17  patience=1/30
2026-10-08 18:20:02,175  gsv3.training             INFO     [random:random_seed5] epoch 0064  layout_ce=1.8851  layout_acc=0.403
2026-10-08 18:20:02,176  gsv3.training             INFO     [random:random_seed5] epoch 0064  train_log_mse=0.02261  val_log_mse=0.06543  val_mse=0.000422  max_grad=1.10  patience=2/30
2026-10-08 18:21:11,837  gsv3.training             INFO     [random:random_seed5] epoch 0065  layout_ce=1.8557  layout_acc=0.412
2026-10-08 18:21:11,837  gsv3.training             INFO     [random:random_seed5] epoch 0065  train_log_mse=0.02181  val_log_mse=0.06658  val_mse=0.000396  max_grad=0.62  patience=3/30
2026-10-08 18:22:21,371  gsv3.training             INFO     [random:random_seed5] epoch 0066  layout_ce=1.8433  layout_acc=0.415
2026-10-08 18:22:21,375  gsv3.training             INFO     [random:random_seed5] epoch 0066  train_log_mse=0.02143  val_log_mse=0.05754  val_mse=0.000375  max_grad=0.55  patience=0/30
2026-10-08 18:23:31,503  gsv3.training             INFO     [random:random_seed5] epoch 0067  layout_ce=1.8202  layout_acc=0.424
2026-10-08 18:23:31,504  gsv3.training             INFO     [random:random_seed5] epoch 0067  train_log_mse=0.02136  val_log_mse=0.10784  val_mse=0.000419  max_grad=0.68  patience=1/30
2026-10-08 18:24:41,863  gsv3.training             INFO     [random:random_seed5] epoch 0068  layout_ce=1.8336  layout_acc=0.420
2026-10-08 18:24:41,863  gsv3.training             INFO     [random:random_seed5] epoch 0068  train_log_mse=0.02254  val_log_mse=0.05746  val_mse=0.000425  max_grad=1.20  patience=2/30
2026-10-08 18:25:51,871  gsv3.training             INFO     [random:random_seed5] epoch 0069  layout_ce=1.8075  layout_acc=0.430
2026-10-08 18:25:51,872  gsv3.training             INFO     [random:random_seed5] epoch 0069  train_log_mse=0.02186  val_log_mse=0.05243  val_mse=0.000378  max_grad=1.09  patience=3/30
2026-10-08 18:27:01,981  gsv3.training             INFO     [random:random_seed5] epoch 0070  layout_ce=1.8021  layout_acc=0.432
2026-10-08 18:27:01,981  gsv3.training             INFO     [random:random_seed5] epoch 0070  train_log_mse=0.02194  val_log_mse=0.09012  val_mse=0.000480  max_grad=0.88  patience=4/30
2026-10-08 18:28:12,073  gsv3.training             INFO     [random:random_seed5] epoch 0071  layout_ce=1.7667  layout_acc=0.442
2026-10-08 18:28:12,074  gsv3.training             INFO     [random:random_seed5] epoch 0071  train_log_mse=0.02065  val_log_mse=0.05759  val_mse=0.000399  max_grad=0.74  patience=5/30
2026-10-08 18:29:21,969  gsv3.training             INFO     [random:random_seed5] epoch 0072  layout_ce=1.7465  layout_acc=0.450
2026-10-08 18:29:21,971  gsv3.training             INFO     [random:random_seed5] epoch 0072  train_log_mse=0.02056  val_log_mse=0.05714  val_mse=0.000360  max_grad=0.62  patience=0/30
2026-10-08 18:30:32,187  gsv3.training             INFO     [random:random_seed5] epoch 0073  layout_ce=1.7197  layout_acc=0.458
2026-10-08 18:30:32,187  gsv3.training             INFO     [random:random_seed5] epoch 0073  train_log_mse=0.02013  val_log_mse=0.06605  val_mse=0.000381  max_grad=0.52  patience=1/30
2026-10-08 18:31:41,985  gsv3.training             INFO     [random:random_seed5] epoch 0074  layout_ce=1.7217  layout_acc=0.456
2026-10-08 18:31:41,986  gsv3.training             INFO     [random:random_seed5] epoch 0074  train_log_mse=0.02046  val_log_mse=0.08107  val_mse=0.000368  max_grad=0.65  patience=2/30
2026-10-08 18:32:52,128  gsv3.training             INFO     [random:random_seed5] epoch 0075  layout_ce=1.7203  layout_acc=0.458
2026-10-08 18:32:52,128  gsv3.training             INFO     [random:random_seed5] epoch 0075  train_log_mse=0.02039  val_log_mse=0.07100  val_mse=0.000466  max_grad=1.06  patience=3/30
2026-10-08 18:34:02,226  gsv3.training             INFO     [random:random_seed5] epoch 0076  layout_ce=1.8732  layout_acc=0.411
2026-10-08 18:34:02,226  gsv3.training             INFO     [random:random_seed5] epoch 0076  train_log_mse=0.02518  val_log_mse=0.12061  val_mse=0.000450  max_grad=4.60  patience=4/30
2026-10-08 18:35:12,006  gsv3.training             INFO     [random:random_seed5] epoch 0077  layout_ce=1.7879  layout_acc=0.438
2026-10-08 18:35:12,007  gsv3.training             INFO     [random:random_seed5] epoch 0077  train_log_mse=0.02283  val_log_mse=0.07530  val_mse=0.000428  max_grad=7.86  patience=5/30
2026-10-08 18:36:21,620  gsv3.training             INFO     [random:random_seed5] epoch 0078  layout_ce=1.7537  layout_acc=0.450
2026-10-08 18:36:21,622  gsv3.training             INFO     [random:random_seed5] epoch 0078  train_log_mse=0.02161  val_log_mse=0.06243  val_mse=0.000353  max_grad=1.21  patience=0/30
2026-10-08 18:37:31,392  gsv3.training             INFO     [random:random_seed5] epoch 0079  layout_ce=1.6612  layout_acc=0.479
2026-10-08 18:37:31,393  gsv3.training             INFO     [random:random_seed5] epoch 0079  train_log_mse=0.01952  val_log_mse=0.06252  val_mse=0.000393  max_grad=0.67  patience=1/30
2026-10-08 18:38:41,121  gsv3.training             INFO     [random:random_seed5] epoch 0080  layout_ce=1.6469  layout_acc=0.483
2026-10-08 18:38:41,122  gsv3.training             INFO     [random:random_seed5] epoch 0080  train_log_mse=0.01930  val_log_mse=0.05470  val_mse=0.000383  max_grad=0.96  patience=2/30
2026-10-08 18:39:50,876  gsv3.training             INFO     [random:random_seed5] epoch 0081  layout_ce=1.6337  layout_acc=0.488
2026-10-08 18:39:50,877  gsv3.training             INFO     [random:random_seed5] epoch 0081  train_log_mse=0.01920  val_log_mse=0.05977  val_mse=0.000404  max_grad=0.84  patience=3/30
2026-10-08 18:41:00,668  gsv3.training             INFO     [random:random_seed5] epoch 0082  layout_ce=1.6341  layout_acc=0.489
2026-10-08 18:41:00,669  gsv3.training             INFO     [random:random_seed5] epoch 0082  train_log_mse=0.01934  val_log_mse=0.05635  val_mse=0.000388  max_grad=0.80  patience=4/30
2026-10-08 18:42:10,729  gsv3.training             INFO     [random:random_seed5] epoch 0083  layout_ce=1.6121  layout_acc=0.496
2026-10-08 18:42:10,729  gsv3.training             INFO     [random:random_seed5] epoch 0083  train_log_mse=0.01930  val_log_mse=0.05747  val_mse=0.000384  max_grad=0.67  patience=5/30
2026-10-08 18:43:19,933  gsv3.training             INFO     [random:random_seed5] epoch 0084  layout_ce=1.5769  layout_acc=0.506
2026-10-08 18:43:19,934  gsv3.training             INFO     [random:random_seed5] epoch 0084  train_log_mse=0.01834  val_log_mse=0.05934  val_mse=0.000395  max_grad=0.44  patience=6/30
2026-10-08 18:44:29,830  gsv3.training             INFO     [random:random_seed5] epoch 0085  layout_ce=1.6069  layout_acc=0.497
2026-10-08 18:44:29,831  gsv3.training             INFO     [random:random_seed5] epoch 0085  train_log_mse=0.01904  val_log_mse=0.05681  val_mse=0.000376  max_grad=1.05  patience=7/30
2026-10-08 18:45:39,841  gsv3.training             INFO     [random:random_seed5] epoch 0086  layout_ce=1.5560  layout_acc=0.514
2026-10-08 18:45:39,841  gsv3.training             INFO     [random:random_seed5] epoch 0086  train_log_mse=0.01822  val_log_mse=0.06382  val_mse=0.000355  max_grad=0.60  patience=8/30
2026-10-08 18:46:49,621  gsv3.training             INFO     [random:random_seed5] epoch 0087  layout_ce=1.5416  layout_acc=0.518
2026-10-08 18:46:49,622  gsv3.training             INFO     [random:random_seed5] epoch 0087  train_log_mse=0.01844  val_log_mse=0.06234  val_mse=0.000409  max_grad=0.71  patience=9/30
2026-10-08 18:47:59,437  gsv3.training             INFO     [random:random_seed5] epoch 0088  layout_ce=1.5272  layout_acc=0.522
2026-10-08 18:47:59,438  gsv3.training             INFO     [random:random_seed5] epoch 0088  train_log_mse=0.01814  val_log_mse=0.07514  val_mse=0.000378  max_grad=0.56  patience=10/30
2026-10-08 18:49:09,367  gsv3.training             INFO     [random:random_seed5] epoch 0089  layout_ce=1.5196  layout_acc=0.525
2026-10-08 18:49:09,367  gsv3.training             INFO     [random:random_seed5] epoch 0089  train_log_mse=0.01814  val_log_mse=0.05822  val_mse=0.000390  max_grad=0.57  patience=11/30
2026-10-08 18:50:19,331  gsv3.training             INFO     [random:random_seed5] epoch 0090  layout_ce=1.5120  layout_acc=0.529
2026-10-08 18:50:19,332  gsv3.training             INFO     [random:random_seed5] epoch 0090  train_log_mse=0.01825  val_log_mse=0.05854  val_mse=0.000394  max_grad=0.76  patience=12/30
2026-10-08 18:51:29,230  gsv3.training             INFO     [random:random_seed5] epoch 0091  layout_ce=1.5080  layout_acc=0.529
2026-10-08 18:51:29,231  gsv3.training             INFO     [random:random_seed5] epoch 0091  train_log_mse=0.01809  val_log_mse=0.05990  val_mse=0.000362  max_grad=0.75  patience=13/30
2026-10-08 18:52:39,083  gsv3.training             INFO     [random:random_seed5] epoch 0092  layout_ce=1.5870  layout_acc=0.505
2026-10-08 18:52:39,083  gsv3.training             INFO     [random:random_seed5] epoch 0092  train_log_mse=0.02054  val_log_mse=0.07454  val_mse=0.000386  max_grad=7.32  patience=14/30
2026-10-08 18:53:48,852  gsv3.training             INFO     [random:random_seed5] epoch 0093  layout_ce=1.4987  layout_acc=0.533
2026-10-08 18:53:48,853  gsv3.training             INFO     [random:random_seed5] epoch 0093  train_log_mse=0.01811  val_log_mse=0.06099  val_mse=0.000385  max_grad=0.83  patience=15/30
2026-10-08 18:54:58,683  gsv3.training             INFO     [random:random_seed5] epoch 0094  layout_ce=1.4462  layout_acc=0.551
2026-10-08 18:54:58,683  gsv3.training             INFO     [random:random_seed5] epoch 0094  train_log_mse=0.01733  val_log_mse=0.06001  val_mse=0.000474  max_grad=0.60  patience=16/30
2026-10-08 18:56:08,597  gsv3.training             INFO     [random:random_seed5] epoch 0095  layout_ce=1.4288  layout_acc=0.555
2026-10-08 18:56:08,598  gsv3.training             INFO     [random:random_seed5] epoch 0095  train_log_mse=0.01709  val_log_mse=0.07109  val_mse=0.000380  max_grad=0.86  patience=17/30
2026-10-08 18:57:18,356  gsv3.training             INFO     [random:random_seed5] epoch 0096  layout_ce=1.4299  layout_acc=0.555
2026-10-08 18:57:18,356  gsv3.training             INFO     [random:random_seed5] epoch 0096  train_log_mse=0.01703  val_log_mse=0.06887  val_mse=0.000382  max_grad=0.53  patience=18/30
2026-10-08 18:58:28,319  gsv3.training             INFO     [random:random_seed5] epoch 0097  layout_ce=1.3999  layout_acc=0.565
2026-10-08 18:58:28,320  gsv3.training             INFO     [random:random_seed5] epoch 0097  train_log_mse=0.01680  val_log_mse=0.06004  val_mse=0.000400  max_grad=0.52  patience=19/30
2026-10-08 18:59:38,224  gsv3.training             INFO     [random:random_seed5] epoch 0098  layout_ce=1.3761  layout_acc=0.572
2026-10-08 18:59:38,224  gsv3.training             INFO     [random:random_seed5] epoch 0098  train_log_mse=0.01623  val_log_mse=0.05931  val_mse=0.000367  max_grad=0.40  patience=20/30
2026-10-08 19:00:48,070  gsv3.training             INFO     [random:random_seed5] epoch 0099  layout_ce=1.3701  layout_acc=0.575
2026-10-08 19:00:48,071  gsv3.training             INFO     [random:random_seed5] epoch 0099  train_log_mse=0.01658  val_log_mse=0.06275  val_mse=0.000372  max_grad=0.71  patience=21/30
2026-10-08 19:01:58,098  gsv3.training             INFO     [random:random_seed5] epoch 0100  layout_ce=1.3729  layout_acc=0.574
2026-10-08 19:01:58,098  gsv3.training             INFO     [random:random_seed5] epoch 0100  train_log_mse=0.01655  val_log_mse=0.05421  val_mse=0.000364  max_grad=0.57  patience=22/30
2026-10-08 19:03:08,580  gsv3.training             INFO     [random:random_seed5] epoch 0101  layout_ce=1.3425  layout_acc=0.584
2026-10-08 19:03:08,581  gsv3.training             INFO     [random:random_seed5] epoch 0101  train_log_mse=0.01610  val_log_mse=0.06399  val_mse=0.000378  max_grad=0.51  patience=23/30
2026-10-08 19:04:19,050  gsv3.training             INFO     [random:random_seed5] epoch 0102  layout_ce=1.3394  layout_acc=0.585
2026-10-08 19:04:19,051  gsv3.training             INFO     [random:random_seed5] epoch 0102  train_log_mse=0.01650  val_log_mse=0.06100  val_mse=0.000381  max_grad=0.73  patience=24/30
2026-10-08 19:05:29,235  gsv3.training             INFO     [random:random_seed5] epoch 0103  layout_ce=1.2929  layout_acc=0.602
2026-10-08 19:05:29,235  gsv3.training             INFO     [random:random_seed5] epoch 0103  train_log_mse=0.01540  val_log_mse=0.06403  val_mse=0.000405  max_grad=0.33  patience=25/30
2026-10-08 19:06:39,223  gsv3.training             INFO     [random:random_seed5] epoch 0104  layout_ce=1.2733  layout_acc=0.607
2026-10-08 19:06:39,224  gsv3.training             INFO     [random:random_seed5] epoch 0104  train_log_mse=0.01510  val_log_mse=0.05888  val_mse=0.000369  max_grad=0.37  patience=26/30
2026-10-08 19:07:49,474  gsv3.training             INFO     [random:random_seed5] epoch 0105  layout_ce=1.2868  layout_acc=0.603
2026-10-08 19:07:49,475  gsv3.training             INFO     [random:random_seed5] epoch 0105  train_log_mse=0.01589  val_log_mse=0.06211  val_mse=0.000408  max_grad=0.56  patience=27/30
2026-10-08 19:08:59,559  gsv3.training             INFO     [random:random_seed5] epoch 0106  layout_ce=1.3136  layout_acc=0.596
2026-10-08 19:08:59,559  gsv3.training             INFO     [random:random_seed5] epoch 0106  train_log_mse=0.01615  val_log_mse=0.06983  val_mse=0.000442  max_grad=2.28  patience=28/30
2026-10-08 19:10:10,354  gsv3.training             INFO     [random:random_seed5] epoch 0107  layout_ce=1.2868  layout_acc=0.604
2026-10-08 19:10:10,354  gsv3.training             INFO     [random:random_seed5] epoch 0107  train_log_mse=0.01578  val_log_mse=0.06972  val_mse=0.000372  max_grad=0.73  patience=29/30
2026-10-08 19:11:21,532  gsv3.training             INFO     [random:random_seed5] epoch 0108  layout_ce=1.2512  layout_acc=0.616
2026-10-08 19:11:21,533  gsv3.training             INFO     [random:random_seed5] epoch 0108  train_log_mse=0.01563  val_log_mse=0.05888  val_mse=0.000396  max_grad=1.12  patience=30/30
2026-10-08 19:11:33,013  gsv3.experiment           INFO     [random_seed5] TEST  n=5117  MAE=0.0101  R2=0.9961  device-acc=0.742  regret=0.0022
2026-10-08 19:11:33,018  genstudy.io               INFO     Wrote evaluations/generalization_v6/results/v6_l001/random_control/random_seed5/metrics.json
2026-10-08 19:11:33,046  genstudy.io               INFO     Wrote evaluations/generalization_v6/results/v6_l001/random_control/random_seed5/predictions.json
2026-10-08 19:11:33,059  genstudy.io               INFO     Wrote evaluations/generalization_v6/results/v6_l001/random_control/random_seed5/history.json
2026-10-08 19:11:33,081  run_experiment            INFO     random_control finished: 1 complete, 0 skipped
