2026-10-08 11:37:44,482  genstudy.io               INFO     Logging to evaluations/generalization_v5/results/v5_sinkhorn_s7/leave_one_family_out/run.log
2026-10-08 11:37:44,482  run_experiment            INFO     Command line: evaluations/generalization_v3/scripts/run_experiment.py lofo --model sinkhorn --balance-alpha 0 --lr 3e-4 --grad-clip 1.0 --seed 7 --families qnn --groups vqe --loss mixed --val-mode random --results-dir evaluations/generalization_v5/results/v5_sinkhorn_s7
2026-10-08 11:37:44,482  gsv2.gpu                  WARNING  No CUDA device available — running on the CPU.
2026-10-08 11:37:44,483  gsv3.model                INFO     Hyper-parameters (/home/atudisco/pred-distr-tool/src/model/best_params.json + v3 defaults): {'device_hidden': 64, 'device_layers': 3, 'fusion_dim': 128, 'qubit_layers': 2, 'attn_heads': 4, 'lap_pe': 8, 'cost_bias_init': -6.0, 'hidden_dim': 142, 'num_conv_wo_resnet': 3, 'num_resnet_layers': 1, 'dropout': 0.0, 'bidirectional': True, 'mlp': [512, 256, 128], 'lr': 0.001, 'readout': 'meanmaxsum'}
2026-10-08 11:37:44,580  genstudy.io               INFO     Logging to evaluations/generalization_v5/results/v5_sinkhorn_s7/leave_one_family_out/run.log
2026-10-08 11:37:44,580  run_experiment            INFO     Command line: evaluations/generalization_v3/scripts/run_experiment.py lofo --model sinkhorn --balance-alpha 0 --lr 3e-4 --grad-clip 1.0 --seed 7 --families qaoa --groups vqe --loss mixed --val-mode random --results-dir evaluations/generalization_v5/results/v5_sinkhorn_s7
2026-10-08 11:37:44,580  gsv2.gpu                  WARNING  No CUDA device available — running on the CPU.
2026-10-08 11:37:44,688  gsv3.model                INFO     Hyper-parameters (/home/atudisco/pred-distr-tool/src/model/best_params.json + v3 defaults): {'device_hidden': 64, 'device_layers': 3, 'fusion_dim': 128, 'qubit_layers': 2, 'attn_heads': 4, 'lap_pe': 8, 'cost_bias_init': -6.0, 'hidden_dim': 142, 'num_conv_wo_resnet': 3, 'num_resnet_layers': 1, 'dropout': 0.0, 'bidirectional': True, 'mlp': [512, 256, 128], 'lr': 0.001, 'readout': 'meanmaxsum'}
2026-10-08 11:37:44,717  gsv3.devices              INFO     Device graphs: node features 13 (Laplacian PE 8), physical errors True
2026-10-08 11:37:44,717  gsv3.devices              INFO     Device graphs: node features 13 (Laplacian PE 8), physical errors True
2026-10-08 11:37:44,718  genstudy.data             INFO     Loading graph dataset: /home/atudisco/pred-distr-tool/evaluations/generalization_v3/data/graph_dataset_expected_fidelity.pt
2026-10-08 11:37:44,718  genstudy.data             INFO     Loading graph dataset: /home/atudisco/pred-distr-tool/evaluations/generalization_v3/data/graph_dataset_expected_fidelity.pt
2026-10-08 11:37:44,989  genstudy.io               INFO     Logging to evaluations/generalization_v5/results/v5_sinkhorn_s7/leave_one_family_out/run.log
2026-10-08 11:37:44,989  run_experiment            INFO     Command line: evaluations/generalization_v3/scripts/run_experiment.py lofo --model sinkhorn --balance-alpha 0 --lr 3e-4 --grad-clip 1.0 --seed 7 --families randomcircuit --groups vqe --loss mixed --val-mode random --results-dir evaluations/generalization_v5/results/v5_sinkhorn_s7
2026-10-08 11:37:44,989  gsv2.gpu                  WARNING  No CUDA device available — running on the CPU.
2026-10-08 11:37:44,990  gsv3.model                INFO     Hyper-parameters (/home/atudisco/pred-distr-tool/src/model/best_params.json + v3 defaults): {'device_hidden': 64, 'device_layers': 3, 'fusion_dim': 128, 'qubit_layers': 2, 'attn_heads': 4, 'lap_pe': 8, 'cost_bias_init': -6.0, 'hidden_dim': 142, 'num_conv_wo_resnet': 3, 'num_resnet_layers': 1, 'dropout': 0.0, 'bidirectional': True, 'mlp': [512, 256, 128], 'lr': 0.001, 'readout': 'meanmaxsum'}
2026-10-08 11:37:45,003  gsv3.devices              INFO     Device graphs: node features 13 (Laplacian PE 8), physical errors True
2026-10-08 11:37:45,004  genstudy.data             INFO     Loading graph dataset: /home/atudisco/pred-distr-tool/evaluations/generalization_v3/data/graph_dataset_expected_fidelity.pt
2026-10-08 11:37:49,387  genstudy.data             INFO     Loaded 17056 graphs
2026-10-08 11:37:49,387  genstudy.data             INFO     Loaded 17056 graphs
2026-10-08 11:37:49,389  genstudy.data             INFO     Loaded 17056 graphs
2026-10-08 11:37:49,417  genstudy.io               INFO     Wrote evaluations/generalization_v5/results/v5_sinkhorn_s7/leave_one_family_out/dataset_summary.json
2026-10-08 11:37:49,417  genstudy.io               INFO     Wrote evaluations/generalization_v5/results/v5_sinkhorn_s7/leave_one_family_out/dataset_summary.json
2026-10-08 11:37:49,418  genstudy.data             INFO     Holding out 1 families: qaoa
2026-10-08 11:37:49,418  genstudy.data             INFO     Holding out 1 families: qnn
2026-10-08 11:37:49,419  run_experiment            INFO     [1/1] qaoa
2026-10-08 11:37:49,420  run_experiment            INFO     [1/1] qnn
2026-10-08 11:37:49,421  gsv3.experiment           INFO     === family_holdout / qaoa ===
2026-10-08 11:37:49,421  gsv3.experiment           INFO     Leave-one-family-out: test = all 2706 'qaoa' circuits, train = 14350 circuits from 34 other families.
2026-10-08 11:37:49,422  gsv3.experiment           INFO     train=11480  val=2870 ({'mode': 'random'})  test=2706
2026-10-08 11:37:49,423  gsv3.experiment           INFO     === family_holdout / qnn ===
2026-10-08 11:37:49,423  gsv3.experiment           INFO     Leave-one-family-out: test = all 760 'qnn' circuits, train = 16296 circuits from 34 other families.
2026-10-08 11:37:49,424  gsv3.experiment           INFO     train=13037  val=3259 ({'mode': 'random'})  test=760
2026-10-08 11:37:49,520  genstudy.io               INFO     Wrote evaluations/generalization_v5/results/v5_sinkhorn_s7/leave_one_family_out/dataset_summary.json
2026-10-08 11:37:49,520  genstudy.data             INFO     Holding out 1 families: randomcircuit
2026-10-08 11:37:49,523  run_experiment            INFO     [1/1] randomcircuit
2026-10-08 11:37:49,525  gsv3.experiment           INFO     === family_holdout / randomcircuit ===
2026-10-08 11:37:49,525  gsv3.experiment           INFO     Leave-one-family-out: test = all 1234 'randomcircuit' circuits, train = 15822 circuits from 34 other families.
2026-10-08 11:37:49,526  gsv3.experiment           INFO     train=12658  val=3164 ({'mode': 'random'})  test=1234
2026-10-08 11:37:49,610  gsv3.training             INFO     [family_holdout:randomcircuit] model=sinkhorn (979423 params) train=12658 val=3164 lr=0.0003 clip=1.0 alpha=0.00
2026-10-08 11:37:49,709  gsv3.training             INFO     [family_holdout:qnn] model=sinkhorn (979423 params) train=13037 val=3259 lr=0.0003 clip=1.0 alpha=0.00
2026-10-08 11:37:49,815  gsv3.training             INFO     [family_holdout:qaoa] model=sinkhorn (979423 params) train=11480 val=2870 lr=0.0003 clip=1.0 alpha=0.00
2026-10-08 11:39:09,503  gsv3.training             INFO     [family_holdout:qaoa] epoch 0001  train_log_mse=0.14515  val_log_mse=0.21025  val_mse=0.002272  max_grad=214.07  patience=0/30
2026-10-08 11:39:20,921  gsv3.training             INFO     [family_holdout:randomcircuit] epoch 0001  train_log_mse=0.21761  val_log_mse=0.24784  val_mse=0.001636  max_grad=1722.53  patience=0/30
2026-10-08 11:39:30,833  gsv3.training             INFO     [family_holdout:qnn] epoch 0001  train_log_mse=0.14678  val_log_mse=0.21114  val_mse=0.001854  max_grad=217.22  patience=0/30
2026-10-08 11:40:29,473  gsv3.training             INFO     [family_holdout:qaoa] epoch 0002  train_log_mse=0.02144  val_log_mse=0.13200  val_mse=0.001741  max_grad=4.84  patience=0/30
2026-10-08 11:40:52,192  gsv3.training             INFO     [family_holdout:randomcircuit] epoch 0002  train_log_mse=0.02047  val_log_mse=0.16076  val_mse=0.001204  max_grad=18.19  patience=0/30
2026-10-08 11:41:11,745  gsv3.training             INFO     [family_holdout:qnn] epoch 0002  train_log_mse=0.02031  val_log_mse=0.13386  val_mse=0.001431  max_grad=11.72  patience=0/30
2026-10-08 11:41:49,455  gsv3.training             INFO     [family_holdout:qaoa] epoch 0003  train_log_mse=0.01435  val_log_mse=0.10236  val_mse=0.001755  max_grad=7.22  patience=1/30
2026-10-08 11:42:24,270  gsv3.training             INFO     [family_holdout:randomcircuit] epoch 0003  train_log_mse=0.01454  val_log_mse=0.24385  val_mse=0.001121  max_grad=13.67  patience=0/30
2026-10-08 11:42:47,266  gsv3.training             INFO     [family_holdout:qnn] epoch 0003  train_log_mse=0.01399  val_log_mse=0.13243  val_mse=0.002202  max_grad=4.16  patience=1/30
2026-10-08 11:43:01,519  gsv3.training             INFO     [family_holdout:qaoa] epoch 0004  train_log_mse=0.01213  val_log_mse=0.07031  val_mse=0.000939  max_grad=2.67  patience=0/30
2026-10-08 11:43:39,423  gsv3.training             INFO     [family_holdout:randomcircuit] epoch 0004  train_log_mse=0.01334  val_log_mse=0.10743  val_mse=0.001138  max_grad=8.06  patience=1/30
2026-10-08 11:44:05,893  gsv3.training             INFO     [family_holdout:qaoa] epoch 0005  train_log_mse=0.00966  val_log_mse=0.07274  val_mse=0.000967  max_grad=3.54  patience=1/30
2026-10-08 11:44:08,151  gsv3.training             INFO     [family_holdout:qnn] epoch 0004  train_log_mse=0.01134  val_log_mse=0.07938  val_mse=0.000924  max_grad=23.29  patience=0/30
2026-10-08 11:44:53,819  gsv3.training             INFO     [family_holdout:randomcircuit] epoch 0005  train_log_mse=0.01563  val_log_mse=0.09455  val_mse=0.000856  max_grad=73.64  patience=0/30
2026-10-08 11:45:10,147  gsv3.training             INFO     [family_holdout:qaoa] epoch 0006  train_log_mse=0.00896  val_log_mse=0.13928  val_mse=0.001327  max_grad=2.90  patience=2/30
2026-10-08 11:45:29,069  gsv3.training             INFO     [family_holdout:qnn] epoch 0005  train_log_mse=0.00798  val_log_mse=0.06567  val_mse=0.000821  max_grad=1.13  patience=0/30
2026-10-08 11:46:08,112  gsv3.training             INFO     [family_holdout:randomcircuit] epoch 0006  train_log_mse=0.01075  val_log_mse=0.07443  val_mse=0.001048  max_grad=10.26  patience=1/30
2026-10-08 11:46:14,513  gsv3.training             INFO     [family_holdout:qaoa] epoch 0007  train_log_mse=0.00992  val_log_mse=0.05806  val_mse=0.000812  max_grad=3.04  patience=0/30
2026-10-08 11:46:50,208  gsv3.training             INFO     [family_holdout:qnn] epoch 0006  train_log_mse=0.00785  val_log_mse=0.08389  val_mse=0.001081  max_grad=2.76  patience=1/30
2026-10-08 11:47:18,966  gsv3.training             INFO     [family_holdout:qaoa] epoch 0008  train_log_mse=0.00719  val_log_mse=0.08490  val_mse=0.001042  max_grad=1.84  patience=1/30
2026-10-08 11:47:22,024  gsv3.training             INFO     [family_holdout:randomcircuit] epoch 0007  train_log_mse=0.00762  val_log_mse=0.05688  val_mse=0.000869  max_grad=2.68  patience=2/30
2026-10-08 11:48:11,315  gsv3.training             INFO     [family_holdout:qnn] epoch 0007  train_log_mse=0.00778  val_log_mse=0.06186  val_mse=0.000831  max_grad=3.57  patience=2/30
2026-10-08 11:48:23,494  gsv3.training             INFO     [family_holdout:qaoa] epoch 0009  train_log_mse=0.00659  val_log_mse=0.05485  val_mse=0.000745  max_grad=2.48  patience=0/30
2026-10-08 11:48:35,972  gsv3.training             INFO     [family_holdout:randomcircuit] epoch 0008  train_log_mse=0.00594  val_log_mse=0.04529  val_mse=0.000708  max_grad=1.26  patience=0/30
2026-10-08 11:49:27,526  gsv3.training             INFO     [family_holdout:qaoa] epoch 0010  train_log_mse=0.00647  val_log_mse=0.05453  val_mse=0.000705  max_grad=2.72  patience=0/30
2026-10-08 11:49:32,048  gsv3.training             INFO     [family_holdout:qnn] epoch 0008  train_log_mse=0.01003  val_log_mse=0.07091  val_mse=0.000798  max_grad=3.37  patience=0/30
2026-10-08 11:49:50,170  gsv3.training             INFO     [family_holdout:randomcircuit] epoch 0009  train_log_mse=0.00586  val_log_mse=0.05540  val_mse=0.000614  max_grad=2.35  patience=0/30
2026-10-08 11:50:31,689  gsv3.training             INFO     [family_holdout:qaoa] epoch 0011  train_log_mse=0.00562  val_log_mse=0.06832  val_mse=0.000691  max_grad=6.59  patience=0/30
2026-10-08 11:50:53,076  gsv3.training             INFO     [family_holdout:qnn] epoch 0009  train_log_mse=0.00719  val_log_mse=0.10603  val_mse=0.000741  max_grad=2.28  patience=0/30
2026-10-08 11:51:05,028  gsv3.training             INFO     [family_holdout:randomcircuit] epoch 0010  train_log_mse=0.00609  val_log_mse=0.06246  val_mse=0.000641  max_grad=1.50  patience=1/30
2026-10-08 11:51:37,538  gsv3.training             INFO     [family_holdout:qaoa] epoch 0012  train_log_mse=0.00506  val_log_mse=0.04816  val_mse=0.000624  max_grad=0.73  patience=0/30
2026-10-08 11:52:17,623  gsv3.training             INFO     [family_holdout:qnn] epoch 0010  train_log_mse=0.00668  val_log_mse=0.08613  val_mse=0.000673  max_grad=6.42  patience=0/30
2026-10-08 11:52:22,250  gsv3.training             INFO     [family_holdout:randomcircuit] epoch 0011  train_log_mse=0.00681  val_log_mse=0.05392  val_mse=0.000637  max_grad=2.01  patience=2/30
2026-10-08 11:52:44,741  gsv3.training             INFO     [family_holdout:qaoa] epoch 0013  train_log_mse=0.00605  val_log_mse=0.05073  val_mse=0.000578  max_grad=1.25  patience=0/30
2026-10-08 11:53:39,319  gsv3.training             INFO     [family_holdout:randomcircuit] epoch 0012  train_log_mse=0.01069  val_log_mse=0.08597  val_mse=0.000621  max_grad=67.48  patience=3/30
2026-10-08 11:53:42,703  gsv3.training             INFO     [family_holdout:qnn] epoch 0011  train_log_mse=0.00816  val_log_mse=0.06215  val_mse=0.000745  max_grad=9.07  patience=1/30
2026-10-08 11:53:51,415  gsv3.training             INFO     [family_holdout:qaoa] epoch 0014  train_log_mse=0.00562  val_log_mse=0.04424  val_mse=0.000560  max_grad=0.82  patience=0/30
2026-10-08 11:54:53,184  gsv3.training             INFO     [family_holdout:randomcircuit] epoch 0013  train_log_mse=0.00726  val_log_mse=0.04640  val_mse=0.000572  max_grad=3.39  patience=0/30
2026-10-08 11:54:55,595  gsv3.training             INFO     [family_holdout:qaoa] epoch 0015  train_log_mse=0.00486  val_log_mse=0.06214  val_mse=0.000620  max_grad=0.71  patience=1/30
2026-10-08 11:55:04,566  gsv3.training             INFO     [family_holdout:qnn] epoch 0012  train_log_mse=0.00578  val_log_mse=0.07339  val_mse=0.000674  max_grad=2.08  patience=2/30
2026-10-08 11:56:00,234  gsv3.training             INFO     [family_holdout:qaoa] epoch 0016  train_log_mse=0.00676  val_log_mse=0.06161  val_mse=0.000623  max_grad=2.22  patience=2/30
2026-10-08 11:56:06,866  gsv3.training             INFO     [family_holdout:randomcircuit] epoch 0014  train_log_mse=0.00615  val_log_mse=0.10762  val_mse=0.001113  max_grad=5.08  patience=1/30
2026-10-08 11:56:26,390  gsv3.training             INFO     [family_holdout:qnn] epoch 0013  train_log_mse=0.00620  val_log_mse=0.07630  val_mse=0.000751  max_grad=1.56  patience=3/30
2026-10-08 11:57:04,325  gsv3.training             INFO     [family_holdout:qaoa] epoch 0017  train_log_mse=0.00552  val_log_mse=0.04749  val_mse=0.000563  max_grad=1.29  patience=3/30
2026-10-08 11:57:20,880  gsv3.training             INFO     [family_holdout:randomcircuit] epoch 0015  train_log_mse=0.00609  val_log_mse=0.04577  val_mse=0.000547  max_grad=2.81  patience=0/30
2026-10-08 11:57:48,097  gsv3.training             INFO     [family_holdout:qnn] epoch 0014  train_log_mse=0.00547  val_log_mse=0.05537  val_mse=0.001079  max_grad=0.71  patience=4/30
2026-10-08 11:58:08,647  gsv3.training             INFO     [family_holdout:qaoa] epoch 0018  train_log_mse=0.00513  val_log_mse=0.04009  val_mse=0.000489  max_grad=0.84  patience=0/30
2026-10-08 11:58:35,180  gsv3.training             INFO     [family_holdout:randomcircuit] epoch 0016  train_log_mse=0.01002  val_log_mse=0.05003  val_mse=0.000609  max_grad=16.12  patience=1/30
2026-10-08 11:59:09,763  gsv3.training             INFO     [family_holdout:qnn] epoch 0015  train_log_mse=0.00489  val_log_mse=0.10176  val_mse=0.000710  max_grad=0.97  patience=5/30
2026-10-08 11:59:13,097  gsv3.training             INFO     [family_holdout:qaoa] epoch 0019  train_log_mse=0.00494  val_log_mse=0.05009  val_mse=0.000485  max_grad=1.69  patience=0/30
2026-10-08 11:59:49,606  gsv3.training             INFO     [family_holdout:randomcircuit] epoch 0017  train_log_mse=0.00473  val_log_mse=0.04161  val_mse=0.000576  max_grad=0.62  patience=2/30
2026-10-08 12:00:17,869  gsv3.training             INFO     [family_holdout:qaoa] epoch 0020  train_log_mse=0.00420  val_log_mse=0.04277  val_mse=0.000485  max_grad=0.50  patience=0/30
2026-10-08 12:00:32,126  gsv3.training             INFO     [family_holdout:qnn] epoch 0016  train_log_mse=0.00652  val_log_mse=0.06199  val_mse=0.000586  max_grad=7.08  patience=0/30
2026-10-08 12:01:03,849  gsv3.training             INFO     [family_holdout:randomcircuit] epoch 0018  train_log_mse=0.00486  val_log_mse=0.14831  val_mse=0.000755  max_grad=9.74  patience=3/30
2026-10-08 12:01:23,350  gsv3.training             INFO     [family_holdout:qaoa] epoch 0021  train_log_mse=0.00424  val_log_mse=0.04272  val_mse=0.000536  max_grad=0.87  patience=1/30
2026-10-08 12:01:55,731  gsv3.training             INFO     [family_holdout:qnn] epoch 0017  train_log_mse=0.00475  val_log_mse=0.06966  val_mse=0.000556  max_grad=0.80  patience=0/30
2026-10-08 12:02:19,412  gsv3.training             INFO     [family_holdout:randomcircuit] epoch 0019  train_log_mse=0.00640  val_log_mse=0.08094  val_mse=0.000536  max_grad=1.88  patience=0/30
2026-10-08 12:02:29,069  gsv3.training             INFO     [family_holdout:qaoa] epoch 0022  train_log_mse=0.00401  val_log_mse=0.04362  val_mse=0.000479  max_grad=0.54  patience=0/30
2026-10-08 12:03:17,214  gsv3.training             INFO     [family_holdout:qnn] epoch 0018  train_log_mse=0.00452  val_log_mse=0.04884  val_mse=0.000528  max_grad=0.72  patience=0/30
2026-10-08 12:03:33,461  gsv3.training             INFO     [family_holdout:randomcircuit] epoch 0020  train_log_mse=0.00569  val_log_mse=0.04519  val_mse=0.000534  max_grad=7.56  patience=0/30
2026-10-08 12:03:33,767  gsv3.training             INFO     [family_holdout:qaoa] epoch 0023  train_log_mse=0.00408  val_log_mse=0.03912  val_mse=0.000431  max_grad=0.75  patience=0/30
2026-10-08 12:04:38,373  gsv3.training             INFO     [family_holdout:qaoa] epoch 0024  train_log_mse=0.00389  val_log_mse=0.04691  val_mse=0.000510  max_grad=0.48  patience=1/30
2026-10-08 12:04:38,661  gsv3.training             INFO     [family_holdout:qnn] epoch 0019  train_log_mse=0.00542  val_log_mse=0.04520  val_mse=0.000528  max_grad=0.94  patience=1/30
2026-10-08 12:04:47,281  gsv3.training             INFO     [family_holdout:randomcircuit] epoch 0021  train_log_mse=0.00441  val_log_mse=0.03817  val_mse=0.000467  max_grad=1.64  patience=0/30
2026-10-08 12:05:42,927  gsv3.training             INFO     [family_holdout:qaoa] epoch 0025  train_log_mse=0.00450  val_log_mse=0.06326  val_mse=0.000554  max_grad=0.88  patience=2/30
2026-10-08 12:06:00,314  gsv3.training             INFO     [family_holdout:qnn] epoch 0020  train_log_mse=0.00455  val_log_mse=0.06288  val_mse=0.000581  max_grad=0.64  patience=2/30
2026-10-08 12:06:00,859  gsv3.training             INFO     [family_holdout:randomcircuit] epoch 0022  train_log_mse=0.00385  val_log_mse=0.03400  val_mse=0.000431  max_grad=0.61  patience=0/30
2026-10-08 12:06:47,441  gsv3.training             INFO     [family_holdout:qaoa] epoch 0026  train_log_mse=0.00443  val_log_mse=0.03636  val_mse=0.000407  max_grad=2.09  patience=0/30
2026-10-08 12:07:14,921  gsv3.training             INFO     [family_holdout:randomcircuit] epoch 0023  train_log_mse=0.00396  val_log_mse=0.03951  val_mse=0.000484  max_grad=0.39  patience=1/30
2026-10-08 12:07:22,043  gsv3.training             INFO     [family_holdout:qnn] epoch 0021  train_log_mse=0.00427  val_log_mse=0.05150  val_mse=0.000525  max_grad=0.59  patience=0/30
2026-10-08 12:07:51,976  gsv3.training             INFO     [family_holdout:qaoa] epoch 0027  train_log_mse=0.00381  val_log_mse=0.04802  val_mse=0.000441  max_grad=0.60  patience=1/30
2026-10-08 12:08:28,942  gsv3.training             INFO     [family_holdout:randomcircuit] epoch 0024  train_log_mse=0.00568  val_log_mse=0.04911  val_mse=0.000469  max_grad=3.25  patience=2/30
2026-10-08 12:08:43,831  gsv3.training             INFO     [family_holdout:qnn] epoch 0022  train_log_mse=0.00591  val_log_mse=0.10226  val_mse=0.001084  max_grad=3.12  patience=1/30
2026-10-08 12:08:56,419  gsv3.training             INFO     [family_holdout:qaoa] epoch 0028  train_log_mse=0.00331  val_log_mse=0.04461  val_mse=0.000409  max_grad=0.59  patience=2/30
2026-10-08 12:09:42,874  gsv3.training             INFO     [family_holdout:randomcircuit] epoch 0025  train_log_mse=0.00465  val_log_mse=0.03735  val_mse=0.000462  max_grad=0.85  patience=3/30
2026-10-08 12:10:00,919  gsv3.training             INFO     [family_holdout:qaoa] epoch 0029  train_log_mse=0.00528  val_log_mse=0.04142  val_mse=0.000491  max_grad=1.08  patience=3/30
2026-10-08 12:10:05,537  gsv3.training             INFO     [family_holdout:qnn] epoch 0023  train_log_mse=0.00574  val_log_mse=0.05795  val_mse=0.000550  max_grad=1.97  patience=2/30
2026-10-08 12:10:57,118  gsv3.training             INFO     [family_holdout:randomcircuit] epoch 0026  train_log_mse=0.00384  val_log_mse=0.04453  val_mse=0.000428  max_grad=0.69  patience=0/30
2026-10-08 12:11:04,882  gsv3.training             INFO     [family_holdout:qaoa] epoch 0030  train_log_mse=0.00459  val_log_mse=0.04275  val_mse=0.000407  max_grad=1.98  patience=0/30
2026-10-08 12:11:27,096  gsv3.training             INFO     [family_holdout:qnn] epoch 0024  train_log_mse=0.00409  val_log_mse=0.06003  val_mse=0.000561  max_grad=0.47  patience=3/30
2026-10-08 12:12:09,114  gsv3.training             INFO     [family_holdout:qaoa] epoch 0031  train_log_mse=0.00313  val_log_mse=0.03950  val_mse=0.000394  max_grad=0.44  patience=0/30
2026-10-08 12:12:11,179  gsv3.training             INFO     [family_holdout:randomcircuit] epoch 0027  train_log_mse=0.00480  val_log_mse=0.04478  val_mse=0.000406  max_grad=6.20  patience=0/30
2026-10-08 12:12:48,496  gsv3.training             INFO     [family_holdout:qnn] epoch 0025  train_log_mse=0.00393  val_log_mse=0.04506  val_mse=0.000457  max_grad=0.88  patience=0/30
2026-10-08 12:13:13,329  gsv3.training             INFO     [family_holdout:qaoa] epoch 0032  train_log_mse=0.00333  val_log_mse=0.07113  val_mse=0.000567  max_grad=1.44  patience=1/30
2026-10-08 12:13:25,334  gsv3.training             INFO     [family_holdout:randomcircuit] epoch 0028  train_log_mse=0.00425  val_log_mse=0.06161  val_mse=0.000395  max_grad=0.57  patience=0/30
2026-10-08 12:14:09,716  gsv3.training             INFO     [family_holdout:qnn] epoch 0026  train_log_mse=0.00385  val_log_mse=0.06503  val_mse=0.000473  max_grad=0.53  patience=1/30
2026-10-08 12:14:17,623  gsv3.training             INFO     [family_holdout:qaoa] epoch 0033  train_log_mse=0.00430  val_log_mse=0.03923  val_mse=0.000392  max_grad=0.53  patience=0/30
2026-10-08 12:14:39,630  gsv3.training             INFO     [family_holdout:randomcircuit] epoch 0029  train_log_mse=0.00365  val_log_mse=0.03870  val_mse=0.000465  max_grad=0.43  patience=1/30
2026-10-08 12:15:21,875  gsv3.training             INFO     [family_holdout:qaoa] epoch 0034  train_log_mse=0.00320  val_log_mse=0.03871  val_mse=0.000424  max_grad=0.58  patience=1/30
2026-10-08 12:15:30,974  gsv3.training             INFO     [family_holdout:qnn] epoch 0027  train_log_mse=0.00383  val_log_mse=0.04696  val_mse=0.000446  max_grad=0.45  patience=0/30
2026-10-08 12:15:53,860  gsv3.training             INFO     [family_holdout:randomcircuit] epoch 0030  train_log_mse=0.00370  val_log_mse=0.03387  val_mse=0.000383  max_grad=0.35  patience=0/30
2026-10-08 12:16:26,033  gsv3.training             INFO     [family_holdout:qaoa] epoch 0035  train_log_mse=0.00334  val_log_mse=0.04112  val_mse=0.000419  max_grad=0.52  patience=2/30
2026-10-08 12:16:52,626  gsv3.training             INFO     [family_holdout:qnn] epoch 0028  train_log_mse=0.00439  val_log_mse=0.05611  val_mse=0.000535  max_grad=0.83  patience=1/30
2026-10-08 12:17:07,824  gsv3.training             INFO     [family_holdout:randomcircuit] epoch 0031  train_log_mse=0.00376  val_log_mse=0.03059  val_mse=0.000341  max_grad=0.91  patience=0/30
2026-10-08 12:17:30,278  gsv3.training             INFO     [family_holdout:qaoa] epoch 0036  train_log_mse=0.00309  val_log_mse=0.04088  val_mse=0.000412  max_grad=0.39  patience=3/30
2026-10-08 12:18:14,223  gsv3.training             INFO     [family_holdout:qnn] epoch 0029  train_log_mse=0.00402  val_log_mse=0.04768  val_mse=0.000554  max_grad=0.47  patience=2/30
2026-10-08 12:18:21,947  gsv3.training             INFO     [family_holdout:randomcircuit] epoch 0032  train_log_mse=0.00410  val_log_mse=0.07092  val_mse=0.000364  max_grad=4.45  patience=1/30
2026-10-08 12:18:34,581  gsv3.training             INFO     [family_holdout:qaoa] epoch 0037  train_log_mse=0.00359  val_log_mse=0.04060  val_mse=0.000421  max_grad=1.12  patience=4/30
2026-10-08 12:19:36,552  gsv3.training             INFO     [family_holdout:qnn] epoch 0030  train_log_mse=0.00352  val_log_mse=0.05004  val_mse=0.000503  max_grad=0.41  patience=3/30
2026-10-08 12:19:36,644  gsv3.training             INFO     [family_holdout:randomcircuit] epoch 0033  train_log_mse=0.00530  val_log_mse=0.03559  val_mse=0.000395  max_grad=41.75  patience=2/30
2026-10-08 12:19:39,649  gsv3.training             INFO     [family_holdout:qaoa] epoch 0038  train_log_mse=0.00311  val_log_mse=0.05167  val_mse=0.000477  max_grad=0.36  patience=5/30
2026-10-08 12:20:46,627  gsv3.training             INFO     [family_holdout:qaoa] epoch 0039  train_log_mse=0.00309  val_log_mse=0.03665  val_mse=0.000446  max_grad=0.45  patience=6/30
2026-10-08 12:20:53,816  gsv3.training             INFO     [family_holdout:randomcircuit] epoch 0034  train_log_mse=0.00350  val_log_mse=0.05133  val_mse=0.000370  max_grad=0.63  patience=3/30
2026-10-08 12:21:01,599  gsv3.training             INFO     [family_holdout:qnn] epoch 0031  train_log_mse=0.00422  val_log_mse=0.05958  val_mse=0.000535  max_grad=0.73  patience=4/30
2026-10-08 12:21:53,500  gsv3.training             INFO     [family_holdout:qaoa] epoch 0040  train_log_mse=0.00327  val_log_mse=0.05158  val_mse=0.000541  max_grad=0.57  patience=7/30
2026-10-08 12:22:10,775  gsv3.training             INFO     [family_holdout:randomcircuit] epoch 0035  train_log_mse=0.00306  val_log_mse=0.03266  val_mse=0.000349  max_grad=0.31  patience=4/30
2026-10-08 12:22:26,532  gsv3.training             INFO     [family_holdout:qnn] epoch 0032  train_log_mse=0.00399  val_log_mse=0.04256  val_mse=0.000439  max_grad=0.54  patience=0/30
2026-10-08 12:22:59,781  gsv3.training             INFO     [family_holdout:qaoa] epoch 0041  train_log_mse=0.00342  val_log_mse=0.03614  val_mse=0.000401  max_grad=0.52  patience=8/30
2026-10-08 12:23:26,031  gsv3.training             INFO     [family_holdout:randomcircuit] epoch 0036  train_log_mse=0.00308  val_log_mse=0.04024  val_mse=0.000312  max_grad=0.23  patience=0/30
2026-10-08 12:23:48,769  gsv3.training             INFO     [family_holdout:qnn] epoch 0033  train_log_mse=0.00349  val_log_mse=0.04549  val_mse=0.000445  max_grad=0.44  patience=1/30
2026-10-08 12:24:03,945  gsv3.training             INFO     [family_holdout:qaoa] epoch 0042  train_log_mse=0.00283  val_log_mse=0.03527  val_mse=0.000358  max_grad=0.31  patience=0/30
2026-10-08 12:24:39,787  gsv3.training             INFO     [family_holdout:randomcircuit] epoch 0037  train_log_mse=0.00313  val_log_mse=0.03497  val_mse=0.000376  max_grad=0.37  patience=1/30
2026-10-08 12:25:08,590  gsv3.training             INFO     [family_holdout:qaoa] epoch 0043  train_log_mse=0.00299  val_log_mse=0.04264  val_mse=0.000413  max_grad=0.36  patience=1/30
2026-10-08 12:25:10,101  gsv3.training             INFO     [family_holdout:qnn] epoch 0034  train_log_mse=0.00330  val_log_mse=0.05038  val_mse=0.000508  max_grad=0.35  patience=2/30
2026-10-08 12:25:53,325  gsv3.training             INFO     [family_holdout:randomcircuit] epoch 0038  train_log_mse=0.00340  val_log_mse=0.06509  val_mse=0.000332  max_grad=0.48  patience=2/30
2026-10-08 12:26:13,481  gsv3.training             INFO     [family_holdout:qaoa] epoch 0044  train_log_mse=0.00308  val_log_mse=0.03566  val_mse=0.000368  max_grad=0.57  patience=2/30
2026-10-08 12:26:31,418  gsv3.training             INFO     [family_holdout:qnn] epoch 0035  train_log_mse=0.00370  val_log_mse=0.05225  val_mse=0.000568  max_grad=0.53  patience=3/30
2026-10-08 12:27:06,905  gsv3.training             INFO     [family_holdout:randomcircuit] epoch 0039  train_log_mse=0.00420  val_log_mse=0.04444  val_mse=0.000325  max_grad=0.78  patience=3/30
2026-10-08 12:27:18,229  gsv3.training             INFO     [family_holdout:qaoa] epoch 0045  train_log_mse=0.00272  val_log_mse=0.03584  val_mse=0.000388  max_grad=0.28  patience=3/30
2026-10-08 12:27:52,762  gsv3.training             INFO     [family_holdout:qnn] epoch 0036  train_log_mse=0.00349  val_log_mse=0.04931  val_mse=0.000555  max_grad=0.36  patience=4/30
2026-10-08 12:28:20,297  gsv3.training             INFO     [family_holdout:randomcircuit] epoch 0040  train_log_mse=0.00448  val_log_mse=0.05831  val_mse=0.000409  max_grad=3.90  patience=4/30
2026-10-08 12:28:23,064  gsv3.training             INFO     [family_holdout:qaoa] epoch 0046  train_log_mse=0.00273  val_log_mse=0.04009  val_mse=0.000403  max_grad=0.38  patience=4/30
2026-10-08 12:29:14,959  gsv3.training             INFO     [family_holdout:qnn] epoch 0037  train_log_mse=0.00378  val_log_mse=0.05002  val_mse=0.000459  max_grad=0.46  patience=5/30
2026-10-08 12:29:28,276  gsv3.training             INFO     [family_holdout:qaoa] epoch 0047  train_log_mse=0.00291  val_log_mse=0.03726  val_mse=0.000389  max_grad=0.86  patience=5/30
2026-10-08 12:29:34,564  gsv3.training             INFO     [family_holdout:randomcircuit] epoch 0041  train_log_mse=0.00478  val_log_mse=0.03059  val_mse=0.000337  max_grad=2.31  patience=5/30
2026-10-08 12:30:32,734  gsv3.training             INFO     [family_holdout:qaoa] epoch 0048  train_log_mse=0.00363  val_log_mse=0.04664  val_mse=0.000410  max_grad=1.21  patience=6/30
2026-10-08 12:30:36,931  gsv3.training             INFO     [family_holdout:qnn] epoch 0038  train_log_mse=0.00365  val_log_mse=0.04530  val_mse=0.000532  max_grad=0.64  patience=6/30
2026-10-08 12:30:48,136  gsv3.training             INFO     [family_holdout:randomcircuit] epoch 0042  train_log_mse=0.00281  val_log_mse=0.03110  val_mse=0.000376  max_grad=0.18  patience=6/30
2026-10-08 12:31:37,442  gsv3.training             INFO     [family_holdout:qaoa] epoch 0049  train_log_mse=0.00334  val_log_mse=0.04210  val_mse=0.000395  max_grad=0.56  patience=7/30
2026-10-08 12:31:58,497  gsv3.training             INFO     [family_holdout:qnn] epoch 0039  train_log_mse=0.00423  val_log_mse=0.08897  val_mse=0.000525  max_grad=0.65  patience=7/30
2026-10-08 12:32:01,961  gsv3.training             INFO     [family_holdout:randomcircuit] epoch 0043  train_log_mse=0.00296  val_log_mse=0.03065  val_mse=0.000348  max_grad=0.46  patience=7/30
2026-10-08 12:32:44,148  gsv3.training             INFO     [family_holdout:qaoa] epoch 0050  train_log_mse=0.00254  val_log_mse=0.03400  val_mse=0.000380  max_grad=0.41  patience=8/30
2026-10-08 12:33:17,879  gsv3.training             INFO     [family_holdout:randomcircuit] epoch 0044  train_log_mse=0.00283  val_log_mse=0.02966  val_mse=0.000269  max_grad=0.28  patience=0/30
2026-10-08 12:33:22,326  gsv3.training             INFO     [family_holdout:qnn] epoch 0040  train_log_mse=0.00387  val_log_mse=0.05126  val_mse=0.000578  max_grad=0.60  patience=8/30
2026-10-08 12:33:49,479  gsv3.training             INFO     [family_holdout:qaoa] epoch 0051  train_log_mse=0.00250  val_log_mse=0.03786  val_mse=0.000410  max_grad=0.29  patience=9/30
2026-10-08 12:34:31,781  gsv3.training             INFO     [family_holdout:randomcircuit] epoch 0045  train_log_mse=0.00281  val_log_mse=0.03179  val_mse=0.000282  max_grad=0.28  patience=1/30
2026-10-08 12:34:44,159  gsv3.training             INFO     [family_holdout:qnn] epoch 0041  train_log_mse=0.00307  val_log_mse=0.04241  val_mse=0.000466  max_grad=0.42  patience=9/30
2026-10-08 12:34:54,366  gsv3.training             INFO     [family_holdout:qaoa] epoch 0052  train_log_mse=0.00251  val_log_mse=0.04198  val_mse=0.000421  max_grad=0.39  patience=10/30
2026-10-08 12:35:45,432  gsv3.training             INFO     [family_holdout:randomcircuit] epoch 0046  train_log_mse=0.00348  val_log_mse=0.03696  val_mse=0.000284  max_grad=0.55  patience=2/30
2026-10-08 12:35:59,270  gsv3.training             INFO     [family_holdout:qaoa] epoch 0053  train_log_mse=0.00286  val_log_mse=0.03622  val_mse=0.000371  max_grad=0.42  patience=11/30
2026-10-08 12:36:05,679  gsv3.training             INFO     [family_holdout:qnn] epoch 0042  train_log_mse=0.00316  val_log_mse=0.05578  val_mse=0.000446  max_grad=0.39  patience=10/30
2026-10-08 12:36:59,192  gsv3.training             INFO     [family_holdout:randomcircuit] epoch 0047  train_log_mse=0.00337  val_log_mse=0.03517  val_mse=0.000298  max_grad=0.43  patience=3/30
2026-10-08 12:37:04,275  gsv3.training             INFO     [family_holdout:qaoa] epoch 0054  train_log_mse=0.00280  val_log_mse=0.03476  val_mse=0.000391  max_grad=0.44  patience=12/30
2026-10-08 12:37:27,400  gsv3.training             INFO     [family_holdout:qnn] epoch 0043  train_log_mse=0.00327  val_log_mse=0.04890  val_mse=0.000446  max_grad=0.34  patience=11/30
2026-10-08 12:38:10,826  gsv3.training             INFO     [family_holdout:qaoa] epoch 0055  train_log_mse=0.00251  val_log_mse=0.03639  val_mse=0.000385  max_grad=0.43  patience=13/30
2026-10-08 12:38:14,964  gsv3.training             INFO     [family_holdout:randomcircuit] epoch 0048  train_log_mse=0.00294  val_log_mse=0.03133  val_mse=0.000296  max_grad=0.37  patience=4/30
2026-10-08 12:38:52,568  gsv3.training             INFO     [family_holdout:qnn] epoch 0044  train_log_mse=0.00308  val_log_mse=0.04232  val_mse=0.000459  max_grad=0.38  patience=12/30
2026-10-08 12:39:18,260  gsv3.training             INFO     [family_holdout:qaoa] epoch 0056  train_log_mse=0.00252  val_log_mse=0.08199  val_mse=0.000463  max_grad=0.50  patience=14/30
2026-10-08 12:39:31,861  gsv3.training             INFO     [family_holdout:randomcircuit] epoch 0049  train_log_mse=0.00284  val_log_mse=0.02886  val_mse=0.000264  max_grad=0.39  patience=0/30
2026-10-08 12:40:22,725  gsv3.training             INFO     [family_holdout:qnn] epoch 0045  train_log_mse=0.00350  val_log_mse=0.04488  val_mse=0.000442  max_grad=0.49  patience=13/30
2026-10-08 12:40:31,770  gsv3.training             INFO     [family_holdout:qaoa] epoch 0057  train_log_mse=0.00253  val_log_mse=0.03412  val_mse=0.000356  max_grad=0.36  patience=0/30
2026-10-08 12:40:54,043  gsv3.training             INFO     [family_holdout:randomcircuit] epoch 0050  train_log_mse=0.00265  val_log_mse=0.02922  val_mse=0.000310  max_grad=0.27  patience=1/30
2026-10-08 12:41:42,916  gsv3.training             INFO     [family_holdout:qaoa] epoch 0058  train_log_mse=0.00332  val_log_mse=0.04238  val_mse=0.000456  max_grad=1.06  patience=1/30
2026-10-08 12:41:54,367  gsv3.training             INFO     [family_holdout:qnn] epoch 0046  train_log_mse=0.00325  val_log_mse=0.04286  val_mse=0.000433  max_grad=0.38  patience=0/30
2026-10-08 12:42:21,181  gsv3.training             INFO     [family_holdout:randomcircuit] epoch 0051  train_log_mse=0.00378  val_log_mse=0.03204  val_mse=0.000269  max_grad=2.09  patience=2/30
2026-10-08 12:43:04,218  gsv3.training             INFO     [family_holdout:qaoa] epoch 0059  train_log_mse=0.00253  val_log_mse=0.04214  val_mse=0.000414  max_grad=0.50  patience=2/30
2026-10-08 12:43:37,176  gsv3.training             INFO     [family_holdout:qnn] epoch 0047  train_log_mse=0.00320  val_log_mse=0.04291  val_mse=0.000416  max_grad=0.39  patience=0/30
2026-10-08 12:43:55,307  gsv3.training             INFO     [family_holdout:randomcircuit] epoch 0052  train_log_mse=0.00287  val_log_mse=0.02897  val_mse=0.000281  max_grad=0.36  patience=3/30
2026-10-08 12:44:25,950  gsv3.training             INFO     [family_holdout:qaoa] epoch 0060  train_log_mse=0.00245  val_log_mse=0.03604  val_mse=0.000393  max_grad=0.42  patience=3/30
2026-10-08 12:45:20,120  gsv3.training             INFO     [family_holdout:qnn] epoch 0048  train_log_mse=0.00314  val_log_mse=0.04830  val_mse=0.000449  max_grad=0.37  patience=1/30
2026-10-08 12:45:29,677  gsv3.training             INFO     [family_holdout:randomcircuit] epoch 0053  train_log_mse=0.00275  val_log_mse=0.05016  val_mse=0.000272  max_grad=0.39  patience=4/30
2026-10-08 12:45:47,719  gsv3.training             INFO     [family_holdout:qaoa] epoch 0061  train_log_mse=0.00241  val_log_mse=0.03710  val_mse=0.000424  max_grad=0.29  patience=4/30
2026-10-08 12:47:02,939  gsv3.training             INFO     [family_holdout:randomcircuit] epoch 0054  train_log_mse=0.00270  val_log_mse=0.02903  val_mse=0.000302  max_grad=0.22  patience=5/30
2026-10-08 12:47:03,245  gsv3.training             INFO     [family_holdout:qnn] epoch 0049  train_log_mse=0.00307  val_log_mse=0.05473  val_mse=0.000465  max_grad=0.37  patience=2/30
2026-10-08 12:47:09,469  gsv3.training             INFO     [family_holdout:qaoa] epoch 0062  train_log_mse=0.00240  val_log_mse=0.03457  val_mse=0.000349  max_grad=0.24  patience=0/30
2026-10-08 12:48:31,408  gsv3.training             INFO     [family_holdout:qaoa] epoch 0063  train_log_mse=0.00248  val_log_mse=0.03574  val_mse=0.000368  max_grad=0.33  patience=1/30
2026-10-08 12:48:36,281  gsv3.training             INFO     [family_holdout:randomcircuit] epoch 0055  train_log_mse=0.00293  val_log_mse=0.03663  val_mse=0.000310  max_grad=0.39  patience=6/30
2026-10-08 12:48:46,897  gsv3.training             INFO     [family_holdout:qnn] epoch 0050  train_log_mse=0.00578  val_log_mse=0.14594  val_mse=0.000696  max_grad=2.17  patience=3/30
2026-10-08 12:49:53,435  gsv3.training             INFO     [family_holdout:qaoa] epoch 0064  train_log_mse=0.00234  val_log_mse=0.03918  val_mse=0.000414  max_grad=0.27  patience=2/30
2026-10-08 12:50:09,514  gsv3.training             INFO     [family_holdout:randomcircuit] epoch 0056  train_log_mse=0.00279  val_log_mse=0.04146  val_mse=0.000304  max_grad=2.23  patience=7/30
2026-10-08 12:50:30,694  gsv3.training             INFO     [family_holdout:qnn] epoch 0051  train_log_mse=0.00363  val_log_mse=0.04237  val_mse=0.000409  max_grad=0.57  patience=0/30
2026-10-08 12:51:15,559  gsv3.training             INFO     [family_holdout:qaoa] epoch 0065  train_log_mse=0.00260  val_log_mse=0.04064  val_mse=0.000386  max_grad=0.55  patience=3/30
2026-10-08 12:51:42,904  gsv3.training             INFO     [family_holdout:randomcircuit] epoch 0057  train_log_mse=0.00299  val_log_mse=0.04158  val_mse=0.000337  max_grad=0.78  patience=8/30
2026-10-08 12:52:14,425  gsv3.training             INFO     [family_holdout:qnn] epoch 0052  train_log_mse=0.00276  val_log_mse=0.04317  val_mse=0.000421  max_grad=0.28  patience=1/30
2026-10-08 12:52:37,639  gsv3.training             INFO     [family_holdout:qaoa] epoch 0066  train_log_mse=0.00236  val_log_mse=0.03409  val_mse=0.000372  max_grad=0.25  patience=4/30
2026-10-08 12:53:16,247  gsv3.training             INFO     [family_holdout:randomcircuit] epoch 0058  train_log_mse=0.00397  val_log_mse=0.03024  val_mse=0.000299  max_grad=1.32  patience=9/30
2026-10-08 12:53:58,331  gsv3.training             INFO     [family_holdout:qnn] epoch 0053  train_log_mse=0.00262  val_log_mse=0.04481  val_mse=0.000452  max_grad=0.23  patience=2/30
2026-10-08 12:53:59,271  gsv3.training             INFO     [family_holdout:qaoa] epoch 0067  train_log_mse=0.00219  val_log_mse=0.03546  val_mse=0.000331  max_grad=0.42  patience=0/30
2026-10-08 12:54:49,677  gsv3.training             INFO     [family_holdout:randomcircuit] epoch 0059  train_log_mse=0.00262  val_log_mse=0.02962  val_mse=0.000319  max_grad=0.27  patience=10/30
2026-10-08 12:55:21,263  gsv3.training             INFO     [family_holdout:qaoa] epoch 0068  train_log_mse=0.00236  val_log_mse=0.03750  val_mse=0.000360  max_grad=0.35  patience=1/30
2026-10-08 12:55:42,029  gsv3.training             INFO     [family_holdout:qnn] epoch 0054  train_log_mse=0.00262  val_log_mse=0.04137  val_mse=0.000396  max_grad=0.25  patience=0/30
2026-10-08 12:56:22,968  gsv3.training             INFO     [family_holdout:randomcircuit] epoch 0060  train_log_mse=0.00242  val_log_mse=0.02689  val_mse=0.000258  max_grad=0.24  patience=0/30
2026-10-08 12:56:43,353  gsv3.training             INFO     [family_holdout:qaoa] epoch 0069  train_log_mse=0.00240  val_log_mse=0.03448  val_mse=0.000342  max_grad=0.62  patience=2/30
2026-10-08 12:57:25,504  gsv3.training             INFO     [family_holdout:qnn] epoch 0055  train_log_mse=0.00279  val_log_mse=0.04277  val_mse=0.000441  max_grad=0.29  patience=1/30
2026-10-08 12:57:56,592  gsv3.training             INFO     [family_holdout:randomcircuit] epoch 0061  train_log_mse=0.00246  val_log_mse=0.03042  val_mse=0.000255  max_grad=0.15  patience=0/30
2026-10-08 12:58:05,053  gsv3.training             INFO     [family_holdout:qaoa] epoch 0070  train_log_mse=0.00214  val_log_mse=0.03526  val_mse=0.000362  max_grad=0.36  patience=3/30
2026-10-08 12:59:09,044  gsv3.training             INFO     [family_holdout:qnn] epoch 0056  train_log_mse=0.00289  val_log_mse=0.04204  val_mse=0.000400  max_grad=0.35  patience=2/30
2026-10-08 12:59:26,876  gsv3.training             INFO     [family_holdout:qaoa] epoch 0071  train_log_mse=0.00210  val_log_mse=0.03934  val_mse=0.000365  max_grad=0.27  patience=4/30
2026-10-08 12:59:30,041  gsv3.training             INFO     [family_holdout:randomcircuit] epoch 0062  train_log_mse=0.00248  val_log_mse=0.03051  val_mse=0.000287  max_grad=0.23  patience=1/30
2026-10-08 13:00:48,930  gsv3.training             INFO     [family_holdout:qaoa] epoch 0072  train_log_mse=0.00238  val_log_mse=0.05105  val_mse=0.000586  max_grad=0.33  patience=5/30
2026-10-08 13:00:52,590  gsv3.training             INFO     [family_holdout:qnn] epoch 0057  train_log_mse=0.00274  val_log_mse=0.04805  val_mse=0.000428  max_grad=0.43  patience=3/30
2026-10-08 13:01:03,458  gsv3.training             INFO     [family_holdout:randomcircuit] epoch 0063  train_log_mse=0.00259  val_log_mse=0.03331  val_mse=0.000304  max_grad=0.28  patience=2/30
2026-10-08 13:02:10,406  gsv3.training             INFO     [family_holdout:qaoa] epoch 0073  train_log_mse=0.00218  val_log_mse=0.03511  val_mse=0.000370  max_grad=0.23  patience=6/30
2026-10-08 13:02:36,177  gsv3.training             INFO     [family_holdout:qnn] epoch 0058  train_log_mse=0.00271  val_log_mse=0.04333  val_mse=0.000430  max_grad=0.38  patience=4/30
2026-10-08 13:02:37,106  gsv3.training             INFO     [family_holdout:randomcircuit] epoch 0064  train_log_mse=0.00245  val_log_mse=0.02999  val_mse=0.000268  max_grad=0.21  patience=3/30
2026-10-08 13:03:31,555  gsv3.training             INFO     [family_holdout:qaoa] epoch 0074  train_log_mse=0.00260  val_log_mse=0.05688  val_mse=0.000386  max_grad=0.35  patience=7/30
2026-10-08 13:04:10,636  gsv3.training             INFO     [family_holdout:randomcircuit] epoch 0065  train_log_mse=0.00246  val_log_mse=0.02909  val_mse=0.000266  max_grad=0.21  patience=4/30
2026-10-08 13:04:19,775  gsv3.training             INFO     [family_holdout:qnn] epoch 0059  train_log_mse=0.00281  val_log_mse=0.04971  val_mse=0.000403  max_grad=0.32  patience=5/30
2026-10-08 13:04:52,903  gsv3.training             INFO     [family_holdout:qaoa] epoch 0075  train_log_mse=0.00319  val_log_mse=0.05246  val_mse=0.000531  max_grad=1.49  patience=8/30
2026-10-08 13:05:44,270  gsv3.training             INFO     [family_holdout:randomcircuit] epoch 0066  train_log_mse=0.00254  val_log_mse=0.04474  val_mse=0.000277  max_grad=0.30  patience=5/30
2026-10-08 13:06:03,521  gsv3.training             INFO     [family_holdout:qnn] epoch 0060  train_log_mse=0.00322  val_log_mse=0.04214  val_mse=0.000398  max_grad=0.41  patience=6/30
2026-10-08 13:06:14,587  gsv3.training             INFO     [family_holdout:qaoa] epoch 0076  train_log_mse=0.00247  val_log_mse=0.03775  val_mse=0.000362  max_grad=0.43  patience=9/30
2026-10-08 13:07:17,939  gsv3.training             INFO     [family_holdout:randomcircuit] epoch 0067  train_log_mse=0.00342  val_log_mse=0.03405  val_mse=0.000262  max_grad=0.96  patience=6/30
2026-10-08 13:07:36,032  gsv3.training             INFO     [family_holdout:qaoa] epoch 0077  train_log_mse=0.00200  val_log_mse=0.03484  val_mse=0.000358  max_grad=0.21  patience=10/30
2026-10-08 13:07:47,151  gsv3.training             INFO     [family_holdout:qnn] epoch 0061  train_log_mse=0.00272  val_log_mse=0.04249  val_mse=0.000419  max_grad=0.27  patience=7/30
2026-10-08 13:08:51,638  gsv3.training             INFO     [family_holdout:randomcircuit] epoch 0068  train_log_mse=0.00243  val_log_mse=0.02770  val_mse=0.000242  max_grad=0.22  patience=0/30
2026-10-08 13:08:57,337  gsv3.training             INFO     [family_holdout:qaoa] epoch 0078  train_log_mse=0.00196  val_log_mse=0.03755  val_mse=0.000353  max_grad=0.19  patience=11/30
2026-10-08 13:09:30,892  gsv3.training             INFO     [family_holdout:qnn] epoch 0062  train_log_mse=0.00256  val_log_mse=0.04190  val_mse=0.000427  max_grad=0.37  patience=8/30
2026-10-08 13:10:18,605  gsv3.training             INFO     [family_holdout:qaoa] epoch 0079  train_log_mse=0.00200  val_log_mse=0.03652  val_mse=0.000350  max_grad=0.26  patience=12/30
2026-10-08 13:10:25,049  gsv3.training             INFO     [family_holdout:randomcircuit] epoch 0069  train_log_mse=0.00228  val_log_mse=0.02841  val_mse=0.000265  max_grad=0.17  patience=1/30
2026-10-08 13:11:14,424  gsv3.training             INFO     [family_holdout:qnn] epoch 0063  train_log_mse=0.00274  val_log_mse=0.04541  val_mse=0.000438  max_grad=0.48  patience=9/30
2026-10-08 13:11:39,887  gsv3.training             INFO     [family_holdout:qaoa] epoch 0080  train_log_mse=0.00259  val_log_mse=0.04051  val_mse=0.000359  max_grad=4.46  patience=13/30
2026-10-08 13:11:58,636  gsv3.training             INFO     [family_holdout:randomcircuit] epoch 0070  train_log_mse=0.00254  val_log_mse=0.02868  val_mse=0.000266  max_grad=0.46  patience=2/30
2026-10-08 13:12:57,862  gsv3.training             INFO     [family_holdout:qnn] epoch 0064  train_log_mse=0.00283  val_log_mse=0.04340  val_mse=0.000397  max_grad=0.45  patience=10/30
2026-10-08 13:13:01,151  gsv3.training             INFO     [family_holdout:qaoa] epoch 0081  train_log_mse=0.00260  val_log_mse=0.03751  val_mse=0.000376  max_grad=0.44  patience=14/30
2026-10-08 13:13:32,081  gsv3.training             INFO     [family_holdout:randomcircuit] epoch 0071  train_log_mse=0.00238  val_log_mse=0.03102  val_mse=0.000263  max_grad=0.22  patience=3/30
2026-10-08 13:14:22,931  gsv3.training             INFO     [family_holdout:qaoa] epoch 0082  train_log_mse=0.00218  val_log_mse=0.03541  val_mse=0.000359  max_grad=0.27  patience=15/30
2026-10-08 13:14:41,423  gsv3.training             INFO     [family_holdout:qnn] epoch 0065  train_log_mse=0.00261  val_log_mse=0.04650  val_mse=0.000508  max_grad=0.26  patience=11/30
2026-10-08 13:15:05,647  gsv3.training             INFO     [family_holdout:randomcircuit] epoch 0072  train_log_mse=0.00232  val_log_mse=0.02877  val_mse=0.000239  max_grad=0.17  patience=0/30
2026-10-08 13:15:44,446  gsv3.training             INFO     [family_holdout:qaoa] epoch 0083  train_log_mse=0.00189  val_log_mse=0.03586  val_mse=0.000345  max_grad=0.25  patience=16/30
2026-10-08 13:16:24,833  gsv3.training             INFO     [family_holdout:qnn] epoch 0066  train_log_mse=0.00264  val_log_mse=0.04342  val_mse=0.000402  max_grad=0.26  patience=12/30
2026-10-08 13:16:39,328  gsv3.training             INFO     [family_holdout:randomcircuit] epoch 0073  train_log_mse=0.00247  val_log_mse=0.03045  val_mse=0.000247  max_grad=0.28  patience=1/30
2026-10-08 13:17:06,204  gsv3.training             INFO     [family_holdout:qaoa] epoch 0084  train_log_mse=0.00190  val_log_mse=0.03745  val_mse=0.000340  max_grad=0.20  patience=17/30
2026-10-08 13:18:08,439  gsv3.training             INFO     [family_holdout:qnn] epoch 0067  train_log_mse=0.00263  val_log_mse=0.04369  val_mse=0.000456  max_grad=0.26  patience=13/30
2026-10-08 13:18:12,834  gsv3.training             INFO     [family_holdout:randomcircuit] epoch 0074  train_log_mse=0.00240  val_log_mse=0.02823  val_mse=0.000245  max_grad=0.18  patience=2/30
2026-10-08 13:18:27,420  gsv3.training             INFO     [family_holdout:qaoa] epoch 0085  train_log_mse=0.00196  val_log_mse=0.03558  val_mse=0.000338  max_grad=0.26  patience=18/30
2026-10-08 13:19:46,452  gsv3.training             INFO     [family_holdout:randomcircuit] epoch 0075  train_log_mse=0.00234  val_log_mse=0.02881  val_mse=0.000263  max_grad=0.21  patience=3/30
2026-10-08 13:19:49,034  gsv3.training             INFO     [family_holdout:qaoa] epoch 0086  train_log_mse=0.00223  val_log_mse=0.03574  val_mse=0.000352  max_grad=0.37  patience=19/30
2026-10-08 13:19:51,529  gsv3.training             INFO     [family_holdout:qnn] epoch 0068  train_log_mse=0.00265  val_log_mse=0.04336  val_mse=0.000417  max_grad=0.23  patience=14/30
2026-10-08 13:21:11,060  gsv3.training             INFO     [family_holdout:qaoa] epoch 0087  train_log_mse=0.00249  val_log_mse=0.03573  val_mse=0.000350  max_grad=0.52  patience=20/30
2026-10-08 13:21:19,965  gsv3.training             INFO     [family_holdout:randomcircuit] epoch 0076  train_log_mse=0.00232  val_log_mse=0.03001  val_mse=0.000290  max_grad=0.18  patience=4/30
2026-10-08 13:21:34,416  gsv3.training             INFO     [family_holdout:qnn] epoch 0069  train_log_mse=0.00255  val_log_mse=0.04128  val_mse=0.000422  max_grad=0.26  patience=15/30
2026-10-08 13:22:32,858  gsv3.training             INFO     [family_holdout:qaoa] epoch 0088  train_log_mse=0.00184  val_log_mse=0.03555  val_mse=0.000374  max_grad=0.22  patience=21/30
2026-10-08 13:22:50,198  gsv3.training             INFO     [family_holdout:randomcircuit] epoch 0077  train_log_mse=0.00245  val_log_mse=0.02837  val_mse=0.000267  max_grad=0.41  patience=5/30
2026-10-08 13:23:09,032  gsv3.training             INFO     [family_holdout:qnn] epoch 0070  train_log_mse=0.00273  val_log_mse=0.04314  val_mse=0.000417  max_grad=0.41  patience=16/30
2026-10-08 13:23:38,327  gsv3.training             INFO     [family_holdout:qaoa] epoch 0089  train_log_mse=0.00181  val_log_mse=0.03535  val_mse=0.000351  max_grad=0.18  patience=22/30
2026-10-08 13:24:04,046  gsv3.training             INFO     [family_holdout:randomcircuit] epoch 0078  train_log_mse=0.00233  val_log_mse=0.02810  val_mse=0.000248  max_grad=0.25  patience=6/30
2026-10-08 13:24:30,230  gsv3.training             INFO     [family_holdout:qnn] epoch 0071  train_log_mse=0.00270  val_log_mse=0.04170  val_mse=0.000400  max_grad=0.45  patience=17/30
2026-10-08 13:24:42,541  gsv3.training             INFO     [family_holdout:qaoa] epoch 0090  train_log_mse=0.00188  val_log_mse=0.03648  val_mse=0.000371  max_grad=0.21  patience=23/30
2026-10-08 13:25:17,871  gsv3.training             INFO     [family_holdout:randomcircuit] epoch 0079  train_log_mse=0.00227  val_log_mse=0.02897  val_mse=0.000240  max_grad=0.16  patience=7/30
2026-10-08 13:25:46,791  gsv3.training             INFO     [family_holdout:qaoa] epoch 0091  train_log_mse=0.00190  val_log_mse=0.04221  val_mse=0.000365  max_grad=0.21  patience=24/30
2026-10-08 13:25:51,017  gsv3.training             INFO     [family_holdout:qnn] epoch 0072  train_log_mse=0.00255  val_log_mse=0.04488  val_mse=0.000390  max_grad=0.29  patience=0/30
2026-10-08 13:26:31,803  gsv3.training             INFO     [family_holdout:randomcircuit] epoch 0080  train_log_mse=0.00234  val_log_mse=0.03804  val_mse=0.000263  max_grad=0.25  patience=8/30
2026-10-08 13:26:51,081  gsv3.training             INFO     [family_holdout:qaoa] epoch 0092  train_log_mse=0.00204  val_log_mse=0.03555  val_mse=0.000350  max_grad=0.48  patience=25/30
2026-10-08 13:27:11,440  gsv3.training             INFO     [family_holdout:qnn] epoch 0073  train_log_mse=0.00256  val_log_mse=0.04365  val_mse=0.000394  max_grad=0.38  patience=1/30
2026-10-08 13:27:46,927  gsv3.training             INFO     [family_holdout:randomcircuit] epoch 0081  train_log_mse=0.00820  val_log_mse=0.03678  val_mse=0.000307  max_grad=17.75  patience=9/30
2026-10-08 13:27:55,421  gsv3.training             INFO     [family_holdout:qaoa] epoch 0093  train_log_mse=0.00195  val_log_mse=0.05010  val_mse=0.000366  max_grad=0.41  patience=26/30
2026-10-08 13:28:31,640  gsv3.training             INFO     [family_holdout:qnn] epoch 0074  train_log_mse=0.00249  val_log_mse=0.04539  val_mse=0.000386  max_grad=0.26  patience=0/30
2026-10-08 13:28:59,687  gsv3.training             INFO     [family_holdout:qaoa] epoch 0094  train_log_mse=0.00191  val_log_mse=0.03816  val_mse=0.000393  max_grad=0.34  patience=27/30
2026-10-08 13:29:02,673  gsv3.training             INFO     [family_holdout:randomcircuit] epoch 0082  train_log_mse=0.00258  val_log_mse=0.02802  val_mse=0.000244  max_grad=0.22  patience=10/30
2026-10-08 13:29:51,846  gsv3.training             INFO     [family_holdout:qnn] epoch 0075  train_log_mse=0.00249  val_log_mse=0.04184  val_mse=0.000410  max_grad=0.32  patience=1/30
2026-10-08 13:30:03,881  gsv3.training             INFO     [family_holdout:qaoa] epoch 0095  train_log_mse=0.00186  val_log_mse=0.03513  val_mse=0.000331  max_grad=0.18  patience=28/30
2026-10-08 13:30:18,436  gsv3.training             INFO     [family_holdout:randomcircuit] epoch 0083  train_log_mse=0.00223  val_log_mse=0.02763  val_mse=0.000244  max_grad=0.19  patience=11/30
2026-10-08 13:31:08,116  gsv3.training             INFO     [family_holdout:qaoa] epoch 0096  train_log_mse=0.00193  val_log_mse=0.03703  val_mse=0.000367  max_grad=0.26  patience=29/30
2026-10-08 13:31:12,014  gsv3.training             INFO     [family_holdout:qnn] epoch 0076  train_log_mse=0.00240  val_log_mse=0.04499  val_mse=0.000473  max_grad=0.23  patience=2/30
2026-10-08 13:31:34,256  gsv3.training             INFO     [family_holdout:randomcircuit] epoch 0084  train_log_mse=0.00213  val_log_mse=0.03162  val_mse=0.000251  max_grad=0.26  patience=12/30
2026-10-08 13:32:12,547  gsv3.training             INFO     [family_holdout:qaoa] epoch 0097  train_log_mse=0.00175  val_log_mse=0.03658  val_mse=0.000373  max_grad=0.27  patience=30/30
2026-10-08 13:32:20,228  gsv3.experiment           INFO     [qaoa] TEST  n=2706  MAE=0.1375  R2=0.6844  device-acc=0.229  regret=0.0173
2026-10-08 13:32:20,231  genstudy.io               INFO     Wrote evaluations/generalization_v5/results/v5_sinkhorn_s7/leave_one_family_out/qaoa/metrics.json
2026-10-08 13:32:20,244  genstudy.io               INFO     Wrote evaluations/generalization_v5/results/v5_sinkhorn_s7/leave_one_family_out/qaoa/predictions.json
2026-10-08 13:32:20,255  genstudy.io               INFO     Wrote evaluations/generalization_v5/results/v5_sinkhorn_s7/leave_one_family_out/qaoa/history.json
2026-10-08 13:32:20,274  genstudy.io               INFO     Wrote evaluations/generalization_v5/results/v5_sinkhorn_s7/leave_one_family_out/folds.json
2026-10-08 13:32:20,280  genstudy.experiment       INFO     Merged held-out predictions for 2706 circuits
2026-10-08 13:32:20,289  genstudy.io               INFO     Wrote evaluations/generalization_v5/results/v5_sinkhorn_s7/leave_one_family_out/heldout_predictions.json
2026-10-08 13:32:20,289  run_experiment            INFO     leave_one_family_out finished: 1 complete, 0 skipped
2026-10-08 13:32:31,611  gsv3.training             INFO     [family_holdout:qnn] epoch 0077  train_log_mse=0.00254  val_log_mse=0.05231  val_mse=0.000389  max_grad=0.30  patience=3/30
2026-10-08 13:32:47,721  gsv3.training             INFO     [family_holdout:randomcircuit] epoch 0085  train_log_mse=0.00224  val_log_mse=0.03027  val_mse=0.000235  max_grad=0.18  patience=0/30
2026-10-08 13:33:47,423  gsv3.training             INFO     [family_holdout:qnn] epoch 0078  train_log_mse=0.00250  val_log_mse=0.05645  val_mse=0.000417  max_grad=0.30  patience=4/30
2026-10-08 13:33:58,468  gsv3.training             INFO     [family_holdout:randomcircuit] epoch 0086  train_log_mse=0.00217  val_log_mse=0.03021  val_mse=0.000301  max_grad=0.16  patience=1/30
2026-10-08 13:35:03,208  gsv3.training             INFO     [family_holdout:qnn] epoch 0079  train_log_mse=0.00238  val_log_mse=0.04356  val_mse=0.000416  max_grad=0.27  patience=5/30
2026-10-08 13:35:08,933  gsv3.training             INFO     [family_holdout:randomcircuit] epoch 0087  train_log_mse=0.00224  val_log_mse=0.02793  val_mse=0.000226  max_grad=0.21  patience=0/30
2026-10-08 13:36:18,548  gsv3.training             INFO     [family_holdout:qnn] epoch 0080  train_log_mse=0.00236  val_log_mse=0.04139  val_mse=0.000398  max_grad=0.22  patience=6/30
2026-10-08 13:36:19,440  gsv3.training             INFO     [family_holdout:randomcircuit] epoch 0088  train_log_mse=0.00223  val_log_mse=0.02974  val_mse=0.000266  max_grad=0.22  patience=1/30
2026-10-08 13:37:29,648  gsv3.training             INFO     [family_holdout:randomcircuit] epoch 0089  train_log_mse=0.00244  val_log_mse=0.02892  val_mse=0.000233  max_grad=0.30  patience=2/30
2026-10-08 13:37:34,039  gsv3.training             INFO     [family_holdout:qnn] epoch 0081  train_log_mse=0.00237  val_log_mse=0.04235  val_mse=0.000390  max_grad=0.24  patience=7/30
2026-10-08 13:38:39,588  gsv3.training             INFO     [family_holdout:randomcircuit] epoch 0090  train_log_mse=0.00217  val_log_mse=0.02839  val_mse=0.000241  max_grad=0.20  patience=3/30
2026-10-08 13:38:49,612  gsv3.training             INFO     [family_holdout:qnn] epoch 0082  train_log_mse=0.00233  val_log_mse=0.04772  val_mse=0.000378  max_grad=0.31  patience=0/30
2026-10-08 13:39:49,210  gsv3.training             INFO     [family_holdout:randomcircuit] epoch 0091  train_log_mse=0.00216  val_log_mse=0.03119  val_mse=0.000243  max_grad=0.19  patience=4/30
2026-10-08 13:40:05,221  gsv3.training             INFO     [family_holdout:qnn] epoch 0083  train_log_mse=0.00231  val_log_mse=0.04606  val_mse=0.000432  max_grad=0.22  patience=1/30
2026-10-08 13:40:58,751  gsv3.training             INFO     [family_holdout:randomcircuit] epoch 0092  train_log_mse=0.00225  val_log_mse=0.02932  val_mse=0.000253  max_grad=0.24  patience=5/30
2026-10-08 13:41:20,881  gsv3.training             INFO     [family_holdout:qnn] epoch 0084  train_log_mse=0.00237  val_log_mse=0.04687  val_mse=0.000393  max_grad=0.22  patience=2/30
2026-10-08 13:42:08,300  gsv3.training             INFO     [family_holdout:randomcircuit] epoch 0093  train_log_mse=0.00225  val_log_mse=0.02890  val_mse=0.000255  max_grad=0.28  patience=6/30
2026-10-08 13:42:36,576  gsv3.training             INFO     [family_holdout:qnn] epoch 0085  train_log_mse=0.00234  val_log_mse=0.04248  val_mse=0.000438  max_grad=0.37  patience=3/30
2026-10-08 13:43:17,907  gsv3.training             INFO     [family_holdout:randomcircuit] epoch 0094  train_log_mse=0.00229  val_log_mse=0.02850  val_mse=0.000232  max_grad=0.28  patience=7/30
2026-10-08 13:43:52,003  gsv3.training             INFO     [family_holdout:qnn] epoch 0086  train_log_mse=0.00233  val_log_mse=0.04158  val_mse=0.000387  max_grad=0.32  patience=4/30
2026-10-08 13:44:27,404  gsv3.training             INFO     [family_holdout:randomcircuit] epoch 0095  train_log_mse=0.00212  val_log_mse=0.02777  val_mse=0.000222  max_grad=0.16  patience=0/30
2026-10-08 13:45:07,684  gsv3.training             INFO     [family_holdout:qnn] epoch 0087  train_log_mse=0.00232  val_log_mse=0.04492  val_mse=0.000414  max_grad=0.27  patience=5/30
2026-10-08 13:45:37,434  gsv3.training             INFO     [family_holdout:randomcircuit] epoch 0096  train_log_mse=0.00380  val_log_mse=0.10611  val_mse=0.000292  max_grad=1.26  patience=1/30
2026-10-08 13:46:23,120  gsv3.training             INFO     [family_holdout:qnn] epoch 0088  train_log_mse=0.00243  val_log_mse=0.04258  val_mse=0.000456  max_grad=0.31  patience=6/30
2026-10-08 13:46:51,000  gsv3.training             INFO     [family_holdout:randomcircuit] epoch 0097  train_log_mse=0.00636  val_log_mse=0.03027  val_mse=0.000269  max_grad=14.55  patience=2/30
2026-10-08 13:47:38,225  gsv3.training             INFO     [family_holdout:qnn] epoch 0089  train_log_mse=0.00218  val_log_mse=0.04173  val_mse=0.000372  max_grad=0.20  patience=0/30
2026-10-08 13:48:03,399  gsv3.training             INFO     [family_holdout:randomcircuit] epoch 0098  train_log_mse=0.00220  val_log_mse=0.02761  val_mse=0.000227  max_grad=0.28  patience=3/30
2026-10-08 13:48:53,683  gsv3.training             INFO     [family_holdout:qnn] epoch 0090  train_log_mse=0.00230  val_log_mse=0.04017  val_mse=0.000370  max_grad=0.24  patience=0/30
2026-10-08 13:49:15,198  gsv3.training             INFO     [family_holdout:randomcircuit] epoch 0099  train_log_mse=0.00216  val_log_mse=0.03099  val_mse=0.000271  max_grad=0.55  patience=4/30
2026-10-08 13:50:09,226  gsv3.training             INFO     [family_holdout:qnn] epoch 0091  train_log_mse=0.00238  val_log_mse=0.04287  val_mse=0.000388  max_grad=0.34  patience=1/30
2026-10-08 13:50:27,066  gsv3.training             INFO     [family_holdout:randomcircuit] epoch 0100  train_log_mse=0.00234  val_log_mse=0.02940  val_mse=0.000236  max_grad=0.34  patience=5/30
2026-10-08 13:51:24,919  gsv3.training             INFO     [family_holdout:qnn] epoch 0092  train_log_mse=0.00218  val_log_mse=0.04179  val_mse=0.000391  max_grad=0.26  patience=2/30
2026-10-08 13:51:38,674  gsv3.training             INFO     [family_holdout:randomcircuit] epoch 0101  train_log_mse=0.00213  val_log_mse=0.02769  val_mse=0.000237  max_grad=0.21  patience=6/30
2026-10-08 13:52:42,232  gsv3.training             INFO     [family_holdout:qnn] epoch 0093  train_log_mse=0.00227  val_log_mse=0.04253  val_mse=0.000420  max_grad=0.24  patience=3/30
2026-10-08 13:52:53,345  gsv3.training             INFO     [family_holdout:randomcircuit] epoch 0102  train_log_mse=0.00203  val_log_mse=0.02752  val_mse=0.000242  max_grad=0.16  patience=7/30
2026-10-08 13:54:06,764  gsv3.training             INFO     [family_holdout:qnn] epoch 0094  train_log_mse=0.00219  val_log_mse=0.04436  val_mse=0.000437  max_grad=0.20  patience=4/30
2026-10-08 13:54:13,840  gsv3.training             INFO     [family_holdout:randomcircuit] epoch 0103  train_log_mse=0.00212  val_log_mse=0.02723  val_mse=0.000243  max_grad=0.16  patience=8/30
2026-10-08 13:55:32,101  gsv3.training             INFO     [family_holdout:qnn] epoch 0095  train_log_mse=0.00221  val_log_mse=0.04450  val_mse=0.000405  max_grad=0.24  patience=5/30
2026-10-08 13:55:34,637  gsv3.training             INFO     [family_holdout:randomcircuit] epoch 0104  train_log_mse=0.00208  val_log_mse=0.02978  val_mse=0.000249  max_grad=0.24  patience=9/30
2026-10-08 13:57:01,420  gsv3.training             INFO     [family_holdout:randomcircuit] epoch 0105  train_log_mse=0.00216  val_log_mse=0.03697  val_mse=0.000292  max_grad=0.31  patience=10/30
2026-10-08 13:57:04,626  gsv3.training             INFO     [family_holdout:qnn] epoch 0096  train_log_mse=0.00218  val_log_mse=0.04492  val_mse=0.000439  max_grad=0.20  patience=6/30
2026-10-08 13:58:28,767  gsv3.training             INFO     [family_holdout:randomcircuit] epoch 0106  train_log_mse=0.00226  val_log_mse=0.02772  val_mse=0.000239  max_grad=0.22  patience=11/30
2026-10-08 13:58:38,505  gsv3.training             INFO     [family_holdout:qnn] epoch 0097  train_log_mse=0.00216  val_log_mse=0.04414  val_mse=0.000398  max_grad=0.24  patience=7/30
2026-10-08 13:59:59,695  gsv3.training             INFO     [family_holdout:randomcircuit] epoch 0107  train_log_mse=0.00203  val_log_mse=0.02853  val_mse=0.000238  max_grad=0.14  patience=12/30
2026-10-08 14:00:15,418  gsv3.training             INFO     [family_holdout:qnn] epoch 0098  train_log_mse=0.00213  val_log_mse=0.04456  val_mse=0.000386  max_grad=0.27  patience=8/30
2026-10-08 14:01:31,266  gsv3.training             INFO     [family_holdout:randomcircuit] epoch 0108  train_log_mse=0.00212  val_log_mse=0.02737  val_mse=0.000233  max_grad=0.18  patience=13/30
2026-10-08 14:01:54,056  gsv3.training             INFO     [family_holdout:qnn] epoch 0099  train_log_mse=0.00218  val_log_mse=0.04384  val_mse=0.000377  max_grad=0.23  patience=9/30
2026-10-08 14:03:02,820  gsv3.training             INFO     [family_holdout:randomcircuit] epoch 0109  train_log_mse=0.00208  val_log_mse=0.02810  val_mse=0.000250  max_grad=0.17  patience=14/30
2026-10-08 14:03:32,885  gsv3.training             INFO     [family_holdout:qnn] epoch 0100  train_log_mse=0.00213  val_log_mse=0.04287  val_mse=0.000456  max_grad=0.22  patience=10/30
2026-10-08 14:04:34,079  gsv3.training             INFO     [family_holdout:randomcircuit] epoch 0110  train_log_mse=0.00208  val_log_mse=0.02996  val_mse=0.000237  max_grad=0.14  patience=15/30
2026-10-08 14:05:11,899  gsv3.training             INFO     [family_holdout:qnn] epoch 0101  train_log_mse=0.00347  val_log_mse=0.05175  val_mse=0.000487  max_grad=3.15  patience=11/30
2026-10-08 14:06:06,108  gsv3.training             INFO     [family_holdout:randomcircuit] epoch 0111  train_log_mse=0.00202  val_log_mse=0.02996  val_mse=0.000243  max_grad=0.15  patience=16/30
2026-10-08 14:06:50,998  gsv3.training             INFO     [family_holdout:qnn] epoch 0102  train_log_mse=0.00238  val_log_mse=0.04314  val_mse=0.000413  max_grad=0.27  patience=12/30
2026-10-08 14:07:37,057  gsv3.training             INFO     [family_holdout:randomcircuit] epoch 0112  train_log_mse=0.00210  val_log_mse=0.02856  val_mse=0.000226  max_grad=0.16  patience=17/30
2026-10-08 14:08:29,585  gsv3.training             INFO     [family_holdout:qnn] epoch 0103  train_log_mse=0.00196  val_log_mse=0.04197  val_mse=0.000380  max_grad=0.19  patience=13/30
2026-10-08 14:09:08,923  gsv3.training             INFO     [family_holdout:randomcircuit] epoch 0113  train_log_mse=0.00203  val_log_mse=0.02924  val_mse=0.000266  max_grad=0.13  patience=18/30
2026-10-08 14:10:08,682  gsv3.training             INFO     [family_holdout:qnn] epoch 0104  train_log_mse=0.00209  val_log_mse=0.04816  val_mse=0.000418  max_grad=0.27  patience=14/30
2026-10-08 14:10:40,410  gsv3.training             INFO     [family_holdout:randomcircuit] epoch 0114  train_log_mse=0.00216  val_log_mse=0.02973  val_mse=0.000273  max_grad=0.24  patience=19/30
2026-10-08 14:11:47,776  gsv3.training             INFO     [family_holdout:qnn] epoch 0105  train_log_mse=0.00204  val_log_mse=0.04361  val_mse=0.000411  max_grad=0.24  patience=15/30
2026-10-08 14:12:11,803  gsv3.training             INFO     [family_holdout:randomcircuit] epoch 0115  train_log_mse=0.00208  val_log_mse=0.02685  val_mse=0.000241  max_grad=0.16  patience=20/30
2026-10-08 14:13:26,281  gsv3.training             INFO     [family_holdout:qnn] epoch 0106  train_log_mse=0.00196  val_log_mse=0.04264  val_mse=0.000393  max_grad=0.23  patience=16/30
2026-10-08 14:13:43,476  gsv3.training             INFO     [family_holdout:randomcircuit] epoch 0116  train_log_mse=0.00205  val_log_mse=0.02920  val_mse=0.000246  max_grad=0.27  patience=21/30
2026-10-08 14:15:04,540  gsv3.training             INFO     [family_holdout:qnn] epoch 0107  train_log_mse=0.00196  val_log_mse=0.04330  val_mse=0.000394  max_grad=0.20  patience=17/30
2026-10-08 14:15:14,825  gsv3.training             INFO     [family_holdout:randomcircuit] epoch 0117  train_log_mse=0.00203  val_log_mse=0.02781  val_mse=0.000243  max_grad=0.17  patience=22/30
2026-10-08 14:16:42,972  gsv3.training             INFO     [family_holdout:qnn] epoch 0108  train_log_mse=0.00207  val_log_mse=0.04478  val_mse=0.000438  max_grad=0.19  patience=18/30
2026-10-08 14:16:45,704  gsv3.training             INFO     [family_holdout:randomcircuit] epoch 0118  train_log_mse=0.00207  val_log_mse=0.03029  val_mse=0.000275  max_grad=0.20  patience=23/30
2026-10-08 14:18:16,282  gsv3.training             INFO     [family_holdout:randomcircuit] epoch 0119  train_log_mse=0.00200  val_log_mse=0.03364  val_mse=0.000239  max_grad=0.24  patience=24/30
2026-10-08 14:18:21,174  gsv3.training             INFO     [family_holdout:qnn] epoch 0109  train_log_mse=0.00205  val_log_mse=0.04418  val_mse=0.000394  max_grad=0.22  patience=19/30
2026-10-08 14:19:47,163  gsv3.training             INFO     [family_holdout:randomcircuit] epoch 0120  train_log_mse=0.00199  val_log_mse=0.02783  val_mse=0.000229  max_grad=0.19  patience=25/30
2026-10-08 14:19:59,617  gsv3.training             INFO     [family_holdout:qnn] epoch 0110  train_log_mse=0.00208  val_log_mse=0.04418  val_mse=0.000375  max_grad=0.29  patience=20/30
2026-10-08 14:21:17,586  gsv3.training             INFO     [family_holdout:randomcircuit] epoch 0121  train_log_mse=0.00217  val_log_mse=0.03235  val_mse=0.000282  max_grad=0.28  patience=26/30
2026-10-08 14:21:37,698  gsv3.training             INFO     [family_holdout:qnn] epoch 0111  train_log_mse=0.00201  val_log_mse=0.04343  val_mse=0.000383  max_grad=0.19  patience=21/30
2026-10-08 14:22:51,006  gsv3.training             INFO     [family_holdout:randomcircuit] epoch 0122  train_log_mse=0.00214  val_log_mse=0.03079  val_mse=0.000256  max_grad=0.28  patience=27/30
2026-10-08 14:23:15,892  gsv3.training             INFO     [family_holdout:qnn] epoch 0112  train_log_mse=0.00210  val_log_mse=0.04422  val_mse=0.000387  max_grad=0.20  patience=22/30
2026-10-08 14:24:22,273  gsv3.training             INFO     [family_holdout:randomcircuit] epoch 0123  train_log_mse=0.00205  val_log_mse=0.02784  val_mse=0.000229  max_grad=0.27  patience=28/30
2026-10-08 14:24:54,166  gsv3.training             INFO     [family_holdout:qnn] epoch 0113  train_log_mse=0.00318  val_log_mse=0.06059  val_mse=0.000467  max_grad=1.35  patience=23/30
2026-10-08 14:25:53,217  gsv3.training             INFO     [family_holdout:randomcircuit] epoch 0124  train_log_mse=0.00277  val_log_mse=0.04103  val_mse=0.000252  max_grad=9.37  patience=29/30
2026-10-08 14:26:32,445  gsv3.training             INFO     [family_holdout:qnn] epoch 0114  train_log_mse=0.00263  val_log_mse=0.04259  val_mse=0.000409  max_grad=1.04  patience=24/30
2026-10-08 14:27:24,648  gsv3.training             INFO     [family_holdout:randomcircuit] epoch 0125  train_log_mse=0.00226  val_log_mse=0.03022  val_mse=0.000250  max_grad=0.95  patience=30/30
2026-10-08 14:27:29,876  gsv3.experiment           INFO     [randomcircuit] TEST  n=1234  MAE=0.0460  R2=0.9127  device-acc=0.567  regret=0.0102
2026-10-08 14:27:29,879  genstudy.io               INFO     Wrote evaluations/generalization_v5/results/v5_sinkhorn_s7/leave_one_family_out/randomcircuit/metrics.json
2026-10-08 14:27:29,888  genstudy.io               INFO     Wrote evaluations/generalization_v5/results/v5_sinkhorn_s7/leave_one_family_out/randomcircuit/predictions.json
2026-10-08 14:27:29,901  genstudy.io               INFO     Wrote evaluations/generalization_v5/results/v5_sinkhorn_s7/leave_one_family_out/randomcircuit/history.json
2026-10-08 14:27:29,920  genstudy.io               INFO     Wrote evaluations/generalization_v5/results/v5_sinkhorn_s7/leave_one_family_out/folds.json
2026-10-08 14:27:29,924  genstudy.experiment       INFO     Merged held-out predictions for 1234 circuits
2026-10-08 14:27:29,930  genstudy.io               INFO     Wrote evaluations/generalization_v5/results/v5_sinkhorn_s7/leave_one_family_out/heldout_predictions.json
2026-10-08 14:27:29,930  run_experiment            INFO     leave_one_family_out finished: 1 complete, 0 skipped
2026-10-08 14:28:07,588  gsv3.training             INFO     [family_holdout:qnn] epoch 0115  train_log_mse=0.00191  val_log_mse=0.04225  val_mse=0.000372  max_grad=0.16  patience=25/30
2026-10-08 14:29:38,353  gsv3.training             INFO     [family_holdout:qnn] epoch 0116  train_log_mse=0.00190  val_log_mse=0.04312  val_mse=0.000375  max_grad=0.18  patience=26/30
2026-10-08 14:31:09,309  gsv3.training             INFO     [family_holdout:qnn] epoch 0117  train_log_mse=0.00185  val_log_mse=0.04306  val_mse=0.000387  max_grad=0.22  patience=27/30
2026-10-08 14:32:40,454  gsv3.training             INFO     [family_holdout:qnn] epoch 0118  train_log_mse=0.00192  val_log_mse=0.04363  val_mse=0.000428  max_grad=0.21  patience=28/30
2026-10-08 14:34:12,224  gsv3.training             INFO     [family_holdout:qnn] epoch 0119  train_log_mse=0.00192  val_log_mse=0.04260  val_mse=0.000398  max_grad=0.17  patience=29/30
2026-10-08 14:35:44,349  gsv3.training             INFO     [family_holdout:qnn] epoch 0120  train_log_mse=0.00214  val_log_mse=0.04270  val_mse=0.000432  max_grad=0.33  patience=30/30
2026-10-08 14:35:45,543  gsv3.experiment           INFO     [qnn] TEST  n=760  MAE=0.0599  R2=0.8820  device-acc=0.917  regret=0.0013
2026-10-08 14:35:45,547  genstudy.io               INFO     Wrote evaluations/generalization_v5/results/v5_sinkhorn_s7/leave_one_family_out/qnn/metrics.json
2026-10-08 14:35:45,553  genstudy.io               INFO     Wrote evaluations/generalization_v5/results/v5_sinkhorn_s7/leave_one_family_out/qnn/predictions.json
2026-10-08 14:35:45,565  genstudy.io               INFO     Wrote evaluations/generalization_v5/results/v5_sinkhorn_s7/leave_one_family_out/qnn/history.json
2026-10-08 14:35:45,591  genstudy.io               INFO     Wrote evaluations/generalization_v5/results/v5_sinkhorn_s7/leave_one_family_out/folds.json
2026-10-08 14:35:45,593  genstudy.experiment       INFO     Merged held-out predictions for 760 circuits
2026-10-08 14:35:45,597  genstudy.io               INFO     Wrote evaluations/generalization_v5/results/v5_sinkhorn_s7/leave_one_family_out/heldout_predictions.json
2026-10-08 14:35:45,598  run_experiment            INFO     leave_one_family_out finished: 1 complete, 0 skipped
