2026-10-09 06:32:54,532  genstudy.io               INFO     Logging to evaluations/generalization_v8/results/v8a_c001_s7/random_control/run.log
2026-10-09 06:32:54,533  run_experiment            INFO     Command line: evaluations/generalization_v3/scripts/run_experiment.py control --model sinkhorn --balance-alpha 0 --lr 3e-4 --grad-clip 1.0 --seed 7 --families x --groups x --loss mixed --val-mode random --layout-lambda 0.1 --layout-loss region_dist --layouts-path evaluations/compile_check/results/compiler_layouts_v6pilot.pt --count-lambda 0.01 --counts-path evaluations/compile_check/results/compiler_counts_v8.pt --results-dir evaluations/generalization_v8/results/v8a_c001_s7
2026-10-09 06:32:54,533  gsv2.gpu                  WARNING  No CUDA device available — running on the CPU.
2026-10-09 06:32:54,534  gsv3.model                INFO     Hyper-parameters (/home/atudisco/pred-distr-tool/src/model/best_params.json + v3 defaults): {'device_hidden': 64, 'device_layers': 3, 'fusion_dim': 128, 'qubit_layers': 2, 'attn_heads': 4, 'lap_pe': 8, 'cost_bias_init': -6.0, 'hidden_dim': 142, 'num_conv_wo_resnet': 3, 'num_resnet_layers': 1, 'dropout': 0.0, 'bidirectional': True, 'mlp': [512, 256, 128], 'lr': 0.001, 'readout': 'meanmaxsum'}
2026-10-09 06:32:54,926  gsv3.devices              INFO     Device graphs: node features 13 (Laplacian PE 8), physical errors True
2026-10-09 06:32:54,927  genstudy.data             INFO     Loading graph dataset: /home/atudisco/pred-distr-tool/evaluations/generalization_v3/data/graph_dataset_expected_fidelity.pt
2026-10-09 06:32:59,719  genstudy.data             INFO     Loaded 17056 graphs
2026-10-09 06:33:00,347  run_experiment            INFO     Compiler layouts (evaluations/compile_check/results/compiler_layouts_v6pilot.pt): 16994/17056 circuits
2026-10-09 06:33:01,032  run_experiment            INFO     Compiler counts (evaluations/compile_check/results/compiler_counts_v8.pt): 16994/17056 circuits
2026-10-09 06:33:01,037  genstudy.io               INFO     Wrote evaluations/generalization_v8/results/v8a_c001_s7/random_control/dataset_summary.json
2026-10-09 06:33:01,994  run_experiment            INFO     [1/1] random_seed7
2026-10-09 06:33:01,997  gsv3.experiment           INFO     === random / random_seed7 ===
2026-10-09 06:33:01,997  gsv3.experiment           INFO     Random split stratified by fidelity (test_fraction=0.3, seed=7): train = 11939, test = 5117 circuits; families and sizes appear on both sides.
2026-10-09 06:33:01,998  gsv3.experiment           INFO     train=9551  val=2388 ({'mode': 'random'})  test=5117
2026-10-09 06:33:02,075  gsv3.training             INFO     [random:random_seed7] model=sinkhorn (979423 params) train=9551 val=2388 lr=0.0003 clip=1.0 alpha=0.00
2026-10-09 06:34:10,869  gsv3.training             INFO     [random:random_seed7] epoch 0001  count_mse=1.0929  count_rel_err_2q=0.607
2026-10-09 06:34:10,870  gsv3.training             INFO     [random:random_seed7] epoch 0001  region_bce=0.6841  dist_mse=0.2582  region_overlap=0.634
2026-10-09 06:34:10,871  gsv3.training             INFO     [random:random_seed7] epoch 0001  train_log_mse=0.27410  val_log_mse=0.35055  val_mse=0.002334  max_grad=692.03  patience=0/30
2026-10-09 06:35:18,948  gsv3.training             INFO     [random:random_seed7] epoch 0002  count_mse=0.5230  count_rel_err_2q=0.364
2026-10-09 06:35:18,948  gsv3.training             INFO     [random:random_seed7] epoch 0002  region_bce=0.4105  dist_mse=0.1963  region_overlap=0.710
2026-10-09 06:35:18,950  gsv3.training             INFO     [random:random_seed7] epoch 0002  train_log_mse=0.03988  val_log_mse=0.21298  val_mse=0.001539  max_grad=8.75  patience=0/30
2026-10-09 06:36:27,670  gsv3.training             INFO     [random:random_seed7] epoch 0003  count_mse=0.3434  count_rel_err_2q=0.324
2026-10-09 06:36:27,670  gsv3.training             INFO     [random:random_seed7] epoch 0003  region_bce=0.3625  dist_mse=0.1781  region_overlap=0.740
2026-10-09 06:36:27,670  gsv3.training             INFO     [random:random_seed7] epoch 0003  train_log_mse=0.01970  val_log_mse=0.19382  val_mse=0.001559  max_grad=5.12  patience=1/30
2026-10-09 06:37:36,092  gsv3.training             INFO     [random:random_seed7] epoch 0004  count_mse=0.2917  count_rel_err_2q=0.307
2026-10-09 06:37:36,092  gsv3.training             INFO     [random:random_seed7] epoch 0004  region_bce=0.3314  dist_mse=0.1670  region_overlap=0.759
2026-10-09 06:37:36,094  gsv3.training             INFO     [random:random_seed7] epoch 0004  train_log_mse=0.01685  val_log_mse=0.16630  val_mse=0.001399  max_grad=4.57  patience=0/30
2026-10-09 06:38:43,964  gsv3.training             INFO     [random:random_seed7] epoch 0005  count_mse=0.2604  count_rel_err_2q=0.294
2026-10-09 06:38:43,964  gsv3.training             INFO     [random:random_seed7] epoch 0005  region_bce=0.3162  dist_mse=0.1597  region_overlap=0.768
2026-10-09 06:38:43,965  gsv3.training             INFO     [random:random_seed7] epoch 0005  train_log_mse=0.01505  val_log_mse=0.11520  val_mse=0.001036  max_grad=3.98  patience=0/30
2026-10-09 06:39:51,738  gsv3.training             INFO     [random:random_seed7] epoch 0006  count_mse=0.2443  count_rel_err_2q=0.285
2026-10-09 06:39:51,739  gsv3.training             INFO     [random:random_seed7] epoch 0006  region_bce=0.3080  dist_mse=0.1535  region_overlap=0.775
2026-10-09 06:39:51,739  gsv3.training             INFO     [random:random_seed7] epoch 0006  train_log_mse=0.01733  val_log_mse=0.17327  val_mse=0.001352  max_grad=5.03  patience=1/30
2026-10-09 06:41:00,284  gsv3.training             INFO     [random:random_seed7] epoch 0007  count_mse=0.2204  count_rel_err_2q=0.279
2026-10-09 06:41:00,284  gsv3.training             INFO     [random:random_seed7] epoch 0007  region_bce=0.2929  dist_mse=0.1473  region_overlap=0.783
2026-10-09 06:41:00,284  gsv3.training             INFO     [random:random_seed7] epoch 0007  train_log_mse=0.01223  val_log_mse=0.19491  val_mse=0.001287  max_grad=2.93  patience=2/30
2026-10-09 06:42:08,210  gsv3.training             INFO     [random:random_seed7] epoch 0008  count_mse=0.2051  count_rel_err_2q=0.273
2026-10-09 06:42:08,211  gsv3.training             INFO     [random:random_seed7] epoch 0008  region_bce=0.2837  dist_mse=0.1427  region_overlap=0.789
2026-10-09 06:42:08,211  gsv3.training             INFO     [random:random_seed7] epoch 0008  train_log_mse=0.01195  val_log_mse=0.12732  val_mse=0.001179  max_grad=4.91  patience=3/30
2026-10-09 06:43:16,356  gsv3.training             INFO     [random:random_seed7] epoch 0009  count_mse=0.1854  count_rel_err_2q=0.264
2026-10-09 06:43:16,357  gsv3.training             INFO     [random:random_seed7] epoch 0009  region_bce=0.2682  dist_mse=0.1390  region_overlap=0.798
2026-10-09 06:43:16,358  gsv3.training             INFO     [random:random_seed7] epoch 0009  train_log_mse=0.00913  val_log_mse=0.09009  val_mse=0.000855  max_grad=2.61  patience=0/30
2026-10-09 06:44:24,622  gsv3.training             INFO     [random:random_seed7] epoch 0010  count_mse=0.1787  count_rel_err_2q=0.264
2026-10-09 06:44:24,622  gsv3.training             INFO     [random:random_seed7] epoch 0010  region_bce=0.2591  dist_mse=0.1361  region_overlap=0.805
2026-10-09 06:44:24,622  gsv3.training             INFO     [random:random_seed7] epoch 0010  train_log_mse=0.01005  val_log_mse=0.12067  val_mse=0.000887  max_grad=3.84  patience=1/30
2026-10-09 06:45:32,566  gsv3.training             INFO     [random:random_seed7] epoch 0011  count_mse=0.1697  count_rel_err_2q=0.261
2026-10-09 06:45:32,566  gsv3.training             INFO     [random:random_seed7] epoch 0011  region_bce=0.2511  dist_mse=0.1310  region_overlap=0.813
2026-10-09 06:45:32,566  gsv3.training             INFO     [random:random_seed7] epoch 0011  train_log_mse=0.01134  val_log_mse=0.15545  val_mse=0.001278  max_grad=9.45  patience=2/30
2026-10-09 06:46:40,824  gsv3.training             INFO     [random:random_seed7] epoch 0012  count_mse=0.1582  count_rel_err_2q=0.256
2026-10-09 06:46:40,824  gsv3.training             INFO     [random:random_seed7] epoch 0012  region_bce=0.2414  dist_mse=0.1276  region_overlap=0.819
2026-10-09 06:46:40,826  gsv3.training             INFO     [random:random_seed7] epoch 0012  train_log_mse=0.00899  val_log_mse=0.08135  val_mse=0.000804  max_grad=4.78  patience=0/30
2026-10-09 06:47:48,923  gsv3.training             INFO     [random:random_seed7] epoch 0013  count_mse=0.1473  count_rel_err_2q=0.252
2026-10-09 06:47:48,924  gsv3.training             INFO     [random:random_seed7] epoch 0013  region_bce=0.2288  dist_mse=0.1236  region_overlap=0.827
2026-10-09 06:47:48,924  gsv3.training             INFO     [random:random_seed7] epoch 0013  train_log_mse=0.00776  val_log_mse=0.17831  val_mse=0.000892  max_grad=1.78  patience=1/30
2026-10-09 06:48:56,768  gsv3.training             INFO     [random:random_seed7] epoch 0014  count_mse=0.1450  count_rel_err_2q=0.253
2026-10-09 06:48:56,768  gsv3.training             INFO     [random:random_seed7] epoch 0014  region_bce=0.2243  dist_mse=0.1212  region_overlap=0.830
2026-10-09 06:48:56,770  gsv3.training             INFO     [random:random_seed7] epoch 0014  train_log_mse=0.00872  val_log_mse=0.08073  val_mse=0.000775  max_grad=3.13  patience=0/30
2026-10-09 06:50:04,576  gsv3.training             INFO     [random:random_seed7] epoch 0015  count_mse=0.1366  count_rel_err_2q=0.248
2026-10-09 06:50:04,577  gsv3.training             INFO     [random:random_seed7] epoch 0015  region_bce=0.2167  dist_mse=0.1189  region_overlap=0.835
2026-10-09 06:50:04,578  gsv3.training             INFO     [random:random_seed7] epoch 0015  train_log_mse=0.00700  val_log_mse=0.10012  val_mse=0.000724  max_grad=1.56  patience=0/30
2026-10-09 06:51:12,981  gsv3.training             INFO     [random:random_seed7] epoch 0016  count_mse=0.1317  count_rel_err_2q=0.247
2026-10-09 06:51:12,982  gsv3.training             INFO     [random:random_seed7] epoch 0016  region_bce=0.2120  dist_mse=0.1173  region_overlap=0.839
2026-10-09 06:51:12,982  gsv3.training             INFO     [random:random_seed7] epoch 0016  train_log_mse=0.00723  val_log_mse=0.08823  val_mse=0.000728  max_grad=1.80  patience=1/30
2026-10-09 06:52:20,648  gsv3.training             INFO     [random:random_seed7] epoch 0017  count_mse=0.1347  count_rel_err_2q=0.248
2026-10-09 06:52:20,649  gsv3.training             INFO     [random:random_seed7] epoch 0017  region_bce=0.2140  dist_mse=0.1176  region_overlap=0.837
2026-10-09 06:52:20,651  gsv3.training             INFO     [random:random_seed7] epoch 0017  train_log_mse=0.00937  val_log_mse=0.09664  val_mse=0.000644  max_grad=4.59  patience=0/30
2026-10-09 06:53:28,496  gsv3.training             INFO     [random:random_seed7] epoch 0018  count_mse=0.1275  count_rel_err_2q=0.245
2026-10-09 06:53:28,496  gsv3.training             INFO     [random:random_seed7] epoch 0018  region_bce=0.2055  dist_mse=0.1150  region_overlap=0.842
2026-10-09 06:53:28,496  gsv3.training             INFO     [random:random_seed7] epoch 0018  train_log_mse=0.00779  val_log_mse=0.17958  val_mse=0.001931  max_grad=15.58  patience=1/30
2026-10-09 06:54:36,498  gsv3.training             INFO     [random:random_seed7] epoch 0019  count_mse=0.1283  count_rel_err_2q=0.243
2026-10-09 06:54:36,499  gsv3.training             INFO     [random:random_seed7] epoch 0019  region_bce=0.1998  dist_mse=0.1134  region_overlap=0.846
2026-10-09 06:54:36,499  gsv3.training             INFO     [random:random_seed7] epoch 0019  train_log_mse=0.00753  val_log_mse=0.08372  val_mse=0.000683  max_grad=1.30  patience=2/30
2026-10-09 06:55:44,419  gsv3.training             INFO     [random:random_seed7] epoch 0020  count_mse=0.1207  count_rel_err_2q=0.239
2026-10-09 06:55:44,419  gsv3.training             INFO     [random:random_seed7] epoch 0020  region_bce=0.1965  dist_mse=0.1117  region_overlap=0.848
2026-10-09 06:55:44,419  gsv3.training             INFO     [random:random_seed7] epoch 0020  train_log_mse=0.00705  val_log_mse=0.09317  val_mse=0.000687  max_grad=2.11  patience=3/30
2026-10-09 06:56:52,291  gsv3.training             INFO     [random:random_seed7] epoch 0021  count_mse=0.1183  count_rel_err_2q=0.235
2026-10-09 06:56:52,291  gsv3.training             INFO     [random:random_seed7] epoch 0021  region_bce=0.1903  dist_mse=0.1096  region_overlap=0.851
2026-10-09 06:56:52,291  gsv3.training             INFO     [random:random_seed7] epoch 0021  train_log_mse=0.00677  val_log_mse=0.08431  val_mse=0.000655  max_grad=1.96  patience=4/30
2026-10-09 06:58:00,215  gsv3.training             INFO     [random:random_seed7] epoch 0022  count_mse=0.1196  count_rel_err_2q=0.235
2026-10-09 06:58:00,215  gsv3.training             INFO     [random:random_seed7] epoch 0022  region_bce=0.1897  dist_mse=0.1093  region_overlap=0.852
2026-10-09 06:58:00,217  gsv3.training             INFO     [random:random_seed7] epoch 0022  train_log_mse=0.00744  val_log_mse=0.08249  val_mse=0.000599  max_grad=2.36  patience=0/30
2026-10-09 06:59:08,412  gsv3.training             INFO     [random:random_seed7] epoch 0023  count_mse=0.1141  count_rel_err_2q=0.230
2026-10-09 06:59:08,412  gsv3.training             INFO     [random:random_seed7] epoch 0023  region_bce=0.1809  dist_mse=0.1070  region_overlap=0.858
2026-10-09 06:59:08,414  gsv3.training             INFO     [random:random_seed7] epoch 0023  train_log_mse=0.00567  val_log_mse=0.09262  val_mse=0.000569  max_grad=1.80  patience=0/30
2026-10-09 07:00:16,739  gsv3.training             INFO     [random:random_seed7] epoch 0024  count_mse=0.1139  count_rel_err_2q=0.230
2026-10-09 07:00:16,740  gsv3.training             INFO     [random:random_seed7] epoch 0024  region_bce=0.1791  dist_mse=0.1063  region_overlap=0.858
2026-10-09 07:00:16,742  gsv3.training             INFO     [random:random_seed7] epoch 0024  train_log_mse=0.00707  val_log_mse=0.10183  val_mse=0.000569  max_grad=1.90  patience=0/30
2026-10-09 07:01:25,245  gsv3.training             INFO     [random:random_seed7] epoch 0025  count_mse=0.1117  count_rel_err_2q=0.230
2026-10-09 07:01:25,245  gsv3.training             INFO     [random:random_seed7] epoch 0025  region_bce=0.1744  dist_mse=0.1047  region_overlap=0.862
2026-10-09 07:01:25,247  gsv3.training             INFO     [random:random_seed7] epoch 0025  train_log_mse=0.00587  val_log_mse=0.07494  val_mse=0.000507  max_grad=1.84  patience=0/30
2026-10-09 07:02:33,839  gsv3.training             INFO     [random:random_seed7] epoch 0026  count_mse=0.1102  count_rel_err_2q=0.228
2026-10-09 07:02:33,840  gsv3.training             INFO     [random:random_seed7] epoch 0026  region_bce=0.1707  dist_mse=0.1033  region_overlap=0.864
2026-10-09 07:02:33,842  gsv3.training             INFO     [random:random_seed7] epoch 0026  train_log_mse=0.00630  val_log_mse=0.08250  val_mse=0.000473  max_grad=1.45  patience=0/30
2026-10-09 07:03:41,848  gsv3.training             INFO     [random:random_seed7] epoch 0027  count_mse=0.1132  count_rel_err_2q=0.225
2026-10-09 07:03:41,849  gsv3.training             INFO     [random:random_seed7] epoch 0027  region_bce=0.1774  dist_mse=0.1038  region_overlap=0.860
2026-10-09 07:03:41,849  gsv3.training             INFO     [random:random_seed7] epoch 0027  train_log_mse=0.00742  val_log_mse=0.09574  val_mse=0.000607  max_grad=2.67  patience=1/30
2026-10-09 07:04:49,759  gsv3.training             INFO     [random:random_seed7] epoch 0028  count_mse=0.1079  count_rel_err_2q=0.222
2026-10-09 07:04:49,759  gsv3.training             INFO     [random:random_seed7] epoch 0028  region_bce=0.1702  dist_mse=0.1011  region_overlap=0.864
2026-10-09 07:04:49,759  gsv3.training             INFO     [random:random_seed7] epoch 0028  train_log_mse=0.00635  val_log_mse=0.09884  val_mse=0.000599  max_grad=1.96  patience=2/30
2026-10-09 07:05:58,011  gsv3.training             INFO     [random:random_seed7] epoch 0029  count_mse=0.1073  count_rel_err_2q=0.222
2026-10-09 07:05:58,011  gsv3.training             INFO     [random:random_seed7] epoch 0029  region_bce=0.1666  dist_mse=0.0992  region_overlap=0.867
2026-10-09 07:05:58,012  gsv3.training             INFO     [random:random_seed7] epoch 0029  train_log_mse=0.00616  val_log_mse=0.08208  val_mse=0.000470  max_grad=1.86  patience=0/30
2026-10-09 07:07:06,703  gsv3.training             INFO     [random:random_seed7] epoch 0030  count_mse=0.1024  count_rel_err_2q=0.217
2026-10-09 07:07:06,703  gsv3.training             INFO     [random:random_seed7] epoch 0030  region_bce=0.1576  dist_mse=0.0963  region_overlap=0.872
2026-10-09 07:07:06,703  gsv3.training             INFO     [random:random_seed7] epoch 0030  train_log_mse=0.00486  val_log_mse=0.07514  val_mse=0.000564  max_grad=1.18  patience=1/30
2026-10-09 07:08:15,203  gsv3.training             INFO     [random:random_seed7] epoch 0031  count_mse=0.1051  count_rel_err_2q=0.219
2026-10-09 07:08:15,203  gsv3.training             INFO     [random:random_seed7] epoch 0031  region_bce=0.1622  dist_mse=0.0969  region_overlap=0.870
2026-10-09 07:08:15,203  gsv3.training             INFO     [random:random_seed7] epoch 0031  train_log_mse=0.00682  val_log_mse=0.08287  val_mse=0.000533  max_grad=3.04  patience=2/30
2026-10-09 07:09:23,987  gsv3.training             INFO     [random:random_seed7] epoch 0032  count_mse=0.1024  count_rel_err_2q=0.218
2026-10-09 07:09:23,987  gsv3.training             INFO     [random:random_seed7] epoch 0032  region_bce=0.1573  dist_mse=0.0953  region_overlap=0.873
2026-10-09 07:09:23,988  gsv3.training             INFO     [random:random_seed7] epoch 0032  train_log_mse=0.00615  val_log_mse=0.08995  val_mse=0.000499  max_grad=1.50  patience=3/30
2026-10-09 07:10:32,723  gsv3.training             INFO     [random:random_seed7] epoch 0033  count_mse=0.1016  count_rel_err_2q=0.215
2026-10-09 07:10:32,723  gsv3.training             INFO     [random:random_seed7] epoch 0033  region_bce=0.1526  dist_mse=0.0943  region_overlap=0.875
2026-10-09 07:10:32,724  gsv3.training             INFO     [random:random_seed7] epoch 0033  train_log_mse=0.00546  val_log_mse=0.11962  val_mse=0.000553  max_grad=2.10  patience=4/30
2026-10-09 07:11:41,101  gsv3.training             INFO     [random:random_seed7] epoch 0034  count_mse=0.0985  count_rel_err_2q=0.214
2026-10-09 07:11:41,101  gsv3.training             INFO     [random:random_seed7] epoch 0034  region_bce=0.1471  dist_mse=0.0936  region_overlap=0.879
2026-10-09 07:11:41,102  gsv3.training             INFO     [random:random_seed7] epoch 0034  train_log_mse=0.00519  val_log_mse=0.05947  val_mse=0.000465  max_grad=1.21  patience=0/30
2026-10-09 07:12:49,296  gsv3.training             INFO     [random:random_seed7] epoch 0035  count_mse=0.0948  count_rel_err_2q=0.211
2026-10-09 07:12:49,296  gsv3.training             INFO     [random:random_seed7] epoch 0035  region_bce=0.1409  dist_mse=0.0918  region_overlap=0.883
2026-10-09 07:12:49,298  gsv3.training             INFO     [random:random_seed7] epoch 0035  train_log_mse=0.00410  val_log_mse=0.06759  val_mse=0.000414  max_grad=0.86  patience=0/30
2026-10-09 07:13:57,512  gsv3.training             INFO     [random:random_seed7] epoch 0036  count_mse=0.0969  count_rel_err_2q=0.212
2026-10-09 07:13:57,513  gsv3.training             INFO     [random:random_seed7] epoch 0036  region_bce=0.1498  dist_mse=0.0928  region_overlap=0.878
2026-10-09 07:13:57,513  gsv3.training             INFO     [random:random_seed7] epoch 0036  train_log_mse=0.00556  val_log_mse=0.09094  val_mse=0.000459  max_grad=2.39  patience=1/30
2026-10-09 07:15:05,349  gsv3.training             INFO     [random:random_seed7] epoch 0037  count_mse=0.0961  count_rel_err_2q=0.213
2026-10-09 07:15:05,349  gsv3.training             INFO     [random:random_seed7] epoch 0037  region_bce=0.1468  dist_mse=0.0925  region_overlap=0.880
2026-10-09 07:15:05,349  gsv3.training             INFO     [random:random_seed7] epoch 0037  train_log_mse=0.00546  val_log_mse=0.06300  val_mse=0.000481  max_grad=3.04  patience=2/30
2026-10-09 07:16:12,949  gsv3.training             INFO     [random:random_seed7] epoch 0038  count_mse=0.0941  count_rel_err_2q=0.210
2026-10-09 07:16:12,950  gsv3.training             INFO     [random:random_seed7] epoch 0038  region_bce=0.1410  dist_mse=0.0911  region_overlap=0.883
2026-10-09 07:16:12,950  gsv3.training             INFO     [random:random_seed7] epoch 0038  train_log_mse=0.00525  val_log_mse=0.07219  val_mse=0.000501  max_grad=3.04  patience=3/30
2026-10-09 07:17:20,744  gsv3.training             INFO     [random:random_seed7] epoch 0039  count_mse=0.0943  count_rel_err_2q=0.212
2026-10-09 07:17:20,745  gsv3.training             INFO     [random:random_seed7] epoch 0039  region_bce=0.1421  dist_mse=0.0912  region_overlap=0.883
2026-10-09 07:17:20,745  gsv3.training             INFO     [random:random_seed7] epoch 0039  train_log_mse=0.00502  val_log_mse=0.06762  val_mse=0.000453  max_grad=2.59  patience=4/30
2026-10-09 07:18:29,363  gsv3.training             INFO     [random:random_seed7] epoch 0040  count_mse=0.0941  count_rel_err_2q=0.210
2026-10-09 07:18:29,364  gsv3.training             INFO     [random:random_seed7] epoch 0040  region_bce=0.1342  dist_mse=0.0903  region_overlap=0.887
2026-10-09 07:18:29,364  gsv3.training             INFO     [random:random_seed7] epoch 0040  train_log_mse=0.00494  val_log_mse=0.08043  val_mse=0.000428  max_grad=1.51  patience=5/30
2026-10-09 07:19:37,829  gsv3.training             INFO     [random:random_seed7] epoch 0041  count_mse=0.0910  count_rel_err_2q=0.207
2026-10-09 07:19:37,829  gsv3.training             INFO     [random:random_seed7] epoch 0041  region_bce=0.1313  dist_mse=0.0893  region_overlap=0.889
2026-10-09 07:19:37,829  gsv3.training             INFO     [random:random_seed7] epoch 0041  train_log_mse=0.00470  val_log_mse=0.11098  val_mse=0.000479  max_grad=1.80  patience=6/30
2026-10-09 07:20:46,376  gsv3.training             INFO     [random:random_seed7] epoch 0042  count_mse=0.0895  count_rel_err_2q=0.206
2026-10-09 07:20:46,377  gsv3.training             INFO     [random:random_seed7] epoch 0042  region_bce=0.1277  dist_mse=0.0886  region_overlap=0.892
2026-10-09 07:20:46,378  gsv3.training             INFO     [random:random_seed7] epoch 0042  train_log_mse=0.00425  val_log_mse=0.08314  val_mse=0.000403  max_grad=1.01  patience=0/30
2026-10-09 07:21:54,386  gsv3.training             INFO     [random:random_seed7] epoch 0043  count_mse=0.0897  count_rel_err_2q=0.206
2026-10-09 07:21:54,386  gsv3.training             INFO     [random:random_seed7] epoch 0043  region_bce=0.1264  dist_mse=0.0886  region_overlap=0.892
2026-10-09 07:21:54,386  gsv3.training             INFO     [random:random_seed7] epoch 0043  train_log_mse=0.00450  val_log_mse=0.10078  val_mse=0.000450  max_grad=1.10  patience=1/30
2026-10-09 07:23:02,559  gsv3.training             INFO     [random:random_seed7] epoch 0044  count_mse=0.0899  count_rel_err_2q=0.206
2026-10-09 07:23:02,559  gsv3.training             INFO     [random:random_seed7] epoch 0044  region_bce=0.1241  dist_mse=0.0880  region_overlap=0.894
2026-10-09 07:23:02,559  gsv3.training             INFO     [random:random_seed7] epoch 0044  train_log_mse=0.00514  val_log_mse=0.06914  val_mse=0.000425  max_grad=1.50  patience=2/30
2026-10-09 07:24:10,579  gsv3.training             INFO     [random:random_seed7] epoch 0045  count_mse=0.0882  count_rel_err_2q=0.206
2026-10-09 07:24:10,580  gsv3.training             INFO     [random:random_seed7] epoch 0045  region_bce=0.1282  dist_mse=0.0884  region_overlap=0.892
2026-10-09 07:24:10,580  gsv3.training             INFO     [random:random_seed7] epoch 0045  train_log_mse=0.00483  val_log_mse=0.06221  val_mse=0.000404  max_grad=1.79  patience=3/30
2026-10-09 07:25:18,744  gsv3.training             INFO     [random:random_seed7] epoch 0046  count_mse=0.0855  count_rel_err_2q=0.201
2026-10-09 07:25:18,745  gsv3.training             INFO     [random:random_seed7] epoch 0046  region_bce=0.1184  dist_mse=0.0868  region_overlap=0.898
2026-10-09 07:25:18,745  gsv3.training             INFO     [random:random_seed7] epoch 0046  train_log_mse=0.00411  val_log_mse=0.06477  val_mse=0.000407  max_grad=0.91  patience=4/30
2026-10-09 07:26:27,028  gsv3.training             INFO     [random:random_seed7] epoch 0047  count_mse=0.0852  count_rel_err_2q=0.201
2026-10-09 07:26:27,028  gsv3.training             INFO     [random:random_seed7] epoch 0047  region_bce=0.1166  dist_mse=0.0862  region_overlap=0.899
2026-10-09 07:26:27,028  gsv3.training             INFO     [random:random_seed7] epoch 0047  train_log_mse=0.00373  val_log_mse=0.07106  val_mse=0.000426  max_grad=0.87  patience=5/30
2026-10-09 07:27:35,170  gsv3.training             INFO     [random:random_seed7] epoch 0048  count_mse=0.0862  count_rel_err_2q=0.202
2026-10-09 07:27:35,171  gsv3.training             INFO     [random:random_seed7] epoch 0048  region_bce=0.1174  dist_mse=0.0863  region_overlap=0.898
2026-10-09 07:27:35,171  gsv3.training             INFO     [random:random_seed7] epoch 0048  train_log_mse=0.00515  val_log_mse=0.12088  val_mse=0.000449  max_grad=1.54  patience=6/30
2026-10-09 07:28:43,105  gsv3.training             INFO     [random:random_seed7] epoch 0049  count_mse=0.0850  count_rel_err_2q=0.201
2026-10-09 07:28:43,105  gsv3.training             INFO     [random:random_seed7] epoch 0049  region_bce=0.1133  dist_mse=0.0854  region_overlap=0.901
2026-10-09 07:28:43,107  gsv3.training             INFO     [random:random_seed7] epoch 0049  train_log_mse=0.00405  val_log_mse=0.07926  val_mse=0.000386  max_grad=0.70  patience=0/30
2026-10-09 07:29:51,357  gsv3.training             INFO     [random:random_seed7] epoch 0050  count_mse=0.0835  count_rel_err_2q=0.200
2026-10-09 07:29:51,357  gsv3.training             INFO     [random:random_seed7] epoch 0050  region_bce=0.1146  dist_mse=0.0856  region_overlap=0.900
2026-10-09 07:29:51,357  gsv3.training             INFO     [random:random_seed7] epoch 0050  train_log_mse=0.00436  val_log_mse=0.09646  val_mse=0.000471  max_grad=1.55  patience=1/30
2026-10-09 07:30:59,700  gsv3.training             INFO     [random:random_seed7] epoch 0051  count_mse=0.0868  count_rel_err_2q=0.205
2026-10-09 07:30:59,701  gsv3.training             INFO     [random:random_seed7] epoch 0051  region_bce=0.1300  dist_mse=0.0882  region_overlap=0.892
2026-10-09 07:30:59,701  gsv3.training             INFO     [random:random_seed7] epoch 0051  train_log_mse=0.00698  val_log_mse=0.08584  val_mse=0.000468  max_grad=6.56  patience=2/30
2026-10-09 07:32:08,158  gsv3.training             INFO     [random:random_seed7] epoch 0052  count_mse=0.0854  count_rel_err_2q=0.202
2026-10-09 07:32:08,158  gsv3.training             INFO     [random:random_seed7] epoch 0052  region_bce=0.1152  dist_mse=0.0862  region_overlap=0.900
2026-10-09 07:32:08,158  gsv3.training             INFO     [random:random_seed7] epoch 0052  train_log_mse=0.00463  val_log_mse=0.07268  val_mse=0.000406  max_grad=1.16  patience=3/30
2026-10-09 07:33:16,770  gsv3.training             INFO     [random:random_seed7] epoch 0053  count_mse=0.0813  count_rel_err_2q=0.197
2026-10-09 07:33:16,770  gsv3.training             INFO     [random:random_seed7] epoch 0053  region_bce=0.1052  dist_mse=0.0841  region_overlap=0.906
2026-10-09 07:33:16,770  gsv3.training             INFO     [random:random_seed7] epoch 0053  train_log_mse=0.00370  val_log_mse=0.06716  val_mse=0.000430  max_grad=0.64  patience=4/30
2026-10-09 07:34:25,614  gsv3.training             INFO     [random:random_seed7] epoch 0054  count_mse=0.0816  count_rel_err_2q=0.199
2026-10-09 07:34:25,615  gsv3.training             INFO     [random:random_seed7] epoch 0054  region_bce=0.1055  dist_mse=0.0841  region_overlap=0.906
2026-10-09 07:34:25,615  gsv3.training             INFO     [random:random_seed7] epoch 0054  train_log_mse=0.00398  val_log_mse=0.08595  val_mse=0.000435  max_grad=1.29  patience=5/30
2026-10-09 07:35:34,136  gsv3.training             INFO     [random:random_seed7] epoch 0055  count_mse=0.0804  count_rel_err_2q=0.197
2026-10-09 07:35:34,137  gsv3.training             INFO     [random:random_seed7] epoch 0055  region_bce=0.1024  dist_mse=0.0830  region_overlap=0.908
2026-10-09 07:35:34,138  gsv3.training             INFO     [random:random_seed7] epoch 0055  train_log_mse=0.00405  val_log_mse=0.08153  val_mse=0.000362  max_grad=0.88  patience=0/30
2026-10-09 07:36:42,628  gsv3.training             INFO     [random:random_seed7] epoch 0056  count_mse=0.0797  count_rel_err_2q=0.197
2026-10-09 07:36:42,629  gsv3.training             INFO     [random:random_seed7] epoch 0056  region_bce=0.0989  dist_mse=0.0826  region_overlap=0.910
2026-10-09 07:36:42,629  gsv3.training             INFO     [random:random_seed7] epoch 0056  train_log_mse=0.00402  val_log_mse=0.07349  val_mse=0.000433  max_grad=2.33  patience=1/30
2026-10-09 07:37:50,817  gsv3.training             INFO     [random:random_seed7] epoch 0057  count_mse=0.0807  count_rel_err_2q=0.199
2026-10-09 07:37:50,818  gsv3.training             INFO     [random:random_seed7] epoch 0057  region_bce=0.1061  dist_mse=0.0841  region_overlap=0.906
2026-10-09 07:37:50,818  gsv3.training             INFO     [random:random_seed7] epoch 0057  train_log_mse=0.00446  val_log_mse=0.07393  val_mse=0.000435  max_grad=2.04  patience=2/30
2026-10-09 07:38:59,418  gsv3.training             INFO     [random:random_seed7] epoch 0058  count_mse=0.0787  count_rel_err_2q=0.196
2026-10-09 07:38:59,418  gsv3.training             INFO     [random:random_seed7] epoch 0058  region_bce=0.0944  dist_mse=0.0823  region_overlap=0.912
2026-10-09 07:38:59,418  gsv3.training             INFO     [random:random_seed7] epoch 0058  train_log_mse=0.00384  val_log_mse=0.07215  val_mse=0.000367  max_grad=1.06  patience=3/30
2026-10-09 07:40:07,906  gsv3.training             INFO     [random:random_seed7] epoch 0059  count_mse=0.0784  count_rel_err_2q=0.197
2026-10-09 07:40:07,906  gsv3.training             INFO     [random:random_seed7] epoch 0059  region_bce=0.0963  dist_mse=0.0820  region_overlap=0.912
2026-10-09 07:40:07,906  gsv3.training             INFO     [random:random_seed7] epoch 0059  train_log_mse=0.00383  val_log_mse=0.06951  val_mse=0.000403  max_grad=1.50  patience=4/30
2026-10-09 07:41:16,187  gsv3.training             INFO     [random:random_seed7] epoch 0060  count_mse=0.0797  count_rel_err_2q=0.199
2026-10-09 07:41:16,187  gsv3.training             INFO     [random:random_seed7] epoch 0060  region_bce=0.0979  dist_mse=0.0824  region_overlap=0.911
2026-10-09 07:41:16,187  gsv3.training             INFO     [random:random_seed7] epoch 0060  train_log_mse=0.00446  val_log_mse=0.06949  val_mse=0.000409  max_grad=1.07  patience=5/30
2026-10-09 07:42:24,332  gsv3.training             INFO     [random:random_seed7] epoch 0061  count_mse=0.0764  count_rel_err_2q=0.197
2026-10-09 07:42:24,333  gsv3.training             INFO     [random:random_seed7] epoch 0061  region_bce=0.0911  dist_mse=0.0807  region_overlap=0.915
2026-10-09 07:42:24,333  gsv3.training             INFO     [random:random_seed7] epoch 0061  train_log_mse=0.00373  val_log_mse=0.09483  val_mse=0.000515  max_grad=0.77  patience=6/30
2026-10-09 07:43:32,812  gsv3.training             INFO     [random:random_seed7] epoch 0062  count_mse=0.0786  count_rel_err_2q=0.198
2026-10-09 07:43:32,812  gsv3.training             INFO     [random:random_seed7] epoch 0062  region_bce=0.0993  dist_mse=0.0825  region_overlap=0.910
2026-10-09 07:43:32,812  gsv3.training             INFO     [random:random_seed7] epoch 0062  train_log_mse=0.00472  val_log_mse=0.13324  val_mse=0.000421  max_grad=2.17  patience=7/30
2026-10-09 07:44:41,288  gsv3.training             INFO     [random:random_seed7] epoch 0063  count_mse=0.0784  count_rel_err_2q=0.198
2026-10-09 07:44:41,288  gsv3.training             INFO     [random:random_seed7] epoch 0063  region_bce=0.0953  dist_mse=0.0820  region_overlap=0.912
2026-10-09 07:44:41,290  gsv3.training             INFO     [random:random_seed7] epoch 0063  train_log_mse=0.00476  val_log_mse=0.06023  val_mse=0.000348  max_grad=3.58  patience=0/30
2026-10-09 07:45:49,672  gsv3.training             INFO     [random:random_seed7] epoch 0064  count_mse=0.0747  count_rel_err_2q=0.192
2026-10-09 07:45:49,673  gsv3.training             INFO     [random:random_seed7] epoch 0064  region_bce=0.0843  dist_mse=0.0796  region_overlap=0.919
2026-10-09 07:45:49,673  gsv3.training             INFO     [random:random_seed7] epoch 0064  train_log_mse=0.00344  val_log_mse=0.06803  val_mse=0.000459  max_grad=0.69  patience=1/30
2026-10-09 07:46:58,236  gsv3.training             INFO     [random:random_seed7] epoch 0065  count_mse=0.0754  count_rel_err_2q=0.193
2026-10-09 07:46:58,236  gsv3.training             INFO     [random:random_seed7] epoch 0065  region_bce=0.0833  dist_mse=0.0795  region_overlap=0.920
2026-10-09 07:46:58,236  gsv3.training             INFO     [random:random_seed7] epoch 0065  train_log_mse=0.00376  val_log_mse=0.06684  val_mse=0.000482  max_grad=1.06  patience=2/30
2026-10-09 07:48:06,481  gsv3.training             INFO     [random:random_seed7] epoch 0066  count_mse=0.0740  count_rel_err_2q=0.193
2026-10-09 07:48:06,482  gsv3.training             INFO     [random:random_seed7] epoch 0066  region_bce=0.0837  dist_mse=0.0794  region_overlap=0.920
2026-10-09 07:48:06,482  gsv3.training             INFO     [random:random_seed7] epoch 0066  train_log_mse=0.00393  val_log_mse=0.05864  val_mse=0.000352  max_grad=0.82  patience=3/30
2026-10-09 07:49:14,752  gsv3.training             INFO     [random:random_seed7] epoch 0067  count_mse=0.0735  count_rel_err_2q=0.192
2026-10-09 07:49:14,753  gsv3.training             INFO     [random:random_seed7] epoch 0067  region_bce=0.0792  dist_mse=0.0786  region_overlap=0.922
2026-10-09 07:49:14,753  gsv3.training             INFO     [random:random_seed7] epoch 0067  train_log_mse=0.00329  val_log_mse=0.06429  val_mse=0.000412  max_grad=0.50  patience=4/30
2026-10-09 07:50:23,070  gsv3.training             INFO     [random:random_seed7] epoch 0068  count_mse=0.0734  count_rel_err_2q=0.193
2026-10-09 07:50:23,070  gsv3.training             INFO     [random:random_seed7] epoch 0068  region_bce=0.0805  dist_mse=0.0783  region_overlap=0.922
2026-10-09 07:50:23,071  gsv3.training             INFO     [random:random_seed7] epoch 0068  train_log_mse=0.00399  val_log_mse=0.07843  val_mse=0.000358  max_grad=0.95  patience=5/30
2026-10-09 07:51:31,407  gsv3.training             INFO     [random:random_seed7] epoch 0069  count_mse=0.0736  count_rel_err_2q=0.193
2026-10-09 07:51:31,408  gsv3.training             INFO     [random:random_seed7] epoch 0069  region_bce=0.0824  dist_mse=0.0787  region_overlap=0.921
2026-10-09 07:51:31,408  gsv3.training             INFO     [random:random_seed7] epoch 0069  train_log_mse=0.00383  val_log_mse=0.07410  val_mse=0.000396  max_grad=0.91  patience=6/30
2026-10-09 07:52:39,459  gsv3.training             INFO     [random:random_seed7] epoch 0070  count_mse=0.0724  count_rel_err_2q=0.192
2026-10-09 07:52:39,459  gsv3.training             INFO     [random:random_seed7] epoch 0070  region_bce=0.0804  dist_mse=0.0785  region_overlap=0.922
2026-10-09 07:52:39,459  gsv3.training             INFO     [random:random_seed7] epoch 0070  train_log_mse=0.00399  val_log_mse=0.07115  val_mse=0.000368  max_grad=1.02  patience=7/30
2026-10-09 07:53:47,635  gsv3.training             INFO     [random:random_seed7] epoch 0071  count_mse=0.0739  count_rel_err_2q=0.195
2026-10-09 07:53:47,635  gsv3.training             INFO     [random:random_seed7] epoch 0071  region_bce=0.0869  dist_mse=0.0794  region_overlap=0.919
2026-10-09 07:53:47,635  gsv3.training             INFO     [random:random_seed7] epoch 0071  train_log_mse=0.00526  val_log_mse=0.07434  val_mse=0.000431  max_grad=5.22  patience=8/30
2026-10-09 07:54:55,865  gsv3.training             INFO     [random:random_seed7] epoch 0072  count_mse=0.0719  count_rel_err_2q=0.193
2026-10-09 07:54:55,865  gsv3.training             INFO     [random:random_seed7] epoch 0072  region_bce=0.0779  dist_mse=0.0784  region_overlap=0.923
2026-10-09 07:54:55,865  gsv3.training             INFO     [random:random_seed7] epoch 0072  train_log_mse=0.00379  val_log_mse=0.07492  val_mse=0.000421  max_grad=0.96  patience=9/30
2026-10-09 07:56:04,143  gsv3.training             INFO     [random:random_seed7] epoch 0073  count_mse=0.0703  count_rel_err_2q=0.190
2026-10-09 07:56:04,144  gsv3.training             INFO     [random:random_seed7] epoch 0073  region_bce=0.0704  dist_mse=0.0763  region_overlap=0.928
2026-10-09 07:56:04,144  gsv3.training             INFO     [random:random_seed7] epoch 0073  train_log_mse=0.00323  val_log_mse=0.06399  val_mse=0.000378  max_grad=0.76  patience=10/30
2026-10-09 07:57:12,698  gsv3.training             INFO     [random:random_seed7] epoch 0074  count_mse=0.0695  count_rel_err_2q=0.190
2026-10-09 07:57:12,699  gsv3.training             INFO     [random:random_seed7] epoch 0074  region_bce=0.0678  dist_mse=0.0750  region_overlap=0.930
2026-10-09 07:57:12,699  gsv3.training             INFO     [random:random_seed7] epoch 0074  train_log_mse=0.00289  val_log_mse=0.07267  val_mse=0.000368  max_grad=0.45  patience=11/30
2026-10-09 07:58:21,066  gsv3.training             INFO     [random:random_seed7] epoch 0075  count_mse=0.0709  count_rel_err_2q=0.191
2026-10-09 07:58:21,066  gsv3.training             INFO     [random:random_seed7] epoch 0075  region_bce=0.0763  dist_mse=0.0768  region_overlap=0.925
2026-10-09 07:58:21,066  gsv3.training             INFO     [random:random_seed7] epoch 0075  train_log_mse=0.00396  val_log_mse=0.06813  val_mse=0.000376  max_grad=1.22  patience=12/30
2026-10-09 07:59:29,458  gsv3.training             INFO     [random:random_seed7] epoch 0076  count_mse=0.0703  count_rel_err_2q=0.192
2026-10-09 07:59:29,458  gsv3.training             INFO     [random:random_seed7] epoch 0076  region_bce=0.0719  dist_mse=0.0766  region_overlap=0.928
2026-10-09 07:59:29,458  gsv3.training             INFO     [random:random_seed7] epoch 0076  train_log_mse=0.00357  val_log_mse=0.05942  val_mse=0.000351  max_grad=1.18  patience=13/30
2026-10-09 08:00:37,988  gsv3.training             INFO     [random:random_seed7] epoch 0077  count_mse=0.0685  count_rel_err_2q=0.191
2026-10-09 08:00:37,989  gsv3.training             INFO     [random:random_seed7] epoch 0077  region_bce=0.0655  dist_mse=0.0744  region_overlap=0.931
2026-10-09 08:00:37,989  gsv3.training             INFO     [random:random_seed7] epoch 0077  train_log_mse=0.00299  val_log_mse=0.05956  val_mse=0.000358  max_grad=0.52  patience=14/30
2026-10-09 08:01:45,814  gsv3.training             INFO     [random:random_seed7] epoch 0078  count_mse=0.0701  count_rel_err_2q=0.193
2026-10-09 08:01:45,815  gsv3.training             INFO     [random:random_seed7] epoch 0078  region_bce=0.0729  dist_mse=0.0758  region_overlap=0.927
2026-10-09 08:01:45,815  gsv3.training             INFO     [random:random_seed7] epoch 0078  train_log_mse=0.00385  val_log_mse=0.07679  val_mse=0.000394  max_grad=1.07  patience=15/30
2026-10-09 08:02:53,725  gsv3.training             INFO     [random:random_seed7] epoch 0079  count_mse=0.0712  count_rel_err_2q=0.192
2026-10-09 08:02:53,726  gsv3.training             INFO     [random:random_seed7] epoch 0079  region_bce=0.0781  dist_mse=0.0773  region_overlap=0.925
2026-10-09 08:02:53,726  gsv3.training             INFO     [random:random_seed7] epoch 0079  train_log_mse=0.00476  val_log_mse=0.09566  val_mse=0.000512  max_grad=3.93  patience=16/30
2026-10-09 08:04:01,890  gsv3.training             INFO     [random:random_seed7] epoch 0080  count_mse=0.0686  count_rel_err_2q=0.192
2026-10-09 08:04:01,891  gsv3.training             INFO     [random:random_seed7] epoch 0080  region_bce=0.0701  dist_mse=0.0755  region_overlap=0.928
2026-10-09 08:04:01,891  gsv3.training             INFO     [random:random_seed7] epoch 0080  train_log_mse=0.00332  val_log_mse=0.06266  val_mse=0.000361  max_grad=1.96  patience=17/30
2026-10-09 08:05:10,386  gsv3.training             INFO     [random:random_seed7] epoch 0081  count_mse=0.0677  count_rel_err_2q=0.190
2026-10-09 08:05:10,387  gsv3.training             INFO     [random:random_seed7] epoch 0081  region_bce=0.0633  dist_mse=0.0737  region_overlap=0.933
2026-10-09 08:05:10,387  gsv3.training             INFO     [random:random_seed7] epoch 0081  train_log_mse=0.00325  val_log_mse=0.06806  val_mse=0.000366  max_grad=0.66  patience=18/30
2026-10-09 08:06:18,896  gsv3.training             INFO     [random:random_seed7] epoch 0082  count_mse=0.0668  count_rel_err_2q=0.189
2026-10-09 08:06:18,896  gsv3.training             INFO     [random:random_seed7] epoch 0082  region_bce=0.0621  dist_mse=0.0733  region_overlap=0.934
2026-10-09 08:06:18,896  gsv3.training             INFO     [random:random_seed7] epoch 0082  train_log_mse=0.00307  val_log_mse=0.06850  val_mse=0.000382  max_grad=0.49  patience=19/30
2026-10-09 08:07:27,398  gsv3.training             INFO     [random:random_seed7] epoch 0083  count_mse=0.0664  count_rel_err_2q=0.188
2026-10-09 08:07:27,399  gsv3.training             INFO     [random:random_seed7] epoch 0083  region_bce=0.0609  dist_mse=0.0725  region_overlap=0.934
2026-10-09 08:07:27,399  gsv3.training             INFO     [random:random_seed7] epoch 0083  train_log_mse=0.00287  val_log_mse=0.07114  val_mse=0.000349  max_grad=0.42  patience=20/30
2026-10-09 08:08:36,040  gsv3.training             INFO     [random:random_seed7] epoch 0084  count_mse=0.0653  count_rel_err_2q=0.187
2026-10-09 08:08:36,040  gsv3.training             INFO     [random:random_seed7] epoch 0084  region_bce=0.0594  dist_mse=0.0720  region_overlap=0.935
2026-10-09 08:08:36,040  gsv3.training             INFO     [random:random_seed7] epoch 0084  train_log_mse=0.00292  val_log_mse=0.06922  val_mse=0.000377  max_grad=0.49  patience=21/30
2026-10-09 08:09:44,599  gsv3.training             INFO     [random:random_seed7] epoch 0085  count_mse=0.0658  count_rel_err_2q=0.190
2026-10-09 08:09:44,599  gsv3.training             INFO     [random:random_seed7] epoch 0085  region_bce=0.0611  dist_mse=0.0720  region_overlap=0.935
2026-10-09 08:09:44,599  gsv3.training             INFO     [random:random_seed7] epoch 0085  train_log_mse=0.00327  val_log_mse=0.06502  val_mse=0.000357  max_grad=0.87  patience=22/30
2026-10-09 08:10:52,754  gsv3.training             INFO     [random:random_seed7] epoch 0086  count_mse=0.0664  count_rel_err_2q=0.191
2026-10-09 08:10:52,755  gsv3.training             INFO     [random:random_seed7] epoch 0086  region_bce=0.0630  dist_mse=0.0726  region_overlap=0.934
2026-10-09 08:10:52,755  gsv3.training             INFO     [random:random_seed7] epoch 0086  train_log_mse=0.00350  val_log_mse=0.06097  val_mse=0.000398  max_grad=0.69  patience=23/30
2026-10-09 08:12:00,175  gsv3.training             INFO     [random:random_seed7] epoch 0087  count_mse=0.0650  count_rel_err_2q=0.188
2026-10-09 08:12:00,176  gsv3.training             INFO     [random:random_seed7] epoch 0087  region_bce=0.0575  dist_mse=0.0711  region_overlap=0.937
2026-10-09 08:12:00,176  gsv3.training             INFO     [random:random_seed7] epoch 0087  train_log_mse=0.00302  val_log_mse=0.09015  val_mse=0.000382  max_grad=0.60  patience=24/30
2026-10-09 08:13:07,462  gsv3.training             INFO     [random:random_seed7] epoch 0088  count_mse=0.0672  count_rel_err_2q=0.192
2026-10-09 08:13:07,462  gsv3.training             INFO     [random:random_seed7] epoch 0088  region_bce=0.0642  dist_mse=0.0732  region_overlap=0.933
2026-10-09 08:13:07,462  gsv3.training             INFO     [random:random_seed7] epoch 0088  train_log_mse=0.00409  val_log_mse=0.07623  val_mse=0.000395  max_grad=0.87  patience=25/30
2026-10-09 08:14:14,654  gsv3.training             INFO     [random:random_seed7] epoch 0089  count_mse=0.0670  count_rel_err_2q=0.191
2026-10-09 08:14:14,654  gsv3.training             INFO     [random:random_seed7] epoch 0089  region_bce=0.0664  dist_mse=0.0732  region_overlap=0.932
2026-10-09 08:14:14,654  gsv3.training             INFO     [random:random_seed7] epoch 0089  train_log_mse=0.00405  val_log_mse=0.06866  val_mse=0.000375  max_grad=1.75  patience=26/30
2026-10-09 08:15:21,997  gsv3.training             INFO     [random:random_seed7] epoch 0090  count_mse=0.0676  count_rel_err_2q=0.195
2026-10-09 08:15:21,997  gsv3.training             INFO     [random:random_seed7] epoch 0090  region_bce=0.0657  dist_mse=0.0727  region_overlap=0.932
2026-10-09 08:15:21,997  gsv3.training             INFO     [random:random_seed7] epoch 0090  train_log_mse=0.00456  val_log_mse=0.07702  val_mse=0.000399  max_grad=6.09  patience=27/30
2026-10-09 08:16:29,242  gsv3.training             INFO     [random:random_seed7] epoch 0091  count_mse=0.0676  count_rel_err_2q=0.194
2026-10-09 08:16:29,243  gsv3.training             INFO     [random:random_seed7] epoch 0091  region_bce=0.0707  dist_mse=0.0745  region_overlap=0.930
2026-10-09 08:16:29,243  gsv3.training             INFO     [random:random_seed7] epoch 0091  train_log_mse=0.00453  val_log_mse=0.06397  val_mse=0.000349  max_grad=4.98  patience=28/30
2026-10-09 08:17:36,958  gsv3.training             INFO     [random:random_seed7] epoch 0092  count_mse=0.0654  count_rel_err_2q=0.189
2026-10-09 08:17:36,958  gsv3.training             INFO     [random:random_seed7] epoch 0092  region_bce=0.0594  dist_mse=0.0716  region_overlap=0.936
2026-10-09 08:17:36,958  gsv3.training             INFO     [random:random_seed7] epoch 0092  train_log_mse=0.00352  val_log_mse=0.06961  val_mse=0.000384  max_grad=0.87  patience=29/30
2026-10-09 08:18:43,273  gsv3.training             INFO     [random:random_seed7] epoch 0093  count_mse=0.0641  count_rel_err_2q=0.187
2026-10-09 08:18:43,273  gsv3.training             INFO     [random:random_seed7] epoch 0093  region_bce=0.0550  dist_mse=0.0697  region_overlap=0.939
2026-10-09 08:18:43,273  gsv3.training             INFO     [random:random_seed7] epoch 0093  train_log_mse=0.00286  val_log_mse=0.06767  val_mse=0.000408  max_grad=1.55  patience=30/30
2026-10-09 08:18:53,280  gsv3.experiment           INFO     [random_seed7] TEST  n=5117  MAE=0.0104  R2=0.9957  device-acc=0.798  regret=0.0025
2026-10-09 08:18:53,284  genstudy.io               INFO     Wrote evaluations/generalization_v8/results/v8a_c001_s7/random_control/random_seed7/metrics.json
2026-10-09 08:18:53,309  genstudy.io               INFO     Wrote evaluations/generalization_v8/results/v8a_c001_s7/random_control/random_seed7/predictions.json
2026-10-09 08:18:53,321  genstudy.io               INFO     Wrote evaluations/generalization_v8/results/v8a_c001_s7/random_control/random_seed7/history.json
2026-10-09 08:18:53,339  run_experiment            INFO     random_control finished: 1 complete, 0 skipped
