2026-10-09 13:47:05,572  genstudy.io               INFO     Logging to evaluations/generalization_v8/results/v8r/random_control/run.log
2026-10-09 13:47:05,572  run_experiment            INFO     Command line: evaluations/generalization_v3/scripts/run_experiment.py control --model sinkhorn_rf --balance-alpha 0 --lr 3e-4 --grad-clip 1.0 --seed 5 --families x --groups x --loss mixed --val-mode random --layout-lambda 0.1 --layout-loss region_dist --layouts-path evaluations/compile_check/results/compiler_layouts_v6pilot.pt --count-lambda 0.01 --counts-path evaluations/compile_check/results/compiler_counts_v8.pt --results-dir evaluations/generalization_v8/results/v8r
2026-10-09 13:47:05,572  gsv2.gpu                  WARNING  No CUDA device available — running on the CPU.
2026-10-09 13:47:05,573  gsv3.model                INFO     Hyper-parameters (/home/atudisco/pred-distr-tool/src/model/best_params.json + v3 defaults): {'device_hidden': 64, 'device_layers': 3, 'fusion_dim': 128, 'qubit_layers': 2, 'attn_heads': 4, 'lap_pe': 8, 'cost_bias_init': -6.0, 'hidden_dim': 142, 'num_conv_wo_resnet': 3, 'num_resnet_layers': 1, 'dropout': 0.0, 'bidirectional': True, 'mlp': [512, 256, 128], 'lr': 0.001, 'readout': 'meanmaxsum'}
2026-10-09 13:47:05,602  gsv3.devices              INFO     Device graphs: node features 13 (Laplacian PE 8), physical errors True
2026-10-09 13:47:05,603  genstudy.data             INFO     Loading graph dataset: /home/atudisco/pred-distr-tool/evaluations/generalization_v3/data/graph_dataset_expected_fidelity.pt
2026-10-09 13:47:09,697  genstudy.data             INFO     Loaded 17056 graphs
2026-10-09 13:47:10,286  run_experiment            INFO     Compiler layouts (evaluations/compile_check/results/compiler_layouts_v6pilot.pt): 16994/17056 circuits
2026-10-09 13:47:10,821  run_experiment            INFO     Compiler counts (evaluations/compile_check/results/compiler_counts_v8.pt): 16994/17056 circuits
2026-10-09 13:47:10,828  genstudy.io               INFO     Wrote evaluations/generalization_v8/results/v8r/random_control/dataset_summary.json
2026-10-09 13:47:11,375  run_experiment            INFO     [1/1] random_seed5
2026-10-09 13:47:11,378  gsv3.experiment           INFO     === random / random_seed5 ===
2026-10-09 13:47:11,378  gsv3.experiment           INFO     Random split stratified by fidelity (test_fraction=0.3, seed=5): train = 11939, test = 5117 circuits; families and sizes appear on both sides.
2026-10-09 13:47:11,379  gsv3.experiment           INFO     train=9551  val=2388 ({'mode': 'random'})  test=5117
2026-10-09 13:47:11,469  gsv3.training             INFO     [random:random_seed5] model=sinkhorn_rf (979935 params) train=9551 val=2388 lr=0.0003 clip=1.0 alpha=0.00
2026-10-09 13:48:54,982  gsv3.training             INFO     [random:random_seed5] epoch 0001  count_mse=1.0397  count_rel_err_2q=0.777
2026-10-09 13:48:54,983  gsv3.training             INFO     [random:random_seed5] epoch 0001  region_bce=0.7716  dist_mse=0.2917  region_overlap=0.635
2026-10-09 13:48:54,985  gsv3.training             INFO     [random:random_seed5] epoch 0001  train_log_mse=0.41158  val_log_mse=0.40487  val_mse=0.002213  max_grad=1698.23  patience=0/30
2026-10-09 13:50:21,386  gsv3.training             INFO     [random:random_seed5] epoch 0002  count_mse=0.5861  count_rel_err_2q=0.370
2026-10-09 13:50:21,387  gsv3.training             INFO     [random:random_seed5] epoch 0002  region_bce=0.4365  dist_mse=0.2001  region_overlap=0.700
2026-10-09 13:50:21,389  gsv3.training             INFO     [random:random_seed5] epoch 0002  train_log_mse=0.04352  val_log_mse=0.42634  val_mse=0.001816  max_grad=11.14  patience=0/30
2026-10-09 13:51:49,422  gsv3.training             INFO     [random:random_seed5] epoch 0003  count_mse=0.3799  count_rel_err_2q=0.330
2026-10-09 13:51:49,423  gsv3.training             INFO     [random:random_seed5] epoch 0003  region_bce=0.3830  dist_mse=0.1881  region_overlap=0.728
2026-10-09 13:51:49,425  gsv3.training             INFO     [random:random_seed5] epoch 0003  train_log_mse=0.02401  val_log_mse=0.23951  val_mse=0.001031  max_grad=9.02  patience=0/30
2026-10-09 13:53:14,767  gsv3.training             INFO     [random:random_seed5] epoch 0004  count_mse=0.3191  count_rel_err_2q=0.323
2026-10-09 13:53:14,768  gsv3.training             INFO     [random:random_seed5] epoch 0004  region_bce=0.3591  dist_mse=0.1782  region_overlap=0.745
2026-10-09 13:53:14,768  gsv3.training             INFO     [random:random_seed5] epoch 0004  train_log_mse=0.02257  val_log_mse=0.13079  val_mse=0.001179  max_grad=7.05  patience=1/30
2026-10-09 13:54:42,200  gsv3.training             INFO     [random:random_seed5] epoch 0005  count_mse=0.2700  count_rel_err_2q=0.308
2026-10-09 13:54:42,200  gsv3.training             INFO     [random:random_seed5] epoch 0005  region_bce=0.3329  dist_mse=0.1670  region_overlap=0.760
2026-10-09 13:54:42,200  gsv3.training             INFO     [random:random_seed5] epoch 0005  train_log_mse=0.01569  val_log_mse=0.15388  val_mse=0.001435  max_grad=5.66  patience=2/30
2026-10-09 13:56:08,912  gsv3.training             INFO     [random:random_seed5] epoch 0006  count_mse=0.2382  count_rel_err_2q=0.294
2026-10-09 13:56:08,913  gsv3.training             INFO     [random:random_seed5] epoch 0006  region_bce=0.3136  dist_mse=0.1580  region_overlap=0.772
2026-10-09 13:56:08,915  gsv3.training             INFO     [random:random_seed5] epoch 0006  train_log_mse=0.01250  val_log_mse=0.11199  val_mse=0.000885  max_grad=3.25  patience=0/30
2026-10-09 13:57:36,790  gsv3.training             INFO     [random:random_seed5] epoch 0007  count_mse=0.2161  count_rel_err_2q=0.285
2026-10-09 13:57:36,791  gsv3.training             INFO     [random:random_seed5] epoch 0007  region_bce=0.3027  dist_mse=0.1524  region_overlap=0.778
2026-10-09 13:57:36,792  gsv3.training             INFO     [random:random_seed5] epoch 0007  train_log_mse=0.01353  val_log_mse=0.14545  val_mse=0.000833  max_grad=4.46  patience=0/30
2026-10-09 13:59:03,420  gsv3.training             INFO     [random:random_seed5] epoch 0008  count_mse=0.1912  count_rel_err_2q=0.273
2026-10-09 13:59:03,421  gsv3.training             INFO     [random:random_seed5] epoch 0008  region_bce=0.2905  dist_mse=0.1480  region_overlap=0.784
2026-10-09 13:59:03,421  gsv3.training             INFO     [random:random_seed5] epoch 0008  train_log_mse=0.01149  val_log_mse=0.10531  val_mse=0.001125  max_grad=4.14  patience=1/30
2026-10-09 14:00:29,575  gsv3.training             INFO     [random:random_seed5] epoch 0009  count_mse=0.1781  count_rel_err_2q=0.267
2026-10-09 14:00:29,576  gsv3.training             INFO     [random:random_seed5] epoch 0009  region_bce=0.2842  dist_mse=0.1446  region_overlap=0.788
2026-10-09 14:00:29,578  gsv3.training             INFO     [random:random_seed5] epoch 0009  train_log_mse=0.01019  val_log_mse=0.09702  val_mse=0.000726  max_grad=3.58  patience=0/30
2026-10-09 14:01:54,477  gsv3.training             INFO     [random:random_seed5] epoch 0010  count_mse=0.1643  count_rel_err_2q=0.264
2026-10-09 14:01:54,477  gsv3.training             INFO     [random:random_seed5] epoch 0010  region_bce=0.2687  dist_mse=0.1402  region_overlap=0.797
2026-10-09 14:01:54,480  gsv3.training             INFO     [random:random_seed5] epoch 0010  train_log_mse=0.01066  val_log_mse=0.06980  val_mse=0.000714  max_grad=3.37  patience=0/30
2026-10-09 14:03:19,103  gsv3.training             INFO     [random:random_seed5] epoch 0011  count_mse=0.1530  count_rel_err_2q=0.257
2026-10-09 14:03:19,104  gsv3.training             INFO     [random:random_seed5] epoch 0011  region_bce=0.2570  dist_mse=0.1345  region_overlap=0.806
2026-10-09 14:03:19,107  gsv3.training             INFO     [random:random_seed5] epoch 0011  train_log_mse=0.00838  val_log_mse=0.07411  val_mse=0.000636  max_grad=2.92  patience=0/30
2026-10-09 14:04:49,455  gsv3.training             INFO     [random:random_seed5] epoch 0012  count_mse=0.1437  count_rel_err_2q=0.256
2026-10-09 14:04:49,455  gsv3.training             INFO     [random:random_seed5] epoch 0012  region_bce=0.2459  dist_mse=0.1297  region_overlap=0.814
2026-10-09 14:04:49,457  gsv3.training             INFO     [random:random_seed5] epoch 0012  train_log_mse=0.00855  val_log_mse=0.12778  val_mse=0.000617  max_grad=2.16  patience=0/30
2026-10-09 14:06:16,944  gsv3.training             INFO     [random:random_seed5] epoch 0013  count_mse=0.1406  count_rel_err_2q=0.254
2026-10-09 14:06:16,944  gsv3.training             INFO     [random:random_seed5] epoch 0013  region_bce=0.2379  dist_mse=0.1265  region_overlap=0.820
2026-10-09 14:06:16,946  gsv3.training             INFO     [random:random_seed5] epoch 0013  train_log_mse=0.00937  val_log_mse=0.10005  val_mse=0.000548  max_grad=2.44  patience=0/30
2026-10-09 14:07:43,999  gsv3.training             INFO     [random:random_seed5] epoch 0014  count_mse=0.1356  count_rel_err_2q=0.252
2026-10-09 14:07:44,000  gsv3.training             INFO     [random:random_seed5] epoch 0014  region_bce=0.2323  dist_mse=0.1238  region_overlap=0.824
2026-10-09 14:07:44,000  gsv3.training             INFO     [random:random_seed5] epoch 0014  train_log_mse=0.00924  val_log_mse=0.09954  val_mse=0.000588  max_grad=2.40  patience=1/30
2026-10-09 14:09:10,587  gsv3.training             INFO     [random:random_seed5] epoch 0015  count_mse=0.1292  count_rel_err_2q=0.247
2026-10-09 14:09:10,588  gsv3.training             INFO     [random:random_seed5] epoch 0015  region_bce=0.2243  dist_mse=0.1213  region_overlap=0.829
2026-10-09 14:09:10,588  gsv3.training             INFO     [random:random_seed5] epoch 0015  train_log_mse=0.00703  val_log_mse=0.08116  val_mse=0.000559  max_grad=2.29  patience=2/30
2026-10-09 14:10:34,458  gsv3.training             INFO     [random:random_seed5] epoch 0016  count_mse=0.1263  count_rel_err_2q=0.246
2026-10-09 14:10:34,459  gsv3.training             INFO     [random:random_seed5] epoch 0016  region_bce=0.2200  dist_mse=0.1194  region_overlap=0.832
2026-10-09 14:10:34,459  gsv3.training             INFO     [random:random_seed5] epoch 0016  train_log_mse=0.00804  val_log_mse=0.30663  val_mse=0.001525  max_grad=2.01  patience=3/30
2026-10-09 14:12:00,265  gsv3.training             INFO     [random:random_seed5] epoch 0017  count_mse=0.1231  count_rel_err_2q=0.243
2026-10-09 14:12:00,266  gsv3.training             INFO     [random:random_seed5] epoch 0017  region_bce=0.2121  dist_mse=0.1168  region_overlap=0.837
2026-10-09 14:12:00,266  gsv3.training             INFO     [random:random_seed5] epoch 0017  train_log_mse=0.00696  val_log_mse=0.09546  val_mse=0.000650  max_grad=3.39  patience=4/30
2026-10-09 14:13:26,142  gsv3.training             INFO     [random:random_seed5] epoch 0018  count_mse=0.1189  count_rel_err_2q=0.239
2026-10-09 14:13:26,143  gsv3.training             INFO     [random:random_seed5] epoch 0018  region_bce=0.2062  dist_mse=0.1149  region_overlap=0.841
2026-10-09 14:13:26,143  gsv3.training             INFO     [random:random_seed5] epoch 0018  train_log_mse=0.00736  val_log_mse=0.07626  val_mse=0.000797  max_grad=2.04  patience=5/30
2026-10-09 14:14:48,776  gsv3.training             INFO     [random:random_seed5] epoch 0019  count_mse=0.1189  count_rel_err_2q=0.240
2026-10-09 14:14:48,776  gsv3.training             INFO     [random:random_seed5] epoch 0019  region_bce=0.2066  dist_mse=0.1138  region_overlap=0.842
2026-10-09 14:14:48,777  gsv3.training             INFO     [random:random_seed5] epoch 0019  train_log_mse=0.00746  val_log_mse=0.07963  val_mse=0.000693  max_grad=2.81  patience=6/30
2026-10-09 14:16:13,824  gsv3.training             INFO     [random:random_seed5] epoch 0020  count_mse=0.1160  count_rel_err_2q=0.237
2026-10-09 14:16:13,824  gsv3.training             INFO     [random:random_seed5] epoch 0020  region_bce=0.1979  dist_mse=0.1112  region_overlap=0.847
2026-10-09 14:16:13,824  gsv3.training             INFO     [random:random_seed5] epoch 0020  train_log_mse=0.00628  val_log_mse=0.06445  val_mse=0.000551  max_grad=1.34  patience=7/30
2026-10-09 14:17:36,756  gsv3.training             INFO     [random:random_seed5] epoch 0021  count_mse=0.1159  count_rel_err_2q=0.234
2026-10-09 14:17:36,757  gsv3.training             INFO     [random:random_seed5] epoch 0021  region_bce=0.1942  dist_mse=0.1092  region_overlap=0.850
2026-10-09 14:17:36,757  gsv3.training             INFO     [random:random_seed5] epoch 0021  train_log_mse=0.00772  val_log_mse=0.13123  val_mse=0.000641  max_grad=2.31  patience=8/30
2026-10-09 14:19:03,676  gsv3.training             INFO     [random:random_seed5] epoch 0022  count_mse=0.1115  count_rel_err_2q=0.230
2026-10-09 14:19:03,677  gsv3.training             INFO     [random:random_seed5] epoch 0022  region_bce=0.1888  dist_mse=0.1063  region_overlap=0.853
2026-10-09 14:19:03,680  gsv3.training             INFO     [random:random_seed5] epoch 0022  train_log_mse=0.00591  val_log_mse=0.08117  val_mse=0.000458  max_grad=2.76  patience=0/30
2026-10-09 14:20:31,129  gsv3.training             INFO     [random:random_seed5] epoch 0023  count_mse=0.1107  count_rel_err_2q=0.229
2026-10-09 14:20:31,130  gsv3.training             INFO     [random:random_seed5] epoch 0023  region_bce=0.1837  dist_mse=0.1040  region_overlap=0.856
2026-10-09 14:20:31,130  gsv3.training             INFO     [random:random_seed5] epoch 0023  train_log_mse=0.00679  val_log_mse=0.06314  val_mse=0.000530  max_grad=1.88  patience=1/30
2026-10-09 14:21:56,824  gsv3.training             INFO     [random:random_seed5] epoch 0024  count_mse=0.1080  count_rel_err_2q=0.227
2026-10-09 14:21:56,824  gsv3.training             INFO     [random:random_seed5] epoch 0024  region_bce=0.1807  dist_mse=0.1019  region_overlap=0.859
2026-10-09 14:21:56,826  gsv3.training             INFO     [random:random_seed5] epoch 0024  train_log_mse=0.00640  val_log_mse=0.06703  val_mse=0.000448  max_grad=1.65  patience=0/30
2026-10-09 14:23:21,073  gsv3.training             INFO     [random:random_seed5] epoch 0025  count_mse=0.1069  count_rel_err_2q=0.223
2026-10-09 14:23:21,074  gsv3.training             INFO     [random:random_seed5] epoch 0025  region_bce=0.1760  dist_mse=0.0996  region_overlap=0.862
2026-10-09 14:23:21,074  gsv3.training             INFO     [random:random_seed5] epoch 0025  train_log_mse=0.00604  val_log_mse=0.07961  val_mse=0.000571  max_grad=5.99  patience=1/30
2026-10-09 14:24:44,369  gsv3.training             INFO     [random:random_seed5] epoch 0026  count_mse=0.1047  count_rel_err_2q=0.222
2026-10-09 14:24:44,370  gsv3.training             INFO     [random:random_seed5] epoch 0026  region_bce=0.1707  dist_mse=0.0978  region_overlap=0.865
2026-10-09 14:24:44,372  gsv3.training             INFO     [random:random_seed5] epoch 0026  train_log_mse=0.00519  val_log_mse=0.06024  val_mse=0.000445  max_grad=1.41  patience=0/30
2026-10-09 14:26:12,693  gsv3.training             INFO     [random:random_seed5] epoch 0027  count_mse=0.1033  count_rel_err_2q=0.219
2026-10-09 14:26:12,695  gsv3.training             INFO     [random:random_seed5] epoch 0027  region_bce=0.1660  dist_mse=0.0960  region_overlap=0.868
2026-10-09 14:26:12,697  gsv3.training             INFO     [random:random_seed5] epoch 0027  train_log_mse=0.00581  val_log_mse=0.06323  val_mse=0.000428  max_grad=1.87  patience=0/30
2026-10-09 14:27:39,884  gsv3.training             INFO     [random:random_seed5] epoch 0028  count_mse=0.1013  count_rel_err_2q=0.215
2026-10-09 14:27:39,884  gsv3.training             INFO     [random:random_seed5] epoch 0028  region_bce=0.1595  dist_mse=0.0938  region_overlap=0.872
2026-10-09 14:27:39,884  gsv3.training             INFO     [random:random_seed5] epoch 0028  train_log_mse=0.00479  val_log_mse=0.10992  val_mse=0.000433  max_grad=1.41  patience=1/30
2026-10-09 14:29:03,871  gsv3.training             INFO     [random:random_seed5] epoch 0029  count_mse=0.1023  count_rel_err_2q=0.217
2026-10-09 14:29:03,871  gsv3.training             INFO     [random:random_seed5] epoch 0029  region_bce=0.1616  dist_mse=0.0942  region_overlap=0.871
2026-10-09 14:29:03,871  gsv3.training             INFO     [random:random_seed5] epoch 0029  train_log_mse=0.00674  val_log_mse=0.09094  val_mse=0.000652  max_grad=5.65  patience=2/30
2026-10-09 14:30:27,205  gsv3.training             INFO     [random:random_seed5] epoch 0030  count_mse=0.1000  count_rel_err_2q=0.215
2026-10-09 14:30:27,205  gsv3.training             INFO     [random:random_seed5] epoch 0030  region_bce=0.1578  dist_mse=0.0929  region_overlap=0.873
2026-10-09 14:30:27,205  gsv3.training             INFO     [random:random_seed5] epoch 0030  train_log_mse=0.00484  val_log_mse=0.06682  val_mse=0.000593  max_grad=0.85  patience=3/30
2026-10-09 14:31:50,642  gsv3.training             INFO     [random:random_seed5] epoch 0031  count_mse=0.0969  count_rel_err_2q=0.210
2026-10-09 14:31:50,643  gsv3.training             INFO     [random:random_seed5] epoch 0031  region_bce=0.1512  dist_mse=0.0914  region_overlap=0.877
2026-10-09 14:31:50,644  gsv3.training             INFO     [random:random_seed5] epoch 0031  train_log_mse=0.00501  val_log_mse=0.06853  val_mse=0.000419  max_grad=1.48  patience=0/30
2026-10-09 14:33:15,784  gsv3.training             INFO     [random:random_seed5] epoch 0032  count_mse=0.0955  count_rel_err_2q=0.209
2026-10-09 14:33:15,784  gsv3.training             INFO     [random:random_seed5] epoch 0032  region_bce=0.1480  dist_mse=0.0902  region_overlap=0.879
2026-10-09 14:33:15,787  gsv3.training             INFO     [random:random_seed5] epoch 0032  train_log_mse=0.00464  val_log_mse=0.06219  val_mse=0.000403  max_grad=0.80  patience=0/30
2026-10-09 14:34:45,768  gsv3.training             INFO     [random:random_seed5] epoch 0033  count_mse=0.0950  count_rel_err_2q=0.208
2026-10-09 14:34:45,769  gsv3.training             INFO     [random:random_seed5] epoch 0033  region_bce=0.1463  dist_mse=0.0899  region_overlap=0.881
2026-10-09 14:34:45,769  gsv3.training             INFO     [random:random_seed5] epoch 0033  train_log_mse=0.00518  val_log_mse=0.06523  val_mse=0.000430  max_grad=1.35  patience=1/30
2026-10-09 14:36:11,417  gsv3.training             INFO     [random:random_seed5] epoch 0034  count_mse=0.0952  count_rel_err_2q=0.208
2026-10-09 14:36:11,417  gsv3.training             INFO     [random:random_seed5] epoch 0034  region_bce=0.1451  dist_mse=0.0898  region_overlap=0.882
2026-10-09 14:36:11,417  gsv3.training             INFO     [random:random_seed5] epoch 0034  train_log_mse=0.00535  val_log_mse=0.11504  val_mse=0.000667  max_grad=1.26  patience=2/30
2026-10-09 14:37:36,507  gsv3.training             INFO     [random:random_seed5] epoch 0035  count_mse=0.0946  count_rel_err_2q=0.206
2026-10-09 14:37:36,508  gsv3.training             INFO     [random:random_seed5] epoch 0035  region_bce=0.1406  dist_mse=0.0887  region_overlap=0.884
2026-10-09 14:37:36,508  gsv3.training             INFO     [random:random_seed5] epoch 0035  train_log_mse=0.00506  val_log_mse=0.07191  val_mse=0.000566  max_grad=0.94  patience=3/30
2026-10-09 14:39:04,947  gsv3.training             INFO     [random:random_seed5] epoch 0036  count_mse=0.0906  count_rel_err_2q=0.203
2026-10-09 14:39:04,947  gsv3.training             INFO     [random:random_seed5] epoch 0036  region_bce=0.1352  dist_mse=0.0873  region_overlap=0.887
2026-10-09 14:39:04,947  gsv3.training             INFO     [random:random_seed5] epoch 0036  train_log_mse=0.00390  val_log_mse=0.06324  val_mse=0.000454  max_grad=0.81  patience=4/30
2026-10-09 14:40:32,835  gsv3.training             INFO     [random:random_seed5] epoch 0037  count_mse=0.0898  count_rel_err_2q=0.202
2026-10-09 14:40:32,836  gsv3.training             INFO     [random:random_seed5] epoch 0037  region_bce=0.1320  dist_mse=0.0866  region_overlap=0.889
2026-10-09 14:40:32,836  gsv3.training             INFO     [random:random_seed5] epoch 0037  train_log_mse=0.00414  val_log_mse=0.06513  val_mse=0.000404  max_grad=0.89  patience=5/30
2026-10-09 14:41:58,955  gsv3.training             INFO     [random:random_seed5] epoch 0038  count_mse=0.0956  count_rel_err_2q=0.206
2026-10-09 14:41:58,956  gsv3.training             INFO     [random:random_seed5] epoch 0038  region_bce=0.1477  dist_mse=0.0899  region_overlap=0.881
2026-10-09 14:41:58,956  gsv3.training             INFO     [random:random_seed5] epoch 0038  train_log_mse=0.00800  val_log_mse=0.06489  val_mse=0.000473  max_grad=1.97  patience=6/30
2026-10-09 14:43:22,032  gsv3.training             INFO     [random:random_seed5] epoch 0039  count_mse=0.0913  count_rel_err_2q=0.203
2026-10-09 14:43:22,032  gsv3.training             INFO     [random:random_seed5] epoch 0039  region_bce=0.1309  dist_mse=0.0867  region_overlap=0.890
2026-10-09 14:43:22,032  gsv3.training             INFO     [random:random_seed5] epoch 0039  train_log_mse=0.00494  val_log_mse=0.10561  val_mse=0.000434  max_grad=1.03  patience=7/30
2026-10-09 14:44:45,368  gsv3.training             INFO     [random:random_seed5] epoch 0040  count_mse=0.0927  count_rel_err_2q=0.203
2026-10-09 14:44:45,369  gsv3.training             INFO     [random:random_seed5] epoch 0040  region_bce=0.1320  dist_mse=0.0868  region_overlap=0.890
2026-10-09 14:44:45,369  gsv3.training             INFO     [random:random_seed5] epoch 0040  train_log_mse=0.00590  val_log_mse=0.06540  val_mse=0.000435  max_grad=3.21  patience=8/30
2026-10-09 14:46:10,137  gsv3.training             INFO     [random:random_seed5] epoch 0041  count_mse=0.0925  count_rel_err_2q=0.201
2026-10-09 14:46:10,138  gsv3.training             INFO     [random:random_seed5] epoch 0041  region_bce=0.1362  dist_mse=0.0878  region_overlap=0.888
2026-10-09 14:46:10,138  gsv3.training             INFO     [random:random_seed5] epoch 0041  train_log_mse=0.00628  val_log_mse=0.06567  val_mse=0.000421  max_grad=10.59  patience=9/30
2026-10-09 14:47:34,334  gsv3.training             INFO     [random:random_seed5] epoch 0042  count_mse=0.0898  count_rel_err_2q=0.200
2026-10-09 14:47:34,335  gsv3.training             INFO     [random:random_seed5] epoch 0042  region_bce=0.1276  dist_mse=0.0862  region_overlap=0.893
2026-10-09 14:47:34,335  gsv3.training             INFO     [random:random_seed5] epoch 0042  train_log_mse=0.00507  val_log_mse=0.06182  val_mse=0.000411  max_grad=2.10  patience=10/30
2026-10-09 14:49:00,850  gsv3.training             INFO     [random:random_seed5] epoch 0043  count_mse=0.0883  count_rel_err_2q=0.198
2026-10-09 14:49:00,851  gsv3.training             INFO     [random:random_seed5] epoch 0043  region_bce=0.1232  dist_mse=0.0849  region_overlap=0.895
2026-10-09 14:49:00,853  gsv3.training             INFO     [random:random_seed5] epoch 0043  train_log_mse=0.00408  val_log_mse=0.05925  val_mse=0.000376  max_grad=0.98  patience=0/30
2026-10-09 14:50:24,882  gsv3.training             INFO     [random:random_seed5] epoch 0044  count_mse=0.0859  count_rel_err_2q=0.196
2026-10-09 14:50:24,883  gsv3.training             INFO     [random:random_seed5] epoch 0044  region_bce=0.1153  dist_mse=0.0836  region_overlap=0.900
2026-10-09 14:50:24,883  gsv3.training             INFO     [random:random_seed5] epoch 0044  train_log_mse=0.00377  val_log_mse=0.06440  val_mse=0.000422  max_grad=0.61  patience=1/30
2026-10-09 14:51:49,040  gsv3.training             INFO     [random:random_seed5] epoch 0045  count_mse=0.0849  count_rel_err_2q=0.196
2026-10-09 14:51:49,041  gsv3.training             INFO     [random:random_seed5] epoch 0045  region_bce=0.1135  dist_mse=0.0829  region_overlap=0.901
2026-10-09 14:51:49,041  gsv3.training             INFO     [random:random_seed5] epoch 0045  train_log_mse=0.00376  val_log_mse=0.06456  val_mse=0.000379  max_grad=0.72  patience=2/30
2026-10-09 14:53:11,400  gsv3.training             INFO     [random:random_seed5] epoch 0046  count_mse=0.0849  count_rel_err_2q=0.195
2026-10-09 14:53:11,401  gsv3.training             INFO     [random:random_seed5] epoch 0046  region_bce=0.1135  dist_mse=0.0832  region_overlap=0.901
2026-10-09 14:53:11,401  gsv3.training             INFO     [random:random_seed5] epoch 0046  train_log_mse=0.00480  val_log_mse=0.10593  val_mse=0.000502  max_grad=1.43  patience=3/30
2026-10-09 14:54:37,981  gsv3.training             INFO     [random:random_seed5] epoch 0047  count_mse=0.0883  count_rel_err_2q=0.200
2026-10-09 14:54:37,982  gsv3.training             INFO     [random:random_seed5] epoch 0047  region_bce=0.1235  dist_mse=0.0853  region_overlap=0.896
2026-10-09 14:54:37,982  gsv3.training             INFO     [random:random_seed5] epoch 0047  train_log_mse=0.00613  val_log_mse=0.07197  val_mse=0.000405  max_grad=1.38  patience=4/30
2026-10-09 14:56:05,165  gsv3.training             INFO     [random:random_seed5] epoch 0048  count_mse=0.0841  count_rel_err_2q=0.194
2026-10-09 14:56:05,166  gsv3.training             INFO     [random:random_seed5] epoch 0048  region_bce=0.1116  dist_mse=0.0827  region_overlap=0.902
2026-10-09 14:56:05,168  gsv3.training             INFO     [random:random_seed5] epoch 0048  train_log_mse=0.00448  val_log_mse=0.06659  val_mse=0.000363  max_grad=1.21  patience=0/30
2026-10-09 14:57:33,308  gsv3.training             INFO     [random:random_seed5] epoch 0049  count_mse=0.0825  count_rel_err_2q=0.193
2026-10-09 14:57:33,309  gsv3.training             INFO     [random:random_seed5] epoch 0049  region_bce=0.1058  dist_mse=0.0816  region_overlap=0.906
2026-10-09 14:57:33,309  gsv3.training             INFO     [random:random_seed5] epoch 0049  train_log_mse=0.00358  val_log_mse=0.06303  val_mse=0.000438  max_grad=0.69  patience=1/30
2026-10-09 14:58:58,939  gsv3.training             INFO     [random:random_seed5] epoch 0050  count_mse=0.0815  count_rel_err_2q=0.190
2026-10-09 14:58:58,940  gsv3.training             INFO     [random:random_seed5] epoch 0050  region_bce=0.1028  dist_mse=0.0808  region_overlap=0.908
2026-10-09 14:58:58,940  gsv3.training             INFO     [random:random_seed5] epoch 0050  train_log_mse=0.00363  val_log_mse=0.06330  val_mse=0.000389  max_grad=1.14  patience=2/30
2026-10-09 15:00:24,719  gsv3.training             INFO     [random:random_seed5] epoch 0051  count_mse=0.0830  count_rel_err_2q=0.194
2026-10-09 15:00:24,720  gsv3.training             INFO     [random:random_seed5] epoch 0051  region_bce=0.1082  dist_mse=0.0821  region_overlap=0.905
2026-10-09 15:00:24,720  gsv3.training             INFO     [random:random_seed5] epoch 0051  train_log_mse=0.00497  val_log_mse=0.09687  val_mse=0.000440  max_grad=0.96  patience=3/30
2026-10-09 15:01:48,854  gsv3.training             INFO     [random:random_seed5] epoch 0052  count_mse=0.0819  count_rel_err_2q=0.192
2026-10-09 15:01:48,855  gsv3.training             INFO     [random:random_seed5] epoch 0052  region_bce=0.1028  dist_mse=0.0811  region_overlap=0.908
2026-10-09 15:01:48,855  gsv3.training             INFO     [random:random_seed5] epoch 0052  train_log_mse=0.00412  val_log_mse=0.06351  val_mse=0.000423  max_grad=1.46  patience=4/30
2026-10-09 15:03:12,538  gsv3.training             INFO     [random:random_seed5] epoch 0053  count_mse=0.0807  count_rel_err_2q=0.189
2026-10-09 15:03:12,539  gsv3.training             INFO     [random:random_seed5] epoch 0053  region_bce=0.0986  dist_mse=0.0801  region_overlap=0.910
2026-10-09 15:03:12,539  gsv3.training             INFO     [random:random_seed5] epoch 0053  train_log_mse=0.00397  val_log_mse=0.06463  val_mse=0.000540  max_grad=0.80  patience=5/30
2026-10-09 15:04:36,539  gsv3.training             INFO     [random:random_seed5] epoch 0054  count_mse=0.0793  count_rel_err_2q=0.190
2026-10-09 15:04:36,540  gsv3.training             INFO     [random:random_seed5] epoch 0054  region_bce=0.0997  dist_mse=0.0799  region_overlap=0.910
2026-10-09 15:04:36,540  gsv3.training             INFO     [random:random_seed5] epoch 0054  train_log_mse=0.00370  val_log_mse=0.06215  val_mse=0.000379  max_grad=0.74  patience=6/30
2026-10-09 15:05:59,976  gsv3.training             INFO     [random:random_seed5] epoch 0055  count_mse=0.0803  count_rel_err_2q=0.191
2026-10-09 15:05:59,977  gsv3.training             INFO     [random:random_seed5] epoch 0055  region_bce=0.0983  dist_mse=0.0801  region_overlap=0.911
2026-10-09 15:05:59,977  gsv3.training             INFO     [random:random_seed5] epoch 0055  train_log_mse=0.00433  val_log_mse=0.06715  val_mse=0.000381  max_grad=0.91  patience=7/30
2026-10-09 15:07:23,573  gsv3.training             INFO     [random:random_seed5] epoch 0056  count_mse=0.0796  count_rel_err_2q=0.190
2026-10-09 15:07:23,574  gsv3.training             INFO     [random:random_seed5] epoch 0056  region_bce=0.0999  dist_mse=0.0803  region_overlap=0.910
2026-10-09 15:07:23,574  gsv3.training             INFO     [random:random_seed5] epoch 0056  train_log_mse=0.00492  val_log_mse=0.07759  val_mse=0.000504  max_grad=3.63  patience=8/30
2026-10-09 15:08:46,625  gsv3.training             INFO     [random:random_seed5] epoch 0057  count_mse=0.0782  count_rel_err_2q=0.192
2026-10-09 15:08:46,625  gsv3.training             INFO     [random:random_seed5] epoch 0057  region_bce=0.0952  dist_mse=0.0793  region_overlap=0.912
2026-10-09 15:08:46,627  gsv3.training             INFO     [random:random_seed5] epoch 0057  train_log_mse=0.00383  val_log_mse=0.06188  val_mse=0.000349  max_grad=0.65  patience=0/30
2026-10-09 15:10:12,325  gsv3.training             INFO     [random:random_seed5] epoch 0058  count_mse=0.0770  count_rel_err_2q=0.189
2026-10-09 15:10:12,326  gsv3.training             INFO     [random:random_seed5] epoch 0058  region_bce=0.0881  dist_mse=0.0779  region_overlap=0.917
2026-10-09 15:10:12,326  gsv3.training             INFO     [random:random_seed5] epoch 0058  train_log_mse=0.00360  val_log_mse=0.06100  val_mse=0.000391  max_grad=0.59  patience=1/30
2026-10-09 15:11:39,031  gsv3.training             INFO     [random:random_seed5] epoch 0059  count_mse=0.0767  count_rel_err_2q=0.189
2026-10-09 15:11:39,032  gsv3.training             INFO     [random:random_seed5] epoch 0059  region_bce=0.0884  dist_mse=0.0778  region_overlap=0.917
2026-10-09 15:11:39,032  gsv3.training             INFO     [random:random_seed5] epoch 0059  train_log_mse=0.00352  val_log_mse=0.05785  val_mse=0.000360  max_grad=1.01  patience=2/30
2026-10-09 15:13:03,391  gsv3.training             INFO     [random:random_seed5] epoch 0060  count_mse=0.0764  count_rel_err_2q=0.190
2026-10-09 15:13:03,392  gsv3.training             INFO     [random:random_seed5] epoch 0060  region_bce=0.0878  dist_mse=0.0777  region_overlap=0.917
2026-10-09 15:13:03,392  gsv3.training             INFO     [random:random_seed5] epoch 0060  train_log_mse=0.00362  val_log_mse=0.05743  val_mse=0.000372  max_grad=0.82  patience=3/30
2026-10-09 15:14:26,337  gsv3.training             INFO     [random:random_seed5] epoch 0061  count_mse=0.0761  count_rel_err_2q=0.188
2026-10-09 15:14:26,338  gsv3.training             INFO     [random:random_seed5] epoch 0061  region_bce=0.0865  dist_mse=0.0776  region_overlap=0.918
2026-10-09 15:14:26,338  gsv3.training             INFO     [random:random_seed5] epoch 0061  train_log_mse=0.00361  val_log_mse=0.06292  val_mse=0.000383  max_grad=0.82  patience=4/30
2026-10-09 15:15:50,928  gsv3.training             INFO     [random:random_seed5] epoch 0062  count_mse=0.0757  count_rel_err_2q=0.189
2026-10-09 15:15:50,929  gsv3.training             INFO     [random:random_seed5] epoch 0062  region_bce=0.0855  dist_mse=0.0776  region_overlap=0.919
2026-10-09 15:15:50,929  gsv3.training             INFO     [random:random_seed5] epoch 0062  train_log_mse=0.00384  val_log_mse=0.06358  val_mse=0.000350  max_grad=0.91  patience=5/30
2026-10-09 15:17:17,953  gsv3.training             INFO     [random:random_seed5] epoch 0063  count_mse=0.0747  count_rel_err_2q=0.187
2026-10-09 15:17:17,954  gsv3.training             INFO     [random:random_seed5] epoch 0063  region_bce=0.0814  dist_mse=0.0766  region_overlap=0.921
2026-10-09 15:17:17,954  gsv3.training             INFO     [random:random_seed5] epoch 0063  train_log_mse=0.00337  val_log_mse=0.06036  val_mse=0.000350  max_grad=0.76  patience=6/30
2026-10-09 15:18:43,921  gsv3.training             INFO     [random:random_seed5] epoch 0064  count_mse=0.0740  count_rel_err_2q=0.186
2026-10-09 15:18:43,922  gsv3.training             INFO     [random:random_seed5] epoch 0064  region_bce=0.0798  dist_mse=0.0764  region_overlap=0.922
2026-10-09 15:18:43,924  gsv3.training             INFO     [random:random_seed5] epoch 0064  train_log_mse=0.00359  val_log_mse=0.06915  val_mse=0.000325  max_grad=0.67  patience=0/30
2026-10-09 15:20:08,816  gsv3.training             INFO     [random:random_seed5] epoch 0065  count_mse=0.0727  count_rel_err_2q=0.185
2026-10-09 15:20:08,817  gsv3.training             INFO     [random:random_seed5] epoch 0065  region_bce=0.0768  dist_mse=0.0755  region_overlap=0.924
2026-10-09 15:20:08,817  gsv3.training             INFO     [random:random_seed5] epoch 0065  train_log_mse=0.00318  val_log_mse=0.06459  val_mse=0.000376  max_grad=0.55  patience=1/30
2026-10-09 15:21:36,238  gsv3.training             INFO     [random:random_seed5] epoch 0066  count_mse=0.0746  count_rel_err_2q=0.188
2026-10-09 15:21:36,239  gsv3.training             INFO     [random:random_seed5] epoch 0066  region_bce=0.0828  dist_mse=0.0763  region_overlap=0.921
2026-10-09 15:21:36,239  gsv3.training             INFO     [random:random_seed5] epoch 0066  train_log_mse=0.00403  val_log_mse=0.05791  val_mse=0.000353  max_grad=0.81  patience=2/30
2026-10-09 15:23:03,325  gsv3.training             INFO     [random:random_seed5] epoch 0067  count_mse=0.0721  count_rel_err_2q=0.186
2026-10-09 15:23:03,326  gsv3.training             INFO     [random:random_seed5] epoch 0067  region_bce=0.0738  dist_mse=0.0751  region_overlap=0.926
2026-10-09 15:23:03,326  gsv3.training             INFO     [random:random_seed5] epoch 0067  train_log_mse=0.00328  val_log_mse=0.05877  val_mse=0.000422  max_grad=0.53  patience=3/30
2026-10-09 15:24:29,091  gsv3.training             INFO     [random:random_seed5] epoch 0068  count_mse=0.0722  count_rel_err_2q=0.185
2026-10-09 15:24:29,091  gsv3.training             INFO     [random:random_seed5] epoch 0068  region_bce=0.0745  dist_mse=0.0747  region_overlap=0.926
2026-10-09 15:24:29,091  gsv3.training             INFO     [random:random_seed5] epoch 0068  train_log_mse=0.00352  val_log_mse=0.09316  val_mse=0.000356  max_grad=0.86  patience=4/30
2026-10-09 15:25:54,571  gsv3.training             INFO     [random:random_seed5] epoch 0069  count_mse=0.0723  count_rel_err_2q=0.186
2026-10-09 15:25:54,572  gsv3.training             INFO     [random:random_seed5] epoch 0069  region_bce=0.0757  dist_mse=0.0751  region_overlap=0.925
2026-10-09 15:25:54,572  gsv3.training             INFO     [random:random_seed5] epoch 0069  train_log_mse=0.00390  val_log_mse=0.07236  val_mse=0.000370  max_grad=0.84  patience=5/30
2026-10-09 15:27:23,436  gsv3.training             INFO     [random:random_seed5] epoch 0070  count_mse=0.0719  count_rel_err_2q=0.186
2026-10-09 15:27:23,437  gsv3.training             INFO     [random:random_seed5] epoch 0070  region_bce=0.0748  dist_mse=0.0747  region_overlap=0.926
2026-10-09 15:27:23,437  gsv3.training             INFO     [random:random_seed5] epoch 0070  train_log_mse=0.00344  val_log_mse=0.05890  val_mse=0.000406  max_grad=0.51  patience=6/30
2026-10-09 15:28:51,608  gsv3.training             INFO     [random:random_seed5] epoch 0071  count_mse=0.0711  count_rel_err_2q=0.184
2026-10-09 15:28:51,609  gsv3.training             INFO     [random:random_seed5] epoch 0071  region_bce=0.0692  dist_mse=0.0736  region_overlap=0.929
2026-10-09 15:28:51,609  gsv3.training             INFO     [random:random_seed5] epoch 0071  train_log_mse=0.00336  val_log_mse=0.05820  val_mse=0.000378  max_grad=0.78  patience=7/30
2026-10-09 15:30:21,065  gsv3.training             INFO     [random:random_seed5] epoch 0072  count_mse=0.0716  count_rel_err_2q=0.188
2026-10-09 15:30:21,065  gsv3.training             INFO     [random:random_seed5] epoch 0072  region_bce=0.0692  dist_mse=0.0737  region_overlap=0.929
2026-10-09 15:30:21,065  gsv3.training             INFO     [random:random_seed5] epoch 0072  train_log_mse=0.00349  val_log_mse=0.05522  val_mse=0.000341  max_grad=0.80  patience=8/30
2026-10-09 15:31:46,353  gsv3.training             INFO     [random:random_seed5] epoch 0073  count_mse=0.0724  count_rel_err_2q=0.187
2026-10-09 15:31:46,354  gsv3.training             INFO     [random:random_seed5] epoch 0073  region_bce=0.0744  dist_mse=0.0745  region_overlap=0.926
2026-10-09 15:31:46,354  gsv3.training             INFO     [random:random_seed5] epoch 0073  train_log_mse=0.00411  val_log_mse=0.06118  val_mse=0.000335  max_grad=1.07  patience=9/30
2026-10-09 15:33:09,975  gsv3.training             INFO     [random:random_seed5] epoch 0074  count_mse=0.0702  count_rel_err_2q=0.185
2026-10-09 15:33:09,976  gsv3.training             INFO     [random:random_seed5] epoch 0074  region_bce=0.0669  dist_mse=0.0730  region_overlap=0.931
2026-10-09 15:33:09,976  gsv3.training             INFO     [random:random_seed5] epoch 0074  train_log_mse=0.00326  val_log_mse=0.06434  val_mse=0.000343  max_grad=0.64  patience=10/30
2026-10-09 15:34:32,573  gsv3.training             INFO     [random:random_seed5] epoch 0075  count_mse=0.0702  count_rel_err_2q=0.187
2026-10-09 15:34:32,574  gsv3.training             INFO     [random:random_seed5] epoch 0075  region_bce=0.0684  dist_mse=0.0731  region_overlap=0.930
2026-10-09 15:34:32,574  gsv3.training             INFO     [random:random_seed5] epoch 0075  train_log_mse=0.00363  val_log_mse=0.06298  val_mse=0.000359  max_grad=0.97  patience=11/30
2026-10-09 15:35:52,620  gsv3.training             INFO     [random:random_seed5] epoch 0076  count_mse=0.0698  count_rel_err_2q=0.185
2026-10-09 15:35:52,620  gsv3.training             INFO     [random:random_seed5] epoch 0076  region_bce=0.0660  dist_mse=0.0728  region_overlap=0.932
2026-10-09 15:35:52,620  gsv3.training             INFO     [random:random_seed5] epoch 0076  train_log_mse=0.00360  val_log_mse=0.05814  val_mse=0.000348  max_grad=0.63  patience=12/30
2026-10-09 15:37:12,245  gsv3.training             INFO     [random:random_seed5] epoch 0077  count_mse=0.0693  count_rel_err_2q=0.185
2026-10-09 15:37:12,246  gsv3.training             INFO     [random:random_seed5] epoch 0077  region_bce=0.0637  dist_mse=0.0717  region_overlap=0.933
2026-10-09 15:37:12,246  gsv3.training             INFO     [random:random_seed5] epoch 0077  train_log_mse=0.00318  val_log_mse=0.05858  val_mse=0.000360  max_grad=0.45  patience=13/30
2026-10-09 15:38:32,959  gsv3.training             INFO     [random:random_seed5] epoch 0078  count_mse=0.0679  count_rel_err_2q=0.184
2026-10-09 15:38:32,959  gsv3.training             INFO     [random:random_seed5] epoch 0078  region_bce=0.0601  dist_mse=0.0713  region_overlap=0.935
2026-10-09 15:38:32,961  gsv3.training             INFO     [random:random_seed5] epoch 0078  train_log_mse=0.00314  val_log_mse=0.05817  val_mse=0.000321  max_grad=0.61  patience=0/30
2026-10-09 15:39:54,429  gsv3.training             INFO     [random:random_seed5] epoch 0079  count_mse=0.0673  count_rel_err_2q=0.183
2026-10-09 15:39:54,429  gsv3.training             INFO     [random:random_seed5] epoch 0079  region_bce=0.0581  dist_mse=0.0704  region_overlap=0.936
2026-10-09 15:39:54,429  gsv3.training             INFO     [random:random_seed5] epoch 0079  train_log_mse=0.00288  val_log_mse=0.05850  val_mse=0.000325  max_grad=0.43  patience=1/30
2026-10-09 15:41:16,881  gsv3.training             INFO     [random:random_seed5] epoch 0080  count_mse=0.0678  count_rel_err_2q=0.184
2026-10-09 15:41:16,881  gsv3.training             INFO     [random:random_seed5] epoch 0080  region_bce=0.0598  dist_mse=0.0707  region_overlap=0.935
2026-10-09 15:41:16,881  gsv3.training             INFO     [random:random_seed5] epoch 0080  train_log_mse=0.00301  val_log_mse=0.06241  val_mse=0.000334  max_grad=0.71  patience=2/30
2026-10-09 15:42:40,166  gsv3.training             INFO     [random:random_seed5] epoch 0081  count_mse=0.0689  count_rel_err_2q=0.185
2026-10-09 15:42:40,167  gsv3.training             INFO     [random:random_seed5] epoch 0081  region_bce=0.0665  dist_mse=0.0719  region_overlap=0.932
2026-10-09 15:42:40,167  gsv3.training             INFO     [random:random_seed5] epoch 0081  train_log_mse=0.00392  val_log_mse=0.07831  val_mse=0.000376  max_grad=1.43  patience=3/30
2026-10-09 15:44:10,477  gsv3.training             INFO     [random:random_seed5] epoch 0082  count_mse=0.0679  count_rel_err_2q=0.183
2026-10-09 15:44:10,478  gsv3.training             INFO     [random:random_seed5] epoch 0082  region_bce=0.0589  dist_mse=0.0707  region_overlap=0.936
2026-10-09 15:44:10,478  gsv3.training             INFO     [random:random_seed5] epoch 0082  train_log_mse=0.00332  val_log_mse=0.05920  val_mse=0.000335  max_grad=0.84  patience=4/30
2026-10-09 15:45:45,412  gsv3.training             INFO     [random:random_seed5] epoch 0083  count_mse=0.0664  count_rel_err_2q=0.184
2026-10-09 15:45:45,412  gsv3.training             INFO     [random:random_seed5] epoch 0083  region_bce=0.0549  dist_mse=0.0690  region_overlap=0.938
2026-10-09 15:45:45,413  gsv3.training             INFO     [random:random_seed5] epoch 0083  train_log_mse=0.00285  val_log_mse=0.06107  val_mse=0.000375  max_grad=0.76  patience=5/30
2026-10-09 15:47:15,724  gsv3.training             INFO     [random:random_seed5] epoch 0084  count_mse=0.0675  count_rel_err_2q=0.186
2026-10-09 15:47:15,725  gsv3.training             INFO     [random:random_seed5] epoch 0084  region_bce=0.0587  dist_mse=0.0699  region_overlap=0.936
2026-10-09 15:47:15,725  gsv3.training             INFO     [random:random_seed5] epoch 0084  train_log_mse=0.00510  val_log_mse=0.07855  val_mse=0.000663  max_grad=7.80  patience=6/30
2026-10-09 15:48:40,433  gsv3.training             INFO     [random:random_seed5] epoch 0085  count_mse=0.0732  count_rel_err_2q=0.191
2026-10-09 15:48:40,434  gsv3.training             INFO     [random:random_seed5] epoch 0085  region_bce=0.0816  dist_mse=0.0753  region_overlap=0.923
2026-10-09 15:48:40,434  gsv3.training             INFO     [random:random_seed5] epoch 0085  train_log_mse=0.00671  val_log_mse=0.08474  val_mse=0.000362  max_grad=13.10  patience=7/30
2026-10-09 15:50:05,353  gsv3.training             INFO     [random:random_seed5] epoch 0086  count_mse=0.0706  count_rel_err_2q=0.190
2026-10-09 15:50:05,354  gsv3.training             INFO     [random:random_seed5] epoch 0086  region_bce=0.0763  dist_mse=0.0752  region_overlap=0.925
2026-10-09 15:50:05,354  gsv3.training             INFO     [random:random_seed5] epoch 0086  train_log_mse=0.00489  val_log_mse=0.05583  val_mse=0.000363  max_grad=12.80  patience=8/30
2026-10-09 15:51:27,262  gsv3.training             INFO     [random:random_seed5] epoch 0087  count_mse=0.0685  count_rel_err_2q=0.188
2026-10-09 15:51:27,263  gsv3.training             INFO     [random:random_seed5] epoch 0087  region_bce=0.0633  dist_mse=0.0727  region_overlap=0.934
2026-10-09 15:51:27,263  gsv3.training             INFO     [random:random_seed5] epoch 0087  train_log_mse=0.00396  val_log_mse=0.20520  val_mse=0.000398  max_grad=3.73  patience=9/30
2026-10-09 15:52:50,871  gsv3.training             INFO     [random:random_seed5] epoch 0088  count_mse=0.0691  count_rel_err_2q=0.185
2026-10-09 15:52:50,872  gsv3.training             INFO     [random:random_seed5] epoch 0088  region_bce=0.0670  dist_mse=0.0739  region_overlap=0.931
2026-10-09 15:52:50,872  gsv3.training             INFO     [random:random_seed5] epoch 0088  train_log_mse=0.00596  val_log_mse=0.06718  val_mse=0.000434  max_grad=29.50  patience=10/30
2026-10-09 15:54:09,769  gsv3.training             INFO     [random:random_seed5] epoch 0089  count_mse=0.0667  count_rel_err_2q=0.187
2026-10-09 15:54:09,769  gsv3.training             INFO     [random:random_seed5] epoch 0089  region_bce=0.0560  dist_mse=0.0700  region_overlap=0.938
2026-10-09 15:54:09,769  gsv3.training             INFO     [random:random_seed5] epoch 0089  train_log_mse=0.00297  val_log_mse=0.06466  val_mse=0.000352  max_grad=1.06  patience=11/30
2026-10-09 15:55:30,347  gsv3.training             INFO     [random:random_seed5] epoch 0090  count_mse=0.0653  count_rel_err_2q=0.187
2026-10-09 15:55:30,347  gsv3.training             INFO     [random:random_seed5] epoch 0090  region_bce=0.0535  dist_mse=0.0687  region_overlap=0.939
2026-10-09 15:55:30,347  gsv3.training             INFO     [random:random_seed5] epoch 0090  train_log_mse=0.00282  val_log_mse=0.06145  val_mse=0.000339  max_grad=1.23  patience=12/30
2026-10-09 15:56:52,523  gsv3.training             INFO     [random:random_seed5] epoch 0091  count_mse=0.0648  count_rel_err_2q=0.186
2026-10-09 15:56:52,524  gsv3.training             INFO     [random:random_seed5] epoch 0091  region_bce=0.0523  dist_mse=0.0675  region_overlap=0.941
2026-10-09 15:56:52,524  gsv3.training             INFO     [random:random_seed5] epoch 0091  train_log_mse=0.00287  val_log_mse=0.06609  val_mse=0.000371  max_grad=0.60  patience=13/30
2026-10-09 15:58:20,025  gsv3.training             INFO     [random:random_seed5] epoch 0092  count_mse=0.0653  count_rel_err_2q=0.186
2026-10-09 15:58:20,025  gsv3.training             INFO     [random:random_seed5] epoch 0092  region_bce=0.0524  dist_mse=0.0680  region_overlap=0.941
2026-10-09 15:58:20,026  gsv3.training             INFO     [random:random_seed5] epoch 0092  train_log_mse=0.00336  val_log_mse=0.08604  val_mse=0.000417  max_grad=0.72  patience=14/30
2026-10-09 15:59:47,308  gsv3.training             INFO     [random:random_seed5] epoch 0093  count_mse=0.0659  count_rel_err_2q=0.185
2026-10-09 15:59:47,308  gsv3.training             INFO     [random:random_seed5] epoch 0093  region_bce=0.0540  dist_mse=0.0687  region_overlap=0.940
2026-10-09 15:59:47,308  gsv3.training             INFO     [random:random_seed5] epoch 0093  train_log_mse=0.00329  val_log_mse=0.05606  val_mse=0.000323  max_grad=0.78  patience=15/30
2026-10-09 16:01:10,307  gsv3.training             INFO     [random:random_seed5] epoch 0094  count_mse=0.0662  count_rel_err_2q=0.186
2026-10-09 16:01:10,308  gsv3.training             INFO     [random:random_seed5] epoch 0094  region_bce=0.0561  dist_mse=0.0690  region_overlap=0.938
2026-10-09 16:01:10,308  gsv3.training             INFO     [random:random_seed5] epoch 0094  train_log_mse=0.00379  val_log_mse=0.08865  val_mse=0.000365  max_grad=3.46  patience=16/30
2026-10-09 16:02:33,155  gsv3.training             INFO     [random:random_seed5] epoch 0095  count_mse=0.0652  count_rel_err_2q=0.186
2026-10-09 16:02:33,156  gsv3.training             INFO     [random:random_seed5] epoch 0095  region_bce=0.0572  dist_mse=0.0688  region_overlap=0.938
2026-10-09 16:02:33,156  gsv3.training             INFO     [random:random_seed5] epoch 0095  train_log_mse=0.00342  val_log_mse=0.06985  val_mse=0.000357  max_grad=1.88  patience=17/30
2026-10-09 16:04:03,377  gsv3.training             INFO     [random:random_seed5] epoch 0096  count_mse=0.0635  count_rel_err_2q=0.184
2026-10-09 16:04:03,377  gsv3.training             INFO     [random:random_seed5] epoch 0096  region_bce=0.0500  dist_mse=0.0666  region_overlap=0.942
2026-10-09 16:04:03,377  gsv3.training             INFO     [random:random_seed5] epoch 0096  train_log_mse=0.00282  val_log_mse=0.06206  val_mse=0.000357  max_grad=0.57  patience=18/30
2026-10-09 16:05:28,091  gsv3.training             INFO     [random:random_seed5] epoch 0097  count_mse=0.0635  count_rel_err_2q=0.186
2026-10-09 16:05:28,092  gsv3.training             INFO     [random:random_seed5] epoch 0097  region_bce=0.0488  dist_mse=0.0659  region_overlap=0.943
2026-10-09 16:05:28,092  gsv3.training             INFO     [random:random_seed5] epoch 0097  train_log_mse=0.00278  val_log_mse=0.06191  val_mse=0.000355  max_grad=0.45  patience=19/30
2026-10-09 16:06:50,342  gsv3.training             INFO     [random:random_seed5] epoch 0098  count_mse=0.0630  count_rel_err_2q=0.185
2026-10-09 16:06:50,343  gsv3.training             INFO     [random:random_seed5] epoch 0098  region_bce=0.0481  dist_mse=0.0655  region_overlap=0.944
2026-10-09 16:06:50,343  gsv3.training             INFO     [random:random_seed5] epoch 0098  train_log_mse=0.00288  val_log_mse=0.06291  val_mse=0.000333  max_grad=0.63  patience=20/30
2026-10-09 16:08:11,251  gsv3.training             INFO     [random:random_seed5] epoch 0099  count_mse=0.0634  count_rel_err_2q=0.186
2026-10-09 16:08:11,251  gsv3.training             INFO     [random:random_seed5] epoch 0099  region_bce=0.0510  dist_mse=0.0658  region_overlap=0.942
2026-10-09 16:08:11,251  gsv3.training             INFO     [random:random_seed5] epoch 0099  train_log_mse=0.00283  val_log_mse=0.06891  val_mse=0.000351  max_grad=0.59  patience=21/30
2026-10-09 16:09:34,751  gsv3.training             INFO     [random:random_seed5] epoch 0100  count_mse=0.0628  count_rel_err_2q=0.185
2026-10-09 16:09:34,752  gsv3.training             INFO     [random:random_seed5] epoch 0100  region_bce=0.0491  dist_mse=0.0655  region_overlap=0.943
2026-10-09 16:09:34,752  gsv3.training             INFO     [random:random_seed5] epoch 0100  train_log_mse=0.00285  val_log_mse=0.08316  val_mse=0.000376  max_grad=0.56  patience=22/30
2026-10-09 16:10:57,199  gsv3.training             INFO     [random:random_seed5] epoch 0101  count_mse=0.0632  count_rel_err_2q=0.186
2026-10-09 16:10:57,199  gsv3.training             INFO     [random:random_seed5] epoch 0101  region_bce=0.0517  dist_mse=0.0667  region_overlap=0.941
2026-10-09 16:10:57,200  gsv3.training             INFO     [random:random_seed5] epoch 0101  train_log_mse=0.00328  val_log_mse=0.07195  val_mse=0.000397  max_grad=1.61  patience=23/30
2026-10-09 16:12:18,190  gsv3.training             INFO     [random:random_seed5] epoch 0102  count_mse=0.0646  count_rel_err_2q=0.185
2026-10-09 16:12:18,190  gsv3.training             INFO     [random:random_seed5] epoch 0102  region_bce=0.0567  dist_mse=0.0686  region_overlap=0.938
2026-10-09 16:12:18,190  gsv3.training             INFO     [random:random_seed5] epoch 0102  train_log_mse=0.00369  val_log_mse=0.06749  val_mse=0.000334  max_grad=3.02  patience=24/30
2026-10-09 16:13:38,806  gsv3.training             INFO     [random:random_seed5] epoch 0103  count_mse=0.0618  count_rel_err_2q=0.185
2026-10-09 16:13:38,807  gsv3.training             INFO     [random:random_seed5] epoch 0103  region_bce=0.0454  dist_mse=0.0641  region_overlap=0.945
2026-10-09 16:13:38,807  gsv3.training             INFO     [random:random_seed5] epoch 0103  train_log_mse=0.00251  val_log_mse=0.06606  val_mse=0.000322  max_grad=0.72  patience=25/30
2026-10-09 16:14:59,026  gsv3.training             INFO     [random:random_seed5] epoch 0104  count_mse=0.0618  count_rel_err_2q=0.185
2026-10-09 16:14:59,026  gsv3.training             INFO     [random:random_seed5] epoch 0104  region_bce=0.0447  dist_mse=0.0637  region_overlap=0.946
2026-10-09 16:14:59,026  gsv3.training             INFO     [random:random_seed5] epoch 0104  train_log_mse=0.00272  val_log_mse=0.06147  val_mse=0.000338  max_grad=0.60  patience=26/30
2026-10-09 16:16:20,863  gsv3.training             INFO     [random:random_seed5] epoch 0105  count_mse=0.0612  count_rel_err_2q=0.184
2026-10-09 16:16:20,864  gsv3.training             INFO     [random:random_seed5] epoch 0105  region_bce=0.0457  dist_mse=0.0634  region_overlap=0.945
2026-10-09 16:16:20,864  gsv3.training             INFO     [random:random_seed5] epoch 0105  train_log_mse=0.00261  val_log_mse=0.06635  val_mse=0.000331  max_grad=0.40  patience=27/30
2026-10-09 16:17:42,127  gsv3.training             INFO     [random:random_seed5] epoch 0106  count_mse=0.0610  count_rel_err_2q=0.184
2026-10-09 16:17:42,128  gsv3.training             INFO     [random:random_seed5] epoch 0106  region_bce=0.0468  dist_mse=0.0633  region_overlap=0.945
2026-10-09 16:17:42,128  gsv3.training             INFO     [random:random_seed5] epoch 0106  train_log_mse=0.00264  val_log_mse=0.07467  val_mse=0.000373  max_grad=0.45  patience=28/30
2026-10-09 16:19:05,102  gsv3.training             INFO     [random:random_seed5] epoch 0107  count_mse=0.0611  count_rel_err_2q=0.184
2026-10-09 16:19:05,103  gsv3.training             INFO     [random:random_seed5] epoch 0107  region_bce=0.0462  dist_mse=0.0634  region_overlap=0.945
2026-10-09 16:19:05,103  gsv3.training             INFO     [random:random_seed5] epoch 0107  train_log_mse=0.00276  val_log_mse=0.07809  val_mse=0.000344  max_grad=0.46  patience=29/30
2026-10-09 16:20:27,714  gsv3.training             INFO     [random:random_seed5] epoch 0108  count_mse=0.0609  count_rel_err_2q=0.185
2026-10-09 16:20:27,714  gsv3.training             INFO     [random:random_seed5] epoch 0108  region_bce=0.0440  dist_mse=0.0627  region_overlap=0.947
2026-10-09 16:20:27,714  gsv3.training             INFO     [random:random_seed5] epoch 0108  train_log_mse=0.00279  val_log_mse=0.05975  val_mse=0.000346  max_grad=0.55  patience=30/30
2026-10-09 16:20:49,419  gsv3.experiment           INFO     [random_seed5] TEST  n=5117  MAE=0.0093  R2=0.9964  device-acc=0.749  regret=0.0022
2026-10-09 16:20:49,423  genstudy.io               INFO     Wrote evaluations/generalization_v8/results/v8r/random_control/random_seed5/metrics.json
2026-10-09 16:20:49,453  genstudy.io               INFO     Wrote evaluations/generalization_v8/results/v8r/random_control/random_seed5/predictions.json
2026-10-09 16:20:49,467  genstudy.io               INFO     Wrote evaluations/generalization_v8/results/v8r/random_control/random_seed5/history.json
2026-10-09 16:20:49,511  run_experiment            INFO     random_control finished: 1 complete, 0 skipped
