2026-10-07 18:02:29,543  genstudy.io               INFO     Logging to evaluations/generalization_v3/results/xattn_a05/random_control/run.log
2026-10-07 18:02:29,544  run_experiment            INFO     Command line: evaluations/generalization_v3/scripts/run_experiment.py control --model xattn --balance-alpha 0.5 --lr 3e-4 --grad-clip 1.0 --results-dir evaluations/generalization_v3/results/xattn_a05
2026-10-07 18:02:30,040  gsv2.gpu                  INFO     GPU: NVIDIA H200
2026-10-07 18:02:30,040  gsv3.model                INFO     Hyper-parameters (/home/atudisco/pred-distr-tool/src/model/best_params.json + v3 defaults): {'device_hidden': 64, 'device_layers': 3, 'fusion_dim': 128, 'qubit_layers': 2, 'attn_heads': 4, 'lap_pe': 8, 'cost_bias_init': -6.0, 'hidden_dim': 142, 'num_conv_wo_resnet': 3, 'num_resnet_layers': 1, 'dropout': 0.0, 'bidirectional': True, 'mlp': [512, 256, 128], 'lr': 0.001, 'readout': 'meanmaxsum'}
2026-10-07 18:02:30,049  gsv3.devices              INFO     Device graphs with 8 Laplacian PE dims: node features 13
2026-10-07 18:02:30,051  genstudy.data             INFO     Loading graph dataset: /home/atudisco/pred-distr-tool/evaluations/generalization_v3/data/graph_dataset_expected_fidelity.pt
2026-10-07 18:02:33,626  genstudy.data             INFO     Loaded 17056 graphs
2026-10-07 18:02:33,658  genstudy.io               INFO     Wrote evaluations/generalization_v3/results/xattn_a05/random_control/dataset_summary.json
2026-10-07 18:02:33,750  run_experiment            INFO     [1/1] random_seed5
2026-10-07 18:02:33,753  gsv3.experiment           INFO     === random / random_seed5 ===
2026-10-07 18:02:33,753  gsv3.experiment           INFO     Random split stratified by fidelity (test_fraction=0.3, seed=5): train = 11939, test = 5117 circuits; families and sizes appear on both sides.
2026-10-07 18:02:33,754  gsv3.experiment           INFO     train=9551  val=2388 ({'mode': 'random'})  test=5117
2026-10-07 18:02:33,866  gsv3.training             INFO     [random:random_seed5] model=xattn (945113 params) train=9551 val=2388 lr=0.0003 clip=1.0 alpha=0.50
2026-10-07 18:02:56,038  gsv3.training             INFO     [random:random_seed5] epoch 0001  train_log_mse=3.19354  val_log_mse=2.25326  val_mse=0.014560  max_grad=3027.33  patience=0/30
2026-10-07 18:03:17,971  gsv3.training             INFO     [random:random_seed5] epoch 0002  train_log_mse=0.68889  val_log_mse=0.50534  val_mse=0.005865  max_grad=377.71  patience=0/30
2026-10-07 18:03:39,816  gsv3.training             INFO     [random:random_seed5] epoch 0003  train_log_mse=0.46287  val_log_mse=0.60583  val_mse=0.003528  max_grad=158.41  patience=0/30
2026-10-07 18:04:01,796  gsv3.training             INFO     [random:random_seed5] epoch 0004  train_log_mse=0.36317  val_log_mse=0.40973  val_mse=0.002915  max_grad=123.45  patience=0/30
2026-10-07 18:04:23,886  gsv3.training             INFO     [random:random_seed5] epoch 0005  train_log_mse=0.35095  val_log_mse=0.27165  val_mse=0.003306  max_grad=103.11  patience=1/30
2026-10-07 18:04:45,962  gsv3.training             INFO     [random:random_seed5] epoch 0006  train_log_mse=0.32056  val_log_mse=0.47444  val_mse=0.003040  max_grad=145.38  patience=2/30
2026-10-07 18:05:07,933  gsv3.training             INFO     [random:random_seed5] epoch 0007  train_log_mse=0.28564  val_log_mse=0.27544  val_mse=0.002354  max_grad=150.78  patience=0/30
2026-10-07 18:05:29,947  gsv3.training             INFO     [random:random_seed5] epoch 0008  train_log_mse=0.27722  val_log_mse=0.44513  val_mse=0.002722  max_grad=109.84  patience=1/30
2026-10-07 18:05:51,773  gsv3.training             INFO     [random:random_seed5] epoch 0009  train_log_mse=0.21812  val_log_mse=0.20316  val_mse=0.002152  max_grad=75.99  patience=0/30
2026-10-07 18:06:13,763  gsv3.training             INFO     [random:random_seed5] epoch 0010  train_log_mse=0.23681  val_log_mse=0.24561  val_mse=0.002783  max_grad=94.06  patience=1/30
2026-10-07 18:06:35,657  gsv3.training             INFO     [random:random_seed5] epoch 0011  train_log_mse=0.21132  val_log_mse=0.30830  val_mse=0.001917  max_grad=67.47  patience=0/30
2026-10-07 18:06:57,937  gsv3.training             INFO     [random:random_seed5] epoch 0012  train_log_mse=0.19081  val_log_mse=0.30234  val_mse=0.002704  max_grad=54.34  patience=1/30
2026-10-07 18:07:19,874  gsv3.training             INFO     [random:random_seed5] epoch 0013  train_log_mse=0.18133  val_log_mse=0.18838  val_mse=0.001698  max_grad=69.28  patience=0/30
2026-10-07 18:07:41,838  gsv3.training             INFO     [random:random_seed5] epoch 0014  train_log_mse=0.17472  val_log_mse=0.16355  val_mse=0.001663  max_grad=99.60  patience=0/30
2026-10-07 18:08:03,866  gsv3.training             INFO     [random:random_seed5] epoch 0015  train_log_mse=0.14163  val_log_mse=0.16699  val_mse=0.001555  max_grad=45.94  patience=0/30
2026-10-07 18:08:25,543  gsv3.training             INFO     [random:random_seed5] epoch 0016  train_log_mse=0.14589  val_log_mse=0.16791  val_mse=0.001709  max_grad=49.84  patience=1/30
2026-10-07 18:08:47,311  gsv3.training             INFO     [random:random_seed5] epoch 0017  train_log_mse=0.14680  val_log_mse=0.20136  val_mse=0.001959  max_grad=58.91  patience=2/30
2026-10-07 18:09:09,039  gsv3.training             INFO     [random:random_seed5] epoch 0018  train_log_mse=0.15089  val_log_mse=0.20812  val_mse=0.001917  max_grad=66.50  patience=3/30
2026-10-07 18:09:31,095  gsv3.training             INFO     [random:random_seed5] epoch 0019  train_log_mse=0.15432  val_log_mse=0.36960  val_mse=0.002227  max_grad=107.77  patience=4/30
2026-10-07 18:09:52,965  gsv3.training             INFO     [random:random_seed5] epoch 0020  train_log_mse=0.12447  val_log_mse=0.14904  val_mse=0.001554  max_grad=53.33  patience=0/30
2026-10-07 18:10:14,938  gsv3.training             INFO     [random:random_seed5] epoch 0021  train_log_mse=0.12577  val_log_mse=0.15307  val_mse=0.001523  max_grad=56.58  patience=0/30
2026-10-07 18:10:36,943  gsv3.training             INFO     [random:random_seed5] epoch 0022  train_log_mse=0.12321  val_log_mse=0.17922  val_mse=0.001365  max_grad=61.89  patience=0/30
2026-10-07 18:10:58,989  gsv3.training             INFO     [random:random_seed5] epoch 0023  train_log_mse=0.11383  val_log_mse=0.17182  val_mse=0.001583  max_grad=47.84  patience=1/30
2026-10-07 18:11:20,863  gsv3.training             INFO     [random:random_seed5] epoch 0024  train_log_mse=0.12644  val_log_mse=0.12410  val_mse=0.001419  max_grad=50.10  patience=2/30
2026-10-07 18:11:42,912  gsv3.training             INFO     [random:random_seed5] epoch 0025  train_log_mse=0.11828  val_log_mse=0.16425  val_mse=0.001266  max_grad=71.14  patience=0/30
2026-10-07 18:12:05,027  gsv3.training             INFO     [random:random_seed5] epoch 0026  train_log_mse=0.11520  val_log_mse=0.20657  val_mse=0.001257  max_grad=54.40  patience=0/30
2026-10-07 18:12:26,998  gsv3.training             INFO     [random:random_seed5] epoch 0027  train_log_mse=0.11502  val_log_mse=0.15453  val_mse=0.001330  max_grad=57.51  patience=1/30
2026-10-07 18:12:49,077  gsv3.training             INFO     [random:random_seed5] epoch 0028  train_log_mse=0.10334  val_log_mse=0.15309  val_mse=0.001305  max_grad=65.10  patience=2/30
2026-10-07 18:13:10,931  gsv3.training             INFO     [random:random_seed5] epoch 0029  train_log_mse=0.09814  val_log_mse=0.14432  val_mse=0.001246  max_grad=33.46  patience=0/30
2026-10-07 18:13:33,045  gsv3.training             INFO     [random:random_seed5] epoch 0030  train_log_mse=0.10420  val_log_mse=0.13885  val_mse=0.001209  max_grad=46.38  patience=0/30
2026-10-07 18:13:55,124  gsv3.training             INFO     [random:random_seed5] epoch 0031  train_log_mse=0.10360  val_log_mse=0.13811  val_mse=0.001327  max_grad=41.31  patience=1/30
2026-10-07 18:14:16,992  gsv3.training             INFO     [random:random_seed5] epoch 0032  train_log_mse=0.09657  val_log_mse=0.15030  val_mse=0.001287  max_grad=43.16  patience=2/30
2026-10-07 18:14:38,974  gsv3.training             INFO     [random:random_seed5] epoch 0033  train_log_mse=0.09047  val_log_mse=0.23380  val_mse=0.001275  max_grad=40.18  patience=3/30
2026-10-07 18:15:01,149  gsv3.training             INFO     [random:random_seed5] epoch 0034  train_log_mse=0.09475  val_log_mse=0.12125  val_mse=0.001175  max_grad=34.11  patience=0/30
2026-10-07 18:15:22,966  gsv3.training             INFO     [random:random_seed5] epoch 0035  train_log_mse=0.09859  val_log_mse=0.16049  val_mse=0.001365  max_grad=34.02  patience=1/30
2026-10-07 18:15:44,838  gsv3.training             INFO     [random:random_seed5] epoch 0036  train_log_mse=0.09124  val_log_mse=0.15292  val_mse=0.001222  max_grad=31.22  patience=2/30
2026-10-07 18:16:06,965  gsv3.training             INFO     [random:random_seed5] epoch 0037  train_log_mse=0.08846  val_log_mse=0.17327  val_mse=0.001388  max_grad=44.28  patience=3/30
2026-10-07 18:16:28,909  gsv3.training             INFO     [random:random_seed5] epoch 0038  train_log_mse=0.08096  val_log_mse=0.19280  val_mse=0.001623  max_grad=37.33  patience=4/30
2026-10-07 18:16:51,011  gsv3.training             INFO     [random:random_seed5] epoch 0039  train_log_mse=0.08191  val_log_mse=0.11872  val_mse=0.001045  max_grad=36.54  patience=0/30
2026-10-07 18:17:13,139  gsv3.training             INFO     [random:random_seed5] epoch 0040  train_log_mse=0.07363  val_log_mse=0.13727  val_mse=0.001123  max_grad=24.84  patience=1/30
2026-10-07 18:17:35,364  gsv3.training             INFO     [random:random_seed5] epoch 0041  train_log_mse=0.08028  val_log_mse=0.13009  val_mse=0.001115  max_grad=40.83  patience=2/30
2026-10-07 18:17:57,463  gsv3.training             INFO     [random:random_seed5] epoch 0042  train_log_mse=0.08380  val_log_mse=0.11765  val_mse=0.001128  max_grad=36.04  patience=3/30
2026-10-07 18:18:19,492  gsv3.training             INFO     [random:random_seed5] epoch 0043  train_log_mse=0.08115  val_log_mse=0.15815  val_mse=0.001094  max_grad=39.83  patience=4/30
2026-10-07 18:18:41,322  gsv3.training             INFO     [random:random_seed5] epoch 0044  train_log_mse=0.07797  val_log_mse=0.24638  val_mse=0.001565  max_grad=27.66  patience=5/30
2026-10-07 18:19:03,257  gsv3.training             INFO     [random:random_seed5] epoch 0045  train_log_mse=0.08230  val_log_mse=0.13794  val_mse=0.001017  max_grad=44.13  patience=0/30
2026-10-07 18:19:25,188  gsv3.training             INFO     [random:random_seed5] epoch 0046  train_log_mse=0.06670  val_log_mse=0.12311  val_mse=0.001041  max_grad=27.13  patience=1/30
2026-10-07 18:19:47,301  gsv3.training             INFO     [random:random_seed5] epoch 0047  train_log_mse=0.07906  val_log_mse=0.15669  val_mse=0.001111  max_grad=59.93  patience=2/30
2026-10-07 18:20:09,231  gsv3.training             INFO     [random:random_seed5] epoch 0048  train_log_mse=0.06572  val_log_mse=0.12633  val_mse=0.000966  max_grad=45.19  patience=0/30
2026-10-07 18:20:31,241  gsv3.training             INFO     [random:random_seed5] epoch 0049  train_log_mse=0.07536  val_log_mse=0.13317  val_mse=0.001005  max_grad=33.46  patience=1/30
2026-10-07 18:20:52,924  gsv3.training             INFO     [random:random_seed5] epoch 0050  train_log_mse=0.07297  val_log_mse=0.13348  val_mse=0.001060  max_grad=40.13  patience=2/30
2026-10-07 18:21:14,629  gsv3.training             INFO     [random:random_seed5] epoch 0051  train_log_mse=0.06835  val_log_mse=0.12278  val_mse=0.001340  max_grad=39.74  patience=3/30
2026-10-07 18:21:36,705  gsv3.training             INFO     [random:random_seed5] epoch 0052  train_log_mse=0.07217  val_log_mse=0.14222  val_mse=0.001057  max_grad=30.55  patience=4/30
2026-10-07 18:21:58,858  gsv3.training             INFO     [random:random_seed5] epoch 0053  train_log_mse=0.06798  val_log_mse=0.12734  val_mse=0.001076  max_grad=28.72  patience=5/30
2026-10-07 18:22:20,843  gsv3.training             INFO     [random:random_seed5] epoch 0054  train_log_mse=0.07017  val_log_mse=0.13515  val_mse=0.001132  max_grad=31.04  patience=6/30
2026-10-07 18:22:42,842  gsv3.training             INFO     [random:random_seed5] epoch 0055  train_log_mse=0.06235  val_log_mse=0.11735  val_mse=0.001036  max_grad=32.11  patience=7/30
2026-10-07 18:23:04,817  gsv3.training             INFO     [random:random_seed5] epoch 0056  train_log_mse=0.06231  val_log_mse=0.13947  val_mse=0.000978  max_grad=25.27  patience=8/30
2026-10-07 18:23:27,006  gsv3.training             INFO     [random:random_seed5] epoch 0057  train_log_mse=0.06164  val_log_mse=0.12083  val_mse=0.000937  max_grad=43.20  patience=0/30
2026-10-07 18:23:48,945  gsv3.training             INFO     [random:random_seed5] epoch 0058  train_log_mse=0.07084  val_log_mse=0.11918  val_mse=0.000862  max_grad=45.38  patience=0/30
2026-10-07 18:24:10,950  gsv3.training             INFO     [random:random_seed5] epoch 0059  train_log_mse=0.07099  val_log_mse=0.14765  val_mse=0.001003  max_grad=37.58  patience=1/30
2026-10-07 18:24:32,955  gsv3.training             INFO     [random:random_seed5] epoch 0060  train_log_mse=0.06076  val_log_mse=0.11900  val_mse=0.000909  max_grad=20.65  patience=2/30
2026-10-07 18:24:54,983  gsv3.training             INFO     [random:random_seed5] epoch 0061  train_log_mse=0.06088  val_log_mse=0.17736  val_mse=0.001310  max_grad=39.21  patience=3/30
2026-10-07 18:25:16,805  gsv3.training             INFO     [random:random_seed5] epoch 0062  train_log_mse=0.06337  val_log_mse=0.11418  val_mse=0.000952  max_grad=46.23  patience=4/30
2026-10-07 18:25:38,546  gsv3.training             INFO     [random:random_seed5] epoch 0063  train_log_mse=0.06430  val_log_mse=0.15718  val_mse=0.000893  max_grad=33.32  patience=5/30
2026-10-07 18:26:00,520  gsv3.training             INFO     [random:random_seed5] epoch 0064  train_log_mse=0.05475  val_log_mse=0.14696  val_mse=0.000875  max_grad=21.95  patience=6/30
2026-10-07 18:26:22,490  gsv3.training             INFO     [random:random_seed5] epoch 0065  train_log_mse=0.05312  val_log_mse=0.14371  val_mse=0.001100  max_grad=37.14  patience=7/30
2026-10-07 18:26:44,392  gsv3.training             INFO     [random:random_seed5] epoch 0066  train_log_mse=0.05497  val_log_mse=0.12291  val_mse=0.000871  max_grad=30.38  patience=8/30
2026-10-07 18:27:06,085  gsv3.training             INFO     [random:random_seed5] epoch 0067  train_log_mse=0.04961  val_log_mse=0.12376  val_mse=0.000835  max_grad=17.06  patience=0/30
2026-10-07 18:27:28,037  gsv3.training             INFO     [random:random_seed5] epoch 0068  train_log_mse=0.05353  val_log_mse=0.13195  val_mse=0.001174  max_grad=30.72  patience=1/30
2026-10-07 18:27:49,793  gsv3.training             INFO     [random:random_seed5] epoch 0069  train_log_mse=0.05520  val_log_mse=0.10978  val_mse=0.000813  max_grad=36.70  patience=0/30
2026-10-07 18:28:11,494  gsv3.training             INFO     [random:random_seed5] epoch 0070  train_log_mse=0.04767  val_log_mse=0.16242  val_mse=0.000868  max_grad=33.06  patience=1/30
2026-10-07 18:28:33,530  gsv3.training             INFO     [random:random_seed5] epoch 0071  train_log_mse=0.04976  val_log_mse=0.11225  val_mse=0.000840  max_grad=23.15  patience=2/30
2026-10-07 18:28:55,789  gsv3.training             INFO     [random:random_seed5] epoch 0072  train_log_mse=0.05485  val_log_mse=0.11469  val_mse=0.000833  max_grad=31.62  patience=3/30
2026-10-07 18:29:17,902  gsv3.training             INFO     [random:random_seed5] epoch 0073  train_log_mse=0.05323  val_log_mse=0.13174  val_mse=0.000864  max_grad=23.10  patience=4/30
2026-10-07 18:29:39,898  gsv3.training             INFO     [random:random_seed5] epoch 0074  train_log_mse=0.05352  val_log_mse=0.15417  val_mse=0.000793  max_grad=24.38  patience=0/30
2026-10-07 18:30:01,889  gsv3.training             INFO     [random:random_seed5] epoch 0075  train_log_mse=0.05039  val_log_mse=0.11084  val_mse=0.000852  max_grad=24.57  patience=1/30
2026-10-07 18:30:23,892  gsv3.training             INFO     [random:random_seed5] epoch 0076  train_log_mse=0.05807  val_log_mse=0.19322  val_mse=0.001125  max_grad=38.30  patience=2/30
2026-10-07 18:30:45,763  gsv3.training             INFO     [random:random_seed5] epoch 0077  train_log_mse=0.06000  val_log_mse=0.11701  val_mse=0.000840  max_grad=43.49  patience=3/30
2026-10-07 18:31:07,632  gsv3.training             INFO     [random:random_seed5] epoch 0078  train_log_mse=0.04836  val_log_mse=0.13466  val_mse=0.000825  max_grad=33.46  patience=4/30
2026-10-07 18:31:29,656  gsv3.training             INFO     [random:random_seed5] epoch 0079  train_log_mse=0.05454  val_log_mse=0.15633  val_mse=0.001115  max_grad=33.79  patience=5/30
2026-10-07 18:31:51,594  gsv3.training             INFO     [random:random_seed5] epoch 0080  train_log_mse=0.04157  val_log_mse=0.11777  val_mse=0.000834  max_grad=20.33  patience=6/30
2026-10-07 18:32:13,271  gsv3.training             INFO     [random:random_seed5] epoch 0081  train_log_mse=0.05082  val_log_mse=0.11794  val_mse=0.000855  max_grad=34.85  patience=7/30
2026-10-07 18:32:32,069  gsv3.training             INFO     [random:random_seed5] epoch 0082  train_log_mse=0.05413  val_log_mse=0.12480  val_mse=0.000772  max_grad=36.85  patience=0/30
2026-10-07 18:32:53,607  gsv3.training             INFO     [random:random_seed5] epoch 0083  train_log_mse=0.04923  val_log_mse=0.11126  val_mse=0.000841  max_grad=25.47  patience=1/30
2026-10-07 18:33:12,138  gsv3.training             INFO     [random:random_seed5] epoch 0084  train_log_mse=0.05439  val_log_mse=0.11151  val_mse=0.000768  max_grad=44.52  patience=0/30
2026-10-07 18:33:33,684  gsv3.training             INFO     [random:random_seed5] epoch 0085  train_log_mse=0.04806  val_log_mse=0.14919  val_mse=0.000857  max_grad=24.98  patience=1/30
2026-10-07 18:33:55,249  gsv3.training             INFO     [random:random_seed5] epoch 0086  train_log_mse=0.05007  val_log_mse=0.11189  val_mse=0.000745  max_grad=23.32  patience=0/30
2026-10-07 18:34:17,057  gsv3.training             INFO     [random:random_seed5] epoch 0087  train_log_mse=0.04638  val_log_mse=0.11509  val_mse=0.000894  max_grad=29.96  patience=1/30
2026-10-07 18:34:38,701  gsv3.training             INFO     [random:random_seed5] epoch 0088  train_log_mse=0.04474  val_log_mse=0.11269  val_mse=0.000756  max_grad=28.77  patience=2/30
2026-10-07 18:35:00,405  gsv3.training             INFO     [random:random_seed5] epoch 0089  train_log_mse=0.04568  val_log_mse=0.13063  val_mse=0.000742  max_grad=29.46  patience=0/30
2026-10-07 18:35:22,003  gsv3.training             INFO     [random:random_seed5] epoch 0090  train_log_mse=0.04670  val_log_mse=0.11460  val_mse=0.000738  max_grad=30.32  patience=0/30
2026-10-07 18:35:43,609  gsv3.training             INFO     [random:random_seed5] epoch 0091  train_log_mse=0.04699  val_log_mse=0.12139  val_mse=0.000866  max_grad=25.32  patience=1/30
2026-10-07 18:36:05,521  gsv3.training             INFO     [random:random_seed5] epoch 0092  train_log_mse=0.03900  val_log_mse=0.13079  val_mse=0.000787  max_grad=18.38  patience=2/30
2026-10-07 18:36:27,297  gsv3.training             INFO     [random:random_seed5] epoch 0093  train_log_mse=0.04778  val_log_mse=0.11098  val_mse=0.000748  max_grad=20.44  patience=3/30
2026-10-07 18:36:48,970  gsv3.training             INFO     [random:random_seed5] epoch 0094  train_log_mse=0.04303  val_log_mse=0.11224  val_mse=0.000804  max_grad=25.50  patience=4/30
2026-10-07 18:37:10,623  gsv3.training             INFO     [random:random_seed5] epoch 0095  train_log_mse=0.04281  val_log_mse=0.10458  val_mse=0.000753  max_grad=45.38  patience=5/30
2026-10-07 18:37:32,241  gsv3.training             INFO     [random:random_seed5] epoch 0096  train_log_mse=0.04318  val_log_mse=0.12949  val_mse=0.000849  max_grad=27.97  patience=6/30
2026-10-07 18:37:53,811  gsv3.training             INFO     [random:random_seed5] epoch 0097  train_log_mse=0.04778  val_log_mse=0.11395  val_mse=0.000742  max_grad=29.20  patience=7/30
2026-10-07 18:38:15,449  gsv3.training             INFO     [random:random_seed5] epoch 0098  train_log_mse=0.04590  val_log_mse=0.12056  val_mse=0.000802  max_grad=32.07  patience=8/30
2026-10-07 18:38:37,125  gsv3.training             INFO     [random:random_seed5] epoch 0099  train_log_mse=0.04175  val_log_mse=0.11045  val_mse=0.000831  max_grad=18.09  patience=9/30
2026-10-07 18:38:59,082  gsv3.training             INFO     [random:random_seed5] epoch 0100  train_log_mse=0.04171  val_log_mse=0.11919  val_mse=0.000681  max_grad=29.99  patience=0/30
2026-10-07 18:39:20,469  gsv3.training             INFO     [random:random_seed5] epoch 0101  train_log_mse=0.04468  val_log_mse=0.12201  val_mse=0.000750  max_grad=31.53  patience=1/30
2026-10-07 18:39:42,341  gsv3.training             INFO     [random:random_seed5] epoch 0102  train_log_mse=0.04456  val_log_mse=0.12496  val_mse=0.000836  max_grad=30.41  patience=2/30
2026-10-07 18:40:03,791  gsv3.training             INFO     [random:random_seed5] epoch 0103  train_log_mse=0.04669  val_log_mse=0.12562  val_mse=0.000695  max_grad=36.71  patience=3/30
2026-10-07 18:40:25,886  gsv3.training             INFO     [random:random_seed5] epoch 0104  train_log_mse=0.04319  val_log_mse=0.12187  val_mse=0.000681  max_grad=30.38  patience=4/30
2026-10-07 18:40:47,541  gsv3.training             INFO     [random:random_seed5] epoch 0105  train_log_mse=0.04261  val_log_mse=0.10674  val_mse=0.000776  max_grad=24.72  patience=5/30
2026-10-07 18:41:09,595  gsv3.training             INFO     [random:random_seed5] epoch 0106  train_log_mse=0.04151  val_log_mse=0.11711  val_mse=0.000708  max_grad=23.04  patience=6/30
2026-10-07 18:41:31,700  gsv3.training             INFO     [random:random_seed5] epoch 0107  train_log_mse=0.04324  val_log_mse=0.11107  val_mse=0.000726  max_grad=36.29  patience=7/30
2026-10-07 18:41:53,670  gsv3.training             INFO     [random:random_seed5] epoch 0108  train_log_mse=0.04020  val_log_mse=0.20068  val_mse=0.000786  max_grad=29.55  patience=8/30
2026-10-07 18:42:15,519  gsv3.training             INFO     [random:random_seed5] epoch 0109  train_log_mse=0.04293  val_log_mse=0.11370  val_mse=0.000647  max_grad=25.44  patience=0/30
2026-10-07 18:42:37,499  gsv3.training             INFO     [random:random_seed5] epoch 0110  train_log_mse=0.03722  val_log_mse=0.10937  val_mse=0.000622  max_grad=23.26  patience=0/30
2026-10-07 18:42:59,280  gsv3.training             INFO     [random:random_seed5] epoch 0111  train_log_mse=0.03632  val_log_mse=0.14923  val_mse=0.000625  max_grad=22.78  patience=1/30
2026-10-07 18:43:21,324  gsv3.training             INFO     [random:random_seed5] epoch 0112  train_log_mse=0.03791  val_log_mse=0.12471  val_mse=0.000695  max_grad=29.18  patience=2/30
2026-10-07 18:43:43,294  gsv3.training             INFO     [random:random_seed5] epoch 0113  train_log_mse=0.04434  val_log_mse=0.10235  val_mse=0.000675  max_grad=33.52  patience=3/30
2026-10-07 18:44:05,221  gsv3.training             INFO     [random:random_seed5] epoch 0114  train_log_mse=0.03654  val_log_mse=0.10999  val_mse=0.000680  max_grad=22.33  patience=4/30
2026-10-07 18:44:27,047  gsv3.training             INFO     [random:random_seed5] epoch 0115  train_log_mse=0.04410  val_log_mse=0.11395  val_mse=0.000621  max_grad=38.31  patience=0/30
2026-10-07 18:44:48,289  gsv3.training             INFO     [random:random_seed5] epoch 0116  train_log_mse=0.03603  val_log_mse=0.18961  val_mse=0.000652  max_grad=22.37  patience=1/30
2026-10-07 18:45:09,855  gsv3.training             INFO     [random:random_seed5] epoch 0117  train_log_mse=0.03923  val_log_mse=0.11566  val_mse=0.000813  max_grad=27.03  patience=2/30
2026-10-07 18:45:30,944  gsv3.training             INFO     [random:random_seed5] epoch 0118  train_log_mse=0.04086  val_log_mse=0.13885  val_mse=0.000834  max_grad=31.93  patience=3/30
2026-10-07 18:45:52,566  gsv3.training             INFO     [random:random_seed5] epoch 0119  train_log_mse=0.04105  val_log_mse=0.11495  val_mse=0.000670  max_grad=22.34  patience=4/30
2026-10-07 18:46:13,753  gsv3.training             INFO     [random:random_seed5] epoch 0120  train_log_mse=0.03417  val_log_mse=0.11305  val_mse=0.000635  max_grad=17.23  patience=5/30
2026-10-07 18:46:35,216  gsv3.training             INFO     [random:random_seed5] epoch 0121  train_log_mse=0.04900  val_log_mse=0.13187  val_mse=0.000851  max_grad=34.46  patience=6/30
2026-10-07 18:46:56,724  gsv3.training             INFO     [random:random_seed5] epoch 0122  train_log_mse=0.03798  val_log_mse=0.11833  val_mse=0.000740  max_grad=22.36  patience=7/30
2026-10-07 18:47:17,951  gsv3.training             INFO     [random:random_seed5] epoch 0123  train_log_mse=0.03824  val_log_mse=0.13953  val_mse=0.000612  max_grad=30.54  patience=0/30
2026-10-07 18:47:39,425  gsv3.training             INFO     [random:random_seed5] epoch 0124  train_log_mse=0.04091  val_log_mse=0.12738  val_mse=0.000702  max_grad=21.03  patience=1/30
2026-10-07 18:48:00,848  gsv3.training             INFO     [random:random_seed5] epoch 0125  train_log_mse=0.03977  val_log_mse=0.14618  val_mse=0.000616  max_grad=27.92  patience=2/30
2026-10-07 18:48:22,358  gsv3.training             INFO     [random:random_seed5] epoch 0126  train_log_mse=0.03599  val_log_mse=0.12187  val_mse=0.000675  max_grad=18.14  patience=3/30
2026-10-07 18:48:43,549  gsv3.training             INFO     [random:random_seed5] epoch 0127  train_log_mse=0.04484  val_log_mse=0.10764  val_mse=0.000644  max_grad=34.45  patience=4/30
2026-10-07 18:49:05,113  gsv3.training             INFO     [random:random_seed5] epoch 0128  train_log_mse=0.03841  val_log_mse=0.12387  val_mse=0.000605  max_grad=40.53  patience=0/30
2026-10-07 18:49:26,430  gsv3.training             INFO     [random:random_seed5] epoch 0129  train_log_mse=0.03768  val_log_mse=0.12525  val_mse=0.000597  max_grad=16.91  patience=0/30
2026-10-07 18:49:48,031  gsv3.training             INFO     [random:random_seed5] epoch 0130  train_log_mse=0.03724  val_log_mse=0.12326  val_mse=0.000613  max_grad=23.64  patience=1/30
2026-10-07 18:50:09,234  gsv3.training             INFO     [random:random_seed5] epoch 0131  train_log_mse=0.04050  val_log_mse=0.12728  val_mse=0.000998  max_grad=40.92  patience=2/30
2026-10-07 18:50:30,576  gsv3.training             INFO     [random:random_seed5] epoch 0132  train_log_mse=0.03285  val_log_mse=0.12206  val_mse=0.000675  max_grad=25.83  patience=3/30
2026-10-07 18:50:51,882  gsv3.training             INFO     [random:random_seed5] epoch 0133  train_log_mse=0.04101  val_log_mse=0.11628  val_mse=0.000583  max_grad=23.85  patience=0/30
2026-10-07 18:51:13,646  gsv3.training             INFO     [random:random_seed5] epoch 0134  train_log_mse=0.03801  val_log_mse=0.11018  val_mse=0.000711  max_grad=31.72  patience=1/30
2026-10-07 18:51:34,600  gsv3.training             INFO     [random:random_seed5] epoch 0135  train_log_mse=0.03538  val_log_mse=0.11244  val_mse=0.000612  max_grad=25.75  patience=2/30
2026-10-07 18:51:56,287  gsv3.training             INFO     [random:random_seed5] epoch 0136  train_log_mse=0.03729  val_log_mse=0.12097  val_mse=0.000643  max_grad=20.88  patience=3/30
2026-10-07 18:52:17,732  gsv3.training             INFO     [random:random_seed5] epoch 0137  train_log_mse=0.03224  val_log_mse=0.11589  val_mse=0.000576  max_grad=20.43  patience=0/30
2026-10-07 18:52:39,371  gsv3.training             INFO     [random:random_seed5] epoch 0138  train_log_mse=0.03396  val_log_mse=0.11383  val_mse=0.000548  max_grad=25.53  patience=0/30
2026-10-07 18:53:00,501  gsv3.training             INFO     [random:random_seed5] epoch 0139  train_log_mse=0.03324  val_log_mse=0.13276  val_mse=0.000638  max_grad=24.34  patience=1/30
2026-10-07 18:53:21,946  gsv3.training             INFO     [random:random_seed5] epoch 0140  train_log_mse=0.03123  val_log_mse=0.11105  val_mse=0.000611  max_grad=25.30  patience=2/30
2026-10-07 18:53:43,029  gsv3.training             INFO     [random:random_seed5] epoch 0141  train_log_mse=0.03499  val_log_mse=0.13118  val_mse=0.000674  max_grad=20.03  patience=3/30
2026-10-07 18:54:04,399  gsv3.training             INFO     [random:random_seed5] epoch 0142  train_log_mse=0.03314  val_log_mse=0.12923  val_mse=0.000630  max_grad=23.20  patience=4/30
2026-10-07 18:54:25,519  gsv3.training             INFO     [random:random_seed5] epoch 0143  train_log_mse=0.03118  val_log_mse=0.11969  val_mse=0.000593  max_grad=18.36  patience=5/30
2026-10-07 18:54:46,982  gsv3.training             INFO     [random:random_seed5] epoch 0144  train_log_mse=0.03298  val_log_mse=0.10942  val_mse=0.000531  max_grad=20.00  patience=0/30
2026-10-07 18:55:08,167  gsv3.training             INFO     [random:random_seed5] epoch 0145  train_log_mse=0.03151  val_log_mse=0.10822  val_mse=0.000565  max_grad=19.88  patience=1/30
2026-10-07 18:55:29,512  gsv3.training             INFO     [random:random_seed5] epoch 0146  train_log_mse=0.02961  val_log_mse=0.11354  val_mse=0.000633  max_grad=17.74  patience=2/30
2026-10-07 18:55:50,880  gsv3.training             INFO     [random:random_seed5] epoch 0147  train_log_mse=0.03536  val_log_mse=0.10836  val_mse=0.000572  max_grad=28.82  patience=3/30
2026-10-07 18:56:12,301  gsv3.training             INFO     [random:random_seed5] epoch 0148  train_log_mse=0.03329  val_log_mse=0.11285  val_mse=0.000571  max_grad=25.52  patience=4/30
2026-10-07 18:56:33,663  gsv3.training             INFO     [random:random_seed5] epoch 0149  train_log_mse=0.03078  val_log_mse=0.12793  val_mse=0.000602  max_grad=18.07  patience=5/30
2026-10-07 18:56:55,009  gsv3.training             INFO     [random:random_seed5] epoch 0150  train_log_mse=0.03057  val_log_mse=0.14043  val_mse=0.000735  max_grad=27.53  patience=6/30
2026-10-07 18:57:16,325  gsv3.training             INFO     [random:random_seed5] epoch 0151  train_log_mse=0.03337  val_log_mse=0.12351  val_mse=0.000633  max_grad=15.51  patience=7/30
2026-10-07 18:57:37,550  gsv3.training             INFO     [random:random_seed5] epoch 0152  train_log_mse=0.03283  val_log_mse=0.12932  val_mse=0.000581  max_grad=30.92  patience=8/30
2026-10-07 18:57:58,982  gsv3.training             INFO     [random:random_seed5] epoch 0153  train_log_mse=0.03152  val_log_mse=0.11228  val_mse=0.000541  max_grad=17.65  patience=9/30
2026-10-07 18:58:20,361  gsv3.training             INFO     [random:random_seed5] epoch 0154  train_log_mse=0.03247  val_log_mse=0.10973  val_mse=0.000561  max_grad=22.18  patience=10/30
2026-10-07 18:58:41,728  gsv3.training             INFO     [random:random_seed5] epoch 0155  train_log_mse=0.03339  val_log_mse=0.11369  val_mse=0.000578  max_grad=27.06  patience=11/30
2026-10-07 18:59:02,873  gsv3.training             INFO     [random:random_seed5] epoch 0156  train_log_mse=0.03382  val_log_mse=0.11794  val_mse=0.000558  max_grad=26.16  patience=12/30
2026-10-07 18:59:24,327  gsv3.training             INFO     [random:random_seed5] epoch 0157  train_log_mse=0.02893  val_log_mse=0.11890  val_mse=0.000575  max_grad=19.63  patience=13/30
2026-10-07 18:59:45,524  gsv3.training             INFO     [random:random_seed5] epoch 0158  train_log_mse=0.03041  val_log_mse=0.11416  val_mse=0.000578  max_grad=21.74  patience=14/30
2026-10-07 19:00:07,021  gsv3.training             INFO     [random:random_seed5] epoch 0159  train_log_mse=0.03140  val_log_mse=0.11476  val_mse=0.000533  max_grad=15.67  patience=15/30
2026-10-07 19:00:28,233  gsv3.training             INFO     [random:random_seed5] epoch 0160  train_log_mse=0.02814  val_log_mse=0.14960  val_mse=0.000593  max_grad=18.85  patience=16/30
2026-10-07 19:00:49,746  gsv3.training             INFO     [random:random_seed5] epoch 0161  train_log_mse=0.02919  val_log_mse=0.11058  val_mse=0.000562  max_grad=19.73  patience=17/30
2026-10-07 19:01:10,763  gsv3.training             INFO     [random:random_seed5] epoch 0162  train_log_mse=0.03578  val_log_mse=0.11415  val_mse=0.000676  max_grad=26.11  patience=18/30
2026-10-07 19:01:32,254  gsv3.training             INFO     [random:random_seed5] epoch 0163  train_log_mse=0.03442  val_log_mse=0.13482  val_mse=0.000546  max_grad=27.16  patience=19/30
2026-10-07 19:01:53,390  gsv3.training             INFO     [random:random_seed5] epoch 0164  train_log_mse=0.03189  val_log_mse=0.12008  val_mse=0.000555  max_grad=20.42  patience=20/30
2026-10-07 19:02:14,944  gsv3.training             INFO     [random:random_seed5] epoch 0165  train_log_mse=0.03118  val_log_mse=0.12053  val_mse=0.000545  max_grad=17.07  patience=21/30
2026-10-07 19:02:36,186  gsv3.training             INFO     [random:random_seed5] epoch 0166  train_log_mse=0.02974  val_log_mse=0.12952  val_mse=0.000603  max_grad=25.27  patience=22/30
2026-10-07 19:02:57,572  gsv3.training             INFO     [random:random_seed5] epoch 0167  train_log_mse=0.03219  val_log_mse=0.11689  val_mse=0.000527  max_grad=26.81  patience=0/30
2026-10-07 19:03:18,761  gsv3.training             INFO     [random:random_seed5] epoch 0168  train_log_mse=0.02981  val_log_mse=0.11200  val_mse=0.000547  max_grad=23.92  patience=1/30
2026-10-07 19:03:40,235  gsv3.training             INFO     [random:random_seed5] epoch 0169  train_log_mse=0.03025  val_log_mse=0.11516  val_mse=0.000527  max_grad=18.40  patience=2/30
2026-10-07 19:04:01,330  gsv3.training             INFO     [random:random_seed5] epoch 0170  train_log_mse=0.02660  val_log_mse=0.11186  val_mse=0.000732  max_grad=17.28  patience=3/30
2026-10-07 19:04:22,709  gsv3.training             INFO     [random:random_seed5] epoch 0171  train_log_mse=0.02823  val_log_mse=0.11287  val_mse=0.000508  max_grad=18.17  patience=0/30
2026-10-07 19:04:44,011  gsv3.training             INFO     [random:random_seed5] epoch 0172  train_log_mse=0.02675  val_log_mse=0.10465  val_mse=0.000625  max_grad=16.26  patience=1/30
2026-10-07 19:05:05,342  gsv3.training             INFO     [random:random_seed5] epoch 0173  train_log_mse=0.03122  val_log_mse=0.11083  val_mse=0.000570  max_grad=21.60  patience=2/30
2026-10-07 19:05:26,658  gsv3.training             INFO     [random:random_seed5] epoch 0174  train_log_mse=0.02765  val_log_mse=0.12610  val_mse=0.000620  max_grad=17.82  patience=3/30
2026-10-07 19:05:48,166  gsv3.training             INFO     [random:random_seed5] epoch 0175  train_log_mse=0.02944  val_log_mse=0.12772  val_mse=0.000563  max_grad=18.72  patience=4/30
2026-10-07 19:06:09,373  gsv3.training             INFO     [random:random_seed5] epoch 0176  train_log_mse=0.02827  val_log_mse=0.11422  val_mse=0.000496  max_grad=25.83  patience=0/30
2026-10-07 19:06:30,843  gsv3.training             INFO     [random:random_seed5] epoch 0177  train_log_mse=0.02850  val_log_mse=0.11315  val_mse=0.000538  max_grad=18.20  patience=1/30
2026-10-07 19:06:52,018  gsv3.training             INFO     [random:random_seed5] epoch 0178  train_log_mse=0.02840  val_log_mse=0.10547  val_mse=0.000517  max_grad=16.67  patience=2/30
2026-10-07 19:07:13,392  gsv3.training             INFO     [random:random_seed5] epoch 0179  train_log_mse=0.03017  val_log_mse=0.14881  val_mse=0.000735  max_grad=16.92  patience=3/30
2026-10-07 19:07:34,736  gsv3.training             INFO     [random:random_seed5] epoch 0180  train_log_mse=0.02622  val_log_mse=0.11256  val_mse=0.000521  max_grad=22.77  patience=4/30
2026-10-07 19:07:56,130  gsv3.training             INFO     [random:random_seed5] epoch 0181  train_log_mse=0.02751  val_log_mse=0.11919  val_mse=0.000545  max_grad=21.84  patience=5/30
2026-10-07 19:08:17,452  gsv3.training             INFO     [random:random_seed5] epoch 0182  train_log_mse=0.02669  val_log_mse=0.11707  val_mse=0.000550  max_grad=18.37  patience=6/30
2026-10-07 19:08:38,452  gsv3.training             INFO     [random:random_seed5] epoch 0183  train_log_mse=0.02770  val_log_mse=0.10981  val_mse=0.000531  max_grad=22.43  patience=7/30
2026-10-07 19:08:59,939  gsv3.training             INFO     [random:random_seed5] epoch 0184  train_log_mse=0.02474  val_log_mse=0.12238  val_mse=0.000524  max_grad=18.25  patience=8/30
2026-10-07 19:09:20,837  gsv3.training             INFO     [random:random_seed5] epoch 0185  train_log_mse=0.02833  val_log_mse=0.10940  val_mse=0.000582  max_grad=16.76  patience=9/30
2026-10-07 19:09:42,278  gsv3.training             INFO     [random:random_seed5] epoch 0186  train_log_mse=0.02746  val_log_mse=0.11539  val_mse=0.000514  max_grad=18.91  patience=10/30
2026-10-07 19:10:03,075  gsv3.training             INFO     [random:random_seed5] epoch 0187  train_log_mse=0.03272  val_log_mse=0.12323  val_mse=0.000511  max_grad=40.54  patience=11/30
2026-10-07 19:10:24,515  gsv3.training             INFO     [random:random_seed5] epoch 0188  train_log_mse=0.03175  val_log_mse=0.11883  val_mse=0.000548  max_grad=27.24  patience=12/30
2026-10-07 19:10:45,405  gsv3.training             INFO     [random:random_seed5] epoch 0189  train_log_mse=0.03115  val_log_mse=0.11729  val_mse=0.000553  max_grad=23.13  patience=13/30
2026-10-07 19:11:06,835  gsv3.training             INFO     [random:random_seed5] epoch 0190  train_log_mse=0.02758  val_log_mse=0.11374  val_mse=0.000483  max_grad=21.89  patience=0/30
2026-10-07 19:11:27,886  gsv3.training             INFO     [random:random_seed5] epoch 0191  train_log_mse=0.02735  val_log_mse=0.11636  val_mse=0.000750  max_grad=20.27  patience=1/30
2026-10-07 19:11:49,213  gsv3.training             INFO     [random:random_seed5] epoch 0192  train_log_mse=0.02646  val_log_mse=0.11893  val_mse=0.000552  max_grad=18.51  patience=2/30
2026-10-07 19:12:10,401  gsv3.training             INFO     [random:random_seed5] epoch 0193  train_log_mse=0.02973  val_log_mse=0.12744  val_mse=0.000679  max_grad=24.64  patience=3/30
2026-10-07 19:12:31,724  gsv3.training             INFO     [random:random_seed5] epoch 0194  train_log_mse=0.02665  val_log_mse=0.12308  val_mse=0.000532  max_grad=18.65  patience=4/30
2026-10-07 19:12:52,690  gsv3.training             INFO     [random:random_seed5] epoch 0195  train_log_mse=0.02829  val_log_mse=0.12349  val_mse=0.000531  max_grad=21.96  patience=5/30
2026-10-07 19:13:14,090  gsv3.training             INFO     [random:random_seed5] epoch 0196  train_log_mse=0.03034  val_log_mse=0.10719  val_mse=0.000533  max_grad=21.70  patience=6/30
2026-10-07 19:13:35,192  gsv3.training             INFO     [random:random_seed5] epoch 0197  train_log_mse=0.02350  val_log_mse=0.11212  val_mse=0.000487  max_grad=14.13  patience=7/30
2026-10-07 19:13:56,522  gsv3.training             INFO     [random:random_seed5] epoch 0198  train_log_mse=0.02737  val_log_mse=0.13757  val_mse=0.000527  max_grad=22.39  patience=8/30
2026-10-07 19:14:17,689  gsv3.training             INFO     [random:random_seed5] epoch 0199  train_log_mse=0.02590  val_log_mse=0.12801  val_mse=0.000514  max_grad=17.50  patience=9/30
2026-10-07 19:14:39,323  gsv3.training             INFO     [random:random_seed5] epoch 0200  train_log_mse=0.02763  val_log_mse=0.11148  val_mse=0.000626  max_grad=21.36  patience=10/30
2026-10-07 19:15:00,478  gsv3.training             INFO     [random:random_seed5] epoch 0201  train_log_mse=0.02560  val_log_mse=0.11999  val_mse=0.000504  max_grad=14.35  patience=11/30
2026-10-07 19:15:21,956  gsv3.training             INFO     [random:random_seed5] epoch 0202  train_log_mse=0.02681  val_log_mse=0.10929  val_mse=0.000514  max_grad=16.40  patience=12/30
2026-10-07 19:15:42,982  gsv3.training             INFO     [random:random_seed5] epoch 0203  train_log_mse=0.02532  val_log_mse=0.12244  val_mse=0.000488  max_grad=16.82  patience=13/30
2026-10-07 19:16:04,534  gsv3.training             INFO     [random:random_seed5] epoch 0204  train_log_mse=0.02727  val_log_mse=0.12420  val_mse=0.000496  max_grad=35.11  patience=14/30
2026-10-07 19:16:25,787  gsv3.training             INFO     [random:random_seed5] epoch 0205  train_log_mse=0.02660  val_log_mse=0.11650  val_mse=0.000506  max_grad=24.19  patience=15/30
2026-10-07 19:16:47,157  gsv3.training             INFO     [random:random_seed5] epoch 0206  train_log_mse=0.02445  val_log_mse=0.11999  val_mse=0.000527  max_grad=19.51  patience=16/30
2026-10-07 19:17:08,386  gsv3.training             INFO     [random:random_seed5] epoch 0207  train_log_mse=0.02834  val_log_mse=0.11314  val_mse=0.000541  max_grad=20.45  patience=17/30
2026-10-07 19:17:29,784  gsv3.training             INFO     [random:random_seed5] epoch 0208  train_log_mse=0.02400  val_log_mse=0.11690  val_mse=0.000529  max_grad=20.74  patience=18/30
2026-10-07 19:17:50,953  gsv3.training             INFO     [random:random_seed5] epoch 0209  train_log_mse=0.02892  val_log_mse=0.12125  val_mse=0.000519  max_grad=28.71  patience=19/30
2026-10-07 19:18:12,336  gsv3.training             INFO     [random:random_seed5] epoch 0210  train_log_mse=0.02564  val_log_mse=0.11697  val_mse=0.000495  max_grad=16.42  patience=20/30
2026-10-07 19:18:33,545  gsv3.training             INFO     [random:random_seed5] epoch 0211  train_log_mse=0.02700  val_log_mse=0.12428  val_mse=0.000512  max_grad=15.82  patience=21/30
2026-10-07 19:18:54,678  gsv3.training             INFO     [random:random_seed5] epoch 0212  train_log_mse=0.02446  val_log_mse=0.11445  val_mse=0.000549  max_grad=18.11  patience=22/30
2026-10-07 19:19:16,031  gsv3.training             INFO     [random:random_seed5] epoch 0213  train_log_mse=0.02583  val_log_mse=0.14571  val_mse=0.000627  max_grad=21.35  patience=23/30
2026-10-07 19:19:37,478  gsv3.training             INFO     [random:random_seed5] epoch 0214  train_log_mse=0.02352  val_log_mse=0.10650  val_mse=0.000519  max_grad=17.93  patience=24/30
2026-10-07 19:19:58,799  gsv3.training             INFO     [random:random_seed5] epoch 0215  train_log_mse=0.02600  val_log_mse=0.11075  val_mse=0.000542  max_grad=14.35  patience=25/30
2026-10-07 19:20:19,933  gsv3.training             INFO     [random:random_seed5] epoch 0216  train_log_mse=0.03051  val_log_mse=0.11555  val_mse=0.000502  max_grad=20.44  patience=26/30
2026-10-07 19:20:41,419  gsv3.training             INFO     [random:random_seed5] epoch 0217  train_log_mse=0.02780  val_log_mse=0.12690  val_mse=0.000483  max_grad=19.31  patience=0/30
2026-10-07 19:21:02,530  gsv3.training             INFO     [random:random_seed5] epoch 0218  train_log_mse=0.02418  val_log_mse=0.11290  val_mse=0.000504  max_grad=14.44  patience=1/30
2026-10-07 19:21:24,133  gsv3.training             INFO     [random:random_seed5] epoch 0219  train_log_mse=0.02596  val_log_mse=0.13323  val_mse=0.000485  max_grad=15.60  patience=2/30
2026-10-07 19:21:45,022  gsv3.training             INFO     [random:random_seed5] epoch 0220  train_log_mse=0.02708  val_log_mse=0.11646  val_mse=0.000478  max_grad=23.30  patience=0/30
2026-10-07 19:22:06,508  gsv3.training             INFO     [random:random_seed5] epoch 0221  train_log_mse=0.02915  val_log_mse=0.10860  val_mse=0.000495  max_grad=32.48  patience=1/30
2026-10-07 19:22:27,653  gsv3.training             INFO     [random:random_seed5] epoch 0222  train_log_mse=0.02379  val_log_mse=0.10969  val_mse=0.000485  max_grad=20.05  patience=2/30
2026-10-07 19:22:49,239  gsv3.training             INFO     [random:random_seed5] epoch 0223  train_log_mse=0.02659  val_log_mse=0.11184  val_mse=0.000504  max_grad=17.17  patience=3/30
2026-10-07 19:23:10,366  gsv3.training             INFO     [random:random_seed5] epoch 0224  train_log_mse=0.02277  val_log_mse=0.13205  val_mse=0.000509  max_grad=15.97  patience=4/30
2026-10-07 19:23:31,975  gsv3.training             INFO     [random:random_seed5] epoch 0225  train_log_mse=0.02363  val_log_mse=0.12258  val_mse=0.000594  max_grad=17.14  patience=5/30
2026-10-07 19:23:52,948  gsv3.training             INFO     [random:random_seed5] epoch 0226  train_log_mse=0.02263  val_log_mse=0.12205  val_mse=0.000494  max_grad=15.47  patience=6/30
2026-10-07 19:24:14,554  gsv3.training             INFO     [random:random_seed5] epoch 0227  train_log_mse=0.02759  val_log_mse=0.11164  val_mse=0.000477  max_grad=21.45  patience=0/30
2026-10-07 19:24:35,745  gsv3.training             INFO     [random:random_seed5] epoch 0228  train_log_mse=0.02378  val_log_mse=0.13022  val_mse=0.000526  max_grad=25.20  patience=1/30
2026-10-07 19:24:56,890  gsv3.training             INFO     [random:random_seed5] epoch 0229  train_log_mse=0.02327  val_log_mse=0.12098  val_mse=0.000480  max_grad=20.51  patience=2/30
2026-10-07 19:25:18,063  gsv3.training             INFO     [random:random_seed5] epoch 0230  train_log_mse=0.02239  val_log_mse=0.11339  val_mse=0.000489  max_grad=11.32  patience=3/30
2026-10-07 19:25:39,139  gsv3.training             INFO     [random:random_seed5] epoch 0231  train_log_mse=0.02438  val_log_mse=0.14915  val_mse=0.000577  max_grad=17.70  patience=4/30
2026-10-07 19:26:00,521  gsv3.training             INFO     [random:random_seed5] epoch 0232  train_log_mse=0.02664  val_log_mse=0.11931  val_mse=0.000525  max_grad=15.59  patience=5/30
2026-10-07 19:26:21,599  gsv3.training             INFO     [random:random_seed5] epoch 0233  train_log_mse=0.02288  val_log_mse=0.11994  val_mse=0.000545  max_grad=12.77  patience=6/30
2026-10-07 19:26:43,060  gsv3.training             INFO     [random:random_seed5] epoch 0234  train_log_mse=0.02416  val_log_mse=0.11050  val_mse=0.000481  max_grad=22.88  patience=7/30
2026-10-07 19:27:04,063  gsv3.training             INFO     [random:random_seed5] epoch 0235  train_log_mse=0.02315  val_log_mse=0.13180  val_mse=0.000555  max_grad=14.70  patience=8/30
2026-10-07 19:27:25,469  gsv3.training             INFO     [random:random_seed5] epoch 0236  train_log_mse=0.02427  val_log_mse=0.11875  val_mse=0.000583  max_grad=24.25  patience=9/30
2026-10-07 19:27:46,454  gsv3.training             INFO     [random:random_seed5] epoch 0237  train_log_mse=0.02350  val_log_mse=0.11680  val_mse=0.000494  max_grad=11.95  patience=10/30
2026-10-07 19:28:07,685  gsv3.training             INFO     [random:random_seed5] epoch 0238  train_log_mse=0.02077  val_log_mse=0.11724  val_mse=0.000513  max_grad=18.88  patience=11/30
2026-10-07 19:28:28,646  gsv3.training             INFO     [random:random_seed5] epoch 0239  train_log_mse=0.02141  val_log_mse=0.12339  val_mse=0.000451  max_grad=17.34  patience=0/30
2026-10-07 19:28:49,945  gsv3.training             INFO     [random:random_seed5] epoch 0240  train_log_mse=0.02736  val_log_mse=0.11658  val_mse=0.000457  max_grad=22.07  patience=1/30
2026-10-07 19:29:10,873  gsv3.training             INFO     [random:random_seed5] epoch 0241  train_log_mse=0.02441  val_log_mse=0.10957  val_mse=0.000480  max_grad=20.33  patience=2/30
2026-10-07 19:29:32,137  gsv3.training             INFO     [random:random_seed5] epoch 0242  train_log_mse=0.02706  val_log_mse=0.11344  val_mse=0.000492  max_grad=18.51  patience=3/30
2026-10-07 19:29:53,286  gsv3.training             INFO     [random:random_seed5] epoch 0243  train_log_mse=0.02372  val_log_mse=0.11631  val_mse=0.000508  max_grad=20.96  patience=4/30
2026-10-07 19:30:14,536  gsv3.training             INFO     [random:random_seed5] epoch 0244  train_log_mse=0.02371  val_log_mse=0.11402  val_mse=0.000462  max_grad=19.67  patience=5/30
2026-10-07 19:30:35,617  gsv3.training             INFO     [random:random_seed5] epoch 0245  train_log_mse=0.02519  val_log_mse=0.13291  val_mse=0.000505  max_grad=21.13  patience=6/30
2026-10-07 19:30:56,654  gsv3.training             INFO     [random:random_seed5] epoch 0246  train_log_mse=0.02514  val_log_mse=0.10942  val_mse=0.000502  max_grad=17.53  patience=7/30
2026-10-07 19:31:17,809  gsv3.training             INFO     [random:random_seed5] epoch 0247  train_log_mse=0.02365  val_log_mse=0.11331  val_mse=0.000542  max_grad=18.07  patience=8/30
2026-10-07 19:31:38,726  gsv3.training             INFO     [random:random_seed5] epoch 0248  train_log_mse=0.02066  val_log_mse=0.12382  val_mse=0.000476  max_grad=13.11  patience=9/30
2026-10-07 19:32:00,070  gsv3.training             INFO     [random:random_seed5] epoch 0249  train_log_mse=0.02581  val_log_mse=0.11431  val_mse=0.000461  max_grad=21.57  patience=10/30
2026-10-07 19:32:20,845  gsv3.training             INFO     [random:random_seed5] epoch 0250  train_log_mse=0.02068  val_log_mse=0.11381  val_mse=0.000476  max_grad=17.46  patience=11/30
2026-10-07 19:32:42,227  gsv3.training             INFO     [random:random_seed5] epoch 0251  train_log_mse=0.02512  val_log_mse=0.11916  val_mse=0.000474  max_grad=20.51  patience=12/30
2026-10-07 19:33:02,969  gsv3.training             INFO     [random:random_seed5] epoch 0252  train_log_mse=0.02392  val_log_mse=0.12091  val_mse=0.000515  max_grad=21.79  patience=13/30
2026-10-07 19:33:24,146  gsv3.training             INFO     [random:random_seed5] epoch 0253  train_log_mse=0.02383  val_log_mse=0.11617  val_mse=0.000512  max_grad=25.37  patience=14/30
2026-10-07 19:33:45,337  gsv3.training             INFO     [random:random_seed5] epoch 0254  train_log_mse=0.02288  val_log_mse=0.11793  val_mse=0.000507  max_grad=15.09  patience=15/30
2026-10-07 19:34:06,431  gsv3.training             INFO     [random:random_seed5] epoch 0255  train_log_mse=0.02511  val_log_mse=0.11292  val_mse=0.000536  max_grad=21.03  patience=16/30
2026-10-07 19:34:27,721  gsv3.training             INFO     [random:random_seed5] epoch 0256  train_log_mse=0.02274  val_log_mse=0.11461  val_mse=0.000512  max_grad=16.02  patience=17/30
2026-10-07 19:34:48,903  gsv3.training             INFO     [random:random_seed5] epoch 0257  train_log_mse=0.02238  val_log_mse=0.10821  val_mse=0.000514  max_grad=15.61  patience=18/30
2026-10-07 19:35:09,956  gsv3.training             INFO     [random:random_seed5] epoch 0258  train_log_mse=0.02234  val_log_mse=0.11823  val_mse=0.000468  max_grad=17.67  patience=19/30
2026-10-07 19:35:31,243  gsv3.training             INFO     [random:random_seed5] epoch 0259  train_log_mse=0.02908  val_log_mse=0.11685  val_mse=0.000482  max_grad=19.76  patience=20/30
2026-10-07 19:35:52,598  gsv3.training             INFO     [random:random_seed5] epoch 0260  train_log_mse=0.02249  val_log_mse=0.11395  val_mse=0.000486  max_grad=15.43  patience=21/30
2026-10-07 19:36:13,752  gsv3.training             INFO     [random:random_seed5] epoch 0261  train_log_mse=0.02375  val_log_mse=0.11501  val_mse=0.000435  max_grad=17.35  patience=0/30
2026-10-07 19:36:35,086  gsv3.training             INFO     [random:random_seed5] epoch 0262  train_log_mse=0.02291  val_log_mse=0.11884  val_mse=0.000457  max_grad=18.33  patience=1/30
2026-10-07 19:36:56,120  gsv3.training             INFO     [random:random_seed5] epoch 0263  train_log_mse=0.02012  val_log_mse=0.14012  val_mse=0.000473  max_grad=13.55  patience=2/30
2026-10-07 19:37:17,398  gsv3.training             INFO     [random:random_seed5] epoch 0264  train_log_mse=0.02185  val_log_mse=0.12513  val_mse=0.000518  max_grad=15.35  patience=3/30
2026-10-07 19:37:38,600  gsv3.training             INFO     [random:random_seed5] epoch 0265  train_log_mse=0.02252  val_log_mse=0.12211  val_mse=0.000461  max_grad=22.23  patience=4/30
2026-10-07 19:37:59,811  gsv3.training             INFO     [random:random_seed5] epoch 0266  train_log_mse=0.02092  val_log_mse=0.12368  val_mse=0.000505  max_grad=14.61  patience=5/30
2026-10-07 19:38:21,175  gsv3.training             INFO     [random:random_seed5] epoch 0267  train_log_mse=0.02220  val_log_mse=0.10839  val_mse=0.000485  max_grad=24.97  patience=6/30
2026-10-07 19:38:42,505  gsv3.training             INFO     [random:random_seed5] epoch 0268  train_log_mse=0.02185  val_log_mse=0.12278  val_mse=0.000482  max_grad=21.87  patience=7/30
2026-10-07 19:39:03,484  gsv3.training             INFO     [random:random_seed5] epoch 0269  train_log_mse=0.02377  val_log_mse=0.12964  val_mse=0.000506  max_grad=17.81  patience=8/30
2026-10-07 19:39:24,815  gsv3.training             INFO     [random:random_seed5] epoch 0270  train_log_mse=0.02313  val_log_mse=0.12024  val_mse=0.000470  max_grad=16.91  patience=9/30
2026-10-07 19:39:46,171  gsv3.training             INFO     [random:random_seed5] epoch 0271  train_log_mse=0.02194  val_log_mse=0.11282  val_mse=0.000484  max_grad=13.37  patience=10/30
2026-10-07 19:40:06,332  gsv3.training             INFO     [random:random_seed5] epoch 0272  train_log_mse=0.02290  val_log_mse=0.11712  val_mse=0.000465  max_grad=14.09  patience=11/30
2026-10-07 19:40:22,237  gsv3.training             INFO     [random:random_seed5] epoch 0273  train_log_mse=0.02118  val_log_mse=0.11295  val_mse=0.000448  max_grad=20.00  patience=12/30
2026-10-07 19:40:44,083  gsv3.training             INFO     [random:random_seed5] epoch 0274  train_log_mse=0.02096  val_log_mse=0.12356  val_mse=0.000454  max_grad=22.69  patience=13/30
2026-10-07 19:41:05,566  gsv3.training             INFO     [random:random_seed5] epoch 0275  train_log_mse=0.02519  val_log_mse=0.10513  val_mse=0.000470  max_grad=25.51  patience=14/30
2026-10-07 19:41:27,143  gsv3.training             INFO     [random:random_seed5] epoch 0276  train_log_mse=0.02511  val_log_mse=0.11200  val_mse=0.000508  max_grad=18.28  patience=15/30
2026-10-07 19:41:48,851  gsv3.training             INFO     [random:random_seed5] epoch 0277  train_log_mse=0.02435  val_log_mse=0.11975  val_mse=0.000506  max_grad=16.36  patience=16/30
2026-10-07 19:42:10,331  gsv3.training             INFO     [random:random_seed5] epoch 0278  train_log_mse=0.02538  val_log_mse=0.13199  val_mse=0.000612  max_grad=27.98  patience=17/30
2026-10-07 19:42:31,986  gsv3.training             INFO     [random:random_seed5] epoch 0279  train_log_mse=0.02272  val_log_mse=0.11631  val_mse=0.000440  max_grad=22.58  patience=18/30
2026-10-07 19:42:53,875  gsv3.training             INFO     [random:random_seed5] epoch 0280  train_log_mse=0.02309  val_log_mse=0.13147  val_mse=0.000492  max_grad=20.20  patience=19/30
2026-10-07 19:43:15,525  gsv3.training             INFO     [random:random_seed5] epoch 0281  train_log_mse=0.02256  val_log_mse=0.13017  val_mse=0.000546  max_grad=17.52  patience=20/30
2026-10-07 19:43:36,560  gsv3.training             INFO     [random:random_seed5] epoch 0282  train_log_mse=0.02102  val_log_mse=0.12646  val_mse=0.000480  max_grad=15.30  patience=21/30
2026-10-07 19:43:58,179  gsv3.training             INFO     [random:random_seed5] epoch 0283  train_log_mse=0.02271  val_log_mse=0.10673  val_mse=0.000442  max_grad=15.53  patience=22/30
2026-10-07 19:44:19,994  gsv3.training             INFO     [random:random_seed5] epoch 0284  train_log_mse=0.02080  val_log_mse=0.13229  val_mse=0.000501  max_grad=17.48  patience=23/30
2026-10-07 19:44:41,469  gsv3.training             INFO     [random:random_seed5] epoch 0285  train_log_mse=0.02079  val_log_mse=0.11245  val_mse=0.000483  max_grad=13.31  patience=24/30
2026-10-07 19:45:03,263  gsv3.training             INFO     [random:random_seed5] epoch 0286  train_log_mse=0.02277  val_log_mse=0.12186  val_mse=0.000452  max_grad=17.50  patience=25/30
2026-10-07 19:45:25,048  gsv3.training             INFO     [random:random_seed5] epoch 0287  train_log_mse=0.02285  val_log_mse=0.11429  val_mse=0.000456  max_grad=23.63  patience=26/30
2026-10-07 19:45:46,391  gsv3.training             INFO     [random:random_seed5] epoch 0288  train_log_mse=0.02198  val_log_mse=0.11928  val_mse=0.000514  max_grad=14.67  patience=27/30
2026-10-07 19:46:08,305  gsv3.training             INFO     [random:random_seed5] epoch 0289  train_log_mse=0.02074  val_log_mse=0.11243  val_mse=0.000437  max_grad=13.92  patience=28/30
2026-10-07 19:46:30,078  gsv3.training             INFO     [random:random_seed5] epoch 0290  train_log_mse=0.02315  val_log_mse=0.11929  val_mse=0.000453  max_grad=27.65  patience=29/30
2026-10-07 19:46:51,631  gsv3.training             INFO     [random:random_seed5] epoch 0291  train_log_mse=0.02050  val_log_mse=0.11176  val_mse=0.000485  max_grad=21.34  patience=30/30
2026-10-07 19:46:59,917  gsv3.experiment           INFO     [random_seed5] TEST  n=5117  MAE=0.0118  R2=0.9950  device-acc=0.782  regret=0.0025
2026-10-07 19:46:59,921  genstudy.io               INFO     Wrote evaluations/generalization_v3/results/xattn_a05/random_control/random_seed5/metrics.json
2026-10-07 19:46:59,950  genstudy.io               INFO     Wrote evaluations/generalization_v3/results/xattn_a05/random_control/random_seed5/predictions.json
2026-10-07 19:46:59,963  genstudy.io               INFO     Wrote evaluations/generalization_v3/results/xattn_a05/random_control/random_seed5/history.json
2026-10-07 19:47:00,007  run_experiment            INFO     random_control finished: 1 complete, 0 skipped
2026-10-07 23:59:17,000  genstudy.io               INFO     Logging to evaluations/generalization_v3/results/xattn_a05/random_control/run.log
2026-10-07 23:59:17,000  run_experiment            INFO     Command line: evaluations/generalization_v3/scripts/run_experiment.py control --model xattn --balance-alpha 0.5 --lr 3e-4 --grad-clip 1.0 --results-dir evaluations/generalization_v3/results/xattn_a05
2026-10-07 23:59:17,258  gsv2.gpu                  INFO     GPU: NVIDIA A100 80GB PCIe
2026-10-07 23:59:17,260  gsv3.model                INFO     Hyper-parameters (/home/atudisco/pred-distr-tool/src/model/best_params.json + v3 defaults): {'device_hidden': 64, 'device_layers': 3, 'fusion_dim': 128, 'qubit_layers': 2, 'attn_heads': 4, 'lap_pe': 8, 'cost_bias_init': -6.0, 'hidden_dim': 142, 'num_conv_wo_resnet': 3, 'num_resnet_layers': 1, 'dropout': 0.0, 'bidirectional': True, 'mlp': [512, 256, 128], 'lr': 0.001, 'readout': 'meanmaxsum'}
2026-10-07 23:59:17,413  gsv3.devices              INFO     Device graphs with 8 Laplacian PE dims: node features 13
2026-10-07 23:59:17,416  genstudy.data             INFO     Loading graph dataset: /home/atudisco/pred-distr-tool/evaluations/generalization_v3/data/graph_dataset_expected_fidelity.pt
2026-10-07 23:59:21,916  genstudy.data             INFO     Loaded 17056 graphs
2026-10-07 23:59:21,940  genstudy.io               INFO     Wrote evaluations/generalization_v3/results/xattn_a05/random_control/dataset_summary.json
2026-10-07 23:59:22,022  run_experiment            INFO     [1/1] random_seed5 already done — skipping
2026-10-07 23:59:22,022  run_experiment            INFO     random_control finished: 1 complete, 0 skipped
2026-10-08 00:11:53,627  genstudy.io               INFO     Logging to evaluations/generalization_v3/results/xattn_a05/random_control/run.log
2026-10-08 00:11:53,627  run_experiment            INFO     Command line: evaluations/generalization_v3/scripts/run_experiment.py control --model xattn --balance-alpha 0.5 --lr 3e-4 --grad-clip 1.0 --results-dir evaluations/generalization_v3/results/xattn_a05
2026-10-08 00:11:54,316  gsv2.gpu                  INFO     GPU: NVIDIA H200
2026-10-08 00:11:54,317  gsv3.model                INFO     Hyper-parameters (/home/atudisco/pred-distr-tool/src/model/best_params.json + v3 defaults): {'device_hidden': 64, 'device_layers': 3, 'fusion_dim': 128, 'qubit_layers': 2, 'attn_heads': 4, 'lap_pe': 8, 'cost_bias_init': -6.0, 'hidden_dim': 142, 'num_conv_wo_resnet': 3, 'num_resnet_layers': 1, 'dropout': 0.0, 'bidirectional': True, 'mlp': [512, 256, 128], 'lr': 0.001, 'readout': 'meanmaxsum'}
2026-10-08 00:11:54,327  gsv3.devices              INFO     Device graphs with 8 Laplacian PE dims: node features 13
2026-10-08 00:11:54,328  genstudy.data             INFO     Loading graph dataset: /home/atudisco/pred-distr-tool/evaluations/generalization_v3/data/graph_dataset_expected_fidelity.pt
2026-10-08 00:11:57,600  genstudy.data             INFO     Loaded 17056 graphs
2026-10-08 00:11:57,627  genstudy.io               INFO     Wrote evaluations/generalization_v3/results/xattn_a05/random_control/dataset_summary.json
2026-10-08 00:11:57,708  run_experiment            INFO     [1/1] random_seed5 already done — skipping
2026-10-08 00:11:57,708  run_experiment            INFO     random_control finished: 1 complete, 0 skipped
