2026-10-08 05:42:18,906  genstudy.io               INFO     Logging to evaluations/generalization_v3/results/xattn_a00_s6/leave_one_group_out/run.log
2026-10-08 05:42:18,906  run_experiment            INFO     Command line: evaluations/generalization_v3/scripts/run_experiment.py logo --model xattn --balance-alpha 0 --lr 3e-4 --grad-clip 1.0 --seed 6 --families large --groups vqe --results-dir evaluations/generalization_v3/results/xattn_a00_s6
2026-10-08 05:42:18,907  gsv2.gpu                  WARNING  No CUDA device available — running on the CPU.
2026-10-08 05:42:18,907  gsv3.model                INFO     Hyper-parameters (/home/atudisco/pred-distr-tool/src/model/best_params.json + v3 defaults): {'device_hidden': 64, 'device_layers': 3, 'fusion_dim': 128, 'qubit_layers': 2, 'attn_heads': 4, 'lap_pe': 8, 'cost_bias_init': -6.0, 'hidden_dim': 142, 'num_conv_wo_resnet': 3, 'num_resnet_layers': 1, 'dropout': 0.0, 'bidirectional': True, 'mlp': [512, 256, 128], 'lr': 0.001, 'readout': 'meanmaxsum'}
2026-10-08 05:42:18,914  genstudy.io               INFO     Logging to evaluations/generalization_v3/results/xattn_a00_s6/leave_one_group_out/run.log
2026-10-08 05:42:18,915  run_experiment            INFO     Command line: evaluations/generalization_v3/scripts/run_experiment.py logo --model xattn --balance-alpha 0 --lr 3e-4 --grad-clip 1.0 --seed 6 --families large --groups variational --results-dir evaluations/generalization_v3/results/xattn_a00_s6
2026-10-08 05:42:18,915  gsv2.gpu                  WARNING  No CUDA device available — running on the CPU.
2026-10-08 05:42:18,917  gsv3.devices              INFO     Device graphs: node features 13 (Laplacian PE 8), physical errors False
2026-10-08 05:42:18,918  genstudy.data             INFO     Loading graph dataset: /home/atudisco/pred-distr-tool/evaluations/generalization_v3/data/graph_dataset_expected_fidelity.pt
2026-10-08 05:42:18,920  gsv3.model                INFO     Hyper-parameters (/home/atudisco/pred-distr-tool/src/model/best_params.json + v3 defaults): {'device_hidden': 64, 'device_layers': 3, 'fusion_dim': 128, 'qubit_layers': 2, 'attn_heads': 4, 'lap_pe': 8, 'cost_bias_init': -6.0, 'hidden_dim': 142, 'num_conv_wo_resnet': 3, 'num_resnet_layers': 1, 'dropout': 0.0, 'bidirectional': True, 'mlp': [512, 256, 128], 'lr': 0.001, 'readout': 'meanmaxsum'}
2026-10-08 05:42:18,930  gsv3.devices              INFO     Device graphs: node features 13 (Laplacian PE 8), physical errors False
2026-10-08 05:42:18,931  genstudy.data             INFO     Loading graph dataset: /home/atudisco/pred-distr-tool/evaluations/generalization_v3/data/graph_dataset_expected_fidelity.pt
2026-10-08 05:42:19,002  genstudy.io               INFO     Logging to evaluations/generalization_v3/results/xattn_a00_s6/leave_one_group_out/run.log
2026-10-08 05:42:19,002  run_experiment            INFO     Command line: evaluations/generalization_v3/scripts/run_experiment.py logo --model xattn --balance-alpha 0 --lr 3e-4 --grad-clip 1.0 --seed 6 --families large --groups fourier --results-dir evaluations/generalization_v3/results/xattn_a00_s6
2026-10-08 05:42:19,002  gsv2.gpu                  WARNING  No CUDA device available — running on the CPU.
2026-10-08 05:42:19,003  gsv3.model                INFO     Hyper-parameters (/home/atudisco/pred-distr-tool/src/model/best_params.json + v3 defaults): {'device_hidden': 64, 'device_layers': 3, 'fusion_dim': 128, 'qubit_layers': 2, 'attn_heads': 4, 'lap_pe': 8, 'cost_bias_init': -6.0, 'hidden_dim': 142, 'num_conv_wo_resnet': 3, 'num_resnet_layers': 1, 'dropout': 0.0, 'bidirectional': True, 'mlp': [512, 256, 128], 'lr': 0.001, 'readout': 'meanmaxsum'}
2026-10-08 05:42:19,013  gsv3.devices              INFO     Device graphs: node features 13 (Laplacian PE 8), physical errors False
2026-10-08 05:42:19,014  genstudy.data             INFO     Loading graph dataset: /home/atudisco/pred-distr-tool/evaluations/generalization_v3/data/graph_dataset_expected_fidelity.pt
2026-10-08 05:42:23,558  genstudy.data             INFO     Loaded 17056 graphs
2026-10-08 05:42:23,560  genstudy.data             INFO     Loaded 17056 graphs
2026-10-08 05:42:23,568  genstudy.data             INFO     Loaded 17056 graphs
2026-10-08 05:42:23,586  genstudy.io               INFO     Wrote evaluations/generalization_v3/results/xattn_a00_s6/leave_one_group_out/dataset_summary.json
2026-10-08 05:42:23,588  genstudy.io               INFO     Wrote evaluations/generalization_v3/results/xattn_a00_s6/leave_one_group_out/dataset_summary.json
2026-10-08 05:42:23,589  run_experiment            INFO     [1/1] vqe
2026-10-08 05:42:23,590  run_experiment            INFO     [1/1] fourier
2026-10-08 05:42:23,592  gsv3.experiment           INFO     === group_holdout / vqe ===
2026-10-08 05:42:23,592  gsv3.experiment           INFO     Leave-one-group-out: test = all 9168 circuits of group 'vqe' (vqe_real_amp, vqe_su2, vqe_two_local), train = 7888 circuits from the other 32 families.
2026-10-08 05:42:23,593  gsv3.experiment           INFO     === group_holdout / fourier ===
2026-10-08 05:42:23,593  gsv3.experiment           INFO     Leave-one-group-out: test = all 2904 circuits of group 'fourier' (ae, draper_qft_adder, dynamic_qft, iqpe, qft, qftentangled, qpeexact, qpeinexact, rg_qft_multiplier), train = 14152 circuits from the other 26 families.
2026-10-08 05:42:23,593  gsv3.experiment           INFO     train=5619  val=2269 ({'mode': 'family', 'val_families': ['bmw_quark_cardinality', 'bmw_quark_copula', 'cdkm_ripple_carry_adder', 'draper_qft_adder', 'full_adder', 'graphstate', 'hhl', 'iqpe', 'multiplier', 'qftentangled', 'qnn', 'qpeexact', 'qpeinexact', 'qwalk', 'rg_qft_multiplier', 'seven_qubit_steane_code', 'shors_nine_qubit_code', 'vbe_ripple_carry_adder', 'wstate']})  test=9168
2026-10-08 05:42:23,594  gsv3.experiment           INFO     train=11874  val=2278 ({'mode': 'family', 'val_families': ['bmw_quark_cardinality', 'bmw_quark_copula', 'bv', 'cdkm_ripple_carry_adder', 'dj', 'full_adder', 'ghz', 'ghz_dynamic', 'graphstate', 'grover', 'half_adder', 'hhl', 'hrs_cumulative_multiplier', 'modular_adder', 'multiplier', 'qnn', 'qwalk', 'randomcircuit', 'seven_qubit_steane_code', 'shors_nine_qubit_code', 'vbe_ripple_carry_adder', 'wstate']})  test=2904
2026-10-08 05:42:23,597  genstudy.io               INFO     Wrote evaluations/generalization_v3/results/xattn_a00_s6/leave_one_group_out/dataset_summary.json
2026-10-08 05:42:23,599  run_experiment            INFO     [1/1] variational
2026-10-08 05:42:23,602  gsv3.experiment           INFO     === group_holdout / variational ===
2026-10-08 05:42:23,602  gsv3.experiment           INFO     Leave-one-group-out: test = all 9928 circuits of group 'variational' (qnn, vqe_real_amp, vqe_su2, vqe_two_local), train = 7128 circuits from the other 31 families.
2026-10-08 05:42:23,603  gsv3.experiment           INFO     train=6204  val=924 ({'mode': 'family', 'val_families': ['bmw_quark_cardinality', 'bmw_quark_copula', 'bv', 'cdkm_ripple_carry_adder', 'dj', 'draper_qft_adder', 'dynamic_qft', 'full_adder', 'ghz', 'ghz_dynamic', 'graphstate', 'grover', 'half_adder', 'hhl', 'hrs_cumulative_multiplier', 'iqpe', 'modular_adder', 'multiplier', 'qpeexact', 'qpeinexact', 'qwalk', 'rg_qft_multiplier', 'seven_qubit_steane_code', 'shors_nine_qubit_code', 'vbe_ripple_carry_adder', 'wstate']})  test=9928
2026-10-08 05:42:23,668  gsv3.training             INFO     [group_holdout:fourier] model=xattn (945113 params) train=11874 val=2278 lr=0.0003 clip=1.0 alpha=0.00
2026-10-08 05:42:23,669  gsv3.training             INFO     [group_holdout:variational] model=xattn (945113 params) train=6204 val=924 lr=0.0003 clip=1.0 alpha=0.00
2026-10-08 05:42:23,776  gsv3.training             INFO     [group_holdout:vqe] model=xattn (945113 params) train=5619 val=2269 lr=0.0003 clip=1.0 alpha=0.00
2026-10-08 05:43:22,470  gsv3.training             INFO     [group_holdout:variational] epoch 0001  train_log_mse=5.54027  val_log_mse=4.72635  val_mse=0.052049  max_grad=5045.25  patience=0/30
2026-10-08 05:43:22,478  gsv3.training             INFO     [group_holdout:vqe] epoch 0001  train_log_mse=6.44688  val_log_mse=1.18936  val_mse=0.049003  max_grad=4700.41  patience=0/30
2026-10-08 05:43:44,525  gsv3.training             INFO     [group_holdout:fourier] epoch 0001  train_log_mse=1.47602  val_log_mse=33.06545  val_mse=0.025621  max_grad=2829.67  patience=0/30
2026-10-08 05:44:20,835  gsv3.training             INFO     [group_holdout:variational] epoch 0002  train_log_mse=1.29821  val_log_mse=5.79169  val_mse=0.034141  max_grad=362.84  patience=0/30
2026-10-08 05:44:20,928  gsv3.training             INFO     [group_holdout:vqe] epoch 0002  train_log_mse=1.72796  val_log_mse=1.30509  val_mse=0.024518  max_grad=348.96  patience=0/30
2026-10-08 05:45:05,643  gsv3.training             INFO     [group_holdout:fourier] epoch 0002  train_log_mse=0.40096  val_log_mse=18.43154  val_mse=0.025128  max_grad=267.45  patience=0/30
2026-10-08 05:45:19,368  gsv3.training             INFO     [group_holdout:variational] epoch 0003  train_log_mse=0.75741  val_log_mse=6.54731  val_mse=0.038637  max_grad=229.49  patience=1/30
2026-10-08 05:45:19,864  gsv3.training             INFO     [group_holdout:vqe] epoch 0003  train_log_mse=0.95582  val_log_mse=0.88453  val_mse=0.033456  max_grad=405.76  patience=1/30
2026-10-08 05:46:17,853  gsv3.training             INFO     [group_holdout:variational] epoch 0004  train_log_mse=0.69619  val_log_mse=9.56026  val_mse=0.035019  max_grad=289.21  patience=2/30
2026-10-08 05:46:18,469  gsv3.training             INFO     [group_holdout:vqe] epoch 0004  train_log_mse=0.77839  val_log_mse=0.88119  val_mse=0.042943  max_grad=236.87  patience=2/30
2026-10-08 05:46:26,670  gsv3.training             INFO     [group_holdout:fourier] epoch 0003  train_log_mse=0.28588  val_log_mse=8.29190  val_mse=0.026635  max_grad=195.10  patience=1/30
2026-10-08 05:47:16,476  gsv3.training             INFO     [group_holdout:variational] epoch 0005  train_log_mse=0.67707  val_log_mse=5.14731  val_mse=0.033705  max_grad=316.63  patience=0/30
2026-10-08 05:47:17,604  gsv3.training             INFO     [group_holdout:vqe] epoch 0005  train_log_mse=0.63339  val_log_mse=1.20502  val_mse=0.027891  max_grad=187.67  patience=3/30
2026-10-08 05:47:47,682  gsv3.training             INFO     [group_holdout:fourier] epoch 0004  train_log_mse=0.18689  val_log_mse=4.74689  val_mse=0.026390  max_grad=93.33  patience=2/30
2026-10-08 05:48:15,183  gsv3.training             INFO     [group_holdout:variational] epoch 0006  train_log_mse=0.56344  val_log_mse=7.79811  val_mse=0.043331  max_grad=233.42  patience=1/30
2026-10-08 05:48:15,975  gsv3.training             INFO     [group_holdout:vqe] epoch 0006  train_log_mse=0.64930  val_log_mse=0.92399  val_mse=0.045029  max_grad=301.88  patience=4/30
2026-10-08 05:49:08,735  gsv3.training             INFO     [group_holdout:fourier] epoch 0005  train_log_mse=0.18642  val_log_mse=3.49278  val_mse=0.023879  max_grad=167.93  patience=0/30
2026-10-08 05:49:13,840  gsv3.training             INFO     [group_holdout:variational] epoch 0007  train_log_mse=0.47693  val_log_mse=7.45317  val_mse=0.036713  max_grad=162.41  patience=2/30
2026-10-08 05:49:14,664  gsv3.training             INFO     [group_holdout:vqe] epoch 0007  train_log_mse=0.52556  val_log_mse=0.79091  val_mse=0.026375  max_grad=303.46  patience=5/30
2026-10-08 05:50:12,392  gsv3.training             INFO     [group_holdout:variational] epoch 0008  train_log_mse=0.42029  val_log_mse=6.12003  val_mse=0.037453  max_grad=123.81  patience=3/30
2026-10-08 05:50:13,353  gsv3.training             INFO     [group_holdout:vqe] epoch 0008  train_log_mse=0.48155  val_log_mse=1.05907  val_mse=0.021651  max_grad=194.31  patience=0/30
2026-10-08 05:50:29,831  gsv3.training             INFO     [group_holdout:fourier] epoch 0006  train_log_mse=0.13950  val_log_mse=3.15487  val_mse=0.022398  max_grad=69.14  patience=0/30
2026-10-08 05:51:11,146  gsv3.training             INFO     [group_holdout:variational] epoch 0009  train_log_mse=0.39266  val_log_mse=5.07738  val_mse=0.035712  max_grad=105.56  patience=4/30
2026-10-08 05:51:12,236  gsv3.training             INFO     [group_holdout:vqe] epoch 0009  train_log_mse=0.51784  val_log_mse=0.84274  val_mse=0.035031  max_grad=174.03  patience=1/30
2026-10-08 05:51:51,148  gsv3.training             INFO     [group_holdout:fourier] epoch 0007  train_log_mse=0.13746  val_log_mse=3.39454  val_mse=0.022433  max_grad=58.19  patience=1/30
2026-10-08 05:52:09,962  gsv3.training             INFO     [group_holdout:variational] epoch 0010  train_log_mse=0.36866  val_log_mse=10.88833  val_mse=0.040105  max_grad=169.77  patience=5/30
2026-10-08 05:52:11,361  gsv3.training             INFO     [group_holdout:vqe] epoch 0010  train_log_mse=0.42881  val_log_mse=0.91419  val_mse=0.027388  max_grad=186.22  patience=2/30
2026-10-08 05:53:08,771  gsv3.training             INFO     [group_holdout:variational] epoch 0011  train_log_mse=0.32227  val_log_mse=4.47936  val_mse=0.038061  max_grad=133.95  patience=6/30
2026-10-08 05:53:10,350  gsv3.training             INFO     [group_holdout:vqe] epoch 0011  train_log_mse=0.45312  val_log_mse=0.79496  val_mse=0.039899  max_grad=163.20  patience=3/30
2026-10-08 05:53:12,672  gsv3.training             INFO     [group_holdout:fourier] epoch 0008  train_log_mse=0.11712  val_log_mse=3.32310  val_mse=0.025022  max_grad=45.84  patience=2/30
2026-10-08 05:54:07,347  gsv3.training             INFO     [group_holdout:variational] epoch 0012  train_log_mse=0.30552  val_log_mse=5.43546  val_mse=0.043113  max_grad=92.09  patience=7/30
2026-10-08 05:54:09,035  gsv3.training             INFO     [group_holdout:vqe] epoch 0012  train_log_mse=0.35348  val_log_mse=0.87987  val_mse=0.043006  max_grad=134.51  patience=4/30
2026-10-08 05:54:33,769  gsv3.training             INFO     [group_holdout:fourier] epoch 0009  train_log_mse=0.11442  val_log_mse=5.61376  val_mse=0.026572  max_grad=48.69  patience=3/30
2026-10-08 05:55:05,593  gsv3.training             INFO     [group_holdout:variational] epoch 0013  train_log_mse=0.29390  val_log_mse=3.89540  val_mse=0.037735  max_grad=127.65  patience=8/30
2026-10-08 05:55:07,815  gsv3.training             INFO     [group_holdout:vqe] epoch 0013  train_log_mse=0.32799  val_log_mse=0.79728  val_mse=0.043235  max_grad=81.72  patience=5/30
2026-10-08 05:55:54,921  gsv3.training             INFO     [group_holdout:fourier] epoch 0010  train_log_mse=0.09343  val_log_mse=3.13204  val_mse=0.023694  max_grad=45.68  patience=4/30
2026-10-08 05:56:04,344  gsv3.training             INFO     [group_holdout:variational] epoch 0014  train_log_mse=0.31649  val_log_mse=4.69661  val_mse=0.041534  max_grad=186.07  patience=9/30
2026-10-08 05:56:06,823  gsv3.training             INFO     [group_holdout:vqe] epoch 0014  train_log_mse=0.34172  val_log_mse=0.89447  val_mse=0.049386  max_grad=135.01  patience=6/30
2026-10-08 05:57:03,176  gsv3.training             INFO     [group_holdout:variational] epoch 0015  train_log_mse=0.27005  val_log_mse=5.83265  val_mse=0.036600  max_grad=143.14  patience=10/30
2026-10-08 05:57:05,583  gsv3.training             INFO     [group_holdout:vqe] epoch 0015  train_log_mse=0.34423  val_log_mse=0.77602  val_mse=0.042909  max_grad=141.86  patience=7/30
2026-10-08 05:57:16,150  gsv3.training             INFO     [group_holdout:fourier] epoch 0011  train_log_mse=0.09684  val_log_mse=4.49233  val_mse=0.025231  max_grad=52.48  patience=5/30
2026-10-08 05:58:01,546  gsv3.training             INFO     [group_holdout:variational] epoch 0016  train_log_mse=0.29108  val_log_mse=5.82920  val_mse=0.045947  max_grad=144.36  patience=11/30
2026-10-08 05:58:04,417  gsv3.training             INFO     [group_holdout:vqe] epoch 0016  train_log_mse=0.27580  val_log_mse=0.89596  val_mse=0.045990  max_grad=111.30  patience=8/30
2026-10-08 05:58:37,448  gsv3.training             INFO     [group_holdout:fourier] epoch 0012  train_log_mse=0.08238  val_log_mse=5.10824  val_mse=0.025417  max_grad=51.35  patience=6/30
2026-10-08 05:59:00,157  gsv3.training             INFO     [group_holdout:variational] epoch 0017  train_log_mse=0.26476  val_log_mse=3.78655  val_mse=0.039814  max_grad=120.80  patience=12/30
2026-10-08 05:59:03,027  gsv3.training             INFO     [group_holdout:vqe] epoch 0017  train_log_mse=0.38469  val_log_mse=0.85677  val_mse=0.045234  max_grad=268.27  patience=9/30
2026-10-08 05:59:58,589  gsv3.training             INFO     [group_holdout:fourier] epoch 0013  train_log_mse=0.08659  val_log_mse=4.42836  val_mse=0.028407  max_grad=47.27  patience=7/30
2026-10-08 05:59:58,744  gsv3.training             INFO     [group_holdout:variational] epoch 0018  train_log_mse=0.24364  val_log_mse=3.37105  val_mse=0.046976  max_grad=107.65  patience=13/30
2026-10-08 06:00:01,460  gsv3.training             INFO     [group_holdout:vqe] epoch 0018  train_log_mse=0.28976  val_log_mse=0.96752  val_mse=0.050732  max_grad=150.96  patience=10/30
2026-10-08 06:00:57,382  gsv3.training             INFO     [group_holdout:variational] epoch 0019  train_log_mse=0.24268  val_log_mse=3.54185  val_mse=0.038624  max_grad=88.86  patience=14/30
2026-10-08 06:01:00,036  gsv3.training             INFO     [group_holdout:vqe] epoch 0019  train_log_mse=0.31398  val_log_mse=0.97790  val_mse=0.057156  max_grad=152.95  patience=11/30
2026-10-08 06:01:19,985  gsv3.training             INFO     [group_holdout:fourier] epoch 0014  train_log_mse=0.07125  val_log_mse=4.11659  val_mse=0.024196  max_grad=47.87  patience=8/30
2026-10-08 06:01:55,969  gsv3.training             INFO     [group_holdout:variational] epoch 0020  train_log_mse=0.20796  val_log_mse=3.99065  val_mse=0.034899  max_grad=84.26  patience=15/30
2026-10-08 06:01:58,728  gsv3.training             INFO     [group_holdout:vqe] epoch 0020  train_log_mse=0.27973  val_log_mse=0.97390  val_mse=0.053645  max_grad=92.43  patience=12/30
2026-10-08 06:02:41,292  gsv3.training             INFO     [group_holdout:fourier] epoch 0015  train_log_mse=0.07060  val_log_mse=8.40646  val_mse=0.023758  max_grad=40.28  patience=9/30
2026-10-08 06:02:54,814  gsv3.training             INFO     [group_holdout:variational] epoch 0021  train_log_mse=0.21736  val_log_mse=3.62407  val_mse=0.036447  max_grad=132.87  patience=16/30
2026-10-08 06:02:57,826  gsv3.training             INFO     [group_holdout:vqe] epoch 0021  train_log_mse=0.29409  val_log_mse=0.87646  val_mse=0.046246  max_grad=107.07  patience=13/30
2026-10-08 06:03:53,364  gsv3.training             INFO     [group_holdout:variational] epoch 0022  train_log_mse=0.23735  val_log_mse=3.75471  val_mse=0.038427  max_grad=124.66  patience=17/30
2026-10-08 06:03:56,528  gsv3.training             INFO     [group_holdout:vqe] epoch 0022  train_log_mse=0.24089  val_log_mse=0.91579  val_mse=0.049535  max_grad=104.18  patience=14/30
2026-10-08 06:04:02,683  gsv3.training             INFO     [group_holdout:fourier] epoch 0016  train_log_mse=0.05756  val_log_mse=5.23760  val_mse=0.023704  max_grad=29.73  patience=10/30
2026-10-08 06:04:51,932  gsv3.training             INFO     [group_holdout:variational] epoch 0023  train_log_mse=0.24513  val_log_mse=3.15165  val_mse=0.041387  max_grad=140.00  patience=18/30
2026-10-08 06:04:55,485  gsv3.training             INFO     [group_holdout:vqe] epoch 0023  train_log_mse=0.27873  val_log_mse=1.04652  val_mse=0.054445  max_grad=125.46  patience=15/30
2026-10-08 06:05:23,880  gsv3.training             INFO     [group_holdout:fourier] epoch 0017  train_log_mse=0.06060  val_log_mse=4.39021  val_mse=0.024918  max_grad=37.29  patience=11/30
2026-10-08 06:05:50,519  gsv3.training             INFO     [group_holdout:variational] epoch 0024  train_log_mse=0.23586  val_log_mse=2.76023  val_mse=0.040104  max_grad=101.03  patience=19/30
2026-10-08 06:05:54,745  gsv3.training             INFO     [group_holdout:vqe] epoch 0024  train_log_mse=0.30437  val_log_mse=0.88043  val_mse=0.047107  max_grad=112.22  patience=16/30
2026-10-08 06:06:45,185  gsv3.training             INFO     [group_holdout:fourier] epoch 0018  train_log_mse=0.05916  val_log_mse=3.96198  val_mse=0.024173  max_grad=40.74  patience=12/30
2026-10-08 06:06:49,023  gsv3.training             INFO     [group_holdout:variational] epoch 0025  train_log_mse=0.16997  val_log_mse=3.16730  val_mse=0.040623  max_grad=63.21  patience=20/30
2026-10-08 06:06:53,812  gsv3.training             INFO     [group_holdout:vqe] epoch 0025  train_log_mse=0.21396  val_log_mse=0.97079  val_mse=0.052783  max_grad=94.37  patience=17/30
2026-10-08 06:07:47,621  gsv3.training             INFO     [group_holdout:variational] epoch 0026  train_log_mse=0.17425  val_log_mse=4.00318  val_mse=0.041763  max_grad=83.37  patience=21/30
2026-10-08 06:07:52,778  gsv3.training             INFO     [group_holdout:vqe] epoch 0026  train_log_mse=0.20059  val_log_mse=1.03635  val_mse=0.052142  max_grad=86.19  patience=18/30
2026-10-08 06:08:06,468  gsv3.training             INFO     [group_holdout:fourier] epoch 0019  train_log_mse=0.05942  val_log_mse=4.70610  val_mse=0.027572  max_grad=31.11  patience=13/30
2026-10-08 06:08:46,337  gsv3.training             INFO     [group_holdout:variational] epoch 0027  train_log_mse=0.15962  val_log_mse=3.28807  val_mse=0.045285  max_grad=86.92  patience=22/30
2026-10-08 06:08:51,954  gsv3.training             INFO     [group_holdout:vqe] epoch 0027  train_log_mse=0.19724  val_log_mse=1.00631  val_mse=0.052765  max_grad=95.49  patience=19/30
2026-10-08 06:09:28,042  gsv3.training             INFO     [group_holdout:fourier] epoch 0020  train_log_mse=0.06026  val_log_mse=5.00075  val_mse=0.027614  max_grad=35.21  patience=14/30
2026-10-08 06:09:44,892  gsv3.training             INFO     [group_holdout:variational] epoch 0028  train_log_mse=0.13901  val_log_mse=3.28163  val_mse=0.042024  max_grad=83.91  patience=23/30
2026-10-08 06:09:50,835  gsv3.training             INFO     [group_holdout:vqe] epoch 0028  train_log_mse=0.18649  val_log_mse=0.87539  val_mse=0.045735  max_grad=64.60  patience=20/30
2026-10-08 06:10:43,465  gsv3.training             INFO     [group_holdout:variational] epoch 0029  train_log_mse=0.13746  val_log_mse=3.19893  val_mse=0.040197  max_grad=56.55  patience=24/30
2026-10-08 06:10:49,681  gsv3.training             INFO     [group_holdout:fourier] epoch 0021  train_log_mse=0.06053  val_log_mse=3.07814  val_mse=0.021070  max_grad=31.42  patience=0/30
2026-10-08 06:10:50,182  gsv3.training             INFO     [group_holdout:vqe] epoch 0029  train_log_mse=0.17955  val_log_mse=0.87791  val_mse=0.046276  max_grad=82.89  patience=21/30
2026-10-08 06:11:42,115  gsv3.training             INFO     [group_holdout:variational] epoch 0030  train_log_mse=0.14589  val_log_mse=3.34489  val_mse=0.043840  max_grad=70.46  patience=25/30
2026-10-08 06:11:49,549  gsv3.training             INFO     [group_holdout:vqe] epoch 0030  train_log_mse=0.19251  val_log_mse=0.86902  val_mse=0.043910  max_grad=54.42  patience=22/30
2026-10-08 06:12:11,167  gsv3.training             INFO     [group_holdout:fourier] epoch 0022  train_log_mse=0.06508  val_log_mse=4.64642  val_mse=0.028159  max_grad=44.76  patience=1/30
2026-10-08 06:12:40,914  gsv3.training             INFO     [group_holdout:variational] epoch 0031  train_log_mse=0.12402  val_log_mse=2.70150  val_mse=0.042485  max_grad=77.28  patience=26/30
2026-10-08 06:12:48,655  gsv3.training             INFO     [group_holdout:vqe] epoch 0031  train_log_mse=0.21455  val_log_mse=1.05590  val_mse=0.052968  max_grad=82.40  patience=23/30
2026-10-08 06:13:32,734  gsv3.training             INFO     [group_holdout:fourier] epoch 0023  train_log_mse=0.05988  val_log_mse=4.13945  val_mse=0.023416  max_grad=39.35  patience=2/30
2026-10-08 06:13:39,466  gsv3.training             INFO     [group_holdout:variational] epoch 0032  train_log_mse=0.13022  val_log_mse=2.93842  val_mse=0.040866  max_grad=49.53  patience=27/30
2026-10-08 06:13:47,355  gsv3.training             INFO     [group_holdout:vqe] epoch 0032  train_log_mse=0.15900  val_log_mse=1.03663  val_mse=0.052674  max_grad=68.00  patience=24/30
2026-10-08 06:14:38,117  gsv3.training             INFO     [group_holdout:variational] epoch 0033  train_log_mse=0.14073  val_log_mse=3.52677  val_mse=0.045264  max_grad=58.79  patience=28/30
2026-10-08 06:14:46,463  gsv3.training             INFO     [group_holdout:vqe] epoch 0033  train_log_mse=0.16165  val_log_mse=0.87041  val_mse=0.044807  max_grad=48.82  patience=25/30
2026-10-08 06:14:54,318  gsv3.training             INFO     [group_holdout:fourier] epoch 0024  train_log_mse=0.04951  val_log_mse=4.62866  val_mse=0.025030  max_grad=29.36  patience=3/30
2026-10-08 06:15:36,752  gsv3.training             INFO     [group_holdout:variational] epoch 0034  train_log_mse=0.12812  val_log_mse=2.75813  val_mse=0.041688  max_grad=61.50  patience=29/30
2026-10-08 06:15:45,786  gsv3.training             INFO     [group_holdout:vqe] epoch 0034  train_log_mse=0.16343  val_log_mse=0.88939  val_mse=0.046912  max_grad=79.59  patience=26/30
2026-10-08 06:16:15,407  gsv3.training             INFO     [group_holdout:fourier] epoch 0025  train_log_mse=0.06052  val_log_mse=4.59047  val_mse=0.027089  max_grad=37.80  patience=4/30
2026-10-08 06:16:35,481  gsv3.training             INFO     [group_holdout:variational] epoch 0035  train_log_mse=0.13722  val_log_mse=2.84379  val_mse=0.042450  max_grad=83.66  patience=30/30
2026-10-08 06:16:45,002  gsv3.training             INFO     [group_holdout:vqe] epoch 0035  train_log_mse=0.16516  val_log_mse=0.79835  val_mse=0.041387  max_grad=68.04  patience=27/30
2026-10-08 06:16:51,000  gsv3.experiment           INFO     [variational] TEST  n=9928  MAE=0.1040  R2=0.7853  device-acc=0.185  regret=0.0792
2026-10-08 06:16:51,003  genstudy.io               INFO     Wrote evaluations/generalization_v3/results/xattn_a00_s6/leave_one_group_out/variational/metrics.json
2026-10-08 06:16:51,054  genstudy.io               INFO     Wrote evaluations/generalization_v3/results/xattn_a00_s6/leave_one_group_out/variational/predictions.json
2026-10-08 06:16:51,066  genstudy.io               INFO     Wrote evaluations/generalization_v3/results/xattn_a00_s6/leave_one_group_out/variational/history.json
2026-10-08 06:16:51,086  run_experiment            INFO     leave_one_group_out finished: 1 complete, 0 skipped
2026-10-08 06:17:33,838  gsv3.training             INFO     [group_holdout:fourier] epoch 0026  train_log_mse=0.04414  val_log_mse=4.05160  val_mse=0.022322  max_grad=20.24  patience=5/30
2026-10-08 06:17:40,749  gsv3.training             INFO     [group_holdout:vqe] epoch 0036  train_log_mse=0.17815  val_log_mse=0.92112  val_mse=0.049821  max_grad=76.93  patience=28/30
2026-10-08 06:18:35,790  gsv3.training             INFO     [group_holdout:vqe] epoch 0037  train_log_mse=0.15046  val_log_mse=0.77252  val_mse=0.039538  max_grad=52.73  patience=29/30
2026-10-08 06:18:50,135  gsv3.training             INFO     [group_holdout:fourier] epoch 0027  train_log_mse=0.05227  val_log_mse=4.17449  val_mse=0.024442  max_grad=27.99  patience=6/30
2026-10-08 06:19:31,298  gsv3.training             INFO     [group_holdout:vqe] epoch 0038  train_log_mse=0.15629  val_log_mse=0.85657  val_mse=0.043897  max_grad=61.08  patience=30/30
2026-10-08 06:19:44,558  gsv3.experiment           INFO     [vqe] TEST  n=9168  MAE=0.1066  R2=0.7811  device-acc=0.250  regret=0.0698
2026-10-08 06:19:44,562  genstudy.io               INFO     Wrote evaluations/generalization_v3/results/xattn_a00_s6/leave_one_group_out/vqe/metrics.json
2026-10-08 06:19:44,607  genstudy.io               INFO     Wrote evaluations/generalization_v3/results/xattn_a00_s6/leave_one_group_out/vqe/predictions.json
2026-10-08 06:19:44,620  genstudy.io               INFO     Wrote evaluations/generalization_v3/results/xattn_a00_s6/leave_one_group_out/vqe/history.json
2026-10-08 06:19:44,645  run_experiment            INFO     leave_one_group_out finished: 1 complete, 0 skipped
2026-10-08 06:20:04,988  gsv3.training             INFO     [group_holdout:fourier] epoch 0028  train_log_mse=0.05304  val_log_mse=4.60642  val_mse=0.025887  max_grad=39.77  patience=7/30
2026-10-08 06:21:15,563  gsv3.training             INFO     [group_holdout:fourier] epoch 0029  train_log_mse=0.04834  val_log_mse=4.52381  val_mse=0.022925  max_grad=28.50  patience=8/30
2026-10-08 06:22:26,163  gsv3.training             INFO     [group_holdout:fourier] epoch 0030  train_log_mse=0.04722  val_log_mse=4.23737  val_mse=0.024517  max_grad=28.58  patience=9/30
2026-10-08 06:23:36,591  gsv3.training             INFO     [group_holdout:fourier] epoch 0031  train_log_mse=0.04611  val_log_mse=4.64378  val_mse=0.023444  max_grad=29.10  patience=10/30
2026-10-08 06:24:47,291  gsv3.training             INFO     [group_holdout:fourier] epoch 0032  train_log_mse=0.04467  val_log_mse=5.10211  val_mse=0.022436  max_grad=28.72  patience=11/30
2026-10-08 06:25:58,379  gsv3.training             INFO     [group_holdout:fourier] epoch 0033  train_log_mse=0.03953  val_log_mse=4.23021  val_mse=0.022502  max_grad=24.58  patience=12/30
2026-10-08 06:27:08,480  gsv3.training             INFO     [group_holdout:fourier] epoch 0034  train_log_mse=0.04322  val_log_mse=4.52408  val_mse=0.025676  max_grad=26.69  patience=13/30
2026-10-08 06:28:18,325  gsv3.training             INFO     [group_holdout:fourier] epoch 0035  train_log_mse=0.03570  val_log_mse=4.49169  val_mse=0.023800  max_grad=24.71  patience=14/30
2026-10-08 06:29:28,232  gsv3.training             INFO     [group_holdout:fourier] epoch 0036  train_log_mse=0.03767  val_log_mse=4.52236  val_mse=0.022253  max_grad=20.10  patience=15/30
2026-10-08 06:30:37,891  gsv3.training             INFO     [group_holdout:fourier] epoch 0037  train_log_mse=0.03959  val_log_mse=4.30510  val_mse=0.025409  max_grad=21.61  patience=16/30
2026-10-08 06:31:47,471  gsv3.training             INFO     [group_holdout:fourier] epoch 0038  train_log_mse=0.03995  val_log_mse=4.81528  val_mse=0.025474  max_grad=18.89  patience=17/30
2026-10-08 06:32:56,968  gsv3.training             INFO     [group_holdout:fourier] epoch 0039  train_log_mse=0.03623  val_log_mse=4.40080  val_mse=0.024738  max_grad=20.65  patience=18/30
2026-10-08 06:34:06,211  gsv3.training             INFO     [group_holdout:fourier] epoch 0040  train_log_mse=0.04484  val_log_mse=4.20063  val_mse=0.022194  max_grad=23.22  patience=19/30
2026-10-08 06:35:15,538  gsv3.training             INFO     [group_holdout:fourier] epoch 0041  train_log_mse=0.04164  val_log_mse=5.04943  val_mse=0.021645  max_grad=32.48  patience=20/30
2026-10-08 06:36:24,859  gsv3.training             INFO     [group_holdout:fourier] epoch 0042  train_log_mse=0.04064  val_log_mse=4.31609  val_mse=0.023195  max_grad=24.57  patience=21/30
2026-10-08 06:37:34,249  gsv3.training             INFO     [group_holdout:fourier] epoch 0043  train_log_mse=0.03738  val_log_mse=4.83242  val_mse=0.022801  max_grad=21.25  patience=22/30
2026-10-08 06:38:43,645  gsv3.training             INFO     [group_holdout:fourier] epoch 0044  train_log_mse=0.03977  val_log_mse=3.88823  val_mse=0.021522  max_grad=22.82  patience=23/30
2026-10-08 06:39:52,850  gsv3.training             INFO     [group_holdout:fourier] epoch 0045  train_log_mse=0.03691  val_log_mse=4.87728  val_mse=0.022731  max_grad=32.67  patience=24/30
2026-10-08 06:41:02,023  gsv3.training             INFO     [group_holdout:fourier] epoch 0046  train_log_mse=0.03417  val_log_mse=5.15627  val_mse=0.023161  max_grad=19.56  patience=25/30
2026-10-08 06:42:11,234  gsv3.training             INFO     [group_holdout:fourier] epoch 0047  train_log_mse=0.03494  val_log_mse=4.41926  val_mse=0.023159  max_grad=32.39  patience=26/30
2026-10-08 06:43:20,856  gsv3.training             INFO     [group_holdout:fourier] epoch 0048  train_log_mse=0.03301  val_log_mse=4.42400  val_mse=0.023419  max_grad=21.08  patience=27/30
2026-10-08 06:44:30,657  gsv3.training             INFO     [group_holdout:fourier] epoch 0049  train_log_mse=0.03333  val_log_mse=4.48802  val_mse=0.023179  max_grad=16.21  patience=28/30
2026-10-08 06:45:40,374  gsv3.training             INFO     [group_holdout:fourier] epoch 0050  train_log_mse=0.03581  val_log_mse=4.71140  val_mse=0.021694  max_grad=21.31  patience=29/30
2026-10-08 06:46:49,988  gsv3.training             INFO     [group_holdout:fourier] epoch 0051  train_log_mse=0.03571  val_log_mse=4.74735  val_mse=0.021379  max_grad=31.83  patience=30/30
2026-10-08 06:46:54,364  gsv3.experiment           INFO     [fourier] TEST  n=2904  MAE=0.1300  R2=0.7219  device-acc=0.668  regret=0.0148
2026-10-08 06:46:54,368  genstudy.io               INFO     Wrote evaluations/generalization_v3/results/xattn_a00_s6/leave_one_group_out/fourier/metrics.json
2026-10-08 06:46:54,381  genstudy.io               INFO     Wrote evaluations/generalization_v3/results/xattn_a00_s6/leave_one_group_out/fourier/predictions.json
2026-10-08 06:46:54,392  genstudy.io               INFO     Wrote evaluations/generalization_v3/results/xattn_a00_s6/leave_one_group_out/fourier/history.json
2026-10-08 06:46:54,408  run_experiment            INFO     leave_one_group_out finished: 1 complete, 0 skipped
