2026-10-07 14:39:02,009  genstudy.io               INFO     Logging to /home/atudisco/pred-distr-tool/evaluations/generalization/results/scheduling/size_extrapolation_qmax_14/run.log
2026-10-07 14:39:02,009  run_scheduling_eval       INFO     Command line: /home/atudisco/pred-distr-tool/evaluations/generalization/scripts/run_scheduling_eval.py --results-dir /home/atudisco/pred-distr-tool/evaluations/generalization/results --predictions /home/atudisco/pred-distr-tool/evaluations/generalization/results/size_extrapolation/qmax_14/predictions.json --tag size_extrapolation_qmax_14 --fidelity-weights 0.0:1.0:0.1
2026-10-07 14:39:02,022  run_scheduling_eval       INFO     Loaded 4586 held-out predictions from /home/atudisco/pred-distr-tool/evaluations/generalization/results/size_extrapolation/qmax_14/predictions.json
2026-10-07 14:39:02,226  run_gnn_dispatch          INFO     Loaded ground-truth fidelities for 19465 circuits from /home/atudisco/pred-distr-tool/src/model/expected_fidelity_results_benchmark.json
2026-10-07 14:39:02,229  run_scheduling_eval       INFO     Weight sweep: [0.0, 0.1, 0.2, 0.3, 0.4, 0.5, 0.6, 0.7, 0.8, 0.9, 1.0]
2026-10-07 14:39:02,233  run_scheduling_eval       INFO     Scheduling on 4586 circuits -> /home/atudisco/pred-distr-tool/evaluations/generalization/results/scheduling/size_extrapolation_qmax_14
2026-10-07 14:39:02,233  run_gnn_dispatch          INFO     === Fidelity weight 0.00 ===
2026-10-07 14:39:02,239  run_gnn_dispatch          INFO       [oracle] EQE1_Top  ->  701 circuits
2026-10-07 14:39:02,239  run_gnn_dispatch          INFO       [oracle] EQE1_Bottom  ->  2085 circuits
2026-10-07 14:39:02,239  run_gnn_dispatch          INFO       [oracle] QExa20  ->  1800 circuits
2026-10-07 14:39:02,248  run_gnn_dispatch          INFO       [oracle] overall mean fidelity: 0.1696  (load CV: 0.478)
2026-10-07 14:39:02,248  run_gnn_dispatch          INFO       [gt_weighted] EQE1_Top  ->  1529 circuits
2026-10-07 14:39:02,248  run_gnn_dispatch          INFO       [gt_weighted] EQE1_Bottom  ->  1529 circuits
2026-10-07 14:39:02,248  run_gnn_dispatch          INFO       [gt_weighted] QExa20  ->  1528 circuits
2026-10-07 14:39:02,256  run_gnn_dispatch          INFO       [gt_weighted] overall mean fidelity: 0.1382  (load CV: 0.000)
2026-10-07 14:39:02,257  run_gnn_dispatch          INFO       [gnn] EQE1_Top  ->  1529 circuits
2026-10-07 14:39:02,257  run_gnn_dispatch          INFO       [gnn] EQE1_Bottom  ->  1529 circuits
2026-10-07 14:39:02,257  run_gnn_dispatch          INFO       [gnn] QExa20  ->  1528 circuits
2026-10-07 14:39:02,265  run_gnn_dispatch          INFO       [gnn] overall mean fidelity: 0.1382  (load CV: 0.000)
2026-10-07 14:39:02,265  run_gnn_dispatch          INFO       [round_robin] EQE1_Top  ->  1529 circuits
2026-10-07 14:39:02,265  run_gnn_dispatch          INFO       [round_robin] EQE1_Bottom  ->  1529 circuits
2026-10-07 14:39:02,265  run_gnn_dispatch          INFO       [round_robin] QExa20  ->  1528 circuits
2026-10-07 14:39:02,273  run_gnn_dispatch          INFO       [round_robin] overall mean fidelity: 0.1382  (load CV: 0.000)
2026-10-07 14:39:02,277  run_gnn_dispatch          INFO       [cross-policy oracle↔gnn] agreement: 32.9%  mean regret: 0.0313
2026-10-07 14:39:02,281  run_gnn_dispatch          INFO       [cross-policy gt_weighted↔gnn] agreement: 100.0%  mean regret: 0.0000
2026-10-07 14:39:02,281  run_gnn_dispatch          INFO     === Fidelity weight 0.10 ===
2026-10-07 14:39:02,373  run_gnn_dispatch          INFO       [oracle] EQE1_Top  ->  701 circuits
2026-10-07 14:39:02,373  run_gnn_dispatch          INFO       [oracle] EQE1_Bottom  ->  2085 circuits
2026-10-07 14:39:02,373  run_gnn_dispatch          INFO       [oracle] QExa20  ->  1800 circuits
2026-10-07 14:39:02,381  run_gnn_dispatch          INFO       [oracle] overall mean fidelity: 0.1696  (load CV: 0.478)
2026-10-07 14:39:02,381  run_gnn_dispatch          INFO       [gt_weighted] EQE1_Top  ->  1534 circuits
2026-10-07 14:39:02,381  run_gnn_dispatch          INFO       [gt_weighted] EQE1_Bottom  ->  1542 circuits
2026-10-07 14:39:02,381  run_gnn_dispatch          INFO       [gt_weighted] QExa20  ->  1510 circuits
2026-10-07 14:39:02,389  run_gnn_dispatch          INFO       [gt_weighted] overall mean fidelity: 0.1560  (load CV: 0.011)
2026-10-07 14:39:02,389  run_gnn_dispatch          INFO       [gnn] EQE1_Top  ->  1519 circuits
2026-10-07 14:39:02,389  run_gnn_dispatch          INFO       [gnn] EQE1_Bottom  ->  1539 circuits
2026-10-07 14:39:02,389  run_gnn_dispatch          INFO       [gnn] QExa20  ->  1528 circuits
2026-10-07 14:39:02,397  run_gnn_dispatch          INFO       [gnn] overall mean fidelity: 0.1505  (load CV: 0.007)
2026-10-07 14:39:02,397  run_gnn_dispatch          INFO       [round_robin] EQE1_Top  ->  1529 circuits
2026-10-07 14:39:02,397  run_gnn_dispatch          INFO       [round_robin] EQE1_Bottom  ->  1529 circuits
2026-10-07 14:39:02,397  run_gnn_dispatch          INFO       [round_robin] QExa20  ->  1528 circuits
2026-10-07 14:39:02,405  run_gnn_dispatch          INFO       [round_robin] overall mean fidelity: 0.1382  (load CV: 0.000)
2026-10-07 14:39:02,409  run_gnn_dispatch          INFO       [cross-policy oracle↔gnn] agreement: 42.7%  mean regret: 0.0191
2026-10-07 14:39:02,414  run_gnn_dispatch          INFO       [cross-policy gt_weighted↔gnn] agreement: 46.1%  mean regret: 0.0055
2026-10-07 14:39:02,414  run_gnn_dispatch          INFO     === Fidelity weight 0.20 ===
2026-10-07 14:39:02,453  run_gnn_dispatch          INFO       [oracle] EQE1_Top  ->  701 circuits
2026-10-07 14:39:02,453  run_gnn_dispatch          INFO       [oracle] EQE1_Bottom  ->  2085 circuits
2026-10-07 14:39:02,453  run_gnn_dispatch          INFO       [oracle] QExa20  ->  1800 circuits
2026-10-07 14:39:02,461  run_gnn_dispatch          INFO       [oracle] overall mean fidelity: 0.1696  (load CV: 0.478)
2026-10-07 14:39:02,461  run_gnn_dispatch          INFO       [gt_weighted] EQE1_Top  ->  1545 circuits
2026-10-07 14:39:02,461  run_gnn_dispatch          INFO       [gt_weighted] EQE1_Bottom  ->  1555 circuits
2026-10-07 14:39:02,461  run_gnn_dispatch          INFO       [gt_weighted] QExa20  ->  1486 circuits
2026-10-07 14:39:02,468  run_gnn_dispatch          INFO       [gt_weighted] overall mean fidelity: 0.1591  (load CV: 0.024)
2026-10-07 14:39:02,468  run_gnn_dispatch          INFO       [gnn] EQE1_Top  ->  1514 circuits
2026-10-07 14:39:02,469  run_gnn_dispatch          INFO       [gnn] EQE1_Bottom  ->  1552 circuits
2026-10-07 14:39:02,469  run_gnn_dispatch          INFO       [gnn] QExa20  ->  1520 circuits
2026-10-07 14:39:02,476  run_gnn_dispatch          INFO       [gnn] overall mean fidelity: 0.1525  (load CV: 0.013)
2026-10-07 14:39:02,476  run_gnn_dispatch          INFO       [round_robin] EQE1_Top  ->  1529 circuits
2026-10-07 14:39:02,476  run_gnn_dispatch          INFO       [round_robin] EQE1_Bottom  ->  1529 circuits
2026-10-07 14:39:02,477  run_gnn_dispatch          INFO       [round_robin] QExa20  ->  1528 circuits
2026-10-07 14:39:02,485  run_gnn_dispatch          INFO       [round_robin] overall mean fidelity: 0.1382  (load CV: 0.000)
2026-10-07 14:39:02,489  run_gnn_dispatch          INFO       [cross-policy oracle↔gnn] agreement: 44.8%  mean regret: 0.0171
2026-10-07 14:39:02,493  run_gnn_dispatch          INFO       [cross-policy gt_weighted↔gnn] agreement: 46.3%  mean regret: 0.0066
2026-10-07 14:39:02,493  run_gnn_dispatch          INFO     === Fidelity weight 0.30 ===
2026-10-07 14:39:02,532  run_gnn_dispatch          INFO       [oracle] EQE1_Top  ->  701 circuits
2026-10-07 14:39:02,532  run_gnn_dispatch          INFO       [oracle] EQE1_Bottom  ->  2085 circuits
2026-10-07 14:39:02,532  run_gnn_dispatch          INFO       [oracle] QExa20  ->  1800 circuits
2026-10-07 14:39:02,540  run_gnn_dispatch          INFO       [oracle] overall mean fidelity: 0.1696  (load CV: 0.478)
2026-10-07 14:39:02,540  run_gnn_dispatch          INFO       [gt_weighted] EQE1_Top  ->  1553 circuits
2026-10-07 14:39:02,540  run_gnn_dispatch          INFO       [gt_weighted] EQE1_Bottom  ->  1571 circuits
2026-10-07 14:39:02,540  run_gnn_dispatch          INFO       [gt_weighted] QExa20  ->  1462 circuits
2026-10-07 14:39:02,548  run_gnn_dispatch          INFO       [gt_weighted] overall mean fidelity: 0.1609  (load CV: 0.038)
2026-10-07 14:39:02,548  run_gnn_dispatch          INFO       [gnn] EQE1_Top  ->  1506 circuits
2026-10-07 14:39:02,548  run_gnn_dispatch          INFO       [gnn] EQE1_Bottom  ->  1570 circuits
2026-10-07 14:39:02,548  run_gnn_dispatch          INFO       [gnn] QExa20  ->  1510 circuits
2026-10-07 14:39:02,556  run_gnn_dispatch          INFO       [gnn] overall mean fidelity: 0.1546  (load CV: 0.023)
2026-10-07 14:39:02,556  run_gnn_dispatch          INFO       [round_robin] EQE1_Top  ->  1529 circuits
2026-10-07 14:39:02,556  run_gnn_dispatch          INFO       [round_robin] EQE1_Bottom  ->  1529 circuits
2026-10-07 14:39:02,556  run_gnn_dispatch          INFO       [round_robin] QExa20  ->  1528 circuits
2026-10-07 14:39:02,564  run_gnn_dispatch          INFO       [round_robin] overall mean fidelity: 0.1382  (load CV: 0.000)
2026-10-07 14:39:02,568  run_gnn_dispatch          INFO       [cross-policy oracle↔gnn] agreement: 46.8%  mean regret: 0.0150
2026-10-07 14:39:02,572  run_gnn_dispatch          INFO       [cross-policy gt_weighted↔gnn] agreement: 50.3%  mean regret: 0.0063
2026-10-07 14:39:02,572  run_gnn_dispatch          INFO     === Fidelity weight 0.40 ===
2026-10-07 14:39:02,724  run_gnn_dispatch          INFO       [oracle] EQE1_Top  ->  701 circuits
2026-10-07 14:39:02,724  run_gnn_dispatch          INFO       [oracle] EQE1_Bottom  ->  2085 circuits
2026-10-07 14:39:02,724  run_gnn_dispatch          INFO       [oracle] QExa20  ->  1800 circuits
2026-10-07 14:39:02,732  run_gnn_dispatch          INFO       [oracle] overall mean fidelity: 0.1696  (load CV: 0.478)
2026-10-07 14:39:02,732  run_gnn_dispatch          INFO       [gt_weighted] EQE1_Top  ->  1561 circuits
2026-10-07 14:39:02,732  run_gnn_dispatch          INFO       [gt_weighted] EQE1_Bottom  ->  1588 circuits
2026-10-07 14:39:02,732  run_gnn_dispatch          INFO       [gt_weighted] QExa20  ->  1437 circuits
2026-10-07 14:39:02,740  run_gnn_dispatch          INFO       [gt_weighted] overall mean fidelity: 0.1625  (load CV: 0.053)
2026-10-07 14:39:02,740  run_gnn_dispatch          INFO       [gnn] EQE1_Top  ->  1496 circuits
2026-10-07 14:39:02,740  run_gnn_dispatch          INFO       [gnn] EQE1_Bottom  ->  1594 circuits
2026-10-07 14:39:02,740  run_gnn_dispatch          INFO       [gnn] QExa20  ->  1496 circuits
2026-10-07 14:39:02,748  run_gnn_dispatch          INFO       [gnn] overall mean fidelity: 0.1563  (load CV: 0.037)
2026-10-07 14:39:02,748  run_gnn_dispatch          INFO       [round_robin] EQE1_Top  ->  1529 circuits
2026-10-07 14:39:02,748  run_gnn_dispatch          INFO       [round_robin] EQE1_Bottom  ->  1529 circuits
2026-10-07 14:39:02,748  run_gnn_dispatch          INFO       [round_robin] QExa20  ->  1528 circuits
2026-10-07 14:39:02,756  run_gnn_dispatch          INFO       [round_robin] overall mean fidelity: 0.1382  (load CV: 0.000)
2026-10-07 14:39:02,760  run_gnn_dispatch          INFO       [cross-policy oracle↔gnn] agreement: 49.0%  mean regret: 0.0133
2026-10-07 14:39:02,764  run_gnn_dispatch          INFO       [cross-policy gt_weighted↔gnn] agreement: 52.8%  mean regret: 0.0063
2026-10-07 14:39:02,764  run_gnn_dispatch          INFO     === Fidelity weight 0.50 ===
2026-10-07 14:39:02,803  run_gnn_dispatch          INFO       [oracle] EQE1_Top  ->  701 circuits
2026-10-07 14:39:02,803  run_gnn_dispatch          INFO       [oracle] EQE1_Bottom  ->  2085 circuits
2026-10-07 14:39:02,803  run_gnn_dispatch          INFO       [oracle] QExa20  ->  1800 circuits
2026-10-07 14:39:02,811  run_gnn_dispatch          INFO       [oracle] overall mean fidelity: 0.1696  (load CV: 0.478)
2026-10-07 14:39:02,811  run_gnn_dispatch          INFO       [gt_weighted] EQE1_Top  ->  1566 circuits
2026-10-07 14:39:02,811  run_gnn_dispatch          INFO       [gt_weighted] EQE1_Bottom  ->  1612 circuits
2026-10-07 14:39:02,811  run_gnn_dispatch          INFO       [gt_weighted] QExa20  ->  1408 circuits
2026-10-07 14:39:02,819  run_gnn_dispatch          INFO       [gt_weighted] overall mean fidelity: 0.1643  (load CV: 0.070)
2026-10-07 14:39:02,819  run_gnn_dispatch          INFO       [gnn] EQE1_Top  ->  1480 circuits
2026-10-07 14:39:02,819  run_gnn_dispatch          INFO       [gnn] EQE1_Bottom  ->  1631 circuits
2026-10-07 14:39:02,819  run_gnn_dispatch          INFO       [gnn] QExa20  ->  1475 circuits
2026-10-07 14:39:02,827  run_gnn_dispatch          INFO       [gnn] overall mean fidelity: 0.1577  (load CV: 0.058)
2026-10-07 14:39:02,827  run_gnn_dispatch          INFO       [round_robin] EQE1_Top  ->  1529 circuits
2026-10-07 14:39:02,827  run_gnn_dispatch          INFO       [round_robin] EQE1_Bottom  ->  1529 circuits
2026-10-07 14:39:02,827  run_gnn_dispatch          INFO       [round_robin] QExa20  ->  1528 circuits
2026-10-07 14:39:02,835  run_gnn_dispatch          INFO       [round_robin] overall mean fidelity: 0.1382  (load CV: 0.000)
2026-10-07 14:39:02,839  run_gnn_dispatch          INFO       [cross-policy oracle↔gnn] agreement: 50.9%  mean regret: 0.0119
2026-10-07 14:39:02,843  run_gnn_dispatch          INFO       [cross-policy gt_weighted↔gnn] agreement: 52.1%  mean regret: 0.0065
2026-10-07 14:39:02,843  run_gnn_dispatch          INFO     === Fidelity weight 0.60 ===
2026-10-07 14:39:02,882  run_gnn_dispatch          INFO       [oracle] EQE1_Top  ->  701 circuits
2026-10-07 14:39:02,882  run_gnn_dispatch          INFO       [oracle] EQE1_Bottom  ->  2085 circuits
2026-10-07 14:39:02,882  run_gnn_dispatch          INFO       [oracle] QExa20  ->  1800 circuits
2026-10-07 14:39:02,890  run_gnn_dispatch          INFO       [oracle] overall mean fidelity: 0.1696  (load CV: 0.478)
2026-10-07 14:39:02,890  run_gnn_dispatch          INFO       [gt_weighted] EQE1_Top  ->  1576 circuits
2026-10-07 14:39:02,890  run_gnn_dispatch          INFO       [gt_weighted] EQE1_Bottom  ->  1656 circuits
2026-10-07 14:39:02,890  run_gnn_dispatch          INFO       [gt_weighted] QExa20  ->  1354 circuits
2026-10-07 14:39:02,897  run_gnn_dispatch          INFO       [gt_weighted] overall mean fidelity: 0.1657  (load CV: 0.102)
2026-10-07 14:39:02,897  run_gnn_dispatch          INFO       [gnn] EQE1_Top  ->  1454 circuits
2026-10-07 14:39:02,897  run_gnn_dispatch          INFO       [gnn] EQE1_Bottom  ->  1688 circuits
2026-10-07 14:39:02,897  run_gnn_dispatch          INFO       [gnn] QExa20  ->  1444 circuits
2026-10-07 14:39:02,905  run_gnn_dispatch          INFO       [gnn] overall mean fidelity: 0.1589  (load CV: 0.090)
2026-10-07 14:39:02,905  run_gnn_dispatch          INFO       [round_robin] EQE1_Top  ->  1529 circuits
2026-10-07 14:39:02,905  run_gnn_dispatch          INFO       [round_robin] EQE1_Bottom  ->  1529 circuits
2026-10-07 14:39:02,905  run_gnn_dispatch          INFO       [round_robin] QExa20  ->  1528 circuits
2026-10-07 14:39:02,913  run_gnn_dispatch          INFO       [round_robin] overall mean fidelity: 0.1382  (load CV: 0.000)
2026-10-07 14:39:02,917  run_gnn_dispatch          INFO       [cross-policy oracle↔gnn] agreement: 52.0%  mean regret: 0.0107
2026-10-07 14:39:02,921  run_gnn_dispatch          INFO       [cross-policy gt_weighted↔gnn] agreement: 53.8%  mean regret: 0.0068
2026-10-07 14:39:02,921  run_gnn_dispatch          INFO     === Fidelity weight 0.70 ===
2026-10-07 14:39:02,960  run_gnn_dispatch          INFO       [oracle] EQE1_Top  ->  701 circuits
2026-10-07 14:39:02,960  run_gnn_dispatch          INFO       [oracle] EQE1_Bottom  ->  2085 circuits
2026-10-07 14:39:02,960  run_gnn_dispatch          INFO       [oracle] QExa20  ->  1800 circuits
2026-10-07 14:39:02,968  run_gnn_dispatch          INFO       [oracle] overall mean fidelity: 0.1696  (load CV: 0.478)
2026-10-07 14:39:02,968  run_gnn_dispatch          INFO       [gt_weighted] EQE1_Top  ->  1576 circuits
2026-10-07 14:39:02,968  run_gnn_dispatch          INFO       [gt_weighted] EQE1_Bottom  ->  1718 circuits
2026-10-07 14:39:02,968  run_gnn_dispatch          INFO       [gt_weighted] QExa20  ->  1292 circuits
2026-10-07 14:39:02,976  run_gnn_dispatch          INFO       [gt_weighted] overall mean fidelity: 0.1671  (load CV: 0.142)
2026-10-07 14:39:02,976  run_gnn_dispatch          INFO       [gnn] EQE1_Top  ->  1412 circuits
2026-10-07 14:39:02,976  run_gnn_dispatch          INFO       [gnn] EQE1_Bottom  ->  1778 circuits
2026-10-07 14:39:02,976  run_gnn_dispatch          INFO       [gnn] QExa20  ->  1396 circuits
2026-10-07 14:39:02,984  run_gnn_dispatch          INFO       [gnn] overall mean fidelity: 0.1603  (load CV: 0.141)
2026-10-07 14:39:02,984  run_gnn_dispatch          INFO       [round_robin] EQE1_Top  ->  1529 circuits
2026-10-07 14:39:02,984  run_gnn_dispatch          INFO       [round_robin] EQE1_Bottom  ->  1529 circuits
2026-10-07 14:39:02,984  run_gnn_dispatch          INFO       [round_robin] QExa20  ->  1528 circuits
2026-10-07 14:39:02,992  run_gnn_dispatch          INFO       [round_robin] overall mean fidelity: 0.1382  (load CV: 0.000)
2026-10-07 14:39:02,996  run_gnn_dispatch          INFO       [cross-policy oracle↔gnn] agreement: 53.9%  mean regret: 0.0093
2026-10-07 14:39:03,000  run_gnn_dispatch          INFO       [cross-policy gt_weighted↔gnn] agreement: 56.3%  mean regret: 0.0067
2026-10-07 14:39:03,000  run_gnn_dispatch          INFO     === Fidelity weight 0.80 ===
2026-10-07 14:39:03,125  run_gnn_dispatch          INFO       [oracle] EQE1_Top  ->  701 circuits
2026-10-07 14:39:03,125  run_gnn_dispatch          INFO       [oracle] EQE1_Bottom  ->  2085 circuits
2026-10-07 14:39:03,125  run_gnn_dispatch          INFO       [oracle] QExa20  ->  1800 circuits
2026-10-07 14:39:03,133  run_gnn_dispatch          INFO       [oracle] overall mean fidelity: 0.1696  (load CV: 0.478)
2026-10-07 14:39:03,133  run_gnn_dispatch          INFO       [gt_weighted] EQE1_Top  ->  1567 circuits
2026-10-07 14:39:03,133  run_gnn_dispatch          INFO       [gt_weighted] EQE1_Bottom  ->  1817 circuits
2026-10-07 14:39:03,133  run_gnn_dispatch          INFO       [gt_weighted] QExa20  ->  1202 circuits
2026-10-07 14:39:03,141  run_gnn_dispatch          INFO       [gt_weighted] overall mean fidelity: 0.1684  (load CV: 0.202)
2026-10-07 14:39:03,141  run_gnn_dispatch          INFO       [gnn] EQE1_Top  ->  1335 circuits
2026-10-07 14:39:03,141  run_gnn_dispatch          INFO       [gnn] EQE1_Bottom  ->  1946 circuits
2026-10-07 14:39:03,141  run_gnn_dispatch          INFO       [gnn] QExa20  ->  1305 circuits
2026-10-07 14:39:03,149  run_gnn_dispatch          INFO       [gnn] overall mean fidelity: 0.1619  (load CV: 0.237)
2026-10-07 14:39:03,149  run_gnn_dispatch          INFO       [round_robin] EQE1_Top  ->  1529 circuits
2026-10-07 14:39:03,149  run_gnn_dispatch          INFO       [round_robin] EQE1_Bottom  ->  1529 circuits
2026-10-07 14:39:03,149  run_gnn_dispatch          INFO       [round_robin] QExa20  ->  1528 circuits
2026-10-07 14:39:03,157  run_gnn_dispatch          INFO       [round_robin] overall mean fidelity: 0.1382  (load CV: 0.000)
2026-10-07 14:39:03,161  run_gnn_dispatch          INFO       [cross-policy oracle↔gnn] agreement: 55.4%  mean regret: 0.0077
2026-10-07 14:39:03,165  run_gnn_dispatch          INFO       [cross-policy gt_weighted↔gnn] agreement: 56.0%  mean regret: 0.0065
2026-10-07 14:39:03,165  run_gnn_dispatch          INFO     === Fidelity weight 0.90 ===
2026-10-07 14:39:03,204  run_gnn_dispatch          INFO       [oracle] EQE1_Top  ->  701 circuits
2026-10-07 14:39:03,204  run_gnn_dispatch          INFO       [oracle] EQE1_Bottom  ->  2085 circuits
2026-10-07 14:39:03,204  run_gnn_dispatch          INFO       [oracle] QExa20  ->  1800 circuits
2026-10-07 14:39:03,212  run_gnn_dispatch          INFO       [oracle] overall mean fidelity: 0.1696  (load CV: 0.478)
2026-10-07 14:39:03,212  run_gnn_dispatch          INFO       [gt_weighted] EQE1_Top  ->  1469 circuits
2026-10-07 14:39:03,212  run_gnn_dispatch          INFO       [gt_weighted] EQE1_Bottom  ->  1983 circuits
2026-10-07 14:39:03,212  run_gnn_dispatch          INFO       [gt_weighted] QExa20  ->  1134 circuits
2026-10-07 14:39:03,220  run_gnn_dispatch          INFO       [gt_weighted] overall mean fidelity: 0.1691  (load CV: 0.280)
2026-10-07 14:39:03,220  run_gnn_dispatch          INFO       [gnn] EQE1_Top  ->  1200 circuits
2026-10-07 14:39:03,220  run_gnn_dispatch          INFO       [gnn] EQE1_Bottom  ->  2236 circuits
2026-10-07 14:39:03,220  run_gnn_dispatch          INFO       [gnn] QExa20  ->  1150 circuits
2026-10-07 14:39:03,227  run_gnn_dispatch          INFO       [gnn] overall mean fidelity: 0.1641  (load CV: 0.401)
2026-10-07 14:39:03,227  run_gnn_dispatch          INFO       [round_robin] EQE1_Top  ->  1529 circuits
2026-10-07 14:39:03,227  run_gnn_dispatch          INFO       [round_robin] EQE1_Bottom  ->  1529 circuits
2026-10-07 14:39:03,227  run_gnn_dispatch          INFO       [round_robin] QExa20  ->  1528 circuits
2026-10-07 14:39:03,235  run_gnn_dispatch          INFO       [round_robin] overall mean fidelity: 0.1382  (load CV: 0.000)
2026-10-07 14:39:03,239  run_gnn_dispatch          INFO       [cross-policy oracle↔gnn] agreement: 58.2%  mean regret: 0.0055
2026-10-07 14:39:03,243  run_gnn_dispatch          INFO       [cross-policy gt_weighted↔gnn] agreement: 57.0%  mean regret: 0.0050
2026-10-07 14:39:03,243  run_gnn_dispatch          INFO     === Fidelity weight 1.00 ===
2026-10-07 14:39:03,289  run_gnn_dispatch          INFO       [oracle] EQE1_Top  ->  701 circuits
2026-10-07 14:39:03,289  run_gnn_dispatch          INFO       [oracle] EQE1_Bottom  ->  2085 circuits
2026-10-07 14:39:03,289  run_gnn_dispatch          INFO       [oracle] QExa20  ->  1800 circuits
2026-10-07 14:39:03,297  run_gnn_dispatch          INFO       [oracle] overall mean fidelity: 0.1696  (load CV: 0.478)
2026-10-07 14:39:03,297  run_gnn_dispatch          INFO       [gt_weighted] EQE1_Top  ->  701 circuits
2026-10-07 14:39:03,297  run_gnn_dispatch          INFO       [gt_weighted] EQE1_Bottom  ->  2085 circuits
2026-10-07 14:39:03,297  run_gnn_dispatch          INFO       [gt_weighted] QExa20  ->  1800 circuits
2026-10-07 14:39:03,304  run_gnn_dispatch          INFO       [gt_weighted] overall mean fidelity: 0.1696  (load CV: 0.478)
2026-10-07 14:39:03,304  run_gnn_dispatch          INFO       [gnn] EQE1_Top  ->  1726 circuits
2026-10-07 14:39:03,304  run_gnn_dispatch          INFO       [gnn] EQE1_Bottom  ->  2255 circuits
2026-10-07 14:39:03,304  run_gnn_dispatch          INFO       [gnn] QExa20  ->  605 circuits
2026-10-07 14:39:03,312  run_gnn_dispatch          INFO       [gnn] overall mean fidelity: 0.1644  (load CV: 0.551)
2026-10-07 14:39:03,312  run_gnn_dispatch          INFO       [round_robin] EQE1_Top  ->  1529 circuits
2026-10-07 14:39:03,312  run_gnn_dispatch          INFO       [round_robin] EQE1_Bottom  ->  1529 circuits
2026-10-07 14:39:03,312  run_gnn_dispatch          INFO       [round_robin] QExa20  ->  1528 circuits
2026-10-07 14:39:03,320  run_gnn_dispatch          INFO       [round_robin] overall mean fidelity: 0.1382  (load CV: 0.000)
2026-10-07 14:39:03,324  run_gnn_dispatch          INFO       [cross-policy oracle↔gnn] agreement: 52.2%  mean regret: 0.0052
2026-10-07 14:39:03,328  run_gnn_dispatch          INFO       [cross-policy gt_weighted↔gnn] agreement: 52.2%  mean regret: 0.0052
2026-10-07 14:39:03,347  run_gnn_dispatch          INFO     Ground-truth fidelities saved to /home/atudisco/pred-distr-tool/evaluations/generalization/results/scheduling/size_extrapolation_qmax_14/fidelity_ground_truth.json
2026-10-07 14:39:03,366  run_gnn_dispatch          INFO     GNN-predicted fidelities saved to /home/atudisco/pred-distr-tool/evaluations/generalization/results/scheduling/size_extrapolation_qmax_14/fidelity_gnn_predicted.json
2026-10-07 14:39:03,441  run_gnn_dispatch          INFO     Full results saved to /home/atudisco/pred-distr-tool/evaluations/generalization/results/scheduling/size_extrapolation_qmax_14/dispatch_results.json
2026-10-07 14:39:03,444  run_gnn_dispatch          INFO     Summary CSV saved to /home/atudisco/pred-distr-tool/evaluations/generalization/results/scheduling/size_extrapolation_qmax_14/dispatch_summary.csv
2026-10-07 14:39:03,446  run_gnn_dispatch          INFO     Cross-policy CSV saved to /home/atudisco/pred-distr-tool/evaluations/generalization/results/scheduling/size_extrapolation_qmax_14/cross_policy_summary.csv
2026-10-07 14:39:03,448  genstudy.io               INFO     Wrote /home/atudisco/pred-distr-tool/evaluations/generalization/results/scheduling/size_extrapolation_qmax_14/sweep_summary.csv (11 rows)
2026-10-07 14:39:03,451  genstudy.io               INFO     Wrote /home/atudisco/pred-distr-tool/evaluations/generalization/results/scheduling/size_extrapolation_qmax_14/scheduling_summary.json
2026-10-07 14:39:03,452  run_scheduling_eval       INFO     Scheduling evaluation finished: /home/atudisco/pred-distr-tool/evaluations/generalization/results/scheduling/size_extrapolation_qmax_14
