2026-10-08 11:37:44,482  genstudy.io               INFO     Logging to evaluations/generalization_v5/results/v5_sinkhorn_s7/leave_one_group_out/run.log
2026-10-08 11:37:44,482  run_experiment            INFO     Command line: evaluations/generalization_v3/scripts/run_experiment.py logo --model sinkhorn --balance-alpha 0 --lr 3e-4 --grad-clip 1.0 --seed 7 --families large --groups vqe --loss mixed --val-mode random --results-dir evaluations/generalization_v5/results/v5_sinkhorn_s7
2026-10-08 11:37:44,482  gsv2.gpu                  WARNING  No CUDA device available — running on the CPU.
2026-10-08 11:37:44,483  gsv3.model                INFO     Hyper-parameters (/home/atudisco/pred-distr-tool/src/model/best_params.json + v3 defaults): {'device_hidden': 64, 'device_layers': 3, 'fusion_dim': 128, 'qubit_layers': 2, 'attn_heads': 4, 'lap_pe': 8, 'cost_bias_init': -6.0, 'hidden_dim': 142, 'num_conv_wo_resnet': 3, 'num_resnet_layers': 1, 'dropout': 0.0, 'bidirectional': True, 'mlp': [512, 256, 128], 'lr': 0.001, 'readout': 'meanmaxsum'}
2026-10-08 11:37:44,579  genstudy.io               INFO     Logging to evaluations/generalization_v5/results/v5_sinkhorn_s7/leave_one_group_out/run.log
2026-10-08 11:37:44,580  run_experiment            INFO     Command line: evaluations/generalization_v3/scripts/run_experiment.py logo --model sinkhorn --balance-alpha 0 --lr 3e-4 --grad-clip 1.0 --seed 7 --families large --groups fourier --loss mixed --val-mode random --results-dir evaluations/generalization_v5/results/v5_sinkhorn_s7
2026-10-08 11:37:44,580  gsv2.gpu                  WARNING  No CUDA device available — running on the CPU.
2026-10-08 11:37:44,580  gsv3.model                INFO     Hyper-parameters (/home/atudisco/pred-distr-tool/src/model/best_params.json + v3 defaults): {'device_hidden': 64, 'device_layers': 3, 'fusion_dim': 128, 'qubit_layers': 2, 'attn_heads': 4, 'lap_pe': 8, 'cost_bias_init': -6.0, 'hidden_dim': 142, 'num_conv_wo_resnet': 3, 'num_resnet_layers': 1, 'dropout': 0.0, 'bidirectional': True, 'mlp': [512, 256, 128], 'lr': 0.001, 'readout': 'meanmaxsum'}
2026-10-08 11:37:44,580  genstudy.io               INFO     Logging to evaluations/generalization_v5/results/v5_sinkhorn_s7/leave_one_group_out/run.log
2026-10-08 11:37:44,581  run_experiment            INFO     Command line: evaluations/generalization_v3/scripts/run_experiment.py logo --model sinkhorn --balance-alpha 0 --lr 3e-4 --grad-clip 1.0 --seed 7 --families large --groups variational --loss mixed --val-mode random --results-dir evaluations/generalization_v5/results/v5_sinkhorn_s7
2026-10-08 11:37:44,581  gsv2.gpu                  WARNING  No CUDA device available — running on the CPU.
2026-10-08 11:37:44,581  gsv3.model                INFO     Hyper-parameters (/home/atudisco/pred-distr-tool/src/model/best_params.json + v3 defaults): {'device_hidden': 64, 'device_layers': 3, 'fusion_dim': 128, 'qubit_layers': 2, 'attn_heads': 4, 'lap_pe': 8, 'cost_bias_init': -6.0, 'hidden_dim': 142, 'num_conv_wo_resnet': 3, 'num_resnet_layers': 1, 'dropout': 0.0, 'bidirectional': True, 'mlp': [512, 256, 128], 'lr': 0.001, 'readout': 'meanmaxsum'}
2026-10-08 11:37:44,717  gsv3.devices              INFO     Device graphs: node features 13 (Laplacian PE 8), physical errors True
2026-10-08 11:37:44,717  gsv3.devices              INFO     Device graphs: node features 13 (Laplacian PE 8), physical errors True
2026-10-08 11:37:44,717  gsv3.devices              INFO     Device graphs: node features 13 (Laplacian PE 8), physical errors True
2026-10-08 11:37:44,718  genstudy.data             INFO     Loading graph dataset: /home/atudisco/pred-distr-tool/evaluations/generalization_v3/data/graph_dataset_expected_fidelity.pt
2026-10-08 11:37:44,718  genstudy.data             INFO     Loading graph dataset: /home/atudisco/pred-distr-tool/evaluations/generalization_v3/data/graph_dataset_expected_fidelity.pt
2026-10-08 11:37:44,718  genstudy.data             INFO     Loading graph dataset: /home/atudisco/pred-distr-tool/evaluations/generalization_v3/data/graph_dataset_expected_fidelity.pt
2026-10-08 11:37:49,387  genstudy.data             INFO     Loaded 17056 graphs
2026-10-08 11:37:49,395  genstudy.data             INFO     Loaded 17056 graphs
2026-10-08 11:37:49,411  genstudy.data             INFO     Loaded 17056 graphs
2026-10-08 11:37:49,416  genstudy.io               INFO     Wrote evaluations/generalization_v5/results/v5_sinkhorn_s7/leave_one_group_out/dataset_summary.json
2026-10-08 11:37:49,418  run_experiment            INFO     [1/1] variational
2026-10-08 11:37:49,421  gsv3.experiment           INFO     === group_holdout / variational ===
2026-10-08 11:37:49,421  gsv3.experiment           INFO     Leave-one-group-out: test = all 9928 circuits of group 'variational' (qnn, vqe_real_amp, vqe_su2, vqe_two_local), train = 7128 circuits from the other 31 families.
2026-10-08 11:37:49,421  gsv3.experiment           INFO     train=5702  val=1426 ({'mode': 'random'})  test=9928
2026-10-08 11:37:49,424  genstudy.io               INFO     Wrote evaluations/generalization_v5/results/v5_sinkhorn_s7/leave_one_group_out/dataset_summary.json
2026-10-08 11:37:49,426  run_experiment            INFO     [1/1] vqe
2026-10-08 11:37:49,429  gsv3.experiment           INFO     === group_holdout / vqe ===
2026-10-08 11:37:49,429  gsv3.experiment           INFO     Leave-one-group-out: test = all 9168 circuits of group 'vqe' (vqe_real_amp, vqe_su2, vqe_two_local), train = 7888 circuits from the other 32 families.
2026-10-08 11:37:49,429  gsv3.experiment           INFO     train=6310  val=1578 ({'mode': 'random'})  test=9168
2026-10-08 11:37:49,450  genstudy.io               INFO     Wrote evaluations/generalization_v5/results/v5_sinkhorn_s7/leave_one_group_out/dataset_summary.json
2026-10-08 11:37:49,452  run_experiment            INFO     [1/1] fourier
2026-10-08 11:37:49,454  gsv3.experiment           INFO     === group_holdout / fourier ===
2026-10-08 11:37:49,454  gsv3.experiment           INFO     Leave-one-group-out: test = all 2904 circuits of group 'fourier' (ae, draper_qft_adder, dynamic_qft, iqpe, qft, qftentangled, qpeexact, qpeinexact, rg_qft_multiplier), train = 14152 circuits from the other 26 families.
2026-10-08 11:37:49,455  gsv3.experiment           INFO     train=11322  val=2830 ({'mode': 'random'})  test=2904
2026-10-08 11:37:49,700  gsv3.training             INFO     [group_holdout:vqe] model=sinkhorn (979423 params) train=6310 val=1578 lr=0.0003 clip=1.0 alpha=0.00
2026-10-08 11:37:49,912  gsv3.training             INFO     [group_holdout:fourier] model=sinkhorn (979423 params) train=11322 val=2830 lr=0.0003 clip=1.0 alpha=0.00
2026-10-08 11:37:50,331  gsv3.training             INFO     [group_holdout:variational] model=sinkhorn (979423 params) train=5702 val=1426 lr=0.0003 clip=1.0 alpha=0.00
2026-10-08 11:38:46,714  gsv3.training             INFO     [group_holdout:variational] epoch 0001  train_log_mse=0.37247  val_log_mse=0.77463  val_mse=0.014747  max_grad=715.77  patience=0/30
2026-10-08 11:38:49,289  gsv3.training             INFO     [group_holdout:vqe] epoch 0001  train_log_mse=0.34301  val_log_mse=0.59593  val_mse=0.005353  max_grad=474.50  patience=0/30
2026-10-08 11:39:17,218  gsv3.training             INFO     [group_holdout:fourier] epoch 0001  train_log_mse=0.22117  val_log_mse=0.37117  val_mse=0.002674  max_grad=1045.97  patience=0/30
2026-10-08 11:39:43,037  gsv3.training             INFO     [group_holdout:variational] epoch 0002  train_log_mse=0.04898  val_log_mse=0.50773  val_mse=0.002651  max_grad=7.16  patience=0/30
2026-10-08 11:39:48,843  gsv3.training             INFO     [group_holdout:vqe] epoch 0002  train_log_mse=0.04919  val_log_mse=0.26295  val_mse=0.001511  max_grad=10.26  patience=0/30
2026-10-08 11:40:39,742  gsv3.training             INFO     [group_holdout:variational] epoch 0003  train_log_mse=0.02753  val_log_mse=0.17762  val_mse=0.001810  max_grad=5.21  patience=0/30
2026-10-08 11:40:45,032  gsv3.training             INFO     [group_holdout:fourier] epoch 0002  train_log_mse=0.03109  val_log_mse=0.21782  val_mse=0.001727  max_grad=7.28  patience=0/30
2026-10-08 11:40:48,234  gsv3.training             INFO     [group_holdout:vqe] epoch 0003  train_log_mse=0.02460  val_log_mse=0.16461  val_mse=0.001164  max_grad=4.02  patience=0/30
2026-10-08 11:41:36,406  gsv3.training             INFO     [group_holdout:variational] epoch 0004  train_log_mse=0.01819  val_log_mse=0.15791  val_mse=0.001501  max_grad=2.48  patience=0/30
2026-10-08 11:41:47,418  gsv3.training             INFO     [group_holdout:vqe] epoch 0004  train_log_mse=0.01640  val_log_mse=0.20766  val_mse=0.001294  max_grad=2.00  patience=1/30
2026-10-08 11:42:11,728  gsv3.training             INFO     [group_holdout:fourier] epoch 0003  train_log_mse=0.01684  val_log_mse=0.10960  val_mse=0.001410  max_grad=11.12  patience=0/30
2026-10-08 11:42:31,968  gsv3.training             INFO     [group_holdout:variational] epoch 0005  train_log_mse=0.01685  val_log_mse=0.21233  val_mse=0.001543  max_grad=3.07  patience=1/30
2026-10-08 11:42:43,750  gsv3.training             INFO     [group_holdout:vqe] epoch 0005  train_log_mse=0.01641  val_log_mse=0.20257  val_mse=0.001205  max_grad=25.42  patience=2/30
2026-10-08 11:43:20,702  gsv3.training             INFO     [group_holdout:variational] epoch 0006  train_log_mse=0.01394  val_log_mse=0.09826  val_mse=0.001195  max_grad=2.14  patience=0/30
2026-10-08 11:43:28,765  gsv3.training             INFO     [group_holdout:fourier] epoch 0004  train_log_mse=0.01269  val_log_mse=0.08505  val_mse=0.001056  max_grad=9.38  patience=0/30
2026-10-08 11:43:34,579  gsv3.training             INFO     [group_holdout:vqe] epoch 0006  train_log_mse=0.01245  val_log_mse=0.09648  val_mse=0.000753  max_grad=3.05  patience=0/30
2026-10-08 11:44:09,415  gsv3.training             INFO     [group_holdout:variational] epoch 0007  train_log_mse=0.01158  val_log_mse=0.09602  val_mse=0.001060  max_grad=1.38  patience=0/30
2026-10-08 11:44:25,672  gsv3.training             INFO     [group_holdout:vqe] epoch 0007  train_log_mse=0.01154  val_log_mse=0.09020  val_mse=0.000760  max_grad=1.78  patience=1/30
2026-10-08 11:44:43,625  gsv3.training             INFO     [group_holdout:fourier] epoch 0005  train_log_mse=0.01169  val_log_mse=0.13127  val_mse=0.001448  max_grad=7.48  patience=1/30
2026-10-08 11:44:57,660  gsv3.training             INFO     [group_holdout:variational] epoch 0008  train_log_mse=0.01251  val_log_mse=0.09037  val_mse=0.000987  max_grad=1.92  patience=0/30
2026-10-08 11:45:16,528  gsv3.training             INFO     [group_holdout:vqe] epoch 0008  train_log_mse=0.01402  val_log_mse=0.14545  val_mse=0.000741  max_grad=8.65  patience=0/30
2026-10-08 11:45:45,879  gsv3.training             INFO     [group_holdout:variational] epoch 0009  train_log_mse=0.00936  val_log_mse=0.17131  val_mse=0.001075  max_grad=1.75  patience=1/30
2026-10-08 11:45:58,296  gsv3.training             INFO     [group_holdout:fourier] epoch 0006  train_log_mse=0.01072  val_log_mse=0.09261  val_mse=0.000927  max_grad=5.17  patience=0/30
2026-10-08 11:46:07,663  gsv3.training             INFO     [group_holdout:vqe] epoch 0009  train_log_mse=0.01044  val_log_mse=0.09257  val_mse=0.000731  max_grad=2.23  patience=0/30
2026-10-08 11:46:34,154  gsv3.training             INFO     [group_holdout:variational] epoch 0010  train_log_mse=0.00914  val_log_mse=0.11146  val_mse=0.000884  max_grad=1.53  patience=0/30
2026-10-08 11:46:58,794  gsv3.training             INFO     [group_holdout:vqe] epoch 0010  train_log_mse=0.01040  val_log_mse=0.11460  val_mse=0.000809  max_grad=2.58  patience=1/30
2026-10-08 11:47:13,119  gsv3.training             INFO     [group_holdout:fourier] epoch 0007  train_log_mse=0.00887  val_log_mse=0.05780  val_mse=0.000768  max_grad=4.06  patience=0/30
2026-10-08 11:47:22,235  gsv3.training             INFO     [group_holdout:variational] epoch 0011  train_log_mse=0.00929  val_log_mse=0.10791  val_mse=0.000818  max_grad=1.51  patience=0/30
2026-10-08 11:47:49,734  gsv3.training             INFO     [group_holdout:vqe] epoch 0011  train_log_mse=0.00922  val_log_mse=0.08354  val_mse=0.000734  max_grad=3.79  patience=2/30
2026-10-08 11:48:10,645  gsv3.training             INFO     [group_holdout:variational] epoch 0012  train_log_mse=0.00867  val_log_mse=0.07720  val_mse=0.000768  max_grad=1.18  patience=0/30
2026-10-08 11:48:29,102  gsv3.training             INFO     [group_holdout:fourier] epoch 0008  train_log_mse=0.00820  val_log_mse=0.06724  val_mse=0.000897  max_grad=3.67  patience=1/30
2026-10-08 11:48:40,550  gsv3.training             INFO     [group_holdout:vqe] epoch 0012  train_log_mse=0.00801  val_log_mse=0.14183  val_mse=0.000659  max_grad=1.21  patience=0/30
2026-10-08 11:48:59,377  gsv3.training             INFO     [group_holdout:variational] epoch 0013  train_log_mse=0.00916  val_log_mse=0.09460  val_mse=0.000782  max_grad=3.74  patience=1/30
2026-10-08 11:49:31,258  gsv3.training             INFO     [group_holdout:vqe] epoch 0013  train_log_mse=0.00971  val_log_mse=0.09925  val_mse=0.000646  max_grad=1.38  patience=0/30
2026-10-08 11:49:44,611  gsv3.training             INFO     [group_holdout:fourier] epoch 0009  train_log_mse=0.00743  val_log_mse=0.05754  val_mse=0.000769  max_grad=1.56  patience=2/30
2026-10-08 11:49:47,956  gsv3.training             INFO     [group_holdout:variational] epoch 0014  train_log_mse=0.00821  val_log_mse=0.08467  val_mse=0.000718  max_grad=1.26  patience=0/30
2026-10-08 11:50:22,275  gsv3.training             INFO     [group_holdout:vqe] epoch 0014  train_log_mse=0.00950  val_log_mse=0.11833  val_mse=0.000690  max_grad=8.80  patience=1/30
2026-10-08 11:50:36,759  gsv3.training             INFO     [group_holdout:variational] epoch 0015  train_log_mse=0.00788  val_log_mse=0.06982  val_mse=0.000641  max_grad=0.89  patience=0/30
2026-10-08 11:50:59,479  gsv3.training             INFO     [group_holdout:fourier] epoch 0010  train_log_mse=0.00665  val_log_mse=0.05182  val_mse=0.000766  max_grad=2.04  patience=0/30
2026-10-08 11:51:13,540  gsv3.training             INFO     [group_holdout:vqe] epoch 0015  train_log_mse=0.00886  val_log_mse=0.08508  val_mse=0.000587  max_grad=1.31  patience=0/30
2026-10-08 11:51:25,582  gsv3.training             INFO     [group_holdout:variational] epoch 0016  train_log_mse=0.00666  val_log_mse=0.07771  val_mse=0.000670  max_grad=0.69  patience=1/30
2026-10-08 11:52:04,331  gsv3.training             INFO     [group_holdout:vqe] epoch 0016  train_log_mse=0.00682  val_log_mse=0.07783  val_mse=0.000703  max_grad=0.84  patience=1/30
2026-10-08 11:52:13,989  gsv3.training             INFO     [group_holdout:variational] epoch 0017  train_log_mse=0.00763  val_log_mse=0.11753  val_mse=0.000852  max_grad=1.19  patience=2/30
2026-10-08 11:52:14,432  gsv3.training             INFO     [group_holdout:fourier] epoch 0011  train_log_mse=0.00697  val_log_mse=0.06346  val_mse=0.000690  max_grad=4.07  patience=0/30
2026-10-08 11:52:55,340  gsv3.training             INFO     [group_holdout:vqe] epoch 0017  train_log_mse=0.00898  val_log_mse=0.20058  val_mse=0.000713  max_grad=1.60  patience=2/30
2026-10-08 11:53:02,924  gsv3.training             INFO     [group_holdout:variational] epoch 0018  train_log_mse=0.00747  val_log_mse=0.09324  val_mse=0.000621  max_grad=1.21  patience=0/30
2026-10-08 11:53:29,535  gsv3.training             INFO     [group_holdout:fourier] epoch 0012  train_log_mse=0.00756  val_log_mse=0.07137  val_mse=0.000752  max_grad=2.80  patience=1/30
2026-10-08 11:53:46,143  gsv3.training             INFO     [group_holdout:vqe] epoch 0018  train_log_mse=0.00901  val_log_mse=0.08826  val_mse=0.000668  max_grad=4.37  patience=3/30
2026-10-08 11:53:51,780  gsv3.training             INFO     [group_holdout:variational] epoch 0019  train_log_mse=0.00668  val_log_mse=0.12032  val_mse=0.000950  max_grad=0.69  patience=1/30
2026-10-08 11:54:37,032  gsv3.training             INFO     [group_holdout:vqe] epoch 0019  train_log_mse=0.00848  val_log_mse=0.09145  val_mse=0.000881  max_grad=1.12  patience=4/30
2026-10-08 11:54:40,484  gsv3.training             INFO     [group_holdout:variational] epoch 0020  train_log_mse=0.00746  val_log_mse=0.08071  val_mse=0.000691  max_grad=1.31  patience=2/30
2026-10-08 11:54:44,677  gsv3.training             INFO     [group_holdout:fourier] epoch 0013  train_log_mse=0.00821  val_log_mse=0.05690  val_mse=0.000650  max_grad=5.58  patience=0/30
2026-10-08 11:55:28,214  gsv3.training             INFO     [group_holdout:vqe] epoch 0020  train_log_mse=0.00725  val_log_mse=0.06377  val_mse=0.000570  max_grad=0.84  patience=0/30
2026-10-08 11:55:28,918  gsv3.training             INFO     [group_holdout:variational] epoch 0021  train_log_mse=0.00695  val_log_mse=0.08478  val_mse=0.000797  max_grad=0.88  patience=3/30
2026-10-08 11:55:59,242  gsv3.training             INFO     [group_holdout:fourier] epoch 0014  train_log_mse=0.00632  val_log_mse=0.04665  val_mse=0.000586  max_grad=7.20  patience=0/30
2026-10-08 11:56:17,569  gsv3.training             INFO     [group_holdout:variational] epoch 0022  train_log_mse=0.00603  val_log_mse=0.06633  val_mse=0.000596  max_grad=0.59  patience=0/30
2026-10-08 11:56:19,362  gsv3.training             INFO     [group_holdout:vqe] epoch 0021  train_log_mse=0.00651  val_log_mse=0.09432  val_mse=0.000653  max_grad=0.66  patience=1/30
2026-10-08 11:57:05,847  gsv3.training             INFO     [group_holdout:variational] epoch 0023  train_log_mse=0.00697  val_log_mse=0.07008  val_mse=0.000639  max_grad=1.47  patience=1/30
2026-10-08 11:57:10,537  gsv3.training             INFO     [group_holdout:vqe] epoch 0022  train_log_mse=0.00602  val_log_mse=0.06632  val_mse=0.000643  max_grad=0.86  patience=2/30
2026-10-08 11:57:14,653  gsv3.training             INFO     [group_holdout:fourier] epoch 0015  train_log_mse=0.00538  val_log_mse=0.05095  val_mse=0.000622  max_grad=0.65  patience=1/30
2026-10-08 11:57:54,240  gsv3.training             INFO     [group_holdout:variational] epoch 0024  train_log_mse=0.00811  val_log_mse=0.08218  val_mse=0.000812  max_grad=1.01  patience=2/30
2026-10-08 11:58:01,792  gsv3.training             INFO     [group_holdout:vqe] epoch 0023  train_log_mse=0.00813  val_log_mse=0.08510  val_mse=0.000629  max_grad=1.86  patience=3/30
2026-10-08 11:58:30,018  gsv3.training             INFO     [group_holdout:fourier] epoch 0016  train_log_mse=0.00549  val_log_mse=0.06667  val_mse=0.000917  max_grad=1.45  patience=2/30
2026-10-08 11:58:42,720  gsv3.training             INFO     [group_holdout:variational] epoch 0025  train_log_mse=0.00682  val_log_mse=0.10286  val_mse=0.000614  max_grad=1.40  patience=3/30
2026-10-08 11:58:52,934  gsv3.training             INFO     [group_holdout:vqe] epoch 0024  train_log_mse=0.00600  val_log_mse=0.07352  val_mse=0.000591  max_grad=0.81  patience=4/30
2026-10-08 11:59:31,181  gsv3.training             INFO     [group_holdout:variational] epoch 0026  train_log_mse=0.00760  val_log_mse=0.06771  val_mse=0.000566  max_grad=2.48  patience=0/30
2026-10-08 11:59:44,308  gsv3.training             INFO     [group_holdout:vqe] epoch 0025  train_log_mse=0.00709  val_log_mse=0.07365  val_mse=0.000579  max_grad=1.03  patience=5/30
2026-10-08 11:59:45,386  gsv3.training             INFO     [group_holdout:fourier] epoch 0017  train_log_mse=0.00555  val_log_mse=0.04476  val_mse=0.000616  max_grad=2.75  patience=3/30
2026-10-08 12:00:19,596  gsv3.training             INFO     [group_holdout:variational] epoch 0027  train_log_mse=0.00688  val_log_mse=0.08158  val_mse=0.000624  max_grad=1.09  patience=1/30
2026-10-08 12:00:35,417  gsv3.training             INFO     [group_holdout:vqe] epoch 0026  train_log_mse=0.00674  val_log_mse=0.06595  val_mse=0.000536  max_grad=2.56  patience=0/30
2026-10-08 12:01:00,826  gsv3.training             INFO     [group_holdout:fourier] epoch 0018  train_log_mse=0.00586  val_log_mse=0.05652  val_mse=0.000601  max_grad=1.58  patience=4/30
2026-10-08 12:01:08,162  gsv3.training             INFO     [group_holdout:variational] epoch 0028  train_log_mse=0.00772  val_log_mse=0.07186  val_mse=0.000653  max_grad=1.32  patience=2/30
2026-10-08 12:01:26,720  gsv3.training             INFO     [group_holdout:vqe] epoch 0027  train_log_mse=0.00614  val_log_mse=0.06858  val_mse=0.000573  max_grad=0.69  patience=1/30
2026-10-08 12:01:56,680  gsv3.training             INFO     [group_holdout:variational] epoch 0029  train_log_mse=0.00605  val_log_mse=0.08198  val_mse=0.000572  max_grad=0.63  patience=3/30
2026-10-08 12:02:16,288  gsv3.training             INFO     [group_holdout:fourier] epoch 0019  train_log_mse=0.00636  val_log_mse=0.05229  val_mse=0.000739  max_grad=0.97  patience=5/30
2026-10-08 12:02:17,601  gsv3.training             INFO     [group_holdout:vqe] epoch 0028  train_log_mse=0.00607  val_log_mse=0.08176  val_mse=0.000570  max_grad=0.94  patience=2/30
2026-10-08 12:02:45,240  gsv3.training             INFO     [group_holdout:variational] epoch 0030  train_log_mse=0.00647  val_log_mse=0.06094  val_mse=0.000572  max_grad=0.79  patience=4/30
2026-10-08 12:03:08,821  gsv3.training             INFO     [group_holdout:vqe] epoch 0029  train_log_mse=0.00623  val_log_mse=0.06638  val_mse=0.000577  max_grad=1.04  patience=3/30
2026-10-08 12:03:31,952  gsv3.training             INFO     [group_holdout:fourier] epoch 0020  train_log_mse=0.00870  val_log_mse=0.05585  val_mse=0.000581  max_grad=3.03  patience=0/30
2026-10-08 12:03:33,781  gsv3.training             INFO     [group_holdout:variational] epoch 0031  train_log_mse=0.00593  val_log_mse=0.07690  val_mse=0.000550  max_grad=0.90  patience=0/30
2026-10-08 12:04:00,084  gsv3.training             INFO     [group_holdout:vqe] epoch 0030  train_log_mse=0.00583  val_log_mse=0.06542  val_mse=0.000531  max_grad=0.92  patience=0/30
2026-10-08 12:04:22,357  gsv3.training             INFO     [group_holdout:variational] epoch 0032  train_log_mse=0.00604  val_log_mse=0.07520  val_mse=0.000552  max_grad=0.82  patience=1/30
2026-10-08 12:04:47,708  gsv3.training             INFO     [group_holdout:fourier] epoch 0021  train_log_mse=0.00553  val_log_mse=0.05317  val_mse=0.000566  max_grad=3.04  patience=0/30
2026-10-08 12:04:51,369  gsv3.training             INFO     [group_holdout:vqe] epoch 0031  train_log_mse=0.00721  val_log_mse=0.15410  val_mse=0.000792  max_grad=1.14  patience=1/30
2026-10-08 12:05:11,009  gsv3.training             INFO     [group_holdout:variational] epoch 0033  train_log_mse=0.00595  val_log_mse=0.07093  val_mse=0.000546  max_grad=0.93  patience=0/30
2026-10-08 12:05:42,249  gsv3.training             INFO     [group_holdout:vqe] epoch 0032  train_log_mse=0.00804  val_log_mse=0.07014  val_mse=0.000559  max_grad=1.24  patience=2/30
2026-10-08 12:05:59,844  gsv3.training             INFO     [group_holdout:variational] epoch 0034  train_log_mse=0.00560  val_log_mse=0.06285  val_mse=0.000561  max_grad=0.56  patience=1/30
2026-10-08 12:06:03,357  gsv3.training             INFO     [group_holdout:fourier] epoch 0022  train_log_mse=0.00536  val_log_mse=0.05358  val_mse=0.000597  max_grad=1.28  patience=1/30
2026-10-08 12:06:33,485  gsv3.training             INFO     [group_holdout:vqe] epoch 0033  train_log_mse=0.00533  val_log_mse=0.06281  val_mse=0.000536  max_grad=0.59  patience=3/30
2026-10-08 12:06:48,646  gsv3.training             INFO     [group_holdout:variational] epoch 0035  train_log_mse=0.00519  val_log_mse=0.06171  val_mse=0.000536  max_grad=0.48  patience=0/30
2026-10-08 12:07:19,212  gsv3.training             INFO     [group_holdout:fourier] epoch 0023  train_log_mse=0.00484  val_log_mse=0.04401  val_mse=0.000482  max_grad=0.61  patience=0/30
2026-10-08 12:07:24,344  gsv3.training             INFO     [group_holdout:vqe] epoch 0034  train_log_mse=0.00556  val_log_mse=0.07435  val_mse=0.000553  max_grad=0.72  patience=4/30
2026-10-08 12:07:37,167  gsv3.training             INFO     [group_holdout:variational] epoch 0036  train_log_mse=0.00537  val_log_mse=0.06051  val_mse=0.000528  max_grad=0.88  patience=0/30
2026-10-08 12:08:15,417  gsv3.training             INFO     [group_holdout:vqe] epoch 0035  train_log_mse=0.00529  val_log_mse=0.08471  val_mse=0.000574  max_grad=0.51  patience=5/30
2026-10-08 12:08:25,608  gsv3.training             INFO     [group_holdout:variational] epoch 0037  train_log_mse=0.00847  val_log_mse=0.09612  val_mse=0.000638  max_grad=8.71  patience=1/30
2026-10-08 12:08:34,773  gsv3.training             INFO     [group_holdout:fourier] epoch 0024  train_log_mse=0.00595  val_log_mse=0.04894  val_mse=0.000547  max_grad=1.36  patience=1/30
2026-10-08 12:09:06,396  gsv3.training             INFO     [group_holdout:vqe] epoch 0036  train_log_mse=0.00570  val_log_mse=0.06905  val_mse=0.000560  max_grad=2.41  patience=6/30
2026-10-08 12:09:14,104  gsv3.training             INFO     [group_holdout:variational] epoch 0038  train_log_mse=0.00831  val_log_mse=0.09733  val_mse=0.000801  max_grad=0.93  patience=2/30
2026-10-08 12:09:50,286  gsv3.training             INFO     [group_holdout:fourier] epoch 0025  train_log_mse=0.00494  val_log_mse=0.04681  val_mse=0.000547  max_grad=1.25  patience=2/30
2026-10-08 12:09:57,271  gsv3.training             INFO     [group_holdout:vqe] epoch 0037  train_log_mse=0.00578  val_log_mse=0.07329  val_mse=0.000594  max_grad=0.79  patience=7/30
2026-10-08 12:10:02,533  gsv3.training             INFO     [group_holdout:variational] epoch 0039  train_log_mse=0.00727  val_log_mse=0.06491  val_mse=0.000549  max_grad=1.62  patience=3/30
2026-10-08 12:10:48,279  gsv3.training             INFO     [group_holdout:vqe] epoch 0038  train_log_mse=0.00502  val_log_mse=0.05970  val_mse=0.000667  max_grad=0.67  patience=8/30
2026-10-08 12:10:50,908  gsv3.training             INFO     [group_holdout:variational] epoch 0040  train_log_mse=0.00568  val_log_mse=0.06701  val_mse=0.000613  max_grad=0.85  patience=4/30
2026-10-08 12:11:05,181  gsv3.training             INFO     [group_holdout:fourier] epoch 0026  train_log_mse=0.00430  val_log_mse=0.03989  val_mse=0.000473  max_grad=0.64  patience=0/30
2026-10-08 12:11:39,353  gsv3.training             INFO     [group_holdout:variational] epoch 0041  train_log_mse=0.00674  val_log_mse=0.06274  val_mse=0.000632  max_grad=0.92  patience=5/30
2026-10-08 12:11:39,457  gsv3.training             INFO     [group_holdout:vqe] epoch 0039  train_log_mse=0.00479  val_log_mse=0.05864  val_mse=0.000484  max_grad=0.54  patience=0/30
2026-10-08 12:12:20,713  gsv3.training             INFO     [group_holdout:fourier] epoch 0027  train_log_mse=0.00356  val_log_mse=0.03693  val_mse=0.000491  max_grad=0.39  patience=1/30
2026-10-08 12:12:27,859  gsv3.training             INFO     [group_holdout:variational] epoch 0042  train_log_mse=0.00536  val_log_mse=0.06679  val_mse=0.000503  max_grad=0.49  patience=0/30
2026-10-08 12:12:30,390  gsv3.training             INFO     [group_holdout:vqe] epoch 0040  train_log_mse=0.00507  val_log_mse=0.05975  val_mse=0.000504  max_grad=0.61  patience=1/30
2026-10-08 12:13:16,102  gsv3.training             INFO     [group_holdout:variational] epoch 0043  train_log_mse=0.00496  val_log_mse=0.06366  val_mse=0.000610  max_grad=0.46  patience=1/30
2026-10-08 12:13:21,385  gsv3.training             INFO     [group_holdout:vqe] epoch 0041  train_log_mse=0.00541  val_log_mse=0.13593  val_mse=0.000581  max_grad=0.80  patience=2/30
2026-10-08 12:13:35,938  gsv3.training             INFO     [group_holdout:fourier] epoch 0028  train_log_mse=0.00427  val_log_mse=0.05787  val_mse=0.000624  max_grad=1.52  patience=2/30
2026-10-08 12:14:04,258  gsv3.training             INFO     [group_holdout:variational] epoch 0044  train_log_mse=0.00669  val_log_mse=0.18119  val_mse=0.000572  max_grad=8.49  patience=2/30
2026-10-08 12:14:12,276  gsv3.training             INFO     [group_holdout:vqe] epoch 0042  train_log_mse=0.00724  val_log_mse=0.08170  val_mse=0.000648  max_grad=1.32  patience=3/30
2026-10-08 12:14:51,290  gsv3.training             INFO     [group_holdout:fourier] epoch 0029  train_log_mse=0.00532  val_log_mse=0.04230  val_mse=0.000640  max_grad=1.03  patience=3/30
2026-10-08 12:14:52,862  gsv3.training             INFO     [group_holdout:variational] epoch 0045  train_log_mse=0.00766  val_log_mse=0.08875  val_mse=0.000622  max_grad=0.97  patience=3/30
2026-10-08 12:15:03,296  gsv3.training             INFO     [group_holdout:vqe] epoch 0043  train_log_mse=0.00621  val_log_mse=0.06469  val_mse=0.000596  max_grad=0.77  patience=4/30
2026-10-08 12:15:41,453  gsv3.training             INFO     [group_holdout:variational] epoch 0046  train_log_mse=0.00666  val_log_mse=0.06487  val_mse=0.000538  max_grad=0.91  patience=4/30
2026-10-08 12:15:54,092  gsv3.training             INFO     [group_holdout:vqe] epoch 0044  train_log_mse=0.00816  val_log_mse=0.07814  val_mse=0.000557  max_grad=111.35  patience=5/30
2026-10-08 12:16:06,485  gsv3.training             INFO     [group_holdout:fourier] epoch 0030  train_log_mse=0.00350  val_log_mse=0.03827  val_mse=0.000432  max_grad=0.35  patience=0/30
2026-10-08 12:16:29,993  gsv3.training             INFO     [group_holdout:variational] epoch 0047  train_log_mse=0.00482  val_log_mse=0.06708  val_mse=0.000533  max_grad=0.47  patience=5/30
2026-10-08 12:16:44,817  gsv3.training             INFO     [group_holdout:vqe] epoch 0045  train_log_mse=0.00658  val_log_mse=0.07732  val_mse=0.000649  max_grad=1.71  patience=6/30
2026-10-08 12:17:18,612  gsv3.training             INFO     [group_holdout:variational] epoch 0048  train_log_mse=0.00574  val_log_mse=0.06405  val_mse=0.000534  max_grad=0.96  patience=6/30
2026-10-08 12:17:21,781  gsv3.training             INFO     [group_holdout:fourier] epoch 0031  train_log_mse=0.00392  val_log_mse=0.04722  val_mse=0.000765  max_grad=0.53  patience=1/30
2026-10-08 12:17:35,573  gsv3.training             INFO     [group_holdout:vqe] epoch 0046  train_log_mse=0.00582  val_log_mse=0.06764  val_mse=0.000676  max_grad=1.18  patience=7/30
2026-10-08 12:18:07,063  gsv3.training             INFO     [group_holdout:variational] epoch 0049  train_log_mse=0.00515  val_log_mse=0.05940  val_mse=0.000546  max_grad=0.67  patience=7/30
2026-10-08 12:18:26,333  gsv3.training             INFO     [group_holdout:vqe] epoch 0047  train_log_mse=0.00493  val_log_mse=0.06570  val_mse=0.000476  max_grad=0.60  patience=0/30
2026-10-08 12:18:36,896  gsv3.training             INFO     [group_holdout:fourier] epoch 0032  train_log_mse=0.00378  val_log_mse=0.04785  val_mse=0.000477  max_grad=0.48  patience=2/30
2026-10-08 12:18:55,442  gsv3.training             INFO     [group_holdout:variational] epoch 0050  train_log_mse=0.00714  val_log_mse=0.07916  val_mse=0.000584  max_grad=1.36  patience=8/30
2026-10-08 12:19:17,164  gsv3.training             INFO     [group_holdout:vqe] epoch 0048  train_log_mse=0.00551  val_log_mse=0.06071  val_mse=0.000511  max_grad=0.99  patience=1/30
2026-10-08 12:19:43,719  gsv3.training             INFO     [group_holdout:variational] epoch 0051  train_log_mse=0.00847  val_log_mse=0.08077  val_mse=0.000519  max_grad=3.59  patience=9/30
2026-10-08 12:19:52,125  gsv3.training             INFO     [group_holdout:fourier] epoch 0033  train_log_mse=0.00369  val_log_mse=0.04139  val_mse=0.000455  max_grad=0.44  patience=3/30
2026-10-08 12:20:08,032  gsv3.training             INFO     [group_holdout:vqe] epoch 0049  train_log_mse=0.00497  val_log_mse=0.06737  val_mse=0.000614  max_grad=0.95  patience=2/30
2026-10-08 12:20:31,878  gsv3.training             INFO     [group_holdout:variational] epoch 0052  train_log_mse=0.00565  val_log_mse=0.05700  val_mse=0.000541  max_grad=0.49  patience=10/30
2026-10-08 12:20:58,988  gsv3.training             INFO     [group_holdout:vqe] epoch 0050  train_log_mse=0.00467  val_log_mse=0.05995  val_mse=0.000483  max_grad=0.47  patience=3/30
2026-10-08 12:21:07,295  gsv3.training             INFO     [group_holdout:fourier] epoch 0034  train_log_mse=0.00373  val_log_mse=0.03805  val_mse=0.000408  max_grad=0.44  patience=0/30
2026-10-08 12:21:20,443  gsv3.training             INFO     [group_holdout:variational] epoch 0053  train_log_mse=0.00463  val_log_mse=0.05685  val_mse=0.000521  max_grad=0.50  patience=11/30
2026-10-08 12:21:49,793  gsv3.training             INFO     [group_holdout:vqe] epoch 0051  train_log_mse=0.00436  val_log_mse=0.06134  val_mse=0.000495  max_grad=0.56  patience=4/30
2026-10-08 12:22:08,677  gsv3.training             INFO     [group_holdout:variational] epoch 0054  train_log_mse=0.00448  val_log_mse=0.05774  val_mse=0.000477  max_grad=0.44  patience=0/30
2026-10-08 12:22:22,033  gsv3.training             INFO     [group_holdout:fourier] epoch 0035  train_log_mse=0.00389  val_log_mse=0.03976  val_mse=0.000461  max_grad=0.66  patience=1/30
2026-10-08 12:22:40,663  gsv3.training             INFO     [group_holdout:vqe] epoch 0052  train_log_mse=0.00630  val_log_mse=0.06190  val_mse=0.000564  max_grad=4.76  patience=5/30
2026-10-08 12:22:57,033  gsv3.training             INFO     [group_holdout:variational] epoch 0055  train_log_mse=0.00474  val_log_mse=0.05973  val_mse=0.000503  max_grad=0.73  patience=1/30
2026-10-08 12:23:31,777  gsv3.training             INFO     [group_holdout:vqe] epoch 0053  train_log_mse=0.00571  val_log_mse=0.09844  val_mse=0.000530  max_grad=1.45  patience=6/30
2026-10-08 12:23:37,297  gsv3.training             INFO     [group_holdout:fourier] epoch 0036  train_log_mse=0.00475  val_log_mse=0.04408  val_mse=0.000433  max_grad=0.98  patience=2/30
2026-10-08 12:23:45,160  gsv3.training             INFO     [group_holdout:variational] epoch 0056  train_log_mse=0.00435  val_log_mse=0.06592  val_mse=0.000627  max_grad=0.33  patience=2/30
2026-10-08 12:24:22,642  gsv3.training             INFO     [group_holdout:vqe] epoch 0054  train_log_mse=0.00568  val_log_mse=0.08099  val_mse=0.000572  max_grad=0.71  patience=7/30
2026-10-08 12:24:33,391  gsv3.training             INFO     [group_holdout:variational] epoch 0057  train_log_mse=0.00441  val_log_mse=0.05665  val_mse=0.000509  max_grad=0.44  patience=3/30
2026-10-08 12:24:52,100  gsv3.training             INFO     [group_holdout:fourier] epoch 0037  train_log_mse=0.00359  val_log_mse=0.03981  val_mse=0.000406  max_grad=0.51  patience=0/30
2026-10-08 12:25:13,690  gsv3.training             INFO     [group_holdout:vqe] epoch 0055  train_log_mse=0.00565  val_log_mse=0.13007  val_mse=0.000687  max_grad=1.27  patience=8/30
2026-10-08 12:25:21,394  gsv3.training             INFO     [group_holdout:variational] epoch 0058  train_log_mse=0.00449  val_log_mse=0.05800  val_mse=0.000493  max_grad=0.33  patience=4/30
2026-10-08 12:26:04,937  gsv3.training             INFO     [group_holdout:vqe] epoch 0056  train_log_mse=0.00857  val_log_mse=0.08571  val_mse=0.000590  max_grad=1.43  patience=9/30
2026-10-08 12:26:07,244  gsv3.training             INFO     [group_holdout:fourier] epoch 0038  train_log_mse=0.00303  val_log_mse=0.04271  val_mse=0.000560  max_grad=0.34  patience=1/30
2026-10-08 12:26:09,619  gsv3.training             INFO     [group_holdout:variational] epoch 0059  train_log_mse=0.00485  val_log_mse=0.07204  val_mse=0.000518  max_grad=0.72  patience=5/30
2026-10-08 12:26:56,080  gsv3.training             INFO     [group_holdout:vqe] epoch 0057  train_log_mse=0.00514  val_log_mse=0.06546  val_mse=0.000492  max_grad=1.42  patience=10/30
2026-10-08 12:26:57,818  gsv3.training             INFO     [group_holdout:variational] epoch 0060  train_log_mse=0.00483  val_log_mse=0.05687  val_mse=0.000588  max_grad=0.70  patience=6/30
2026-10-08 12:27:22,737  gsv3.training             INFO     [group_holdout:fourier] epoch 0039  train_log_mse=0.00401  val_log_mse=0.03873  val_mse=0.000425  max_grad=1.73  patience=2/30
2026-10-08 12:27:46,029  gsv3.training             INFO     [group_holdout:variational] epoch 0061  train_log_mse=0.00442  val_log_mse=0.05864  val_mse=0.000557  max_grad=0.53  patience=7/30
2026-10-08 12:27:47,512  gsv3.training             INFO     [group_holdout:vqe] epoch 0058  train_log_mse=0.00460  val_log_mse=0.05874  val_mse=0.000494  max_grad=0.70  patience=11/30
2026-10-08 12:28:34,082  gsv3.training             INFO     [group_holdout:variational] epoch 0062  train_log_mse=0.00490  val_log_mse=0.06609  val_mse=0.000528  max_grad=0.52  patience=8/30
2026-10-08 12:28:37,741  gsv3.training             INFO     [group_holdout:fourier] epoch 0040  train_log_mse=0.00314  val_log_mse=0.03670  val_mse=0.000442  max_grad=0.53  patience=3/30
2026-10-08 12:28:38,802  gsv3.training             INFO     [group_holdout:vqe] epoch 0059  train_log_mse=0.00386  val_log_mse=0.07443  val_mse=0.000563  max_grad=0.52  patience=12/30
2026-10-08 12:29:21,880  gsv3.training             INFO     [group_holdout:variational] epoch 0063  train_log_mse=0.00463  val_log_mse=0.06024  val_mse=0.000564  max_grad=0.54  patience=9/30
2026-10-08 12:29:29,909  gsv3.training             INFO     [group_holdout:vqe] epoch 0060  train_log_mse=0.00425  val_log_mse=0.05656  val_mse=0.000494  max_grad=0.47  patience=13/30
2026-10-08 12:29:52,829  gsv3.training             INFO     [group_holdout:fourier] epoch 0041  train_log_mse=0.00290  val_log_mse=0.04065  val_mse=0.000462  max_grad=0.32  patience=4/30
2026-10-08 12:30:09,873  gsv3.training             INFO     [group_holdout:variational] epoch 0064  train_log_mse=0.00428  val_log_mse=0.05843  val_mse=0.000543  max_grad=0.30  patience=10/30
2026-10-08 12:30:20,738  gsv3.training             INFO     [group_holdout:vqe] epoch 0061  train_log_mse=0.00368  val_log_mse=0.05883  val_mse=0.000500  max_grad=0.32  patience=14/30
2026-10-08 12:30:58,207  gsv3.training             INFO     [group_holdout:variational] epoch 0065  train_log_mse=0.00451  val_log_mse=0.06255  val_mse=0.000508  max_grad=0.32  patience=11/30
2026-10-08 12:31:08,079  gsv3.training             INFO     [group_holdout:fourier] epoch 0042  train_log_mse=0.00324  val_log_mse=0.03497  val_mse=0.000398  max_grad=0.69  patience=0/30
2026-10-08 12:31:11,926  gsv3.training             INFO     [group_holdout:vqe] epoch 0062  train_log_mse=0.00405  val_log_mse=0.05871  val_mse=0.000516  max_grad=0.48  patience=15/30
2026-10-08 12:31:46,691  gsv3.training             INFO     [group_holdout:variational] epoch 0066  train_log_mse=0.00437  val_log_mse=0.05971  val_mse=0.000529  max_grad=0.31  patience=12/30
2026-10-08 12:32:03,100  gsv3.training             INFO     [group_holdout:vqe] epoch 0063  train_log_mse=0.00383  val_log_mse=0.06266  val_mse=0.000586  max_grad=0.26  patience=16/30
2026-10-08 12:32:23,024  gsv3.training             INFO     [group_holdout:fourier] epoch 0043  train_log_mse=0.00362  val_log_mse=0.04977  val_mse=0.000371  max_grad=0.94  patience=0/30
2026-10-08 12:32:35,240  gsv3.training             INFO     [group_holdout:variational] epoch 0067  train_log_mse=0.00464  val_log_mse=0.06150  val_mse=0.000527  max_grad=1.06  patience=13/30
2026-10-08 12:32:54,238  gsv3.training             INFO     [group_holdout:vqe] epoch 0064  train_log_mse=0.00385  val_log_mse=0.06087  val_mse=0.000494  max_grad=0.29  patience=17/30
2026-10-08 12:33:23,595  gsv3.training             INFO     [group_holdout:variational] epoch 0068  train_log_mse=0.00549  val_log_mse=0.06704  val_mse=0.000525  max_grad=0.87  patience=14/30
2026-10-08 12:33:38,538  gsv3.training             INFO     [group_holdout:fourier] epoch 0044  train_log_mse=0.00318  val_log_mse=0.05052  val_mse=0.000456  max_grad=0.28  patience=1/30
2026-10-08 12:33:45,537  gsv3.training             INFO     [group_holdout:vqe] epoch 0065  train_log_mse=0.00444  val_log_mse=0.07024  val_mse=0.000570  max_grad=0.82  patience=18/30
2026-10-08 12:34:12,101  gsv3.training             INFO     [group_holdout:variational] epoch 0069  train_log_mse=0.00603  val_log_mse=0.05985  val_mse=0.000547  max_grad=1.11  patience=15/30
2026-10-08 12:34:36,885  gsv3.training             INFO     [group_holdout:vqe] epoch 0066  train_log_mse=0.00587  val_log_mse=0.06079  val_mse=0.000498  max_grad=0.53  patience=19/30
2026-10-08 12:34:54,263  gsv3.training             INFO     [group_holdout:fourier] epoch 0045  train_log_mse=0.00315  val_log_mse=0.03479  val_mse=0.000359  max_grad=0.39  patience=0/30
2026-10-08 12:35:00,534  gsv3.training             INFO     [group_holdout:variational] epoch 0070  train_log_mse=0.00496  val_log_mse=0.09851  val_mse=0.000585  max_grad=1.47  patience=16/30
2026-10-08 12:35:28,361  gsv3.training             INFO     [group_holdout:vqe] epoch 0067  train_log_mse=0.00472  val_log_mse=0.07428  val_mse=0.000624  max_grad=0.62  patience=20/30
2026-10-08 12:35:48,959  gsv3.training             INFO     [group_holdout:variational] epoch 0071  train_log_mse=0.00516  val_log_mse=0.05796  val_mse=0.000482  max_grad=0.62  patience=17/30
2026-10-08 12:36:09,684  gsv3.training             INFO     [group_holdout:fourier] epoch 0046  train_log_mse=0.00296  val_log_mse=0.03731  val_mse=0.000487  max_grad=0.45  patience=1/30
2026-10-08 12:36:19,784  gsv3.training             INFO     [group_holdout:vqe] epoch 0068  train_log_mse=0.00485  val_log_mse=0.06821  val_mse=0.000510  max_grad=0.67  patience=21/30
2026-10-08 12:36:37,678  gsv3.training             INFO     [group_holdout:variational] epoch 0072  train_log_mse=0.00427  val_log_mse=0.05655  val_mse=0.000500  max_grad=0.32  patience=18/30
2026-10-08 12:37:11,353  gsv3.training             INFO     [group_holdout:vqe] epoch 0069  train_log_mse=0.00412  val_log_mse=0.06124  val_mse=0.000537  max_grad=0.39  patience=22/30
2026-10-08 12:37:24,708  gsv3.training             INFO     [group_holdout:fourier] epoch 0047  train_log_mse=0.00286  val_log_mse=0.03558  val_mse=0.000361  max_grad=0.35  patience=2/30
2026-10-08 12:37:26,326  gsv3.training             INFO     [group_holdout:variational] epoch 0073  train_log_mse=0.00388  val_log_mse=0.05691  val_mse=0.000542  max_grad=0.29  patience=19/30
2026-10-08 12:38:02,694  gsv3.training             INFO     [group_holdout:vqe] epoch 0070  train_log_mse=0.00416  val_log_mse=0.06922  val_mse=0.000502  max_grad=0.46  patience=23/30
2026-10-08 12:38:14,779  gsv3.training             INFO     [group_holdout:variational] epoch 0074  train_log_mse=0.00394  val_log_mse=0.06530  val_mse=0.000547  max_grad=0.28  patience=20/30
2026-10-08 12:38:39,446  gsv3.training             INFO     [group_holdout:fourier] epoch 0048  train_log_mse=0.00393  val_log_mse=0.04145  val_mse=0.000387  max_grad=1.97  patience=3/30
2026-10-08 12:38:53,793  gsv3.training             INFO     [group_holdout:vqe] epoch 0071  train_log_mse=0.00668  val_log_mse=0.08823  val_mse=0.000538  max_grad=1.11  patience=24/30
2026-10-08 12:39:03,361  gsv3.training             INFO     [group_holdout:variational] epoch 0075  train_log_mse=0.00387  val_log_mse=0.06011  val_mse=0.000504  max_grad=0.38  patience=21/30
2026-10-08 12:39:45,972  gsv3.training             INFO     [group_holdout:vqe] epoch 0072  train_log_mse=0.00490  val_log_mse=0.06306  val_mse=0.000489  max_grad=0.59  patience=25/30
2026-10-08 12:39:53,997  gsv3.training             INFO     [group_holdout:variational] epoch 0076  train_log_mse=0.00399  val_log_mse=0.06150  val_mse=0.000539  max_grad=0.27  patience=22/30
2026-10-08 12:39:56,723  gsv3.training             INFO     [group_holdout:fourier] epoch 0049  train_log_mse=0.00323  val_log_mse=0.04001  val_mse=0.000355  max_grad=0.42  patience=0/30
2026-10-08 12:40:40,817  gsv3.training             INFO     [group_holdout:vqe] epoch 0073  train_log_mse=0.00397  val_log_mse=0.06046  val_mse=0.000507  max_grad=0.34  patience=26/30
2026-10-08 12:40:46,035  gsv3.training             INFO     [group_holdout:variational] epoch 0077  train_log_mse=0.00423  val_log_mse=0.06078  val_mse=0.000503  max_grad=0.35  patience=23/30
2026-10-08 12:41:16,193  gsv3.training             INFO     [group_holdout:fourier] epoch 0050  train_log_mse=0.00313  val_log_mse=0.03845  val_mse=0.000344  max_grad=0.44  patience=0/30
2026-10-08 12:41:34,668  gsv3.training             INFO     [group_holdout:vqe] epoch 0074  train_log_mse=0.00603  val_log_mse=0.06685  val_mse=0.000474  max_grad=1.36  patience=0/30
2026-10-08 12:41:38,177  gsv3.training             INFO     [group_holdout:variational] epoch 0078  train_log_mse=0.00452  val_log_mse=0.07792  val_mse=0.000539  max_grad=0.43  patience=24/30
2026-10-08 12:42:33,489  gsv3.training             INFO     [group_holdout:vqe] epoch 0075  train_log_mse=0.00477  val_log_mse=0.06118  val_mse=0.000448  max_grad=0.70  patience=0/30
2026-10-08 12:42:35,082  gsv3.training             INFO     [group_holdout:variational] epoch 0079  train_log_mse=0.00526  val_log_mse=0.05601  val_mse=0.000495  max_grad=0.73  patience=25/30
2026-10-08 12:42:42,341  gsv3.training             INFO     [group_holdout:fourier] epoch 0051  train_log_mse=0.00285  val_log_mse=0.04063  val_mse=0.000427  max_grad=0.32  patience=1/30
2026-10-08 12:43:32,821  gsv3.training             INFO     [group_holdout:variational] epoch 0080  train_log_mse=0.00402  val_log_mse=0.06084  val_mse=0.000567  max_grad=0.35  patience=26/30
2026-10-08 12:43:33,675  gsv3.training             INFO     [group_holdout:vqe] epoch 0076  train_log_mse=0.00401  val_log_mse=0.06439  val_mse=0.000475  max_grad=0.48  patience=1/30
2026-10-08 12:44:11,186  gsv3.training             INFO     [group_holdout:fourier] epoch 0052  train_log_mse=0.00294  val_log_mse=0.03902  val_mse=0.000542  max_grad=0.38  patience=2/30
2026-10-08 12:44:30,828  gsv3.training             INFO     [group_holdout:variational] epoch 0081  train_log_mse=0.00404  val_log_mse=0.06021  val_mse=0.000509  max_grad=0.35  patience=27/30
2026-10-08 12:44:34,013  gsv3.training             INFO     [group_holdout:vqe] epoch 0077  train_log_mse=0.00415  val_log_mse=0.06695  val_mse=0.000481  max_grad=0.59  patience=2/30
2026-10-08 12:45:28,614  gsv3.training             INFO     [group_holdout:variational] epoch 0082  train_log_mse=0.00405  val_log_mse=0.05306  val_mse=0.000490  max_grad=0.40  patience=28/30
2026-10-08 12:45:34,378  gsv3.training             INFO     [group_holdout:vqe] epoch 0078  train_log_mse=0.00426  val_log_mse=0.06840  val_mse=0.000530  max_grad=0.40  patience=3/30
2026-10-08 12:45:40,114  gsv3.training             INFO     [group_holdout:fourier] epoch 0053  train_log_mse=0.00312  val_log_mse=0.03613  val_mse=0.000357  max_grad=0.59  patience=3/30
2026-10-08 12:46:26,479  gsv3.training             INFO     [group_holdout:variational] epoch 0083  train_log_mse=0.00378  val_log_mse=0.05857  val_mse=0.000501  max_grad=0.32  patience=29/30
2026-10-08 12:46:35,167  gsv3.training             INFO     [group_holdout:vqe] epoch 0079  train_log_mse=0.00367  val_log_mse=0.06233  val_mse=0.000502  max_grad=0.43  patience=4/30
2026-10-08 12:47:08,930  gsv3.training             INFO     [group_holdout:fourier] epoch 0054  train_log_mse=0.00280  val_log_mse=0.03734  val_mse=0.000473  max_grad=0.48  patience=4/30
2026-10-08 12:47:24,249  gsv3.training             INFO     [group_holdout:variational] epoch 0084  train_log_mse=0.00408  val_log_mse=0.06705  val_mse=0.000556  max_grad=0.57  patience=30/30
2026-10-08 12:47:35,703  gsv3.training             INFO     [group_holdout:vqe] epoch 0080  train_log_mse=0.00367  val_log_mse=0.05941  val_mse=0.000466  max_grad=0.37  patience=5/30
2026-10-08 12:47:42,670  gsv3.experiment           INFO     [variational] TEST  n=9928  MAE=0.1112  R2=0.6966  device-acc=0.261  regret=0.0646
2026-10-08 12:47:42,673  genstudy.io               INFO     Wrote evaluations/generalization_v5/results/v5_sinkhorn_s7/leave_one_group_out/variational/metrics.json
2026-10-08 12:47:42,721  genstudy.io               INFO     Wrote evaluations/generalization_v5/results/v5_sinkhorn_s7/leave_one_group_out/variational/predictions.json
2026-10-08 12:47:42,734  genstudy.io               INFO     Wrote evaluations/generalization_v5/results/v5_sinkhorn_s7/leave_one_group_out/variational/history.json
2026-10-08 12:47:42,755  run_experiment            INFO     leave_one_group_out finished: 1 complete, 0 skipped
2026-10-08 12:48:33,166  gsv3.training             INFO     [group_holdout:vqe] epoch 0081  train_log_mse=0.00348  val_log_mse=0.06810  val_mse=0.000552  max_grad=0.25  patience=6/30
2026-10-08 12:48:34,371  gsv3.training             INFO     [group_holdout:fourier] epoch 0055  train_log_mse=0.00254  val_log_mse=0.03783  val_mse=0.000319  max_grad=0.24  patience=0/30
2026-10-08 12:49:30,042  gsv3.training             INFO     [group_holdout:vqe] epoch 0082  train_log_mse=0.00380  val_log_mse=0.06440  val_mse=0.000466  max_grad=0.40  patience=7/30
2026-10-08 12:49:58,561  gsv3.training             INFO     [group_holdout:fourier] epoch 0056  train_log_mse=0.00287  val_log_mse=0.04219  val_mse=0.000384  max_grad=0.39  patience=1/30
2026-10-08 12:50:26,197  gsv3.training             INFO     [group_holdout:vqe] epoch 0083  train_log_mse=0.00346  val_log_mse=0.05908  val_mse=0.000449  max_grad=0.27  patience=8/30
2026-10-08 12:51:22,753  gsv3.training             INFO     [group_holdout:fourier] epoch 0057  train_log_mse=0.00274  val_log_mse=0.03422  val_mse=0.000308  max_grad=0.26  patience=0/30
2026-10-08 12:51:22,847  gsv3.training             INFO     [group_holdout:vqe] epoch 0084  train_log_mse=0.00495  val_log_mse=0.06281  val_mse=0.000472  max_grad=0.70  patience=9/30
2026-10-08 12:52:19,849  gsv3.training             INFO     [group_holdout:vqe] epoch 0085  train_log_mse=0.00455  val_log_mse=0.06592  val_mse=0.000461  max_grad=0.59  patience=10/30
2026-10-08 12:52:46,747  gsv3.training             INFO     [group_holdout:fourier] epoch 0058  train_log_mse=0.00264  val_log_mse=0.04207  val_mse=0.000412  max_grad=0.40  patience=1/30
2026-10-08 12:53:16,446  gsv3.training             INFO     [group_holdout:vqe] epoch 0086  train_log_mse=0.00409  val_log_mse=0.06952  val_mse=0.000502  max_grad=0.47  patience=11/30
2026-10-08 12:54:10,498  gsv3.training             INFO     [group_holdout:fourier] epoch 0059  train_log_mse=0.00280  val_log_mse=0.04215  val_mse=0.000357  max_grad=0.37  patience=2/30
2026-10-08 12:54:13,207  gsv3.training             INFO     [group_holdout:vqe] epoch 0087  train_log_mse=0.00449  val_log_mse=0.07294  val_mse=0.000521  max_grad=10.11  patience=12/30
2026-10-08 12:55:09,637  gsv3.training             INFO     [group_holdout:vqe] epoch 0088  train_log_mse=0.00426  val_log_mse=0.07166  val_mse=0.000508  max_grad=0.64  patience=13/30
2026-10-08 12:55:34,096  gsv3.training             INFO     [group_holdout:fourier] epoch 0060  train_log_mse=0.00296  val_log_mse=0.04531  val_mse=0.000326  max_grad=0.49  patience=3/30
2026-10-08 12:56:06,502  gsv3.training             INFO     [group_holdout:vqe] epoch 0089  train_log_mse=0.00397  val_log_mse=0.06362  val_mse=0.000517  max_grad=0.37  patience=14/30
2026-10-08 12:56:57,710  gsv3.training             INFO     [group_holdout:fourier] epoch 0061  train_log_mse=0.00324  val_log_mse=0.03772  val_mse=0.000320  max_grad=1.19  patience=4/30
2026-10-08 12:57:03,203  gsv3.training             INFO     [group_holdout:vqe] epoch 0090  train_log_mse=0.00380  val_log_mse=0.05702  val_mse=0.000446  max_grad=0.40  patience=0/30
2026-10-08 12:58:00,119  gsv3.training             INFO     [group_holdout:vqe] epoch 0091  train_log_mse=0.00372  val_log_mse=0.06220  val_mse=0.000553  max_grad=0.50  patience=1/30
2026-10-08 12:58:21,331  gsv3.training             INFO     [group_holdout:fourier] epoch 0062  train_log_mse=0.00320  val_log_mse=0.03598  val_mse=0.000302  max_grad=0.91  patience=0/30
2026-10-08 12:58:56,658  gsv3.training             INFO     [group_holdout:vqe] epoch 0092  train_log_mse=0.00341  val_log_mse=0.06097  val_mse=0.000447  max_grad=0.35  patience=2/30
2026-10-08 12:59:45,174  gsv3.training             INFO     [group_holdout:fourier] epoch 0063  train_log_mse=0.00265  val_log_mse=0.03550  val_mse=0.000311  max_grad=0.48  patience=1/30
2026-10-08 12:59:53,360  gsv3.training             INFO     [group_holdout:vqe] epoch 0093  train_log_mse=0.00368  val_log_mse=0.06121  val_mse=0.000448  max_grad=0.59  patience=3/30
2026-10-08 13:00:50,178  gsv3.training             INFO     [group_holdout:vqe] epoch 0094  train_log_mse=0.00399  val_log_mse=0.06196  val_mse=0.000493  max_grad=0.62  patience=4/30
2026-10-08 13:01:08,934  gsv3.training             INFO     [group_holdout:fourier] epoch 0064  train_log_mse=0.00256  val_log_mse=0.03752  val_mse=0.000320  max_grad=0.28  patience=2/30
2026-10-08 13:01:46,875  gsv3.training             INFO     [group_holdout:vqe] epoch 0095  train_log_mse=0.00357  val_log_mse=0.06355  val_mse=0.000479  max_grad=0.36  patience=5/30
2026-10-08 13:02:32,722  gsv3.training             INFO     [group_holdout:fourier] epoch 0065  train_log_mse=0.00243  val_log_mse=0.03697  val_mse=0.000313  max_grad=0.21  patience=3/30
2026-10-08 13:02:44,234  gsv3.training             INFO     [group_holdout:vqe] epoch 0096  train_log_mse=0.00389  val_log_mse=0.07437  val_mse=0.000521  max_grad=0.59  patience=6/30
2026-10-08 13:03:41,294  gsv3.training             INFO     [group_holdout:vqe] epoch 0097  train_log_mse=0.00387  val_log_mse=0.06640  val_mse=0.000483  max_grad=0.40  patience=7/30
2026-10-08 13:03:56,716  gsv3.training             INFO     [group_holdout:fourier] epoch 0066  train_log_mse=0.00242  val_log_mse=0.03572  val_mse=0.000342  max_grad=0.30  patience=4/30
2026-10-08 13:04:38,261  gsv3.training             INFO     [group_holdout:vqe] epoch 0098  train_log_mse=0.00390  val_log_mse=0.06162  val_mse=0.000446  max_grad=0.40  patience=8/30
2026-10-08 13:05:20,449  gsv3.training             INFO     [group_holdout:fourier] epoch 0067  train_log_mse=0.00376  val_log_mse=0.08217  val_mse=0.000702  max_grad=1.58  patience=5/30
2026-10-08 13:05:35,885  gsv3.training             INFO     [group_holdout:vqe] epoch 0099  train_log_mse=0.00358  val_log_mse=0.06345  val_mse=0.000469  max_grad=0.53  patience=9/30
2026-10-08 13:06:33,778  gsv3.training             INFO     [group_holdout:vqe] epoch 0100  train_log_mse=0.00366  val_log_mse=0.05479  val_mse=0.000466  max_grad=0.55  patience=10/30
2026-10-08 13:06:45,880  gsv3.training             INFO     [group_holdout:fourier] epoch 0068  train_log_mse=0.00377  val_log_mse=0.04674  val_mse=0.000393  max_grad=1.77  patience=6/30
2026-10-08 13:07:31,823  gsv3.training             INFO     [group_holdout:vqe] epoch 0101  train_log_mse=0.00346  val_log_mse=0.06680  val_mse=0.000496  max_grad=0.30  patience=11/30
2026-10-08 13:08:12,143  gsv3.training             INFO     [group_holdout:fourier] epoch 0069  train_log_mse=0.00327  val_log_mse=0.03834  val_mse=0.000342  max_grad=0.57  patience=7/30
2026-10-08 13:08:29,917  gsv3.training             INFO     [group_holdout:vqe] epoch 0102  train_log_mse=0.00334  val_log_mse=0.05997  val_mse=0.000497  max_grad=0.39  patience=12/30
2026-10-08 13:09:27,909  gsv3.training             INFO     [group_holdout:vqe] epoch 0103  train_log_mse=0.00339  val_log_mse=0.06038  val_mse=0.000467  max_grad=0.39  patience=13/30
2026-10-08 13:09:38,277  gsv3.training             INFO     [group_holdout:fourier] epoch 0070  train_log_mse=0.00263  val_log_mse=0.03518  val_mse=0.000334  max_grad=0.74  patience=8/30
2026-10-08 13:10:25,241  gsv3.training             INFO     [group_holdout:vqe] epoch 0104  train_log_mse=0.00319  val_log_mse=0.05837  val_mse=0.000454  max_grad=0.33  patience=14/30
2026-10-08 13:11:02,522  gsv3.training             INFO     [group_holdout:fourier] epoch 0071  train_log_mse=0.00239  val_log_mse=0.04494  val_mse=0.000361  max_grad=0.40  patience=9/30
2026-10-08 13:11:21,654  gsv3.training             INFO     [group_holdout:vqe] epoch 0105  train_log_mse=0.00319  val_log_mse=0.06048  val_mse=0.000444  max_grad=0.36  patience=0/30
2026-10-08 13:12:17,638  gsv3.training             INFO     [group_holdout:vqe] epoch 0106  train_log_mse=0.00381  val_log_mse=0.06063  val_mse=0.000496  max_grad=0.42  patience=1/30
2026-10-08 13:12:26,637  gsv3.training             INFO     [group_holdout:fourier] epoch 0072  train_log_mse=0.00225  val_log_mse=0.03775  val_mse=0.000370  max_grad=0.23  patience=10/30
2026-10-08 13:13:13,819  gsv3.training             INFO     [group_holdout:vqe] epoch 0107  train_log_mse=0.00379  val_log_mse=0.06337  val_mse=0.000462  max_grad=0.65  patience=2/30
2026-10-08 13:13:51,003  gsv3.training             INFO     [group_holdout:fourier] epoch 0073  train_log_mse=0.00219  val_log_mse=0.04004  val_mse=0.000353  max_grad=0.25  patience=11/30
2026-10-08 13:14:10,053  gsv3.training             INFO     [group_holdout:vqe] epoch 0108  train_log_mse=0.00369  val_log_mse=0.06933  val_mse=0.000574  max_grad=0.40  patience=3/30
2026-10-08 13:15:06,563  gsv3.training             INFO     [group_holdout:vqe] epoch 0109  train_log_mse=0.00413  val_log_mse=0.06777  val_mse=0.000577  max_grad=0.36  patience=4/30
2026-10-08 13:15:14,942  gsv3.training             INFO     [group_holdout:fourier] epoch 0074  train_log_mse=0.00230  val_log_mse=0.03613  val_mse=0.000324  max_grad=0.58  patience=12/30
2026-10-08 13:16:03,254  gsv3.training             INFO     [group_holdout:vqe] epoch 0110  train_log_mse=0.00339  val_log_mse=0.05785  val_mse=0.000430  max_grad=0.45  patience=0/30
2026-10-08 13:16:38,755  gsv3.training             INFO     [group_holdout:fourier] epoch 0075  train_log_mse=0.00303  val_log_mse=0.04647  val_mse=0.000320  max_grad=1.28  patience=13/30
2026-10-08 13:16:59,663  gsv3.training             INFO     [group_holdout:vqe] epoch 0111  train_log_mse=0.00340  val_log_mse=0.06844  val_mse=0.000550  max_grad=0.38  patience=1/30
2026-10-08 13:17:55,898  gsv3.training             INFO     [group_holdout:vqe] epoch 0112  train_log_mse=0.00312  val_log_mse=0.06312  val_mse=0.000450  max_grad=0.39  patience=2/30
2026-10-08 13:18:02,502  gsv3.training             INFO     [group_holdout:fourier] epoch 0076  train_log_mse=0.00250  val_log_mse=0.03673  val_mse=0.000324  max_grad=0.57  patience=14/30
2026-10-08 13:18:52,444  gsv3.training             INFO     [group_holdout:vqe] epoch 0113  train_log_mse=0.00352  val_log_mse=0.05958  val_mse=0.000474  max_grad=0.64  patience=3/30
2026-10-08 13:19:26,219  gsv3.training             INFO     [group_holdout:fourier] epoch 0077  train_log_mse=0.00236  val_log_mse=0.03819  val_mse=0.000318  max_grad=0.38  patience=15/30
2026-10-08 13:19:49,029  gsv3.training             INFO     [group_holdout:vqe] epoch 0114  train_log_mse=0.00320  val_log_mse=0.05875  val_mse=0.000481  max_grad=0.25  patience=4/30
2026-10-08 13:20:45,372  gsv3.training             INFO     [group_holdout:vqe] epoch 0115  train_log_mse=0.00305  val_log_mse=0.07120  val_mse=0.000483  max_grad=0.30  patience=5/30
2026-10-08 13:20:50,223  gsv3.training             INFO     [group_holdout:fourier] epoch 0078  train_log_mse=0.00236  val_log_mse=0.04035  val_mse=0.000318  max_grad=0.45  patience=16/30
2026-10-08 13:21:41,757  gsv3.training             INFO     [group_holdout:vqe] epoch 0116  train_log_mse=0.00324  val_log_mse=0.05953  val_mse=0.000470  max_grad=0.34  patience=6/30
2026-10-08 13:22:14,098  gsv3.training             INFO     [group_holdout:fourier] epoch 0079  train_log_mse=0.00217  val_log_mse=0.03651  val_mse=0.000303  max_grad=0.24  patience=17/30
2026-10-08 13:22:37,958  gsv3.training             INFO     [group_holdout:vqe] epoch 0117  train_log_mse=0.00313  val_log_mse=0.06232  val_mse=0.000470  max_grad=0.31  patience=7/30
2026-10-08 13:23:23,838  gsv3.training             INFO     [group_holdout:vqe] epoch 0118  train_log_mse=0.00333  val_log_mse=0.07205  val_mse=0.000546  max_grad=0.60  patience=8/30
2026-10-08 13:23:26,835  gsv3.training             INFO     [group_holdout:fourier] epoch 0080  train_log_mse=0.00213  val_log_mse=0.03768  val_mse=0.000305  max_grad=0.29  patience=18/30
2026-10-08 13:24:09,600  gsv3.training             INFO     [group_holdout:vqe] epoch 0119  train_log_mse=0.00397  val_log_mse=0.06264  val_mse=0.000447  max_grad=0.60  patience=9/30
2026-10-08 13:24:34,734  gsv3.training             INFO     [group_holdout:fourier] epoch 0081  train_log_mse=0.00229  val_log_mse=0.04371  val_mse=0.000352  max_grad=0.34  patience=19/30
2026-10-08 13:24:55,223  gsv3.training             INFO     [group_holdout:vqe] epoch 0120  train_log_mse=0.00320  val_log_mse=0.06705  val_mse=0.000494  max_grad=0.32  patience=10/30
2026-10-08 13:25:40,860  gsv3.training             INFO     [group_holdout:vqe] epoch 0121  train_log_mse=0.00361  val_log_mse=0.06433  val_mse=0.000475  max_grad=0.37  patience=11/30
2026-10-08 13:25:42,187  gsv3.training             INFO     [group_holdout:fourier] epoch 0082  train_log_mse=0.00242  val_log_mse=0.03587  val_mse=0.000309  max_grad=0.38  patience=20/30
2026-10-08 13:26:26,674  gsv3.training             INFO     [group_holdout:vqe] epoch 0122  train_log_mse=0.00313  val_log_mse=0.06028  val_mse=0.000458  max_grad=0.31  patience=12/30
2026-10-08 13:26:49,756  gsv3.training             INFO     [group_holdout:fourier] epoch 0083  train_log_mse=0.00209  val_log_mse=0.03812  val_mse=0.000352  max_grad=0.16  patience=21/30
2026-10-08 13:27:12,452  gsv3.training             INFO     [group_holdout:vqe] epoch 0123  train_log_mse=0.00321  val_log_mse=0.05799  val_mse=0.000450  max_grad=0.29  patience=13/30
2026-10-08 13:27:57,558  gsv3.training             INFO     [group_holdout:fourier] epoch 0084  train_log_mse=0.00251  val_log_mse=0.03820  val_mse=0.000357  max_grad=0.54  patience=22/30
2026-10-08 13:27:58,133  gsv3.training             INFO     [group_holdout:vqe] epoch 0124  train_log_mse=0.00290  val_log_mse=0.06083  val_mse=0.000457  max_grad=0.25  patience=14/30
2026-10-08 13:28:43,922  gsv3.training             INFO     [group_holdout:vqe] epoch 0125  train_log_mse=0.00306  val_log_mse=0.06502  val_mse=0.000450  max_grad=0.39  patience=15/30
2026-10-08 13:29:05,333  gsv3.training             INFO     [group_holdout:fourier] epoch 0085  train_log_mse=0.00213  val_log_mse=0.03564  val_mse=0.000302  max_grad=0.36  patience=0/30
2026-10-08 13:29:29,577  gsv3.training             INFO     [group_holdout:vqe] epoch 0126  train_log_mse=0.00328  val_log_mse=0.06508  val_mse=0.000517  max_grad=0.58  patience=16/30
2026-10-08 13:30:12,733  gsv3.training             INFO     [group_holdout:fourier] epoch 0086  train_log_mse=0.00213  val_log_mse=0.03963  val_mse=0.000345  max_grad=0.29  patience=1/30
2026-10-08 13:30:15,315  gsv3.training             INFO     [group_holdout:vqe] epoch 0127  train_log_mse=0.00359  val_log_mse=0.06882  val_mse=0.000554  max_grad=0.48  patience=17/30
2026-10-08 13:31:00,961  gsv3.training             INFO     [group_holdout:vqe] epoch 0128  train_log_mse=0.00326  val_log_mse=0.06462  val_mse=0.000519  max_grad=0.30  patience=18/30
2026-10-08 13:31:20,268  gsv3.training             INFO     [group_holdout:fourier] epoch 0087  train_log_mse=0.00225  val_log_mse=0.03887  val_mse=0.000378  max_grad=0.28  patience=2/30
2026-10-08 13:31:46,623  gsv3.training             INFO     [group_holdout:vqe] epoch 0129  train_log_mse=0.00359  val_log_mse=0.07626  val_mse=0.000493  max_grad=0.54  patience=19/30
2026-10-08 13:32:27,871  gsv3.training             INFO     [group_holdout:fourier] epoch 0088  train_log_mse=0.00211  val_log_mse=0.03801  val_mse=0.000371  max_grad=0.23  patience=3/30
2026-10-08 13:32:32,023  gsv3.training             INFO     [group_holdout:vqe] epoch 0130  train_log_mse=0.00324  val_log_mse=0.05922  val_mse=0.000450  max_grad=0.45  patience=20/30
2026-10-08 13:33:17,564  gsv3.training             INFO     [group_holdout:vqe] epoch 0131  train_log_mse=0.00297  val_log_mse=0.05824  val_mse=0.000453  max_grad=0.22  patience=21/30
2026-10-08 13:33:35,438  gsv3.training             INFO     [group_holdout:fourier] epoch 0089  train_log_mse=0.00231  val_log_mse=0.04043  val_mse=0.000368  max_grad=0.42  patience=4/30
2026-10-08 13:34:03,072  gsv3.training             INFO     [group_holdout:vqe] epoch 0132  train_log_mse=0.00322  val_log_mse=0.07761  val_mse=0.000571  max_grad=0.94  patience=22/30
2026-10-08 13:34:42,995  gsv3.training             INFO     [group_holdout:fourier] epoch 0090  train_log_mse=0.00199  val_log_mse=0.03862  val_mse=0.000331  max_grad=0.27  patience=5/30
2026-10-08 13:34:48,505  gsv3.training             INFO     [group_holdout:vqe] epoch 0133  train_log_mse=0.00331  val_log_mse=0.05765  val_mse=0.000483  max_grad=0.40  patience=23/30
2026-10-08 13:35:34,104  gsv3.training             INFO     [group_holdout:vqe] epoch 0134  train_log_mse=0.00314  val_log_mse=0.06236  val_mse=0.000441  max_grad=0.34  patience=24/30
2026-10-08 13:35:50,550  gsv3.training             INFO     [group_holdout:fourier] epoch 0091  train_log_mse=0.00230  val_log_mse=0.04045  val_mse=0.000343  max_grad=0.36  patience=6/30
2026-10-08 13:36:19,756  gsv3.training             INFO     [group_holdout:vqe] epoch 0135  train_log_mse=0.00531  val_log_mse=0.08772  val_mse=0.000522  max_grad=0.97  patience=25/30
2026-10-08 13:36:58,074  gsv3.training             INFO     [group_holdout:fourier] epoch 0092  train_log_mse=0.00228  val_log_mse=0.03903  val_mse=0.000331  max_grad=0.60  patience=7/30
2026-10-08 13:37:05,030  gsv3.training             INFO     [group_holdout:vqe] epoch 0136  train_log_mse=0.00422  val_log_mse=0.06528  val_mse=0.000471  max_grad=1.06  patience=26/30
2026-10-08 13:37:50,615  gsv3.training             INFO     [group_holdout:vqe] epoch 0137  train_log_mse=0.00379  val_log_mse=0.06296  val_mse=0.000467  max_grad=0.53  patience=27/30
2026-10-08 13:38:05,658  gsv3.training             INFO     [group_holdout:fourier] epoch 0093  train_log_mse=0.00321  val_log_mse=0.07287  val_mse=0.000505  max_grad=8.34  patience=8/30
2026-10-08 13:38:36,287  gsv3.training             INFO     [group_holdout:vqe] epoch 0138  train_log_mse=0.00304  val_log_mse=0.05754  val_mse=0.000493  max_grad=0.26  patience=28/30
2026-10-08 13:39:13,092  gsv3.training             INFO     [group_holdout:fourier] epoch 0094  train_log_mse=0.00363  val_log_mse=0.03693  val_mse=0.000305  max_grad=32.86  patience=9/30
2026-10-08 13:39:22,155  gsv3.training             INFO     [group_holdout:vqe] epoch 0139  train_log_mse=0.00311  val_log_mse=0.06325  val_mse=0.000472  max_grad=0.27  patience=29/30
2026-10-08 13:40:07,838  gsv3.training             INFO     [group_holdout:vqe] epoch 0140  train_log_mse=0.00280  val_log_mse=0.05812  val_mse=0.000465  max_grad=0.32  patience=30/30
2026-10-08 13:40:20,513  gsv3.training             INFO     [group_holdout:fourier] epoch 0095  train_log_mse=0.00204  val_log_mse=0.04446  val_mse=0.000312  max_grad=0.64  patience=10/30
2026-10-08 13:40:20,882  gsv3.experiment           INFO     [vqe] TEST  n=9168  MAE=0.0898  R2=0.7834  device-acc=0.423  regret=0.0395
2026-10-08 13:40:20,885  genstudy.io               INFO     Wrote evaluations/generalization_v5/results/v5_sinkhorn_s7/leave_one_group_out/vqe/metrics.json
2026-10-08 13:40:20,923  genstudy.io               INFO     Wrote evaluations/generalization_v5/results/v5_sinkhorn_s7/leave_one_group_out/vqe/predictions.json
2026-10-08 13:40:20,935  genstudy.io               INFO     Wrote evaluations/generalization_v5/results/v5_sinkhorn_s7/leave_one_group_out/vqe/history.json
2026-10-08 13:40:20,953  run_experiment            INFO     leave_one_group_out finished: 1 complete, 0 skipped
2026-10-08 13:41:25,397  gsv3.training             INFO     [group_holdout:fourier] epoch 0096  train_log_mse=0.00250  val_log_mse=0.03902  val_mse=0.000345  max_grad=0.81  patience=11/30
2026-10-08 13:42:30,358  gsv3.training             INFO     [group_holdout:fourier] epoch 0097  train_log_mse=0.00195  val_log_mse=0.03887  val_mse=0.000312  max_grad=0.37  patience=12/30
2026-10-08 13:43:35,501  gsv3.training             INFO     [group_holdout:fourier] epoch 0098  train_log_mse=0.00191  val_log_mse=0.03777  val_mse=0.000297  max_grad=0.24  patience=0/30
2026-10-08 13:44:40,514  gsv3.training             INFO     [group_holdout:fourier] epoch 0099  train_log_mse=0.00240  val_log_mse=0.04277  val_mse=0.000312  max_grad=1.06  patience=1/30
2026-10-08 13:45:45,660  gsv3.training             INFO     [group_holdout:fourier] epoch 0100  train_log_mse=0.00197  val_log_mse=0.03713  val_mse=0.000321  max_grad=0.32  patience=2/30
2026-10-08 13:46:50,496  gsv3.training             INFO     [group_holdout:fourier] epoch 0101  train_log_mse=0.00193  val_log_mse=0.03864  val_mse=0.000302  max_grad=0.18  patience=3/30
2026-10-08 13:47:55,767  gsv3.training             INFO     [group_holdout:fourier] epoch 0102  train_log_mse=0.00198  val_log_mse=0.03780  val_mse=0.000307  max_grad=0.34  patience=4/30
2026-10-08 13:49:01,272  gsv3.training             INFO     [group_holdout:fourier] epoch 0103  train_log_mse=0.00193  val_log_mse=0.04097  val_mse=0.000326  max_grad=0.17  patience=5/30
2026-10-08 13:50:06,575  gsv3.training             INFO     [group_holdout:fourier] epoch 0104  train_log_mse=0.00198  val_log_mse=0.03754  val_mse=0.000298  max_grad=0.41  patience=6/30
2026-10-08 13:51:12,163  gsv3.training             INFO     [group_holdout:fourier] epoch 0105  train_log_mse=0.00198  val_log_mse=0.04155  val_mse=0.000422  max_grad=0.31  patience=7/30
2026-10-08 13:52:21,588  gsv3.training             INFO     [group_holdout:fourier] epoch 0106  train_log_mse=0.00204  val_log_mse=0.04260  val_mse=0.000337  max_grad=0.34  patience=8/30
2026-10-08 13:53:35,731  gsv3.training             INFO     [group_holdout:fourier] epoch 0107  train_log_mse=0.00194  val_log_mse=0.03630  val_mse=0.000306  max_grad=0.33  patience=9/30
2026-10-08 13:54:52,380  gsv3.training             INFO     [group_holdout:fourier] epoch 0108  train_log_mse=0.00187  val_log_mse=0.03928  val_mse=0.000343  max_grad=0.31  patience=10/30
2026-10-08 13:56:12,154  gsv3.training             INFO     [group_holdout:fourier] epoch 0109  train_log_mse=0.00212  val_log_mse=0.04315  val_mse=0.000345  max_grad=0.49  patience=11/30
2026-10-08 13:57:34,467  gsv3.training             INFO     [group_holdout:fourier] epoch 0110  train_log_mse=0.00210  val_log_mse=0.03601  val_mse=0.000303  max_grad=0.30  patience=12/30
2026-10-08 13:58:58,554  gsv3.training             INFO     [group_holdout:fourier] epoch 0111  train_log_mse=0.00222  val_log_mse=0.03739  val_mse=0.000315  max_grad=0.51  patience=13/30
2026-10-08 14:00:23,424  gsv3.training             INFO     [group_holdout:fourier] epoch 0112  train_log_mse=0.00189  val_log_mse=0.03711  val_mse=0.000329  max_grad=0.23  patience=14/30
2026-10-08 14:01:49,717  gsv3.training             INFO     [group_holdout:fourier] epoch 0113  train_log_mse=0.00185  val_log_mse=0.04075  val_mse=0.000371  max_grad=0.31  patience=15/30
2026-10-08 14:03:16,094  gsv3.training             INFO     [group_holdout:fourier] epoch 0114  train_log_mse=0.00202  val_log_mse=0.04432  val_mse=0.000376  max_grad=0.39  patience=16/30
2026-10-08 14:04:42,783  gsv3.training             INFO     [group_holdout:fourier] epoch 0115  train_log_mse=0.00321  val_log_mse=0.03745  val_mse=0.000341  max_grad=3.69  patience=17/30
2026-10-08 14:06:09,131  gsv3.training             INFO     [group_holdout:fourier] epoch 0116  train_log_mse=0.00272  val_log_mse=0.04304  val_mse=0.000304  max_grad=1.63  patience=18/30
2026-10-08 14:07:35,311  gsv3.training             INFO     [group_holdout:fourier] epoch 0117  train_log_mse=0.00196  val_log_mse=0.03653  val_mse=0.000318  max_grad=0.30  patience=19/30
2026-10-08 14:09:01,867  gsv3.training             INFO     [group_holdout:fourier] epoch 0118  train_log_mse=0.00172  val_log_mse=0.03986  val_mse=0.000298  max_grad=0.19  patience=20/30
2026-10-08 14:10:28,495  gsv3.training             INFO     [group_holdout:fourier] epoch 0119  train_log_mse=0.00165  val_log_mse=0.03758  val_mse=0.000299  max_grad=0.18  patience=21/30
2026-10-08 14:11:55,288  gsv3.training             INFO     [group_holdout:fourier] epoch 0120  train_log_mse=0.00171  val_log_mse=0.03804  val_mse=0.000299  max_grad=0.18  patience=22/30
2026-10-08 14:13:21,819  gsv3.training             INFO     [group_holdout:fourier] epoch 0121  train_log_mse=0.00172  val_log_mse=0.03844  val_mse=0.000306  max_grad=0.16  patience=23/30
2026-10-08 14:14:48,546  gsv3.training             INFO     [group_holdout:fourier] epoch 0122  train_log_mse=0.00172  val_log_mse=0.03914  val_mse=0.000300  max_grad=0.26  patience=24/30
2026-10-08 14:16:14,923  gsv3.training             INFO     [group_holdout:fourier] epoch 0123  train_log_mse=0.00173  val_log_mse=0.04103  val_mse=0.000337  max_grad=0.20  patience=25/30
2026-10-08 14:17:41,469  gsv3.training             INFO     [group_holdout:fourier] epoch 0124  train_log_mse=0.00168  val_log_mse=0.04009  val_mse=0.000343  max_grad=0.20  patience=26/30
2026-10-08 14:19:08,026  gsv3.training             INFO     [group_holdout:fourier] epoch 0125  train_log_mse=0.00182  val_log_mse=0.03766  val_mse=0.000337  max_grad=0.30  patience=27/30
2026-10-08 14:20:34,617  gsv3.training             INFO     [group_holdout:fourier] epoch 0126  train_log_mse=0.00185  val_log_mse=0.03847  val_mse=0.000336  max_grad=0.30  patience=28/30
2026-10-08 14:22:01,014  gsv3.training             INFO     [group_holdout:fourier] epoch 0127  train_log_mse=0.00180  val_log_mse=0.03803  val_mse=0.000303  max_grad=0.26  patience=29/30
2026-10-08 14:23:28,390  gsv3.training             INFO     [group_holdout:fourier] epoch 0128  train_log_mse=0.00170  val_log_mse=0.04189  val_mse=0.000311  max_grad=0.21  patience=30/30
2026-10-08 14:23:34,261  gsv3.experiment           INFO     [fourier] TEST  n=2904  MAE=0.0814  R2=0.7806  device-acc=0.525  regret=0.0265
2026-10-08 14:23:34,264  genstudy.io               INFO     Wrote evaluations/generalization_v5/results/v5_sinkhorn_s7/leave_one_group_out/fourier/metrics.json
2026-10-08 14:23:34,281  genstudy.io               INFO     Wrote evaluations/generalization_v5/results/v5_sinkhorn_s7/leave_one_group_out/fourier/predictions.json
2026-10-08 14:23:34,292  genstudy.io               INFO     Wrote evaluations/generalization_v5/results/v5_sinkhorn_s7/leave_one_group_out/fourier/history.json
2026-10-08 14:23:34,311  run_experiment            INFO     leave_one_group_out finished: 1 complete, 0 skipped
