2026-10-07 17:49:30,345  genstudy.io               INFO     Logging to evaluations/generalization_v3/results/xattn_a05/random_control/run.log
2026-10-07 17:49:30,345  run_experiment            INFO     Command line: evaluations/generalization_v3/scripts/run_experiment.py control --model xattn --balance-alpha 0.5 --lr 3e-4 --grad-clip 1.0 --families large --max-train-qubits 14 --results-dir evaluations/generalization_v3/results/xattn_a05
2026-10-07 17:49:31,150  gsv2.gpu                  INFO     GPU: NVIDIA H200
2026-10-07 17:49:31,151  gsv3.model                INFO     Hyper-parameters (/home/atudisco/pred-distr-tool/src/model/best_params.json + v3 defaults): {'device_hidden': 64, 'device_layers': 3, 'fusion_dim': 128, 'qubit_layers': 2, 'attn_heads': 4, 'lap_pe': 8, 'cost_bias_init': -6.0, 'hidden_dim': 142, 'num_conv_wo_resnet': 3, 'num_resnet_layers': 1, 'dropout': 0.0, 'bidirectional': True, 'mlp': [512, 256, 128], 'lr': 0.001, 'readout': 'meanmaxsum'}
2026-10-07 17:49:31,319  gsv3.devices              INFO     Device graphs with 8 Laplacian PE dims: node features 13
2026-10-07 17:49:31,320  genstudy.data             INFO     Loading graph dataset: /home/atudisco/pred-distr-tool/evaluations/generalization_v3/data/graph_dataset_expected_fidelity.pt
2026-10-07 17:49:38,318  genstudy.data             INFO     Loaded 17056 graphs
2026-10-07 17:49:38,345  genstudy.io               INFO     Wrote evaluations/generalization_v3/results/xattn_a05/random_control/dataset_summary.json
2026-10-07 17:49:38,428  run_experiment            INFO     [1/1] random_seed5
2026-10-07 17:49:38,431  gsv3.experiment           INFO     === random / random_seed5 ===
2026-10-07 17:49:38,431  gsv3.experiment           INFO     Random split stratified by fidelity (test_fraction=0.3, seed=5): train = 11939, test = 5117 circuits; families and sizes appear on both sides.
2026-10-07 17:49:38,432  gsv3.experiment           INFO     train=9551  val=2388 ({'mode': 'random'})  test=5117
2026-10-07 17:49:38,512  gsv3.training             INFO     [random:random_seed5] model=xattn (945113 params) train=9551 val=2388 lr=0.0003 clip=1.0 alpha=0.50
2026-10-07 17:49:49,066  gsv3.training             INFO     [random:random_seed5] epoch 0001  train_log_mse=3.34599  val_log_mse=1.30213  val_mse=0.008215  max_grad=3005.08  patience=0/30
2026-10-07 17:49:54,978  gsv3.training             INFO     [random:random_seed5] epoch 0002  train_log_mse=0.80458  val_log_mse=0.76388  val_mse=0.005043  max_grad=272.87  patience=0/30
2026-10-07 17:50:00,848  gsv3.training             INFO     [random:random_seed5] epoch 0003  train_log_mse=0.54981  val_log_mse=0.46519  val_mse=0.004345  max_grad=195.84  patience=0/30
2026-10-07 17:50:06,793  gsv3.training             INFO     [random:random_seed5] epoch 0004  train_log_mse=0.44572  val_log_mse=0.30413  val_mse=0.003205  max_grad=270.20  patience=0/30
2026-10-07 17:50:12,676  gsv3.training             INFO     [random:random_seed5] epoch 0005  train_log_mse=0.32918  val_log_mse=0.29380  val_mse=0.004943  max_grad=99.53  patience=0/30
2026-10-07 17:50:18,589  gsv3.training             INFO     [random:random_seed5] epoch 0006  train_log_mse=0.27242  val_log_mse=0.31769  val_mse=0.003024  max_grad=77.79  patience=1/30
2026-10-07 17:50:24,415  gsv3.training             INFO     [random:random_seed5] epoch 0007  train_log_mse=0.26483  val_log_mse=0.34383  val_mse=0.003421  max_grad=97.54  patience=2/30
2026-10-07 17:50:30,293  gsv3.training             INFO     [random:random_seed5] epoch 0008  train_log_mse=0.27583  val_log_mse=0.24324  val_mse=0.002770  max_grad=86.95  patience=0/30
2026-10-07 17:50:36,136  gsv3.training             INFO     [random:random_seed5] epoch 0009  train_log_mse=0.21892  val_log_mse=0.21877  val_mse=0.002151  max_grad=95.59  patience=0/30
2026-10-07 17:50:42,012  gsv3.training             INFO     [random:random_seed5] epoch 0010  train_log_mse=0.21498  val_log_mse=0.22753  val_mse=0.002119  max_grad=84.28  patience=1/30
2026-10-07 17:50:47,882  gsv3.training             INFO     [random:random_seed5] epoch 0011  train_log_mse=0.21339  val_log_mse=0.21961  val_mse=0.003961  max_grad=91.52  patience=2/30
2026-10-07 17:50:53,670  gsv3.training             INFO     [random:random_seed5] epoch 0012  train_log_mse=0.19842  val_log_mse=0.17601  val_mse=0.002416  max_grad=93.54  patience=0/30
2026-10-07 17:50:59,446  gsv3.training             INFO     [random:random_seed5] epoch 0013  train_log_mse=0.18202  val_log_mse=0.20124  val_mse=0.002294  max_grad=80.46  patience=1/30
2026-10-07 17:51:05,214  gsv3.training             INFO     [random:random_seed5] epoch 0014  train_log_mse=0.15896  val_log_mse=0.15941  val_mse=0.001728  max_grad=48.68  patience=0/30
2026-10-07 17:51:11,059  gsv3.training             INFO     [random:random_seed5] epoch 0015  train_log_mse=0.17284  val_log_mse=0.19960  val_mse=0.001591  max_grad=77.14  patience=1/30
2026-10-07 17:51:16,844  gsv3.training             INFO     [random:random_seed5] epoch 0016  train_log_mse=0.15956  val_log_mse=0.21819  val_mse=0.002425  max_grad=57.91  patience=2/30
2026-10-07 17:51:22,574  gsv3.training             INFO     [random:random_seed5] epoch 0017  train_log_mse=0.13692  val_log_mse=0.20933  val_mse=0.001557  max_grad=37.43  patience=3/30
2026-10-07 17:51:28,375  gsv3.training             INFO     [random:random_seed5] epoch 0018  train_log_mse=0.15705  val_log_mse=0.18067  val_mse=0.003354  max_grad=72.62  patience=4/30
2026-10-07 17:51:34,172  gsv3.training             INFO     [random:random_seed5] epoch 0019  train_log_mse=0.13039  val_log_mse=0.12924  val_mse=0.001399  max_grad=54.40  patience=0/30
2026-10-07 17:51:39,933  gsv3.training             INFO     [random:random_seed5] epoch 0020  train_log_mse=0.14689  val_log_mse=0.29167  val_mse=0.001662  max_grad=106.25  patience=1/30
2026-10-07 17:51:45,816  gsv3.training             INFO     [random:random_seed5] epoch 0021  train_log_mse=0.15359  val_log_mse=0.24135  val_mse=0.001704  max_grad=52.97  patience=2/30
2026-10-07 17:51:51,627  gsv3.training             INFO     [random:random_seed5] epoch 0022  train_log_mse=0.12461  val_log_mse=0.19892  val_mse=0.001552  max_grad=78.11  patience=3/30
2026-10-07 17:51:57,442  gsv3.training             INFO     [random:random_seed5] epoch 0023  train_log_mse=0.13724  val_log_mse=0.20436  val_mse=0.001758  max_grad=67.13  patience=4/30
2026-10-07 17:52:03,249  gsv3.training             INFO     [random:random_seed5] epoch 0024  train_log_mse=0.12522  val_log_mse=0.12750  val_mse=0.001585  max_grad=52.56  patience=0/30
2026-10-07 17:52:09,119  gsv3.training             INFO     [random:random_seed5] epoch 0025  train_log_mse=0.12421  val_log_mse=0.13918  val_mse=0.001313  max_grad=54.85  patience=1/30
2026-10-07 17:52:14,978  gsv3.training             INFO     [random:random_seed5] epoch 0026  train_log_mse=0.10392  val_log_mse=0.14019  val_mse=0.001762  max_grad=35.17  patience=2/30
2026-10-07 17:52:20,762  gsv3.training             INFO     [random:random_seed5] epoch 0027  train_log_mse=0.12138  val_log_mse=0.17295  val_mse=0.001356  max_grad=70.65  patience=3/30
2026-10-07 17:52:26,540  gsv3.training             INFO     [random:random_seed5] epoch 0028  train_log_mse=0.10772  val_log_mse=0.14402  val_mse=0.001315  max_grad=63.06  patience=4/30
2026-10-07 17:52:32,341  gsv3.training             INFO     [random:random_seed5] epoch 0029  train_log_mse=0.09799  val_log_mse=0.12719  val_mse=0.001206  max_grad=42.52  patience=0/30
2026-10-07 17:52:38,122  gsv3.training             INFO     [random:random_seed5] epoch 0030  train_log_mse=0.10078  val_log_mse=0.11799  val_mse=0.001297  max_grad=43.62  patience=0/30
2026-10-07 17:52:43,947  gsv3.training             INFO     [random:random_seed5] epoch 0031  train_log_mse=0.10383  val_log_mse=0.11624  val_mse=0.001289  max_grad=55.93  patience=0/30
2026-10-07 17:52:49,706  gsv3.training             INFO     [random:random_seed5] epoch 0032  train_log_mse=0.09314  val_log_mse=0.13073  val_mse=0.001218  max_grad=63.89  patience=1/30
2026-10-07 17:52:55,523  gsv3.training             INFO     [random:random_seed5] epoch 0033  train_log_mse=0.09437  val_log_mse=0.12992  val_mse=0.001411  max_grad=40.15  patience=2/30
2026-10-07 17:53:01,340  gsv3.training             INFO     [random:random_seed5] epoch 0034  train_log_mse=0.10397  val_log_mse=0.11918  val_mse=0.001253  max_grad=49.44  patience=3/30
2026-10-07 17:53:07,128  gsv3.training             INFO     [random:random_seed5] epoch 0035  train_log_mse=0.08356  val_log_mse=0.15198  val_mse=0.001408  max_grad=70.57  patience=4/30
2026-10-07 17:53:12,939  gsv3.training             INFO     [random:random_seed5] epoch 0036  train_log_mse=0.10225  val_log_mse=0.12427  val_mse=0.001098  max_grad=52.95  patience=5/30
2026-10-07 17:53:18,807  gsv3.training             INFO     [random:random_seed5] epoch 0037  train_log_mse=0.09057  val_log_mse=0.10664  val_mse=0.001130  max_grad=41.97  patience=0/30
2026-10-07 17:53:24,574  gsv3.training             INFO     [random:random_seed5] epoch 0038  train_log_mse=0.09629  val_log_mse=0.18204  val_mse=0.001349  max_grad=44.03  patience=1/30
2026-10-07 17:53:30,389  gsv3.training             INFO     [random:random_seed5] epoch 0039  train_log_mse=nan  val_log_mse=nan  val_mse=nan  max_grad=inf  patience=2/30
2026-10-07 17:53:36,233  gsv3.training             INFO     [random:random_seed5] epoch 0040  train_log_mse=nan  val_log_mse=nan  val_mse=nan  max_grad=0.00  patience=3/30
2026-10-07 17:53:42,084  gsv3.training             INFO     [random:random_seed5] epoch 0041  train_log_mse=nan  val_log_mse=nan  val_mse=nan  max_grad=0.00  patience=4/30
2026-10-07 17:53:47,921  gsv3.training             INFO     [random:random_seed5] epoch 0042  train_log_mse=nan  val_log_mse=nan  val_mse=nan  max_grad=0.00  patience=5/30
2026-10-07 17:53:53,819  gsv3.training             INFO     [random:random_seed5] epoch 0043  train_log_mse=nan  val_log_mse=nan  val_mse=nan  max_grad=0.00  patience=6/30
2026-10-07 17:53:59,623  gsv3.training             INFO     [random:random_seed5] epoch 0044  train_log_mse=nan  val_log_mse=nan  val_mse=nan  max_grad=0.00  patience=7/30
2026-10-07 17:54:05,416  gsv3.training             INFO     [random:random_seed5] epoch 0045  train_log_mse=nan  val_log_mse=nan  val_mse=nan  max_grad=0.00  patience=8/30
2026-10-07 17:54:11,205  gsv3.training             INFO     [random:random_seed5] epoch 0046  train_log_mse=nan  val_log_mse=nan  val_mse=nan  max_grad=0.00  patience=9/30
2026-10-07 17:54:17,015  gsv3.training             INFO     [random:random_seed5] epoch 0047  train_log_mse=nan  val_log_mse=nan  val_mse=nan  max_grad=0.00  patience=10/30
2026-10-07 17:54:22,800  gsv3.training             INFO     [random:random_seed5] epoch 0048  train_log_mse=nan  val_log_mse=nan  val_mse=nan  max_grad=0.00  patience=11/30
2026-10-07 17:54:28,687  gsv3.training             INFO     [random:random_seed5] epoch 0049  train_log_mse=nan  val_log_mse=nan  val_mse=nan  max_grad=0.00  patience=12/30
2026-10-07 17:54:34,508  gsv3.training             INFO     [random:random_seed5] epoch 0050  train_log_mse=nan  val_log_mse=nan  val_mse=nan  max_grad=0.00  patience=13/30
2026-10-07 17:54:40,318  gsv3.training             INFO     [random:random_seed5] epoch 0051  train_log_mse=nan  val_log_mse=nan  val_mse=nan  max_grad=0.00  patience=14/30
2026-10-07 17:54:46,080  gsv3.training             INFO     [random:random_seed5] epoch 0052  train_log_mse=nan  val_log_mse=nan  val_mse=nan  max_grad=0.00  patience=15/30
2026-10-07 17:54:51,856  gsv3.training             INFO     [random:random_seed5] epoch 0053  train_log_mse=nan  val_log_mse=nan  val_mse=nan  max_grad=0.00  patience=16/30
2026-10-07 17:54:57,608  gsv3.training             INFO     [random:random_seed5] epoch 0054  train_log_mse=nan  val_log_mse=nan  val_mse=nan  max_grad=0.00  patience=17/30
2026-10-07 17:55:03,443  gsv3.training             INFO     [random:random_seed5] epoch 0055  train_log_mse=nan  val_log_mse=nan  val_mse=nan  max_grad=0.00  patience=18/30
2026-10-07 17:55:09,206  gsv3.training             INFO     [random:random_seed5] epoch 0056  train_log_mse=nan  val_log_mse=nan  val_mse=nan  max_grad=0.00  patience=19/30
2026-10-07 17:55:15,057  gsv3.training             INFO     [random:random_seed5] epoch 0057  train_log_mse=nan  val_log_mse=nan  val_mse=nan  max_grad=0.00  patience=20/30
2026-10-07 17:55:20,889  gsv3.training             INFO     [random:random_seed5] epoch 0058  train_log_mse=nan  val_log_mse=nan  val_mse=nan  max_grad=0.00  patience=21/30
2026-10-07 17:55:26,724  gsv3.training             INFO     [random:random_seed5] epoch 0059  train_log_mse=nan  val_log_mse=nan  val_mse=nan  max_grad=0.00  patience=22/30
2026-10-07 17:55:32,527  gsv3.training             INFO     [random:random_seed5] epoch 0060  train_log_mse=nan  val_log_mse=nan  val_mse=nan  max_grad=0.00  patience=23/30
2026-10-07 17:55:38,391  gsv3.training             INFO     [random:random_seed5] epoch 0061  train_log_mse=nan  val_log_mse=nan  val_mse=nan  max_grad=0.00  patience=24/30
2026-10-07 17:55:44,177  gsv3.training             INFO     [random:random_seed5] epoch 0062  train_log_mse=nan  val_log_mse=nan  val_mse=nan  max_grad=0.00  patience=25/30
2026-10-07 17:55:49,998  gsv3.training             INFO     [random:random_seed5] epoch 0063  train_log_mse=nan  val_log_mse=nan  val_mse=nan  max_grad=0.00  patience=26/30
2026-10-07 17:55:55,851  gsv3.training             INFO     [random:random_seed5] epoch 0064  train_log_mse=nan  val_log_mse=nan  val_mse=nan  max_grad=0.00  patience=27/30
2026-10-07 17:56:01,688  gsv3.training             INFO     [random:random_seed5] epoch 0065  train_log_mse=nan  val_log_mse=nan  val_mse=nan  max_grad=0.00  patience=28/30
2026-10-07 17:56:07,508  gsv3.training             INFO     [random:random_seed5] epoch 0066  train_log_mse=nan  val_log_mse=nan  val_mse=nan  max_grad=0.00  patience=29/30
2026-10-07 17:56:13,296  gsv3.training             INFO     [random:random_seed5] epoch 0067  train_log_mse=nan  val_log_mse=nan  val_mse=nan  max_grad=0.00  patience=30/30
2026-10-07 17:56:14,785  gsv3.experiment           INFO     [random_seed5] TEST  n=5117  MAE=0.0209  R2=0.9881  device-acc=0.728  regret=0.0041
2026-10-07 17:56:14,791  genstudy.io               INFO     Wrote evaluations/generalization_v3/results/xattn_a05/random_control/random_seed5/metrics.json
2026-10-07 17:56:14,821  genstudy.io               INFO     Wrote evaluations/generalization_v3/results/xattn_a05/random_control/random_seed5/predictions.json
2026-10-07 17:56:14,832  genstudy.io               INFO     Wrote evaluations/generalization_v3/results/xattn_a05/random_control/random_seed5/history.json
2026-10-07 17:56:14,882  run_experiment            INFO     random_control finished: 1 complete, 0 skipped
