2026-10-08 05:40:23,250  genstudy.io               INFO     Logging to evaluations/generalization_v3/results/v1_s7/leave_one_group_out/run.log
2026-10-08 05:40:23,250  run_experiment            INFO     Command line: evaluations/generalization_v3/scripts/run_experiment.py logo --model v1 --balance-alpha 0 --lr 3e-4 --grad-clip 1.0 --seed 7 --families large --groups variational --results-dir evaluations/generalization_v3/results/v1_s7
2026-10-08 05:40:23,250  gsv2.gpu                  WARNING  No CUDA device available — running on the CPU.
2026-10-08 05:40:23,251  genstudy.model            INFO     Hyper-parameters from /home/atudisco/pred-distr-tool/src/model/best_params.json: {'hidden_dim': 142, 'num_conv_wo_resnet': 3, 'num_resnet_layers': 1, 'dropout': 0.0, 'bidirectional': True, 'mlp': [512, 256, 128], 'lr': 0.001, 'readout': 'meanmaxsum'}
2026-10-08 05:40:23,252  genstudy.data             INFO     Loading graph dataset: /home/atudisco/compileCircuits/graph_dataset_expected_fidelity.pt
2026-10-08 05:40:23,290  genstudy.io               INFO     Logging to evaluations/generalization_v3/results/v1_s7/leave_one_group_out/run.log
2026-10-08 05:40:23,291  run_experiment            INFO     Command line: evaluations/generalization_v3/scripts/run_experiment.py logo --model v1 --balance-alpha 0 --lr 3e-4 --grad-clip 1.0 --seed 7 --families large --groups vqe --results-dir evaluations/generalization_v3/results/v1_s7
2026-10-08 05:40:23,291  gsv2.gpu                  WARNING  No CUDA device available — running on the CPU.
2026-10-08 05:40:23,291  genstudy.model            INFO     Hyper-parameters from /home/atudisco/pred-distr-tool/src/model/best_params.json: {'hidden_dim': 142, 'num_conv_wo_resnet': 3, 'num_resnet_layers': 1, 'dropout': 0.0, 'bidirectional': True, 'mlp': [512, 256, 128], 'lr': 0.001, 'readout': 'meanmaxsum'}
2026-10-08 05:40:23,292  genstudy.data             INFO     Loading graph dataset: /home/atudisco/compileCircuits/graph_dataset_expected_fidelity.pt
2026-10-08 05:40:23,309  genstudy.io               INFO     Logging to evaluations/generalization_v3/results/v1_s7/leave_one_group_out/run.log
2026-10-08 05:40:23,309  run_experiment            INFO     Command line: evaluations/generalization_v3/scripts/run_experiment.py logo --model v1 --balance-alpha 0 --lr 3e-4 --grad-clip 1.0 --seed 7 --families large --groups fourier --results-dir evaluations/generalization_v3/results/v1_s7
2026-10-08 05:40:23,310  gsv2.gpu                  WARNING  No CUDA device available — running on the CPU.
2026-10-08 05:40:23,310  genstudy.model            INFO     Hyper-parameters from /home/atudisco/pred-distr-tool/src/model/best_params.json: {'hidden_dim': 142, 'num_conv_wo_resnet': 3, 'num_resnet_layers': 1, 'dropout': 0.0, 'bidirectional': True, 'mlp': [512, 256, 128], 'lr': 0.001, 'readout': 'meanmaxsum'}
2026-10-08 05:40:23,310  genstudy.data             INFO     Loading graph dataset: /home/atudisco/compileCircuits/graph_dataset_expected_fidelity.pt
2026-10-08 05:40:25,916  genstudy.data             INFO     Loaded 17056 graphs
2026-10-08 05:40:25,949  genstudy.io               INFO     Wrote evaluations/generalization_v3/results/v1_s7/leave_one_group_out/dataset_summary.json
2026-10-08 05:40:25,952  run_experiment            INFO     [1/1] variational
2026-10-08 05:40:25,951  genstudy.data             INFO     Loaded 17056 graphs
2026-10-08 05:40:25,954  genstudy.experiment       INFO     === group_holdout / variational ===
2026-10-08 05:40:25,954  genstudy.experiment       INFO     Leave-one-group-out: test = all 9928 circuits of group 'variational' (qnn, vqe_real_amp, vqe_su2, vqe_two_local), train = 7128 circuits from the other 31 families.
2026-10-08 05:40:25,955  genstudy.experiment       INFO     train=5702  val=1426  test=9928
2026-10-08 05:40:25,981  genstudy.io               INFO     Wrote evaluations/generalization_v3/results/v1_s7/leave_one_group_out/dataset_summary.json
2026-10-08 05:40:25,984  run_experiment            INFO     [1/1] vqe
2026-10-08 05:40:25,987  genstudy.experiment       INFO     === group_holdout / vqe ===
2026-10-08 05:40:25,987  genstudy.experiment       INFO     Leave-one-group-out: test = all 9168 circuits of group 'vqe' (vqe_real_amp, vqe_su2, vqe_two_local), train = 7888 circuits from the other 32 families.
2026-10-08 05:40:25,987  genstudy.experiment       INFO     train=6310  val=1578  test=9168
2026-10-08 05:40:25,995  genstudy.model            INFO     [group_holdout:variational] training on 5702 graphs, validating on 1426, epochs 1-1000 (patience 30)
2026-10-08 05:40:26,027  genstudy.model            INFO     [group_holdout:vqe] training on 6310 graphs, validating on 1578, epochs 1-1000 (patience 30)
2026-10-08 05:40:26,057  genstudy.data             INFO     Loaded 17056 graphs
2026-10-08 05:40:26,093  genstudy.io               INFO     Wrote evaluations/generalization_v3/results/v1_s7/leave_one_group_out/dataset_summary.json
2026-10-08 05:40:26,095  run_experiment            INFO     [1/1] fourier
2026-10-08 05:40:26,098  genstudy.experiment       INFO     === group_holdout / fourier ===
2026-10-08 05:40:26,098  genstudy.experiment       INFO     Leave-one-group-out: test = all 2904 circuits of group 'fourier' (ae, draper_qft_adder, dynamic_qft, iqpe, qft, qftentangled, qpeexact, qpeinexact, rg_qft_multiplier), train = 14152 circuits from the other 26 families.
2026-10-08 05:40:26,099  genstudy.experiment       INFO     train=11322  val=2830  test=2904
2026-10-08 05:40:26,141  genstudy.model            INFO     [group_holdout:fourier] training on 11322 graphs, validating on 2830, epochs 1-1000 (patience 30)
2026-10-08 05:40:39,138  genstudy.model            INFO     [group_holdout:variational] epoch 0001/1000  train_mse=2.356630  val_mse=0.011494  val_r2=0.8964  patience=0/30
2026-10-08 05:40:39,851  genstudy.model            INFO     [group_holdout:vqe] epoch 0001/1000  train_mse=1.528063  val_mse=0.016942  val_r2=0.8505  patience=0/30
2026-10-08 05:40:46,405  genstudy.model            INFO     [group_holdout:fourier] epoch 0001/1000  train_mse=0.919512  val_mse=0.090417  val_r2=0.0702  patience=0/30
2026-10-08 05:40:52,323  genstudy.model            INFO     [group_holdout:variational] epoch 0002/1000  train_mse=0.156937  val_mse=0.005500  val_r2=0.9495  patience=0/30
2026-10-08 05:40:53,463  genstudy.model            INFO     [group_holdout:vqe] epoch 0002/1000  train_mse=0.019730  val_mse=0.008224  val_r2=0.9266  patience=0/30
2026-10-08 05:41:05,225  genstudy.model            INFO     [group_holdout:variational] epoch 0003/1000  train_mse=0.030244  val_mse=0.004873  val_r2=0.9552  patience=0/30
2026-10-08 05:41:06,520  genstudy.model            INFO     [group_holdout:fourier] epoch 0002/1000  train_mse=0.039370  val_mse=0.005375  val_r2=0.9462  patience=0/30
2026-10-08 05:41:07,267  genstudy.model            INFO     [group_holdout:vqe] epoch 0003/1000  train_mse=0.033685  val_mse=0.033836  val_r2=0.7046  patience=1/30
2026-10-08 05:41:18,059  genstudy.model            INFO     [group_holdout:variational] epoch 0004/1000  train_mse=0.004507  val_mse=0.004299  val_r2=0.9610  patience=0/30
2026-10-08 05:41:20,088  genstudy.model            INFO     [group_holdout:vqe] epoch 0004/1000  train_mse=0.008355  val_mse=0.008658  val_r2=0.9276  patience=2/30
2026-10-08 05:41:25,953  genstudy.model            INFO     [group_holdout:fourier] epoch 0003/1000  train_mse=0.003685  val_mse=0.003092  val_r2=0.9691  patience=0/30
2026-10-08 05:41:30,826  genstudy.model            INFO     [group_holdout:variational] epoch 0005/1000  train_mse=0.003902  val_mse=0.004746  val_r2=0.9569  patience=1/30
2026-10-08 05:41:33,581  genstudy.model            INFO     [group_holdout:vqe] epoch 0005/1000  train_mse=0.006077  val_mse=0.005420  val_r2=0.9524  patience=0/30
2026-10-08 05:41:43,920  genstudy.model            INFO     [group_holdout:variational] epoch 0006/1000  train_mse=0.004120  val_mse=0.002908  val_r2=0.9735  patience=0/30
2026-10-08 05:41:45,955  genstudy.model            INFO     [group_holdout:fourier] epoch 0004/1000  train_mse=0.002750  val_mse=0.002960  val_r2=0.9700  patience=0/30
2026-10-08 05:41:47,092  genstudy.model            INFO     [group_holdout:vqe] epoch 0006/1000  train_mse=0.003251  val_mse=0.181895  val_r2=-0.4948  patience=1/30
2026-10-08 05:41:57,058  genstudy.model            INFO     [group_holdout:variational] epoch 0007/1000  train_mse=0.013160  val_mse=0.002839  val_r2=0.9741  patience=0/30
2026-10-08 05:42:00,686  genstudy.model            INFO     [group_holdout:vqe] epoch 0007/1000  train_mse=0.039337  val_mse=0.003376  val_r2=0.9698  patience=0/30
2026-10-08 05:42:05,945  genstudy.model            INFO     [group_holdout:fourier] epoch 0005/1000  train_mse=0.003855  val_mse=0.002716  val_r2=0.9724  patience=0/30
2026-10-08 05:42:10,094  genstudy.model            INFO     [group_holdout:variational] epoch 0008/1000  train_mse=0.015900  val_mse=0.002766  val_r2=0.9751  patience=0/30
2026-10-08 05:42:14,261  genstudy.model            INFO     [group_holdout:vqe] epoch 0008/1000  train_mse=0.003295  val_mse=0.003599  val_r2=0.9684  patience=1/30
2026-10-08 05:42:23,125  genstudy.model            INFO     [group_holdout:variational] epoch 0009/1000  train_mse=0.002219  val_mse=0.001794  val_r2=0.9837  patience=0/30
2026-10-08 05:42:26,072  genstudy.model            INFO     [group_holdout:fourier] epoch 0006/1000  train_mse=0.003449  val_mse=0.002060  val_r2=0.9793  patience=0/30
2026-10-08 05:42:27,803  genstudy.model            INFO     [group_holdout:vqe] epoch 0009/1000  train_mse=0.001840  val_mse=0.001649  val_r2=0.9855  patience=0/30
2026-10-08 05:42:36,077  genstudy.model            INFO     [group_holdout:variational] epoch 0010/1000  train_mse=0.001709  val_mse=0.002425  val_r2=0.9781  patience=1/30
2026-10-08 05:42:41,401  genstudy.model            INFO     [group_holdout:vqe] epoch 0010/1000  train_mse=0.001902  val_mse=0.001624  val_r2=0.9857  patience=0/30
2026-10-08 05:42:46,056  genstudy.model            INFO     [group_holdout:fourier] epoch 0007/1000  train_mse=0.003447  val_mse=0.001677  val_r2=0.9833  patience=0/30
2026-10-08 05:42:48,983  genstudy.model            INFO     [group_holdout:variational] epoch 0011/1000  train_mse=0.001515  val_mse=0.001533  val_r2=0.9861  patience=0/30
2026-10-08 05:42:54,735  genstudy.model            INFO     [group_holdout:vqe] epoch 0011/1000  train_mse=0.001394  val_mse=0.001686  val_r2=0.9850  patience=1/30
2026-10-08 05:43:02,039  genstudy.model            INFO     [group_holdout:variational] epoch 0012/1000  train_mse=0.001845  val_mse=0.006142  val_r2=0.9454  patience=1/30
2026-10-08 05:43:06,180  genstudy.model            INFO     [group_holdout:fourier] epoch 0008/1000  train_mse=0.002478  val_mse=0.001438  val_r2=0.9855  patience=0/30
2026-10-08 05:43:08,208  genstudy.model            INFO     [group_holdout:vqe] epoch 0012/1000  train_mse=0.001422  val_mse=0.001660  val_r2=0.9854  patience=2/30
2026-10-08 05:43:15,103  genstudy.model            INFO     [group_holdout:variational] epoch 0013/1000  train_mse=0.010064  val_mse=0.003540  val_r2=0.9683  patience=2/30
2026-10-08 05:43:21,684  genstudy.model            INFO     [group_holdout:vqe] epoch 0013/1000  train_mse=0.010446  val_mse=0.001731  val_r2=0.9846  patience=3/30
2026-10-08 05:43:26,290  genstudy.model            INFO     [group_holdout:fourier] epoch 0009/1000  train_mse=0.004220  val_mse=0.002697  val_r2=0.9736  patience=1/30
2026-10-08 05:43:27,960  genstudy.model            INFO     [group_holdout:variational] epoch 0014/1000  train_mse=0.001500  val_mse=0.002785  val_r2=0.9746  patience=3/30
2026-10-08 05:43:35,074  genstudy.model            INFO     [group_holdout:vqe] epoch 0014/1000  train_mse=0.001240  val_mse=0.001571  val_r2=0.9862  patience=0/30
2026-10-08 05:43:40,973  genstudy.model            INFO     [group_holdout:variational] epoch 0015/1000  train_mse=0.001043  val_mse=0.001522  val_r2=0.9862  patience=0/30
2026-10-08 05:43:46,422  genstudy.model            INFO     [group_holdout:fourier] epoch 0010/1000  train_mse=0.001233  val_mse=0.001053  val_r2=0.9895  patience=0/30
2026-10-08 05:43:48,680  genstudy.model            INFO     [group_holdout:vqe] epoch 0015/1000  train_mse=0.000832  val_mse=0.001218  val_r2=0.9892  patience=0/30
2026-10-08 05:43:54,004  genstudy.model            INFO     [group_holdout:variational] epoch 0016/1000  train_mse=0.000893  val_mse=0.001480  val_r2=0.9865  patience=0/30
2026-10-08 05:44:02,307  genstudy.model            INFO     [group_holdout:vqe] epoch 0016/1000  train_mse=0.000960  val_mse=0.001958  val_r2=0.9828  patience=1/30
2026-10-08 05:44:06,459  genstudy.model            INFO     [group_holdout:fourier] epoch 0011/1000  train_mse=0.001356  val_mse=0.001346  val_r2=0.9865  patience=1/30
2026-10-08 05:44:06,787  genstudy.model            INFO     [group_holdout:variational] epoch 0017/1000  train_mse=0.000692  val_mse=0.001304  val_r2=0.9882  patience=0/30
2026-10-08 05:44:15,858  genstudy.model            INFO     [group_holdout:vqe] epoch 0017/1000  train_mse=0.000849  val_mse=0.001909  val_r2=0.9831  patience=2/30
2026-10-08 05:44:19,820  genstudy.model            INFO     [group_holdout:variational] epoch 0018/1000  train_mse=0.000732  val_mse=0.001158  val_r2=0.9895  patience=0/30
2026-10-08 05:44:26,515  genstudy.model            INFO     [group_holdout:fourier] epoch 0012/1000  train_mse=0.001393  val_mse=0.001031  val_r2=0.9897  patience=0/30
2026-10-08 05:44:29,295  genstudy.model            INFO     [group_holdout:vqe] epoch 0018/1000  train_mse=0.001285  val_mse=0.001091  val_r2=0.9905  patience=0/30
2026-10-08 05:44:32,803  genstudy.model            INFO     [group_holdout:variational] epoch 0019/1000  train_mse=0.000877  val_mse=0.002394  val_r2=0.9782  patience=1/30
2026-10-08 05:44:42,818  genstudy.model            INFO     [group_holdout:vqe] epoch 0019/1000  train_mse=0.000593  val_mse=0.001365  val_r2=0.9881  patience=1/30
2026-10-08 05:44:45,809  genstudy.model            INFO     [group_holdout:variational] epoch 0020/1000  train_mse=0.002687  val_mse=0.001533  val_r2=0.9862  patience=2/30
2026-10-08 05:44:46,610  genstudy.model            INFO     [group_holdout:fourier] epoch 0013/1000  train_mse=0.001285  val_mse=0.001010  val_r2=0.9899  patience=0/30
2026-10-08 05:44:56,363  genstudy.model            INFO     [group_holdout:vqe] epoch 0020/1000  train_mse=0.000938  val_mse=0.001446  val_r2=0.9873  patience=2/30
2026-10-08 05:44:58,763  genstudy.model            INFO     [group_holdout:variational] epoch 0021/1000  train_mse=0.000738  val_mse=0.001168  val_r2=0.9895  patience=3/30
2026-10-08 05:45:06,794  genstudy.model            INFO     [group_holdout:fourier] epoch 0014/1000  train_mse=0.001336  val_mse=0.001559  val_r2=0.9842  patience=1/30
2026-10-08 05:45:09,863  genstudy.model            INFO     [group_holdout:vqe] epoch 0021/1000  train_mse=0.000686  val_mse=0.001064  val_r2=0.9907  patience=0/30
2026-10-08 05:45:11,785  genstudy.model            INFO     [group_holdout:variational] epoch 0022/1000  train_mse=0.001291  val_mse=0.001695  val_r2=0.9848  patience=4/30
2026-10-08 05:45:23,312  genstudy.model            INFO     [group_holdout:vqe] epoch 0022/1000  train_mse=0.000620  val_mse=0.001592  val_r2=0.9861  patience=1/30
2026-10-08 05:45:24,679  genstudy.model            INFO     [group_holdout:variational] epoch 0023/1000  train_mse=0.002884  val_mse=0.004003  val_r2=0.9634  patience=5/30
2026-10-08 05:45:26,903  genstudy.model            INFO     [group_holdout:fourier] epoch 0015/1000  train_mse=0.001237  val_mse=0.000990  val_r2=0.9901  patience=0/30
2026-10-08 05:45:36,816  genstudy.model            INFO     [group_holdout:vqe] epoch 0023/1000  train_mse=0.002614  val_mse=0.001461  val_r2=0.9871  patience=2/30
2026-10-08 05:45:37,601  genstudy.model            INFO     [group_holdout:variational] epoch 0024/1000  train_mse=0.001165  val_mse=0.001089  val_r2=0.9902  patience=0/30
2026-10-08 05:45:47,101  genstudy.model            INFO     [group_holdout:fourier] epoch 0016/1000  train_mse=0.000756  val_mse=0.000749  val_r2=0.9925  patience=0/30
2026-10-08 05:45:50,277  genstudy.model            INFO     [group_holdout:vqe] epoch 0024/1000  train_mse=0.001550  val_mse=0.001069  val_r2=0.9906  patience=3/30
2026-10-08 05:45:50,487  genstudy.model            INFO     [group_holdout:variational] epoch 0025/1000  train_mse=0.000536  val_mse=0.001039  val_r2=0.9906  patience=0/30
2026-10-08 05:46:03,500  genstudy.model            INFO     [group_holdout:variational] epoch 0026/1000  train_mse=0.001342  val_mse=0.001407  val_r2=0.9873  patience=1/30
2026-10-08 05:46:03,822  genstudy.model            INFO     [group_holdout:vqe] epoch 0025/1000  train_mse=0.000556  val_mse=0.001004  val_r2=0.9912  patience=0/30
2026-10-08 05:46:07,214  genstudy.model            INFO     [group_holdout:fourier] epoch 0017/1000  train_mse=0.001129  val_mse=0.001846  val_r2=0.9816  patience=1/30
2026-10-08 05:46:16,491  genstudy.model            INFO     [group_holdout:variational] epoch 0027/1000  train_mse=0.000590  val_mse=0.000961  val_r2=0.9913  patience=0/30
2026-10-08 05:46:17,349  genstudy.model            INFO     [group_holdout:vqe] epoch 0026/1000  train_mse=0.000615  val_mse=0.001273  val_r2=0.9887  patience=1/30
2026-10-08 05:46:27,349  genstudy.model            INFO     [group_holdout:fourier] epoch 0018/1000  train_mse=0.000819  val_mse=0.000744  val_r2=0.9926  patience=0/30
2026-10-08 05:46:29,473  genstudy.model            INFO     [group_holdout:variational] epoch 0028/1000  train_mse=0.000441  val_mse=0.000979  val_r2=0.9911  patience=1/30
2026-10-08 05:46:30,838  genstudy.model            INFO     [group_holdout:vqe] epoch 0027/1000  train_mse=0.000565  val_mse=0.001074  val_r2=0.9907  patience=2/30
2026-10-08 05:46:42,492  genstudy.model            INFO     [group_holdout:variational] epoch 0029/1000  train_mse=0.001960  val_mse=0.010553  val_r2=0.9042  patience=2/30
2026-10-08 05:46:44,471  genstudy.model            INFO     [group_holdout:vqe] epoch 0028/1000  train_mse=0.000572  val_mse=0.001252  val_r2=0.9890  patience=3/30
2026-10-08 05:46:47,287  genstudy.model            INFO     [group_holdout:fourier] epoch 0019/1000  train_mse=0.000704  val_mse=0.001508  val_r2=0.9850  patience=1/30
2026-10-08 05:46:55,428  genstudy.model            INFO     [group_holdout:variational] epoch 0030/1000  train_mse=0.000893  val_mse=0.001105  val_r2=0.9900  patience=3/30
2026-10-08 05:46:57,855  genstudy.model            INFO     [group_holdout:vqe] epoch 0029/1000  train_mse=0.000418  val_mse=0.000931  val_r2=0.9918  patience=0/30
2026-10-08 05:47:07,393  genstudy.model            INFO     [group_holdout:fourier] epoch 0020/1000  train_mse=0.000781  val_mse=0.000944  val_r2=0.9906  patience=2/30
2026-10-08 05:47:08,177  genstudy.model            INFO     [group_holdout:variational] epoch 0031/1000  train_mse=0.000451  val_mse=0.001180  val_r2=0.9893  patience=4/30
2026-10-08 05:47:11,333  genstudy.model            INFO     [group_holdout:vqe] epoch 0030/1000  train_mse=0.000466  val_mse=0.000859  val_r2=0.9925  patience=0/30
2026-10-08 05:47:20,835  genstudy.model            INFO     [group_holdout:variational] epoch 0032/1000  train_mse=0.000662  val_mse=0.001164  val_r2=0.9894  patience=5/30
2026-10-08 05:47:24,693  genstudy.model            INFO     [group_holdout:vqe] epoch 0031/1000  train_mse=0.000546  val_mse=0.001069  val_r2=0.9906  patience=1/30
2026-10-08 05:47:27,122  genstudy.model            INFO     [group_holdout:fourier] epoch 0021/1000  train_mse=0.000676  val_mse=0.001028  val_r2=0.9898  patience=3/30
2026-10-08 05:47:33,810  genstudy.model            INFO     [group_holdout:variational] epoch 0033/1000  train_mse=0.000602  val_mse=0.001031  val_r2=0.9906  patience=6/30
2026-10-08 05:47:37,915  genstudy.model            INFO     [group_holdout:vqe] epoch 0032/1000  train_mse=0.000803  val_mse=0.001410  val_r2=0.9874  patience=2/30
2026-10-08 05:47:46,613  genstudy.model            INFO     [group_holdout:variational] epoch 0034/1000  train_mse=0.000604  val_mse=0.001383  val_r2=0.9873  patience=7/30
2026-10-08 05:47:47,026  genstudy.model            INFO     [group_holdout:fourier] epoch 0022/1000  train_mse=0.000787  val_mse=0.000623  val_r2=0.9938  patience=0/30
2026-10-08 05:47:51,309  genstudy.model            INFO     [group_holdout:vqe] epoch 0033/1000  train_mse=0.001098  val_mse=0.001808  val_r2=0.9840  patience=3/30
2026-10-08 05:47:59,379  genstudy.model            INFO     [group_holdout:variational] epoch 0035/1000  train_mse=0.000679  val_mse=0.001155  val_r2=0.9895  patience=8/30
2026-10-08 05:48:04,676  genstudy.model            INFO     [group_holdout:vqe] epoch 0034/1000  train_mse=0.000975  val_mse=0.001157  val_r2=0.9899  patience=4/30
2026-10-08 05:48:06,895  genstudy.model            INFO     [group_holdout:fourier] epoch 0023/1000  train_mse=0.000605  val_mse=0.001283  val_r2=0.9870  patience=1/30
2026-10-08 05:48:12,207  genstudy.model            INFO     [group_holdout:variational] epoch 0036/1000  train_mse=0.000501  val_mse=0.001170  val_r2=0.9895  patience=9/30
2026-10-08 05:48:18,037  genstudy.model            INFO     [group_holdout:vqe] epoch 0035/1000  train_mse=0.000618  val_mse=0.001097  val_r2=0.9903  patience=5/30
2026-10-08 05:48:24,832  genstudy.model            INFO     [group_holdout:variational] epoch 0037/1000  train_mse=0.000562  val_mse=0.001026  val_r2=0.9908  patience=10/30
2026-10-08 05:48:26,726  genstudy.model            INFO     [group_holdout:fourier] epoch 0024/1000  train_mse=0.000701  val_mse=0.000725  val_r2=0.9927  patience=2/30
2026-10-08 05:48:31,264  genstudy.model            INFO     [group_holdout:vqe] epoch 0036/1000  train_mse=0.000541  val_mse=0.001152  val_r2=0.9899  patience=6/30
2026-10-08 05:48:37,845  genstudy.model            INFO     [group_holdout:variational] epoch 0038/1000  train_mse=0.000511  val_mse=0.001507  val_r2=0.9864  patience=11/30
2026-10-08 05:48:44,819  genstudy.model            INFO     [group_holdout:vqe] epoch 0037/1000  train_mse=0.000508  val_mse=0.000866  val_r2=0.9924  patience=7/30
2026-10-08 05:48:46,766  genstudy.model            INFO     [group_holdout:fourier] epoch 0025/1000  train_mse=0.000599  val_mse=0.000663  val_r2=0.9934  patience=3/30
2026-10-08 05:48:50,832  genstudy.model            INFO     [group_holdout:variational] epoch 0039/1000  train_mse=0.000787  val_mse=0.000926  val_r2=0.9916  patience=0/30
2026-10-08 05:48:58,420  genstudy.model            INFO     [group_holdout:vqe] epoch 0038/1000  train_mse=0.000820  val_mse=0.000887  val_r2=0.9922  patience=8/30
2026-10-08 05:49:03,843  genstudy.model            INFO     [group_holdout:variational] epoch 0040/1000  train_mse=0.000490  val_mse=0.001262  val_r2=0.9886  patience=1/30
2026-10-08 05:49:07,104  genstudy.model            INFO     [group_holdout:fourier] epoch 0026/1000  train_mse=0.000759  val_mse=0.001248  val_r2=0.9875  patience=4/30
2026-10-08 05:49:11,919  genstudy.model            INFO     [group_holdout:vqe] epoch 0039/1000  train_mse=0.000503  val_mse=0.000829  val_r2=0.9927  patience=0/30
2026-10-08 05:49:16,597  genstudy.model            INFO     [group_holdout:variational] epoch 0041/1000  train_mse=0.000736  val_mse=0.001237  val_r2=0.9888  patience=2/30
2026-10-08 05:49:25,412  genstudy.model            INFO     [group_holdout:vqe] epoch 0040/1000  train_mse=0.000556  val_mse=0.000904  val_r2=0.9921  patience=1/30
2026-10-08 05:49:27,202  genstudy.model            INFO     [group_holdout:fourier] epoch 0027/1000  train_mse=0.000736  val_mse=0.002629  val_r2=0.9742  patience=5/30
2026-10-08 05:49:29,378  genstudy.model            INFO     [group_holdout:variational] epoch 0042/1000  train_mse=0.000914  val_mse=0.001693  val_r2=0.9846  patience=3/30
2026-10-08 05:49:39,014  genstudy.model            INFO     [group_holdout:vqe] epoch 0041/1000  train_mse=0.000585  val_mse=0.001062  val_r2=0.9907  patience=2/30
2026-10-08 05:49:42,201  genstudy.model            INFO     [group_holdout:variational] epoch 0043/1000  train_mse=0.000607  val_mse=0.001108  val_r2=0.9900  patience=4/30
2026-10-08 05:49:47,254  genstudy.model            INFO     [group_holdout:fourier] epoch 0028/1000  train_mse=0.000775  val_mse=0.000990  val_r2=0.9900  patience=6/30
2026-10-08 05:49:52,588  genstudy.model            INFO     [group_holdout:vqe] epoch 0042/1000  train_mse=0.000613  val_mse=0.001280  val_r2=0.9887  patience=3/30
2026-10-08 05:49:55,046  genstudy.model            INFO     [group_holdout:variational] epoch 0044/1000  train_mse=0.000553  val_mse=0.001317  val_r2=0.9880  patience=5/30
2026-10-08 05:50:06,245  genstudy.model            INFO     [group_holdout:vqe] epoch 0043/1000  train_mse=0.000634  val_mse=0.001236  val_r2=0.9891  patience=4/30
2026-10-08 05:50:07,408  genstudy.model            INFO     [group_holdout:fourier] epoch 0029/1000  train_mse=0.000590  val_mse=0.000779  val_r2=0.9922  patience=7/30
2026-10-08 05:50:07,965  genstudy.model            INFO     [group_holdout:variational] epoch 0045/1000  train_mse=0.000821  val_mse=0.001079  val_r2=0.9902  patience=6/30
2026-10-08 05:50:19,756  genstudy.model            INFO     [group_holdout:vqe] epoch 0044/1000  train_mse=0.000661  val_mse=0.001179  val_r2=0.9897  patience=5/30
2026-10-08 05:50:20,785  genstudy.model            INFO     [group_holdout:variational] epoch 0046/1000  train_mse=0.000563  val_mse=0.000983  val_r2=0.9911  patience=7/30
2026-10-08 05:50:27,479  genstudy.model            INFO     [group_holdout:fourier] epoch 0030/1000  train_mse=0.576184  val_mse=0.013022  val_r2=0.8697  patience=8/30
2026-10-08 05:50:33,317  genstudy.model            INFO     [group_holdout:vqe] epoch 0045/1000  train_mse=0.000636  val_mse=0.001162  val_r2=0.9898  patience=6/30
2026-10-08 05:50:33,687  genstudy.model            INFO     [group_holdout:variational] epoch 0047/1000  train_mse=0.000566  val_mse=0.001129  val_r2=0.9898  patience=8/30
2026-10-08 05:50:46,473  genstudy.model            INFO     [group_holdout:variational] epoch 0048/1000  train_mse=0.000543  val_mse=0.001041  val_r2=0.9906  patience=9/30
2026-10-08 05:50:46,946  genstudy.model            INFO     [group_holdout:vqe] epoch 0046/1000  train_mse=0.000497  val_mse=0.001520  val_r2=0.9864  patience=7/30
2026-10-08 05:50:47,575  genstudy.model            INFO     [group_holdout:fourier] epoch 0031/1000  train_mse=0.009695  val_mse=0.005391  val_r2=0.9460  patience=9/30
2026-10-08 05:50:59,353  genstudy.model            INFO     [group_holdout:variational] epoch 0049/1000  train_mse=0.000690  val_mse=0.000925  val_r2=0.9916  patience=0/30
2026-10-08 05:51:00,550  genstudy.model            INFO     [group_holdout:vqe] epoch 0047/1000  train_mse=0.000740  val_mse=0.000813  val_r2=0.9929  patience=0/30
2026-10-08 05:51:07,710  genstudy.model            INFO     [group_holdout:fourier] epoch 0032/1000  train_mse=0.004207  val_mse=0.002993  val_r2=0.9698  patience=10/30
2026-10-08 05:51:12,435  genstudy.model            INFO     [group_holdout:variational] epoch 0050/1000  train_mse=0.000511  val_mse=0.001276  val_r2=0.9884  patience=1/30
2026-10-08 05:51:14,061  genstudy.model            INFO     [group_holdout:vqe] epoch 0048/1000  train_mse=0.000600  val_mse=0.001167  val_r2=0.9896  patience=1/30
2026-10-08 05:51:25,481  genstudy.model            INFO     [group_holdout:variational] epoch 0051/1000  train_mse=0.000587  val_mse=0.001071  val_r2=0.9903  patience=2/30
2026-10-08 05:51:27,640  genstudy.model            INFO     [group_holdout:vqe] epoch 0049/1000  train_mse=0.937883  val_mse=0.424639  val_r2=-2.8515  patience=2/30
2026-10-08 05:51:27,735  genstudy.model            INFO     [group_holdout:fourier] epoch 0033/1000  train_mse=0.003360  val_mse=0.007047  val_r2=0.9307  patience=11/30
2026-10-08 05:51:38,402  genstudy.model            INFO     [group_holdout:variational] epoch 0052/1000  train_mse=0.000538  val_mse=0.001191  val_r2=0.9891  patience=3/30
2026-10-08 05:51:41,323  genstudy.model            INFO     [group_holdout:vqe] epoch 0050/1000  train_mse=0.173582  val_mse=0.019713  val_r2=0.8269  patience=3/30
2026-10-08 05:51:47,858  genstudy.model            INFO     [group_holdout:fourier] epoch 0034/1000  train_mse=0.002860  val_mse=0.002076  val_r2=0.9792  patience=12/30
2026-10-08 05:51:51,370  genstudy.model            INFO     [group_holdout:variational] epoch 0053/1000  train_mse=0.913600  val_mse=0.024819  val_r2=0.7695  patience=4/30
2026-10-08 05:51:54,960  genstudy.model            INFO     [group_holdout:vqe] epoch 0051/1000  train_mse=0.014965  val_mse=0.009681  val_r2=0.9149  patience=4/30
2026-10-08 05:52:04,456  genstudy.model            INFO     [group_holdout:variational] epoch 0054/1000  train_mse=0.012406  val_mse=0.008430  val_r2=0.9226  patience=5/30
2026-10-08 05:52:08,071  genstudy.model            INFO     [group_holdout:fourier] epoch 0035/1000  train_mse=0.003386  val_mse=0.002207  val_r2=0.9777  patience=13/30
2026-10-08 05:52:08,517  genstudy.model            INFO     [group_holdout:vqe] epoch 0052/1000  train_mse=0.006751  val_mse=0.004771  val_r2=0.9579  patience=5/30
2026-10-08 05:52:17,447  genstudy.model            INFO     [group_holdout:variational] epoch 0055/1000  train_mse=0.007588  val_mse=0.007511  val_r2=0.9311  patience=6/30
2026-10-08 05:52:21,913  genstudy.model            INFO     [group_holdout:vqe] epoch 0053/1000  train_mse=0.004203  val_mse=0.003528  val_r2=0.9688  patience=6/30
2026-10-08 05:52:28,243  genstudy.model            INFO     [group_holdout:fourier] epoch 0036/1000  train_mse=0.002114  val_mse=0.001527  val_r2=0.9847  patience=14/30
2026-10-08 05:52:30,550  genstudy.model            INFO     [group_holdout:variational] epoch 0056/1000  train_mse=0.005532  val_mse=0.005467  val_r2=0.9498  patience=7/30
2026-10-08 05:52:35,504  genstudy.model            INFO     [group_holdout:vqe] epoch 0054/1000  train_mse=0.003605  val_mse=0.003674  val_r2=0.9673  patience=7/30
2026-10-08 05:52:43,648  genstudy.model            INFO     [group_holdout:variational] epoch 0057/1000  train_mse=0.004403  val_mse=0.003449  val_r2=0.9686  patience=8/30
2026-10-08 05:52:48,225  genstudy.model            INFO     [group_holdout:fourier] epoch 0037/1000  train_mse=0.001700  val_mse=0.001366  val_r2=0.9863  patience=15/30
2026-10-08 05:52:48,916  genstudy.model            INFO     [group_holdout:vqe] epoch 0055/1000  train_mse=0.003009  val_mse=0.004422  val_r2=0.9611  patience=8/30
2026-10-08 05:52:56,628  genstudy.model            INFO     [group_holdout:variational] epoch 0058/1000  train_mse=0.003524  val_mse=0.003036  val_r2=0.9724  patience=9/30
2026-10-08 05:53:02,550  genstudy.model            INFO     [group_holdout:vqe] epoch 0056/1000  train_mse=0.002930  val_mse=0.002533  val_r2=0.9776  patience=9/30
2026-10-08 05:53:08,218  genstudy.model            INFO     [group_holdout:fourier] epoch 0038/1000  train_mse=0.001809  val_mse=0.001561  val_r2=0.9843  patience=16/30
2026-10-08 05:53:09,738  genstudy.model            INFO     [group_holdout:variational] epoch 0059/1000  train_mse=0.003399  val_mse=0.003308  val_r2=0.9699  patience=10/30
2026-10-08 05:53:16,147  genstudy.model            INFO     [group_holdout:vqe] epoch 0057/1000  train_mse=0.002463  val_mse=0.002338  val_r2=0.9792  patience=10/30
2026-10-08 05:53:22,686  genstudy.model            INFO     [group_holdout:variational] epoch 0060/1000  train_mse=0.002882  val_mse=0.002642  val_r2=0.9760  patience=11/30
2026-10-08 05:53:28,322  genstudy.model            INFO     [group_holdout:fourier] epoch 0039/1000  train_mse=0.001668  val_mse=0.001324  val_r2=0.9866  patience=17/30
2026-10-08 05:53:29,537  genstudy.model            INFO     [group_holdout:vqe] epoch 0058/1000  train_mse=0.002649  val_mse=0.002064  val_r2=0.9816  patience=11/30
2026-10-08 05:53:35,703  genstudy.model            INFO     [group_holdout:variational] epoch 0061/1000  train_mse=0.002666  val_mse=0.004302  val_r2=0.9610  patience=12/30
2026-10-08 05:53:43,037  genstudy.model            INFO     [group_holdout:vqe] epoch 0059/1000  train_mse=0.001737  val_mse=0.001873  val_r2=0.9834  patience=12/30
2026-10-08 05:53:48,373  genstudy.model            INFO     [group_holdout:fourier] epoch 0040/1000  train_mse=0.002379  val_mse=0.001276  val_r2=0.9872  patience=18/30
2026-10-08 05:53:48,640  genstudy.model            INFO     [group_holdout:variational] epoch 0062/1000  train_mse=0.002392  val_mse=0.002128  val_r2=0.9807  patience=13/30
2026-10-08 05:53:56,450  genstudy.model            INFO     [group_holdout:vqe] epoch 0060/1000  train_mse=0.001726  val_mse=0.002391  val_r2=0.9788  patience=13/30
2026-10-08 05:54:01,622  genstudy.model            INFO     [group_holdout:variational] epoch 0063/1000  train_mse=0.002029  val_mse=0.002255  val_r2=0.9795  patience=14/30
2026-10-08 05:54:08,500  genstudy.model            INFO     [group_holdout:fourier] epoch 0041/1000  train_mse=0.001373  val_mse=0.001141  val_r2=0.9885  patience=19/30
2026-10-08 05:54:09,928  genstudy.model            INFO     [group_holdout:vqe] epoch 0061/1000  train_mse=0.001998  val_mse=0.001913  val_r2=0.9831  patience=14/30
2026-10-08 05:54:14,663  genstudy.model            INFO     [group_holdout:variational] epoch 0064/1000  train_mse=0.002147  val_mse=0.002599  val_r2=0.9763  patience=15/30
2026-10-08 05:54:23,344  genstudy.model            INFO     [group_holdout:vqe] epoch 0062/1000  train_mse=0.001753  val_mse=0.001705  val_r2=0.9848  patience=15/30
2026-10-08 05:54:27,630  genstudy.model            INFO     [group_holdout:variational] epoch 0065/1000  train_mse=0.001699  val_mse=0.002356  val_r2=0.9787  patience=16/30
2026-10-08 05:54:28,450  genstudy.model            INFO     [group_holdout:fourier] epoch 0042/1000  train_mse=0.001288  val_mse=0.002245  val_r2=0.9776  patience=20/30
2026-10-08 05:54:36,785  genstudy.model            INFO     [group_holdout:vqe] epoch 0063/1000  train_mse=0.001464  val_mse=0.001433  val_r2=0.9874  patience=16/30
2026-10-08 05:54:40,734  genstudy.model            INFO     [group_holdout:variational] epoch 0066/1000  train_mse=0.001684  val_mse=0.001462  val_r2=0.9867  patience=17/30
2026-10-08 05:54:48,561  genstudy.model            INFO     [group_holdout:fourier] epoch 0043/1000  train_mse=0.001171  val_mse=0.000999  val_r2=0.9899  patience=21/30
2026-10-08 05:54:50,208  genstudy.model            INFO     [group_holdout:vqe] epoch 0064/1000  train_mse=0.001887  val_mse=0.002322  val_r2=0.9792  patience=17/30
2026-10-08 05:54:53,687  genstudy.model            INFO     [group_holdout:variational] epoch 0067/1000  train_mse=0.001492  val_mse=0.002235  val_r2=0.9796  patience=18/30
2026-10-08 05:55:03,808  genstudy.model            INFO     [group_holdout:vqe] epoch 0065/1000  train_mse=0.002066  val_mse=0.002100  val_r2=0.9813  patience=18/30
2026-10-08 05:55:06,786  genstudy.model            INFO     [group_holdout:variational] epoch 0068/1000  train_mse=0.001662  val_mse=0.001396  val_r2=0.9874  patience=19/30
2026-10-08 05:55:08,719  genstudy.model            INFO     [group_holdout:fourier] epoch 0044/1000  train_mse=0.001279  val_mse=0.001115  val_r2=0.9887  patience=22/30
2026-10-08 05:55:17,190  genstudy.model            INFO     [group_holdout:vqe] epoch 0066/1000  train_mse=0.001190  val_mse=0.002208  val_r2=0.9804  patience=19/30
2026-10-08 05:55:19,636  genstudy.model            INFO     [group_holdout:variational] epoch 0069/1000  train_mse=0.001211  val_mse=0.001585  val_r2=0.9856  patience=20/30
2026-10-08 05:55:28,846  genstudy.model            INFO     [group_holdout:fourier] epoch 0045/1000  train_mse=0.000938  val_mse=0.001006  val_r2=0.9899  patience=23/30
2026-10-08 05:55:30,606  genstudy.model            INFO     [group_holdout:vqe] epoch 0067/1000  train_mse=0.001368  val_mse=0.002234  val_r2=0.9803  patience=20/30
2026-10-08 05:55:32,554  genstudy.model            INFO     [group_holdout:variational] epoch 0070/1000  train_mse=0.001234  val_mse=0.001447  val_r2=0.9868  patience=21/30
2026-10-08 05:55:44,174  genstudy.model            INFO     [group_holdout:vqe] epoch 0068/1000  train_mse=0.001341  val_mse=0.001460  val_r2=0.9872  patience=21/30
2026-10-08 05:55:45,491  genstudy.model            INFO     [group_holdout:variational] epoch 0071/1000  train_mse=0.000958  val_mse=0.002918  val_r2=0.9734  patience=22/30
2026-10-08 05:55:48,961  genstudy.model            INFO     [group_holdout:fourier] epoch 0046/1000  train_mse=0.001057  val_mse=0.000798  val_r2=0.9920  patience=24/30
2026-10-08 05:55:57,769  genstudy.model            INFO     [group_holdout:vqe] epoch 0069/1000  train_mse=0.001785  val_mse=0.001320  val_r2=0.9883  patience=22/30
2026-10-08 05:55:58,347  genstudy.model            INFO     [group_holdout:variational] epoch 0072/1000  train_mse=0.001525  val_mse=0.001947  val_r2=0.9822  patience=23/30
2026-10-08 05:56:09,118  genstudy.model            INFO     [group_holdout:fourier] epoch 0047/1000  train_mse=0.000974  val_mse=0.000872  val_r2=0.9912  patience=25/30
2026-10-08 05:56:11,386  genstudy.model            INFO     [group_holdout:vqe] epoch 0070/1000  train_mse=0.000873  val_mse=0.001145  val_r2=0.9899  patience=23/30
2026-10-08 05:56:11,419  genstudy.model            INFO     [group_holdout:variational] epoch 0073/1000  train_mse=0.001858  val_mse=0.001315  val_r2=0.9881  patience=24/30
2026-10-08 05:56:24,293  genstudy.model            INFO     [group_holdout:variational] epoch 0074/1000  train_mse=0.000752  val_mse=0.003416  val_r2=0.9685  patience=25/30
2026-10-08 05:56:24,781  genstudy.model            INFO     [group_holdout:vqe] epoch 0071/1000  train_mse=0.001066  val_mse=0.001226  val_r2=0.9891  patience=24/30
2026-10-08 05:56:29,079  genstudy.model            INFO     [group_holdout:fourier] epoch 0048/1000  train_mse=0.000886  val_mse=0.000995  val_r2=0.9899  patience=26/30
2026-10-08 05:56:37,318  genstudy.model            INFO     [group_holdout:variational] epoch 0075/1000  train_mse=0.000895  val_mse=0.001030  val_r2=0.9907  patience=26/30
2026-10-08 05:56:38,446  genstudy.model            INFO     [group_holdout:vqe] epoch 0072/1000  train_mse=0.001409  val_mse=0.001176  val_r2=0.9896  patience=25/30
2026-10-08 05:56:49,146  genstudy.model            INFO     [group_holdout:fourier] epoch 0049/1000  train_mse=0.001042  val_mse=0.001360  val_r2=0.9859  patience=27/30
2026-10-08 05:56:50,302  genstudy.model            INFO     [group_holdout:variational] epoch 0076/1000  train_mse=0.000831  val_mse=0.001779  val_r2=0.9837  patience=27/30
2026-10-08 05:56:52,009  genstudy.model            INFO     [group_holdout:vqe] epoch 0073/1000  train_mse=0.001709  val_mse=0.001294  val_r2=0.9885  patience=26/30
2026-10-08 05:57:03,361  genstudy.model            INFO     [group_holdout:variational] epoch 0077/1000  train_mse=0.000901  val_mse=0.001935  val_r2=0.9823  patience=28/30
2026-10-08 05:57:05,606  genstudy.model            INFO     [group_holdout:vqe] epoch 0074/1000  train_mse=0.000946  val_mse=0.002877  val_r2=0.9746  patience=27/30
2026-10-08 05:57:09,058  genstudy.model            INFO     [group_holdout:fourier] epoch 0050/1000  train_mse=0.000985  val_mse=0.000777  val_r2=0.9922  patience=28/30
2026-10-08 05:57:16,365  genstudy.model            INFO     [group_holdout:variational] epoch 0078/1000  train_mse=0.000783  val_mse=0.001610  val_r2=0.9854  patience=29/30
2026-10-08 05:57:19,050  genstudy.model            INFO     [group_holdout:vqe] epoch 0075/1000  train_mse=0.001436  val_mse=0.002133  val_r2=0.9812  patience=28/30
2026-10-08 05:57:29,049  genstudy.model            INFO     [group_holdout:variational] epoch 0079/1000  train_mse=0.000970  val_mse=0.001293  val_r2=0.9882  patience=30/30
2026-10-08 05:57:29,086  genstudy.model            INFO     [group_holdout:variational] early stop at epoch 79; best epoch 49
2026-10-08 05:57:29,148  genstudy.model            INFO     [group_holdout:fourier] epoch 0051/1000  train_mse=0.000873  val_mse=0.000858  val_r2=0.9914  patience=29/30
2026-10-08 05:57:32,504  genstudy.model            INFO     [group_holdout:vqe] epoch 0076/1000  train_mse=0.000846  val_mse=0.001038  val_r2=0.9909  patience=29/30
2026-10-08 05:57:33,617  genstudy.experiment       INFO     [variational] TEST  n=9928  MAE=0.1423  RMSE=0.1808  R2=0.6109  device-acc=0.502  regret=0.0490
2026-10-08 05:57:33,620  genstudy.io               INFO     Wrote evaluations/generalization_v3/results/v1_s7/leave_one_group_out/variational/metrics.json
2026-10-08 05:57:33,668  genstudy.io               INFO     Wrote evaluations/generalization_v3/results/v1_s7/leave_one_group_out/variational/predictions.json
2026-10-08 05:57:33,681  genstudy.io               INFO     Wrote evaluations/generalization_v3/results/v1_s7/leave_one_group_out/variational/history.json
2026-10-08 05:57:33,689  genstudy.experiment       INFO     Wrote evaluations/generalization_v3/results/v1_s7/leave_one_group_out/variational/model.pth
2026-10-08 05:57:33,691  genstudy.experiment       INFO     Removed evaluations/generalization_v3/results/v1_s7/leave_one_group_out/variational/checkpoint.pt (split finished)
2026-10-08 05:57:33,692  run_experiment            INFO     leave_one_group_out finished: 1 complete, 0 skipped
2026-10-08 05:57:45,198  genstudy.model            INFO     [group_holdout:vqe] epoch 0077/1000  train_mse=0.000725  val_mse=0.000937  val_r2=0.9917  patience=30/30
2026-10-08 05:57:45,233  genstudy.model            INFO     [group_holdout:vqe] early stop at epoch 77; best epoch 47
2026-10-08 05:57:47,839  genstudy.model            INFO     [group_holdout:fourier] epoch 0052/1000  train_mse=0.000813  val_mse=0.001030  val_r2=0.9896  patience=30/30
2026-10-08 05:57:47,868  genstudy.model            INFO     [group_holdout:fourier] early stop at epoch 52; best epoch 22
2026-10-08 05:57:48,918  genstudy.experiment       INFO     [vqe] TEST  n=9168  MAE=0.0980  RMSE=0.1234  R2=0.8192  device-acc=0.607  regret=0.0184
2026-10-08 05:57:48,921  genstudy.io               INFO     Wrote evaluations/generalization_v3/results/v1_s7/leave_one_group_out/vqe/metrics.json
2026-10-08 05:57:48,965  genstudy.io               INFO     Wrote evaluations/generalization_v3/results/v1_s7/leave_one_group_out/vqe/predictions.json
2026-10-08 05:57:48,978  genstudy.io               INFO     Wrote evaluations/generalization_v3/results/v1_s7/leave_one_group_out/vqe/history.json
2026-10-08 05:57:48,988  genstudy.experiment       INFO     Wrote evaluations/generalization_v3/results/v1_s7/leave_one_group_out/vqe/model.pth
2026-10-08 05:57:48,990  genstudy.experiment       INFO     Removed evaluations/generalization_v3/results/v1_s7/leave_one_group_out/vqe/checkpoint.pt (split finished)
2026-10-08 05:57:48,991  run_experiment            INFO     leave_one_group_out finished: 1 complete, 0 skipped
2026-10-08 05:57:49,227  genstudy.experiment       INFO     [fourier] TEST  n=2904  MAE=0.1203  RMSE=0.1709  R2=0.7331  device-acc=0.472  regret=0.0138
2026-10-08 05:57:49,231  genstudy.io               INFO     Wrote evaluations/generalization_v3/results/v1_s7/leave_one_group_out/fourier/metrics.json
2026-10-08 05:57:49,245  genstudy.io               INFO     Wrote evaluations/generalization_v3/results/v1_s7/leave_one_group_out/fourier/predictions.json
2026-10-08 05:57:49,257  genstudy.io               INFO     Wrote evaluations/generalization_v3/results/v1_s7/leave_one_group_out/fourier/history.json
2026-10-08 05:57:49,265  genstudy.experiment       INFO     Wrote evaluations/generalization_v3/results/v1_s7/leave_one_group_out/fourier/model.pth
2026-10-08 05:57:49,266  genstudy.experiment       INFO     Removed evaluations/generalization_v3/results/v1_s7/leave_one_group_out/fourier/checkpoint.pt (split finished)
2026-10-08 05:57:49,267  run_experiment            INFO     leave_one_group_out finished: 1 complete, 0 skipped
