2026-10-08 14:00:31,754  genstudy.io               INFO     Logging to evaluations/generalization_v5/results/v5b_sinkhorn/leave_one_group_out/run.log
2026-10-08 14:00:31,754  run_experiment            INFO     Command line: evaluations/generalization_v3/scripts/run_experiment.py logo --model sinkhorn --balance-alpha 0 --lr 3e-4 --grad-clip 1.0 --seed 5 --families large --groups variational --loss mixed --val-mode random --epoch-budget 150 --swa-frac 0.25 --tau-start 1.0 --results-dir evaluations/generalization_v5/results/v5b_sinkhorn
2026-10-08 14:00:31,755  gsv2.gpu                  WARNING  No CUDA device available — running on the CPU.
2026-10-08 14:00:31,755  gsv3.model                INFO     Hyper-parameters (/home/atudisco/pred-distr-tool/src/model/best_params.json + v3 defaults): {'device_hidden': 64, 'device_layers': 3, 'fusion_dim': 128, 'qubit_layers': 2, 'attn_heads': 4, 'lap_pe': 8, 'cost_bias_init': -6.0, 'hidden_dim': 142, 'num_conv_wo_resnet': 3, 'num_resnet_layers': 1, 'dropout': 0.0, 'bidirectional': True, 'mlp': [512, 256, 128], 'lr': 0.001, 'readout': 'meanmaxsum'}
2026-10-08 14:00:31,852  gsv3.devices              INFO     Device graphs: node features 13 (Laplacian PE 8), physical errors True
2026-10-08 14:00:31,853  genstudy.data             INFO     Loading graph dataset: /home/atudisco/pred-distr-tool/evaluations/generalization_v3/data/graph_dataset_expected_fidelity.pt
2026-10-08 14:00:36,674  genstudy.data             INFO     Loaded 17056 graphs
2026-10-08 14:00:36,707  genstudy.io               INFO     Wrote evaluations/generalization_v5/results/v5b_sinkhorn/leave_one_group_out/dataset_summary.json
2026-10-08 14:00:36,710  run_experiment            INFO     [1/1] variational
2026-10-08 14:00:36,713  gsv3.experiment           INFO     === group_holdout / variational ===
2026-10-08 14:00:36,713  gsv3.experiment           INFO     Leave-one-group-out: test = all 9928 circuits of group 'variational' (qnn, vqe_real_amp, vqe_su2, vqe_two_local), train = 7128 circuits from the other 31 families.
2026-10-08 14:00:36,713  gsv3.experiment           INFO     train=5702  val=1426 ({'mode': 'random'})  test=9928
2026-10-08 14:00:36,909  gsv3.training             INFO     [group_holdout:variational] model=sinkhorn (979423 params) train=5702 val=1426 lr=0.0003 clip=1.0 alpha=0.00
2026-10-08 14:01:32,997  gsv3.training             INFO     [group_holdout:variational] epoch 0001  train_log_mse=1.14982  val_log_mse=0.78549  val_mse=0.006988  max_grad=2087.91  patience=0/30
2026-10-08 14:02:28,898  gsv3.training             INFO     [group_holdout:variational] epoch 0002  train_log_mse=0.05391  val_log_mse=0.44766  val_mse=0.003161  max_grad=16.85  patience=0/30
2026-10-08 14:03:24,839  gsv3.training             INFO     [group_holdout:variational] epoch 0003  train_log_mse=0.03727  val_log_mse=0.35270  val_mse=0.001894  max_grad=19.16  patience=0/30
2026-10-08 14:04:20,994  gsv3.training             INFO     [group_holdout:variational] epoch 0004  train_log_mse=0.02416  val_log_mse=0.19132  val_mse=0.001285  max_grad=7.13  patience=0/30
2026-10-08 14:05:16,532  gsv3.training             INFO     [group_holdout:variational] epoch 0005  train_log_mse=0.01853  val_log_mse=0.21381  val_mse=0.001144  max_grad=2.99  patience=0/30
2026-10-08 14:06:12,374  gsv3.training             INFO     [group_holdout:variational] epoch 0006  train_log_mse=0.01791  val_log_mse=0.19948  val_mse=0.001320  max_grad=2.41  patience=1/30
2026-10-08 14:07:08,045  gsv3.training             INFO     [group_holdout:variational] epoch 0007  train_log_mse=0.01478  val_log_mse=0.15480  val_mse=0.001109  max_grad=1.87  patience=0/30
2026-10-08 14:08:04,420  gsv3.training             INFO     [group_holdout:variational] epoch 0008  train_log_mse=0.01280  val_log_mse=0.18381  val_mse=0.001065  max_grad=1.26  patience=0/30
2026-10-08 14:09:00,502  gsv3.training             INFO     [group_holdout:variational] epoch 0009  train_log_mse=0.01187  val_log_mse=0.12030  val_mse=0.000886  max_grad=1.84  patience=0/30
2026-10-08 14:09:56,403  gsv3.training             INFO     [group_holdout:variational] epoch 0010  train_log_mse=0.01101  val_log_mse=0.15228  val_mse=0.001547  max_grad=21.47  patience=1/30
2026-10-08 14:10:52,040  gsv3.training             INFO     [group_holdout:variational] epoch 0011  train_log_mse=0.01327  val_log_mse=0.15590  val_mse=0.001226  max_grad=3.67  patience=2/30
2026-10-08 14:11:47,951  gsv3.training             INFO     [group_holdout:variational] epoch 0012  train_log_mse=0.01201  val_log_mse=0.13399  val_mse=0.000716  max_grad=2.97  patience=0/30
2026-10-08 14:12:43,955  gsv3.training             INFO     [group_holdout:variational] epoch 0013  train_log_mse=0.00896  val_log_mse=0.11854  val_mse=0.000635  max_grad=0.98  patience=0/30
2026-10-08 14:13:40,008  gsv3.training             INFO     [group_holdout:variational] epoch 0014  train_log_mse=0.00803  val_log_mse=0.09248  val_mse=0.000629  max_grad=3.90  patience=0/30
2026-10-08 14:14:36,062  gsv3.training             INFO     [group_holdout:variational] epoch 0015  train_log_mse=0.00720  val_log_mse=0.09501  val_mse=0.000615  max_grad=0.96  patience=0/30
2026-10-08 14:15:32,833  gsv3.training             INFO     [group_holdout:variational] epoch 0016  train_log_mse=0.00771  val_log_mse=0.11526  val_mse=0.000785  max_grad=1.04  patience=1/30
2026-10-08 14:16:29,395  gsv3.training             INFO     [group_holdout:variational] epoch 0017  train_log_mse=0.00738  val_log_mse=0.10415  val_mse=0.000568  max_grad=0.89  patience=0/30
2026-10-08 14:17:25,854  gsv3.training             INFO     [group_holdout:variational] epoch 0018  train_log_mse=0.01057  val_log_mse=0.12086  val_mse=0.000680  max_grad=2.87  patience=1/30
2026-10-08 14:18:21,881  gsv3.training             INFO     [group_holdout:variational] epoch 0019  train_log_mse=0.00851  val_log_mse=0.10813  val_mse=0.000599  max_grad=1.04  patience=2/30
2026-10-08 14:19:18,329  gsv3.training             INFO     [group_holdout:variational] epoch 0020  train_log_mse=0.00710  val_log_mse=0.08354  val_mse=0.000567  max_grad=0.78  patience=0/30
2026-10-08 14:20:15,157  gsv3.training             INFO     [group_holdout:variational] epoch 0021  train_log_mse=0.00674  val_log_mse=0.09153  val_mse=0.000564  max_grad=1.60  patience=0/30
2026-10-08 14:21:11,364  gsv3.training             INFO     [group_holdout:variational] epoch 0022  train_log_mse=0.00654  val_log_mse=0.09876  val_mse=0.000588  max_grad=0.59  patience=1/30
2026-10-08 14:22:08,084  gsv3.training             INFO     [group_holdout:variational] epoch 0023  train_log_mse=0.00657  val_log_mse=0.10825  val_mse=0.000752  max_grad=0.86  patience=2/30
2026-10-08 14:23:04,629  gsv3.training             INFO     [group_holdout:variational] epoch 0024  train_log_mse=0.00658  val_log_mse=0.10205  val_mse=0.000652  max_grad=1.26  patience=3/30
2026-10-08 14:24:01,319  gsv3.training             INFO     [group_holdout:variational] epoch 0025  train_log_mse=0.00809  val_log_mse=0.11582  val_mse=0.000518  max_grad=1.55  patience=0/30
2026-10-08 14:24:57,900  gsv3.training             INFO     [group_holdout:variational] epoch 0026  train_log_mse=0.00892  val_log_mse=0.12772  val_mse=0.000525  max_grad=1.71  patience=1/30
2026-10-08 14:25:54,689  gsv3.training             INFO     [group_holdout:variational] epoch 0027  train_log_mse=0.00851  val_log_mse=0.11501  val_mse=0.000536  max_grad=0.96  patience=2/30
2026-10-08 14:26:51,153  gsv3.training             INFO     [group_holdout:variational] epoch 0028  train_log_mse=0.00645  val_log_mse=0.08128  val_mse=0.000531  max_grad=0.82  patience=3/30
2026-10-08 14:27:47,470  gsv3.training             INFO     [group_holdout:variational] epoch 0029  train_log_mse=0.00554  val_log_mse=0.08289  val_mse=0.000576  max_grad=0.57  patience=4/30
2026-10-08 14:28:43,845  gsv3.training             INFO     [group_holdout:variational] epoch 0030  train_log_mse=0.00580  val_log_mse=0.09398  val_mse=0.000447  max_grad=1.30  patience=0/30
2026-10-08 14:29:40,234  gsv3.training             INFO     [group_holdout:variational] epoch 0031  train_log_mse=0.00646  val_log_mse=0.08408  val_mse=0.000497  max_grad=0.80  patience=1/30
2026-10-08 14:30:36,613  gsv3.training             INFO     [group_holdout:variational] epoch 0032  train_log_mse=0.00587  val_log_mse=0.11756  val_mse=0.000575  max_grad=0.69  patience=2/30
2026-10-08 14:31:33,036  gsv3.training             INFO     [group_holdout:variational] epoch 0033  train_log_mse=0.00596  val_log_mse=0.09490  val_mse=0.000464  max_grad=0.93  patience=3/30
2026-10-08 14:32:29,420  gsv3.training             INFO     [group_holdout:variational] epoch 0034  train_log_mse=0.00579  val_log_mse=0.09614  val_mse=0.000578  max_grad=0.93  patience=4/30
2026-10-08 14:33:25,758  gsv3.training             INFO     [group_holdout:variational] epoch 0035  train_log_mse=0.00560  val_log_mse=0.07748  val_mse=0.000480  max_grad=0.51  patience=5/30
2026-10-08 14:34:21,817  gsv3.training             INFO     [group_holdout:variational] epoch 0036  train_log_mse=0.00557  val_log_mse=0.08587  val_mse=0.000723  max_grad=0.59  patience=6/30
2026-10-08 14:35:18,019  gsv3.training             INFO     [group_holdout:variational] epoch 0037  train_log_mse=0.00560  val_log_mse=0.08006  val_mse=0.000438  max_grad=0.59  patience=0/30
2026-10-08 14:36:14,552  gsv3.training             INFO     [group_holdout:variational] epoch 0038  train_log_mse=0.00473  val_log_mse=0.07170  val_mse=0.000464  max_grad=0.47  patience=1/30
2026-10-08 14:37:10,893  gsv3.training             INFO     [group_holdout:variational] epoch 0039  train_log_mse=0.00569  val_log_mse=0.09438  val_mse=0.000632  max_grad=0.58  patience=2/30
2026-10-08 14:38:06,964  gsv3.training             INFO     [group_holdout:variational] epoch 0040  train_log_mse=0.00501  val_log_mse=0.07856  val_mse=0.000503  max_grad=0.60  patience=3/30
2026-10-08 14:39:03,024  gsv3.training             INFO     [group_holdout:variational] epoch 0041  train_log_mse=0.00503  val_log_mse=0.07568  val_mse=0.000447  max_grad=0.46  patience=4/30
2026-10-08 14:39:59,241  gsv3.training             INFO     [group_holdout:variational] epoch 0042  train_log_mse=0.00513  val_log_mse=0.09266  val_mse=0.000540  max_grad=0.81  patience=5/30
2026-10-08 14:40:55,449  gsv3.training             INFO     [group_holdout:variational] epoch 0043  train_log_mse=0.00541  val_log_mse=0.09659  val_mse=0.000536  max_grad=0.66  patience=6/30
2026-10-08 14:41:51,641  gsv3.training             INFO     [group_holdout:variational] epoch 0044  train_log_mse=0.00505  val_log_mse=0.07157  val_mse=0.000448  max_grad=0.59  patience=7/30
2026-10-08 14:42:47,672  gsv3.training             INFO     [group_holdout:variational] epoch 0045  train_log_mse=0.00520  val_log_mse=0.09338  val_mse=0.000463  max_grad=0.62  patience=8/30
2026-10-08 14:43:44,060  gsv3.training             INFO     [group_holdout:variational] epoch 0046  train_log_mse=0.00542  val_log_mse=0.07631  val_mse=0.000473  max_grad=0.81  patience=9/30
2026-10-08 14:44:40,390  gsv3.training             INFO     [group_holdout:variational] epoch 0047  train_log_mse=0.00450  val_log_mse=0.07368  val_mse=0.000441  max_grad=0.53  patience=10/30
2026-10-08 14:45:36,675  gsv3.training             INFO     [group_holdout:variational] epoch 0048  train_log_mse=0.00451  val_log_mse=0.09229  val_mse=0.000558  max_grad=0.47  patience=11/30
2026-10-08 14:46:33,062  gsv3.training             INFO     [group_holdout:variational] epoch 0049  train_log_mse=0.00604  val_log_mse=0.08816  val_mse=0.000516  max_grad=0.97  patience=12/30
2026-10-08 14:47:29,465  gsv3.training             INFO     [group_holdout:variational] epoch 0050  train_log_mse=0.00458  val_log_mse=0.07430  val_mse=0.000460  max_grad=0.52  patience=13/30
2026-10-08 14:48:25,541  gsv3.training             INFO     [group_holdout:variational] epoch 0051  train_log_mse=0.00410  val_log_mse=0.07494  val_mse=0.000479  max_grad=0.35  patience=14/30
2026-10-08 14:49:21,811  gsv3.training             INFO     [group_holdout:variational] epoch 0052  train_log_mse=0.00457  val_log_mse=0.06852  val_mse=0.000475  max_grad=0.91  patience=15/30
2026-10-08 14:50:18,147  gsv3.training             INFO     [group_holdout:variational] epoch 0053  train_log_mse=0.00406  val_log_mse=0.08060  val_mse=0.000484  max_grad=0.34  patience=16/30
2026-10-08 14:51:14,200  gsv3.training             INFO     [group_holdout:variational] epoch 0054  train_log_mse=0.00420  val_log_mse=0.07463  val_mse=0.000491  max_grad=0.45  patience=17/30
2026-10-08 14:52:10,353  gsv3.training             INFO     [group_holdout:variational] epoch 0055  train_log_mse=0.00431  val_log_mse=0.07477  val_mse=0.000459  max_grad=0.50  patience=18/30
2026-10-08 14:53:06,749  gsv3.training             INFO     [group_holdout:variational] epoch 0056  train_log_mse=0.00427  val_log_mse=0.06983  val_mse=0.000426  max_grad=0.42  patience=0/30
2026-10-08 14:54:02,834  gsv3.training             INFO     [group_holdout:variational] epoch 0057  train_log_mse=0.00424  val_log_mse=0.10420  val_mse=0.000561  max_grad=0.69  patience=1/30
2026-10-08 14:54:59,110  gsv3.training             INFO     [group_holdout:variational] epoch 0058  train_log_mse=0.00475  val_log_mse=0.07662  val_mse=0.000516  max_grad=0.42  patience=2/30
2026-10-08 14:55:55,093  gsv3.training             INFO     [group_holdout:variational] epoch 0059  train_log_mse=0.00523  val_log_mse=0.10683  val_mse=0.000524  max_grad=1.13  patience=3/30
2026-10-08 14:56:51,239  gsv3.training             INFO     [group_holdout:variational] epoch 0060  train_log_mse=0.00524  val_log_mse=0.06993  val_mse=0.000512  max_grad=0.64  patience=4/30
2026-10-08 14:57:47,492  gsv3.training             INFO     [group_holdout:variational] epoch 0061  train_log_mse=0.00390  val_log_mse=0.07567  val_mse=0.000521  max_grad=0.34  patience=5/30
2026-10-08 14:58:43,975  gsv3.training             INFO     [group_holdout:variational] epoch 0062  train_log_mse=0.00382  val_log_mse=0.07151  val_mse=0.000444  max_grad=0.36  patience=6/30
2026-10-08 14:59:40,151  gsv3.training             INFO     [group_holdout:variational] epoch 0063  train_log_mse=0.00363  val_log_mse=0.07981  val_mse=0.000448  max_grad=0.35  patience=7/30
2026-10-08 15:00:36,262  gsv3.training             INFO     [group_holdout:variational] epoch 0064  train_log_mse=0.00358  val_log_mse=0.07917  val_mse=0.000423  max_grad=0.33  patience=0/30
2026-10-08 15:01:32,747  gsv3.training             INFO     [group_holdout:variational] epoch 0065  train_log_mse=0.00363  val_log_mse=0.06811  val_mse=0.000410  max_grad=0.27  patience=0/30
2026-10-08 15:02:29,273  gsv3.training             INFO     [group_holdout:variational] epoch 0066  train_log_mse=0.00372  val_log_mse=0.06979  val_mse=0.000443  max_grad=0.47  patience=1/30
2026-10-08 15:03:25,677  gsv3.training             INFO     [group_holdout:variational] epoch 0067  train_log_mse=0.00361  val_log_mse=0.07022  val_mse=0.000419  max_grad=0.58  patience=2/30
2026-10-08 15:04:21,771  gsv3.training             INFO     [group_holdout:variational] epoch 0068  train_log_mse=0.00440  val_log_mse=0.08265  val_mse=0.000447  max_grad=0.55  patience=3/30
2026-10-08 15:05:18,464  gsv3.training             INFO     [group_holdout:variational] epoch 0069  train_log_mse=0.00394  val_log_mse=0.06808  val_mse=0.000449  max_grad=0.50  patience=4/30
2026-10-08 15:06:15,166  gsv3.training             INFO     [group_holdout:variational] epoch 0070  train_log_mse=0.00378  val_log_mse=0.08811  val_mse=0.000687  max_grad=0.67  patience=5/30
2026-10-08 15:07:11,961  gsv3.training             INFO     [group_holdout:variational] epoch 0071  train_log_mse=0.00408  val_log_mse=0.07305  val_mse=0.000477  max_grad=0.48  patience=6/30
2026-10-08 15:08:09,214  gsv3.training             INFO     [group_holdout:variational] epoch 0072  train_log_mse=0.00350  val_log_mse=0.06796  val_mse=0.000424  max_grad=0.37  patience=7/30
2026-10-08 15:09:06,127  gsv3.training             INFO     [group_holdout:variational] epoch 0073  train_log_mse=0.00354  val_log_mse=0.06838  val_mse=0.000462  max_grad=0.38  patience=8/30
2026-10-08 15:10:02,084  gsv3.training             INFO     [group_holdout:variational] epoch 0074  train_log_mse=0.00344  val_log_mse=0.07201  val_mse=0.000487  max_grad=0.37  patience=9/30
2026-10-08 15:10:58,286  gsv3.training             INFO     [group_holdout:variational] epoch 0075  train_log_mse=0.00364  val_log_mse=0.07127  val_mse=0.000457  max_grad=0.44  patience=10/30
2026-10-08 15:11:54,621  gsv3.training             INFO     [group_holdout:variational] epoch 0076  train_log_mse=0.00345  val_log_mse=0.07290  val_mse=0.000447  max_grad=0.26  patience=11/30
2026-10-08 15:12:50,975  gsv3.training             INFO     [group_holdout:variational] epoch 0077  train_log_mse=0.00346  val_log_mse=0.06726  val_mse=0.000401  max_grad=0.41  patience=0/30
2026-10-08 15:13:46,938  gsv3.training             INFO     [group_holdout:variational] epoch 0078  train_log_mse=0.00324  val_log_mse=0.06929  val_mse=0.000434  max_grad=0.34  patience=1/30
2026-10-08 15:14:43,354  gsv3.training             INFO     [group_holdout:variational] epoch 0079  train_log_mse=0.00318  val_log_mse=0.07318  val_mse=0.000476  max_grad=0.28  patience=2/30
2026-10-08 15:15:39,938  gsv3.training             INFO     [group_holdout:variational] epoch 0080  train_log_mse=0.00314  val_log_mse=0.06838  val_mse=0.000423  max_grad=0.17  patience=3/30
2026-10-08 15:16:36,019  gsv3.training             INFO     [group_holdout:variational] epoch 0081  train_log_mse=0.00309  val_log_mse=0.06908  val_mse=0.000402  max_grad=0.29  patience=4/30
2026-10-08 15:17:32,338  gsv3.training             INFO     [group_holdout:variational] epoch 0082  train_log_mse=0.00332  val_log_mse=0.06838  val_mse=0.000408  max_grad=0.88  patience=5/30
2026-10-08 15:18:28,640  gsv3.training             INFO     [group_holdout:variational] epoch 0083  train_log_mse=0.00335  val_log_mse=0.06721  val_mse=0.000410  max_grad=0.22  patience=6/30
2026-10-08 15:19:24,530  gsv3.training             INFO     [group_holdout:variational] epoch 0084  train_log_mse=0.00321  val_log_mse=0.07230  val_mse=0.000446  max_grad=0.42  patience=7/30
2026-10-08 15:20:20,857  gsv3.training             INFO     [group_holdout:variational] epoch 0085  train_log_mse=0.00321  val_log_mse=0.07445  val_mse=0.000425  max_grad=0.45  patience=8/30
2026-10-08 15:21:16,863  gsv3.training             INFO     [group_holdout:variational] epoch 0086  train_log_mse=0.00319  val_log_mse=0.07266  val_mse=0.000430  max_grad=0.28  patience=9/30
2026-10-08 15:22:12,965  gsv3.training             INFO     [group_holdout:variational] epoch 0087  train_log_mse=0.00301  val_log_mse=0.06571  val_mse=0.000412  max_grad=0.23  patience=10/30
2026-10-08 15:23:09,409  gsv3.training             INFO     [group_holdout:variational] epoch 0088  train_log_mse=0.00309  val_log_mse=0.06997  val_mse=0.000405  max_grad=0.38  patience=11/30
2026-10-08 15:24:05,841  gsv3.training             INFO     [group_holdout:variational] epoch 0089  train_log_mse=0.00292  val_log_mse=0.06820  val_mse=0.000422  max_grad=0.21  patience=12/30
2026-10-08 15:25:02,142  gsv3.training             INFO     [group_holdout:variational] epoch 0090  train_log_mse=0.00284  val_log_mse=0.06927  val_mse=0.000426  max_grad=0.19  patience=13/30
2026-10-08 15:25:58,519  gsv3.training             INFO     [group_holdout:variational] epoch 0091  train_log_mse=0.00288  val_log_mse=0.06966  val_mse=0.000423  max_grad=0.22  patience=14/30
2026-10-08 15:26:55,119  gsv3.training             INFO     [group_holdout:variational] epoch 0092  train_log_mse=0.00299  val_log_mse=0.06994  val_mse=0.000424  max_grad=0.41  patience=15/30
2026-10-08 15:27:51,597  gsv3.training             INFO     [group_holdout:variational] epoch 0093  train_log_mse=0.00290  val_log_mse=0.06813  val_mse=0.000418  max_grad=0.23  patience=16/30
2026-10-08 15:28:48,049  gsv3.training             INFO     [group_holdout:variational] epoch 0094  train_log_mse=0.00278  val_log_mse=0.07005  val_mse=0.000428  max_grad=0.24  patience=17/30
2026-10-08 15:29:44,492  gsv3.training             INFO     [group_holdout:variational] epoch 0095  train_log_mse=0.00277  val_log_mse=0.07167  val_mse=0.000445  max_grad=0.25  patience=18/30
2026-10-08 15:30:40,891  gsv3.training             INFO     [group_holdout:variational] epoch 0096  train_log_mse=0.00279  val_log_mse=0.06849  val_mse=0.000407  max_grad=0.23  patience=19/30
2026-10-08 15:31:37,087  gsv3.training             INFO     [group_holdout:variational] epoch 0097  train_log_mse=0.00277  val_log_mse=0.06808  val_mse=0.000417  max_grad=0.23  patience=20/30
2026-10-08 15:32:33,411  gsv3.training             INFO     [group_holdout:variational] epoch 0098  train_log_mse=0.00272  val_log_mse=0.06888  val_mse=0.000420  max_grad=0.19  patience=21/30
2026-10-08 15:33:29,349  gsv3.training             INFO     [group_holdout:variational] epoch 0099  train_log_mse=0.00266  val_log_mse=0.06949  val_mse=0.000416  max_grad=0.14  patience=22/30
2026-10-08 15:34:25,173  gsv3.training             INFO     [group_holdout:variational] epoch 0100  train_log_mse=0.00264  val_log_mse=0.06884  val_mse=0.000421  max_grad=0.18  patience=23/30
2026-10-08 15:35:20,892  gsv3.training             INFO     [group_holdout:variational] epoch 0101  train_log_mse=0.00266  val_log_mse=0.06892  val_mse=0.000420  max_grad=0.15  patience=24/30
2026-10-08 15:36:16,898  gsv3.training             INFO     [group_holdout:variational] epoch 0102  train_log_mse=0.00269  val_log_mse=0.06835  val_mse=0.000413  max_grad=0.33  patience=25/30
2026-10-08 15:37:12,748  gsv3.training             INFO     [group_holdout:variational] epoch 0103  train_log_mse=0.00260  val_log_mse=0.06864  val_mse=0.000421  max_grad=0.27  patience=26/30
2026-10-08 15:38:08,977  gsv3.training             INFO     [group_holdout:variational] epoch 0104  train_log_mse=0.00263  val_log_mse=0.06912  val_mse=0.000429  max_grad=0.26  patience=27/30
2026-10-08 15:39:04,884  gsv3.training             INFO     [group_holdout:variational] epoch 0105  train_log_mse=0.00262  val_log_mse=0.06765  val_mse=0.000429  max_grad=0.19  patience=28/30
2026-10-08 15:40:00,791  gsv3.training             INFO     [group_holdout:variational] epoch 0106  train_log_mse=0.00261  val_log_mse=0.06673  val_mse=0.000414  max_grad=0.23  patience=29/30
2026-10-08 15:40:56,736  gsv3.training             INFO     [group_holdout:variational] epoch 0107  train_log_mse=0.00253  val_log_mse=0.06608  val_mse=0.000415  max_grad=0.15  patience=30/30
2026-10-08 15:41:52,897  gsv3.training             INFO     [group_holdout:variational] epoch 0108  train_log_mse=0.00252  val_log_mse=0.06848  val_mse=0.000431  max_grad=0.14  patience=31/30
2026-10-08 15:42:48,732  gsv3.training             INFO     [group_holdout:variational] epoch 0109  train_log_mse=0.00248  val_log_mse=0.06897  val_mse=0.000424  max_grad=0.13  patience=32/30
2026-10-08 15:43:45,117  gsv3.training             INFO     [group_holdout:variational] epoch 0110  train_log_mse=0.00248  val_log_mse=0.07167  val_mse=0.000444  max_grad=0.15  patience=33/30
2026-10-08 15:44:41,097  gsv3.training             INFO     [group_holdout:variational] epoch 0111  train_log_mse=0.00250  val_log_mse=0.06876  val_mse=0.000422  max_grad=0.14  patience=34/30
2026-10-08 15:45:36,867  gsv3.training             INFO     [group_holdout:variational] epoch 0112  train_log_mse=0.00247  val_log_mse=0.06877  val_mse=0.000421  max_grad=0.14  patience=35/30
2026-10-08 15:46:32,587  gsv3.training             INFO     [group_holdout:variational] epoch 0113  train_log_mse=0.00245  val_log_mse=0.06793  val_mse=0.000433  max_grad=0.18  patience=36/30
2026-10-08 15:47:28,656  gsv3.training             INFO     [group_holdout:variational] epoch 0114  train_log_mse=0.00244  val_log_mse=0.06851  val_mse=0.000422  max_grad=0.14  patience=37/30
2026-10-08 15:48:24,539  gsv3.training             INFO     [group_holdout:variational] epoch 0115  train_log_mse=0.00240  val_log_mse=0.06846  val_mse=0.000423  max_grad=0.14  patience=38/30
2026-10-08 15:49:20,364  gsv3.training             INFO     [group_holdout:variational] epoch 0116  train_log_mse=0.00237  val_log_mse=0.06988  val_mse=0.000424  max_grad=0.14  patience=39/30
2026-10-08 15:50:16,235  gsv3.training             INFO     [group_holdout:variational] epoch 0117  train_log_mse=0.00237  val_log_mse=0.06839  val_mse=0.000422  max_grad=0.28  patience=40/30
2026-10-08 15:51:11,924  gsv3.training             INFO     [group_holdout:variational] epoch 0118  train_log_mse=0.00237  val_log_mse=0.06835  val_mse=0.000419  max_grad=0.13  patience=41/30
2026-10-08 15:52:07,761  gsv3.training             INFO     [group_holdout:variational] epoch 0119  train_log_mse=0.00235  val_log_mse=0.06822  val_mse=0.000422  max_grad=0.16  patience=42/30
2026-10-08 15:53:03,442  gsv3.training             INFO     [group_holdout:variational] epoch 0120  train_log_mse=0.00233  val_log_mse=0.06912  val_mse=0.000426  max_grad=0.14  patience=43/30
2026-10-08 15:53:59,186  gsv3.training             INFO     [group_holdout:variational] epoch 0121  train_log_mse=0.00233  val_log_mse=0.06879  val_mse=0.000425  max_grad=0.12  patience=44/30
2026-10-08 15:54:55,059  gsv3.training             INFO     [group_holdout:variational] epoch 0122  train_log_mse=0.00231  val_log_mse=0.06818  val_mse=0.000418  max_grad=0.14  patience=45/30
2026-10-08 15:55:50,817  gsv3.training             INFO     [group_holdout:variational] epoch 0123  train_log_mse=0.00231  val_log_mse=0.06834  val_mse=0.000422  max_grad=0.10  patience=46/30
2026-10-08 15:56:46,547  gsv3.training             INFO     [group_holdout:variational] epoch 0124  train_log_mse=0.00229  val_log_mse=0.06873  val_mse=0.000432  max_grad=0.15  patience=47/30
2026-10-08 15:57:42,168  gsv3.training             INFO     [group_holdout:variational] epoch 0125  train_log_mse=0.00229  val_log_mse=0.06798  val_mse=0.000423  max_grad=0.11  patience=48/30
2026-10-08 15:58:38,235  gsv3.training             INFO     [group_holdout:variational] epoch 0126  train_log_mse=0.00227  val_log_mse=0.06900  val_mse=0.000427  max_grad=0.10  patience=49/30
2026-10-08 15:59:34,073  gsv3.training             INFO     [group_holdout:variational] epoch 0127  train_log_mse=0.00226  val_log_mse=0.06824  val_mse=0.000428  max_grad=0.12  patience=50/30
2026-10-08 16:00:30,118  gsv3.training             INFO     [group_holdout:variational] epoch 0128  train_log_mse=0.00225  val_log_mse=0.06963  val_mse=0.000435  max_grad=0.09  patience=51/30
2026-10-08 16:01:26,378  gsv3.training             INFO     [group_holdout:variational] epoch 0129  train_log_mse=0.00224  val_log_mse=0.06917  val_mse=0.000424  max_grad=0.12  patience=52/30
2026-10-08 16:02:22,570  gsv3.training             INFO     [group_holdout:variational] epoch 0130  train_log_mse=0.00224  val_log_mse=0.07064  val_mse=0.000433  max_grad=0.12  patience=53/30
2026-10-08 16:03:18,743  gsv3.training             INFO     [group_holdout:variational] epoch 0131  train_log_mse=0.00223  val_log_mse=0.06886  val_mse=0.000427  max_grad=0.10  patience=54/30
2026-10-08 16:04:14,915  gsv3.training             INFO     [group_holdout:variational] epoch 0132  train_log_mse=0.00222  val_log_mse=0.06934  val_mse=0.000431  max_grad=0.12  patience=55/30
2026-10-08 16:05:10,650  gsv3.training             INFO     [group_holdout:variational] epoch 0133  train_log_mse=0.00221  val_log_mse=0.06924  val_mse=0.000424  max_grad=0.10  patience=56/30
2026-10-08 16:06:06,131  gsv3.training             INFO     [group_holdout:variational] epoch 0134  train_log_mse=0.00220  val_log_mse=0.06964  val_mse=0.000430  max_grad=0.09  patience=57/30
2026-10-08 16:07:01,589  gsv3.training             INFO     [group_holdout:variational] epoch 0135  train_log_mse=0.00219  val_log_mse=0.06898  val_mse=0.000423  max_grad=0.10  patience=58/30
2026-10-08 16:07:57,499  gsv3.training             INFO     [group_holdout:variational] epoch 0136  train_log_mse=0.00219  val_log_mse=0.06949  val_mse=0.000431  max_grad=0.15  patience=59/30
2026-10-08 16:08:53,253  gsv3.training             INFO     [group_holdout:variational] epoch 0137  train_log_mse=0.00218  val_log_mse=0.06932  val_mse=0.000427  max_grad=0.10  patience=60/30
2026-10-08 16:09:49,289  gsv3.training             INFO     [group_holdout:variational] epoch 0138  train_log_mse=0.00218  val_log_mse=0.06919  val_mse=0.000425  max_grad=0.19  patience=61/30
2026-10-08 16:10:45,187  gsv3.training             INFO     [group_holdout:variational] epoch 0139  train_log_mse=0.00218  val_log_mse=0.06917  val_mse=0.000427  max_grad=0.08  patience=62/30
2026-10-08 16:11:40,940  gsv3.training             INFO     [group_holdout:variational] epoch 0140  train_log_mse=0.00217  val_log_mse=0.06968  val_mse=0.000428  max_grad=0.11  patience=63/30
2026-10-08 16:12:36,661  gsv3.training             INFO     [group_holdout:variational] epoch 0141  train_log_mse=0.00216  val_log_mse=0.06976  val_mse=0.000430  max_grad=0.09  patience=64/30
2026-10-08 16:13:32,337  gsv3.training             INFO     [group_holdout:variational] epoch 0142  train_log_mse=0.00216  val_log_mse=0.06933  val_mse=0.000428  max_grad=0.09  patience=65/30
2026-10-08 16:14:28,247  gsv3.training             INFO     [group_holdout:variational] epoch 0143  train_log_mse=0.00216  val_log_mse=0.06993  val_mse=0.000433  max_grad=0.09  patience=66/30
2026-10-08 16:15:23,814  gsv3.training             INFO     [group_holdout:variational] epoch 0144  train_log_mse=0.00215  val_log_mse=0.06975  val_mse=0.000431  max_grad=0.08  patience=67/30
2026-10-08 16:16:19,549  gsv3.training             INFO     [group_holdout:variational] epoch 0145  train_log_mse=0.00215  val_log_mse=0.06981  val_mse=0.000430  max_grad=0.09  patience=68/30
2026-10-08 16:17:15,480  gsv3.training             INFO     [group_holdout:variational] epoch 0146  train_log_mse=0.00215  val_log_mse=0.06940  val_mse=0.000430  max_grad=0.10  patience=69/30
2026-10-08 16:18:11,402  gsv3.training             INFO     [group_holdout:variational] epoch 0147  train_log_mse=0.00214  val_log_mse=0.06959  val_mse=0.000431  max_grad=0.09  patience=70/30
2026-10-08 16:19:07,009  gsv3.training             INFO     [group_holdout:variational] epoch 0148  train_log_mse=0.00214  val_log_mse=0.06943  val_mse=0.000429  max_grad=0.22  patience=71/30
2026-10-08 16:20:02,568  gsv3.training             INFO     [group_holdout:variational] epoch 0149  train_log_mse=0.00214  val_log_mse=0.06956  val_mse=0.000427  max_grad=0.10  patience=72/30
2026-10-08 16:20:58,560  gsv3.training             INFO     [group_holdout:variational] epoch 0150  train_log_mse=0.00214  val_log_mse=0.06948  val_mse=0.000429  max_grad=0.09  patience=73/30
2026-10-08 16:21:02,862  gsv3.training             INFO     [group_holdout:variational] final model = SWA of the last 38 epochs (val_log_mse=0.06884)
2026-10-08 16:21:20,922  gsv3.experiment           INFO     [variational] TEST  n=9928  MAE=0.0941  R2=0.7981  device-acc=0.370  regret=0.0568
2026-10-08 16:21:20,925  genstudy.io               INFO     Wrote evaluations/generalization_v5/results/v5b_sinkhorn/leave_one_group_out/variational/metrics.json
2026-10-08 16:21:20,977  genstudy.io               INFO     Wrote evaluations/generalization_v5/results/v5b_sinkhorn/leave_one_group_out/variational/predictions.json
2026-10-08 16:21:20,991  genstudy.io               INFO     Wrote evaluations/generalization_v5/results/v5b_sinkhorn/leave_one_group_out/variational/history.json
2026-10-08 16:21:21,013  run_experiment            INFO     leave_one_group_out finished: 1 complete, 0 skipped
