2026-10-09 05:03:09,875  genstudy.io               INFO     Logging to evaluations/generalization_v8/results/v8a_c001/random_control/run.log
2026-10-09 05:03:09,875  run_experiment            INFO     Command line: evaluations/generalization_v3/scripts/run_experiment.py control --model sinkhorn --balance-alpha 0 --lr 3e-4 --grad-clip 1.0 --seed 5 --families x --groups x --loss mixed --val-mode random --layout-lambda 0.1 --layout-loss region_dist --layouts-path evaluations/compile_check/results/compiler_layouts_v6pilot.pt --count-lambda 0.01 --counts-path evaluations/compile_check/results/compiler_counts_v8.pt --results-dir evaluations/generalization_v8/results/v8a_c001
2026-10-09 05:03:10,022  gsv2.gpu                  INFO     GPU: NVIDIA A100 80GB PCIe
2026-10-09 05:03:10,023  gsv3.model                INFO     Hyper-parameters (/home/atudisco/pred-distr-tool/src/model/best_params.json + v3 defaults): {'device_hidden': 64, 'device_layers': 3, 'fusion_dim': 128, 'qubit_layers': 2, 'attn_heads': 4, 'lap_pe': 8, 'cost_bias_init': -6.0, 'hidden_dim': 142, 'num_conv_wo_resnet': 3, 'num_resnet_layers': 1, 'dropout': 0.0, 'bidirectional': True, 'mlp': [512, 256, 128], 'lr': 0.001, 'readout': 'meanmaxsum'}
2026-10-09 05:03:10,063  gsv3.devices              INFO     Device graphs: node features 13 (Laplacian PE 8), physical errors True
2026-10-09 05:03:10,065  genstudy.data             INFO     Loading graph dataset: /home/atudisco/pred-distr-tool/evaluations/generalization_v3/data/graph_dataset_expected_fidelity.pt
2026-10-09 05:03:12,916  genstudy.data             INFO     Loaded 17056 graphs
2026-10-09 05:03:13,384  run_experiment            INFO     Compiler layouts (evaluations/compile_check/results/compiler_layouts_v6pilot.pt): 16994/17056 circuits
2026-10-09 05:03:13,805  run_experiment            INFO     Compiler counts (evaluations/compile_check/results/compiler_counts_v8.pt): 16994/17056 circuits
2026-10-09 05:03:13,810  genstudy.io               INFO     Wrote evaluations/generalization_v8/results/v8a_c001/random_control/dataset_summary.json
2026-10-09 05:03:14,209  run_experiment            INFO     [1/1] random_seed5
2026-10-09 05:03:14,211  gsv3.experiment           INFO     === random / random_seed5 ===
2026-10-09 05:03:14,211  gsv3.experiment           INFO     Random split stratified by fidelity (test_fraction=0.3, seed=5): train = 11939, test = 5117 circuits; families and sizes appear on both sides.
2026-10-09 05:03:14,212  gsv3.experiment           INFO     train=9551  val=2388 ({'mode': 'random'})  test=5117
2026-10-09 05:03:14,275  gsv3.training             INFO     [random:random_seed5] model=sinkhorn (979423 params) train=9551 val=2388 lr=0.0003 clip=1.0 alpha=0.00
2026-10-09 05:03:22,797  gsv3.training             INFO     [random:random_seed5] epoch 0001  count_mse=1.0343  count_rel_err_2q=0.743
2026-10-09 05:03:22,798  gsv3.training             INFO     [random:random_seed5] epoch 0001  region_bce=0.6741  dist_mse=0.2521  region_overlap=0.637
2026-10-09 05:03:22,804  gsv3.training             INFO     [random:random_seed5] epoch 0001  train_log_mse=0.45406  val_log_mse=0.49428  val_mse=0.002008  max_grad=1336.66  patience=0/30
2026-10-09 05:03:31,023  gsv3.training             INFO     [random:random_seed5] epoch 0002  count_mse=0.5403  count_rel_err_2q=0.379
2026-10-09 05:03:31,023  gsv3.training             INFO     [random:random_seed5] epoch 0002  region_bce=0.4481  dist_mse=0.2061  region_overlap=0.697
2026-10-09 05:03:31,026  gsv3.training             INFO     [random:random_seed5] epoch 0002  train_log_mse=0.04505  val_log_mse=0.19987  val_mse=0.001695  max_grad=11.65  patience=0/30
2026-10-09 05:03:39,233  gsv3.training             INFO     [random:random_seed5] epoch 0003  count_mse=0.3573  count_rel_err_2q=0.336
2026-10-09 05:03:39,234  gsv3.training             INFO     [random:random_seed5] epoch 0003  region_bce=0.3907  dist_mse=0.1903  region_overlap=0.724
2026-10-09 05:03:39,234  gsv3.training             INFO     [random:random_seed5] epoch 0003  train_log_mse=0.02623  val_log_mse=0.30504  val_mse=0.003713  max_grad=9.03  patience=1/30
2026-10-09 05:03:47,423  gsv3.training             INFO     [random:random_seed5] epoch 0004  count_mse=0.3111  count_rel_err_2q=0.325
2026-10-09 05:03:47,424  gsv3.training             INFO     [random:random_seed5] epoch 0004  region_bce=0.3550  dist_mse=0.1744  region_overlap=0.744
2026-10-09 05:03:47,426  gsv3.training             INFO     [random:random_seed5] epoch 0004  train_log_mse=0.02299  val_log_mse=0.15556  val_mse=0.001227  max_grad=7.28  patience=0/30
2026-10-09 05:03:55,592  gsv3.training             INFO     [random:random_seed5] epoch 0005  count_mse=0.2648  count_rel_err_2q=0.304
2026-10-09 05:03:55,592  gsv3.training             INFO     [random:random_seed5] epoch 0005  region_bce=0.3266  dist_mse=0.1620  region_overlap=0.762
2026-10-09 05:03:55,595  gsv3.training             INFO     [random:random_seed5] epoch 0005  train_log_mse=0.01609  val_log_mse=0.38011  val_mse=0.001077  max_grad=7.79  patience=0/30
2026-10-09 05:04:03,853  gsv3.training             INFO     [random:random_seed5] epoch 0006  count_mse=0.2448  count_rel_err_2q=0.293
2026-10-09 05:04:03,853  gsv3.training             INFO     [random:random_seed5] epoch 0006  region_bce=0.3156  dist_mse=0.1560  region_overlap=0.769
2026-10-09 05:04:03,853  gsv3.training             INFO     [random:random_seed5] epoch 0006  train_log_mse=0.01743  val_log_mse=0.21347  val_mse=0.001100  max_grad=6.72  patience=1/30
2026-10-09 05:04:12,044  gsv3.training             INFO     [random:random_seed5] epoch 0007  count_mse=0.2124  count_rel_err_2q=0.278
2026-10-09 05:04:12,044  gsv3.training             INFO     [random:random_seed5] epoch 0007  region_bce=0.2979  dist_mse=0.1499  region_overlap=0.779
2026-10-09 05:04:12,044  gsv3.training             INFO     [random:random_seed5] epoch 0007  train_log_mse=0.01255  val_log_mse=0.20130  val_mse=0.001099  max_grad=4.57  patience=2/30
2026-10-09 05:04:20,159  gsv3.training             INFO     [random:random_seed5] epoch 0008  count_mse=0.1888  count_rel_err_2q=0.269
2026-10-09 05:04:20,159  gsv3.training             INFO     [random:random_seed5] epoch 0008  region_bce=0.2874  dist_mse=0.1455  region_overlap=0.785
2026-10-09 05:04:20,161  gsv3.training             INFO     [random:random_seed5] epoch 0008  train_log_mse=0.01114  val_log_mse=0.09973  val_mse=0.000877  max_grad=3.40  patience=0/30
2026-10-09 05:04:28,259  gsv3.training             INFO     [random:random_seed5] epoch 0009  count_mse=0.1719  count_rel_err_2q=0.265
2026-10-09 05:04:28,259  gsv3.training             INFO     [random:random_seed5] epoch 0009  region_bce=0.2779  dist_mse=0.1415  region_overlap=0.790
2026-10-09 05:04:28,262  gsv3.training             INFO     [random:random_seed5] epoch 0009  train_log_mse=0.01061  val_log_mse=0.14515  val_mse=0.000802  max_grad=3.58  patience=0/30
2026-10-09 05:04:36,376  gsv3.training             INFO     [random:random_seed5] epoch 0010  count_mse=0.1626  count_rel_err_2q=0.268
2026-10-09 05:04:36,376  gsv3.training             INFO     [random:random_seed5] epoch 0010  region_bce=0.2690  dist_mse=0.1379  region_overlap=0.797
2026-10-09 05:04:36,376  gsv3.training             INFO     [random:random_seed5] epoch 0010  train_log_mse=0.01205  val_log_mse=0.12007  val_mse=0.000832  max_grad=5.76  patience=1/30
2026-10-09 05:04:44,547  gsv3.training             INFO     [random:random_seed5] epoch 0011  count_mse=0.1496  count_rel_err_2q=0.262
2026-10-09 05:04:44,547  gsv3.training             INFO     [random:random_seed5] epoch 0011  region_bce=0.2517  dist_mse=0.1315  region_overlap=0.808
2026-10-09 05:04:44,550  gsv3.training             INFO     [random:random_seed5] epoch 0011  train_log_mse=0.00894  val_log_mse=0.09167  val_mse=0.000790  max_grad=2.43  patience=0/30
2026-10-09 05:04:52,696  gsv3.training             INFO     [random:random_seed5] epoch 0012  count_mse=0.1439  count_rel_err_2q=0.262
2026-10-09 05:04:52,696  gsv3.training             INFO     [random:random_seed5] epoch 0012  region_bce=0.2415  dist_mse=0.1266  region_overlap=0.816
2026-10-09 05:04:52,696  gsv3.training             INFO     [random:random_seed5] epoch 0012  train_log_mse=0.00933  val_log_mse=0.13300  val_mse=0.000884  max_grad=2.33  patience=1/30
2026-10-09 05:05:00,960  gsv3.training             INFO     [random:random_seed5] epoch 0013  count_mse=0.1379  count_rel_err_2q=0.256
2026-10-09 05:05:00,960  gsv3.training             INFO     [random:random_seed5] epoch 0013  region_bce=0.2348  dist_mse=0.1229  region_overlap=0.821
2026-10-09 05:05:00,968  gsv3.training             INFO     [random:random_seed5] epoch 0013  train_log_mse=0.00797  val_log_mse=0.07644  val_mse=0.000725  max_grad=5.58  patience=0/30
2026-10-09 05:05:09,204  gsv3.training             INFO     [random:random_seed5] epoch 0014  count_mse=0.1327  count_rel_err_2q=0.254
2026-10-09 05:05:09,205  gsv3.training             INFO     [random:random_seed5] epoch 0014  region_bce=0.2250  dist_mse=0.1186  region_overlap=0.827
2026-10-09 05:05:09,205  gsv3.training             INFO     [random:random_seed5] epoch 0014  train_log_mse=0.00874  val_log_mse=0.07120  val_mse=0.000747  max_grad=3.52  patience=1/30
2026-10-09 05:05:17,468  gsv3.training             INFO     [random:random_seed5] epoch 0015  count_mse=0.1275  count_rel_err_2q=0.250
2026-10-09 05:05:17,468  gsv3.training             INFO     [random:random_seed5] epoch 0015  region_bce=0.2155  dist_mse=0.1149  region_overlap=0.834
2026-10-09 05:05:17,468  gsv3.training             INFO     [random:random_seed5] epoch 0015  train_log_mse=0.00684  val_log_mse=0.07909  val_mse=0.000752  max_grad=1.67  patience=2/30
2026-10-09 05:05:25,700  gsv3.training             INFO     [random:random_seed5] epoch 0016  count_mse=0.1249  count_rel_err_2q=0.250
2026-10-09 05:05:25,701  gsv3.training             INFO     [random:random_seed5] epoch 0016  region_bce=0.2130  dist_mse=0.1125  region_overlap=0.836
2026-10-09 05:05:25,701  gsv3.training             INFO     [random:random_seed5] epoch 0016  train_log_mse=0.00753  val_log_mse=0.15882  val_mse=0.000819  max_grad=2.36  patience=3/30
2026-10-09 05:05:33,907  gsv3.training             INFO     [random:random_seed5] epoch 0017  count_mse=0.1239  count_rel_err_2q=0.249
2026-10-09 05:05:33,907  gsv3.training             INFO     [random:random_seed5] epoch 0017  region_bce=0.2087  dist_mse=0.1105  region_overlap=0.839
2026-10-09 05:05:33,910  gsv3.training             INFO     [random:random_seed5] epoch 0017  train_log_mse=0.00823  val_log_mse=0.10592  val_mse=0.000667  max_grad=2.22  patience=0/30
2026-10-09 05:05:42,015  gsv3.training             INFO     [random:random_seed5] epoch 0018  count_mse=0.1217  count_rel_err_2q=0.245
2026-10-09 05:05:42,015  gsv3.training             INFO     [random:random_seed5] epoch 0018  region_bce=0.2067  dist_mse=0.1083  region_overlap=0.841
2026-10-09 05:05:42,017  gsv3.training             INFO     [random:random_seed5] epoch 0018  train_log_mse=0.00796  val_log_mse=0.09324  val_mse=0.000660  max_grad=7.04  patience=0/30
2026-10-09 05:05:50,115  gsv3.training             INFO     [random:random_seed5] epoch 0019  count_mse=0.1212  count_rel_err_2q=0.245
2026-10-09 05:05:50,115  gsv3.training             INFO     [random:random_seed5] epoch 0019  region_bce=0.1994  dist_mse=0.1061  region_overlap=0.845
2026-10-09 05:05:50,117  gsv3.training             INFO     [random:random_seed5] epoch 0019  train_log_mse=0.00871  val_log_mse=0.12727  val_mse=0.000628  max_grad=2.95  patience=0/30
2026-10-09 05:05:58,226  gsv3.training             INFO     [random:random_seed5] epoch 0020  count_mse=0.1144  count_rel_err_2q=0.238
2026-10-09 05:05:58,226  gsv3.training             INFO     [random:random_seed5] epoch 0020  region_bce=0.1899  dist_mse=0.1027  region_overlap=0.851
2026-10-09 05:05:58,228  gsv3.training             INFO     [random:random_seed5] epoch 0020  train_log_mse=0.00579  val_log_mse=0.06733  val_mse=0.000577  max_grad=1.27  patience=0/30
2026-10-09 05:06:06,353  gsv3.training             INFO     [random:random_seed5] epoch 0021  count_mse=0.1141  count_rel_err_2q=0.237
2026-10-09 05:06:06,353  gsv3.training             INFO     [random:random_seed5] epoch 0021  region_bce=0.1867  dist_mse=0.1012  region_overlap=0.853
2026-10-09 05:06:06,353  gsv3.training             INFO     [random:random_seed5] epoch 0021  train_log_mse=0.00672  val_log_mse=0.07309  val_mse=0.000592  max_grad=2.10  patience=1/30
2026-10-09 05:06:14,559  gsv3.training             INFO     [random:random_seed5] epoch 0022  count_mse=0.1118  count_rel_err_2q=0.235
2026-10-09 05:06:14,559  gsv3.training             INFO     [random:random_seed5] epoch 0022  region_bce=0.1832  dist_mse=0.1000  region_overlap=0.856
2026-10-09 05:06:14,566  gsv3.training             INFO     [random:random_seed5] epoch 0022  train_log_mse=0.00732  val_log_mse=0.12922  val_mse=0.000573  max_grad=2.09  patience=0/30
2026-10-09 05:06:22,887  gsv3.training             INFO     [random:random_seed5] epoch 0023  count_mse=0.1109  count_rel_err_2q=0.234
2026-10-09 05:06:22,887  gsv3.training             INFO     [random:random_seed5] epoch 0023  region_bce=0.1796  dist_mse=0.0987  region_overlap=0.858
2026-10-09 05:06:22,895  gsv3.training             INFO     [random:random_seed5] epoch 0023  train_log_mse=0.00660  val_log_mse=0.07631  val_mse=0.000533  max_grad=2.25  patience=0/30
2026-10-09 05:06:31,766  gsv3.training             INFO     [random:random_seed5] epoch 0024  count_mse=0.1072  count_rel_err_2q=0.231
2026-10-09 05:06:31,767  gsv3.training             INFO     [random:random_seed5] epoch 0024  region_bce=0.1736  dist_mse=0.0968  region_overlap=0.862
2026-10-09 05:06:31,774  gsv3.training             INFO     [random:random_seed5] epoch 0024  train_log_mse=0.00622  val_log_mse=0.07232  val_mse=0.000525  max_grad=2.52  patience=0/30
2026-10-09 05:06:40,195  gsv3.training             INFO     [random:random_seed5] epoch 0025  count_mse=0.1059  count_rel_err_2q=0.228
2026-10-09 05:06:40,195  gsv3.training             INFO     [random:random_seed5] epoch 0025  region_bce=0.1684  dist_mse=0.0955  region_overlap=0.865
2026-10-09 05:06:40,208  gsv3.training             INFO     [random:random_seed5] epoch 0025  train_log_mse=0.00550  val_log_mse=0.07676  val_mse=0.000521  max_grad=1.56  patience=0/30
2026-10-09 05:06:48,520  gsv3.training             INFO     [random:random_seed5] epoch 0026  count_mse=0.1058  count_rel_err_2q=0.226
2026-10-09 05:06:48,520  gsv3.training             INFO     [random:random_seed5] epoch 0026  region_bce=0.1664  dist_mse=0.0949  region_overlap=0.867
2026-10-09 05:06:48,520  gsv3.training             INFO     [random:random_seed5] epoch 0026  train_log_mse=0.00599  val_log_mse=0.08670  val_mse=0.000582  max_grad=2.55  patience=1/30
2026-10-09 05:06:56,780  gsv3.training             INFO     [random:random_seed5] epoch 0027  count_mse=0.1052  count_rel_err_2q=0.226
2026-10-09 05:06:56,780  gsv3.training             INFO     [random:random_seed5] epoch 0027  region_bce=0.1640  dist_mse=0.0945  region_overlap=0.868
2026-10-09 05:06:56,780  gsv3.training             INFO     [random:random_seed5] epoch 0027  train_log_mse=0.00625  val_log_mse=0.10675  val_mse=0.000652  max_grad=1.72  patience=2/30
2026-10-09 05:07:05,039  gsv3.training             INFO     [random:random_seed5] epoch 0028  count_mse=0.1035  count_rel_err_2q=0.223
2026-10-09 05:07:05,040  gsv3.training             INFO     [random:random_seed5] epoch 0028  region_bce=0.1585  dist_mse=0.0929  region_overlap=0.872
2026-10-09 05:07:05,040  gsv3.training             INFO     [random:random_seed5] epoch 0028  train_log_mse=0.00579  val_log_mse=0.06119  val_mse=0.000567  max_grad=1.55  patience=3/30
2026-10-09 05:07:13,283  gsv3.training             INFO     [random:random_seed5] epoch 0029  count_mse=0.0989  count_rel_err_2q=0.219
2026-10-09 05:07:13,283  gsv3.training             INFO     [random:random_seed5] epoch 0029  region_bce=0.1531  dist_mse=0.0914  region_overlap=0.876
2026-10-09 05:07:13,283  gsv3.training             INFO     [random:random_seed5] epoch 0029  train_log_mse=0.00449  val_log_mse=0.08206  val_mse=0.000527  max_grad=0.84  patience=4/30
2026-10-09 05:07:21,454  gsv3.training             INFO     [random:random_seed5] epoch 0030  count_mse=0.0997  count_rel_err_2q=0.219
2026-10-09 05:07:21,454  gsv3.training             INFO     [random:random_seed5] epoch 0030  region_bce=0.1526  dist_mse=0.0910  region_overlap=0.876
2026-10-09 05:07:21,461  gsv3.training             INFO     [random:random_seed5] epoch 0030  train_log_mse=0.00587  val_log_mse=0.07200  val_mse=0.000457  max_grad=2.59  patience=0/30
2026-10-09 05:07:29,759  gsv3.training             INFO     [random:random_seed5] epoch 0031  count_mse=0.0989  count_rel_err_2q=0.218
2026-10-09 05:07:29,760  gsv3.training             INFO     [random:random_seed5] epoch 0031  region_bce=0.1487  dist_mse=0.0899  region_overlap=0.878
2026-10-09 05:07:29,760  gsv3.training             INFO     [random:random_seed5] epoch 0031  train_log_mse=0.00554  val_log_mse=0.06771  val_mse=0.000481  max_grad=1.75  patience=1/30
2026-10-09 05:07:38,022  gsv3.training             INFO     [random:random_seed5] epoch 0032  count_mse=0.0979  count_rel_err_2q=0.218
2026-10-09 05:07:38,022  gsv3.training             INFO     [random:random_seed5] epoch 0032  region_bce=0.1474  dist_mse=0.0897  region_overlap=0.880
2026-10-09 05:07:38,022  gsv3.training             INFO     [random:random_seed5] epoch 0032  train_log_mse=0.00543  val_log_mse=0.08869  val_mse=0.000529  max_grad=1.26  patience=2/30
2026-10-09 05:07:46,278  gsv3.training             INFO     [random:random_seed5] epoch 0033  count_mse=0.0953  count_rel_err_2q=0.215
2026-10-09 05:07:46,278  gsv3.training             INFO     [random:random_seed5] epoch 0033  region_bce=0.1434  dist_mse=0.0884  region_overlap=0.882
2026-10-09 05:07:46,278  gsv3.training             INFO     [random:random_seed5] epoch 0033  train_log_mse=0.00455  val_log_mse=0.07762  val_mse=0.000479  max_grad=1.44  patience=3/30
2026-10-09 05:07:54,488  gsv3.training             INFO     [random:random_seed5] epoch 0034  count_mse=0.0946  count_rel_err_2q=0.215
2026-10-09 05:07:54,488  gsv3.training             INFO     [random:random_seed5] epoch 0034  region_bce=0.1401  dist_mse=0.0878  region_overlap=0.884
2026-10-09 05:07:54,491  gsv3.training             INFO     [random:random_seed5] epoch 0034  train_log_mse=0.00502  val_log_mse=0.06767  val_mse=0.000427  max_grad=1.02  patience=0/30
2026-10-09 05:08:02,695  gsv3.training             INFO     [random:random_seed5] epoch 0035  count_mse=0.0937  count_rel_err_2q=0.212
2026-10-09 05:08:02,695  gsv3.training             INFO     [random:random_seed5] epoch 0035  region_bce=0.1362  dist_mse=0.0869  region_overlap=0.886
2026-10-09 05:08:02,695  gsv3.training             INFO     [random:random_seed5] epoch 0035  train_log_mse=0.00469  val_log_mse=0.08034  val_mse=0.000602  max_grad=4.07  patience=1/30
2026-10-09 05:08:10,872  gsv3.training             INFO     [random:random_seed5] epoch 0036  count_mse=0.0938  count_rel_err_2q=0.211
2026-10-09 05:08:10,872  gsv3.training             INFO     [random:random_seed5] epoch 0036  region_bce=0.1382  dist_mse=0.0876  region_overlap=0.886
2026-10-09 05:08:10,878  gsv3.training             INFO     [random:random_seed5] epoch 0036  train_log_mse=0.00542  val_log_mse=0.05599  val_mse=0.000413  max_grad=1.08  patience=0/30
2026-10-09 05:08:18,973  gsv3.training             INFO     [random:random_seed5] epoch 0037  count_mse=0.0914  count_rel_err_2q=0.209
2026-10-09 05:08:18,973  gsv3.training             INFO     [random:random_seed5] epoch 0037  region_bce=0.1304  dist_mse=0.0860  region_overlap=0.890
2026-10-09 05:08:18,973  gsv3.training             INFO     [random:random_seed5] epoch 0037  train_log_mse=0.00443  val_log_mse=0.06073  val_mse=0.000466  max_grad=1.16  patience=1/30
2026-10-09 05:08:27,054  gsv3.training             INFO     [random:random_seed5] epoch 0038  count_mse=0.0908  count_rel_err_2q=0.209
2026-10-09 05:08:27,054  gsv3.training             INFO     [random:random_seed5] epoch 0038  region_bce=0.1277  dist_mse=0.0855  region_overlap=0.892
2026-10-09 05:08:27,054  gsv3.training             INFO     [random:random_seed5] epoch 0038  train_log_mse=0.00485  val_log_mse=0.09383  val_mse=0.000612  max_grad=1.33  patience=2/30
2026-10-09 05:08:35,274  gsv3.training             INFO     [random:random_seed5] epoch 0039  count_mse=0.0933  count_rel_err_2q=0.212
2026-10-09 05:08:35,274  gsv3.training             INFO     [random:random_seed5] epoch 0039  region_bce=0.1333  dist_mse=0.0867  region_overlap=0.889
2026-10-09 05:08:35,274  gsv3.training             INFO     [random:random_seed5] epoch 0039  train_log_mse=0.00667  val_log_mse=0.06741  val_mse=0.000622  max_grad=1.94  patience=3/30
2026-10-09 05:08:43,421  gsv3.training             INFO     [random:random_seed5] epoch 0040  count_mse=0.0896  count_rel_err_2q=0.207
2026-10-09 05:08:43,421  gsv3.training             INFO     [random:random_seed5] epoch 0040  region_bce=0.1234  dist_mse=0.0847  region_overlap=0.894
2026-10-09 05:08:43,428  gsv3.training             INFO     [random:random_seed5] epoch 0040  train_log_mse=0.00447  val_log_mse=0.05782  val_mse=0.000412  max_grad=1.09  patience=0/30
2026-10-09 05:08:51,901  gsv3.training             INFO     [random:random_seed5] epoch 0041  count_mse=0.0879  count_rel_err_2q=0.205
2026-10-09 05:08:51,901  gsv3.training             INFO     [random:random_seed5] epoch 0041  region_bce=0.1168  dist_mse=0.0835  region_overlap=0.899
2026-10-09 05:08:51,908  gsv3.training             INFO     [random:random_seed5] epoch 0041  train_log_mse=0.00428  val_log_mse=0.06119  val_mse=0.000404  max_grad=1.33  patience=0/30
2026-10-09 05:09:00,125  gsv3.training             INFO     [random:random_seed5] epoch 0042  count_mse=0.0881  count_rel_err_2q=0.205
2026-10-09 05:09:00,125  gsv3.training             INFO     [random:random_seed5] epoch 0042  region_bce=0.1212  dist_mse=0.0839  region_overlap=0.896
2026-10-09 05:09:00,125  gsv3.training             INFO     [random:random_seed5] epoch 0042  train_log_mse=0.00478  val_log_mse=0.09224  val_mse=0.000502  max_grad=2.46  patience=1/30
2026-10-09 05:09:08,353  gsv3.training             INFO     [random:random_seed5] epoch 0043  count_mse=0.0863  count_rel_err_2q=0.203
2026-10-09 05:09:08,353  gsv3.training             INFO     [random:random_seed5] epoch 0043  region_bce=0.1146  dist_mse=0.0832  region_overlap=0.900
2026-10-09 05:09:08,353  gsv3.training             INFO     [random:random_seed5] epoch 0043  train_log_mse=0.00448  val_log_mse=0.05672  val_mse=0.000413  max_grad=1.21  patience=2/30
2026-10-09 05:09:16,579  gsv3.training             INFO     [random:random_seed5] epoch 0044  count_mse=0.0869  count_rel_err_2q=0.203
2026-10-09 05:09:16,579  gsv3.training             INFO     [random:random_seed5] epoch 0044  region_bce=0.1149  dist_mse=0.0832  region_overlap=0.900
2026-10-09 05:09:16,579  gsv3.training             INFO     [random:random_seed5] epoch 0044  train_log_mse=0.00517  val_log_mse=0.06038  val_mse=0.000443  max_grad=1.68  patience=3/30
2026-10-09 05:09:24,794  gsv3.training             INFO     [random:random_seed5] epoch 0045  count_mse=0.0842  count_rel_err_2q=0.203
2026-10-09 05:09:24,794  gsv3.training             INFO     [random:random_seed5] epoch 0045  region_bce=0.1083  dist_mse=0.0820  region_overlap=0.904
2026-10-09 05:09:24,794  gsv3.training             INFO     [random:random_seed5] epoch 0045  train_log_mse=0.00367  val_log_mse=0.05218  val_mse=0.000446  max_grad=0.87  patience=4/30
2026-10-09 05:09:32,932  gsv3.training             INFO     [random:random_seed5] epoch 0046  count_mse=0.0840  count_rel_err_2q=0.201
2026-10-09 05:09:32,932  gsv3.training             INFO     [random:random_seed5] epoch 0046  region_bce=0.1047  dist_mse=0.0814  region_overlap=0.906
2026-10-09 05:09:32,932  gsv3.training             INFO     [random:random_seed5] epoch 0046  train_log_mse=0.00417  val_log_mse=0.07518  val_mse=0.000448  max_grad=0.82  patience=5/30
2026-10-09 05:09:41,092  gsv3.training             INFO     [random:random_seed5] epoch 0047  count_mse=0.0829  count_rel_err_2q=0.199
2026-10-09 05:09:41,092  gsv3.training             INFO     [random:random_seed5] epoch 0047  region_bce=0.1057  dist_mse=0.0812  region_overlap=0.906
2026-10-09 05:09:41,095  gsv3.training             INFO     [random:random_seed5] epoch 0047  train_log_mse=0.00414  val_log_mse=0.06930  val_mse=0.000390  max_grad=0.84  patience=0/30
2026-10-09 05:09:49,258  gsv3.training             INFO     [random:random_seed5] epoch 0048  count_mse=0.0832  count_rel_err_2q=0.200
2026-10-09 05:09:49,258  gsv3.training             INFO     [random:random_seed5] epoch 0048  region_bce=0.1003  dist_mse=0.0804  region_overlap=0.909
2026-10-09 05:09:49,258  gsv3.training             INFO     [random:random_seed5] epoch 0048  train_log_mse=0.00432  val_log_mse=0.05791  val_mse=0.000454  max_grad=1.25  patience=1/30
2026-10-09 05:09:57,410  gsv3.training             INFO     [random:random_seed5] epoch 0049  count_mse=0.0812  count_rel_err_2q=0.197
2026-10-09 05:09:57,410  gsv3.training             INFO     [random:random_seed5] epoch 0049  region_bce=0.0982  dist_mse=0.0799  region_overlap=0.911
2026-10-09 05:09:57,410  gsv3.training             INFO     [random:random_seed5] epoch 0049  train_log_mse=0.00388  val_log_mse=0.06475  val_mse=0.000448  max_grad=1.10  patience=2/30
2026-10-09 05:10:05,639  gsv3.training             INFO     [random:random_seed5] epoch 0050  count_mse=0.0834  count_rel_err_2q=0.199
2026-10-09 05:10:05,639  gsv3.training             INFO     [random:random_seed5] epoch 0050  region_bce=0.1060  dist_mse=0.0815  region_overlap=0.906
2026-10-09 05:10:05,645  gsv3.training             INFO     [random:random_seed5] epoch 0050  train_log_mse=0.00482  val_log_mse=0.07311  val_mse=0.000380  max_grad=1.72  patience=0/30
2026-10-09 05:10:13,708  gsv3.training             INFO     [random:random_seed5] epoch 0051  count_mse=0.0810  count_rel_err_2q=0.197
2026-10-09 05:10:13,708  gsv3.training             INFO     [random:random_seed5] epoch 0051  region_bce=0.0976  dist_mse=0.0796  region_overlap=0.911
2026-10-09 05:10:13,710  gsv3.training             INFO     [random:random_seed5] epoch 0051  train_log_mse=0.00447  val_log_mse=0.05899  val_mse=0.000356  max_grad=1.51  patience=0/30
2026-10-09 05:10:21,765  gsv3.training             INFO     [random:random_seed5] epoch 0052  count_mse=0.0795  count_rel_err_2q=0.195
2026-10-09 05:10:21,766  gsv3.training             INFO     [random:random_seed5] epoch 0052  region_bce=0.0924  dist_mse=0.0785  region_overlap=0.914
2026-10-09 05:10:21,766  gsv3.training             INFO     [random:random_seed5] epoch 0052  train_log_mse=0.00377  val_log_mse=0.07874  val_mse=0.000455  max_grad=0.89  patience=1/30
2026-10-09 05:10:29,825  gsv3.training             INFO     [random:random_seed5] epoch 0053  count_mse=0.0784  count_rel_err_2q=0.195
2026-10-09 05:10:29,825  gsv3.training             INFO     [random:random_seed5] epoch 0053  region_bce=0.0881  dist_mse=0.0776  region_overlap=0.917
2026-10-09 05:10:29,825  gsv3.training             INFO     [random:random_seed5] epoch 0053  train_log_mse=0.00344  val_log_mse=0.07641  val_mse=0.000401  max_grad=0.86  patience=2/30
2026-10-09 05:10:37,939  gsv3.training             INFO     [random:random_seed5] epoch 0054  count_mse=0.0798  count_rel_err_2q=0.199
2026-10-09 05:10:37,939  gsv3.training             INFO     [random:random_seed5] epoch 0054  region_bce=0.0908  dist_mse=0.0780  region_overlap=0.915
2026-10-09 05:10:37,939  gsv3.training             INFO     [random:random_seed5] epoch 0054  train_log_mse=0.00450  val_log_mse=0.05873  val_mse=0.000372  max_grad=1.63  patience=3/30
2026-10-09 05:10:46,050  gsv3.training             INFO     [random:random_seed5] epoch 0055  count_mse=0.0795  count_rel_err_2q=0.197
2026-10-09 05:10:46,051  gsv3.training             INFO     [random:random_seed5] epoch 0055  region_bce=0.0897  dist_mse=0.0780  region_overlap=0.916
2026-10-09 05:10:46,051  gsv3.training             INFO     [random:random_seed5] epoch 0055  train_log_mse=0.00463  val_log_mse=0.11329  val_mse=0.000409  max_grad=1.01  patience=4/30
2026-10-09 05:10:54,199  gsv3.training             INFO     [random:random_seed5] epoch 0056  count_mse=0.0794  count_rel_err_2q=0.196
2026-10-09 05:10:54,199  gsv3.training             INFO     [random:random_seed5] epoch 0056  region_bce=0.0885  dist_mse=0.0778  region_overlap=0.917
2026-10-09 05:10:54,199  gsv3.training             INFO     [random:random_seed5] epoch 0056  train_log_mse=0.00472  val_log_mse=0.07168  val_mse=0.000394  max_grad=1.61  patience=5/30
2026-10-09 05:11:02,257  gsv3.training             INFO     [random:random_seed5] epoch 0057  count_mse=0.0779  count_rel_err_2q=0.196
2026-10-09 05:11:02,257  gsv3.training             INFO     [random:random_seed5] epoch 0057  region_bce=0.0853  dist_mse=0.0768  region_overlap=0.919
2026-10-09 05:11:02,257  gsv3.training             INFO     [random:random_seed5] epoch 0057  train_log_mse=0.00391  val_log_mse=0.05436  val_mse=0.000374  max_grad=1.12  patience=6/30
2026-10-09 05:11:10,319  gsv3.training             INFO     [random:random_seed5] epoch 0058  count_mse=0.0764  count_rel_err_2q=0.194
2026-10-09 05:11:10,319  gsv3.training             INFO     [random:random_seed5] epoch 0058  region_bce=0.0818  dist_mse=0.0759  region_overlap=0.921
2026-10-09 05:11:10,319  gsv3.training             INFO     [random:random_seed5] epoch 0058  train_log_mse=0.00333  val_log_mse=0.06794  val_mse=0.000378  max_grad=0.58  patience=7/30
2026-10-09 05:11:18,398  gsv3.training             INFO     [random:random_seed5] epoch 0059  count_mse=0.0756  count_rel_err_2q=0.193
2026-10-09 05:11:18,398  gsv3.training             INFO     [random:random_seed5] epoch 0059  region_bce=0.0787  dist_mse=0.0754  region_overlap=0.923
2026-10-09 05:11:18,398  gsv3.training             INFO     [random:random_seed5] epoch 0059  train_log_mse=0.00367  val_log_mse=0.06389  val_mse=0.000400  max_grad=0.75  patience=8/30
2026-10-09 05:11:26,468  gsv3.training             INFO     [random:random_seed5] epoch 0060  count_mse=0.0764  count_rel_err_2q=0.194
2026-10-09 05:11:26,468  gsv3.training             INFO     [random:random_seed5] epoch 0060  region_bce=0.0827  dist_mse=0.0758  region_overlap=0.921
2026-10-09 05:11:26,468  gsv3.training             INFO     [random:random_seed5] epoch 0060  train_log_mse=0.00385  val_log_mse=0.06396  val_mse=0.000393  max_grad=0.72  patience=9/30
2026-10-09 05:11:34,565  gsv3.training             INFO     [random:random_seed5] epoch 0061  count_mse=0.0749  count_rel_err_2q=0.191
2026-10-09 05:11:34,565  gsv3.training             INFO     [random:random_seed5] epoch 0061  region_bce=0.0770  dist_mse=0.0748  region_overlap=0.924
2026-10-09 05:11:34,565  gsv3.training             INFO     [random:random_seed5] epoch 0061  train_log_mse=0.00375  val_log_mse=0.06638  val_mse=0.000365  max_grad=0.84  patience=10/30
2026-10-09 05:11:42,752  gsv3.training             INFO     [random:random_seed5] epoch 0062  count_mse=0.0744  count_rel_err_2q=0.193
2026-10-09 05:11:42,752  gsv3.training             INFO     [random:random_seed5] epoch 0062  region_bce=0.0761  dist_mse=0.0748  region_overlap=0.925
2026-10-09 05:11:42,752  gsv3.training             INFO     [random:random_seed5] epoch 0062  train_log_mse=0.00355  val_log_mse=0.05494  val_mse=0.000360  max_grad=1.06  patience=11/30
2026-10-09 05:11:50,817  gsv3.training             INFO     [random:random_seed5] epoch 0063  count_mse=0.0739  count_rel_err_2q=0.191
2026-10-09 05:11:50,817  gsv3.training             INFO     [random:random_seed5] epoch 0063  region_bce=0.0744  dist_mse=0.0738  region_overlap=0.926
2026-10-09 05:11:50,819  gsv3.training             INFO     [random:random_seed5] epoch 0063  train_log_mse=0.00344  val_log_mse=0.05494  val_mse=0.000356  max_grad=0.80  patience=0/30
2026-10-09 05:11:58,900  gsv3.training             INFO     [random:random_seed5] epoch 0064  count_mse=0.0734  count_rel_err_2q=0.191
2026-10-09 05:11:58,900  gsv3.training             INFO     [random:random_seed5] epoch 0064  region_bce=0.0712  dist_mse=0.0734  region_overlap=0.928
2026-10-09 05:11:58,900  gsv3.training             INFO     [random:random_seed5] epoch 0064  train_log_mse=0.00343  val_log_mse=0.05628  val_mse=0.000375  max_grad=0.68  patience=1/30
2026-10-09 05:12:07,061  gsv3.training             INFO     [random:random_seed5] epoch 0065  count_mse=0.0735  count_rel_err_2q=0.191
2026-10-09 05:12:07,061  gsv3.training             INFO     [random:random_seed5] epoch 0065  region_bce=0.0716  dist_mse=0.0730  region_overlap=0.927
2026-10-09 05:12:07,061  gsv3.training             INFO     [random:random_seed5] epoch 0065  train_log_mse=0.00372  val_log_mse=0.05880  val_mse=0.000387  max_grad=0.78  patience=2/30
2026-10-09 05:12:15,108  gsv3.training             INFO     [random:random_seed5] epoch 0066  count_mse=0.0734  count_rel_err_2q=0.192
2026-10-09 05:12:15,108  gsv3.training             INFO     [random:random_seed5] epoch 0066  region_bce=0.0700  dist_mse=0.0727  region_overlap=0.928
2026-10-09 05:12:15,108  gsv3.training             INFO     [random:random_seed5] epoch 0066  train_log_mse=0.00338  val_log_mse=0.06808  val_mse=0.000395  max_grad=0.66  patience=3/30
2026-10-09 05:12:23,164  gsv3.training             INFO     [random:random_seed5] epoch 0067  count_mse=0.0717  count_rel_err_2q=0.189
2026-10-09 05:12:23,164  gsv3.training             INFO     [random:random_seed5] epoch 0067  region_bce=0.0670  dist_mse=0.0718  region_overlap=0.930
2026-10-09 05:12:23,164  gsv3.training             INFO     [random:random_seed5] epoch 0067  train_log_mse=0.00315  val_log_mse=0.06247  val_mse=0.000382  max_grad=0.53  patience=4/30
2026-10-09 05:12:31,232  gsv3.training             INFO     [random:random_seed5] epoch 0068  count_mse=0.0710  count_rel_err_2q=0.189
2026-10-09 05:12:31,232  gsv3.training             INFO     [random:random_seed5] epoch 0068  region_bce=0.0657  dist_mse=0.0715  region_overlap=0.931
2026-10-09 05:12:31,232  gsv3.training             INFO     [random:random_seed5] epoch 0068  train_log_mse=0.00320  val_log_mse=0.06835  val_mse=0.000374  max_grad=0.90  patience=5/30
2026-10-09 05:12:39,386  gsv3.training             INFO     [random:random_seed5] epoch 0069  count_mse=0.0742  count_rel_err_2q=0.193
2026-10-09 05:12:39,386  gsv3.training             INFO     [random:random_seed5] epoch 0069  region_bce=0.0706  dist_mse=0.0732  region_overlap=0.928
2026-10-09 05:12:39,388  gsv3.training             INFO     [random:random_seed5] epoch 0069  train_log_mse=0.00458  val_log_mse=0.05802  val_mse=0.000345  max_grad=1.07  patience=0/30
2026-10-09 05:12:47,443  gsv3.training             INFO     [random:random_seed5] epoch 0070  count_mse=0.0718  count_rel_err_2q=0.192
2026-10-09 05:12:47,443  gsv3.training             INFO     [random:random_seed5] epoch 0070  region_bce=0.0671  dist_mse=0.0716  region_overlap=0.931
2026-10-09 05:12:47,443  gsv3.training             INFO     [random:random_seed5] epoch 0070  train_log_mse=0.00365  val_log_mse=0.07503  val_mse=0.000401  max_grad=2.31  patience=1/30
2026-10-09 05:12:55,499  gsv3.training             INFO     [random:random_seed5] epoch 0071  count_mse=0.0726  count_rel_err_2q=0.191
2026-10-09 05:12:55,499  gsv3.training             INFO     [random:random_seed5] epoch 0071  region_bce=0.0683  dist_mse=0.0718  region_overlap=0.930
2026-10-09 05:12:55,499  gsv3.training             INFO     [random:random_seed5] epoch 0071  train_log_mse=0.00407  val_log_mse=0.05966  val_mse=0.000354  max_grad=0.83  patience=2/30
2026-10-09 05:13:03,687  gsv3.training             INFO     [random:random_seed5] epoch 0072  count_mse=0.0697  count_rel_err_2q=0.189
2026-10-09 05:13:03,688  gsv3.training             INFO     [random:random_seed5] epoch 0072  region_bce=0.0593  dist_mse=0.0694  region_overlap=0.935
2026-10-09 05:13:03,688  gsv3.training             INFO     [random:random_seed5] epoch 0072  train_log_mse=0.00297  val_log_mse=0.05871  val_mse=0.000352  max_grad=0.50  patience=3/30
2026-10-09 05:13:11,765  gsv3.training             INFO     [random:random_seed5] epoch 0073  count_mse=0.0688  count_rel_err_2q=0.188
2026-10-09 05:13:11,765  gsv3.training             INFO     [random:random_seed5] epoch 0073  region_bce=0.0590  dist_mse=0.0689  region_overlap=0.935
2026-10-09 05:13:11,767  gsv3.training             INFO     [random:random_seed5] epoch 0073  train_log_mse=0.00287  val_log_mse=0.05669  val_mse=0.000341  max_grad=0.61  patience=0/30
2026-10-09 05:13:19,823  gsv3.training             INFO     [random:random_seed5] epoch 0074  count_mse=0.0697  count_rel_err_2q=0.189
2026-10-09 05:13:19,823  gsv3.training             INFO     [random:random_seed5] epoch 0074  region_bce=0.0653  dist_mse=0.0701  region_overlap=0.932
2026-10-09 05:13:19,823  gsv3.training             INFO     [random:random_seed5] epoch 0074  train_log_mse=0.00347  val_log_mse=0.08179  val_mse=0.000570  max_grad=0.88  patience=1/30
2026-10-09 05:13:27,908  gsv3.training             INFO     [random:random_seed5] epoch 0075  count_mse=0.0770  count_rel_err_2q=0.200
2026-10-09 05:13:27,909  gsv3.training             INFO     [random:random_seed5] epoch 0075  region_bce=0.0893  dist_mse=0.0777  region_overlap=0.919
2026-10-09 05:13:27,909  gsv3.training             INFO     [random:random_seed5] epoch 0075  train_log_mse=0.00764  val_log_mse=0.08494  val_mse=0.000363  max_grad=19.77  patience=2/30
2026-10-09 05:13:35,983  gsv3.training             INFO     [random:random_seed5] epoch 0076  count_mse=0.0760  count_rel_err_2q=0.198
2026-10-09 05:13:35,984  gsv3.training             INFO     [random:random_seed5] epoch 0076  region_bce=0.0788  dist_mse=0.0748  region_overlap=0.924
2026-10-09 05:13:35,984  gsv3.training             INFO     [random:random_seed5] epoch 0076  train_log_mse=0.00764  val_log_mse=0.09351  val_mse=0.000416  max_grad=14.28  patience=3/30
2026-10-09 05:13:44,044  gsv3.training             INFO     [random:random_seed5] epoch 0077  count_mse=0.0723  count_rel_err_2q=0.191
2026-10-09 05:13:44,044  gsv3.training             INFO     [random:random_seed5] epoch 0077  region_bce=0.0706  dist_mse=0.0726  region_overlap=0.928
2026-10-09 05:13:44,044  gsv3.training             INFO     [random:random_seed5] epoch 0077  train_log_mse=0.00438  val_log_mse=0.06627  val_mse=0.000539  max_grad=19.00  patience=4/30
2026-10-09 05:13:52,098  gsv3.training             INFO     [random:random_seed5] epoch 0078  count_mse=0.0715  count_rel_err_2q=0.194
2026-10-09 05:13:52,098  gsv3.training             INFO     [random:random_seed5] epoch 0078  region_bce=0.0615  dist_mse=0.0699  region_overlap=0.934
2026-10-09 05:13:52,098  gsv3.training             INFO     [random:random_seed5] epoch 0078  train_log_mse=0.00360  val_log_mse=0.05769  val_mse=0.000406  max_grad=1.53  patience=5/30
2026-10-09 05:14:00,166  gsv3.training             INFO     [random:random_seed5] epoch 0079  count_mse=0.0685  count_rel_err_2q=0.189
2026-10-09 05:14:00,166  gsv3.training             INFO     [random:random_seed5] epoch 0079  region_bce=0.0615  dist_mse=0.0699  region_overlap=0.935
2026-10-09 05:14:00,166  gsv3.training             INFO     [random:random_seed5] epoch 0079  train_log_mse=0.00324  val_log_mse=0.07474  val_mse=0.000367  max_grad=32.99  patience=6/30
2026-10-09 05:14:08,223  gsv3.training             INFO     [random:random_seed5] epoch 0080  count_mse=0.0684  count_rel_err_2q=0.189
2026-10-09 05:14:08,223  gsv3.training             INFO     [random:random_seed5] epoch 0080  region_bce=0.0587  dist_mse=0.0691  region_overlap=0.936
2026-10-09 05:14:08,223  gsv3.training             INFO     [random:random_seed5] epoch 0080  train_log_mse=0.00369  val_log_mse=0.06290  val_mse=0.000374  max_grad=12.56  patience=7/30
2026-10-09 05:14:16,292  gsv3.training             INFO     [random:random_seed5] epoch 0081  count_mse=0.0681  count_rel_err_2q=0.190
2026-10-09 05:14:16,292  gsv3.training             INFO     [random:random_seed5] epoch 0081  region_bce=0.0561  dist_mse=0.0680  region_overlap=0.938
2026-10-09 05:14:16,292  gsv3.training             INFO     [random:random_seed5] epoch 0081  train_log_mse=0.00343  val_log_mse=0.05589  val_mse=0.000353  max_grad=0.83  patience=8/30
2026-10-09 05:14:24,351  gsv3.training             INFO     [random:random_seed5] epoch 0082  count_mse=0.0700  count_rel_err_2q=0.189
2026-10-09 05:14:24,351  gsv3.training             INFO     [random:random_seed5] epoch 0082  region_bce=0.0589  dist_mse=0.0687  region_overlap=0.936
2026-10-09 05:14:24,351  gsv3.training             INFO     [random:random_seed5] epoch 0082  train_log_mse=0.00410  val_log_mse=0.08598  val_mse=0.000405  max_grad=9.82  patience=9/30
2026-10-09 05:14:32,422  gsv3.training             INFO     [random:random_seed5] epoch 0083  count_mse=0.0687  count_rel_err_2q=0.189
2026-10-09 05:14:32,422  gsv3.training             INFO     [random:random_seed5] epoch 0083  region_bce=0.0584  dist_mse=0.0683  region_overlap=0.936
2026-10-09 05:14:32,425  gsv3.training             INFO     [random:random_seed5] epoch 0083  train_log_mse=0.00407  val_log_mse=0.05760  val_mse=0.000340  max_grad=0.80  patience=0/30
2026-10-09 05:14:40,561  gsv3.training             INFO     [random:random_seed5] epoch 0084  count_mse=0.0662  count_rel_err_2q=0.185
2026-10-09 05:14:40,561  gsv3.training             INFO     [random:random_seed5] epoch 0084  region_bce=0.0526  dist_mse=0.0661  region_overlap=0.940
2026-10-09 05:14:40,563  gsv3.training             INFO     [random:random_seed5] epoch 0084  train_log_mse=0.00280  val_log_mse=0.05965  val_mse=0.000335  max_grad=0.54  patience=0/30
2026-10-09 05:14:48,618  gsv3.training             INFO     [random:random_seed5] epoch 0085  count_mse=0.0661  count_rel_err_2q=0.187
2026-10-09 05:14:48,618  gsv3.training             INFO     [random:random_seed5] epoch 0085  region_bce=0.0535  dist_mse=0.0662  region_overlap=0.940
2026-10-09 05:14:48,618  gsv3.training             INFO     [random:random_seed5] epoch 0085  train_log_mse=0.00296  val_log_mse=0.05544  val_mse=0.000343  max_grad=0.54  patience=1/30
2026-10-09 05:14:56,679  gsv3.training             INFO     [random:random_seed5] epoch 0086  count_mse=0.0654  count_rel_err_2q=0.186
2026-10-09 05:14:56,679  gsv3.training             INFO     [random:random_seed5] epoch 0086  region_bce=0.0525  dist_mse=0.0657  region_overlap=0.940
2026-10-09 05:14:56,682  gsv3.training             INFO     [random:random_seed5] epoch 0086  train_log_mse=0.00287  val_log_mse=0.06114  val_mse=0.000328  max_grad=0.67  patience=0/30
2026-10-09 05:15:04,741  gsv3.training             INFO     [random:random_seed5] epoch 0087  count_mse=0.0656  count_rel_err_2q=0.187
2026-10-09 05:15:04,741  gsv3.training             INFO     [random:random_seed5] epoch 0087  region_bce=0.0521  dist_mse=0.0652  region_overlap=0.941
2026-10-09 05:15:04,741  gsv3.training             INFO     [random:random_seed5] epoch 0087  train_log_mse=0.00316  val_log_mse=0.07620  val_mse=0.000389  max_grad=0.78  patience=1/30
2026-10-09 05:15:12,805  gsv3.training             INFO     [random:random_seed5] epoch 0088  count_mse=0.0659  count_rel_err_2q=0.188
2026-10-09 05:15:12,805  gsv3.training             INFO     [random:random_seed5] epoch 0088  region_bce=0.0538  dist_mse=0.0664  region_overlap=0.940
2026-10-09 05:15:12,807  gsv3.training             INFO     [random:random_seed5] epoch 0088  train_log_mse=0.00347  val_log_mse=0.05530  val_mse=0.000326  max_grad=0.58  patience=0/30
2026-10-09 05:15:20,964  gsv3.training             INFO     [random:random_seed5] epoch 0089  count_mse=0.0660  count_rel_err_2q=0.188
2026-10-09 05:15:20,964  gsv3.training             INFO     [random:random_seed5] epoch 0089  region_bce=0.0548  dist_mse=0.0657  region_overlap=0.939
2026-10-09 05:15:20,964  gsv3.training             INFO     [random:random_seed5] epoch 0089  train_log_mse=0.00331  val_log_mse=0.08089  val_mse=0.000501  max_grad=0.87  patience=1/30
2026-10-09 05:15:29,023  gsv3.training             INFO     [random:random_seed5] epoch 0090  count_mse=0.0688  count_rel_err_2q=0.192
2026-10-09 05:15:29,023  gsv3.training             INFO     [random:random_seed5] epoch 0090  region_bce=0.0663  dist_mse=0.0701  region_overlap=0.932
2026-10-09 05:15:29,023  gsv3.training             INFO     [random:random_seed5] epoch 0090  train_log_mse=0.00481  val_log_mse=0.05504  val_mse=0.000344  max_grad=5.73  patience=2/30
2026-10-09 05:15:37,074  gsv3.training             INFO     [random:random_seed5] epoch 0091  count_mse=0.0649  count_rel_err_2q=0.189
2026-10-09 05:15:37,074  gsv3.training             INFO     [random:random_seed5] epoch 0091  region_bce=0.0505  dist_mse=0.0647  region_overlap=0.942
2026-10-09 05:15:37,074  gsv3.training             INFO     [random:random_seed5] epoch 0091  train_log_mse=0.00290  val_log_mse=0.05451  val_mse=0.000350  max_grad=0.55  patience=3/30
2026-10-09 05:15:45,135  gsv3.training             INFO     [random:random_seed5] epoch 0092  count_mse=0.0644  count_rel_err_2q=0.187
2026-10-09 05:15:45,135  gsv3.training             INFO     [random:random_seed5] epoch 0092  region_bce=0.0483  dist_mse=0.0634  region_overlap=0.943
2026-10-09 05:15:45,135  gsv3.training             INFO     [random:random_seed5] epoch 0092  train_log_mse=0.00291  val_log_mse=0.05836  val_mse=0.000338  max_grad=0.48  patience=4/30
2026-10-09 05:15:53,282  gsv3.training             INFO     [random:random_seed5] epoch 0093  count_mse=0.0633  count_rel_err_2q=0.186
2026-10-09 05:15:53,282  gsv3.training             INFO     [random:random_seed5] epoch 0093  region_bce=0.0470  dist_mse=0.0628  region_overlap=0.944
2026-10-09 05:15:53,282  gsv3.training             INFO     [random:random_seed5] epoch 0093  train_log_mse=0.00267  val_log_mse=0.05944  val_mse=0.000330  max_grad=0.42  patience=5/30
2026-10-09 05:16:01,333  gsv3.training             INFO     [random:random_seed5] epoch 0094  count_mse=0.0636  count_rel_err_2q=0.186
2026-10-09 05:16:01,334  gsv3.training             INFO     [random:random_seed5] epoch 0094  region_bce=0.0482  dist_mse=0.0630  region_overlap=0.943
2026-10-09 05:16:01,334  gsv3.training             INFO     [random:random_seed5] epoch 0094  train_log_mse=0.00303  val_log_mse=0.05993  val_mse=0.000350  max_grad=0.64  patience=6/30
2026-10-09 05:16:09,384  gsv3.training             INFO     [random:random_seed5] epoch 0095  count_mse=0.0642  count_rel_err_2q=0.188
2026-10-09 05:16:09,384  gsv3.training             INFO     [random:random_seed5] epoch 0095  region_bce=0.0514  dist_mse=0.0640  region_overlap=0.942
2026-10-09 05:16:09,384  gsv3.training             INFO     [random:random_seed5] epoch 0095  train_log_mse=0.00329  val_log_mse=0.07015  val_mse=0.000456  max_grad=0.68  patience=7/30
2026-10-09 05:16:17,429  gsv3.training             INFO     [random:random_seed5] epoch 0096  count_mse=0.0639  count_rel_err_2q=0.189
2026-10-09 05:16:17,430  gsv3.training             INFO     [random:random_seed5] epoch 0096  region_bce=0.0485  dist_mse=0.0631  region_overlap=0.943
2026-10-09 05:16:17,430  gsv3.training             INFO     [random:random_seed5] epoch 0096  train_log_mse=0.00305  val_log_mse=0.06050  val_mse=0.000376  max_grad=0.51  patience=8/30
2026-10-09 05:16:25,577  gsv3.training             INFO     [random:random_seed5] epoch 0097  count_mse=0.0635  count_rel_err_2q=0.188
2026-10-09 05:16:25,577  gsv3.training             INFO     [random:random_seed5] epoch 0097  region_bce=0.0481  dist_mse=0.0623  region_overlap=0.944
2026-10-09 05:16:25,577  gsv3.training             INFO     [random:random_seed5] epoch 0097  train_log_mse=0.00310  val_log_mse=0.06282  val_mse=0.000393  max_grad=0.67  patience=9/30
2026-10-09 05:16:33,656  gsv3.training             INFO     [random:random_seed5] epoch 0098  count_mse=0.0627  count_rel_err_2q=0.187
2026-10-09 05:16:33,656  gsv3.training             INFO     [random:random_seed5] epoch 0098  region_bce=0.0504  dist_mse=0.0630  region_overlap=0.942
2026-10-09 05:16:33,656  gsv3.training             INFO     [random:random_seed5] epoch 0098  train_log_mse=0.00281  val_log_mse=0.06087  val_mse=0.000348  max_grad=0.76  patience=10/30
2026-10-09 05:16:41,709  gsv3.training             INFO     [random:random_seed5] epoch 0099  count_mse=0.0621  count_rel_err_2q=0.186
2026-10-09 05:16:41,709  gsv3.training             INFO     [random:random_seed5] epoch 0099  region_bce=0.0462  dist_mse=0.0610  region_overlap=0.945
2026-10-09 05:16:41,709  gsv3.training             INFO     [random:random_seed5] epoch 0099  train_log_mse=0.00247  val_log_mse=0.05717  val_mse=0.000372  max_grad=0.42  patience=11/30
2026-10-09 05:16:49,767  gsv3.training             INFO     [random:random_seed5] epoch 0100  count_mse=0.0644  count_rel_err_2q=0.190
2026-10-09 05:16:49,767  gsv3.training             INFO     [random:random_seed5] epoch 0100  region_bce=0.0549  dist_mse=0.0643  region_overlap=0.939
2026-10-09 05:16:49,767  gsv3.training             INFO     [random:random_seed5] epoch 0100  train_log_mse=0.00370  val_log_mse=0.11765  val_mse=0.000400  max_grad=1.05  patience=12/30
2026-10-09 05:16:57,836  gsv3.training             INFO     [random:random_seed5] epoch 0101  count_mse=0.0680  count_rel_err_2q=0.194
2026-10-09 05:16:57,836  gsv3.training             INFO     [random:random_seed5] epoch 0101  region_bce=0.0665  dist_mse=0.0688  region_overlap=0.932
2026-10-09 05:16:57,836  gsv3.training             INFO     [random:random_seed5] epoch 0101  train_log_mse=0.00552  val_log_mse=0.08410  val_mse=0.000450  max_grad=12.37  patience=13/30
2026-10-09 05:17:05,886  gsv3.training             INFO     [random:random_seed5] epoch 0102  count_mse=0.0648  count_rel_err_2q=0.190
2026-10-09 05:17:05,886  gsv3.training             INFO     [random:random_seed5] epoch 0102  region_bce=0.0536  dist_mse=0.0647  region_overlap=0.940
2026-10-09 05:17:05,886  gsv3.training             INFO     [random:random_seed5] epoch 0102  train_log_mse=0.00364  val_log_mse=0.06303  val_mse=0.000369  max_grad=2.58  patience=14/30
2026-10-09 05:17:14,028  gsv3.training             INFO     [random:random_seed5] epoch 0103  count_mse=0.0634  count_rel_err_2q=0.189
2026-10-09 05:17:14,028  gsv3.training             INFO     [random:random_seed5] epoch 0103  region_bce=0.0508  dist_mse=0.0640  region_overlap=0.942
2026-10-09 05:17:14,028  gsv3.training             INFO     [random:random_seed5] epoch 0103  train_log_mse=0.00339  val_log_mse=0.06473  val_mse=0.000388  max_grad=59.45  patience=15/30
2026-10-09 05:17:22,082  gsv3.training             INFO     [random:random_seed5] epoch 0104  count_mse=0.0621  count_rel_err_2q=0.187
2026-10-09 05:17:22,082  gsv3.training             INFO     [random:random_seed5] epoch 0104  region_bce=0.0470  dist_mse=0.0624  region_overlap=0.944
2026-10-09 05:17:22,082  gsv3.training             INFO     [random:random_seed5] epoch 0104  train_log_mse=0.00265  val_log_mse=0.05840  val_mse=0.000358  max_grad=1.06  patience=16/30
2026-10-09 05:17:30,129  gsv3.training             INFO     [random:random_seed5] epoch 0105  count_mse=0.0611  count_rel_err_2q=0.185
2026-10-09 05:17:30,129  gsv3.training             INFO     [random:random_seed5] epoch 0105  region_bce=0.0425  dist_mse=0.0597  region_overlap=0.947
2026-10-09 05:17:30,129  gsv3.training             INFO     [random:random_seed5] epoch 0105  train_log_mse=0.00260  val_log_mse=0.06045  val_mse=0.000345  max_grad=0.48  patience=17/30
2026-10-09 05:17:38,279  gsv3.training             INFO     [random:random_seed5] epoch 0106  count_mse=0.0617  count_rel_err_2q=0.188
2026-10-09 05:17:38,279  gsv3.training             INFO     [random:random_seed5] epoch 0106  region_bce=0.0461  dist_mse=0.0605  region_overlap=0.945
2026-10-09 05:17:38,279  gsv3.training             INFO     [random:random_seed5] epoch 0106  train_log_mse=0.00294  val_log_mse=0.06395  val_mse=0.000378  max_grad=0.76  patience=18/30
2026-10-09 05:17:46,345  gsv3.training             INFO     [random:random_seed5] epoch 0107  count_mse=0.0639  count_rel_err_2q=0.189
2026-10-09 05:17:46,346  gsv3.training             INFO     [random:random_seed5] epoch 0107  region_bce=0.0511  dist_mse=0.0632  region_overlap=0.942
2026-10-09 05:17:46,346  gsv3.training             INFO     [random:random_seed5] epoch 0107  train_log_mse=0.00379  val_log_mse=0.06315  val_mse=0.000346  max_grad=2.79  patience=19/30
2026-10-09 05:17:54,496  gsv3.training             INFO     [random:random_seed5] epoch 0108  count_mse=0.0605  count_rel_err_2q=0.186
2026-10-09 05:17:54,496  gsv3.training             INFO     [random:random_seed5] epoch 0108  region_bce=0.0438  dist_mse=0.0597  region_overlap=0.947
2026-10-09 05:17:54,496  gsv3.training             INFO     [random:random_seed5] epoch 0108  train_log_mse=0.00268  val_log_mse=0.06738  val_mse=0.000351  max_grad=0.98  patience=20/30
2026-10-09 05:18:02,553  gsv3.training             INFO     [random:random_seed5] epoch 0109  count_mse=0.0604  count_rel_err_2q=0.186
2026-10-09 05:18:02,553  gsv3.training             INFO     [random:random_seed5] epoch 0109  region_bce=0.0440  dist_mse=0.0596  region_overlap=0.947
2026-10-09 05:18:02,553  gsv3.training             INFO     [random:random_seed5] epoch 0109  train_log_mse=0.00285  val_log_mse=0.05680  val_mse=0.000349  max_grad=0.80  patience=21/30
2026-10-09 05:18:10,599  gsv3.training             INFO     [random:random_seed5] epoch 0110  count_mse=0.0599  count_rel_err_2q=0.186
2026-10-09 05:18:10,599  gsv3.training             INFO     [random:random_seed5] epoch 0110  region_bce=0.0426  dist_mse=0.0588  region_overlap=0.947
2026-10-09 05:18:10,599  gsv3.training             INFO     [random:random_seed5] epoch 0110  train_log_mse=0.00241  val_log_mse=0.05965  val_mse=0.000346  max_grad=0.44  patience=22/30
2026-10-09 05:18:18,657  gsv3.training             INFO     [random:random_seed5] epoch 0111  count_mse=0.0599  count_rel_err_2q=0.187
2026-10-09 05:18:18,657  gsv3.training             INFO     [random:random_seed5] epoch 0111  region_bce=0.0411  dist_mse=0.0579  region_overlap=0.948
2026-10-09 05:18:18,657  gsv3.training             INFO     [random:random_seed5] epoch 0111  train_log_mse=0.00245  val_log_mse=0.06095  val_mse=0.000331  max_grad=0.37  patience=23/30
2026-10-09 05:18:26,800  gsv3.training             INFO     [random:random_seed5] epoch 0112  count_mse=0.0609  count_rel_err_2q=0.187
2026-10-09 05:18:26,800  gsv3.training             INFO     [random:random_seed5] epoch 0112  region_bce=0.0440  dist_mse=0.0589  region_overlap=0.947
2026-10-09 05:18:26,800  gsv3.training             INFO     [random:random_seed5] epoch 0112  train_log_mse=0.00320  val_log_mse=0.05476  val_mse=0.000333  max_grad=0.89  patience=24/30
2026-10-09 05:18:34,862  gsv3.training             INFO     [random:random_seed5] epoch 0113  count_mse=0.0592  count_rel_err_2q=0.185
2026-10-09 05:18:34,862  gsv3.training             INFO     [random:random_seed5] epoch 0113  region_bce=0.0402  dist_mse=0.0569  region_overlap=0.949
2026-10-09 05:18:34,863  gsv3.training             INFO     [random:random_seed5] epoch 0113  train_log_mse=0.00237  val_log_mse=0.05485  val_mse=0.000343  max_grad=0.39  patience=25/30
2026-10-09 05:18:42,906  gsv3.training             INFO     [random:random_seed5] epoch 0114  count_mse=0.0615  count_rel_err_2q=0.187
2026-10-09 05:18:42,906  gsv3.training             INFO     [random:random_seed5] epoch 0114  region_bce=0.0496  dist_mse=0.0607  region_overlap=0.943
2026-10-09 05:18:42,906  gsv3.training             INFO     [random:random_seed5] epoch 0114  train_log_mse=0.00350  val_log_mse=0.13982  val_mse=0.000568  max_grad=3.05  patience=26/30
2026-10-09 05:18:51,059  gsv3.training             INFO     [random:random_seed5] epoch 0115  count_mse=0.0650  count_rel_err_2q=0.196
2026-10-09 05:18:51,059  gsv3.training             INFO     [random:random_seed5] epoch 0115  region_bce=0.0674  dist_mse=0.0677  region_overlap=0.933
2026-10-09 05:18:51,059  gsv3.training             INFO     [random:random_seed5] epoch 0115  train_log_mse=0.00503  val_log_mse=0.06995  val_mse=0.000340  max_grad=3.40  patience=27/30
2026-10-09 05:18:59,111  gsv3.training             INFO     [random:random_seed5] epoch 0116  count_mse=0.0624  count_rel_err_2q=0.193
2026-10-09 05:18:59,111  gsv3.training             INFO     [random:random_seed5] epoch 0116  region_bce=0.0474  dist_mse=0.0609  region_overlap=0.944
2026-10-09 05:18:59,111  gsv3.training             INFO     [random:random_seed5] epoch 0116  train_log_mse=0.00440  val_log_mse=0.06792  val_mse=0.000376  max_grad=2.68  patience=28/30
2026-10-09 05:19:07,162  gsv3.training             INFO     [random:random_seed5] epoch 0117  count_mse=0.0593  count_rel_err_2q=0.187
2026-10-09 05:19:07,162  gsv3.training             INFO     [random:random_seed5] epoch 0117  region_bce=0.0407  dist_mse=0.0580  region_overlap=0.949
2026-10-09 05:19:07,162  gsv3.training             INFO     [random:random_seed5] epoch 0117  train_log_mse=0.00250  val_log_mse=0.06045  val_mse=0.000333  max_grad=0.39  patience=29/30
2026-10-09 05:19:15,206  gsv3.training             INFO     [random:random_seed5] epoch 0118  count_mse=0.0579  count_rel_err_2q=0.187
2026-10-09 05:19:15,207  gsv3.training             INFO     [random:random_seed5] epoch 0118  region_bce=0.0374  dist_mse=0.0559  region_overlap=0.951
2026-10-09 05:19:15,207  gsv3.training             INFO     [random:random_seed5] epoch 0118  train_log_mse=0.00221  val_log_mse=0.05966  val_mse=0.000357  max_grad=0.34  patience=30/30
2026-10-09 05:19:16,993  gsv3.experiment           INFO     [random_seed5] TEST  n=5117  MAE=0.0097  R2=0.9961  device-acc=0.783  regret=0.0024
2026-10-09 05:19:16,997  genstudy.io               INFO     Wrote evaluations/generalization_v8/results/v8a_c001/random_control/random_seed5/metrics.json
2026-10-09 05:19:17,021  genstudy.io               INFO     Wrote evaluations/generalization_v8/results/v8a_c001/random_control/random_seed5/predictions.json
2026-10-09 05:19:17,032  genstudy.io               INFO     Wrote evaluations/generalization_v8/results/v8a_c001/random_control/random_seed5/history.json
2026-10-09 05:19:17,052  run_experiment            INFO     random_control finished: 1 complete, 0 skipped
2026-10-09 05:22:53,538  genstudy.io               INFO     Logging to evaluations/generalization_v8/results/v8a_c001/random_control/run.log
2026-10-09 05:22:53,539  run_experiment            INFO     Command line: evaluations/generalization_v3/scripts/run_experiment.py control --model sinkhorn --balance-alpha 0 --lr 3e-4 --grad-clip 1.0 --seed 5 --families x --groups x --loss mixed --val-mode random --layout-lambda 0.1 --layout-loss region_dist --layouts-path evaluations/compile_check/results/compiler_layouts_v6pilot.pt --count-lambda 0.01 --counts-path evaluations/compile_check/results/compiler_counts_v8.pt --results-dir evaluations/generalization_v8/results/v8a_c001
2026-10-09 05:22:53,539  gsv2.gpu                  WARNING  No CUDA device available — running on the CPU.
2026-10-09 05:22:53,540  gsv3.model                INFO     Hyper-parameters (/home/atudisco/pred-distr-tool/src/model/best_params.json + v3 defaults): {'device_hidden': 64, 'device_layers': 3, 'fusion_dim': 128, 'qubit_layers': 2, 'attn_heads': 4, 'lap_pe': 8, 'cost_bias_init': -6.0, 'hidden_dim': 142, 'num_conv_wo_resnet': 3, 'num_resnet_layers': 1, 'dropout': 0.0, 'bidirectional': True, 'mlp': [512, 256, 128], 'lr': 0.001, 'readout': 'meanmaxsum'}
2026-10-09 05:22:53,552  gsv3.devices              INFO     Device graphs: node features 13 (Laplacian PE 8), physical errors True
2026-10-09 05:22:53,553  genstudy.data             INFO     Loading graph dataset: /home/atudisco/pred-distr-tool/evaluations/generalization_v3/data/graph_dataset_expected_fidelity.pt
2026-10-09 05:22:56,749  genstudy.data             INFO     Loaded 17056 graphs
2026-10-09 05:22:57,256  run_experiment            INFO     Compiler layouts (evaluations/compile_check/results/compiler_layouts_v6pilot.pt): 16994/17056 circuits
2026-10-09 05:22:57,721  run_experiment            INFO     Compiler counts (evaluations/compile_check/results/compiler_counts_v8.pt): 16994/17056 circuits
2026-10-09 05:22:57,726  genstudy.io               INFO     Wrote evaluations/generalization_v8/results/v8a_c001/random_control/dataset_summary.json
2026-10-09 05:22:58,188  run_experiment            INFO     [1/1] random_seed5 already done — skipping
2026-10-09 05:22:58,188  run_experiment            INFO     random_control finished: 1 complete, 0 skipped
