2026-10-08 13:58:42,905  genstudy.io               INFO     Logging to evaluations/generalization_v5/results/v5b_sinkhorn_s6/leave_one_group_out/run.log
2026-10-08 13:58:42,905  run_experiment            INFO     Command line: evaluations/generalization_v3/scripts/run_experiment.py logo --model sinkhorn --balance-alpha 0 --lr 3e-4 --grad-clip 1.0 --seed 6 --families large --groups variational --loss mixed --val-mode random --epoch-budget 150 --swa-frac 0.25 --tau-start 1.0 --results-dir evaluations/generalization_v5/results/v5b_sinkhorn_s6
2026-10-08 13:58:42,905  gsv2.gpu                  WARNING  No CUDA device available — running on the CPU.
2026-10-08 13:58:42,906  gsv3.model                INFO     Hyper-parameters (/home/atudisco/pred-distr-tool/src/model/best_params.json + v3 defaults): {'device_hidden': 64, 'device_layers': 3, 'fusion_dim': 128, 'qubit_layers': 2, 'attn_heads': 4, 'lap_pe': 8, 'cost_bias_init': -6.0, 'hidden_dim': 142, 'num_conv_wo_resnet': 3, 'num_resnet_layers': 1, 'dropout': 0.0, 'bidirectional': True, 'mlp': [512, 256, 128], 'lr': 0.001, 'readout': 'meanmaxsum'}
2026-10-08 13:58:42,918  gsv3.devices              INFO     Device graphs: node features 13 (Laplacian PE 8), physical errors True
2026-10-08 13:58:42,918  genstudy.data             INFO     Loading graph dataset: /home/atudisco/pred-distr-tool/evaluations/generalization_v3/data/graph_dataset_expected_fidelity.pt
2026-10-08 13:58:46,363  genstudy.data             INFO     Loaded 17056 graphs
2026-10-08 13:58:46,391  genstudy.io               INFO     Wrote evaluations/generalization_v5/results/v5b_sinkhorn_s6/leave_one_group_out/dataset_summary.json
2026-10-08 13:58:46,393  run_experiment            INFO     [1/1] variational
2026-10-08 13:58:46,395  gsv3.experiment           INFO     === group_holdout / variational ===
2026-10-08 13:58:46,395  gsv3.experiment           INFO     Leave-one-group-out: test = all 9928 circuits of group 'variational' (qnn, vqe_real_amp, vqe_su2, vqe_two_local), train = 7128 circuits from the other 31 families.
2026-10-08 13:58:46,396  gsv3.experiment           INFO     train=5702  val=1426 ({'mode': 'random'})  test=9928
2026-10-08 13:58:46,464  gsv3.training             INFO     [group_holdout:variational] model=sinkhorn (979423 params) train=5702 val=1426 lr=0.0003 clip=1.0 alpha=0.00
2026-10-08 13:59:41,393  gsv3.training             INFO     [group_holdout:variational] epoch 0001  train_log_mse=0.57688  val_log_mse=0.78344  val_mse=0.005814  max_grad=397.85  patience=0/30
2026-10-08 14:00:36,118  gsv3.training             INFO     [group_holdout:variational] epoch 0002  train_log_mse=0.05110  val_log_mse=0.27943  val_mse=0.002070  max_grad=12.50  patience=0/30
2026-10-08 14:01:30,829  gsv3.training             INFO     [group_holdout:variational] epoch 0003  train_log_mse=0.03000  val_log_mse=0.27959  val_mse=0.001488  max_grad=14.74  patience=0/30
2026-10-08 14:02:25,997  gsv3.training             INFO     [group_holdout:variational] epoch 0004  train_log_mse=0.02488  val_log_mse=0.31499  val_mse=0.001263  max_grad=9.46  patience=0/30
2026-10-08 14:03:21,251  gsv3.training             INFO     [group_holdout:variational] epoch 0005  train_log_mse=0.01990  val_log_mse=0.15898  val_mse=0.000999  max_grad=6.42  patience=0/30
2026-10-08 14:04:16,560  gsv3.training             INFO     [group_holdout:variational] epoch 0006  train_log_mse=0.01506  val_log_mse=0.12391  val_mse=0.000848  max_grad=1.46  patience=0/30
2026-10-08 14:05:11,670  gsv3.training             INFO     [group_holdout:variational] epoch 0007  train_log_mse=0.01393  val_log_mse=0.13735  val_mse=0.000973  max_grad=7.46  patience=1/30
2026-10-08 14:06:07,059  gsv3.training             INFO     [group_holdout:variational] epoch 0008  train_log_mse=0.01502  val_log_mse=0.16205  val_mse=0.000755  max_grad=5.12  patience=0/30
2026-10-08 14:07:01,487  gsv3.training             INFO     [group_holdout:variational] epoch 0009  train_log_mse=0.01180  val_log_mse=0.12448  val_mse=0.000880  max_grad=27.66  patience=1/30
2026-10-08 14:07:56,041  gsv3.training             INFO     [group_holdout:variational] epoch 0010  train_log_mse=0.01224  val_log_mse=0.13294  val_mse=0.001068  max_grad=2.64  patience=2/30
2026-10-08 14:08:50,399  gsv3.training             INFO     [group_holdout:variational] epoch 0011  train_log_mse=0.00971  val_log_mse=0.11428  val_mse=0.000628  max_grad=1.32  patience=0/30
2026-10-08 14:09:44,916  gsv3.training             INFO     [group_holdout:variational] epoch 0012  train_log_mse=0.00865  val_log_mse=0.09825  val_mse=0.000594  max_grad=1.23  patience=0/30
2026-10-08 14:10:39,703  gsv3.training             INFO     [group_holdout:variational] epoch 0013  train_log_mse=0.00974  val_log_mse=0.18954  val_mse=0.000775  max_grad=7.69  patience=1/30
2026-10-08 14:11:33,919  gsv3.training             INFO     [group_holdout:variational] epoch 0014  train_log_mse=0.00966  val_log_mse=0.12572  val_mse=0.000716  max_grad=6.44  patience=2/30
2026-10-08 14:12:28,119  gsv3.training             INFO     [group_holdout:variational] epoch 0015  train_log_mse=0.00971  val_log_mse=0.09827  val_mse=0.000628  max_grad=1.97  patience=3/30
2026-10-08 14:13:22,380  gsv3.training             INFO     [group_holdout:variational] epoch 0016  train_log_mse=0.00988  val_log_mse=0.16166  val_mse=0.000775  max_grad=2.58  patience=4/30
2026-10-08 14:14:16,599  gsv3.training             INFO     [group_holdout:variational] epoch 0017  train_log_mse=0.00851  val_log_mse=0.09074  val_mse=0.000746  max_grad=1.22  patience=5/30
2026-10-08 14:15:10,740  gsv3.training             INFO     [group_holdout:variational] epoch 0018  train_log_mse=0.00692  val_log_mse=0.08983  val_mse=0.000557  max_grad=0.85  patience=0/30
2026-10-08 14:16:04,939  gsv3.training             INFO     [group_holdout:variational] epoch 0019  train_log_mse=0.00671  val_log_mse=0.08017  val_mse=0.000538  max_grad=1.23  patience=0/30
2026-10-08 14:16:58,887  gsv3.training             INFO     [group_holdout:variational] epoch 0020  train_log_mse=0.00740  val_log_mse=0.08033  val_mse=0.000561  max_grad=6.54  patience=1/30
2026-10-08 14:17:53,212  gsv3.training             INFO     [group_holdout:variational] epoch 0021  train_log_mse=0.00827  val_log_mse=0.11883  val_mse=0.000642  max_grad=1.22  patience=2/30
2026-10-08 14:18:47,761  gsv3.training             INFO     [group_holdout:variational] epoch 0022  train_log_mse=0.00679  val_log_mse=0.07351  val_mse=0.000520  max_grad=1.08  patience=0/30
2026-10-08 14:19:42,432  gsv3.training             INFO     [group_holdout:variational] epoch 0023  train_log_mse=0.00681  val_log_mse=0.08863  val_mse=0.000556  max_grad=0.78  patience=1/30
2026-10-08 14:20:36,907  gsv3.training             INFO     [group_holdout:variational] epoch 0024  train_log_mse=0.00738  val_log_mse=0.07564  val_mse=0.000524  max_grad=2.94  patience=2/30
2026-10-08 14:21:31,355  gsv3.training             INFO     [group_holdout:variational] epoch 0025  train_log_mse=0.00594  val_log_mse=0.07138  val_mse=0.000554  max_grad=0.70  patience=3/30
2026-10-08 14:22:25,966  gsv3.training             INFO     [group_holdout:variational] epoch 0026  train_log_mse=0.00603  val_log_mse=0.10822  val_mse=0.000552  max_grad=0.86  patience=4/30
2026-10-08 14:23:20,373  gsv3.training             INFO     [group_holdout:variational] epoch 0027  train_log_mse=0.00610  val_log_mse=0.07206  val_mse=0.000528  max_grad=0.77  patience=5/30
2026-10-08 14:24:14,782  gsv3.training             INFO     [group_holdout:variational] epoch 0028  train_log_mse=0.00554  val_log_mse=0.07299  val_mse=0.000494  max_grad=0.60  patience=0/30
2026-10-08 14:25:08,779  gsv3.training             INFO     [group_holdout:variational] epoch 0029  train_log_mse=0.00680  val_log_mse=0.10706  val_mse=0.000500  max_grad=1.55  patience=1/30
2026-10-08 14:26:03,005  gsv3.training             INFO     [group_holdout:variational] epoch 0030  train_log_mse=0.00683  val_log_mse=0.14351  val_mse=0.000656  max_grad=2.53  patience=2/30
2026-10-08 14:26:57,284  gsv3.training             INFO     [group_holdout:variational] epoch 0031  train_log_mse=0.00640  val_log_mse=0.08194  val_mse=0.000524  max_grad=0.87  patience=3/30
2026-10-08 14:27:51,624  gsv3.training             INFO     [group_holdout:variational] epoch 0032  train_log_mse=0.00637  val_log_mse=0.08347  val_mse=0.000531  max_grad=0.89  patience=4/30
2026-10-08 14:28:45,910  gsv3.training             INFO     [group_holdout:variational] epoch 0033  train_log_mse=0.00651  val_log_mse=0.09019  val_mse=0.000494  max_grad=0.94  patience=5/30
2026-10-08 14:29:40,128  gsv3.training             INFO     [group_holdout:variational] epoch 0034  train_log_mse=0.00670  val_log_mse=0.07488  val_mse=0.000549  max_grad=0.82  patience=6/30
2026-10-08 14:30:34,385  gsv3.training             INFO     [group_holdout:variational] epoch 0035  train_log_mse=0.00545  val_log_mse=0.11152  val_mse=0.000551  max_grad=0.72  patience=7/30
2026-10-08 14:31:29,116  gsv3.training             INFO     [group_holdout:variational] epoch 0036  train_log_mse=0.00566  val_log_mse=0.07312  val_mse=0.000487  max_grad=0.85  patience=0/30
2026-10-08 14:32:23,373  gsv3.training             INFO     [group_holdout:variational] epoch 0037  train_log_mse=0.00503  val_log_mse=0.07898  val_mse=0.000528  max_grad=0.45  patience=1/30
2026-10-08 14:33:17,624  gsv3.training             INFO     [group_holdout:variational] epoch 0038  train_log_mse=0.00593  val_log_mse=0.09849  val_mse=0.000541  max_grad=0.96  patience=2/30
2026-10-08 14:34:12,021  gsv3.training             INFO     [group_holdout:variational] epoch 0039  train_log_mse=0.00569  val_log_mse=0.07529  val_mse=0.000486  max_grad=0.61  patience=0/30
2026-10-08 14:35:06,276  gsv3.training             INFO     [group_holdout:variational] epoch 0040  train_log_mse=0.00526  val_log_mse=0.07404  val_mse=0.000525  max_grad=0.74  patience=1/30
2026-10-08 14:36:00,336  gsv3.training             INFO     [group_holdout:variational] epoch 0041  train_log_mse=0.00471  val_log_mse=0.07393  val_mse=0.000508  max_grad=0.48  patience=2/30
2026-10-08 14:36:54,250  gsv3.training             INFO     [group_holdout:variational] epoch 0042  train_log_mse=0.00485  val_log_mse=0.06691  val_mse=0.000494  max_grad=0.65  patience=3/30
2026-10-08 14:37:48,619  gsv3.training             INFO     [group_holdout:variational] epoch 0043  train_log_mse=0.00435  val_log_mse=0.06430  val_mse=0.000454  max_grad=0.34  patience=0/30
2026-10-08 14:38:42,917  gsv3.training             INFO     [group_holdout:variational] epoch 0044  train_log_mse=0.00465  val_log_mse=0.06760  val_mse=0.000482  max_grad=0.51  patience=1/30
2026-10-08 14:39:37,483  gsv3.training             INFO     [group_holdout:variational] epoch 0045  train_log_mse=0.00458  val_log_mse=0.08125  val_mse=0.000509  max_grad=0.53  patience=2/30
2026-10-08 14:40:31,897  gsv3.training             INFO     [group_holdout:variational] epoch 0046  train_log_mse=0.00423  val_log_mse=0.09688  val_mse=0.000489  max_grad=0.54  patience=3/30
2026-10-08 14:41:26,378  gsv3.training             INFO     [group_holdout:variational] epoch 0047  train_log_mse=0.00458  val_log_mse=0.07557  val_mse=0.000481  max_grad=0.70  patience=4/30
2026-10-08 14:42:20,866  gsv3.training             INFO     [group_holdout:variational] epoch 0048  train_log_mse=0.00512  val_log_mse=0.12794  val_mse=0.000482  max_grad=0.56  patience=5/30
2026-10-08 14:43:15,402  gsv3.training             INFO     [group_holdout:variational] epoch 0049  train_log_mse=0.00682  val_log_mse=0.09256  val_mse=0.000655  max_grad=2.51  patience=6/30
2026-10-08 14:44:09,858  gsv3.training             INFO     [group_holdout:variational] epoch 0050  train_log_mse=0.00708  val_log_mse=0.07574  val_mse=0.000506  max_grad=0.95  patience=7/30
2026-10-08 14:45:04,353  gsv3.training             INFO     [group_holdout:variational] epoch 0051  train_log_mse=0.00506  val_log_mse=0.07228  val_mse=0.000501  max_grad=0.52  patience=8/30
2026-10-08 14:45:58,797  gsv3.training             INFO     [group_holdout:variational] epoch 0052  train_log_mse=0.00460  val_log_mse=0.06940  val_mse=0.000497  max_grad=0.48  patience=9/30
2026-10-08 14:46:53,026  gsv3.training             INFO     [group_holdout:variational] epoch 0053  train_log_mse=0.00501  val_log_mse=0.07079  val_mse=0.000504  max_grad=0.56  patience=10/30
2026-10-08 14:47:47,200  gsv3.training             INFO     [group_holdout:variational] epoch 0054  train_log_mse=0.00399  val_log_mse=0.06250  val_mse=0.000483  max_grad=0.38  patience=11/30
2026-10-08 14:48:41,512  gsv3.training             INFO     [group_holdout:variational] epoch 0055  train_log_mse=0.00393  val_log_mse=0.07692  val_mse=0.000548  max_grad=0.30  patience=12/30
2026-10-08 14:49:35,658  gsv3.training             INFO     [group_holdout:variational] epoch 0056  train_log_mse=0.00394  val_log_mse=0.06846  val_mse=0.000483  max_grad=0.28  patience=13/30
2026-10-08 14:50:29,868  gsv3.training             INFO     [group_holdout:variational] epoch 0057  train_log_mse=0.00418  val_log_mse=0.07936  val_mse=0.000523  max_grad=1.02  patience=14/30
2026-10-08 14:51:23,985  gsv3.training             INFO     [group_holdout:variational] epoch 0058  train_log_mse=0.00495  val_log_mse=0.06363  val_mse=0.000490  max_grad=0.74  patience=15/30
2026-10-08 14:52:17,988  gsv3.training             INFO     [group_holdout:variational] epoch 0059  train_log_mse=0.00399  val_log_mse=0.06783  val_mse=0.000504  max_grad=0.34  patience=16/30
2026-10-08 14:53:12,137  gsv3.training             INFO     [group_holdout:variational] epoch 0060  train_log_mse=0.00419  val_log_mse=0.08106  val_mse=0.000455  max_grad=0.46  patience=17/30
2026-10-08 14:54:05,865  gsv3.training             INFO     [group_holdout:variational] epoch 0061  train_log_mse=0.00382  val_log_mse=0.06402  val_mse=0.000493  max_grad=0.31  patience=18/30
2026-10-08 14:54:59,896  gsv3.training             INFO     [group_holdout:variational] epoch 0062  train_log_mse=0.00374  val_log_mse=0.07881  val_mse=0.000496  max_grad=0.33  patience=19/30
2026-10-08 14:55:53,913  gsv3.training             INFO     [group_holdout:variational] epoch 0063  train_log_mse=0.00388  val_log_mse=0.06242  val_mse=0.000491  max_grad=0.56  patience=20/30
2026-10-08 14:56:47,798  gsv3.training             INFO     [group_holdout:variational] epoch 0064  train_log_mse=0.00374  val_log_mse=0.06541  val_mse=0.000499  max_grad=0.35  patience=21/30
2026-10-08 14:57:41,519  gsv3.training             INFO     [group_holdout:variational] epoch 0065  train_log_mse=0.00374  val_log_mse=0.06675  val_mse=0.000455  max_grad=0.53  patience=22/30
2026-10-08 14:58:35,667  gsv3.training             INFO     [group_holdout:variational] epoch 0066  train_log_mse=0.00408  val_log_mse=0.06708  val_mse=0.000474  max_grad=0.50  patience=23/30
2026-10-08 14:59:29,794  gsv3.training             INFO     [group_holdout:variational] epoch 0067  train_log_mse=0.00404  val_log_mse=0.06905  val_mse=0.000469  max_grad=0.61  patience=24/30
2026-10-08 15:00:24,041  gsv3.training             INFO     [group_holdout:variational] epoch 0068  train_log_mse=0.00361  val_log_mse=0.06485  val_mse=0.000477  max_grad=0.49  patience=25/30
2026-10-08 15:01:18,114  gsv3.training             INFO     [group_holdout:variational] epoch 0069  train_log_mse=0.00395  val_log_mse=0.06643  val_mse=0.000498  max_grad=1.14  patience=26/30
2026-10-08 15:02:12,280  gsv3.training             INFO     [group_holdout:variational] epoch 0070  train_log_mse=0.00344  val_log_mse=0.06425  val_mse=0.000498  max_grad=0.39  patience=27/30
2026-10-08 15:03:06,459  gsv3.training             INFO     [group_holdout:variational] epoch 0071  train_log_mse=0.00333  val_log_mse=0.06526  val_mse=0.000486  max_grad=0.23  patience=28/30
2026-10-08 15:04:00,536  gsv3.training             INFO     [group_holdout:variational] epoch 0072  train_log_mse=0.00341  val_log_mse=0.06160  val_mse=0.000461  max_grad=0.36  patience=29/30
2026-10-08 15:04:54,647  gsv3.training             INFO     [group_holdout:variational] epoch 0073  train_log_mse=0.00347  val_log_mse=0.06214  val_mse=0.000470  max_grad=0.40  patience=30/30
2026-10-08 15:05:48,954  gsv3.training             INFO     [group_holdout:variational] epoch 0074  train_log_mse=0.00337  val_log_mse=0.06696  val_mse=0.000490  max_grad=0.39  patience=31/30
2026-10-08 15:06:43,162  gsv3.training             INFO     [group_holdout:variational] epoch 0075  train_log_mse=0.00352  val_log_mse=0.06551  val_mse=0.000475  max_grad=0.61  patience=32/30
2026-10-08 15:07:37,353  gsv3.training             INFO     [group_holdout:variational] epoch 0076  train_log_mse=0.00325  val_log_mse=0.06317  val_mse=0.000503  max_grad=0.32  patience=33/30
2026-10-08 15:08:31,403  gsv3.training             INFO     [group_holdout:variational] epoch 0077  train_log_mse=0.00308  val_log_mse=0.06309  val_mse=0.000489  max_grad=0.24  patience=34/30
2026-10-08 15:09:25,606  gsv3.training             INFO     [group_holdout:variational] epoch 0078  train_log_mse=0.00316  val_log_mse=0.06437  val_mse=0.000485  max_grad=0.28  patience=35/30
2026-10-08 15:10:19,960  gsv3.training             INFO     [group_holdout:variational] epoch 0079  train_log_mse=0.00317  val_log_mse=0.06269  val_mse=0.000473  max_grad=0.32  patience=36/30
2026-10-08 15:11:14,316  gsv3.training             INFO     [group_holdout:variational] epoch 0080  train_log_mse=0.00305  val_log_mse=0.06142  val_mse=0.000482  max_grad=0.26  patience=37/30
2026-10-08 15:12:08,490  gsv3.training             INFO     [group_holdout:variational] epoch 0081  train_log_mse=0.00301  val_log_mse=0.06056  val_mse=0.000461  max_grad=0.27  patience=38/30
2026-10-08 15:13:02,966  gsv3.training             INFO     [group_holdout:variational] epoch 0082  train_log_mse=0.00311  val_log_mse=0.06989  val_mse=0.000498  max_grad=0.39  patience=39/30
2026-10-08 15:13:57,266  gsv3.training             INFO     [group_holdout:variational] epoch 0083  train_log_mse=0.00329  val_log_mse=0.06242  val_mse=0.000476  max_grad=0.30  patience=40/30
2026-10-08 15:14:51,619  gsv3.training             INFO     [group_holdout:variational] epoch 0084  train_log_mse=0.00299  val_log_mse=0.06314  val_mse=0.000463  max_grad=0.32  patience=41/30
2026-10-08 15:15:46,143  gsv3.training             INFO     [group_holdout:variational] epoch 0085  train_log_mse=0.00298  val_log_mse=0.06457  val_mse=0.000466  max_grad=0.25  patience=42/30
2026-10-08 15:16:40,404  gsv3.training             INFO     [group_holdout:variational] epoch 0086  train_log_mse=0.00295  val_log_mse=0.06476  val_mse=0.000473  max_grad=0.26  patience=43/30
2026-10-08 15:17:34,202  gsv3.training             INFO     [group_holdout:variational] epoch 0087  train_log_mse=0.00300  val_log_mse=0.06604  val_mse=0.000481  max_grad=0.28  patience=44/30
2026-10-08 15:18:28,456  gsv3.training             INFO     [group_holdout:variational] epoch 0088  train_log_mse=0.00291  val_log_mse=0.06078  val_mse=0.000463  max_grad=0.25  patience=45/30
2026-10-08 15:19:22,970  gsv3.training             INFO     [group_holdout:variational] epoch 0089  train_log_mse=0.00279  val_log_mse=0.06981  val_mse=0.000478  max_grad=0.25  patience=46/30
2026-10-08 15:20:17,287  gsv3.training             INFO     [group_holdout:variational] epoch 0090  train_log_mse=0.00279  val_log_mse=0.06308  val_mse=0.000465  max_grad=0.20  patience=47/30
2026-10-08 15:21:11,659  gsv3.training             INFO     [group_holdout:variational] epoch 0091  train_log_mse=0.00293  val_log_mse=0.06587  val_mse=0.000467  max_grad=0.37  patience=48/30
2026-10-08 15:22:05,907  gsv3.training             INFO     [group_holdout:variational] epoch 0092  train_log_mse=0.00275  val_log_mse=0.06505  val_mse=0.000471  max_grad=0.19  patience=49/30
2026-10-08 15:23:00,120  gsv3.training             INFO     [group_holdout:variational] epoch 0093  train_log_mse=0.00281  val_log_mse=0.06385  val_mse=0.000477  max_grad=0.28  patience=50/30
2026-10-08 15:23:54,490  gsv3.training             INFO     [group_holdout:variational] epoch 0094  train_log_mse=0.00271  val_log_mse=0.06294  val_mse=0.000484  max_grad=0.34  patience=51/30
2026-10-08 15:24:48,701  gsv3.training             INFO     [group_holdout:variational] epoch 0095  train_log_mse=0.00274  val_log_mse=0.06644  val_mse=0.000488  max_grad=0.23  patience=52/30
2026-10-08 15:25:43,003  gsv3.training             INFO     [group_holdout:variational] epoch 0096  train_log_mse=0.00268  val_log_mse=0.06515  val_mse=0.000459  max_grad=0.17  patience=53/30
2026-10-08 15:26:37,168  gsv3.training             INFO     [group_holdout:variational] epoch 0097  train_log_mse=0.00272  val_log_mse=0.06208  val_mse=0.000470  max_grad=0.24  patience=54/30
2026-10-08 15:27:31,455  gsv3.training             INFO     [group_holdout:variational] epoch 0098  train_log_mse=0.00265  val_log_mse=0.06695  val_mse=0.000468  max_grad=0.26  patience=55/30
2026-10-08 15:28:25,645  gsv3.training             INFO     [group_holdout:variational] epoch 0099  train_log_mse=0.00258  val_log_mse=0.06549  val_mse=0.000466  max_grad=0.19  patience=56/30
2026-10-08 15:29:19,843  gsv3.training             INFO     [group_holdout:variational] epoch 0100  train_log_mse=0.00254  val_log_mse=0.06374  val_mse=0.000466  max_grad=0.17  patience=57/30
2026-10-08 15:30:14,027  gsv3.training             INFO     [group_holdout:variational] epoch 0101  train_log_mse=0.00252  val_log_mse=0.06277  val_mse=0.000470  max_grad=0.18  patience=58/30
2026-10-08 15:31:07,949  gsv3.training             INFO     [group_holdout:variational] epoch 0102  train_log_mse=0.00253  val_log_mse=0.06266  val_mse=0.000468  max_grad=0.16  patience=59/30
2026-10-08 15:32:02,242  gsv3.training             INFO     [group_holdout:variational] epoch 0103  train_log_mse=0.00247  val_log_mse=0.06216  val_mse=0.000462  max_grad=0.12  patience=60/30
2026-10-08 15:32:56,375  gsv3.training             INFO     [group_holdout:variational] epoch 0104  train_log_mse=0.00250  val_log_mse=0.06417  val_mse=0.000470  max_grad=0.16  patience=61/30
2026-10-08 15:33:50,538  gsv3.training             INFO     [group_holdout:variational] epoch 0105  train_log_mse=0.00244  val_log_mse=0.06176  val_mse=0.000471  max_grad=0.16  patience=62/30
2026-10-08 15:34:44,804  gsv3.training             INFO     [group_holdout:variational] epoch 0106  train_log_mse=0.00245  val_log_mse=0.06304  val_mse=0.000464  max_grad=0.24  patience=63/30
2026-10-08 15:35:38,963  gsv3.training             INFO     [group_holdout:variational] epoch 0107  train_log_mse=0.00244  val_log_mse=0.06167  val_mse=0.000458  max_grad=0.17  patience=64/30
2026-10-08 15:36:33,242  gsv3.training             INFO     [group_holdout:variational] epoch 0108  train_log_mse=0.00239  val_log_mse=0.06214  val_mse=0.000469  max_grad=0.15  patience=65/30
2026-10-08 15:37:27,613  gsv3.training             INFO     [group_holdout:variational] epoch 0109  train_log_mse=0.00238  val_log_mse=0.06288  val_mse=0.000470  max_grad=0.15  patience=66/30
2026-10-08 15:38:21,899  gsv3.training             INFO     [group_holdout:variational] epoch 0110  train_log_mse=0.00235  val_log_mse=0.06274  val_mse=0.000462  max_grad=0.20  patience=67/30
2026-10-08 15:39:16,194  gsv3.training             INFO     [group_holdout:variational] epoch 0111  train_log_mse=0.00235  val_log_mse=0.06329  val_mse=0.000480  max_grad=0.12  patience=68/30
2026-10-08 15:40:10,287  gsv3.training             INFO     [group_holdout:variational] epoch 0112  train_log_mse=0.00236  val_log_mse=0.06294  val_mse=0.000486  max_grad=0.26  patience=69/30
2026-10-08 15:41:04,421  gsv3.training             INFO     [group_holdout:variational] epoch 0113  train_log_mse=0.00235  val_log_mse=0.06269  val_mse=0.000476  max_grad=0.20  patience=70/30
2026-10-08 15:41:58,561  gsv3.training             INFO     [group_holdout:variational] epoch 0114  train_log_mse=0.00230  val_log_mse=0.06426  val_mse=0.000488  max_grad=0.13  patience=71/30
2026-10-08 15:42:52,933  gsv3.training             INFO     [group_holdout:variational] epoch 0115  train_log_mse=0.00229  val_log_mse=0.06181  val_mse=0.000467  max_grad=0.15  patience=72/30
2026-10-08 15:43:46,975  gsv3.training             INFO     [group_holdout:variational] epoch 0116  train_log_mse=0.00228  val_log_mse=0.06324  val_mse=0.000476  max_grad=0.14  patience=73/30
2026-10-08 15:44:40,903  gsv3.training             INFO     [group_holdout:variational] epoch 0117  train_log_mse=0.00227  val_log_mse=0.06182  val_mse=0.000462  max_grad=0.14  patience=74/30
2026-10-08 15:45:35,036  gsv3.training             INFO     [group_holdout:variational] epoch 0118  train_log_mse=0.00226  val_log_mse=0.06219  val_mse=0.000471  max_grad=0.19  patience=75/30
2026-10-08 15:46:29,167  gsv3.training             INFO     [group_holdout:variational] epoch 0119  train_log_mse=0.00225  val_log_mse=0.06259  val_mse=0.000468  max_grad=0.15  patience=76/30
2026-10-08 15:47:23,493  gsv3.training             INFO     [group_holdout:variational] epoch 0120  train_log_mse=0.00223  val_log_mse=0.06234  val_mse=0.000477  max_grad=0.14  patience=77/30
2026-10-08 15:48:17,742  gsv3.training             INFO     [group_holdout:variational] epoch 0121  train_log_mse=0.00221  val_log_mse=0.06271  val_mse=0.000475  max_grad=0.13  patience=78/30
2026-10-08 15:49:11,931  gsv3.training             INFO     [group_holdout:variational] epoch 0122  train_log_mse=0.00218  val_log_mse=0.06196  val_mse=0.000475  max_grad=0.14  patience=79/30
2026-10-08 15:50:06,131  gsv3.training             INFO     [group_holdout:variational] epoch 0123  train_log_mse=0.00219  val_log_mse=0.06281  val_mse=0.000475  max_grad=0.15  patience=80/30
2026-10-08 15:51:00,390  gsv3.training             INFO     [group_holdout:variational] epoch 0124  train_log_mse=0.00218  val_log_mse=0.06244  val_mse=0.000473  max_grad=0.16  patience=81/30
2026-10-08 15:51:54,327  gsv3.training             INFO     [group_holdout:variational] epoch 0125  train_log_mse=0.00216  val_log_mse=0.06291  val_mse=0.000474  max_grad=0.10  patience=82/30
2026-10-08 15:52:48,531  gsv3.training             INFO     [group_holdout:variational] epoch 0126  train_log_mse=0.00215  val_log_mse=0.06250  val_mse=0.000476  max_grad=0.10  patience=83/30
2026-10-08 15:53:42,792  gsv3.training             INFO     [group_holdout:variational] epoch 0127  train_log_mse=0.00214  val_log_mse=0.06317  val_mse=0.000485  max_grad=0.10  patience=84/30
2026-10-08 15:54:37,058  gsv3.training             INFO     [group_holdout:variational] epoch 0128  train_log_mse=0.00214  val_log_mse=0.06262  val_mse=0.000480  max_grad=0.09  patience=85/30
2026-10-08 15:55:30,969  gsv3.training             INFO     [group_holdout:variational] epoch 0129  train_log_mse=0.00213  val_log_mse=0.06229  val_mse=0.000479  max_grad=0.23  patience=86/30
2026-10-08 15:56:25,028  gsv3.training             INFO     [group_holdout:variational] epoch 0130  train_log_mse=0.00213  val_log_mse=0.06300  val_mse=0.000482  max_grad=0.11  patience=87/30
2026-10-08 15:57:19,306  gsv3.training             INFO     [group_holdout:variational] epoch 0131  train_log_mse=0.00211  val_log_mse=0.06228  val_mse=0.000480  max_grad=0.10  patience=88/30
2026-10-08 15:58:13,494  gsv3.training             INFO     [group_holdout:variational] epoch 0132  train_log_mse=0.00210  val_log_mse=0.06257  val_mse=0.000485  max_grad=0.11  patience=89/30
2026-10-08 15:59:07,740  gsv3.training             INFO     [group_holdout:variational] epoch 0133  train_log_mse=0.00210  val_log_mse=0.06300  val_mse=0.000486  max_grad=0.11  patience=90/30
2026-10-08 16:00:01,923  gsv3.training             INFO     [group_holdout:variational] epoch 0134  train_log_mse=0.00209  val_log_mse=0.06247  val_mse=0.000481  max_grad=0.11  patience=91/30
2026-10-08 16:00:56,315  gsv3.training             INFO     [group_holdout:variational] epoch 0135  train_log_mse=0.00208  val_log_mse=0.06243  val_mse=0.000483  max_grad=0.13  patience=92/30
2026-10-08 16:01:50,832  gsv3.training             INFO     [group_holdout:variational] epoch 0136  train_log_mse=0.00207  val_log_mse=0.06257  val_mse=0.000485  max_grad=0.11  patience=93/30
2026-10-08 16:02:45,198  gsv3.training             INFO     [group_holdout:variational] epoch 0137  train_log_mse=0.00206  val_log_mse=0.06271  val_mse=0.000481  max_grad=0.10  patience=94/30
2026-10-08 16:03:39,425  gsv3.training             INFO     [group_holdout:variational] epoch 0138  train_log_mse=0.00206  val_log_mse=0.06237  val_mse=0.000484  max_grad=0.09  patience=95/30
2026-10-08 16:04:33,838  gsv3.training             INFO     [group_holdout:variational] epoch 0139  train_log_mse=0.00206  val_log_mse=0.06259  val_mse=0.000484  max_grad=0.09  patience=96/30
2026-10-08 16:05:28,227  gsv3.training             INFO     [group_holdout:variational] epoch 0140  train_log_mse=0.00205  val_log_mse=0.06295  val_mse=0.000484  max_grad=0.12  patience=97/30
2026-10-08 16:06:20,739  gsv3.training             INFO     [group_holdout:variational] epoch 0141  train_log_mse=0.00205  val_log_mse=0.06314  val_mse=0.000484  max_grad=0.11  patience=98/30
2026-10-08 16:07:12,312  gsv3.training             INFO     [group_holdout:variational] epoch 0142  train_log_mse=0.00204  val_log_mse=0.06264  val_mse=0.000484  max_grad=0.11  patience=99/30
2026-10-08 16:08:03,877  gsv3.training             INFO     [group_holdout:variational] epoch 0143  train_log_mse=0.00204  val_log_mse=0.06270  val_mse=0.000484  max_grad=0.13  patience=100/30
2026-10-08 16:08:55,131  gsv3.training             INFO     [group_holdout:variational] epoch 0144  train_log_mse=0.00204  val_log_mse=0.06275  val_mse=0.000485  max_grad=0.10  patience=101/30
2026-10-08 16:09:47,298  gsv3.training             INFO     [group_holdout:variational] epoch 0145  train_log_mse=0.00203  val_log_mse=0.06271  val_mse=0.000484  max_grad=0.31  patience=102/30
2026-10-08 16:10:39,328  gsv3.training             INFO     [group_holdout:variational] epoch 0146  train_log_mse=0.00203  val_log_mse=0.06276  val_mse=0.000484  max_grad=0.11  patience=103/30
2026-10-08 16:11:31,231  gsv3.training             INFO     [group_holdout:variational] epoch 0147  train_log_mse=0.00203  val_log_mse=0.06264  val_mse=0.000484  max_grad=0.09  patience=104/30
2026-10-08 16:12:22,934  gsv3.training             INFO     [group_holdout:variational] epoch 0148  train_log_mse=0.00203  val_log_mse=0.06265  val_mse=0.000485  max_grad=0.10  patience=105/30
2026-10-08 16:13:14,542  gsv3.training             INFO     [group_holdout:variational] epoch 0149  train_log_mse=0.00203  val_log_mse=0.06257  val_mse=0.000485  max_grad=0.09  patience=106/30
2026-10-08 16:14:07,484  gsv3.training             INFO     [group_holdout:variational] epoch 0150  train_log_mse=0.00202  val_log_mse=0.06271  val_mse=0.000487  max_grad=0.09  patience=107/30
2026-10-08 16:14:11,383  gsv3.training             INFO     [group_holdout:variational] final model = SWA of the last 38 epochs (val_log_mse=0.06229)
2026-10-08 16:14:27,942  gsv3.experiment           INFO     [variational] TEST  n=9928  MAE=0.0817  R2=0.8467  device-acc=0.409  regret=0.0272
2026-10-08 16:14:27,946  genstudy.io               INFO     Wrote evaluations/generalization_v5/results/v5b_sinkhorn_s6/leave_one_group_out/variational/metrics.json
2026-10-08 16:14:27,997  genstudy.io               INFO     Wrote evaluations/generalization_v5/results/v5b_sinkhorn_s6/leave_one_group_out/variational/predictions.json
2026-10-08 16:14:28,010  genstudy.io               INFO     Wrote evaluations/generalization_v5/results/v5b_sinkhorn_s6/leave_one_group_out/variational/history.json
2026-10-08 16:14:28,049  run_experiment            INFO     leave_one_group_out finished: 1 complete, 0 skipped
