2026-07-30 08:21:41,414  run_gnn_dispatch              INFO      Logging to evaluations/pipeline/results_v3_dense/dispatch.log
2026-07-30 08:21:41,516  run_gnn_dispatch              INFO      Restricted ground truth to 5117 circuits listed in /u/home/zamm/projects/cut-pred-distr/pred-distr-tool/src/model/test_circuit_names.json
2026-07-30 08:21:41,520  run_gnn_dispatch              INFO      Loaded ground-truth fidelities for 5117 circuits from /u/home/zamm/projects/cut-pred-distr/pred-distr-tool/src/model/expected_fidelity_results_benchmark.json
2026-07-30 08:21:41,522  run_gnn_dispatch              INFO      Running GNN inference on circuits in /u/home/zamm/projects/cut-pred-distr/pred-distr-tool/data/benchmark_dataset_30k (GNN policy will use its own predictions, not ground truth)
2026-07-30 08:21:41,554  run_gnn_dispatch              INFO      Predicting fidelities for 5117 circuits ...
2026-07-30 08:21:45,500  run_gnn_dispatch              INFO        predicted 50 / 5117
2026-07-30 08:21:50,620  run_gnn_dispatch              INFO        predicted 100 / 5117
2026-07-30 08:21:54,864  run_gnn_dispatch              INFO        predicted 150 / 5117
2026-07-30 08:21:56,007  run_gnn_dispatch              INFO        predicted 200 / 5117
2026-07-30 08:21:57,736  run_gnn_dispatch              INFO        predicted 250 / 5117
2026-07-30 08:21:59,952  run_gnn_dispatch              INFO        predicted 300 / 5117
2026-07-30 08:22:03,642  run_gnn_dispatch              INFO        predicted 350 / 5117
2026-07-30 08:22:10,371  run_gnn_dispatch              INFO        predicted 400 / 5117
2026-07-30 08:22:11,172  run_gnn_dispatch              INFO        predicted 450 / 5117
2026-07-30 08:22:13,106  run_gnn_dispatch              INFO        predicted 500 / 5117
2026-07-30 08:22:15,533  run_gnn_dispatch              INFO        predicted 550 / 5117
2026-07-30 08:22:18,218  run_gnn_dispatch              INFO        predicted 600 / 5117
2026-07-30 08:22:21,222  run_gnn_dispatch              INFO        predicted 650 / 5117
2026-07-30 08:22:25,135  run_gnn_dispatch              INFO        predicted 700 / 5117
2026-07-30 08:22:29,464  run_gnn_dispatch              INFO        predicted 750 / 5117
2026-07-30 08:22:33,788  run_gnn_dispatch              INFO        predicted 800 / 5117
2026-07-30 08:22:38,162  run_gnn_dispatch              INFO        predicted 850 / 5117
2026-07-30 08:22:42,156  run_gnn_dispatch              INFO        predicted 900 / 5117
2026-07-30 08:22:42,876  run_gnn_dispatch              INFO        predicted 950 / 5117
2026-07-30 08:22:43,634  run_gnn_dispatch              INFO        predicted 1000 / 5117
2026-07-30 08:22:44,246  run_gnn_dispatch              INFO        predicted 1050 / 5117
2026-07-30 08:22:44,997  run_gnn_dispatch              INFO        predicted 1100 / 5117
2026-07-30 08:22:45,800  run_gnn_dispatch              INFO        predicted 1150 / 5117
2026-07-30 08:22:47,048  run_gnn_dispatch              INFO        predicted 1200 / 5117
2026-07-30 08:22:48,587  run_gnn_dispatch              INFO        predicted 1250 / 5117
2026-07-30 08:22:50,427  run_gnn_dispatch              INFO        predicted 1300 / 5117
2026-07-30 08:22:52,199  run_gnn_dispatch              INFO        predicted 1350 / 5117
2026-07-30 08:22:54,994  run_gnn_dispatch              INFO        predicted 1400 / 5117
2026-07-30 08:22:56,494  run_gnn_dispatch              INFO        predicted 1450 / 5117
2026-07-30 08:22:57,279  run_gnn_dispatch              INFO        predicted 1500 / 5117
2026-07-30 08:22:58,956  run_gnn_dispatch              INFO        predicted 1550 / 5117
2026-07-30 08:23:01,851  run_gnn_dispatch              INFO        predicted 1600 / 5117
2026-07-30 08:23:04,340  run_gnn_dispatch              INFO        predicted 1650 / 5117
2026-07-30 08:23:05,163  run_gnn_dispatch              INFO        predicted 1700 / 5117
2026-07-30 08:23:06,349  run_gnn_dispatch              INFO        predicted 1750 / 5117
2026-07-30 08:23:07,779  run_gnn_dispatch              INFO        predicted 1800 / 5117
2026-07-30 08:23:09,855  run_gnn_dispatch              INFO        predicted 1850 / 5117
2026-07-30 08:23:11,309  run_gnn_dispatch              INFO        predicted 1900 / 5117
2026-07-30 08:23:12,034  run_gnn_dispatch              INFO        predicted 1950 / 5117
2026-07-30 08:23:14,382  run_gnn_dispatch              INFO        predicted 2000 / 5117
2026-07-30 08:23:18,435  run_gnn_dispatch              INFO        predicted 2050 / 5117
2026-07-30 08:23:23,149  run_gnn_dispatch              INFO        predicted 2100 / 5117
2026-07-30 08:23:23,685  run_gnn_dispatch              INFO        predicted 2150 / 5117
2026-07-30 08:23:24,660  run_gnn_dispatch              INFO        predicted 2200 / 5117
2026-07-30 08:23:26,112  run_gnn_dispatch              INFO        predicted 2250 / 5117
2026-07-30 08:23:28,272  run_gnn_dispatch              INFO        predicted 2300 / 5117
2026-07-30 08:23:30,961  run_gnn_dispatch              INFO        predicted 2350 / 5117
2026-07-30 08:23:32,958  run_gnn_dispatch              INFO        predicted 2400 / 5117
2026-07-30 08:23:34,400  run_gnn_dispatch              INFO        predicted 2450 / 5117
2026-07-30 08:23:36,042  run_gnn_dispatch              INFO        predicted 2500 / 5117
2026-07-30 08:23:38,060  run_gnn_dispatch              INFO        predicted 2550 / 5117
2026-07-30 08:23:40,536  run_gnn_dispatch              INFO        predicted 2600 / 5117
2026-07-30 08:23:42,385  run_gnn_dispatch              INFO        predicted 2650 / 5117
2026-07-30 08:23:44,813  run_gnn_dispatch              INFO        predicted 2700 / 5117
2026-07-30 08:23:46,998  run_gnn_dispatch              INFO        predicted 2750 / 5117
2026-07-30 08:23:49,853  run_gnn_dispatch              INFO        predicted 2800 / 5117
2026-07-30 08:23:52,269  run_gnn_dispatch              INFO        predicted 2850 / 5117
2026-07-30 08:23:52,808  run_gnn_dispatch              INFO        predicted 2900 / 5117
2026-07-30 08:23:53,329  run_gnn_dispatch              INFO        predicted 2950 / 5117
2026-07-30 08:23:53,953  run_gnn_dispatch              INFO        predicted 3000 / 5117
2026-07-30 08:23:54,845  run_gnn_dispatch              INFO        predicted 3050 / 5117
2026-07-30 08:23:55,632  run_gnn_dispatch              INFO        predicted 3100 / 5117
2026-07-30 08:23:56,723  run_gnn_dispatch              INFO        predicted 3150 / 5117
2026-07-30 08:23:57,886  run_gnn_dispatch              INFO        predicted 3200 / 5117
2026-07-30 08:23:59,378  run_gnn_dispatch              INFO        predicted 3250 / 5117
2026-07-30 08:24:01,260  run_gnn_dispatch              INFO        predicted 3300 / 5117
2026-07-30 08:24:03,818  run_gnn_dispatch              INFO        predicted 3350 / 5117
2026-07-30 08:24:06,447  run_gnn_dispatch              INFO        predicted 3400 / 5117
2026-07-30 08:24:09,251  run_gnn_dispatch              INFO        predicted 3450 / 5117
2026-07-30 08:24:12,051  run_gnn_dispatch              INFO        predicted 3500 / 5117
2026-07-30 08:24:14,987  run_gnn_dispatch              INFO        predicted 3550 / 5117
2026-07-30 08:24:17,985  run_gnn_dispatch              INFO        predicted 3600 / 5117
2026-07-30 08:24:21,033  run_gnn_dispatch              INFO        predicted 3650 / 5117
2026-07-30 08:24:24,179  run_gnn_dispatch              INFO        predicted 3700 / 5117
2026-07-30 08:24:25,221  run_gnn_dispatch              INFO        predicted 3750 / 5117
2026-07-30 08:24:25,851  run_gnn_dispatch              INFO        predicted 3800 / 5117
2026-07-30 08:24:26,731  run_gnn_dispatch              INFO        predicted 3850 / 5117
2026-07-30 08:24:27,584  run_gnn_dispatch              INFO        predicted 3900 / 5117
2026-07-30 08:24:28,732  run_gnn_dispatch              INFO        predicted 3950 / 5117
2026-07-30 08:24:30,248  run_gnn_dispatch              INFO        predicted 4000 / 5117
2026-07-30 08:24:31,894  run_gnn_dispatch              INFO        predicted 4050 / 5117
2026-07-30 08:24:33,527  run_gnn_dispatch              INFO        predicted 4100 / 5117
2026-07-30 08:24:35,198  run_gnn_dispatch              INFO        predicted 4150 / 5117
2026-07-30 08:24:36,779  run_gnn_dispatch              INFO        predicted 4200 / 5117
2026-07-30 08:24:38,488  run_gnn_dispatch              INFO        predicted 4250 / 5117
2026-07-30 08:24:40,673  run_gnn_dispatch              INFO        predicted 4300 / 5117
2026-07-30 08:24:42,799  run_gnn_dispatch              INFO        predicted 4350 / 5117
2026-07-30 08:24:45,229  run_gnn_dispatch              INFO        predicted 4400 / 5117
2026-07-30 08:24:47,403  run_gnn_dispatch              INFO        predicted 4450 / 5117
2026-07-30 08:24:49,786  run_gnn_dispatch              INFO        predicted 4500 / 5117
2026-07-30 08:24:52,406  run_gnn_dispatch              INFO        predicted 4550 / 5117
2026-07-30 08:24:54,570  run_gnn_dispatch              INFO        predicted 4600 / 5117
2026-07-30 08:24:56,951  run_gnn_dispatch              INFO        predicted 4650 / 5117
2026-07-30 08:24:58,058  run_gnn_dispatch              INFO        predicted 4700 / 5117
2026-07-30 08:24:58,538  run_gnn_dispatch              INFO        predicted 4750 / 5117
2026-07-30 08:24:59,096  run_gnn_dispatch              INFO        predicted 4800 / 5117
2026-07-30 08:24:59,731  run_gnn_dispatch              INFO        predicted 4850 / 5117
2026-07-30 08:25:00,611  run_gnn_dispatch              INFO        predicted 4900 / 5117
2026-07-30 08:25:01,361  run_gnn_dispatch              INFO        predicted 4950 / 5117
2026-07-30 08:25:02,403  run_gnn_dispatch              INFO        predicted 5000 / 5117
2026-07-30 08:25:03,580  run_gnn_dispatch              INFO        predicted 5050 / 5117
2026-07-30 08:25:04,826  run_gnn_dispatch              INFO        predicted 5100 / 5117
2026-07-30 08:25:05,374  run_gnn_dispatch              INFO      Predictions done: 5117 circuits in 203.8 s (25.1 circuits/s)
2026-07-30 08:25:05,377  run_gnn_dispatch              INFO      Benchmarking 5117 circuits
2026-07-30 08:25:05,377  run_gnn_dispatch              INFO      Registry check: get_multi_policy('gnn_device') -> GNNDevicePolicy
2026-07-30 08:25:05,378  run_gnn_dispatch              INFO      === Fidelity weight 0.00 ===
2026-07-30 08:25:05,387  run_gnn_dispatch              INFO        [oracle] EQE1_Top  ->  474 circuits
2026-07-30 08:25:05,387  run_gnn_dispatch              INFO        [oracle] EQE1_Bottom  ->  2846 circuits
2026-07-30 08:25:05,387  run_gnn_dispatch              INFO        [oracle] QExa20  ->  1797 circuits
2026-07-30 08:25:05,397  run_gnn_dispatch              INFO        [oracle] overall mean fidelity: 0.3759  (load CV: 0.697)
2026-07-30 08:25:05,397  run_gnn_dispatch              INFO        [gt_weighted] EQE1_Top  ->  1706 circuits
2026-07-30 08:25:05,397  run_gnn_dispatch              INFO        [gt_weighted] EQE1_Bottom  ->  1706 circuits
2026-07-30 08:25:05,399  run_gnn_dispatch              INFO        [gt_weighted] QExa20  ->  1705 circuits
2026-07-30 08:25:05,408  run_gnn_dispatch              INFO        [gt_weighted] overall mean fidelity: 0.3436  (load CV: 0.000)
2026-07-30 08:25:05,408  run_gnn_dispatch              INFO        [gnn] EQE1_Top  ->  1706 circuits
2026-07-30 08:25:05,408  run_gnn_dispatch              INFO        [gnn] EQE1_Bottom  ->  1706 circuits
2026-07-30 08:25:05,410  run_gnn_dispatch              INFO        [gnn] QExa20  ->  1705 circuits
2026-07-30 08:25:05,419  run_gnn_dispatch              INFO        [gnn] overall mean fidelity: 0.3436  (load CV: 0.000)
2026-07-30 08:25:05,419  run_gnn_dispatch              INFO        [round_robin] EQE1_Top  ->  1706 circuits
2026-07-30 08:25:05,419  run_gnn_dispatch              INFO        [round_robin] EQE1_Bottom  ->  1706 circuits
2026-07-30 08:25:05,419  run_gnn_dispatch              INFO        [round_robin] QExa20  ->  1705 circuits
2026-07-30 08:25:05,446  run_gnn_dispatch              INFO        [round_robin] overall mean fidelity: 0.3436  (load CV: 0.000)
2026-07-30 08:25:05,450  run_gnn_dispatch              INFO        [cross-policy oracle↔gnn] agreement: 33.2%  mean regret: 0.0322
2026-07-30 08:25:05,454  run_gnn_dispatch              INFO        [cross-policy gt_weighted↔gnn] agreement: 100.0%  mean regret: 0.0000
2026-07-30 08:25:05,454  run_gnn_dispatch              INFO      === Fidelity weight 0.10 ===
2026-07-30 08:25:05,492  run_gnn_dispatch              INFO        [oracle] EQE1_Top  ->  474 circuits
2026-07-30 08:25:05,493  run_gnn_dispatch              INFO        [oracle] EQE1_Bottom  ->  2846 circuits
2026-07-30 08:25:05,493  run_gnn_dispatch              INFO        [oracle] QExa20  ->  1797 circuits
2026-07-30 08:25:05,501  run_gnn_dispatch              INFO        [oracle] overall mean fidelity: 0.3759  (load CV: 0.697)
2026-07-30 08:25:05,501  run_gnn_dispatch              INFO        [gt_weighted] EQE1_Top  ->  1697 circuits
2026-07-30 08:25:05,501  run_gnn_dispatch              INFO        [gt_weighted] EQE1_Bottom  ->  1723 circuits
2026-07-30 08:25:05,501  run_gnn_dispatch              INFO        [gt_weighted] QExa20  ->  1697 circuits
2026-07-30 08:25:05,510  run_gnn_dispatch              INFO        [gt_weighted] overall mean fidelity: 0.3638  (load CV: 0.009)
2026-07-30 08:25:05,510  run_gnn_dispatch              INFO        [gnn] EQE1_Top  ->  1697 circuits
2026-07-30 08:25:05,510  run_gnn_dispatch              INFO        [gnn] EQE1_Bottom  ->  1722 circuits
2026-07-30 08:25:05,510  run_gnn_dispatch              INFO        [gnn] QExa20  ->  1698 circuits
2026-07-30 08:25:05,520  run_gnn_dispatch              INFO        [gnn] overall mean fidelity: 0.3603  (load CV: 0.008)
2026-07-30 08:25:05,520  run_gnn_dispatch              INFO        [round_robin] EQE1_Top  ->  1706 circuits
2026-07-30 08:25:05,520  run_gnn_dispatch              INFO        [round_robin] EQE1_Bottom  ->  1706 circuits
2026-07-30 08:25:05,520  run_gnn_dispatch              INFO        [round_robin] QExa20  ->  1705 circuits
2026-07-30 08:25:05,530  run_gnn_dispatch              INFO        [round_robin] overall mean fidelity: 0.3436  (load CV: 0.000)
2026-07-30 08:25:05,534  run_gnn_dispatch              INFO        [cross-policy oracle↔gnn] agreement: 47.6%  mean regret: 0.0155
2026-07-30 08:25:05,538  run_gnn_dispatch              INFO        [cross-policy gt_weighted↔gnn] agreement: 63.5%  mean regret: 0.0034
2026-07-30 08:25:05,538  run_gnn_dispatch              INFO      === Fidelity weight 0.20 ===
2026-07-30 08:25:05,576  run_gnn_dispatch              INFO        [oracle] EQE1_Top  ->  474 circuits
2026-07-30 08:25:05,576  run_gnn_dispatch              INFO        [oracle] EQE1_Bottom  ->  2846 circuits
2026-07-30 08:25:05,576  run_gnn_dispatch              INFO        [oracle] QExa20  ->  1797 circuits
2026-07-30 08:25:05,584  run_gnn_dispatch              INFO        [oracle] overall mean fidelity: 0.3759  (load CV: 0.697)
2026-07-30 08:25:05,584  run_gnn_dispatch              INFO        [gt_weighted] EQE1_Top  ->  1690 circuits
2026-07-30 08:25:05,584  run_gnn_dispatch              INFO        [gt_weighted] EQE1_Bottom  ->  1742 circuits
2026-07-30 08:25:05,586  run_gnn_dispatch              INFO        [gt_weighted] QExa20  ->  1685 circuits
2026-07-30 08:25:05,595  run_gnn_dispatch              INFO        [gt_weighted] overall mean fidelity: 0.3661  (load CV: 0.019)
2026-07-30 08:25:05,595  run_gnn_dispatch              INFO        [gnn] EQE1_Top  ->  1684 circuits
2026-07-30 08:25:05,595  run_gnn_dispatch              INFO        [gnn] EQE1_Bottom  ->  1744 circuits
2026-07-30 08:25:05,595  run_gnn_dispatch              INFO        [gnn] QExa20  ->  1689 circuits
2026-07-30 08:25:05,603  run_gnn_dispatch              INFO        [gnn] overall mean fidelity: 0.3629  (load CV: 0.020)
2026-07-30 08:25:05,603  run_gnn_dispatch              INFO        [round_robin] EQE1_Top  ->  1706 circuits
2026-07-30 08:25:05,603  run_gnn_dispatch              INFO        [round_robin] EQE1_Bottom  ->  1706 circuits
2026-07-30 08:25:05,603  run_gnn_dispatch              INFO        [round_robin] QExa20  ->  1705 circuits
2026-07-30 08:25:05,612  run_gnn_dispatch              INFO        [round_robin] overall mean fidelity: 0.3436  (load CV: 0.000)
2026-07-30 08:25:05,616  run_gnn_dispatch              INFO        [cross-policy oracle↔gnn] agreement: 50.3%  mean regret: 0.0130
2026-07-30 08:25:05,620  run_gnn_dispatch              INFO        [cross-policy gt_weighted↔gnn] agreement: 67.0%  mean regret: 0.0032
2026-07-30 08:25:05,620  run_gnn_dispatch              INFO      === Fidelity weight 0.30 ===
2026-07-30 08:25:05,658  run_gnn_dispatch              INFO        [oracle] EQE1_Top  ->  474 circuits
2026-07-30 08:25:05,658  run_gnn_dispatch              INFO        [oracle] EQE1_Bottom  ->  2846 circuits
2026-07-30 08:25:05,658  run_gnn_dispatch              INFO        [oracle] QExa20  ->  1797 circuits
2026-07-30 08:25:05,667  run_gnn_dispatch              INFO        [oracle] overall mean fidelity: 0.3759  (load CV: 0.697)
2026-07-30 08:25:05,667  run_gnn_dispatch              INFO        [gt_weighted] EQE1_Top  ->  1687 circuits
2026-07-30 08:25:05,667  run_gnn_dispatch              INFO        [gt_weighted] EQE1_Bottom  ->  1762 circuits
2026-07-30 08:25:05,668  run_gnn_dispatch              INFO        [gt_weighted] QExa20  ->  1668 circuits
2026-07-30 08:25:05,677  run_gnn_dispatch              INFO        [gt_weighted] overall mean fidelity: 0.3677  (load CV: 0.029)
2026-07-30 08:25:05,678  run_gnn_dispatch              INFO        [gnn] EQE1_Top  ->  1673 circuits
2026-07-30 08:25:05,678  run_gnn_dispatch              INFO        [gnn] EQE1_Bottom  ->  1771 circuits
2026-07-30 08:25:05,680  run_gnn_dispatch              INFO        [gnn] QExa20  ->  1673 circuits
2026-07-30 08:25:05,689  run_gnn_dispatch              INFO        [gnn] overall mean fidelity: 0.3645  (load CV: 0.033)
2026-07-30 08:25:05,690  run_gnn_dispatch              INFO        [round_robin] EQE1_Top  ->  1706 circuits
2026-07-30 08:25:05,690  run_gnn_dispatch              INFO        [round_robin] EQE1_Bottom  ->  1706 circuits
2026-07-30 08:25:05,690  run_gnn_dispatch              INFO        [round_robin] QExa20  ->  1705 circuits
2026-07-30 08:25:05,698  run_gnn_dispatch              INFO        [round_robin] overall mean fidelity: 0.3436  (load CV: 0.000)
2026-07-30 08:25:05,703  run_gnn_dispatch              INFO        [cross-policy oracle↔gnn] agreement: 52.6%  mean regret: 0.0113
2026-07-30 08:25:05,707  run_gnn_dispatch              INFO        [cross-policy gt_weighted↔gnn] agreement: 68.8%  mean regret: 0.0031
2026-07-30 08:25:05,707  run_gnn_dispatch              INFO      === Fidelity weight 0.40 ===
2026-07-30 08:25:05,874  run_gnn_dispatch              INFO        [oracle] EQE1_Top  ->  474 circuits
2026-07-30 08:25:05,875  run_gnn_dispatch              INFO        [oracle] EQE1_Bottom  ->  2846 circuits
2026-07-30 08:25:05,875  run_gnn_dispatch              INFO        [oracle] QExa20  ->  1797 circuits
2026-07-30 08:25:05,883  run_gnn_dispatch              INFO        [oracle] overall mean fidelity: 0.3759  (load CV: 0.697)
2026-07-30 08:25:05,883  run_gnn_dispatch              INFO        [gt_weighted] EQE1_Top  ->  1683 circuits
2026-07-30 08:25:05,883  run_gnn_dispatch              INFO        [gt_weighted] EQE1_Bottom  ->  1790 circuits
2026-07-30 08:25:05,885  run_gnn_dispatch              INFO        [gt_weighted] QExa20  ->  1644 circuits
2026-07-30 08:25:05,894  run_gnn_dispatch              INFO        [gt_weighted] overall mean fidelity: 0.3690  (load CV: 0.044)
2026-07-30 08:25:05,894  run_gnn_dispatch              INFO        [gnn] EQE1_Top  ->  1667 circuits
2026-07-30 08:25:05,894  run_gnn_dispatch              INFO        [gnn] EQE1_Bottom  ->  1801 circuits
2026-07-30 08:25:05,894  run_gnn_dispatch              INFO        [gnn] QExa20  ->  1649 circuits
2026-07-30 08:25:05,902  run_gnn_dispatch              INFO        [gnn] overall mean fidelity: 0.3662  (load CV: 0.049)
2026-07-30 08:25:05,902  run_gnn_dispatch              INFO        [round_robin] EQE1_Top  ->  1706 circuits
2026-07-30 08:25:05,902  run_gnn_dispatch              INFO        [round_robin] EQE1_Bottom  ->  1706 circuits
2026-07-30 08:25:05,902  run_gnn_dispatch              INFO        [round_robin] QExa20  ->  1705 circuits
2026-07-30 08:25:05,911  run_gnn_dispatch              INFO        [round_robin] overall mean fidelity: 0.3436  (load CV: 0.000)
2026-07-30 08:25:05,915  run_gnn_dispatch              INFO        [cross-policy oracle↔gnn] agreement: 54.8%  mean regret: 0.0097
2026-07-30 08:25:05,919  run_gnn_dispatch              INFO        [cross-policy gt_weighted↔gnn] agreement: 71.0%  mean regret: 0.0028
2026-07-30 08:25:05,920  run_gnn_dispatch              INFO      === Fidelity weight 0.50 ===
2026-07-30 08:25:05,957  run_gnn_dispatch              INFO        [oracle] EQE1_Top  ->  474 circuits
2026-07-30 08:25:05,957  run_gnn_dispatch              INFO        [oracle] EQE1_Bottom  ->  2846 circuits
2026-07-30 08:25:05,957  run_gnn_dispatch              INFO        [oracle] QExa20  ->  1797 circuits
2026-07-30 08:25:05,966  run_gnn_dispatch              INFO        [oracle] overall mean fidelity: 0.3759  (load CV: 0.697)
2026-07-30 08:25:05,966  run_gnn_dispatch              INFO        [gt_weighted] EQE1_Top  ->  1687 circuits
2026-07-30 08:25:05,966  run_gnn_dispatch              INFO        [gt_weighted] EQE1_Bottom  ->  1822 circuits
2026-07-30 08:25:05,967  run_gnn_dispatch              INFO        [gt_weighted] QExa20  ->  1608 circuits
2026-07-30 08:25:05,975  run_gnn_dispatch              INFO        [gt_weighted] overall mean fidelity: 0.3701  (load CV: 0.063)
2026-07-30 08:25:05,975  run_gnn_dispatch              INFO        [gnn] EQE1_Top  ->  1664 circuits
2026-07-30 08:25:05,975  run_gnn_dispatch              INFO        [gnn] EQE1_Bottom  ->  1839 circuits
2026-07-30 08:25:05,976  run_gnn_dispatch              INFO        [gnn] QExa20  ->  1614 circuits
2026-07-30 08:25:05,986  run_gnn_dispatch              INFO        [gnn] overall mean fidelity: 0.3675  (load CV: 0.069)
2026-07-30 08:25:05,986  run_gnn_dispatch              INFO        [round_robin] EQE1_Top  ->  1706 circuits
2026-07-30 08:25:05,987  run_gnn_dispatch              INFO        [round_robin] EQE1_Bottom  ->  1706 circuits
2026-07-30 08:25:05,987  run_gnn_dispatch              INFO        [round_robin] QExa20  ->  1705 circuits
2026-07-30 08:25:05,999  run_gnn_dispatch              INFO        [round_robin] overall mean fidelity: 0.3436  (load CV: 0.000)
2026-07-30 08:25:06,003  run_gnn_dispatch              INFO        [cross-policy oracle↔gnn] agreement: 57.1%  mean regret: 0.0084
2026-07-30 08:25:06,007  run_gnn_dispatch              INFO        [cross-policy gt_weighted↔gnn] agreement: 72.8%  mean regret: 0.0026
2026-07-30 08:25:06,007  run_gnn_dispatch              INFO      === Fidelity weight 0.60 ===
2026-07-30 08:25:06,045  run_gnn_dispatch              INFO        [oracle] EQE1_Top  ->  474 circuits
2026-07-30 08:25:06,045  run_gnn_dispatch              INFO        [oracle] EQE1_Bottom  ->  2846 circuits
2026-07-30 08:25:06,045  run_gnn_dispatch              INFO        [oracle] QExa20  ->  1797 circuits
2026-07-30 08:25:06,054  run_gnn_dispatch              INFO        [oracle] overall mean fidelity: 0.3759  (load CV: 0.697)
2026-07-30 08:25:06,054  run_gnn_dispatch              INFO        [gt_weighted] EQE1_Top  ->  1691 circuits
2026-07-30 08:25:06,054  run_gnn_dispatch              INFO        [gt_weighted] EQE1_Bottom  ->  1873 circuits
2026-07-30 08:25:06,055  run_gnn_dispatch              INFO        [gt_weighted] QExa20  ->  1553 circuits
2026-07-30 08:25:06,064  run_gnn_dispatch              INFO        [gt_weighted] overall mean fidelity: 0.3714  (load CV: 0.094)
2026-07-30 08:25:06,065  run_gnn_dispatch              INFO        [gnn] EQE1_Top  ->  1662 circuits
2026-07-30 08:25:06,065  run_gnn_dispatch              INFO        [gnn] EQE1_Bottom  ->  1894 circuits
2026-07-30 08:25:06,066  run_gnn_dispatch              INFO        [gnn] QExa20  ->  1561 circuits
2026-07-30 08:25:06,075  run_gnn_dispatch              INFO        [gnn] overall mean fidelity: 0.3689  (load CV: 0.100)
2026-07-30 08:25:06,075  run_gnn_dispatch              INFO        [round_robin] EQE1_Top  ->  1706 circuits
2026-07-30 08:25:06,075  run_gnn_dispatch              INFO        [round_robin] EQE1_Bottom  ->  1706 circuits
2026-07-30 08:25:06,077  run_gnn_dispatch              INFO        [round_robin] QExa20  ->  1705 circuits
2026-07-30 08:25:06,086  run_gnn_dispatch              INFO        [round_robin] overall mean fidelity: 0.3436  (load CV: 0.000)
2026-07-30 08:25:06,091  run_gnn_dispatch              INFO        [cross-policy oracle↔gnn] agreement: 59.3%  mean regret: 0.0069
2026-07-30 08:25:06,095  run_gnn_dispatch              INFO        [cross-policy gt_weighted↔gnn] agreement: 74.7%  mean regret: 0.0025
2026-07-30 08:25:06,095  run_gnn_dispatch              INFO      === Fidelity weight 0.70 ===
2026-07-30 08:25:06,133  run_gnn_dispatch              INFO        [oracle] EQE1_Top  ->  474 circuits
2026-07-30 08:25:06,133  run_gnn_dispatch              INFO        [oracle] EQE1_Bottom  ->  2846 circuits
2026-07-30 08:25:06,133  run_gnn_dispatch              INFO        [oracle] QExa20  ->  1797 circuits
2026-07-30 08:25:06,141  run_gnn_dispatch              INFO        [oracle] overall mean fidelity: 0.3759  (load CV: 0.697)
2026-07-30 08:25:06,142  run_gnn_dispatch              INFO        [gt_weighted] EQE1_Top  ->  1689 circuits
2026-07-30 08:25:06,142  run_gnn_dispatch              INFO        [gt_weighted] EQE1_Bottom  ->  1953 circuits
2026-07-30 08:25:06,143  run_gnn_dispatch              INFO        [gt_weighted] QExa20  ->  1475 circuits
2026-07-30 08:25:06,153  run_gnn_dispatch              INFO        [gt_weighted] overall mean fidelity: 0.3727  (load CV: 0.140)
2026-07-30 08:25:06,153  run_gnn_dispatch              INFO        [gnn] EQE1_Top  ->  1652 circuits
2026-07-30 08:25:06,153  run_gnn_dispatch              INFO        [gnn] EQE1_Bottom  ->  1982 circuits
2026-07-30 08:25:06,154  run_gnn_dispatch              INFO        [gnn] QExa20  ->  1483 circuits
2026-07-30 08:25:06,164  run_gnn_dispatch              INFO        [gnn] overall mean fidelity: 0.3703  (load CV: 0.149)
2026-07-30 08:25:06,164  run_gnn_dispatch              INFO        [round_robin] EQE1_Top  ->  1706 circuits
2026-07-30 08:25:06,164  run_gnn_dispatch              INFO        [round_robin] EQE1_Bottom  ->  1706 circuits
2026-07-30 08:25:06,165  run_gnn_dispatch              INFO        [round_robin] QExa20  ->  1705 circuits
2026-07-30 08:25:06,174  run_gnn_dispatch              INFO        [round_robin] overall mean fidelity: 0.3436  (load CV: 0.000)
2026-07-30 08:25:06,178  run_gnn_dispatch              INFO        [cross-policy oracle↔gnn] agreement: 61.4%  mean regret: 0.0056
2026-07-30 08:25:06,182  run_gnn_dispatch              INFO        [cross-policy gt_weighted↔gnn] agreement: 77.5%  mean regret: 0.0024
2026-07-30 08:25:06,182  run_gnn_dispatch              INFO      === Fidelity weight 0.80 ===
2026-07-30 08:25:06,345  run_gnn_dispatch              INFO        [oracle] EQE1_Top  ->  474 circuits
2026-07-30 08:25:06,345  run_gnn_dispatch              INFO        [oracle] EQE1_Bottom  ->  2846 circuits
2026-07-30 08:25:06,345  run_gnn_dispatch              INFO        [oracle] QExa20  ->  1797 circuits
2026-07-30 08:25:06,354  run_gnn_dispatch              INFO        [oracle] overall mean fidelity: 0.3759  (load CV: 0.697)
2026-07-30 08:25:06,354  run_gnn_dispatch              INFO        [gt_weighted] EQE1_Top  ->  1657 circuits
2026-07-30 08:25:06,355  run_gnn_dispatch              INFO        [gt_weighted] EQE1_Bottom  ->  2076 circuits
2026-07-30 08:25:06,356  run_gnn_dispatch              INFO        [gt_weighted] QExa20  ->  1384 circuits
2026-07-30 08:25:06,364  run_gnn_dispatch              INFO        [gt_weighted] overall mean fidelity: 0.3738  (load CV: 0.204)
2026-07-30 08:25:06,364  run_gnn_dispatch              INFO        [gnn] EQE1_Top  ->  1607 circuits
2026-07-30 08:25:06,364  run_gnn_dispatch              INFO        [gnn] EQE1_Bottom  ->  2130 circuits
2026-07-30 08:25:06,364  run_gnn_dispatch              INFO        [gnn] QExa20  ->  1380 circuits
2026-07-30 08:25:06,373  run_gnn_dispatch              INFO        [gnn] overall mean fidelity: 0.3716  (load CV: 0.225)
2026-07-30 08:25:06,373  run_gnn_dispatch              INFO        [round_robin] EQE1_Top  ->  1706 circuits
2026-07-30 08:25:06,373  run_gnn_dispatch              INFO        [round_robin] EQE1_Bottom  ->  1706 circuits
2026-07-30 08:25:06,373  run_gnn_dispatch              INFO        [round_robin] QExa20  ->  1705 circuits
2026-07-30 08:25:06,382  run_gnn_dispatch              INFO        [round_robin] overall mean fidelity: 0.3436  (load CV: 0.000)
2026-07-30 08:25:06,386  run_gnn_dispatch              INFO        [cross-policy oracle↔gnn] agreement: 65.4%  mean regret: 0.0043
2026-07-30 08:25:06,390  run_gnn_dispatch              INFO        [cross-policy gt_weighted↔gnn] agreement: 79.1%  mean regret: 0.0022
2026-07-30 08:25:06,390  run_gnn_dispatch              INFO      === Fidelity weight 0.90 ===
2026-07-30 08:25:06,429  run_gnn_dispatch              INFO        [oracle] EQE1_Top  ->  474 circuits
2026-07-30 08:25:06,429  run_gnn_dispatch              INFO        [oracle] EQE1_Bottom  ->  2846 circuits
2026-07-30 08:25:06,429  run_gnn_dispatch              INFO        [oracle] QExa20  ->  1797 circuits
2026-07-30 08:25:06,438  run_gnn_dispatch              INFO        [oracle] overall mean fidelity: 0.3759  (load CV: 0.697)
2026-07-30 08:25:06,438  run_gnn_dispatch              INFO        [gt_weighted] EQE1_Top  ->  1538 circuits
2026-07-30 08:25:06,438  run_gnn_dispatch              INFO        [gt_weighted] EQE1_Bottom  ->  2288 circuits
2026-07-30 08:25:06,439  run_gnn_dispatch              INFO        [gt_weighted] QExa20  ->  1291 circuits
2026-07-30 08:25:06,447  run_gnn_dispatch              INFO        [gt_weighted] overall mean fidelity: 0.3749  (load CV: 0.304)
2026-07-30 08:25:06,447  run_gnn_dispatch              INFO        [gnn] EQE1_Top  ->  1434 circuits
2026-07-30 08:25:06,447  run_gnn_dispatch              INFO        [gnn] EQE1_Bottom  ->  2385 circuits
2026-07-30 08:25:06,448  run_gnn_dispatch              INFO        [gnn] QExa20  ->  1298 circuits
2026-07-30 08:25:06,458  run_gnn_dispatch              INFO        [gnn] overall mean fidelity: 0.3729  (load CV: 0.347)
2026-07-30 08:25:06,458  run_gnn_dispatch              INFO        [round_robin] EQE1_Top  ->  1706 circuits
2026-07-30 08:25:06,458  run_gnn_dispatch              INFO        [round_robin] EQE1_Bottom  ->  1706 circuits
2026-07-30 08:25:06,459  run_gnn_dispatch              INFO        [round_robin] QExa20  ->  1705 circuits
2026-07-30 08:25:06,468  run_gnn_dispatch              INFO        [round_robin] overall mean fidelity: 0.3436  (load CV: 0.000)
2026-07-30 08:25:06,472  run_gnn_dispatch              INFO        [cross-policy oracle↔gnn] agreement: 70.6%  mean regret: 0.0030
2026-07-30 08:25:06,476  run_gnn_dispatch              INFO        [cross-policy gt_weighted↔gnn] agreement: 79.4%  mean regret: 0.0020
2026-07-30 08:25:06,476  run_gnn_dispatch              INFO      === Fidelity weight 1.00 ===
2026-07-30 08:25:06,515  run_gnn_dispatch              INFO        [oracle] EQE1_Top  ->  474 circuits
2026-07-30 08:25:06,515  run_gnn_dispatch              INFO        [oracle] EQE1_Bottom  ->  2846 circuits
2026-07-30 08:25:06,515  run_gnn_dispatch              INFO        [oracle] QExa20  ->  1797 circuits
2026-07-30 08:25:06,524  run_gnn_dispatch              INFO        [oracle] overall mean fidelity: 0.3759  (load CV: 0.697)
2026-07-30 08:25:06,524  run_gnn_dispatch              INFO        [gt_weighted] EQE1_Top  ->  474 circuits
2026-07-30 08:25:06,524  run_gnn_dispatch              INFO        [gt_weighted] EQE1_Bottom  ->  2846 circuits
2026-07-30 08:25:06,524  run_gnn_dispatch              INFO        [gt_weighted] QExa20  ->  1797 circuits
2026-07-30 08:25:06,533  run_gnn_dispatch              INFO        [gt_weighted] overall mean fidelity: 0.3759  (load CV: 0.697)
2026-07-30 08:25:06,533  run_gnn_dispatch              INFO        [gnn] EQE1_Top  ->  442 circuits
2026-07-30 08:25:06,533  run_gnn_dispatch              INFO        [gnn] EQE1_Bottom  ->  3375 circuits
2026-07-30 08:25:06,535  run_gnn_dispatch              INFO        [gnn] QExa20  ->  1300 circuits
2026-07-30 08:25:06,544  run_gnn_dispatch              INFO        [gnn] overall mean fidelity: 0.3737  (load CV: 0.884)
2026-07-30 08:25:06,544  run_gnn_dispatch              INFO        [round_robin] EQE1_Top  ->  1706 circuits
2026-07-30 08:25:06,544  run_gnn_dispatch              INFO        [round_robin] EQE1_Bottom  ->  1706 circuits
2026-07-30 08:25:06,544  run_gnn_dispatch              INFO        [round_robin] QExa20  ->  1705 circuits
2026-07-30 08:25:06,553  run_gnn_dispatch              INFO        [round_robin] overall mean fidelity: 0.3436  (load CV: 0.000)
2026-07-30 08:25:06,557  run_gnn_dispatch              INFO        [cross-policy oracle↔gnn] agreement: 80.1%  mean regret: 0.0021
2026-07-30 08:25:06,561  run_gnn_dispatch              INFO        [cross-policy gt_weighted↔gnn] agreement: 80.1%  mean regret: 0.0021
2026-07-30 08:25:06,584  run_gnn_dispatch              INFO      Ground-truth fidelities saved to evaluations/pipeline/results_v3_dense/fidelity_ground_truth.json
2026-07-30 08:25:06,609  run_gnn_dispatch              INFO      GNN-predicted fidelities saved to evaluations/pipeline/results_v3_dense/fidelity_gnn_predicted.json
2026-07-30 08:25:06,671  run_gnn_dispatch              INFO      Full results saved to evaluations/pipeline/results_v3_dense/dispatch_results.json
2026-07-30 08:25:06,675  run_gnn_dispatch              INFO      Summary CSV saved to evaluations/pipeline/results_v3_dense/dispatch_summary.csv
2026-07-30 08:25:06,678  run_gnn_dispatch              INFO      Cross-policy CSV saved to evaluations/pipeline/results_v3_dense/cross_policy_summary.csv
