2026-07-30 07:54:41,106  run_gnn_dispatch              INFO      Logging to evaluations/pipeline/results_v3/dispatch.log
2026-07-30 07:54:41,209  run_gnn_dispatch              INFO      Restricted ground truth to 5117 circuits listed in /u/home/zamm/projects/cut-pred-distr/pred-distr-tool/src/model/test_circuit_names.json
2026-07-30 07:54:41,212  run_gnn_dispatch              INFO      Loaded ground-truth fidelities for 5117 circuits from /u/home/zamm/projects/cut-pred-distr/pred-distr-tool/src/model/expected_fidelity_results_benchmark.json
2026-07-30 07:54:41,213  run_gnn_dispatch              INFO      Running GNN inference on circuits in /u/home/zamm/projects/cut-pred-distr/pred-distr-tool/data/benchmark_dataset_30k (GNN policy will use its own predictions, not ground truth)
2026-07-30 07:54:41,247  run_gnn_dispatch              INFO      Predicting fidelities for 5117 circuits ...
2026-07-30 07:54:45,069  run_gnn_dispatch              INFO        predicted 50 / 5117
2026-07-30 07:54:50,097  run_gnn_dispatch              INFO        predicted 100 / 5117
2026-07-30 07:54:54,481  run_gnn_dispatch              INFO        predicted 150 / 5117
2026-07-30 07:54:55,689  run_gnn_dispatch              INFO        predicted 200 / 5117
2026-07-30 07:54:57,633  run_gnn_dispatch              INFO        predicted 250 / 5117
2026-07-30 07:54:59,742  run_gnn_dispatch              INFO        predicted 300 / 5117
2026-07-30 07:55:03,648  run_gnn_dispatch              INFO        predicted 350 / 5117
2026-07-30 07:55:10,362  run_gnn_dispatch              INFO        predicted 400 / 5117
2026-07-30 07:55:11,171  run_gnn_dispatch              INFO        predicted 450 / 5117
2026-07-30 07:55:13,151  run_gnn_dispatch              INFO        predicted 500 / 5117
2026-07-30 07:55:15,620  run_gnn_dispatch              INFO        predicted 550 / 5117
2026-07-30 07:55:18,350  run_gnn_dispatch              INFO        predicted 600 / 5117
2026-07-30 07:55:21,353  run_gnn_dispatch              INFO        predicted 650 / 5117
2026-07-30 07:55:25,364  run_gnn_dispatch              INFO        predicted 700 / 5117
2026-07-30 07:55:29,769  run_gnn_dispatch              INFO        predicted 750 / 5117
2026-07-30 07:55:34,097  run_gnn_dispatch              INFO        predicted 800 / 5117
2026-07-30 07:55:38,517  run_gnn_dispatch              INFO        predicted 850 / 5117
2026-07-30 07:55:42,570  run_gnn_dispatch              INFO        predicted 900 / 5117
2026-07-30 07:55:43,426  run_gnn_dispatch              INFO        predicted 950 / 5117
2026-07-30 07:55:43,955  run_gnn_dispatch              INFO        predicted 1000 / 5117
2026-07-30 07:55:44,530  run_gnn_dispatch              INFO        predicted 1050 / 5117
2026-07-30 07:55:45,282  run_gnn_dispatch              INFO        predicted 1100 / 5117
2026-07-30 07:55:46,092  run_gnn_dispatch              INFO        predicted 1150 / 5117
2026-07-30 07:55:47,379  run_gnn_dispatch              INFO        predicted 1200 / 5117
2026-07-30 07:55:48,944  run_gnn_dispatch              INFO        predicted 1250 / 5117
2026-07-30 07:55:50,833  run_gnn_dispatch              INFO        predicted 1300 / 5117
2026-07-30 07:55:52,659  run_gnn_dispatch              INFO        predicted 1350 / 5117
2026-07-30 07:55:55,557  run_gnn_dispatch              INFO        predicted 1400 / 5117
2026-07-30 07:55:57,055  run_gnn_dispatch              INFO        predicted 1450 / 5117
2026-07-30 07:55:57,986  run_gnn_dispatch              INFO        predicted 1500 / 5117
2026-07-30 07:55:59,513  run_gnn_dispatch              INFO        predicted 1550 / 5117
2026-07-30 07:56:02,507  run_gnn_dispatch              INFO        predicted 1600 / 5117
2026-07-30 07:56:05,186  run_gnn_dispatch              INFO        predicted 1650 / 5117
2026-07-30 07:56:05,899  run_gnn_dispatch              INFO        predicted 1700 / 5117
2026-07-30 07:56:07,174  run_gnn_dispatch              INFO        predicted 1750 / 5117
2026-07-30 07:56:08,662  run_gnn_dispatch              INFO        predicted 1800 / 5117
2026-07-30 07:56:10,703  run_gnn_dispatch              INFO        predicted 1850 / 5117
2026-07-30 07:56:12,231  run_gnn_dispatch              INFO        predicted 1900 / 5117
2026-07-30 07:56:12,986  run_gnn_dispatch              INFO        predicted 1950 / 5117
2026-07-30 07:56:15,416  run_gnn_dispatch              INFO        predicted 2000 / 5117
2026-07-30 07:56:19,507  run_gnn_dispatch              INFO        predicted 2050 / 5117
2026-07-30 07:56:24,272  run_gnn_dispatch              INFO        predicted 2100 / 5117
2026-07-30 07:56:24,803  run_gnn_dispatch              INFO        predicted 2150 / 5117
2026-07-30 07:56:25,920  run_gnn_dispatch              INFO        predicted 2200 / 5117
2026-07-30 07:56:27,371  run_gnn_dispatch              INFO        predicted 2250 / 5117
2026-07-30 07:56:29,374  run_gnn_dispatch              INFO        predicted 2300 / 5117
2026-07-30 07:56:32,227  run_gnn_dispatch              INFO        predicted 2350 / 5117
2026-07-30 07:56:34,053  run_gnn_dispatch              INFO        predicted 2400 / 5117
2026-07-30 07:56:35,628  run_gnn_dispatch              INFO        predicted 2450 / 5117
2026-07-30 07:56:37,244  run_gnn_dispatch              INFO        predicted 2500 / 5117
2026-07-30 07:56:39,245  run_gnn_dispatch              INFO        predicted 2550 / 5117
2026-07-30 07:56:41,513  run_gnn_dispatch              INFO        predicted 2600 / 5117
2026-07-30 07:56:43,544  run_gnn_dispatch              INFO        predicted 2650 / 5117
2026-07-30 07:56:46,000  run_gnn_dispatch              INFO        predicted 2700 / 5117
2026-07-30 07:56:48,189  run_gnn_dispatch              INFO        predicted 2750 / 5117
2026-07-30 07:56:51,092  run_gnn_dispatch              INFO        predicted 2800 / 5117
2026-07-30 07:56:53,386  run_gnn_dispatch              INFO        predicted 2850 / 5117
2026-07-30 07:56:54,092  run_gnn_dispatch              INFO        predicted 2900 / 5117
2026-07-30 07:56:54,613  run_gnn_dispatch              INFO        predicted 2950 / 5117
2026-07-30 07:56:55,239  run_gnn_dispatch              INFO        predicted 3000 / 5117
2026-07-30 07:56:55,982  run_gnn_dispatch              INFO        predicted 3050 / 5117
2026-07-30 07:56:56,959  run_gnn_dispatch              INFO        predicted 3100 / 5117
2026-07-30 07:56:58,062  run_gnn_dispatch              INFO        predicted 3150 / 5117
2026-07-30 07:56:59,241  run_gnn_dispatch              INFO        predicted 3200 / 5117
2026-07-30 07:57:00,746  run_gnn_dispatch              INFO        predicted 3250 / 5117
2026-07-30 07:57:02,624  run_gnn_dispatch              INFO        predicted 3300 / 5117
2026-07-30 07:57:05,166  run_gnn_dispatch              INFO        predicted 3350 / 5117
2026-07-30 07:57:07,757  run_gnn_dispatch              INFO        predicted 3400 / 5117
2026-07-30 07:57:10,437  run_gnn_dispatch              INFO        predicted 3450 / 5117
2026-07-30 07:57:13,429  run_gnn_dispatch              INFO        predicted 3500 / 5117
2026-07-30 07:57:16,403  run_gnn_dispatch              INFO        predicted 3550 / 5117
2026-07-30 07:57:19,377  run_gnn_dispatch              INFO        predicted 3600 / 5117
2026-07-30 07:57:22,455  run_gnn_dispatch              INFO        predicted 3650 / 5117
2026-07-30 07:57:25,649  run_gnn_dispatch              INFO        predicted 3700 / 5117
2026-07-30 07:57:26,695  run_gnn_dispatch              INFO        predicted 3750 / 5117
2026-07-30 07:57:27,331  run_gnn_dispatch              INFO        predicted 3800 / 5117
2026-07-30 07:57:28,059  run_gnn_dispatch              INFO        predicted 3850 / 5117
2026-07-30 07:57:29,087  run_gnn_dispatch              INFO        predicted 3900 / 5117
2026-07-30 07:57:30,259  run_gnn_dispatch              INFO        predicted 3950 / 5117
2026-07-30 07:57:31,789  run_gnn_dispatch              INFO        predicted 4000 / 5117
2026-07-30 07:57:33,440  run_gnn_dispatch              INFO        predicted 4050 / 5117
2026-07-30 07:57:34,915  run_gnn_dispatch              INFO        predicted 4100 / 5117
2026-07-30 07:57:36,765  run_gnn_dispatch              INFO        predicted 4150 / 5117
2026-07-30 07:57:38,193  run_gnn_dispatch              INFO        predicted 4200 / 5117
2026-07-30 07:57:39,904  run_gnn_dispatch              INFO        predicted 4250 / 5117
2026-07-30 07:57:42,302  run_gnn_dispatch              INFO        predicted 4300 / 5117
2026-07-30 07:57:44,463  run_gnn_dispatch              INFO        predicted 4350 / 5117
2026-07-30 07:57:46,920  run_gnn_dispatch              INFO        predicted 4400 / 5117
2026-07-30 07:57:49,133  run_gnn_dispatch              INFO        predicted 4450 / 5117
2026-07-30 07:57:51,563  run_gnn_dispatch              INFO        predicted 4500 / 5117
2026-07-30 07:57:54,164  run_gnn_dispatch              INFO        predicted 4550 / 5117
2026-07-30 07:57:56,368  run_gnn_dispatch              INFO        predicted 4600 / 5117
2026-07-30 07:57:58,806  run_gnn_dispatch              INFO        predicted 4650 / 5117
2026-07-30 07:57:59,946  run_gnn_dispatch              INFO        predicted 4700 / 5117
2026-07-30 07:58:00,493  run_gnn_dispatch              INFO        predicted 4750 / 5117
2026-07-30 07:58:01,108  run_gnn_dispatch              INFO        predicted 4800 / 5117
2026-07-30 07:58:01,902  run_gnn_dispatch              INFO        predicted 4850 / 5117
2026-07-30 07:58:02,615  run_gnn_dispatch              INFO        predicted 4900 / 5117
2026-07-30 07:58:03,376  run_gnn_dispatch              INFO        predicted 4950 / 5117
2026-07-30 07:58:04,430  run_gnn_dispatch              INFO        predicted 5000 / 5117
2026-07-30 07:58:05,560  run_gnn_dispatch              INFO        predicted 5050 / 5117
2026-07-30 07:58:06,803  run_gnn_dispatch              INFO        predicted 5100 / 5117
2026-07-30 07:58:07,350  run_gnn_dispatch              INFO      Predictions done: 5117 circuits in 206.1 s (24.8 circuits/s)
2026-07-30 07:58:07,353  run_gnn_dispatch              INFO      Benchmarking 5117 circuits
2026-07-30 07:58:07,353  run_gnn_dispatch              INFO      Registry check: get_multi_policy('gnn_device') -> GNNDevicePolicy
2026-07-30 07:58:07,354  run_gnn_dispatch              INFO      === Fidelity weight 0.00 ===
2026-07-30 07:58:07,363  run_gnn_dispatch              INFO        [oracle] EQE1_Top  ->  474 circuits
2026-07-30 07:58:07,363  run_gnn_dispatch              INFO        [oracle] EQE1_Bottom  ->  2846 circuits
2026-07-30 07:58:07,364  run_gnn_dispatch              INFO        [oracle] QExa20  ->  1797 circuits
2026-07-30 07:58:07,373  run_gnn_dispatch              INFO        [oracle] overall mean fidelity: 0.3759  (load CV: 0.697)
2026-07-30 07:58:07,373  run_gnn_dispatch              INFO        [gt_weighted] EQE1_Top  ->  1706 circuits
2026-07-30 07:58:07,375  run_gnn_dispatch              INFO        [gt_weighted] EQE1_Bottom  ->  1706 circuits
2026-07-30 07:58:07,376  run_gnn_dispatch              INFO        [gt_weighted] QExa20  ->  1705 circuits
2026-07-30 07:58:07,385  run_gnn_dispatch              INFO        [gt_weighted] overall mean fidelity: 0.3436  (load CV: 0.000)
2026-07-30 07:58:07,385  run_gnn_dispatch              INFO        [gnn] EQE1_Top  ->  1706 circuits
2026-07-30 07:58:07,386  run_gnn_dispatch              INFO        [gnn] EQE1_Bottom  ->  1706 circuits
2026-07-30 07:58:07,387  run_gnn_dispatch              INFO        [gnn] QExa20  ->  1705 circuits
2026-07-30 07:58:07,396  run_gnn_dispatch              INFO        [gnn] overall mean fidelity: 0.3436  (load CV: 0.000)
2026-07-30 07:58:07,397  run_gnn_dispatch              INFO        [round_robin] EQE1_Top  ->  1706 circuits
2026-07-30 07:58:07,397  run_gnn_dispatch              INFO        [round_robin] EQE1_Bottom  ->  1706 circuits
2026-07-30 07:58:07,398  run_gnn_dispatch              INFO        [round_robin] QExa20  ->  1705 circuits
2026-07-30 07:58:07,407  run_gnn_dispatch              INFO        [round_robin] overall mean fidelity: 0.3436  (load CV: 0.000)
2026-07-30 07:58:07,412  run_gnn_dispatch              INFO        [cross-policy oracle↔gnn] agreement: 33.2%  mean regret: 0.0322
2026-07-30 07:58:07,415  run_gnn_dispatch              INFO        [cross-policy gt_weighted↔gnn] agreement: 100.0%  mean regret: 0.0000
2026-07-30 07:58:07,415  run_gnn_dispatch              INFO      === Fidelity weight 0.30 ===
2026-07-30 07:58:07,455  run_gnn_dispatch              INFO        [oracle] EQE1_Top  ->  474 circuits
2026-07-30 07:58:07,455  run_gnn_dispatch              INFO        [oracle] EQE1_Bottom  ->  2846 circuits
2026-07-30 07:58:07,455  run_gnn_dispatch              INFO        [oracle] QExa20  ->  1797 circuits
2026-07-30 07:58:07,463  run_gnn_dispatch              INFO        [oracle] overall mean fidelity: 0.3759  (load CV: 0.697)
2026-07-30 07:58:07,463  run_gnn_dispatch              INFO        [gt_weighted] EQE1_Top  ->  1687 circuits
2026-07-30 07:58:07,463  run_gnn_dispatch              INFO        [gt_weighted] EQE1_Bottom  ->  1762 circuits
2026-07-30 07:58:07,463  run_gnn_dispatch              INFO        [gt_weighted] QExa20  ->  1668 circuits
2026-07-30 07:58:07,472  run_gnn_dispatch              INFO        [gt_weighted] overall mean fidelity: 0.3677  (load CV: 0.029)
2026-07-30 07:58:07,472  run_gnn_dispatch              INFO        [gnn] EQE1_Top  ->  1673 circuits
2026-07-30 07:58:07,472  run_gnn_dispatch              INFO        [gnn] EQE1_Bottom  ->  1771 circuits
2026-07-30 07:58:07,472  run_gnn_dispatch              INFO        [gnn] QExa20  ->  1673 circuits
2026-07-30 07:58:07,482  run_gnn_dispatch              INFO        [gnn] overall mean fidelity: 0.3645  (load CV: 0.033)
2026-07-30 07:58:07,482  run_gnn_dispatch              INFO        [round_robin] EQE1_Top  ->  1706 circuits
2026-07-30 07:58:07,482  run_gnn_dispatch              INFO        [round_robin] EQE1_Bottom  ->  1706 circuits
2026-07-30 07:58:07,482  run_gnn_dispatch              INFO        [round_robin] QExa20  ->  1705 circuits
2026-07-30 07:58:07,490  run_gnn_dispatch              INFO        [round_robin] overall mean fidelity: 0.3436  (load CV: 0.000)
2026-07-30 07:58:07,494  run_gnn_dispatch              INFO        [cross-policy oracle↔gnn] agreement: 52.6%  mean regret: 0.0113
2026-07-30 07:58:07,498  run_gnn_dispatch              INFO        [cross-policy gt_weighted↔gnn] agreement: 68.8%  mean regret: 0.0031
2026-07-30 07:58:07,499  run_gnn_dispatch              INFO      === Fidelity weight 0.50 ===
2026-07-30 07:58:07,538  run_gnn_dispatch              INFO        [oracle] EQE1_Top  ->  474 circuits
2026-07-30 07:58:07,538  run_gnn_dispatch              INFO        [oracle] EQE1_Bottom  ->  2846 circuits
2026-07-30 07:58:07,538  run_gnn_dispatch              INFO        [oracle] QExa20  ->  1797 circuits
2026-07-30 07:58:07,546  run_gnn_dispatch              INFO        [oracle] overall mean fidelity: 0.3759  (load CV: 0.697)
2026-07-30 07:58:07,546  run_gnn_dispatch              INFO        [gt_weighted] EQE1_Top  ->  1687 circuits
2026-07-30 07:58:07,546  run_gnn_dispatch              INFO        [gt_weighted] EQE1_Bottom  ->  1822 circuits
2026-07-30 07:58:07,546  run_gnn_dispatch              INFO        [gt_weighted] QExa20  ->  1608 circuits
2026-07-30 07:58:07,555  run_gnn_dispatch              INFO        [gt_weighted] overall mean fidelity: 0.3701  (load CV: 0.063)
2026-07-30 07:58:07,555  run_gnn_dispatch              INFO        [gnn] EQE1_Top  ->  1664 circuits
2026-07-30 07:58:07,555  run_gnn_dispatch              INFO        [gnn] EQE1_Bottom  ->  1839 circuits
2026-07-30 07:58:07,555  run_gnn_dispatch              INFO        [gnn] QExa20  ->  1614 circuits
2026-07-30 07:58:07,563  run_gnn_dispatch              INFO        [gnn] overall mean fidelity: 0.3675  (load CV: 0.069)
2026-07-30 07:58:07,563  run_gnn_dispatch              INFO        [round_robin] EQE1_Top  ->  1706 circuits
2026-07-30 07:58:07,563  run_gnn_dispatch              INFO        [round_robin] EQE1_Bottom  ->  1706 circuits
2026-07-30 07:58:07,563  run_gnn_dispatch              INFO        [round_robin] QExa20  ->  1705 circuits
2026-07-30 07:58:07,573  run_gnn_dispatch              INFO        [round_robin] overall mean fidelity: 0.3436  (load CV: 0.000)
2026-07-30 07:58:07,577  run_gnn_dispatch              INFO        [cross-policy oracle↔gnn] agreement: 57.1%  mean regret: 0.0084
2026-07-30 07:58:07,581  run_gnn_dispatch              INFO        [cross-policy gt_weighted↔gnn] agreement: 72.8%  mean regret: 0.0026
2026-07-30 07:58:07,581  run_gnn_dispatch              INFO      === Fidelity weight 0.70 ===
2026-07-30 07:58:07,765  run_gnn_dispatch              INFO        [oracle] EQE1_Top  ->  474 circuits
2026-07-30 07:58:07,765  run_gnn_dispatch              INFO        [oracle] EQE1_Bottom  ->  2846 circuits
2026-07-30 07:58:07,765  run_gnn_dispatch              INFO        [oracle] QExa20  ->  1797 circuits
2026-07-30 07:58:07,773  run_gnn_dispatch              INFO        [oracle] overall mean fidelity: 0.3759  (load CV: 0.697)
2026-07-30 07:58:07,773  run_gnn_dispatch              INFO        [gt_weighted] EQE1_Top  ->  1689 circuits
2026-07-30 07:58:07,773  run_gnn_dispatch              INFO        [gt_weighted] EQE1_Bottom  ->  1953 circuits
2026-07-30 07:58:07,774  run_gnn_dispatch              INFO        [gt_weighted] QExa20  ->  1475 circuits
2026-07-30 07:58:07,782  run_gnn_dispatch              INFO        [gt_weighted] overall mean fidelity: 0.3727  (load CV: 0.140)
2026-07-30 07:58:07,782  run_gnn_dispatch              INFO        [gnn] EQE1_Top  ->  1652 circuits
2026-07-30 07:58:07,782  run_gnn_dispatch              INFO        [gnn] EQE1_Bottom  ->  1982 circuits
2026-07-30 07:58:07,782  run_gnn_dispatch              INFO        [gnn] QExa20  ->  1483 circuits
2026-07-30 07:58:07,790  run_gnn_dispatch              INFO        [gnn] overall mean fidelity: 0.3703  (load CV: 0.149)
2026-07-30 07:58:07,790  run_gnn_dispatch              INFO        [round_robin] EQE1_Top  ->  1706 circuits
2026-07-30 07:58:07,790  run_gnn_dispatch              INFO        [round_robin] EQE1_Bottom  ->  1706 circuits
2026-07-30 07:58:07,790  run_gnn_dispatch              INFO        [round_robin] QExa20  ->  1705 circuits
2026-07-30 07:58:07,798  run_gnn_dispatch              INFO        [round_robin] overall mean fidelity: 0.3436  (load CV: 0.000)
2026-07-30 07:58:07,802  run_gnn_dispatch              INFO        [cross-policy oracle↔gnn] agreement: 61.4%  mean regret: 0.0056
2026-07-30 07:58:07,806  run_gnn_dispatch              INFO        [cross-policy gt_weighted↔gnn] agreement: 77.5%  mean regret: 0.0024
2026-07-30 07:58:07,806  run_gnn_dispatch              INFO      === Fidelity weight 1.00 ===
2026-07-30 07:58:07,850  run_gnn_dispatch              INFO        [oracle] EQE1_Top  ->  474 circuits
2026-07-30 07:58:07,850  run_gnn_dispatch              INFO        [oracle] EQE1_Bottom  ->  2846 circuits
2026-07-30 07:58:07,850  run_gnn_dispatch              INFO        [oracle] QExa20  ->  1797 circuits
2026-07-30 07:58:07,858  run_gnn_dispatch              INFO        [oracle] overall mean fidelity: 0.3759  (load CV: 0.697)
2026-07-30 07:58:07,858  run_gnn_dispatch              INFO        [gt_weighted] EQE1_Top  ->  474 circuits
2026-07-30 07:58:07,858  run_gnn_dispatch              INFO        [gt_weighted] EQE1_Bottom  ->  2846 circuits
2026-07-30 07:58:07,859  run_gnn_dispatch              INFO        [gt_weighted] QExa20  ->  1797 circuits
2026-07-30 07:58:07,866  run_gnn_dispatch              INFO        [gt_weighted] overall mean fidelity: 0.3759  (load CV: 0.697)
2026-07-30 07:58:07,866  run_gnn_dispatch              INFO        [gnn] EQE1_Top  ->  442 circuits
2026-07-30 07:58:07,867  run_gnn_dispatch              INFO        [gnn] EQE1_Bottom  ->  3375 circuits
2026-07-30 07:58:07,868  run_gnn_dispatch              INFO        [gnn] QExa20  ->  1300 circuits
2026-07-30 07:58:07,875  run_gnn_dispatch              INFO        [gnn] overall mean fidelity: 0.3737  (load CV: 0.884)
2026-07-30 07:58:07,875  run_gnn_dispatch              INFO        [round_robin] EQE1_Top  ->  1706 circuits
2026-07-30 07:58:07,876  run_gnn_dispatch              INFO        [round_robin] EQE1_Bottom  ->  1706 circuits
2026-07-30 07:58:07,877  run_gnn_dispatch              INFO        [round_robin] QExa20  ->  1705 circuits
2026-07-30 07:58:07,886  run_gnn_dispatch              INFO        [round_robin] overall mean fidelity: 0.3436  (load CV: 0.000)
2026-07-30 07:58:07,890  run_gnn_dispatch              INFO        [cross-policy oracle↔gnn] agreement: 80.1%  mean regret: 0.0021
2026-07-30 07:58:07,894  run_gnn_dispatch              INFO        [cross-policy gt_weighted↔gnn] agreement: 80.1%  mean regret: 0.0021
2026-07-30 07:58:07,916  run_gnn_dispatch              INFO      Ground-truth fidelities saved to evaluations/pipeline/results_v3/fidelity_ground_truth.json
2026-07-30 07:58:07,940  run_gnn_dispatch              INFO      GNN-predicted fidelities saved to evaluations/pipeline/results_v3/fidelity_gnn_predicted.json
2026-07-30 07:58:07,975  run_gnn_dispatch              INFO      Full results saved to evaluations/pipeline/results_v3/dispatch_results.json
2026-07-30 07:58:07,978  run_gnn_dispatch              INFO      Summary CSV saved to evaluations/pipeline/results_v3/dispatch_summary.csv
2026-07-30 07:58:07,980  run_gnn_dispatch              INFO      Cross-policy CSV saved to evaluations/pipeline/results_v3/cross_policy_summary.csv
