2026-10-08 05:42:14,735  genstudy.io               INFO     Logging to evaluations/generalization_v3/results/xattn_a05_s7/leave_one_group_out/run.log
2026-10-08 05:42:14,736  run_experiment            INFO     Command line: evaluations/generalization_v3/scripts/run_experiment.py logo --model xattn --balance-alpha 0.5 --lr 3e-4 --grad-clip 1.0 --seed 7 --families large --groups fourier --results-dir evaluations/generalization_v3/results/xattn_a05_s7
2026-10-08 05:42:14,736  gsv2.gpu                  WARNING  No CUDA device available — running on the CPU.
2026-10-08 05:42:14,736  genstudy.io               INFO     Logging to evaluations/generalization_v3/results/xattn_a05_s7/leave_one_group_out/run.log
2026-10-08 05:42:14,737  gsv3.model                INFO     Hyper-parameters (/home/atudisco/pred-distr-tool/src/model/best_params.json + v3 defaults): {'device_hidden': 64, 'device_layers': 3, 'fusion_dim': 128, 'qubit_layers': 2, 'attn_heads': 4, 'lap_pe': 8, 'cost_bias_init': -6.0, 'hidden_dim': 142, 'num_conv_wo_resnet': 3, 'num_resnet_layers': 1, 'dropout': 0.0, 'bidirectional': True, 'mlp': [512, 256, 128], 'lr': 0.001, 'readout': 'meanmaxsum'}
2026-10-08 05:42:14,737  run_experiment            INFO     Command line: evaluations/generalization_v3/scripts/run_experiment.py logo --model xattn --balance-alpha 0.5 --lr 3e-4 --grad-clip 1.0 --seed 7 --families large --groups variational --results-dir evaluations/generalization_v3/results/xattn_a05_s7
2026-10-08 05:42:14,737  gsv2.gpu                  WARNING  No CUDA device available — running on the CPU.
2026-10-08 05:42:14,737  gsv3.model                INFO     Hyper-parameters (/home/atudisco/pred-distr-tool/src/model/best_params.json + v3 defaults): {'device_hidden': 64, 'device_layers': 3, 'fusion_dim': 128, 'qubit_layers': 2, 'attn_heads': 4, 'lap_pe': 8, 'cost_bias_init': -6.0, 'hidden_dim': 142, 'num_conv_wo_resnet': 3, 'num_resnet_layers': 1, 'dropout': 0.0, 'bidirectional': True, 'mlp': [512, 256, 128], 'lr': 0.001, 'readout': 'meanmaxsum'}
2026-10-08 05:42:14,804  gsv3.devices              INFO     Device graphs: node features 13 (Laplacian PE 8), physical errors False
2026-10-08 05:42:14,805  genstudy.data             INFO     Loading graph dataset: /home/atudisco/pred-distr-tool/evaluations/generalization_v3/data/graph_dataset_expected_fidelity.pt
2026-10-08 05:42:14,849  gsv3.devices              INFO     Device graphs: node features 13 (Laplacian PE 8), physical errors False
2026-10-08 05:42:14,850  genstudy.data             INFO     Loading graph dataset: /home/atudisco/pred-distr-tool/evaluations/generalization_v3/data/graph_dataset_expected_fidelity.pt
2026-10-08 05:42:14,940  genstudy.io               INFO     Logging to evaluations/generalization_v3/results/xattn_a05_s7/leave_one_group_out/run.log
2026-10-08 05:42:14,941  run_experiment            INFO     Command line: evaluations/generalization_v3/scripts/run_experiment.py logo --model xattn --balance-alpha 0.5 --lr 3e-4 --grad-clip 1.0 --seed 7 --families large --groups vqe --results-dir evaluations/generalization_v3/results/xattn_a05_s7
2026-10-08 05:42:14,941  gsv2.gpu                  WARNING  No CUDA device available — running on the CPU.
2026-10-08 05:42:14,941  gsv3.model                INFO     Hyper-parameters (/home/atudisco/pred-distr-tool/src/model/best_params.json + v3 defaults): {'device_hidden': 64, 'device_layers': 3, 'fusion_dim': 128, 'qubit_layers': 2, 'attn_heads': 4, 'lap_pe': 8, 'cost_bias_init': -6.0, 'hidden_dim': 142, 'num_conv_wo_resnet': 3, 'num_resnet_layers': 1, 'dropout': 0.0, 'bidirectional': True, 'mlp': [512, 256, 128], 'lr': 0.001, 'readout': 'meanmaxsum'}
2026-10-08 05:42:14,951  gsv3.devices              INFO     Device graphs: node features 13 (Laplacian PE 8), physical errors False
2026-10-08 05:42:14,952  genstudy.data             INFO     Loading graph dataset: /home/atudisco/pred-distr-tool/evaluations/generalization_v3/data/graph_dataset_expected_fidelity.pt
2026-10-08 05:42:19,573  genstudy.data             INFO     Loaded 17056 graphs
2026-10-08 05:42:19,579  genstudy.data             INFO     Loaded 17056 graphs
2026-10-08 05:42:19,585  genstudy.data             INFO     Loaded 17056 graphs
2026-10-08 05:42:19,609  genstudy.io               INFO     Wrote evaluations/generalization_v3/results/xattn_a05_s7/leave_one_group_out/dataset_summary.json
2026-10-08 05:42:19,612  run_experiment            INFO     [1/1] variational
2026-10-08 05:42:19,616  genstudy.io               INFO     Wrote evaluations/generalization_v3/results/xattn_a05_s7/leave_one_group_out/dataset_summary.json
2026-10-08 05:42:19,618  run_experiment            INFO     [1/1] fourier
2026-10-08 05:42:19,619  gsv3.experiment           INFO     === group_holdout / variational ===
2026-10-08 05:42:19,619  gsv3.experiment           INFO     Leave-one-group-out: test = all 9928 circuits of group 'variational' (qnn, vqe_real_amp, vqe_su2, vqe_two_local), train = 7128 circuits from the other 31 families.
2026-10-08 05:42:19,620  gsv3.experiment           INFO     train=6204  val=924 ({'mode': 'family', 'val_families': ['bmw_quark_cardinality', 'bmw_quark_copula', 'bv', 'cdkm_ripple_carry_adder', 'dj', 'draper_qft_adder', 'dynamic_qft', 'full_adder', 'ghz', 'ghz_dynamic', 'graphstate', 'grover', 'half_adder', 'hhl', 'hrs_cumulative_multiplier', 'iqpe', 'modular_adder', 'multiplier', 'qpeexact', 'qpeinexact', 'qwalk', 'rg_qft_multiplier', 'seven_qubit_steane_code', 'shors_nine_qubit_code', 'vbe_ripple_carry_adder', 'wstate']})  test=9928
2026-10-08 05:42:19,621  gsv3.experiment           INFO     === group_holdout / fourier ===
2026-10-08 05:42:19,621  gsv3.experiment           INFO     Leave-one-group-out: test = all 2904 circuits of group 'fourier' (ae, draper_qft_adder, dynamic_qft, iqpe, qft, qftentangled, qpeexact, qpeinexact, rg_qft_multiplier), train = 14152 circuits from the other 26 families.
2026-10-08 05:42:19,622  gsv3.experiment           INFO     train=11874  val=2278 ({'mode': 'family', 'val_families': ['bmw_quark_cardinality', 'bmw_quark_copula', 'bv', 'cdkm_ripple_carry_adder', 'dj', 'full_adder', 'ghz', 'ghz_dynamic', 'graphstate', 'grover', 'half_adder', 'hhl', 'hrs_cumulative_multiplier', 'modular_adder', 'multiplier', 'qnn', 'qwalk', 'randomcircuit', 'seven_qubit_steane_code', 'shors_nine_qubit_code', 'vbe_ripple_carry_adder', 'wstate']})  test=2904
2026-10-08 05:42:19,688  gsv3.training             INFO     [group_holdout:variational] model=xattn (945113 params) train=6204 val=924 lr=0.0003 clip=1.0 alpha=0.50
2026-10-08 05:42:19,720  genstudy.io               INFO     Wrote evaluations/generalization_v3/results/xattn_a05_s7/leave_one_group_out/dataset_summary.json
2026-10-08 05:42:19,723  run_experiment            INFO     [1/1] vqe
2026-10-08 05:42:19,725  gsv3.experiment           INFO     === group_holdout / vqe ===
2026-10-08 05:42:19,725  gsv3.experiment           INFO     Leave-one-group-out: test = all 9168 circuits of group 'vqe' (vqe_real_amp, vqe_su2, vqe_two_local), train = 7888 circuits from the other 32 families.
2026-10-08 05:42:19,727  gsv3.experiment           INFO     train=6186  val=1702 ({'mode': 'family', 'val_families': ['ae', 'bv', 'cdkm_ripple_carry_adder', 'grover', 'half_adder', 'hhl', 'modular_adder', 'multiplier', 'qft', 'qpeexact', 'qwalk', 'shors_nine_qubit_code', 'vbe_ripple_carry_adder']})  test=9168
2026-10-08 05:42:19,800  gsv3.training             INFO     [group_holdout:vqe] model=xattn (945113 params) train=6186 val=1702 lr=0.0003 clip=1.0 alpha=0.50
2026-10-08 05:42:19,803  gsv3.training             INFO     [group_holdout:fourier] model=xattn (945113 params) train=11874 val=2278 lr=0.0003 clip=1.0 alpha=0.50
2026-10-08 05:43:11,654  gsv3.training             INFO     [group_holdout:vqe] epoch 0001  train_log_mse=4.51529  val_log_mse=6.07781  val_mse=0.005358  max_grad=5168.20  patience=0/30
2026-10-08 05:43:15,118  gsv3.training             INFO     [group_holdout:variational] epoch 0001  train_log_mse=6.51217  val_log_mse=4.89934  val_mse=0.065498  max_grad=7616.70  patience=0/30
2026-10-08 05:43:42,120  gsv3.training             INFO     [group_holdout:fourier] epoch 0001  train_log_mse=2.05023  val_log_mse=4.86840  val_mse=0.023191  max_grad=4357.87  patience=0/30
2026-10-08 05:44:02,899  gsv3.training             INFO     [group_holdout:vqe] epoch 0002  train_log_mse=1.25797  val_log_mse=5.97126  val_mse=0.005704  max_grad=462.97  patience=1/30
2026-10-08 05:44:09,754  gsv3.training             INFO     [group_holdout:variational] epoch 0002  train_log_mse=1.51970  val_log_mse=4.31555  val_mse=0.045621  max_grad=451.59  patience=0/30
2026-10-08 05:44:54,576  gsv3.training             INFO     [group_holdout:vqe] epoch 0003  train_log_mse=0.86584  val_log_mse=4.75069  val_mse=0.002348  max_grad=589.46  patience=0/30
2026-10-08 05:45:05,555  gsv3.training             INFO     [group_holdout:variational] epoch 0003  train_log_mse=1.11369  val_log_mse=12.04950  val_mse=0.041990  max_grad=329.39  patience=0/30
2026-10-08 05:45:05,726  gsv3.training             INFO     [group_holdout:fourier] epoch 0002  train_log_mse=0.57116  val_log_mse=3.63638  val_mse=0.020569  max_grad=349.40  patience=0/30
2026-10-08 05:45:45,552  gsv3.training             INFO     [group_holdout:vqe] epoch 0004  train_log_mse=0.75943  val_log_mse=3.52615  val_mse=0.002706  max_grad=483.41  patience=1/30
2026-10-08 05:46:00,533  gsv3.training             INFO     [group_holdout:variational] epoch 0004  train_log_mse=0.65084  val_log_mse=10.95761  val_mse=0.033526  max_grad=191.91  patience=0/30
2026-10-08 05:46:29,132  gsv3.training             INFO     [group_holdout:fourier] epoch 0003  train_log_mse=0.24977  val_log_mse=3.79163  val_mse=0.020267  max_grad=93.30  patience=0/30
2026-10-08 05:46:36,358  gsv3.training             INFO     [group_holdout:vqe] epoch 0005  train_log_mse=0.63981  val_log_mse=4.96365  val_mse=0.002338  max_grad=337.20  patience=0/30
2026-10-08 05:46:56,673  gsv3.training             INFO     [group_holdout:variational] epoch 0005  train_log_mse=0.55574  val_log_mse=11.55696  val_mse=0.035142  max_grad=142.92  patience=1/30
2026-10-08 05:47:28,631  gsv3.training             INFO     [group_holdout:vqe] epoch 0006  train_log_mse=0.50833  val_log_mse=4.38941  val_mse=0.003143  max_grad=262.65  patience=1/30
2026-10-08 05:47:52,586  gsv3.training             INFO     [group_holdout:fourier] epoch 0004  train_log_mse=0.27182  val_log_mse=3.76644  val_mse=0.021265  max_grad=167.78  patience=1/30
2026-10-08 05:47:53,883  gsv3.training             INFO     [group_holdout:variational] epoch 0006  train_log_mse=0.59037  val_log_mse=9.27912  val_mse=0.033312  max_grad=202.37  patience=0/30
2026-10-08 05:48:20,145  gsv3.training             INFO     [group_holdout:vqe] epoch 0007  train_log_mse=0.46754  val_log_mse=3.66548  val_mse=0.002544  max_grad=215.62  patience=2/30
2026-10-08 05:48:50,545  gsv3.training             INFO     [group_holdout:variational] epoch 0007  train_log_mse=0.43657  val_log_mse=16.17392  val_mse=0.039685  max_grad=136.51  patience=1/30
2026-10-08 05:49:10,558  gsv3.training             INFO     [group_holdout:vqe] epoch 0008  train_log_mse=0.54408  val_log_mse=3.56729  val_mse=0.001978  max_grad=296.87  patience=0/30
2026-10-08 05:49:15,976  gsv3.training             INFO     [group_holdout:fourier] epoch 0005  train_log_mse=0.17792  val_log_mse=3.81074  val_mse=0.019034  max_grad=154.61  patience=0/30
2026-10-08 05:49:46,277  gsv3.training             INFO     [group_holdout:variational] epoch 0008  train_log_mse=0.41143  val_log_mse=11.57045  val_mse=0.033227  max_grad=178.82  patience=0/30
2026-10-08 05:50:01,565  gsv3.training             INFO     [group_holdout:vqe] epoch 0009  train_log_mse=0.35506  val_log_mse=4.43634  val_mse=0.003843  max_grad=104.85  patience=1/30
2026-10-08 05:50:36,983  gsv3.training             INFO     [group_holdout:fourier] epoch 0006  train_log_mse=0.15391  val_log_mse=4.62291  val_mse=0.021167  max_grad=105.75  patience=1/30
2026-10-08 05:50:41,769  gsv3.training             INFO     [group_holdout:variational] epoch 0009  train_log_mse=0.40858  val_log_mse=9.29657  val_mse=0.034547  max_grad=171.58  patience=1/30
2026-10-08 05:50:53,027  gsv3.training             INFO     [group_holdout:vqe] epoch 0010  train_log_mse=0.31338  val_log_mse=3.95912  val_mse=0.003125  max_grad=168.67  patience=2/30
2026-10-08 05:51:37,742  gsv3.training             INFO     [group_holdout:variational] epoch 0010  train_log_mse=0.30454  val_log_mse=9.69627  val_mse=0.035488  max_grad=96.20  patience=2/30
2026-10-08 05:51:44,030  gsv3.training             INFO     [group_holdout:vqe] epoch 0011  train_log_mse=0.32284  val_log_mse=5.02191  val_mse=0.002397  max_grad=95.86  patience=3/30
2026-10-08 05:52:00,842  gsv3.training             INFO     [group_holdout:fourier] epoch 0007  train_log_mse=0.13370  val_log_mse=3.65306  val_mse=0.021401  max_grad=69.12  patience=2/30
2026-10-08 05:52:34,518  gsv3.training             INFO     [group_holdout:variational] epoch 0011  train_log_mse=0.28954  val_log_mse=7.41553  val_mse=0.035104  max_grad=103.95  patience=3/30
2026-10-08 05:52:35,189  gsv3.training             INFO     [group_holdout:vqe] epoch 0012  train_log_mse=0.31967  val_log_mse=3.04329  val_mse=0.001977  max_grad=164.65  patience=0/30
2026-10-08 05:53:23,717  gsv3.training             INFO     [group_holdout:fourier] epoch 0008  train_log_mse=0.10979  val_log_mse=4.08361  val_mse=0.017536  max_grad=72.11  patience=0/30
2026-10-08 05:53:25,250  gsv3.training             INFO     [group_holdout:vqe] epoch 0013  train_log_mse=0.25663  val_log_mse=3.51417  val_mse=0.003508  max_grad=103.18  patience=1/30
2026-10-08 05:53:29,794  gsv3.training             INFO     [group_holdout:variational] epoch 0012  train_log_mse=0.30550  val_log_mse=10.53659  val_mse=0.036567  max_grad=163.59  patience=4/30
2026-10-08 05:54:15,739  gsv3.training             INFO     [group_holdout:vqe] epoch 0014  train_log_mse=0.26019  val_log_mse=3.08550  val_mse=0.002352  max_grad=82.88  patience=2/30
2026-10-08 05:54:25,800  gsv3.training             INFO     [group_holdout:variational] epoch 0013  train_log_mse=0.30375  val_log_mse=10.47548  val_mse=0.034773  max_grad=85.29  patience=5/30
2026-10-08 05:54:47,741  gsv3.training             INFO     [group_holdout:fourier] epoch 0009  train_log_mse=0.10712  val_log_mse=3.76428  val_mse=0.019129  max_grad=57.85  patience=1/30
2026-10-08 05:55:06,249  gsv3.training             INFO     [group_holdout:vqe] epoch 0015  train_log_mse=0.23538  val_log_mse=3.05481  val_mse=0.002348  max_grad=81.68  patience=3/30
2026-10-08 05:55:21,897  gsv3.training             INFO     [group_holdout:variational] epoch 0014  train_log_mse=0.36892  val_log_mse=9.53327  val_mse=0.033191  max_grad=144.91  patience=0/30
2026-10-08 05:55:56,104  gsv3.training             INFO     [group_holdout:vqe] epoch 0016  train_log_mse=0.29507  val_log_mse=2.93692  val_mse=0.001600  max_grad=167.07  patience=0/30
2026-10-08 05:56:11,178  gsv3.training             INFO     [group_holdout:fourier] epoch 0010  train_log_mse=0.08812  val_log_mse=3.75924  val_mse=0.019160  max_grad=37.32  patience=2/30
2026-10-08 05:56:17,612  gsv3.training             INFO     [group_holdout:variational] epoch 0015  train_log_mse=0.28205  val_log_mse=8.42515  val_mse=0.033818  max_grad=103.04  patience=1/30
2026-10-08 05:56:47,005  gsv3.training             INFO     [group_holdout:vqe] epoch 0017  train_log_mse=0.25841  val_log_mse=3.22637  val_mse=0.001715  max_grad=106.14  patience=1/30
2026-10-08 05:57:12,362  gsv3.training             INFO     [group_holdout:variational] epoch 0016  train_log_mse=0.22653  val_log_mse=8.81061  val_mse=0.032115  max_grad=61.69  patience=0/30
2026-10-08 05:57:34,436  gsv3.training             INFO     [group_holdout:fourier] epoch 0011  train_log_mse=0.09432  val_log_mse=3.74499  val_mse=0.019606  max_grad=43.22  patience=3/30
2026-10-08 05:57:36,716  gsv3.training             INFO     [group_holdout:vqe] epoch 0018  train_log_mse=0.23383  val_log_mse=3.14552  val_mse=0.002347  max_grad=115.39  patience=2/30
2026-10-08 05:58:08,901  gsv3.training             INFO     [group_holdout:variational] epoch 0017  train_log_mse=0.27118  val_log_mse=7.98579  val_mse=0.032118  max_grad=94.30  patience=1/30
2026-10-08 05:58:28,060  gsv3.training             INFO     [group_holdout:vqe] epoch 0019  train_log_mse=0.23604  val_log_mse=3.58244  val_mse=0.002465  max_grad=102.68  patience=3/30
2026-10-08 05:58:58,622  gsv3.training             INFO     [group_holdout:fourier] epoch 0012  train_log_mse=0.08654  val_log_mse=5.53793  val_mse=0.019666  max_grad=58.64  patience=4/30
2026-10-08 05:59:03,729  gsv3.training             INFO     [group_holdout:variational] epoch 0018  train_log_mse=0.28229  val_log_mse=6.17097  val_mse=0.031531  max_grad=146.63  patience=0/30
2026-10-08 05:59:19,158  gsv3.training             INFO     [group_holdout:vqe] epoch 0020  train_log_mse=0.19704  val_log_mse=5.54304  val_mse=0.001683  max_grad=84.77  patience=4/30
2026-10-08 05:59:59,119  gsv3.training             INFO     [group_holdout:variational] epoch 0019  train_log_mse=0.18960  val_log_mse=6.92446  val_mse=0.034453  max_grad=91.95  patience=1/30
2026-10-08 06:00:08,536  gsv3.training             INFO     [group_holdout:vqe] epoch 0021  train_log_mse=0.22775  val_log_mse=3.77706  val_mse=0.002027  max_grad=84.53  patience=5/30
2026-10-08 06:00:21,766  gsv3.training             INFO     [group_holdout:fourier] epoch 0013  train_log_mse=0.08746  val_log_mse=3.78827  val_mse=0.018698  max_grad=49.47  patience=5/30
2026-10-08 06:00:54,969  gsv3.training             INFO     [group_holdout:variational] epoch 0020  train_log_mse=0.19939  val_log_mse=9.42464  val_mse=0.032033  max_grad=68.36  patience=2/30
2026-10-08 06:00:58,987  gsv3.training             INFO     [group_holdout:vqe] epoch 0022  train_log_mse=0.19141  val_log_mse=4.82413  val_mse=0.001622  max_grad=72.12  patience=6/30
2026-10-08 06:01:43,739  gsv3.training             INFO     [group_holdout:fourier] epoch 0014  train_log_mse=0.08148  val_log_mse=3.62945  val_mse=0.020046  max_grad=39.79  patience=6/30
2026-10-08 06:01:50,066  gsv3.training             INFO     [group_holdout:variational] epoch 0021  train_log_mse=0.21382  val_log_mse=7.36166  val_mse=0.033316  max_grad=97.14  patience=3/30
2026-10-08 06:01:50,500  gsv3.training             INFO     [group_holdout:vqe] epoch 0023  train_log_mse=0.23753  val_log_mse=3.96194  val_mse=0.001459  max_grad=103.00  patience=0/30
2026-10-08 06:02:41,398  gsv3.training             INFO     [group_holdout:vqe] epoch 0024  train_log_mse=0.16900  val_log_mse=4.30634  val_mse=0.001622  max_grad=66.09  patience=1/30
2026-10-08 06:02:45,748  gsv3.training             INFO     [group_holdout:variational] epoch 0022  train_log_mse=0.17646  val_log_mse=9.74375  val_mse=0.036814  max_grad=55.46  patience=4/30
2026-10-08 06:03:05,643  gsv3.training             INFO     [group_holdout:fourier] epoch 0015  train_log_mse=0.08631  val_log_mse=4.09231  val_mse=0.019606  max_grad=68.00  patience=7/30
2026-10-08 06:03:31,943  gsv3.training             INFO     [group_holdout:vqe] epoch 0025  train_log_mse=0.15256  val_log_mse=3.91681  val_mse=0.003386  max_grad=56.12  patience=2/30
2026-10-08 06:03:40,982  gsv3.training             INFO     [group_holdout:variational] epoch 0023  train_log_mse=0.18269  val_log_mse=6.45282  val_mse=0.038485  max_grad=71.63  patience=5/30
2026-10-08 06:04:22,866  gsv3.training             INFO     [group_holdout:vqe] epoch 0026  train_log_mse=0.17444  val_log_mse=4.57507  val_mse=0.001498  max_grad=55.00  patience=3/30
2026-10-08 06:04:29,363  gsv3.training             INFO     [group_holdout:fourier] epoch 0016  train_log_mse=0.08496  val_log_mse=4.22321  val_mse=0.019378  max_grad=59.55  patience=8/30
2026-10-08 06:04:35,944  gsv3.training             INFO     [group_holdout:variational] epoch 0024  train_log_mse=0.18635  val_log_mse=5.62929  val_mse=0.038030  max_grad=78.18  patience=6/30
2026-10-08 06:05:12,988  gsv3.training             INFO     [group_holdout:vqe] epoch 0027  train_log_mse=0.15016  val_log_mse=3.45879  val_mse=0.001674  max_grad=43.62  patience=4/30
2026-10-08 06:05:30,558  gsv3.training             INFO     [group_holdout:variational] epoch 0025  train_log_mse=0.20320  val_log_mse=6.18329  val_mse=0.035932  max_grad=125.34  patience=7/30
2026-10-08 06:05:52,013  gsv3.training             INFO     [group_holdout:fourier] epoch 0017  train_log_mse=0.07018  val_log_mse=4.22837  val_mse=0.018573  max_grad=34.77  patience=9/30
2026-10-08 06:06:03,405  gsv3.training             INFO     [group_holdout:vqe] epoch 0028  train_log_mse=0.16033  val_log_mse=3.86768  val_mse=0.001624  max_grad=75.44  patience=5/30
2026-10-08 06:06:24,486  gsv3.training             INFO     [group_holdout:variational] epoch 0026  train_log_mse=0.15478  val_log_mse=4.85028  val_mse=0.036311  max_grad=49.46  patience=8/30
2026-10-08 06:06:53,103  gsv3.training             INFO     [group_holdout:vqe] epoch 0029  train_log_mse=0.14229  val_log_mse=3.21391  val_mse=0.001916  max_grad=53.87  patience=6/30
2026-10-08 06:07:15,705  gsv3.training             INFO     [group_holdout:fourier] epoch 0018  train_log_mse=0.06734  val_log_mse=4.19929  val_mse=0.018003  max_grad=44.68  patience=10/30
2026-10-08 06:07:19,218  gsv3.training             INFO     [group_holdout:variational] epoch 0027  train_log_mse=0.14452  val_log_mse=3.79623  val_mse=0.034777  max_grad=49.07  patience=9/30
2026-10-08 06:07:44,710  gsv3.training             INFO     [group_holdout:vqe] epoch 0030  train_log_mse=0.14300  val_log_mse=4.25110  val_mse=0.001559  max_grad=57.94  patience=7/30
2026-10-08 06:08:13,622  gsv3.training             INFO     [group_holdout:variational] epoch 0028  train_log_mse=0.16932  val_log_mse=4.94737  val_mse=0.032932  max_grad=72.81  patience=10/30
2026-10-08 06:08:35,080  gsv3.training             INFO     [group_holdout:vqe] epoch 0031  train_log_mse=0.15098  val_log_mse=3.81357  val_mse=0.001670  max_grad=62.49  patience=8/30
2026-10-08 06:08:39,177  gsv3.training             INFO     [group_holdout:fourier] epoch 0019  train_log_mse=0.06659  val_log_mse=3.91601  val_mse=0.021190  max_grad=36.16  patience=11/30
2026-10-08 06:09:08,634  gsv3.training             INFO     [group_holdout:variational] epoch 0029  train_log_mse=0.15141  val_log_mse=4.83345  val_mse=0.037035  max_grad=86.77  patience=11/30
2026-10-08 06:09:26,253  gsv3.training             INFO     [group_holdout:vqe] epoch 0032  train_log_mse=0.13125  val_log_mse=2.99826  val_mse=0.001471  max_grad=43.58  patience=9/30
2026-10-08 06:10:03,232  gsv3.training             INFO     [group_holdout:fourier] epoch 0020  train_log_mse=0.06774  val_log_mse=3.71839  val_mse=0.018414  max_grad=33.64  patience=12/30
2026-10-08 06:10:03,808  gsv3.training             INFO     [group_holdout:variational] epoch 0030  train_log_mse=0.14587  val_log_mse=4.38748  val_mse=0.036744  max_grad=51.18  patience=12/30
2026-10-08 06:10:18,017  gsv3.training             INFO     [group_holdout:vqe] epoch 0033  train_log_mse=0.13390  val_log_mse=3.52426  val_mse=0.002720  max_grad=45.08  patience=10/30
2026-10-08 06:10:57,568  gsv3.training             INFO     [group_holdout:variational] epoch 0031  train_log_mse=0.12942  val_log_mse=6.60039  val_mse=0.039533  max_grad=38.32  patience=13/30
2026-10-08 06:11:09,214  gsv3.training             INFO     [group_holdout:vqe] epoch 0034  train_log_mse=0.12813  val_log_mse=3.17948  val_mse=0.001860  max_grad=47.70  patience=11/30
2026-10-08 06:11:26,606  gsv3.training             INFO     [group_holdout:fourier] epoch 0021  train_log_mse=0.06129  val_log_mse=3.99011  val_mse=0.018452  max_grad=28.83  patience=13/30
2026-10-08 06:11:52,896  gsv3.training             INFO     [group_holdout:variational] epoch 0032  train_log_mse=0.18187  val_log_mse=5.97184  val_mse=0.042935  max_grad=68.61  patience=14/30
2026-10-08 06:12:00,366  gsv3.training             INFO     [group_holdout:vqe] epoch 0035  train_log_mse=0.13809  val_log_mse=3.53009  val_mse=0.001952  max_grad=70.78  patience=12/30
2026-10-08 06:12:47,998  gsv3.training             INFO     [group_holdout:variational] epoch 0033  train_log_mse=0.13428  val_log_mse=4.69308  val_mse=0.040383  max_grad=55.70  patience=15/30
2026-10-08 06:12:50,547  gsv3.training             INFO     [group_holdout:fourier] epoch 0022  train_log_mse=0.06071  val_log_mse=3.82360  val_mse=0.018285  max_grad=31.14  patience=14/30
2026-10-08 06:12:51,408  gsv3.training             INFO     [group_holdout:vqe] epoch 0036  train_log_mse=0.13068  val_log_mse=4.44558  val_mse=0.001431  max_grad=42.16  patience=0/30
2026-10-08 06:13:41,452  gsv3.training             INFO     [group_holdout:vqe] epoch 0037  train_log_mse=0.14828  val_log_mse=2.94018  val_mse=0.001370  max_grad=72.77  patience=0/30
2026-10-08 06:13:43,848  gsv3.training             INFO     [group_holdout:variational] epoch 0034  train_log_mse=0.13658  val_log_mse=3.80438  val_mse=0.037879  max_grad=47.37  patience=16/30
2026-10-08 06:14:14,082  gsv3.training             INFO     [group_holdout:fourier] epoch 0023  train_log_mse=0.05668  val_log_mse=3.93050  val_mse=0.018722  max_grad=27.53  patience=15/30
2026-10-08 06:14:32,356  gsv3.training             INFO     [group_holdout:vqe] epoch 0038  train_log_mse=0.12153  val_log_mse=3.04827  val_mse=0.001523  max_grad=36.09  patience=1/30
2026-10-08 06:14:39,379  gsv3.training             INFO     [group_holdout:variational] epoch 0035  train_log_mse=0.13796  val_log_mse=6.43339  val_mse=0.043919  max_grad=43.58  patience=17/30
2026-10-08 06:15:23,667  gsv3.training             INFO     [group_holdout:vqe] epoch 0039  train_log_mse=0.12743  val_log_mse=2.86843  val_mse=0.001873  max_grad=43.09  patience=2/30
2026-10-08 06:15:33,728  gsv3.training             INFO     [group_holdout:variational] epoch 0036  train_log_mse=0.13505  val_log_mse=8.34912  val_mse=0.046388  max_grad=66.39  patience=18/30
2026-10-08 06:15:37,388  gsv3.training             INFO     [group_holdout:fourier] epoch 0024  train_log_mse=0.05286  val_log_mse=4.20557  val_mse=0.018148  max_grad=27.36  patience=16/30
2026-10-08 06:16:14,119  gsv3.training             INFO     [group_holdout:vqe] epoch 0040  train_log_mse=0.10148  val_log_mse=3.38172  val_mse=0.001408  max_grad=49.81  patience=3/30
2026-10-08 06:16:29,304  gsv3.training             INFO     [group_holdout:variational] epoch 0037  train_log_mse=0.11690  val_log_mse=6.10857  val_mse=0.042391  max_grad=38.65  patience=19/30
2026-10-08 06:16:59,963  gsv3.training             INFO     [group_holdout:fourier] epoch 0025  train_log_mse=0.05555  val_log_mse=3.75573  val_mse=0.017511  max_grad=37.97  patience=0/30
2026-10-08 06:17:05,610  gsv3.training             INFO     [group_holdout:vqe] epoch 0041  train_log_mse=0.10868  val_log_mse=3.24510  val_mse=0.001400  max_grad=46.69  patience=4/30
2026-10-08 06:17:24,622  gsv3.training             INFO     [group_holdout:variational] epoch 0038  train_log_mse=0.14285  val_log_mse=6.76869  val_mse=0.046665  max_grad=63.48  patience=20/30
2026-10-08 06:17:56,970  gsv3.training             INFO     [group_holdout:vqe] epoch 0042  train_log_mse=0.13000  val_log_mse=3.63786  val_mse=0.001279  max_grad=72.72  patience=0/30
2026-10-08 06:18:18,965  gsv3.training             INFO     [group_holdout:variational] epoch 0039  train_log_mse=0.12623  val_log_mse=6.28482  val_mse=0.042146  max_grad=64.65  patience=21/30
2026-10-08 06:18:24,074  gsv3.training             INFO     [group_holdout:fourier] epoch 0026  train_log_mse=0.06354  val_log_mse=3.91850  val_mse=0.018051  max_grad=50.14  patience=1/30
2026-10-08 06:18:48,000  gsv3.training             INFO     [group_holdout:vqe] epoch 0043  train_log_mse=0.11878  val_log_mse=3.26096  val_mse=0.001827  max_grad=47.05  patience=1/30
2026-10-08 06:19:13,766  gsv3.training             INFO     [group_holdout:variational] epoch 0040  train_log_mse=0.12696  val_log_mse=5.33282  val_mse=0.045090  max_grad=58.88  patience=22/30
2026-10-08 06:19:38,656  gsv3.training             INFO     [group_holdout:vqe] epoch 0044  train_log_mse=0.12955  val_log_mse=3.03735  val_mse=0.001541  max_grad=70.20  patience=2/30
2026-10-08 06:19:46,699  gsv3.training             INFO     [group_holdout:fourier] epoch 0027  train_log_mse=0.05422  val_log_mse=3.82243  val_mse=0.017865  max_grad=29.70  patience=2/30
2026-10-08 06:20:09,762  gsv3.training             INFO     [group_holdout:variational] epoch 0041  train_log_mse=0.11182  val_log_mse=5.67675  val_mse=0.042852  max_grad=48.61  patience=23/30
2026-10-08 06:20:29,306  gsv3.training             INFO     [group_holdout:vqe] epoch 0045  train_log_mse=0.10217  val_log_mse=2.82336  val_mse=0.001570  max_grad=42.31  patience=3/30
2026-10-08 06:21:05,746  gsv3.training             INFO     [group_holdout:variational] epoch 0042  train_log_mse=0.12885  val_log_mse=5.23647  val_mse=0.043842  max_grad=67.18  patience=24/30
2026-10-08 06:21:10,065  gsv3.training             INFO     [group_holdout:fourier] epoch 0028  train_log_mse=0.04820  val_log_mse=3.85962  val_mse=0.016386  max_grad=23.82  patience=0/30
2026-10-08 06:21:19,816  gsv3.training             INFO     [group_holdout:vqe] epoch 0046  train_log_mse=0.12851  val_log_mse=3.29919  val_mse=0.001747  max_grad=93.33  patience=4/30
2026-10-08 06:22:01,538  gsv3.training             INFO     [group_holdout:variational] epoch 0043  train_log_mse=0.11954  val_log_mse=5.56576  val_mse=0.052754  max_grad=107.81  patience=25/30
2026-10-08 06:22:11,055  gsv3.training             INFO     [group_holdout:vqe] epoch 0047  train_log_mse=0.10632  val_log_mse=3.23986  val_mse=0.001778  max_grad=38.41  patience=5/30
2026-10-08 06:22:33,182  gsv3.training             INFO     [group_holdout:fourier] epoch 0029  train_log_mse=0.04872  val_log_mse=3.86730  val_mse=0.016911  max_grad=23.07  patience=1/30
2026-10-08 06:22:56,516  gsv3.training             INFO     [group_holdout:variational] epoch 0044  train_log_mse=0.11224  val_log_mse=5.16966  val_mse=0.046527  max_grad=42.39  patience=26/30
2026-10-08 06:23:03,182  gsv3.training             INFO     [group_holdout:vqe] epoch 0048  train_log_mse=0.09695  val_log_mse=2.42901  val_mse=0.002019  max_grad=33.11  patience=6/30
2026-10-08 06:23:51,740  gsv3.training             INFO     [group_holdout:variational] epoch 0045  train_log_mse=0.11611  val_log_mse=6.39702  val_mse=0.045595  max_grad=57.45  patience=27/30
2026-10-08 06:23:55,278  gsv3.training             INFO     [group_holdout:vqe] epoch 0049  train_log_mse=0.13977  val_log_mse=3.77360  val_mse=0.001267  max_grad=55.26  patience=0/30
2026-10-08 06:23:56,679  gsv3.training             INFO     [group_holdout:fourier] epoch 0030  train_log_mse=0.04780  val_log_mse=3.79206  val_mse=0.017573  max_grad=40.42  patience=2/30
2026-10-08 06:24:46,935  gsv3.training             INFO     [group_holdout:vqe] epoch 0050  train_log_mse=0.09381  val_log_mse=3.45512  val_mse=0.001558  max_grad=27.27  patience=1/30
2026-10-08 06:24:47,087  gsv3.training             INFO     [group_holdout:variational] epoch 0046  train_log_mse=0.11986  val_log_mse=4.46925  val_mse=0.047251  max_grad=60.22  patience=28/30
2026-10-08 06:25:19,959  gsv3.training             INFO     [group_holdout:fourier] epoch 0031  train_log_mse=0.04677  val_log_mse=3.93998  val_mse=0.017805  max_grad=29.31  patience=3/30
2026-10-08 06:25:37,701  gsv3.training             INFO     [group_holdout:vqe] epoch 0051  train_log_mse=0.08666  val_log_mse=3.22546  val_mse=0.001489  max_grad=41.23  patience=2/30
2026-10-08 06:25:41,817  gsv3.training             INFO     [group_holdout:variational] epoch 0047  train_log_mse=0.11141  val_log_mse=4.35686  val_mse=0.043865  max_grad=57.85  patience=29/30
2026-10-08 06:26:27,991  gsv3.training             INFO     [group_holdout:vqe] epoch 0052  train_log_mse=0.09968  val_log_mse=3.96521  val_mse=0.001440  max_grad=49.24  patience=3/30
2026-10-08 06:26:37,547  gsv3.training             INFO     [group_holdout:variational] epoch 0048  train_log_mse=0.11815  val_log_mse=3.79879  val_mse=0.051242  max_grad=66.19  patience=30/30
2026-10-08 06:26:44,478  gsv3.training             INFO     [group_holdout:fourier] epoch 0032  train_log_mse=0.04400  val_log_mse=3.78993  val_mse=0.016399  max_grad=38.00  patience=4/30
2026-10-08 06:26:52,974  gsv3.experiment           INFO     [variational] TEST  n=9928  MAE=0.1080  R2=0.7780  device-acc=0.211  regret=0.0765
2026-10-08 06:26:52,977  genstudy.io               INFO     Wrote evaluations/generalization_v3/results/xattn_a05_s7/leave_one_group_out/variational/metrics.json
2026-10-08 06:26:53,028  genstudy.io               INFO     Wrote evaluations/generalization_v3/results/xattn_a05_s7/leave_one_group_out/variational/predictions.json
2026-10-08 06:26:53,041  genstudy.io               INFO     Wrote evaluations/generalization_v3/results/xattn_a05_s7/leave_one_group_out/variational/history.json
2026-10-08 06:26:53,060  run_experiment            INFO     leave_one_group_out finished: 1 complete, 0 skipped
2026-10-08 06:27:18,560  gsv3.training             INFO     [group_holdout:vqe] epoch 0053  train_log_mse=0.09813  val_log_mse=3.29800  val_mse=0.001451  max_grad=43.41  patience=4/30
2026-10-08 06:28:01,588  gsv3.training             INFO     [group_holdout:fourier] epoch 0033  train_log_mse=0.04760  val_log_mse=3.72538  val_mse=0.017994  max_grad=27.85  patience=5/30
2026-10-08 06:28:06,893  gsv3.training             INFO     [group_holdout:vqe] epoch 0054  train_log_mse=0.08284  val_log_mse=4.41718  val_mse=0.001491  max_grad=33.31  patience=5/30
2026-10-08 06:28:54,266  gsv3.training             INFO     [group_holdout:vqe] epoch 0055  train_log_mse=0.11326  val_log_mse=3.39147  val_mse=0.001416  max_grad=66.03  patience=6/30
2026-10-08 06:29:18,753  gsv3.training             INFO     [group_holdout:fourier] epoch 0034  train_log_mse=0.04439  val_log_mse=3.89344  val_mse=0.017696  max_grad=34.99  patience=6/30
2026-10-08 06:29:40,829  gsv3.training             INFO     [group_holdout:vqe] epoch 0056  train_log_mse=0.09838  val_log_mse=2.74403  val_mse=0.001362  max_grad=41.27  patience=7/30
2026-10-08 06:30:27,771  gsv3.training             INFO     [group_holdout:vqe] epoch 0057  train_log_mse=0.07825  val_log_mse=3.79758  val_mse=0.001225  max_grad=30.36  patience=0/30
2026-10-08 06:30:36,696  gsv3.training             INFO     [group_holdout:fourier] epoch 0035  train_log_mse=0.04507  val_log_mse=3.88273  val_mse=0.016842  max_grad=24.98  patience=7/30
2026-10-08 06:31:15,703  gsv3.training             INFO     [group_holdout:vqe] epoch 0058  train_log_mse=0.08237  val_log_mse=3.78812  val_mse=0.001425  max_grad=53.24  patience=1/30
2026-10-08 06:31:54,033  gsv3.training             INFO     [group_holdout:fourier] epoch 0036  train_log_mse=0.04249  val_log_mse=4.17077  val_mse=0.017499  max_grad=32.25  patience=8/30
2026-10-08 06:32:03,182  gsv3.training             INFO     [group_holdout:vqe] epoch 0059  train_log_mse=0.08088  val_log_mse=3.01357  val_mse=0.001298  max_grad=47.20  patience=2/30
2026-10-08 06:32:50,246  gsv3.training             INFO     [group_holdout:vqe] epoch 0060  train_log_mse=0.08736  val_log_mse=3.01478  val_mse=0.001440  max_grad=44.24  patience=3/30
2026-10-08 06:33:10,866  gsv3.training             INFO     [group_holdout:fourier] epoch 0037  train_log_mse=0.04242  val_log_mse=4.11792  val_mse=0.016809  max_grad=27.43  patience=9/30
2026-10-08 06:33:36,620  gsv3.training             INFO     [group_holdout:vqe] epoch 0061  train_log_mse=0.07783  val_log_mse=4.10927  val_mse=0.001342  max_grad=32.92  patience=4/30
2026-10-08 06:34:23,407  gsv3.training             INFO     [group_holdout:vqe] epoch 0062  train_log_mse=0.09723  val_log_mse=3.59057  val_mse=0.001377  max_grad=45.67  patience=5/30
2026-10-08 06:34:28,807  gsv3.training             INFO     [group_holdout:fourier] epoch 0038  train_log_mse=0.04358  val_log_mse=3.98051  val_mse=0.017865  max_grad=39.18  patience=10/30
2026-10-08 06:35:11,685  gsv3.training             INFO     [group_holdout:vqe] epoch 0063  train_log_mse=0.08072  val_log_mse=3.55101  val_mse=0.001417  max_grad=41.15  patience=6/30
2026-10-08 06:35:45,203  gsv3.training             INFO     [group_holdout:fourier] epoch 0039  train_log_mse=0.04319  val_log_mse=3.91565  val_mse=0.017297  max_grad=30.34  patience=11/30
2026-10-08 06:35:59,742  gsv3.training             INFO     [group_holdout:vqe] epoch 0064  train_log_mse=0.07423  val_log_mse=3.09261  val_mse=0.001383  max_grad=31.79  patience=7/30
2026-10-08 06:36:46,978  gsv3.training             INFO     [group_holdout:vqe] epoch 0065  train_log_mse=0.07886  val_log_mse=3.26654  val_mse=0.001530  max_grad=45.51  patience=8/30
2026-10-08 06:37:02,816  gsv3.training             INFO     [group_holdout:fourier] epoch 0040  train_log_mse=0.04193  val_log_mse=3.93278  val_mse=0.015887  max_grad=22.20  patience=0/30
2026-10-08 06:37:33,837  gsv3.training             INFO     [group_holdout:vqe] epoch 0066  train_log_mse=0.06904  val_log_mse=3.36246  val_mse=0.001151  max_grad=28.54  patience=0/30
2026-10-08 06:38:20,244  gsv3.training             INFO     [group_holdout:fourier] epoch 0041  train_log_mse=0.04336  val_log_mse=4.06005  val_mse=0.016752  max_grad=35.69  patience=1/30
2026-10-08 06:38:20,451  gsv3.training             INFO     [group_holdout:vqe] epoch 0067  train_log_mse=0.08312  val_log_mse=3.78441  val_mse=0.001258  max_grad=40.34  patience=1/30
2026-10-08 06:39:07,449  gsv3.training             INFO     [group_holdout:vqe] epoch 0068  train_log_mse=0.07786  val_log_mse=3.27441  val_mse=0.001793  max_grad=38.07  patience=2/30
2026-10-08 06:39:38,925  gsv3.training             INFO     [group_holdout:fourier] epoch 0042  train_log_mse=0.03873  val_log_mse=3.84596  val_mse=0.016043  max_grad=21.61  patience=2/30
2026-10-08 06:39:55,376  gsv3.training             INFO     [group_holdout:vqe] epoch 0069  train_log_mse=0.08563  val_log_mse=3.46698  val_mse=0.001568  max_grad=54.52  patience=3/30
2026-10-08 06:40:42,804  gsv3.training             INFO     [group_holdout:vqe] epoch 0070  train_log_mse=0.07192  val_log_mse=3.43669  val_mse=0.001453  max_grad=35.05  patience=4/30
2026-10-08 06:40:56,917  gsv3.training             INFO     [group_holdout:fourier] epoch 0043  train_log_mse=0.04166  val_log_mse=4.03909  val_mse=0.015793  max_grad=28.34  patience=0/30
2026-10-08 06:41:30,300  gsv3.training             INFO     [group_holdout:vqe] epoch 0071  train_log_mse=0.06306  val_log_mse=3.51683  val_mse=0.001358  max_grad=30.99  patience=5/30
2026-10-08 06:42:13,601  gsv3.training             INFO     [group_holdout:fourier] epoch 0044  train_log_mse=0.04236  val_log_mse=3.97759  val_mse=0.017498  max_grad=31.64  patience=1/30
2026-10-08 06:42:18,685  gsv3.training             INFO     [group_holdout:vqe] epoch 0072  train_log_mse=0.08477  val_log_mse=3.69515  val_mse=0.001281  max_grad=37.90  patience=6/30
2026-10-08 06:43:05,427  gsv3.training             INFO     [group_holdout:vqe] epoch 0073  train_log_mse=0.07723  val_log_mse=3.75733  val_mse=0.001258  max_grad=39.29  patience=7/30
2026-10-08 06:43:31,586  gsv3.training             INFO     [group_holdout:fourier] epoch 0045  train_log_mse=0.04334  val_log_mse=4.41370  val_mse=0.014676  max_grad=27.66  patience=0/30
2026-10-08 06:43:52,648  gsv3.training             INFO     [group_holdout:vqe] epoch 0074  train_log_mse=0.08035  val_log_mse=4.38244  val_mse=0.001141  max_grad=44.34  patience=0/30
2026-10-08 06:44:39,638  gsv3.training             INFO     [group_holdout:vqe] epoch 0075  train_log_mse=0.07835  val_log_mse=4.09780  val_mse=0.001175  max_grad=43.14  patience=1/30
2026-10-08 06:44:49,549  gsv3.training             INFO     [group_holdout:fourier] epoch 0046  train_log_mse=0.03970  val_log_mse=4.11202  val_mse=0.014929  max_grad=24.57  patience=1/30
2026-10-08 06:45:27,516  gsv3.training             INFO     [group_holdout:vqe] epoch 0076  train_log_mse=0.06386  val_log_mse=4.48393  val_mse=0.001165  max_grad=42.19  patience=2/30
2026-10-08 06:46:05,912  gsv3.training             INFO     [group_holdout:fourier] epoch 0047  train_log_mse=0.04458  val_log_mse=3.92689  val_mse=0.015651  max_grad=26.59  patience=2/30
2026-10-08 06:46:15,142  gsv3.training             INFO     [group_holdout:vqe] epoch 0077  train_log_mse=0.07276  val_log_mse=4.26171  val_mse=0.001295  max_grad=44.10  patience=3/30
2026-10-08 06:47:02,985  gsv3.training             INFO     [group_holdout:vqe] epoch 0078  train_log_mse=0.07735  val_log_mse=4.70364  val_mse=0.001276  max_grad=38.58  patience=4/30
2026-10-08 06:47:22,211  gsv3.training             INFO     [group_holdout:fourier] epoch 0048  train_log_mse=0.03723  val_log_mse=4.12311  val_mse=0.015514  max_grad=21.56  patience=3/30
2026-10-08 06:47:50,767  gsv3.training             INFO     [group_holdout:vqe] epoch 0079  train_log_mse=0.06945  val_log_mse=3.45916  val_mse=0.001326  max_grad=46.59  patience=5/30
2026-10-08 06:48:38,519  gsv3.training             INFO     [group_holdout:fourier] epoch 0049  train_log_mse=0.04021  val_log_mse=3.90974  val_mse=0.016030  max_grad=27.71  patience=4/30
2026-10-08 06:48:38,611  gsv3.training             INFO     [group_holdout:vqe] epoch 0080  train_log_mse=0.07165  val_log_mse=3.77917  val_mse=0.001201  max_grad=45.45  patience=6/30
2026-10-08 06:49:26,309  gsv3.training             INFO     [group_holdout:vqe] epoch 0081  train_log_mse=0.07291  val_log_mse=3.55842  val_mse=0.001285  max_grad=46.93  patience=7/30
2026-10-08 06:49:55,685  gsv3.training             INFO     [group_holdout:fourier] epoch 0050  train_log_mse=0.03819  val_log_mse=4.26954  val_mse=0.015957  max_grad=25.22  patience=5/30
2026-10-08 06:50:14,547  gsv3.training             INFO     [group_holdout:vqe] epoch 0082  train_log_mse=0.06555  val_log_mse=4.01510  val_mse=0.001112  max_grad=40.65  patience=0/30
2026-10-08 06:51:03,053  gsv3.training             INFO     [group_holdout:vqe] epoch 0083  train_log_mse=0.07045  val_log_mse=4.04113  val_mse=0.001271  max_grad=33.49  patience=1/30
2026-10-08 06:51:13,546  gsv3.training             INFO     [group_holdout:fourier] epoch 0051  train_log_mse=0.03754  val_log_mse=3.84137  val_mse=0.016295  max_grad=28.46  patience=6/30
2026-10-08 06:51:50,617  gsv3.training             INFO     [group_holdout:vqe] epoch 0084  train_log_mse=0.07494  val_log_mse=4.61593  val_mse=0.001409  max_grad=37.12  patience=2/30
2026-10-08 06:52:30,368  gsv3.training             INFO     [group_holdout:fourier] epoch 0052  train_log_mse=0.03544  val_log_mse=4.43260  val_mse=0.015363  max_grad=19.88  patience=7/30
2026-10-08 06:52:38,724  gsv3.training             INFO     [group_holdout:vqe] epoch 0085  train_log_mse=0.07217  val_log_mse=3.33771  val_mse=0.001404  max_grad=37.62  patience=3/30
2026-10-08 06:53:26,267  gsv3.training             INFO     [group_holdout:vqe] epoch 0086  train_log_mse=0.06285  val_log_mse=3.76601  val_mse=0.001474  max_grad=29.17  patience=4/30
2026-10-08 06:53:46,324  gsv3.training             INFO     [group_holdout:fourier] epoch 0053  train_log_mse=0.04327  val_log_mse=4.30346  val_mse=0.015544  max_grad=28.16  patience=8/30
2026-10-08 06:54:14,917  gsv3.training             INFO     [group_holdout:vqe] epoch 0087  train_log_mse=0.06494  val_log_mse=4.85836  val_mse=0.001309  max_grad=27.92  patience=5/30
2026-10-08 06:55:01,474  gsv3.training             INFO     [group_holdout:vqe] epoch 0088  train_log_mse=0.06262  val_log_mse=4.75276  val_mse=0.001559  max_grad=50.59  patience=6/30
2026-10-08 06:55:02,597  gsv3.training             INFO     [group_holdout:fourier] epoch 0054  train_log_mse=0.03991  val_log_mse=3.95633  val_mse=0.015751  max_grad=30.29  patience=9/30
2026-10-08 06:55:48,680  gsv3.training             INFO     [group_holdout:vqe] epoch 0089  train_log_mse=0.05952  val_log_mse=3.87882  val_mse=0.001675  max_grad=37.48  patience=7/30
2026-10-08 06:56:18,572  gsv3.training             INFO     [group_holdout:fourier] epoch 0055  train_log_mse=0.03353  val_log_mse=4.09479  val_mse=0.016402  max_grad=22.60  patience=10/30
2026-10-08 06:56:36,203  gsv3.training             INFO     [group_holdout:vqe] epoch 0090  train_log_mse=0.06349  val_log_mse=3.62711  val_mse=0.001357  max_grad=39.03  patience=8/30
2026-10-08 06:57:23,785  gsv3.training             INFO     [group_holdout:vqe] epoch 0091  train_log_mse=0.05999  val_log_mse=5.01570  val_mse=0.001377  max_grad=30.94  patience=9/30
2026-10-08 06:57:34,702  gsv3.training             INFO     [group_holdout:fourier] epoch 0056  train_log_mse=0.03282  val_log_mse=4.11524  val_mse=0.014786  max_grad=17.97  patience=11/30
2026-10-08 06:58:11,869  gsv3.training             INFO     [group_holdout:vqe] epoch 0092  train_log_mse=0.06390  val_log_mse=3.86778  val_mse=0.001383  max_grad=45.17  patience=10/30
2026-10-08 06:58:51,477  gsv3.training             INFO     [group_holdout:fourier] epoch 0057  train_log_mse=0.03088  val_log_mse=4.44735  val_mse=0.015387  max_grad=18.64  patience=12/30
2026-10-08 06:58:58,987  gsv3.training             INFO     [group_holdout:vqe] epoch 0093  train_log_mse=0.05186  val_log_mse=4.87191  val_mse=0.001198  max_grad=39.61  patience=11/30
2026-10-08 06:59:45,996  gsv3.training             INFO     [group_holdout:vqe] epoch 0094  train_log_mse=0.06187  val_log_mse=4.05849  val_mse=0.001240  max_grad=32.56  patience=12/30
2026-10-08 07:00:07,245  gsv3.training             INFO     [group_holdout:fourier] epoch 0058  train_log_mse=0.03350  val_log_mse=4.01633  val_mse=0.014783  max_grad=18.53  patience=13/30
2026-10-08 07:00:32,807  gsv3.training             INFO     [group_holdout:vqe] epoch 0095  train_log_mse=0.06924  val_log_mse=3.16998  val_mse=0.001815  max_grad=32.77  patience=13/30
2026-10-08 07:01:19,325  gsv3.training             INFO     [group_holdout:vqe] epoch 0096  train_log_mse=0.06101  val_log_mse=4.92557  val_mse=0.001301  max_grad=37.00  patience=14/30
2026-10-08 07:01:24,031  gsv3.training             INFO     [group_holdout:fourier] epoch 0059  train_log_mse=0.03207  val_log_mse=3.98695  val_mse=0.016117  max_grad=22.01  patience=14/30
2026-10-08 07:02:05,843  gsv3.training             INFO     [group_holdout:vqe] epoch 0097  train_log_mse=0.06561  val_log_mse=4.21807  val_mse=0.001244  max_grad=42.81  patience=15/30
2026-10-08 07:02:40,694  gsv3.training             INFO     [group_holdout:fourier] epoch 0060  train_log_mse=0.03159  val_log_mse=3.91507  val_mse=0.014935  max_grad=18.97  patience=15/30
2026-10-08 07:02:52,880  gsv3.training             INFO     [group_holdout:vqe] epoch 0098  train_log_mse=0.06410  val_log_mse=3.57015  val_mse=0.001205  max_grad=40.22  patience=16/30
2026-10-08 07:03:40,683  gsv3.training             INFO     [group_holdout:vqe] epoch 0099  train_log_mse=0.05776  val_log_mse=4.40429  val_mse=0.001260  max_grad=26.09  patience=17/30
2026-10-08 07:03:56,997  gsv3.training             INFO     [group_holdout:fourier] epoch 0061  train_log_mse=0.03820  val_log_mse=4.32187  val_mse=0.015472  max_grad=31.59  patience=16/30
2026-10-08 07:04:28,244  gsv3.training             INFO     [group_holdout:vqe] epoch 0100  train_log_mse=0.05960  val_log_mse=4.51427  val_mse=0.001215  max_grad=31.00  patience=18/30
2026-10-08 07:05:12,824  gsv3.training             INFO     [group_holdout:fourier] epoch 0062  train_log_mse=0.03112  val_log_mse=4.51743  val_mse=0.015904  max_grad=35.84  patience=17/30
2026-10-08 07:05:14,826  gsv3.training             INFO     [group_holdout:vqe] epoch 0101  train_log_mse=0.05736  val_log_mse=4.48811  val_mse=0.001195  max_grad=27.82  patience=19/30
2026-10-08 07:06:02,031  gsv3.training             INFO     [group_holdout:vqe] epoch 0102  train_log_mse=0.05713  val_log_mse=4.19330  val_mse=0.001362  max_grad=35.07  patience=20/30
2026-10-08 07:06:29,009  gsv3.training             INFO     [group_holdout:fourier] epoch 0063  train_log_mse=0.03686  val_log_mse=4.24878  val_mse=0.016019  max_grad=30.51  patience=18/30
2026-10-08 07:06:49,407  gsv3.training             INFO     [group_holdout:vqe] epoch 0103  train_log_mse=0.05512  val_log_mse=4.35938  val_mse=0.001186  max_grad=33.85  patience=21/30
2026-10-08 07:07:37,626  gsv3.training             INFO     [group_holdout:vqe] epoch 0104  train_log_mse=0.05092  val_log_mse=4.27420  val_mse=0.001449  max_grad=22.55  patience=22/30
2026-10-08 07:07:46,230  gsv3.training             INFO     [group_holdout:fourier] epoch 0064  train_log_mse=0.03261  val_log_mse=4.37647  val_mse=0.015887  max_grad=19.82  patience=19/30
2026-10-08 07:08:25,176  gsv3.training             INFO     [group_holdout:vqe] epoch 0105  train_log_mse=0.05655  val_log_mse=4.64169  val_mse=0.001174  max_grad=40.17  patience=23/30
2026-10-08 07:09:05,414  gsv3.training             INFO     [group_holdout:fourier] epoch 0065  train_log_mse=0.03473  val_log_mse=3.81640  val_mse=0.014539  max_grad=25.92  patience=0/30
2026-10-08 07:09:15,556  gsv3.training             INFO     [group_holdout:vqe] epoch 0106  train_log_mse=0.05137  val_log_mse=4.66871  val_mse=0.001198  max_grad=26.62  patience=24/30
2026-10-08 07:10:06,823  gsv3.training             INFO     [group_holdout:vqe] epoch 0107  train_log_mse=0.05741  val_log_mse=5.45207  val_mse=0.001750  max_grad=28.90  patience=25/30
2026-10-08 07:10:27,937  gsv3.training             INFO     [group_holdout:fourier] epoch 0066  train_log_mse=0.03330  val_log_mse=4.39714  val_mse=0.014568  max_grad=24.92  patience=1/30
2026-10-08 07:10:58,375  gsv3.training             INFO     [group_holdout:vqe] epoch 0108  train_log_mse=0.05322  val_log_mse=3.84299  val_mse=0.001319  max_grad=28.10  patience=26/30
2026-10-08 07:11:50,286  gsv3.training             INFO     [group_holdout:vqe] epoch 0109  train_log_mse=0.04771  val_log_mse=4.60210  val_mse=0.002082  max_grad=25.92  patience=27/30
2026-10-08 07:11:50,869  gsv3.training             INFO     [group_holdout:fourier] epoch 0067  train_log_mse=0.02940  val_log_mse=3.98978  val_mse=0.015220  max_grad=20.16  patience=2/30
2026-10-08 07:12:40,956  gsv3.training             INFO     [group_holdout:vqe] epoch 0110  train_log_mse=0.05581  val_log_mse=4.48935  val_mse=0.001334  max_grad=38.74  patience=28/30
2026-10-08 07:13:13,430  gsv3.training             INFO     [group_holdout:fourier] epoch 0068  train_log_mse=0.03181  val_log_mse=4.51297  val_mse=0.015288  max_grad=21.77  patience=3/30
2026-10-08 07:13:32,650  gsv3.training             INFO     [group_holdout:vqe] epoch 0111  train_log_mse=0.05544  val_log_mse=4.69294  val_mse=0.001446  max_grad=54.96  patience=29/30
2026-10-08 07:14:23,568  gsv3.training             INFO     [group_holdout:vqe] epoch 0112  train_log_mse=0.05724  val_log_mse=4.01054  val_mse=0.001386  max_grad=36.55  patience=30/30
2026-10-08 07:14:36,234  gsv3.training             INFO     [group_holdout:fourier] epoch 0069  train_log_mse=0.03375  val_log_mse=4.33364  val_mse=0.016564  max_grad=25.73  patience=4/30
2026-10-08 07:14:37,868  gsv3.experiment           INFO     [vqe] TEST  n=9168  MAE=0.0914  R2=0.8289  device-acc=0.571  regret=0.0171
2026-10-08 07:14:37,871  genstudy.io               INFO     Wrote evaluations/generalization_v3/results/xattn_a05_s7/leave_one_group_out/vqe/metrics.json
2026-10-08 07:14:37,918  genstudy.io               INFO     Wrote evaluations/generalization_v3/results/xattn_a05_s7/leave_one_group_out/vqe/predictions.json
2026-10-08 07:14:37,931  genstudy.io               INFO     Wrote evaluations/generalization_v3/results/xattn_a05_s7/leave_one_group_out/vqe/history.json
2026-10-08 07:14:37,950  run_experiment            INFO     leave_one_group_out finished: 1 complete, 0 skipped
2026-10-08 07:15:56,788  gsv3.training             INFO     [group_holdout:fourier] epoch 0070  train_log_mse=0.02917  val_log_mse=3.95098  val_mse=0.015775  max_grad=11.61  patience=5/30
2026-10-08 07:17:19,127  gsv3.training             INFO     [group_holdout:fourier] epoch 0071  train_log_mse=0.02872  val_log_mse=4.19408  val_mse=0.014707  max_grad=16.86  patience=6/30
2026-10-08 07:18:40,490  gsv3.training             INFO     [group_holdout:fourier] epoch 0072  train_log_mse=0.03180  val_log_mse=4.11457  val_mse=0.015809  max_grad=28.93  patience=7/30
2026-10-08 07:20:01,275  gsv3.training             INFO     [group_holdout:fourier] epoch 0073  train_log_mse=0.02994  val_log_mse=4.13637  val_mse=0.014461  max_grad=18.28  patience=0/30
2026-10-08 07:21:23,791  gsv3.training             INFO     [group_holdout:fourier] epoch 0074  train_log_mse=0.02915  val_log_mse=4.21947  val_mse=0.013878  max_grad=18.02  patience=0/30
2026-10-08 07:22:46,203  gsv3.training             INFO     [group_holdout:fourier] epoch 0075  train_log_mse=0.03051  val_log_mse=4.36702  val_mse=0.014545  max_grad=25.98  patience=1/30
2026-10-08 07:24:07,202  gsv3.training             INFO     [group_holdout:fourier] epoch 0076  train_log_mse=0.03425  val_log_mse=4.56609  val_mse=0.014875  max_grad=24.23  patience=2/30
2026-10-08 07:25:29,409  gsv3.training             INFO     [group_holdout:fourier] epoch 0077  train_log_mse=0.03159  val_log_mse=4.64857  val_mse=0.016875  max_grad=19.99  patience=3/30
2026-10-08 07:26:51,073  gsv3.training             INFO     [group_holdout:fourier] epoch 0078  train_log_mse=0.03197  val_log_mse=4.71842  val_mse=0.015027  max_grad=21.68  patience=4/30
2026-10-08 07:28:13,904  gsv3.training             INFO     [group_holdout:fourier] epoch 0079  train_log_mse=0.03024  val_log_mse=4.16753  val_mse=0.014876  max_grad=20.25  patience=5/30
2026-10-08 07:29:36,028  gsv3.training             INFO     [group_holdout:fourier] epoch 0080  train_log_mse=0.02829  val_log_mse=3.97941  val_mse=0.015349  max_grad=14.23  patience=6/30
2026-10-08 07:30:58,403  gsv3.training             INFO     [group_holdout:fourier] epoch 0081  train_log_mse=0.02834  val_log_mse=4.44612  val_mse=0.014427  max_grad=15.69  patience=7/30
2026-10-08 07:32:20,049  gsv3.training             INFO     [group_holdout:fourier] epoch 0082  train_log_mse=0.02894  val_log_mse=4.50052  val_mse=0.013894  max_grad=19.54  patience=8/30
2026-10-08 07:33:42,166  gsv3.training             INFO     [group_holdout:fourier] epoch 0083  train_log_mse=0.03090  val_log_mse=4.19655  val_mse=0.015460  max_grad=18.29  patience=9/30
2026-10-08 07:35:04,061  gsv3.training             INFO     [group_holdout:fourier] epoch 0084  train_log_mse=0.02773  val_log_mse=4.20902  val_mse=0.014150  max_grad=17.80  patience=10/30
2026-10-08 07:36:26,814  gsv3.training             INFO     [group_holdout:fourier] epoch 0085  train_log_mse=0.02823  val_log_mse=4.14571  val_mse=0.014861  max_grad=22.53  patience=11/30
2026-10-08 07:37:49,020  gsv3.training             INFO     [group_holdout:fourier] epoch 0086  train_log_mse=0.02788  val_log_mse=4.42927  val_mse=0.013956  max_grad=13.25  patience=12/30
2026-10-08 07:39:11,487  gsv3.training             INFO     [group_holdout:fourier] epoch 0087  train_log_mse=0.02714  val_log_mse=4.34515  val_mse=0.014942  max_grad=21.66  patience=13/30
2026-10-08 07:40:34,165  gsv3.training             INFO     [group_holdout:fourier] epoch 0088  train_log_mse=0.02818  val_log_mse=4.50120  val_mse=0.015291  max_grad=15.81  patience=14/30
2026-10-08 07:41:56,667  gsv3.training             INFO     [group_holdout:fourier] epoch 0089  train_log_mse=0.02794  val_log_mse=4.25896  val_mse=0.016209  max_grad=17.78  patience=15/30
2026-10-08 07:43:18,743  gsv3.training             INFO     [group_holdout:fourier] epoch 0090  train_log_mse=0.02529  val_log_mse=4.18015  val_mse=0.014846  max_grad=15.97  patience=16/30
2026-10-08 07:44:42,812  gsv3.training             INFO     [group_holdout:fourier] epoch 0091  train_log_mse=0.02681  val_log_mse=4.22760  val_mse=0.014974  max_grad=16.74  patience=17/30
2026-10-08 07:46:06,156  gsv3.training             INFO     [group_holdout:fourier] epoch 0092  train_log_mse=0.02984  val_log_mse=4.23260  val_mse=0.015667  max_grad=19.69  patience=18/30
2026-10-08 07:47:29,197  gsv3.training             INFO     [group_holdout:fourier] epoch 0093  train_log_mse=0.02538  val_log_mse=4.80806  val_mse=0.015873  max_grad=17.57  patience=19/30
2026-10-08 07:48:50,922  gsv3.training             INFO     [group_holdout:fourier] epoch 0094  train_log_mse=0.02672  val_log_mse=4.51478  val_mse=0.016284  max_grad=17.84  patience=20/30
2026-10-08 07:50:12,738  gsv3.training             INFO     [group_holdout:fourier] epoch 0095  train_log_mse=0.02671  val_log_mse=4.36036  val_mse=0.014511  max_grad=17.59  patience=21/30
2026-10-08 07:51:35,817  gsv3.training             INFO     [group_holdout:fourier] epoch 0096  train_log_mse=0.02831  val_log_mse=4.73053  val_mse=0.015098  max_grad=15.31  patience=22/30
2026-10-08 07:52:58,871  gsv3.training             INFO     [group_holdout:fourier] epoch 0097  train_log_mse=0.02702  val_log_mse=4.58590  val_mse=0.014595  max_grad=17.54  patience=23/30
2026-10-08 07:54:20,178  gsv3.training             INFO     [group_holdout:fourier] epoch 0098  train_log_mse=0.02654  val_log_mse=4.98251  val_mse=0.015797  max_grad=14.31  patience=24/30
2026-10-08 07:55:42,811  gsv3.training             INFO     [group_holdout:fourier] epoch 0099  train_log_mse=0.02633  val_log_mse=4.76843  val_mse=0.016050  max_grad=13.88  patience=25/30
2026-10-08 07:57:04,945  gsv3.training             INFO     [group_holdout:fourier] epoch 0100  train_log_mse=0.02646  val_log_mse=4.65689  val_mse=0.015684  max_grad=20.59  patience=26/30
2026-10-08 07:58:26,707  gsv3.training             INFO     [group_holdout:fourier] epoch 0101  train_log_mse=0.02952  val_log_mse=4.83502  val_mse=0.014454  max_grad=24.06  patience=27/30
2026-10-08 07:59:49,791  gsv3.training             INFO     [group_holdout:fourier] epoch 0102  train_log_mse=0.02546  val_log_mse=4.70962  val_mse=0.015136  max_grad=16.87  patience=28/30
2026-10-08 08:01:13,220  gsv3.training             INFO     [group_holdout:fourier] epoch 0103  train_log_mse=0.02358  val_log_mse=4.60208  val_mse=0.015665  max_grad=11.74  patience=29/30
2026-10-08 08:02:35,910  gsv3.training             INFO     [group_holdout:fourier] epoch 0104  train_log_mse=0.02564  val_log_mse=4.37602  val_mse=0.014680  max_grad=13.87  patience=30/30
2026-10-08 08:02:41,031  gsv3.experiment           INFO     [fourier] TEST  n=2904  MAE=0.1124  R2=0.7895  device-acc=0.553  regret=0.0318
2026-10-08 08:02:41,035  genstudy.io               INFO     Wrote evaluations/generalization_v3/results/xattn_a05_s7/leave_one_group_out/fourier/metrics.json
2026-10-08 08:02:41,052  genstudy.io               INFO     Wrote evaluations/generalization_v3/results/xattn_a05_s7/leave_one_group_out/fourier/predictions.json
2026-10-08 08:02:41,065  genstudy.io               INFO     Wrote evaluations/generalization_v3/results/xattn_a05_s7/leave_one_group_out/fourier/history.json
2026-10-08 08:02:41,085  run_experiment            INFO     leave_one_group_out finished: 1 complete, 0 skipped
