2026-10-08 19:31:20,977  genstudy.io               INFO     Logging to evaluations/generalization_v7/results/v7_l01/random_control/run.log
2026-10-08 19:31:20,977  run_experiment            INFO     Command line: evaluations/generalization_v3/scripts/run_experiment.py control --model sinkhorn --balance-alpha 0 --lr 3e-4 --grad-clip 1.0 --seed 5 --families x --groups x --loss mixed --val-mode random --layout-lambda 0.1 --layout-loss region_dist --layouts-path evaluations/compile_check/results/compiler_layouts_v6pilot.pt --results-dir evaluations/generalization_v7/results/v7_l01
2026-10-08 19:31:20,977  gsv2.gpu                  WARNING  No CUDA device available — running on the CPU.
2026-10-08 19:31:20,978  gsv3.model                INFO     Hyper-parameters (/home/atudisco/pred-distr-tool/src/model/best_params.json + v3 defaults): {'device_hidden': 64, 'device_layers': 3, 'fusion_dim': 128, 'qubit_layers': 2, 'attn_heads': 4, 'lap_pe': 8, 'cost_bias_init': -6.0, 'hidden_dim': 142, 'num_conv_wo_resnet': 3, 'num_resnet_layers': 1, 'dropout': 0.0, 'bidirectional': True, 'mlp': [512, 256, 128], 'lr': 0.001, 'readout': 'meanmaxsum'}
2026-10-08 19:31:20,994  gsv3.devices              INFO     Device graphs: node features 13 (Laplacian PE 8), physical errors True
2026-10-08 19:31:20,996  genstudy.data             INFO     Loading graph dataset: /home/atudisco/pred-distr-tool/evaluations/generalization_v3/data/graph_dataset_expected_fidelity.pt
2026-10-08 19:31:24,805  genstudy.data             INFO     Loaded 17056 graphs
2026-10-08 19:31:25,436  run_experiment            INFO     Compiler layouts (evaluations/compile_check/results/compiler_layouts_v6pilot.pt): 16994/17056 circuits
2026-10-08 19:31:25,460  genstudy.io               INFO     Wrote evaluations/generalization_v7/results/v7_l01/random_control/dataset_summary.json
2026-10-08 19:31:25,587  run_experiment            INFO     [1/1] random_seed5
2026-10-08 19:31:25,591  gsv3.experiment           INFO     === random / random_seed5 ===
2026-10-08 19:31:25,591  gsv3.experiment           INFO     Random split stratified by fidelity (test_fraction=0.3, seed=5): train = 11939, test = 5117 circuits; families and sizes appear on both sides.
2026-10-08 19:31:25,592  gsv3.experiment           INFO     train=9551  val=2388 ({'mode': 'random'})  test=5117
2026-10-08 19:31:25,687  gsv3.training             INFO     [random:random_seed5] model=sinkhorn (979423 params) train=9551 val=2388 lr=0.0003 clip=1.0 alpha=0.00
2026-10-08 19:32:39,011  gsv3.training             INFO     [random:random_seed5] epoch 0001  region_bce=0.6935  dist_mse=0.2554  region_overlap=0.630
2026-10-08 19:32:39,013  gsv3.training             INFO     [random:random_seed5] epoch 0001  train_log_mse=0.44948  val_log_mse=1.00809  val_mse=0.010975  max_grad=1336.66  patience=0/30
2026-10-08 19:33:52,347  gsv3.training             INFO     [random:random_seed5] epoch 0002  region_bce=0.4452  dist_mse=0.2076  region_overlap=0.693
2026-10-08 19:33:52,350  gsv3.training             INFO     [random:random_seed5] epoch 0002  train_log_mse=0.04449  val_log_mse=0.37509  val_mse=0.001723  max_grad=9.90  patience=0/30
2026-10-08 19:35:05,792  gsv3.training             INFO     [random:random_seed5] epoch 0003  region_bce=0.3888  dist_mse=0.1842  region_overlap=0.724
2026-10-08 19:35:05,794  gsv3.training             INFO     [random:random_seed5] epoch 0003  train_log_mse=0.02708  val_log_mse=0.11558  val_mse=0.001378  max_grad=8.22  patience=0/30
2026-10-08 19:36:19,201  gsv3.training             INFO     [random:random_seed5] epoch 0004  region_bce=0.3434  dist_mse=0.1688  region_overlap=0.751
2026-10-08 19:36:19,202  gsv3.training             INFO     [random:random_seed5] epoch 0004  train_log_mse=0.01692  val_log_mse=0.15673  val_mse=0.001429  max_grad=4.01  patience=1/30
2026-10-08 19:37:33,278  gsv3.training             INFO     [random:random_seed5] epoch 0005  region_bce=0.3194  dist_mse=0.1599  region_overlap=0.767
2026-10-08 19:37:33,280  gsv3.training             INFO     [random:random_seed5] epoch 0005  train_log_mse=0.01529  val_log_mse=0.17824  val_mse=0.001016  max_grad=4.66  patience=0/30
2026-10-08 19:38:46,533  gsv3.training             INFO     [random:random_seed5] epoch 0006  region_bce=0.3069  dist_mse=0.1540  region_overlap=0.775
2026-10-08 19:38:46,535  gsv3.training             INFO     [random:random_seed5] epoch 0006  train_log_mse=0.01338  val_log_mse=0.09607  val_mse=0.000954  max_grad=3.59  patience=0/30
2026-10-08 19:39:59,999  gsv3.training             INFO     [random:random_seed5] epoch 0007  region_bce=0.2974  dist_mse=0.1493  region_overlap=0.780
2026-10-08 19:40:00,000  gsv3.training             INFO     [random:random_seed5] epoch 0007  train_log_mse=0.01187  val_log_mse=0.17301  val_mse=0.001057  max_grad=2.76  patience=1/30
2026-10-08 19:41:11,889  gsv3.training             INFO     [random:random_seed5] epoch 0008  region_bce=0.2880  dist_mse=0.1454  region_overlap=0.785
2026-10-08 19:41:11,891  gsv3.training             INFO     [random:random_seed5] epoch 0008  train_log_mse=0.01109  val_log_mse=0.09239  val_mse=0.001094  max_grad=4.28  patience=2/30
2026-10-08 19:42:23,719  gsv3.training             INFO     [random:random_seed5] epoch 0009  region_bce=0.2794  dist_mse=0.1418  region_overlap=0.790
2026-10-08 19:42:23,721  gsv3.training             INFO     [random:random_seed5] epoch 0009  train_log_mse=0.01032  val_log_mse=0.10778  val_mse=0.000953  max_grad=3.13  patience=0/30
2026-10-08 19:43:36,914  gsv3.training             INFO     [random:random_seed5] epoch 0010  region_bce=0.2711  dist_mse=0.1380  region_overlap=0.795
2026-10-08 19:43:36,916  gsv3.training             INFO     [random:random_seed5] epoch 0010  train_log_mse=0.01075  val_log_mse=0.15527  val_mse=0.000857  max_grad=3.53  patience=0/30
2026-10-08 19:44:50,649  gsv3.training             INFO     [random:random_seed5] epoch 0011  region_bce=0.2612  dist_mse=0.1351  region_overlap=0.801
2026-10-08 19:44:50,652  gsv3.training             INFO     [random:random_seed5] epoch 0011  train_log_mse=0.00896  val_log_mse=0.07180  val_mse=0.000750  max_grad=1.82  patience=0/30
2026-10-08 19:46:04,073  gsv3.training             INFO     [random:random_seed5] epoch 0012  region_bce=0.2512  dist_mse=0.1320  region_overlap=0.808
2026-10-08 19:46:04,074  gsv3.training             INFO     [random:random_seed5] epoch 0012  train_log_mse=0.00815  val_log_mse=0.08199  val_mse=0.000883  max_grad=1.56  patience=1/30
2026-10-08 19:47:17,219  gsv3.training             INFO     [random:random_seed5] epoch 0013  region_bce=0.2443  dist_mse=0.1275  region_overlap=0.814
2026-10-08 19:47:17,221  gsv3.training             INFO     [random:random_seed5] epoch 0013  train_log_mse=0.00886  val_log_mse=0.08314  val_mse=0.000710  max_grad=1.97  patience=0/30
2026-10-08 19:48:30,856  gsv3.training             INFO     [random:random_seed5] epoch 0014  region_bce=0.2322  dist_mse=0.1236  region_overlap=0.822
2026-10-08 19:48:30,856  gsv3.training             INFO     [random:random_seed5] epoch 0014  train_log_mse=0.00761  val_log_mse=0.08009  val_mse=0.000750  max_grad=1.88  patience=1/30
2026-10-08 19:49:44,205  gsv3.training             INFO     [random:random_seed5] epoch 0015  region_bce=0.2215  dist_mse=0.1197  region_overlap=0.829
2026-10-08 19:49:44,205  gsv3.training             INFO     [random:random_seed5] epoch 0015  train_log_mse=0.00720  val_log_mse=0.07939  val_mse=0.000753  max_grad=2.00  patience=2/30
2026-10-08 19:50:57,580  gsv3.training             INFO     [random:random_seed5] epoch 0016  region_bce=0.2175  dist_mse=0.1175  region_overlap=0.832
2026-10-08 19:50:57,582  gsv3.training             INFO     [random:random_seed5] epoch 0016  train_log_mse=0.00738  val_log_mse=0.07904  val_mse=0.000652  max_grad=1.34  patience=0/30
2026-10-08 19:52:09,478  gsv3.training             INFO     [random:random_seed5] epoch 0017  region_bce=0.2147  dist_mse=0.1161  region_overlap=0.835
2026-10-08 19:52:09,480  gsv3.training             INFO     [random:random_seed5] epoch 0017  train_log_mse=0.00770  val_log_mse=0.09385  val_mse=0.000664  max_grad=1.51  patience=1/30
2026-10-08 19:53:20,380  gsv3.training             INFO     [random:random_seed5] epoch 0018  region_bce=0.2089  dist_mse=0.1139  region_overlap=0.839
2026-10-08 19:53:20,380  gsv3.training             INFO     [random:random_seed5] epoch 0018  train_log_mse=0.00743  val_log_mse=0.07304  val_mse=0.000756  max_grad=2.91  patience=2/30
2026-10-08 19:54:30,984  gsv3.training             INFO     [random:random_seed5] epoch 0019  region_bce=0.2009  dist_mse=0.1105  region_overlap=0.843
2026-10-08 19:54:30,985  gsv3.training             INFO     [random:random_seed5] epoch 0019  train_log_mse=0.00725  val_log_mse=0.09245  val_mse=0.000734  max_grad=2.17  patience=3/30
2026-10-08 19:55:41,798  gsv3.training             INFO     [random:random_seed5] epoch 0020  region_bce=0.1971  dist_mse=0.1078  region_overlap=0.847
2026-10-08 19:55:41,799  gsv3.training             INFO     [random:random_seed5] epoch 0020  train_log_mse=0.00626  val_log_mse=0.07234  val_mse=0.000707  max_grad=1.50  patience=4/30
2026-10-08 19:56:49,984  gsv3.training             INFO     [random:random_seed5] epoch 0021  region_bce=0.1930  dist_mse=0.1064  region_overlap=0.849
2026-10-08 19:56:49,986  gsv3.training             INFO     [random:random_seed5] epoch 0021  train_log_mse=0.00692  val_log_mse=0.07163  val_mse=0.000597  max_grad=1.91  patience=0/30
2026-10-08 19:58:04,547  gsv3.training             INFO     [random:random_seed5] epoch 0022  region_bce=0.1903  dist_mse=0.1049  region_overlap=0.851
2026-10-08 19:58:04,548  gsv3.training             INFO     [random:random_seed5] epoch 0022  train_log_mse=0.00730  val_log_mse=0.08929  val_mse=0.000690  max_grad=1.45  patience=1/30
2026-10-08 19:59:19,113  gsv3.training             INFO     [random:random_seed5] epoch 0023  region_bce=0.1844  dist_mse=0.1023  region_overlap=0.855
2026-10-08 19:59:19,115  gsv3.training             INFO     [random:random_seed5] epoch 0023  train_log_mse=0.00639  val_log_mse=0.06761  val_mse=0.000568  max_grad=1.37  patience=0/30
2026-10-08 20:00:33,497  gsv3.training             INFO     [random:random_seed5] epoch 0024  region_bce=0.1798  dist_mse=0.0999  region_overlap=0.858
2026-10-08 20:00:33,498  gsv3.training             INFO     [random:random_seed5] epoch 0024  train_log_mse=0.00603  val_log_mse=0.06881  val_mse=0.000627  max_grad=1.95  patience=1/30
2026-10-08 20:01:48,019  gsv3.training             INFO     [random:random_seed5] epoch 0025  region_bce=0.1755  dist_mse=0.0989  region_overlap=0.861
2026-10-08 20:01:48,021  gsv3.training             INFO     [random:random_seed5] epoch 0025  train_log_mse=0.00537  val_log_mse=0.06577  val_mse=0.000545  max_grad=1.77  patience=0/30
2026-10-08 20:03:02,927  gsv3.training             INFO     [random:random_seed5] epoch 0026  region_bce=0.1836  dist_mse=0.0998  region_overlap=0.857
2026-10-08 20:03:02,927  gsv3.training             INFO     [random:random_seed5] epoch 0026  train_log_mse=0.00753  val_log_mse=0.11478  val_mse=0.000653  max_grad=7.11  patience=1/30
2026-10-08 20:04:17,244  gsv3.training             INFO     [random:random_seed5] epoch 0027  region_bce=0.1774  dist_mse=0.0983  region_overlap=0.861
2026-10-08 20:04:17,245  gsv3.training             INFO     [random:random_seed5] epoch 0027  train_log_mse=0.00864  val_log_mse=0.07422  val_mse=0.000608  max_grad=2.30  patience=2/30
2026-10-08 20:05:31,577  gsv3.training             INFO     [random:random_seed5] epoch 0028  region_bce=0.1692  dist_mse=0.0962  region_overlap=0.865
2026-10-08 20:05:31,581  gsv3.training             INFO     [random:random_seed5] epoch 0028  train_log_mse=0.00584  val_log_mse=0.07095  val_mse=0.000506  max_grad=4.44  patience=0/30
2026-10-08 20:06:46,306  gsv3.training             INFO     [random:random_seed5] epoch 0029  region_bce=0.1612  dist_mse=0.0940  region_overlap=0.870
2026-10-08 20:06:46,307  gsv3.training             INFO     [random:random_seed5] epoch 0029  train_log_mse=0.00424  val_log_mse=0.06762  val_mse=0.000570  max_grad=4.09  patience=1/30
2026-10-08 20:08:00,962  gsv3.training             INFO     [random:random_seed5] epoch 0030  region_bce=0.1583  dist_mse=0.0933  region_overlap=0.872
2026-10-08 20:08:00,963  gsv3.training             INFO     [random:random_seed5] epoch 0030  train_log_mse=0.00491  val_log_mse=0.07578  val_mse=0.000541  max_grad=1.25  patience=2/30
2026-10-08 20:09:16,048  gsv3.training             INFO     [random:random_seed5] epoch 0031  region_bce=0.1643  dist_mse=0.0941  region_overlap=0.869
2026-10-08 20:09:16,049  gsv3.training             INFO     [random:random_seed5] epoch 0031  train_log_mse=0.00696  val_log_mse=0.10281  val_mse=0.000652  max_grad=3.20  patience=3/30
2026-10-08 20:10:30,709  gsv3.training             INFO     [random:random_seed5] epoch 0032  region_bce=0.1595  dist_mse=0.0941  region_overlap=0.871
2026-10-08 20:10:30,710  gsv3.training             INFO     [random:random_seed5] epoch 0032  train_log_mse=0.00531  val_log_mse=0.06445  val_mse=0.000551  max_grad=1.25  patience=4/30
2026-10-08 20:11:45,527  gsv3.training             INFO     [random:random_seed5] epoch 0033  region_bce=0.1504  dist_mse=0.0914  region_overlap=0.877
2026-10-08 20:11:45,530  gsv3.training             INFO     [random:random_seed5] epoch 0033  train_log_mse=0.00450  val_log_mse=0.08266  val_mse=0.000469  max_grad=0.99  patience=0/30
2026-10-08 20:13:00,142  gsv3.training             INFO     [random:random_seed5] epoch 0034  region_bce=0.1485  dist_mse=0.0909  region_overlap=0.878
2026-10-08 20:13:00,143  gsv3.training             INFO     [random:random_seed5] epoch 0034  train_log_mse=0.00457  val_log_mse=0.06475  val_mse=0.000475  max_grad=1.32  patience=1/30
2026-10-08 20:14:15,213  gsv3.training             INFO     [random:random_seed5] epoch 0035  region_bce=0.1477  dist_mse=0.0903  region_overlap=0.879
2026-10-08 20:14:15,214  gsv3.training             INFO     [random:random_seed5] epoch 0035  train_log_mse=0.00547  val_log_mse=0.06861  val_mse=0.000506  max_grad=1.58  patience=2/30
2026-10-08 20:15:30,006  gsv3.training             INFO     [random:random_seed5] epoch 0036  region_bce=0.1443  dist_mse=0.0900  region_overlap=0.881
2026-10-08 20:15:30,007  gsv3.training             INFO     [random:random_seed5] epoch 0036  train_log_mse=0.00496  val_log_mse=0.06255  val_mse=0.000473  max_grad=1.24  patience=3/30
2026-10-08 20:16:44,199  gsv3.training             INFO     [random:random_seed5] epoch 0037  region_bce=0.1396  dist_mse=0.0895  region_overlap=0.884
2026-10-08 20:16:44,199  gsv3.training             INFO     [random:random_seed5] epoch 0037  train_log_mse=0.00511  val_log_mse=0.06036  val_mse=0.000481  max_grad=1.63  patience=4/30
2026-10-08 20:17:56,170  gsv3.training             INFO     [random:random_seed5] epoch 0038  region_bce=0.1348  dist_mse=0.0887  region_overlap=0.887
2026-10-08 20:17:56,170  gsv3.training             INFO     [random:random_seed5] epoch 0038  train_log_mse=0.00504  val_log_mse=0.06242  val_mse=0.000472  max_grad=1.13  patience=5/30
2026-10-08 20:19:11,141  gsv3.training             INFO     [random:random_seed5] epoch 0039  region_bce=0.1349  dist_mse=0.0880  region_overlap=0.887
2026-10-08 20:19:11,142  gsv3.training             INFO     [random:random_seed5] epoch 0039  train_log_mse=0.00499  val_log_mse=0.09079  val_mse=0.000516  max_grad=1.71  patience=6/30
2026-10-08 20:20:25,849  gsv3.training             INFO     [random:random_seed5] epoch 0040  region_bce=0.1323  dist_mse=0.0872  region_overlap=0.889
2026-10-08 20:20:25,851  gsv3.training             INFO     [random:random_seed5] epoch 0040  train_log_mse=0.00434  val_log_mse=0.07433  val_mse=0.000444  max_grad=0.75  patience=0/30
2026-10-08 20:21:40,641  gsv3.training             INFO     [random:random_seed5] epoch 0041  region_bce=0.1308  dist_mse=0.0873  region_overlap=0.890
2026-10-08 20:21:40,642  gsv3.training             INFO     [random:random_seed5] epoch 0041  train_log_mse=0.00512  val_log_mse=0.07495  val_mse=0.000460  max_grad=1.21  patience=1/30
2026-10-08 20:22:55,759  gsv3.training             INFO     [random:random_seed5] epoch 0042  region_bce=0.1244  dist_mse=0.0856  region_overlap=0.894
2026-10-08 20:22:55,759  gsv3.training             INFO     [random:random_seed5] epoch 0042  train_log_mse=0.00388  val_log_mse=0.06675  val_mse=0.000529  max_grad=0.71  patience=2/30
2026-10-08 20:24:10,738  gsv3.training             INFO     [random:random_seed5] epoch 0043  region_bce=0.1270  dist_mse=0.0863  region_overlap=0.893
2026-10-08 20:24:10,741  gsv3.training             INFO     [random:random_seed5] epoch 0043  train_log_mse=0.00513  val_log_mse=0.06379  val_mse=0.000444  max_grad=3.29  patience=0/30
2026-10-08 20:25:25,596  gsv3.training             INFO     [random:random_seed5] epoch 0044  region_bce=0.1256  dist_mse=0.0856  region_overlap=0.894
2026-10-08 20:25:25,598  gsv3.training             INFO     [random:random_seed5] epoch 0044  train_log_mse=0.00426  val_log_mse=0.05892  val_mse=0.000441  max_grad=1.04  patience=0/30
2026-10-08 20:26:40,324  gsv3.training             INFO     [random:random_seed5] epoch 0045  region_bce=0.1186  dist_mse=0.0843  region_overlap=0.897
2026-10-08 20:26:40,326  gsv3.training             INFO     [random:random_seed5] epoch 0045  train_log_mse=0.00466  val_log_mse=0.06414  val_mse=0.000433  max_grad=0.98  patience=0/30
2026-10-08 20:27:54,967  gsv3.training             INFO     [random:random_seed5] epoch 0046  region_bce=0.1168  dist_mse=0.0840  region_overlap=0.899
2026-10-08 20:27:54,968  gsv3.training             INFO     [random:random_seed5] epoch 0046  train_log_mse=0.00420  val_log_mse=0.06513  val_mse=0.000448  max_grad=1.04  patience=1/30
2026-10-08 20:29:09,607  gsv3.training             INFO     [random:random_seed5] epoch 0047  region_bce=0.1131  dist_mse=0.0833  region_overlap=0.901
2026-10-08 20:29:09,609  gsv3.training             INFO     [random:random_seed5] epoch 0047  train_log_mse=0.00382  val_log_mse=0.06156  val_mse=0.000391  max_grad=0.91  patience=0/30
2026-10-08 20:30:24,062  gsv3.training             INFO     [random:random_seed5] epoch 0048  region_bce=0.1092  dist_mse=0.0823  region_overlap=0.903
2026-10-08 20:30:24,063  gsv3.training             INFO     [random:random_seed5] epoch 0048  train_log_mse=0.00356  val_log_mse=0.05777  val_mse=0.000399  max_grad=0.76  patience=1/30
2026-10-08 20:31:38,804  gsv3.training             INFO     [random:random_seed5] epoch 0049  region_bce=0.1079  dist_mse=0.0820  region_overlap=0.904
2026-10-08 20:31:38,805  gsv3.training             INFO     [random:random_seed5] epoch 0049  train_log_mse=0.00381  val_log_mse=0.07070  val_mse=0.000424  max_grad=0.79  patience=2/30
2026-10-08 20:32:53,874  gsv3.training             INFO     [random:random_seed5] epoch 0050  region_bce=0.1176  dist_mse=0.0841  region_overlap=0.899
2026-10-08 20:32:53,875  gsv3.training             INFO     [random:random_seed5] epoch 0050  train_log_mse=0.00615  val_log_mse=0.08286  val_mse=0.000496  max_grad=3.17  patience=3/30
2026-10-08 20:34:08,649  gsv3.training             INFO     [random:random_seed5] epoch 0051  region_bce=0.1076  dist_mse=0.0819  region_overlap=0.904
2026-10-08 20:34:08,650  gsv3.training             INFO     [random:random_seed5] epoch 0051  train_log_mse=0.00426  val_log_mse=0.07202  val_mse=0.000407  max_grad=0.82  patience=4/30
2026-10-08 20:35:23,137  gsv3.training             INFO     [random:random_seed5] epoch 0052  region_bce=0.1039  dist_mse=0.0809  region_overlap=0.907
2026-10-08 20:35:23,137  gsv3.training             INFO     [random:random_seed5] epoch 0052  train_log_mse=0.00363  val_log_mse=0.06028  val_mse=0.000487  max_grad=0.75  patience=5/30
2026-10-08 20:36:37,495  gsv3.training             INFO     [random:random_seed5] epoch 0053  region_bce=0.0998  dist_mse=0.0804  region_overlap=0.909
2026-10-08 20:36:37,498  gsv3.training             INFO     [random:random_seed5] epoch 0053  train_log_mse=0.00380  val_log_mse=0.05731  val_mse=0.000379  max_grad=1.27  patience=0/30
2026-10-08 20:37:51,799  gsv3.training             INFO     [random:random_seed5] epoch 0054  region_bce=0.0942  dist_mse=0.0791  region_overlap=0.913
2026-10-08 20:37:51,801  gsv3.training             INFO     [random:random_seed5] epoch 0054  train_log_mse=0.00340  val_log_mse=0.06853  val_mse=0.000370  max_grad=0.59  patience=0/30
2026-10-08 20:39:06,141  gsv3.training             INFO     [random:random_seed5] epoch 0055  region_bce=0.0966  dist_mse=0.0798  region_overlap=0.911
2026-10-08 20:39:06,142  gsv3.training             INFO     [random:random_seed5] epoch 0055  train_log_mse=0.00402  val_log_mse=0.06113  val_mse=0.000405  max_grad=0.74  patience=1/30
2026-10-08 20:40:20,665  gsv3.training             INFO     [random:random_seed5] epoch 0056  region_bce=0.0940  dist_mse=0.0791  region_overlap=0.913
2026-10-08 20:40:20,666  gsv3.training             INFO     [random:random_seed5] epoch 0056  train_log_mse=0.00381  val_log_mse=0.06998  val_mse=0.000467  max_grad=0.57  patience=2/30
2026-10-08 20:41:35,166  gsv3.training             INFO     [random:random_seed5] epoch 0057  region_bce=0.0922  dist_mse=0.0785  region_overlap=0.914
2026-10-08 20:41:35,167  gsv3.training             INFO     [random:random_seed5] epoch 0057  train_log_mse=0.00351  val_log_mse=0.05704  val_mse=0.000406  max_grad=0.75  patience=3/30
2026-10-08 20:42:49,643  gsv3.training             INFO     [random:random_seed5] epoch 0058  region_bce=0.0921  dist_mse=0.0788  region_overlap=0.914
2026-10-08 20:42:49,644  gsv3.training             INFO     [random:random_seed5] epoch 0058  train_log_mse=0.00422  val_log_mse=0.07214  val_mse=0.000421  max_grad=0.86  patience=4/30
2026-10-08 20:44:03,990  gsv3.training             INFO     [random:random_seed5] epoch 0059  region_bce=0.0872  dist_mse=0.0777  region_overlap=0.917
2026-10-08 20:44:03,992  gsv3.training             INFO     [random:random_seed5] epoch 0059  train_log_mse=0.00342  val_log_mse=0.07061  val_mse=0.000366  max_grad=0.56  patience=0/30
2026-10-08 20:45:18,378  gsv3.training             INFO     [random:random_seed5] epoch 0060  region_bce=0.0881  dist_mse=0.0778  region_overlap=0.917
2026-10-08 20:45:18,378  gsv3.training             INFO     [random:random_seed5] epoch 0060  train_log_mse=0.00398  val_log_mse=0.06681  val_mse=0.000395  max_grad=0.79  patience=1/30
2026-10-08 20:46:33,071  gsv3.training             INFO     [random:random_seed5] epoch 0061  region_bce=0.0829  dist_mse=0.0766  region_overlap=0.920
2026-10-08 20:46:33,072  gsv3.training             INFO     [random:random_seed5] epoch 0061  train_log_mse=0.00337  val_log_mse=0.05808  val_mse=0.000372  max_grad=0.73  patience=2/30
2026-10-08 20:47:47,638  gsv3.training             INFO     [random:random_seed5] epoch 0062  region_bce=0.0873  dist_mse=0.0777  region_overlap=0.918
2026-10-08 20:47:47,639  gsv3.training             INFO     [random:random_seed5] epoch 0062  train_log_mse=0.00478  val_log_mse=0.08448  val_mse=0.000392  max_grad=1.67  patience=3/30
2026-10-08 20:49:02,187  gsv3.training             INFO     [random:random_seed5] epoch 0063  region_bce=0.0869  dist_mse=0.0774  region_overlap=0.918
2026-10-08 20:49:02,188  gsv3.training             INFO     [random:random_seed5] epoch 0063  train_log_mse=0.00421  val_log_mse=0.06195  val_mse=0.000372  max_grad=2.77  patience=4/30
2026-10-08 20:50:16,766  gsv3.training             INFO     [random:random_seed5] epoch 0064  region_bce=0.0805  dist_mse=0.0765  region_overlap=0.921
2026-10-08 20:50:16,766  gsv3.training             INFO     [random:random_seed5] epoch 0064  train_log_mse=0.00376  val_log_mse=0.06117  val_mse=0.000398  max_grad=0.74  patience=5/30
2026-10-08 20:51:31,380  gsv3.training             INFO     [random:random_seed5] epoch 0065  region_bce=0.0773  dist_mse=0.0752  region_overlap=0.924
2026-10-08 20:51:31,380  gsv3.training             INFO     [random:random_seed5] epoch 0065  train_log_mse=0.00338  val_log_mse=0.06526  val_mse=0.000379  max_grad=0.61  patience=6/30
2026-10-08 20:52:42,446  gsv3.training             INFO     [random:random_seed5] epoch 0066  region_bce=0.0780  dist_mse=0.0751  region_overlap=0.923
2026-10-08 20:52:42,446  gsv3.training             INFO     [random:random_seed5] epoch 0066  train_log_mse=0.00340  val_log_mse=0.07162  val_mse=0.000465  max_grad=1.36  patience=7/30
2026-10-08 20:53:57,060  gsv3.training             INFO     [random:random_seed5] epoch 0067  region_bce=0.0821  dist_mse=0.0759  region_overlap=0.921
2026-10-08 20:53:57,060  gsv3.training             INFO     [random:random_seed5] epoch 0067  train_log_mse=0.00377  val_log_mse=0.06617  val_mse=0.000416  max_grad=0.90  patience=8/30
2026-10-08 20:55:11,551  gsv3.training             INFO     [random:random_seed5] epoch 0068  region_bce=0.0799  dist_mse=0.0754  region_overlap=0.922
2026-10-08 20:55:11,552  gsv3.training             INFO     [random:random_seed5] epoch 0068  train_log_mse=0.00371  val_log_mse=0.06377  val_mse=0.000387  max_grad=1.04  patience=9/30
2026-10-08 20:56:26,393  gsv3.training             INFO     [random:random_seed5] epoch 0069  region_bce=0.0727  dist_mse=0.0737  region_overlap=0.927
2026-10-08 20:56:26,393  gsv3.training             INFO     [random:random_seed5] epoch 0069  train_log_mse=0.00299  val_log_mse=0.07553  val_mse=0.000406  max_grad=1.10  patience=10/30
2026-10-08 20:57:40,806  gsv3.training             INFO     [random:random_seed5] epoch 0070  region_bce=0.0889  dist_mse=0.0773  region_overlap=0.918
2026-10-08 20:57:40,807  gsv3.training             INFO     [random:random_seed5] epoch 0070  train_log_mse=0.00615  val_log_mse=0.05913  val_mse=0.000370  max_grad=2.90  patience=11/30
2026-10-08 21:42:42,149  genstudy.io               INFO     Logging to evaluations/generalization_v7/results/v7_l01/random_control/run.log
2026-10-08 21:42:42,149  run_experiment            INFO     Command line: evaluations/generalization_v3/scripts/run_experiment.py control --model sinkhorn --balance-alpha 0 --lr 3e-4 --grad-clip 1.0 --seed 5 --families x --groups x --loss mixed --val-mode random --layout-lambda 0.1 --layout-loss region_dist --layouts-path evaluations/compile_check/results/compiler_layouts_v6pilot.pt --results-dir evaluations/generalization_v7/results/v7_l01
2026-10-08 21:42:42,149  gsv2.gpu                  WARNING  No CUDA device available — running on the CPU.
2026-10-08 21:42:42,150  gsv3.model                INFO     Hyper-parameters (/home/atudisco/pred-distr-tool/src/model/best_params.json + v3 defaults): {'device_hidden': 64, 'device_layers': 3, 'fusion_dim': 128, 'qubit_layers': 2, 'attn_heads': 4, 'lap_pe': 8, 'cost_bias_init': -6.0, 'hidden_dim': 142, 'num_conv_wo_resnet': 3, 'num_resnet_layers': 1, 'dropout': 0.0, 'bidirectional': True, 'mlp': [512, 256, 128], 'lr': 0.001, 'readout': 'meanmaxsum'}
2026-10-08 21:42:42,709  gsv3.devices              INFO     Device graphs: node features 13 (Laplacian PE 8), physical errors True
2026-10-08 21:42:42,710  genstudy.data             INFO     Loading graph dataset: /home/atudisco/pred-distr-tool/evaluations/generalization_v3/data/graph_dataset_expected_fidelity.pt
2026-10-08 21:42:50,345  genstudy.data             INFO     Loaded 17056 graphs
2026-10-08 21:42:50,960  run_experiment            INFO     Compiler layouts (evaluations/compile_check/results/compiler_layouts_v6pilot.pt): 16994/17056 circuits
2026-10-08 21:42:50,977  genstudy.io               INFO     Wrote evaluations/generalization_v7/results/v7_l01/random_control/dataset_summary.json
2026-10-08 21:42:51,502  run_experiment            INFO     [1/1] random_seed5
2026-10-08 21:42:51,504  gsv3.experiment           INFO     === random / random_seed5 ===
2026-10-08 21:42:51,504  gsv3.experiment           INFO     Random split stratified by fidelity (test_fraction=0.3, seed=5): train = 11939, test = 5117 circuits; families and sizes appear on both sides.
2026-10-08 21:42:51,505  gsv3.experiment           INFO     train=9551  val=2388 ({'mode': 'random'})  test=5117
2026-10-08 21:42:51,860  gsv3.training             INFO     [random:random_seed5] resumed at epoch 70 (best 59, val=0.00037)
2026-10-08 21:42:51,860  gsv3.training             INFO     [random:random_seed5] model=sinkhorn (979423 params) train=9551 val=2388 lr=0.0003 clip=1.0 alpha=0.00
2026-10-08 21:43:58,363  gsv3.training             INFO     [random:random_seed5] epoch 0071  region_bce=0.0684  dist_mse=0.0732  region_overlap=0.929
2026-10-08 21:43:58,366  gsv3.training             INFO     [random:random_seed5] epoch 0071  train_log_mse=0.00297  val_log_mse=0.07730  val_mse=0.000412  max_grad=0.58  patience=12/30
2026-10-08 21:44:54,221  gsv3.training             INFO     [random:random_seed5] epoch 0072  region_bce=0.0665  dist_mse=0.0720  region_overlap=0.930
2026-10-08 21:44:54,223  gsv3.training             INFO     [random:random_seed5] epoch 0072  train_log_mse=0.00311  val_log_mse=0.05801  val_mse=0.000376  max_grad=0.55  patience=13/30
2026-10-08 21:45:49,891  gsv3.training             INFO     [random:random_seed5] epoch 0073  region_bce=0.0674  dist_mse=0.0723  region_overlap=0.930
2026-10-08 21:45:49,891  gsv3.training             INFO     [random:random_seed5] epoch 0073  train_log_mse=0.00324  val_log_mse=0.07259  val_mse=0.000376  max_grad=0.76  patience=14/30
2026-10-08 21:46:45,468  gsv3.training             INFO     [random:random_seed5] epoch 0074  region_bce=0.0782  dist_mse=0.0754  region_overlap=0.924
2026-10-08 21:46:45,468  gsv3.training             INFO     [random:random_seed5] epoch 0074  train_log_mse=0.00408  val_log_mse=0.07132  val_mse=0.000381  max_grad=1.78  patience=15/30
2026-10-08 21:47:40,701  gsv3.training             INFO     [random:random_seed5] epoch 0075  region_bce=0.0718  dist_mse=0.0731  region_overlap=0.928
2026-10-08 21:47:40,701  gsv3.training             INFO     [random:random_seed5] epoch 0075  train_log_mse=0.00426  val_log_mse=0.06308  val_mse=0.000374  max_grad=0.85  patience=16/30
2026-10-08 21:48:36,453  gsv3.training             INFO     [random:random_seed5] epoch 0076  region_bce=0.0655  dist_mse=0.0719  region_overlap=0.931
2026-10-08 21:48:36,453  gsv3.training             INFO     [random:random_seed5] epoch 0076  train_log_mse=0.00330  val_log_mse=0.06649  val_mse=0.000378  max_grad=0.90  patience=17/30
2026-10-08 21:49:36,200  gsv3.training             INFO     [random:random_seed5] epoch 0077  region_bce=0.0629  dist_mse=0.0706  region_overlap=0.933
2026-10-08 21:49:36,202  gsv3.training             INFO     [random:random_seed5] epoch 0077  train_log_mse=0.00279  val_log_mse=0.05902  val_mse=0.000362  max_grad=0.43  patience=0/30
2026-10-08 21:50:41,477  gsv3.training             INFO     [random:random_seed5] epoch 0078  region_bce=0.0613  dist_mse=0.0706  region_overlap=0.934
2026-10-08 21:50:41,477  gsv3.training             INFO     [random:random_seed5] epoch 0078  train_log_mse=0.00285  val_log_mse=0.06814  val_mse=0.000369  max_grad=0.45  patience=1/30
2026-10-08 21:51:40,229  gsv3.training             INFO     [random:random_seed5] epoch 0079  region_bce=0.0633  dist_mse=0.0710  region_overlap=0.933
2026-10-08 21:51:40,229  gsv3.training             INFO     [random:random_seed5] epoch 0079  train_log_mse=0.00330  val_log_mse=0.06406  val_mse=0.000386  max_grad=0.62  patience=2/30
2026-10-08 21:52:35,826  gsv3.training             INFO     [random:random_seed5] epoch 0080  region_bce=0.0617  dist_mse=0.0702  region_overlap=0.934
2026-10-08 21:52:35,827  gsv3.training             INFO     [random:random_seed5] epoch 0080  train_log_mse=0.00335  val_log_mse=0.06646  val_mse=0.000359  max_grad=0.72  patience=0/30
2026-10-08 21:53:35,578  gsv3.training             INFO     [random:random_seed5] epoch 0081  region_bce=0.0626  dist_mse=0.0704  region_overlap=0.933
2026-10-08 21:53:35,578  gsv3.training             INFO     [random:random_seed5] epoch 0081  train_log_mse=0.00311  val_log_mse=0.06708  val_mse=0.000362  max_grad=0.51  patience=1/30
2026-10-08 21:54:39,855  gsv3.training             INFO     [random:random_seed5] epoch 0082  region_bce=0.0580  dist_mse=0.0693  region_overlap=0.936
2026-10-08 21:54:39,855  gsv3.training             INFO     [random:random_seed5] epoch 0082  train_log_mse=0.00277  val_log_mse=0.06447  val_mse=0.000379  max_grad=0.44  patience=2/30
2026-10-08 21:55:45,909  gsv3.training             INFO     [random:random_seed5] epoch 0083  region_bce=0.0649  dist_mse=0.0705  region_overlap=0.933
2026-10-08 21:55:45,910  gsv3.training             INFO     [random:random_seed5] epoch 0083  train_log_mse=0.00375  val_log_mse=0.07256  val_mse=0.000379  max_grad=0.82  patience=3/30
2026-10-08 21:56:52,107  gsv3.training             INFO     [random:random_seed5] epoch 0084  region_bce=0.0620  dist_mse=0.0695  region_overlap=0.934
2026-10-08 21:56:52,108  gsv3.training             INFO     [random:random_seed5] epoch 0084  train_log_mse=0.00305  val_log_mse=0.06329  val_mse=0.000347  max_grad=0.49  patience=0/30
2026-10-08 21:57:47,646  gsv3.training             INFO     [random:random_seed5] epoch 0085  region_bce=0.0557  dist_mse=0.0681  region_overlap=0.938
2026-10-08 21:57:47,646  gsv3.training             INFO     [random:random_seed5] epoch 0085  train_log_mse=0.00282  val_log_mse=0.06475  val_mse=0.000405  max_grad=0.66  patience=1/30
2026-10-08 21:58:42,972  gsv3.training             INFO     [random:random_seed5] epoch 0086  region_bce=0.0570  dist_mse=0.0684  region_overlap=0.937
2026-10-08 21:58:42,974  gsv3.training             INFO     [random:random_seed5] epoch 0086  train_log_mse=0.00293  val_log_mse=0.06617  val_mse=0.000339  max_grad=0.45  patience=0/30
2026-10-08 21:59:39,631  gsv3.training             INFO     [random:random_seed5] epoch 0087  region_bce=0.0568  dist_mse=0.0681  region_overlap=0.938
2026-10-08 21:59:39,631  gsv3.training             INFO     [random:random_seed5] epoch 0087  train_log_mse=0.00298  val_log_mse=0.06661  val_mse=0.000355  max_grad=0.51  patience=1/30
2026-10-08 22:00:39,001  gsv3.training             INFO     [random:random_seed5] epoch 0088  region_bce=0.0558  dist_mse=0.0677  region_overlap=0.938
2026-10-08 22:00:39,001  gsv3.training             INFO     [random:random_seed5] epoch 0088  train_log_mse=0.00300  val_log_mse=0.06486  val_mse=0.000364  max_grad=0.67  patience=2/30
2026-10-08 22:01:38,196  gsv3.training             INFO     [random:random_seed5] epoch 0089  region_bce=0.0545  dist_mse=0.0673  region_overlap=0.939
2026-10-08 22:01:38,197  gsv3.training             INFO     [random:random_seed5] epoch 0089  train_log_mse=0.00304  val_log_mse=0.06723  val_mse=0.000338  max_grad=0.52  patience=0/30
2026-10-08 22:02:38,882  gsv3.training             INFO     [random:random_seed5] epoch 0090  region_bce=0.0582  dist_mse=0.0680  region_overlap=0.937
2026-10-08 22:02:38,882  gsv3.training             INFO     [random:random_seed5] epoch 0090  train_log_mse=0.00353  val_log_mse=0.07765  val_mse=0.000412  max_grad=0.81  patience=1/30
2026-10-08 22:03:43,665  gsv3.training             INFO     [random:random_seed5] epoch 0091  region_bce=0.0604  dist_mse=0.0685  region_overlap=0.936
2026-10-08 22:03:43,665  gsv3.training             INFO     [random:random_seed5] epoch 0091  train_log_mse=0.00364  val_log_mse=0.06917  val_mse=0.000390  max_grad=0.64  patience=2/30
2026-10-08 22:04:48,549  gsv3.training             INFO     [random:random_seed5] epoch 0092  region_bce=0.0523  dist_mse=0.0662  region_overlap=0.941
2026-10-08 22:04:48,549  gsv3.training             INFO     [random:random_seed5] epoch 0092  train_log_mse=0.00276  val_log_mse=0.06381  val_mse=0.000357  max_grad=0.53  patience=3/30
2026-10-08 22:05:54,646  gsv3.training             INFO     [random:random_seed5] epoch 0093  region_bce=0.0633  dist_mse=0.0692  region_overlap=0.935
2026-10-08 22:05:54,647  gsv3.training             INFO     [random:random_seed5] epoch 0093  train_log_mse=0.00439  val_log_mse=0.06955  val_mse=0.000403  max_grad=1.99  patience=4/30
2026-10-08 22:06:55,572  gsv3.training             INFO     [random:random_seed5] epoch 0094  region_bce=0.0642  dist_mse=0.0703  region_overlap=0.933
2026-10-08 22:06:55,573  gsv3.training             INFO     [random:random_seed5] epoch 0094  train_log_mse=0.00425  val_log_mse=0.06590  val_mse=0.000420  max_grad=6.42  patience=5/30
2026-10-08 22:07:51,072  gsv3.training             INFO     [random:random_seed5] epoch 0095  region_bce=0.0518  dist_mse=0.0668  region_overlap=0.941
2026-10-08 22:07:51,072  gsv3.training             INFO     [random:random_seed5] epoch 0095  train_log_mse=0.00301  val_log_mse=0.07192  val_mse=0.000351  max_grad=4.46  patience=6/30
2026-10-08 22:08:46,841  gsv3.training             INFO     [random:random_seed5] epoch 0096  region_bce=0.0471  dist_mse=0.0643  region_overlap=0.944
2026-10-08 22:08:46,841  gsv3.training             INFO     [random:random_seed5] epoch 0096  train_log_mse=0.00250  val_log_mse=0.07267  val_mse=0.000365  max_grad=0.43  patience=7/30
2026-10-08 22:09:45,810  gsv3.training             INFO     [random:random_seed5] epoch 0097  region_bce=0.0481  dist_mse=0.0647  region_overlap=0.944
2026-10-08 22:09:45,812  gsv3.training             INFO     [random:random_seed5] epoch 0097  train_log_mse=0.00269  val_log_mse=0.06459  val_mse=0.000322  max_grad=1.62  patience=0/30
2026-10-08 22:10:45,586  gsv3.training             INFO     [random:random_seed5] epoch 0098  region_bce=0.0486  dist_mse=0.0644  region_overlap=0.943
2026-10-08 22:10:45,587  gsv3.training             INFO     [random:random_seed5] epoch 0098  train_log_mse=0.00288  val_log_mse=0.06437  val_mse=0.000337  max_grad=0.70  patience=1/30
2026-10-08 22:11:45,446  gsv3.training             INFO     [random:random_seed5] epoch 0099  region_bce=0.0488  dist_mse=0.0643  region_overlap=0.943
2026-10-08 22:11:45,446  gsv3.training             INFO     [random:random_seed5] epoch 0099  train_log_mse=0.00293  val_log_mse=0.08033  val_mse=0.000383  max_grad=0.55  patience=2/30
2026-10-08 22:12:46,773  gsv3.training             INFO     [random:random_seed5] epoch 0100  region_bce=0.0512  dist_mse=0.0652  region_overlap=0.942
2026-10-08 22:12:46,774  gsv3.training             INFO     [random:random_seed5] epoch 0100  train_log_mse=0.00327  val_log_mse=0.07431  val_mse=0.000372  max_grad=0.83  patience=3/30
2026-10-08 22:13:51,486  gsv3.training             INFO     [random:random_seed5] epoch 0101  region_bce=0.0461  dist_mse=0.0630  region_overlap=0.945
2026-10-08 22:13:51,486  gsv3.training             INFO     [random:random_seed5] epoch 0101  train_log_mse=0.00256  val_log_mse=0.06563  val_mse=0.000380  max_grad=0.48  patience=4/30
2026-10-08 22:14:56,369  gsv3.training             INFO     [random:random_seed5] epoch 0102  region_bce=0.0464  dist_mse=0.0631  region_overlap=0.945
2026-10-08 22:14:56,369  gsv3.training             INFO     [random:random_seed5] epoch 0102  train_log_mse=0.00273  val_log_mse=0.08783  val_mse=0.000371  max_grad=0.61  patience=5/30
2026-10-08 22:16:01,536  gsv3.training             INFO     [random:random_seed5] epoch 0103  region_bce=0.0498  dist_mse=0.0632  region_overlap=0.943
2026-10-08 22:16:01,536  gsv3.training             INFO     [random:random_seed5] epoch 0103  train_log_mse=0.00260  val_log_mse=0.07123  val_mse=0.000388  max_grad=0.41  patience=6/30
2026-10-08 22:16:58,557  gsv3.training             INFO     [random:random_seed5] epoch 0104  region_bce=0.0499  dist_mse=0.0635  region_overlap=0.943
2026-10-08 22:16:58,557  gsv3.training             INFO     [random:random_seed5] epoch 0104  train_log_mse=0.00281  val_log_mse=0.07564  val_mse=0.000348  max_grad=0.64  patience=7/30
2026-10-08 22:17:53,686  gsv3.training             INFO     [random:random_seed5] epoch 0105  region_bce=0.0455  dist_mse=0.0620  region_overlap=0.946
2026-10-08 22:17:53,687  gsv3.training             INFO     [random:random_seed5] epoch 0105  train_log_mse=0.00311  val_log_mse=0.07875  val_mse=0.000397  max_grad=0.96  patience=8/30
2026-10-08 22:18:48,769  gsv3.training             INFO     [random:random_seed5] epoch 0106  region_bce=0.0477  dist_mse=0.0629  region_overlap=0.944
2026-10-08 22:18:48,770  gsv3.training             INFO     [random:random_seed5] epoch 0106  train_log_mse=0.00296  val_log_mse=0.06921  val_mse=0.000356  max_grad=0.75  patience=9/30
2026-10-08 22:19:43,929  gsv3.training             INFO     [random:random_seed5] epoch 0107  region_bce=0.0440  dist_mse=0.0615  region_overlap=0.947
2026-10-08 22:19:43,929  gsv3.training             INFO     [random:random_seed5] epoch 0107  train_log_mse=0.00264  val_log_mse=0.06825  val_mse=0.000346  max_grad=0.41  patience=10/30
2026-10-08 22:20:39,107  gsv3.training             INFO     [random:random_seed5] epoch 0108  region_bce=0.0447  dist_mse=0.0616  region_overlap=0.946
2026-10-08 22:20:39,107  gsv3.training             INFO     [random:random_seed5] epoch 0108  train_log_mse=0.00268  val_log_mse=0.06817  val_mse=0.000368  max_grad=0.46  patience=11/30
2026-10-08 22:21:34,236  gsv3.training             INFO     [random:random_seed5] epoch 0109  region_bce=0.0428  dist_mse=0.0603  region_overlap=0.947
2026-10-08 22:21:34,236  gsv3.training             INFO     [random:random_seed5] epoch 0109  train_log_mse=0.00273  val_log_mse=0.07186  val_mse=0.000350  max_grad=0.45  patience=12/30
2026-10-08 22:22:29,160  gsv3.training             INFO     [random:random_seed5] epoch 0110  region_bce=0.0465  dist_mse=0.0613  region_overlap=0.945
2026-10-08 22:22:29,160  gsv3.training             INFO     [random:random_seed5] epoch 0110  train_log_mse=0.00275  val_log_mse=0.08642  val_mse=0.000357  max_grad=0.59  patience=13/30
2026-10-08 22:23:24,066  gsv3.training             INFO     [random:random_seed5] epoch 0111  region_bce=0.0464  dist_mse=0.0614  region_overlap=0.945
2026-10-08 22:23:24,066  gsv3.training             INFO     [random:random_seed5] epoch 0111  train_log_mse=0.00284  val_log_mse=0.07287  val_mse=0.000416  max_grad=1.04  patience=14/30
2026-10-08 22:24:19,255  gsv3.training             INFO     [random:random_seed5] epoch 0112  region_bce=0.0484  dist_mse=0.0621  region_overlap=0.944
2026-10-08 22:24:19,255  gsv3.training             INFO     [random:random_seed5] epoch 0112  train_log_mse=0.00313  val_log_mse=0.07134  val_mse=0.000356  max_grad=0.54  patience=15/30
2026-10-08 22:25:14,059  gsv3.training             INFO     [random:random_seed5] epoch 0113  region_bce=0.0425  dist_mse=0.0602  region_overlap=0.948
2026-10-08 22:25:14,060  gsv3.training             INFO     [random:random_seed5] epoch 0113  train_log_mse=0.00276  val_log_mse=0.06803  val_mse=0.000342  max_grad=0.47  patience=16/30
2026-10-08 22:26:08,741  gsv3.training             INFO     [random:random_seed5] epoch 0114  region_bce=0.0406  dist_mse=0.0591  region_overlap=0.949
2026-10-08 22:26:08,741  gsv3.training             INFO     [random:random_seed5] epoch 0114  train_log_mse=0.00250  val_log_mse=0.07475  val_mse=0.000374  max_grad=0.38  patience=17/30
2026-10-08 22:27:03,436  gsv3.training             INFO     [random:random_seed5] epoch 0115  region_bce=0.0427  dist_mse=0.0596  region_overlap=0.948
2026-10-08 22:27:03,437  gsv3.training             INFO     [random:random_seed5] epoch 0115  train_log_mse=0.00273  val_log_mse=0.06597  val_mse=0.000348  max_grad=0.54  patience=18/30
2026-10-08 22:27:58,187  gsv3.training             INFO     [random:random_seed5] epoch 0116  region_bce=0.0506  dist_mse=0.0624  region_overlap=0.943
2026-10-08 22:27:58,188  gsv3.training             INFO     [random:random_seed5] epoch 0116  train_log_mse=0.00382  val_log_mse=0.06535  val_mse=0.000366  max_grad=1.15  patience=19/30
2026-10-08 22:28:53,054  gsv3.training             INFO     [random:random_seed5] epoch 0117  region_bce=0.0439  dist_mse=0.0598  region_overlap=0.947
2026-10-08 22:28:53,055  gsv3.training             INFO     [random:random_seed5] epoch 0117  train_log_mse=0.00254  val_log_mse=0.07163  val_mse=0.000321  max_grad=0.52  patience=0/30
2026-10-08 22:29:47,889  gsv3.training             INFO     [random:random_seed5] epoch 0118  region_bce=0.0412  dist_mse=0.0588  region_overlap=0.949
2026-10-08 22:29:47,889  gsv3.training             INFO     [random:random_seed5] epoch 0118  train_log_mse=0.00271  val_log_mse=0.07279  val_mse=0.000342  max_grad=0.50  patience=1/30
2026-10-08 22:30:42,750  gsv3.training             INFO     [random:random_seed5] epoch 0119  region_bce=0.0388  dist_mse=0.0576  region_overlap=0.951
2026-10-08 22:30:42,750  gsv3.training             INFO     [random:random_seed5] epoch 0119  train_log_mse=0.00233  val_log_mse=0.06425  val_mse=0.000347  max_grad=0.32  patience=2/30
2026-10-08 22:31:37,600  gsv3.training             INFO     [random:random_seed5] epoch 0120  region_bce=0.0395  dist_mse=0.0575  region_overlap=0.950
2026-10-08 22:31:37,600  gsv3.training             INFO     [random:random_seed5] epoch 0120  train_log_mse=0.00229  val_log_mse=0.06593  val_mse=0.000345  max_grad=0.45  patience=3/30
2026-10-08 22:32:32,625  gsv3.training             INFO     [random:random_seed5] epoch 0121  region_bce=0.0436  dist_mse=0.0590  region_overlap=0.947
2026-10-08 22:32:32,625  gsv3.training             INFO     [random:random_seed5] epoch 0121  train_log_mse=0.00286  val_log_mse=0.06995  val_mse=0.000361  max_grad=0.70  patience=4/30
2026-10-08 22:33:27,674  gsv3.training             INFO     [random:random_seed5] epoch 0122  region_bce=0.0390  dist_mse=0.0575  region_overlap=0.950
2026-10-08 22:33:27,674  gsv3.training             INFO     [random:random_seed5] epoch 0122  train_log_mse=0.00242  val_log_mse=0.07759  val_mse=0.000356  max_grad=0.34  patience=5/30
2026-10-08 22:34:22,286  gsv3.training             INFO     [random:random_seed5] epoch 0123  region_bce=0.0704  dist_mse=0.0668  region_overlap=0.933
2026-10-08 22:34:22,287  gsv3.training             INFO     [random:random_seed5] epoch 0123  train_log_mse=0.00556  val_log_mse=0.10675  val_mse=0.000437  max_grad=26.18  patience=6/30
2026-10-08 22:35:17,189  gsv3.training             INFO     [random:random_seed5] epoch 0124  region_bce=0.0590  dist_mse=0.0660  region_overlap=0.937
2026-10-08 22:35:17,190  gsv3.training             INFO     [random:random_seed5] epoch 0124  train_log_mse=0.00455  val_log_mse=0.09648  val_mse=0.000381  max_grad=10.89  patience=7/30
2026-10-08 22:36:12,323  gsv3.training             INFO     [random:random_seed5] epoch 0125  region_bce=0.0468  dist_mse=0.0611  region_overlap=0.945
2026-10-08 22:36:12,324  gsv3.training             INFO     [random:random_seed5] epoch 0125  train_log_mse=0.00365  val_log_mse=0.07651  val_mse=0.000340  max_grad=1.98  patience=8/30
2026-10-08 22:37:07,596  gsv3.training             INFO     [random:random_seed5] epoch 0126  region_bce=0.0401  dist_mse=0.0578  region_overlap=0.950
2026-10-08 22:37:07,596  gsv3.training             INFO     [random:random_seed5] epoch 0126  train_log_mse=0.00277  val_log_mse=0.07843  val_mse=0.000350  max_grad=3.68  patience=9/30
2026-10-08 22:38:02,783  gsv3.training             INFO     [random:random_seed5] epoch 0127  region_bce=0.0557  dist_mse=0.0636  region_overlap=0.940
2026-10-08 22:38:02,783  gsv3.training             INFO     [random:random_seed5] epoch 0127  train_log_mse=0.00449  val_log_mse=0.09627  val_mse=0.000377  max_grad=5.72  patience=10/30
2026-10-08 22:38:58,000  gsv3.training             INFO     [random:random_seed5] epoch 0128  region_bce=0.0443  dist_mse=0.0593  region_overlap=0.946
2026-10-08 22:38:58,000  gsv3.training             INFO     [random:random_seed5] epoch 0128  train_log_mse=0.00317  val_log_mse=0.08632  val_mse=0.000366  max_grad=4.49  patience=11/30
2026-10-08 22:39:53,086  gsv3.training             INFO     [random:random_seed5] epoch 0129  region_bce=0.0429  dist_mse=0.0589  region_overlap=0.948
2026-10-08 22:39:53,086  gsv3.training             INFO     [random:random_seed5] epoch 0129  train_log_mse=0.00347  val_log_mse=0.08658  val_mse=0.000368  max_grad=49.80  patience=12/30
2026-10-08 22:40:48,045  gsv3.training             INFO     [random:random_seed5] epoch 0130  region_bce=0.0429  dist_mse=0.0593  region_overlap=0.948
2026-10-08 22:40:48,046  gsv3.training             INFO     [random:random_seed5] epoch 0130  train_log_mse=0.00274  val_log_mse=0.06633  val_mse=0.000350  max_grad=1.03  patience=13/30
2026-10-08 22:41:42,983  gsv3.training             INFO     [random:random_seed5] epoch 0131  region_bce=0.0495  dist_mse=0.0618  region_overlap=0.944
2026-10-08 22:41:42,983  gsv3.training             INFO     [random:random_seed5] epoch 0131  train_log_mse=0.00315  val_log_mse=0.07041  val_mse=0.000340  max_grad=14.67  patience=14/30
2026-10-08 22:42:37,997  gsv3.training             INFO     [random:random_seed5] epoch 0132  region_bce=0.0452  dist_mse=0.0603  region_overlap=0.946
2026-10-08 22:42:37,997  gsv3.training             INFO     [random:random_seed5] epoch 0132  train_log_mse=0.00332  val_log_mse=0.09839  val_mse=0.000377  max_grad=5.01  patience=15/30
2026-10-08 22:43:33,063  gsv3.training             INFO     [random:random_seed5] epoch 0133  region_bce=0.0391  dist_mse=0.0574  region_overlap=0.951
2026-10-08 22:43:33,063  gsv3.training             INFO     [random:random_seed5] epoch 0133  train_log_mse=0.00274  val_log_mse=0.06688  val_mse=0.000368  max_grad=8.26  patience=16/30
2026-10-08 22:44:27,988  gsv3.training             INFO     [random:random_seed5] epoch 0134  region_bce=0.0418  dist_mse=0.0580  region_overlap=0.949
2026-10-08 22:44:27,988  gsv3.training             INFO     [random:random_seed5] epoch 0134  train_log_mse=0.00260  val_log_mse=0.06787  val_mse=0.000365  max_grad=1.04  patience=17/30
2026-10-08 22:45:23,248  gsv3.training             INFO     [random:random_seed5] epoch 0135  region_bce=0.0415  dist_mse=0.0577  region_overlap=0.949
2026-10-08 22:45:23,248  gsv3.training             INFO     [random:random_seed5] epoch 0135  train_log_mse=0.00258  val_log_mse=0.07277  val_mse=0.000440  max_grad=5.13  patience=18/30
2026-10-08 22:46:18,400  gsv3.training             INFO     [random:random_seed5] epoch 0136  region_bce=0.0450  dist_mse=0.0594  region_overlap=0.947
2026-10-08 22:46:18,401  gsv3.training             INFO     [random:random_seed5] epoch 0136  train_log_mse=0.00315  val_log_mse=0.06856  val_mse=0.000339  max_grad=2.48  patience=19/30
2026-10-08 22:47:13,722  gsv3.training             INFO     [random:random_seed5] epoch 0137  region_bce=0.0348  dist_mse=0.0549  region_overlap=0.954
2026-10-08 22:47:13,723  gsv3.training             INFO     [random:random_seed5] epoch 0137  train_log_mse=0.00213  val_log_mse=0.10132  val_mse=0.000387  max_grad=0.43  patience=20/30
2026-10-08 22:48:09,031  gsv3.training             INFO     [random:random_seed5] epoch 0138  region_bce=0.0377  dist_mse=0.0556  region_overlap=0.952
2026-10-08 22:48:09,031  gsv3.training             INFO     [random:random_seed5] epoch 0138  train_log_mse=0.00263  val_log_mse=0.06714  val_mse=0.000344  max_grad=0.62  patience=21/30
2026-10-08 22:49:03,987  gsv3.training             INFO     [random:random_seed5] epoch 0139  region_bce=0.0389  dist_mse=0.0558  region_overlap=0.951
2026-10-08 22:49:03,987  gsv3.training             INFO     [random:random_seed5] epoch 0139  train_log_mse=0.00242  val_log_mse=0.07315  val_mse=0.000361  max_grad=2.15  patience=22/30
2026-10-08 22:49:58,869  gsv3.training             INFO     [random:random_seed5] epoch 0140  region_bce=0.0421  dist_mse=0.0582  region_overlap=0.948
2026-10-08 22:49:58,869  gsv3.training             INFO     [random:random_seed5] epoch 0140  train_log_mse=0.00278  val_log_mse=0.07790  val_mse=0.000346  max_grad=4.68  patience=23/30
2026-10-08 22:50:53,760  gsv3.training             INFO     [random:random_seed5] epoch 0141  region_bce=0.0357  dist_mse=0.0551  region_overlap=0.953
2026-10-08 22:50:53,760  gsv3.training             INFO     [random:random_seed5] epoch 0141  train_log_mse=0.00233  val_log_mse=0.06566  val_mse=0.000333  max_grad=0.49  patience=24/30
2026-10-08 22:51:48,766  gsv3.training             INFO     [random:random_seed5] epoch 0142  region_bce=0.0357  dist_mse=0.0545  region_overlap=0.953
2026-10-08 22:51:48,766  gsv3.training             INFO     [random:random_seed5] epoch 0142  train_log_mse=0.00230  val_log_mse=0.07948  val_mse=0.000334  max_grad=0.40  patience=25/30
2026-10-08 22:52:43,990  gsv3.training             INFO     [random:random_seed5] epoch 0143  region_bce=0.0341  dist_mse=0.0532  region_overlap=0.954
2026-10-08 22:52:43,990  gsv3.training             INFO     [random:random_seed5] epoch 0143  train_log_mse=0.00226  val_log_mse=0.07341  val_mse=0.000356  max_grad=0.36  patience=26/30
2026-10-08 22:53:39,133  gsv3.training             INFO     [random:random_seed5] epoch 0144  region_bce=0.0376  dist_mse=0.0546  region_overlap=0.952
2026-10-08 22:53:39,133  gsv3.training             INFO     [random:random_seed5] epoch 0144  train_log_mse=0.00248  val_log_mse=0.07412  val_mse=0.000327  max_grad=0.48  patience=27/30
2026-10-08 22:54:34,225  gsv3.training             INFO     [random:random_seed5] epoch 0145  region_bce=0.0465  dist_mse=0.0572  region_overlap=0.946
2026-10-08 22:54:34,225  gsv3.training             INFO     [random:random_seed5] epoch 0145  train_log_mse=0.00271  val_log_mse=0.08502  val_mse=0.000349  max_grad=2.90  patience=28/30
2026-10-08 22:55:29,337  gsv3.training             INFO     [random:random_seed5] epoch 0146  region_bce=0.0404  dist_mse=0.0555  region_overlap=0.950
2026-10-08 22:55:29,337  gsv3.training             INFO     [random:random_seed5] epoch 0146  train_log_mse=0.00247  val_log_mse=0.06866  val_mse=0.000348  max_grad=0.55  patience=29/30
2026-10-08 22:56:24,498  gsv3.training             INFO     [random:random_seed5] epoch 0147  region_bce=0.0358  dist_mse=0.0538  region_overlap=0.953
2026-10-08 22:56:24,499  gsv3.training             INFO     [random:random_seed5] epoch 0147  train_log_mse=0.00228  val_log_mse=0.06658  val_mse=0.000349  max_grad=0.64  patience=30/30
2026-10-08 22:56:33,445  gsv3.experiment           INFO     [random_seed5] TEST  n=5117  MAE=0.0093  R2=0.9962  device-acc=0.756  regret=0.0023
2026-10-08 22:56:33,449  genstudy.io               INFO     Wrote evaluations/generalization_v7/results/v7_l01/random_control/random_seed5/metrics.json
2026-10-08 22:56:33,472  genstudy.io               INFO     Wrote evaluations/generalization_v7/results/v7_l01/random_control/random_seed5/predictions.json
2026-10-08 22:56:33,484  genstudy.io               INFO     Wrote evaluations/generalization_v7/results/v7_l01/random_control/random_seed5/history.json
2026-10-08 22:56:33,505  run_experiment            INFO     random_control finished: 1 complete, 0 skipped
