2026-10-07 18:44:37,126  genstudy.io               INFO     Logging to /home/atudisco/pred-distr-tool/evaluations/generalization_v2/results/report/make_report.log
2026-10-07 18:44:37,126  make_report_v2            INFO     Command line: /home/atudisco/pred-distr-tool/evaluations/generalization_v2/scripts/make_report.py --results-dir /home/atudisco/pred-distr-tool/evaluations/generalization_v2/results
2026-10-07 18:44:37,133  genstudy.report           INFO     Collected 1 splits from /home/atudisco/pred-distr-tool/evaluations/generalization/results/random_control
2026-10-07 18:44:37,308  genstudy.report           INFO     Back-filled baseline regrets for random_seed5
2026-10-07 18:44:37,316  genstudy.report           INFO     Collected 1 splits from /home/atudisco/pred-distr-tool/evaluations/generalization_v2/results/random_control
2026-10-07 18:44:37,330  genstudy.report           INFO     Collected 10 splits from /home/atudisco/pred-distr-tool/evaluations/generalization/results/leave_one_family_out
2026-10-07 18:44:37,425  genstudy.report           INFO     Back-filled baseline regrets for ae
2026-10-07 18:44:37,427  genstudy.report           INFO     Back-filled baseline regrets for iqpe
2026-10-07 18:44:37,432  genstudy.report           INFO     Back-filled baseline regrets for qaoa
2026-10-07 18:44:37,434  genstudy.report           INFO     Back-filled baseline regrets for qft
2026-10-07 18:44:37,436  genstudy.report           INFO     Back-filled baseline regrets for qftentangled
2026-10-07 18:44:37,438  genstudy.report           INFO     Back-filled baseline regrets for qnn
2026-10-07 18:44:37,441  genstudy.report           INFO     Back-filled baseline regrets for randomcircuit
2026-10-07 18:44:37,446  genstudy.report           INFO     Back-filled baseline regrets for vqe_real_amp
2026-10-07 18:44:37,451  genstudy.report           INFO     Back-filled baseline regrets for vqe_su2
2026-10-07 18:44:37,457  genstudy.report           INFO     Back-filled baseline regrets for vqe_two_local
2026-10-07 18:44:37,536  genstudy.report           INFO     Collected 10 splits from /home/atudisco/pred-distr-tool/evaluations/generalization_v2/results/leave_one_family_out
2026-10-07 18:44:37,538  genstudy.report           INFO     Collected 1 splits from /home/atudisco/pred-distr-tool/evaluations/generalization/results/size_extrapolation
2026-10-07 18:44:37,540  genstudy.report           INFO     Collected 1 splits from /home/atudisco/pred-distr-tool/evaluations/generalization_v2/results/size_extrapolation
2026-10-07 18:44:37,542  genstudy.io               INFO     Wrote /home/atudisco/pred-distr-tool/evaluations/generalization_v2/results/report/comparison.csv (12 rows)
2026-10-07 18:44:37,544  genstudy.io               INFO     Wrote /home/atudisco/pred-distr-tool/evaluations/generalization_v2/results/report/table_comparison.tex
2026-10-07 18:44:38,347  genstudy.io               INFO     Wrote /home/atudisco/pred-distr-tool/evaluations/generalization_v2/results/report/comparison_summary.json
2026-10-07 18:44:38,347  make_report_v2            INFO     Report written to /home/atudisco/pred-distr-tool/evaluations/generalization_v2/results/report
