2026-10-08 19:31:20,993  genstudy.io               INFO     Logging to evaluations/generalization_v7/results/v7_l01/leave_one_group_out/run.log
2026-10-08 19:31:20,993  run_experiment            INFO     Command line: evaluations/generalization_v3/scripts/run_experiment.py logo --model sinkhorn --balance-alpha 0 --lr 3e-4 --grad-clip 1.0 --seed 5 --families variational --groups variational --loss mixed --val-mode random --layout-lambda 0.1 --layout-loss region_dist --layouts-path evaluations/compile_check/results/compiler_layouts_v6pilot.pt --results-dir evaluations/generalization_v7/results/v7_l01
2026-10-08 19:31:20,993  gsv2.gpu                  WARNING  No CUDA device available — running on the CPU.
2026-10-08 19:31:20,994  gsv3.model                INFO     Hyper-parameters (/home/atudisco/pred-distr-tool/src/model/best_params.json + v3 defaults): {'device_hidden': 64, 'device_layers': 3, 'fusion_dim': 128, 'qubit_layers': 2, 'attn_heads': 4, 'lap_pe': 8, 'cost_bias_init': -6.0, 'hidden_dim': 142, 'num_conv_wo_resnet': 3, 'num_resnet_layers': 1, 'dropout': 0.0, 'bidirectional': True, 'mlp': [512, 256, 128], 'lr': 0.001, 'readout': 'meanmaxsum'}
2026-10-08 19:31:21,010  gsv3.devices              INFO     Device graphs: node features 13 (Laplacian PE 8), physical errors True
2026-10-08 19:31:21,011  genstudy.data             INFO     Loading graph dataset: /home/atudisco/pred-distr-tool/evaluations/generalization_v3/data/graph_dataset_expected_fidelity.pt
2026-10-08 19:31:24,932  genstudy.data             INFO     Loaded 17056 graphs
2026-10-08 19:31:25,574  run_experiment            INFO     Compiler layouts (evaluations/compile_check/results/compiler_layouts_v6pilot.pt): 16994/17056 circuits
2026-10-08 19:31:25,603  genstudy.io               INFO     Wrote evaluations/generalization_v7/results/v7_l01/leave_one_group_out/dataset_summary.json
2026-10-08 19:31:25,608  run_experiment            INFO     [1/1] variational
2026-10-08 19:31:25,611  gsv3.experiment           INFO     === group_holdout / variational ===
2026-10-08 19:31:25,611  gsv3.experiment           INFO     Leave-one-group-out: test = all 9928 circuits of group 'variational' (qnn, vqe_real_amp, vqe_su2, vqe_two_local), train = 7128 circuits from the other 31 families.
2026-10-08 19:31:25,612  gsv3.experiment           INFO     train=5702  val=1426 ({'mode': 'random'})  test=9928
2026-10-08 19:31:25,693  gsv3.training             INFO     [group_holdout:variational] model=sinkhorn (979423 params) train=5702 val=1426 lr=0.0003 clip=1.0 alpha=0.00
2026-10-08 19:32:24,785  gsv3.training             INFO     [group_holdout:variational] epoch 0001  region_bce=1.0447  dist_mse=0.2306  region_overlap=0.569
2026-10-08 19:32:24,787  gsv3.training             INFO     [group_holdout:variational] epoch 0001  train_log_mse=1.01602  val_log_mse=0.93176  val_mse=0.003113  max_grad=1595.59  patience=0/30
2026-10-08 19:33:24,032  gsv3.training             INFO     [group_holdout:variational] epoch 0002  region_bce=0.5180  dist_mse=0.1575  region_overlap=0.626
2026-10-08 19:33:24,034  gsv3.training             INFO     [group_holdout:variational] epoch 0002  train_log_mse=0.06827  val_log_mse=0.50655  val_mse=0.001855  max_grad=23.83  patience=0/30
2026-10-08 19:34:23,539  gsv3.training             INFO     [group_holdout:variational] epoch 0003  region_bce=0.4189  dist_mse=0.1467  region_overlap=0.680
2026-10-08 19:34:23,541  gsv3.training             INFO     [group_holdout:variational] epoch 0003  train_log_mse=0.03755  val_log_mse=0.50792  val_mse=0.001267  max_grad=13.86  patience=0/30
2026-10-08 19:35:22,120  gsv3.training             INFO     [group_holdout:variational] epoch 0004  region_bce=0.3920  dist_mse=0.1400  region_overlap=0.699
2026-10-08 19:35:22,122  gsv3.training             INFO     [group_holdout:variational] epoch 0004  train_log_mse=0.04024  val_log_mse=0.25289  val_mse=0.001139  max_grad=40.26  patience=0/30
2026-10-08 19:36:20,323  gsv3.training             INFO     [group_holdout:variational] epoch 0005  region_bce=0.3666  dist_mse=0.1385  region_overlap=0.712
2026-10-08 19:36:20,324  gsv3.training             INFO     [group_holdout:variational] epoch 0005  train_log_mse=0.02686  val_log_mse=0.35836  val_mse=0.001218  max_grad=7.36  patience=1/30
2026-10-08 19:37:19,166  gsv3.training             INFO     [group_holdout:variational] epoch 0006  region_bce=0.3482  dist_mse=0.1364  region_overlap=0.723
2026-10-08 19:37:19,168  gsv3.training             INFO     [group_holdout:variational] epoch 0006  train_log_mse=0.02022  val_log_mse=0.35433  val_mse=0.000911  max_grad=5.00  patience=0/30
2026-10-08 19:38:18,027  gsv3.training             INFO     [group_holdout:variational] epoch 0007  region_bce=0.3372  dist_mse=0.1348  region_overlap=0.730
2026-10-08 19:38:18,029  gsv3.training             INFO     [group_holdout:variational] epoch 0007  train_log_mse=0.01543  val_log_mse=0.39510  val_mse=0.000907  max_grad=3.72  patience=0/30
2026-10-08 19:39:16,430  gsv3.training             INFO     [group_holdout:variational] epoch 0008  region_bce=0.3331  dist_mse=0.1330  region_overlap=0.733
2026-10-08 19:39:16,430  gsv3.training             INFO     [group_holdout:variational] epoch 0008  train_log_mse=0.01817  val_log_mse=0.46778  val_mse=0.001225  max_grad=4.13  patience=1/30
2026-10-08 19:40:16,303  gsv3.training             INFO     [group_holdout:variational] epoch 0009  region_bce=0.3256  dist_mse=0.1331  region_overlap=0.735
2026-10-08 19:40:16,303  gsv3.training             INFO     [group_holdout:variational] epoch 0009  train_log_mse=0.01548  val_log_mse=0.31139  val_mse=0.001113  max_grad=3.49  patience=2/30
2026-10-08 19:41:12,854  gsv3.training             INFO     [group_holdout:variational] epoch 0010  region_bce=0.3215  dist_mse=0.1317  region_overlap=0.742
2026-10-08 19:41:12,855  gsv3.training             INFO     [group_holdout:variational] epoch 0010  train_log_mse=0.01335  val_log_mse=0.18547  val_mse=0.001329  max_grad=4.19  patience=3/30
2026-10-08 19:42:10,476  gsv3.training             INFO     [group_holdout:variational] epoch 0011  region_bce=0.3161  dist_mse=0.1313  region_overlap=0.744
2026-10-08 19:42:10,478  gsv3.training             INFO     [group_holdout:variational] epoch 0011  train_log_mse=0.01380  val_log_mse=0.11160  val_mse=0.000654  max_grad=3.15  patience=0/30
2026-10-08 19:43:08,740  gsv3.training             INFO     [group_holdout:variational] epoch 0012  region_bce=0.3086  dist_mse=0.1307  region_overlap=0.749
2026-10-08 19:43:08,740  gsv3.training             INFO     [group_holdout:variational] epoch 0012  train_log_mse=0.01178  val_log_mse=0.13253  val_mse=0.001113  max_grad=2.83  patience=1/30
2026-10-08 19:44:06,982  gsv3.training             INFO     [group_holdout:variational] epoch 0013  region_bce=0.3041  dist_mse=0.1311  region_overlap=0.751
2026-10-08 19:44:06,982  gsv3.training             INFO     [group_holdout:variational] epoch 0013  train_log_mse=0.01133  val_log_mse=0.12556  val_mse=0.000775  max_grad=3.44  patience=2/30
2026-10-08 19:45:04,616  gsv3.training             INFO     [group_holdout:variational] epoch 0014  region_bce=0.2986  dist_mse=0.1304  region_overlap=0.755
2026-10-08 19:45:04,618  gsv3.training             INFO     [group_holdout:variational] epoch 0014  train_log_mse=0.01126  val_log_mse=0.14361  val_mse=0.000587  max_grad=2.58  patience=0/30
2026-10-08 19:46:03,422  gsv3.training             INFO     [group_holdout:variational] epoch 0015  region_bce=0.2921  dist_mse=0.1297  region_overlap=0.760
2026-10-08 19:46:03,422  gsv3.training             INFO     [group_holdout:variational] epoch 0015  train_log_mse=0.01171  val_log_mse=0.16853  val_mse=0.000638  max_grad=4.09  patience=1/30
2026-10-08 19:47:02,449  gsv3.training             INFO     [group_holdout:variational] epoch 0016  region_bce=0.2871  dist_mse=0.1286  region_overlap=0.766
2026-10-08 19:47:02,449  gsv3.training             INFO     [group_holdout:variational] epoch 0016  train_log_mse=0.01165  val_log_mse=0.14693  val_mse=0.000694  max_grad=2.02  patience=2/30
2026-10-08 19:48:01,624  gsv3.training             INFO     [group_holdout:variational] epoch 0017  region_bce=0.2776  dist_mse=0.1272  region_overlap=0.772
2026-10-08 19:48:01,624  gsv3.training             INFO     [group_holdout:variational] epoch 0017  train_log_mse=0.00947  val_log_mse=0.33119  val_mse=0.000678  max_grad=2.11  patience=3/30
2026-10-08 19:49:00,747  gsv3.training             INFO     [group_holdout:variational] epoch 0018  region_bce=0.2689  dist_mse=0.1259  region_overlap=0.779
2026-10-08 19:49:00,748  gsv3.training             INFO     [group_holdout:variational] epoch 0018  train_log_mse=0.01086  val_log_mse=0.20247  val_mse=0.000705  max_grad=2.26  patience=4/30
2026-10-08 19:50:00,118  gsv3.training             INFO     [group_holdout:variational] epoch 0019  region_bce=0.2596  dist_mse=0.1238  region_overlap=0.787
2026-10-08 19:50:00,118  gsv3.training             INFO     [group_holdout:variational] epoch 0019  train_log_mse=0.00809  val_log_mse=0.11761  val_mse=0.000608  max_grad=2.15  patience=5/30
2026-10-08 19:50:59,891  gsv3.training             INFO     [group_holdout:variational] epoch 0020  region_bce=0.2533  dist_mse=0.1229  region_overlap=0.790
2026-10-08 19:50:59,891  gsv3.training             INFO     [group_holdout:variational] epoch 0020  train_log_mse=0.00945  val_log_mse=0.13228  val_mse=0.000618  max_grad=2.51  patience=6/30
2026-10-08 19:51:58,843  gsv3.training             INFO     [group_holdout:variational] epoch 0021  region_bce=0.2468  dist_mse=0.1214  region_overlap=0.797
2026-10-08 19:51:58,843  gsv3.training             INFO     [group_holdout:variational] epoch 0021  train_log_mse=0.00902  val_log_mse=0.15076  val_mse=0.000609  max_grad=1.73  patience=7/30
2026-10-08 19:52:55,196  gsv3.training             INFO     [group_holdout:variational] epoch 0022  region_bce=0.2408  dist_mse=0.1203  region_overlap=0.801
2026-10-08 19:52:55,197  gsv3.training             INFO     [group_holdout:variational] epoch 0022  train_log_mse=0.00839  val_log_mse=0.15402  val_mse=0.000682  max_grad=1.52  patience=8/30
2026-10-08 19:53:52,170  gsv3.training             INFO     [group_holdout:variational] epoch 0023  region_bce=0.2380  dist_mse=0.1195  region_overlap=0.804
2026-10-08 19:53:52,170  gsv3.training             INFO     [group_holdout:variational] epoch 0023  train_log_mse=0.00816  val_log_mse=0.14064  val_mse=0.000941  max_grad=3.79  patience=9/30
2026-10-08 19:54:48,709  gsv3.training             INFO     [group_holdout:variational] epoch 0024  region_bce=0.2358  dist_mse=0.1194  region_overlap=0.805
2026-10-08 19:54:48,710  gsv3.training             INFO     [group_holdout:variational] epoch 0024  train_log_mse=0.00789  val_log_mse=0.12970  val_mse=0.000643  max_grad=1.63  patience=10/30
2026-10-08 19:55:45,175  gsv3.training             INFO     [group_holdout:variational] epoch 0025  region_bce=0.2279  dist_mse=0.1179  region_overlap=0.811
2026-10-08 19:55:45,177  gsv3.training             INFO     [group_holdout:variational] epoch 0025  train_log_mse=0.00816  val_log_mse=0.11188  val_mse=0.000535  max_grad=2.09  patience=0/30
2026-10-08 19:56:37,931  gsv3.training             INFO     [group_holdout:variational] epoch 0026  region_bce=0.2414  dist_mse=0.1195  region_overlap=0.805
2026-10-08 19:56:37,931  gsv3.training             INFO     [group_holdout:variational] epoch 0026  train_log_mse=0.01358  val_log_mse=0.18813  val_mse=0.000826  max_grad=19.06  patience=1/30
2026-10-08 19:57:35,838  gsv3.training             INFO     [group_holdout:variational] epoch 0027  region_bce=0.2426  dist_mse=0.1192  region_overlap=0.803
2026-10-08 19:57:35,838  gsv3.training             INFO     [group_holdout:variational] epoch 0027  train_log_mse=0.00992  val_log_mse=0.16442  val_mse=0.000674  max_grad=1.66  patience=2/30
2026-10-08 19:58:34,006  gsv3.training             INFO     [group_holdout:variational] epoch 0028  region_bce=0.2200  dist_mse=0.1165  region_overlap=0.817
2026-10-08 19:58:34,006  gsv3.training             INFO     [group_holdout:variational] epoch 0028  train_log_mse=0.00744  val_log_mse=0.11085  val_mse=0.000547  max_grad=1.41  patience=3/30
2026-10-08 19:59:32,284  gsv3.training             INFO     [group_holdout:variational] epoch 0029  region_bce=0.2126  dist_mse=0.1148  region_overlap=0.822
2026-10-08 19:59:32,286  gsv3.training             INFO     [group_holdout:variational] epoch 0029  train_log_mse=0.00736  val_log_mse=0.09869  val_mse=0.000486  max_grad=1.76  patience=0/30
2026-10-08 20:00:30,157  gsv3.training             INFO     [group_holdout:variational] epoch 0030  region_bce=0.2078  dist_mse=0.1134  region_overlap=0.826
2026-10-08 20:00:30,159  gsv3.training             INFO     [group_holdout:variational] epoch 0030  train_log_mse=0.00724  val_log_mse=0.10425  val_mse=0.000479  max_grad=1.06  patience=0/30
2026-10-08 20:01:27,983  gsv3.training             INFO     [group_holdout:variational] epoch 0031  region_bce=0.2137  dist_mse=0.1139  region_overlap=0.822
2026-10-08 20:01:27,983  gsv3.training             INFO     [group_holdout:variational] epoch 0031  train_log_mse=0.00908  val_log_mse=0.20487  val_mse=0.000662  max_grad=2.27  patience=1/30
2026-10-08 20:02:25,838  gsv3.training             INFO     [group_holdout:variational] epoch 0032  region_bce=0.2121  dist_mse=0.1127  region_overlap=0.824
2026-10-08 20:02:25,838  gsv3.training             INFO     [group_holdout:variational] epoch 0032  train_log_mse=0.00892  val_log_mse=0.11482  val_mse=0.000510  max_grad=5.23  patience=2/30
2026-10-08 20:03:23,831  gsv3.training             INFO     [group_holdout:variational] epoch 0033  region_bce=0.2039  dist_mse=0.1097  region_overlap=0.830
2026-10-08 20:03:23,832  gsv3.training             INFO     [group_holdout:variational] epoch 0033  train_log_mse=0.00791  val_log_mse=0.13587  val_mse=0.000713  max_grad=1.43  patience=3/30
2026-10-08 20:04:21,803  gsv3.training             INFO     [group_holdout:variational] epoch 0034  region_bce=0.1981  dist_mse=0.1082  region_overlap=0.834
2026-10-08 20:04:21,804  gsv3.training             INFO     [group_holdout:variational] epoch 0034  train_log_mse=0.00766  val_log_mse=0.14036  val_mse=0.000575  max_grad=1.50  patience=4/30
2026-10-08 20:05:19,433  gsv3.training             INFO     [group_holdout:variational] epoch 0035  region_bce=0.1994  dist_mse=0.1073  region_overlap=0.834
2026-10-08 20:05:19,435  gsv3.training             INFO     [group_holdout:variational] epoch 0035  train_log_mse=0.00806  val_log_mse=0.09693  val_mse=0.000453  max_grad=1.53  patience=0/30
2026-10-08 20:06:17,355  gsv3.training             INFO     [group_holdout:variational] epoch 0036  region_bce=0.1904  dist_mse=0.1049  region_overlap=0.839
2026-10-08 20:06:17,355  gsv3.training             INFO     [group_holdout:variational] epoch 0036  train_log_mse=0.00699  val_log_mse=0.11732  val_mse=0.000523  max_grad=2.40  patience=1/30
2026-10-08 20:07:15,494  gsv3.training             INFO     [group_holdout:variational] epoch 0037  region_bce=0.1925  dist_mse=0.1046  region_overlap=0.839
2026-10-08 20:07:15,494  gsv3.training             INFO     [group_holdout:variational] epoch 0037  train_log_mse=0.00867  val_log_mse=0.11047  val_mse=0.000495  max_grad=14.17  patience=2/30
2026-10-08 20:08:13,655  gsv3.training             INFO     [group_holdout:variational] epoch 0038  region_bce=0.1855  dist_mse=0.1031  region_overlap=0.843
2026-10-08 20:08:13,656  gsv3.training             INFO     [group_holdout:variational] epoch 0038  train_log_mse=0.00665  val_log_mse=0.11677  val_mse=0.000553  max_grad=0.97  patience=3/30
2026-10-08 20:09:12,853  gsv3.training             INFO     [group_holdout:variational] epoch 0039  region_bce=0.1819  dist_mse=0.1026  region_overlap=0.845
2026-10-08 20:09:12,853  gsv3.training             INFO     [group_holdout:variational] epoch 0039  train_log_mse=0.00725  val_log_mse=0.12467  val_mse=0.000557  max_grad=2.27  patience=4/30
2026-10-08 20:10:10,752  gsv3.training             INFO     [group_holdout:variational] epoch 0040  region_bce=0.1847  dist_mse=0.1028  region_overlap=0.845
2026-10-08 20:10:10,752  gsv3.training             INFO     [group_holdout:variational] epoch 0040  train_log_mse=0.00825  val_log_mse=0.10298  val_mse=0.000720  max_grad=2.42  patience=5/30
2026-10-08 20:11:08,447  gsv3.training             INFO     [group_holdout:variational] epoch 0041  region_bce=0.1764  dist_mse=0.1008  region_overlap=0.850
2026-10-08 20:11:08,447  gsv3.training             INFO     [group_holdout:variational] epoch 0041  train_log_mse=0.00652  val_log_mse=0.12353  val_mse=0.000496  max_grad=1.54  patience=6/30
2026-10-08 20:12:06,788  gsv3.training             INFO     [group_holdout:variational] epoch 0042  region_bce=0.1737  dist_mse=0.1001  region_overlap=0.852
2026-10-08 20:12:06,788  gsv3.training             INFO     [group_holdout:variational] epoch 0042  train_log_mse=0.00676  val_log_mse=0.11934  val_mse=0.000519  max_grad=1.23  patience=7/30
2026-10-08 20:13:04,973  gsv3.training             INFO     [group_holdout:variational] epoch 0043  region_bce=0.1703  dist_mse=0.1001  region_overlap=0.854
2026-10-08 20:13:04,974  gsv3.training             INFO     [group_holdout:variational] epoch 0043  train_log_mse=0.00666  val_log_mse=0.10709  val_mse=0.000572  max_grad=1.19  patience=8/30
2026-10-08 20:14:03,566  gsv3.training             INFO     [group_holdout:variational] epoch 0044  region_bce=0.1671  dist_mse=0.0989  region_overlap=0.857
2026-10-08 20:14:03,566  gsv3.training             INFO     [group_holdout:variational] epoch 0044  train_log_mse=0.00652  val_log_mse=0.11963  val_mse=0.000495  max_grad=1.10  patience=9/30
2026-10-08 20:15:01,669  gsv3.training             INFO     [group_holdout:variational] epoch 0045  region_bce=0.1638  dist_mse=0.0986  region_overlap=0.859
2026-10-08 20:15:01,669  gsv3.training             INFO     [group_holdout:variational] epoch 0045  train_log_mse=0.00696  val_log_mse=0.10136  val_mse=0.000478  max_grad=1.34  patience=10/30
2026-10-08 20:15:59,352  gsv3.training             INFO     [group_holdout:variational] epoch 0046  region_bce=0.1614  dist_mse=0.0982  region_overlap=0.861
2026-10-08 20:15:59,352  gsv3.training             INFO     [group_holdout:variational] epoch 0046  train_log_mse=0.00643  val_log_mse=0.12398  val_mse=0.000499  max_grad=1.10  patience=11/30
2026-10-08 20:16:56,383  gsv3.training             INFO     [group_holdout:variational] epoch 0047  region_bce=0.1549  dist_mse=0.0973  region_overlap=0.865
2026-10-08 20:16:56,383  gsv3.training             INFO     [group_holdout:variational] epoch 0047  train_log_mse=0.00577  val_log_mse=0.09626  val_mse=0.000456  max_grad=0.86  patience=12/30
2026-10-08 20:17:53,695  gsv3.training             INFO     [group_holdout:variational] epoch 0048  region_bce=0.1522  dist_mse=0.0966  region_overlap=0.866
2026-10-08 20:17:53,695  gsv3.training             INFO     [group_holdout:variational] epoch 0048  train_log_mse=0.00626  val_log_mse=0.12108  val_mse=0.000533  max_grad=1.23  patience=13/30
2026-10-08 20:18:52,164  gsv3.training             INFO     [group_holdout:variational] epoch 0049  region_bce=0.1504  dist_mse=0.0966  region_overlap=0.868
2026-10-08 20:18:52,164  gsv3.training             INFO     [group_holdout:variational] epoch 0049  train_log_mse=0.00715  val_log_mse=0.13594  val_mse=0.000544  max_grad=1.51  patience=14/30
2026-10-08 20:19:50,400  gsv3.training             INFO     [group_holdout:variational] epoch 0050  region_bce=0.1491  dist_mse=0.0964  region_overlap=0.869
2026-10-08 20:19:50,400  gsv3.training             INFO     [group_holdout:variational] epoch 0050  train_log_mse=0.00709  val_log_mse=0.11207  val_mse=0.000463  max_grad=1.53  patience=15/30
2026-10-08 20:20:48,419  gsv3.training             INFO     [group_holdout:variational] epoch 0051  region_bce=0.1456  dist_mse=0.0960  region_overlap=0.871
2026-10-08 20:20:48,419  gsv3.training             INFO     [group_holdout:variational] epoch 0051  train_log_mse=0.00603  val_log_mse=0.11231  val_mse=0.000479  max_grad=0.85  patience=16/30
2026-10-08 20:21:46,698  gsv3.training             INFO     [group_holdout:variational] epoch 0052  region_bce=0.1381  dist_mse=0.0952  region_overlap=0.876
2026-10-08 20:21:46,698  gsv3.training             INFO     [group_holdout:variational] epoch 0052  train_log_mse=0.00543  val_log_mse=0.11627  val_mse=0.000477  max_grad=0.99  patience=17/30
2026-10-08 20:22:42,256  gsv3.training             INFO     [group_holdout:variational] epoch 0053  region_bce=0.1347  dist_mse=0.0944  region_overlap=0.878
2026-10-08 20:22:42,256  gsv3.training             INFO     [group_holdout:variational] epoch 0053  train_log_mse=0.00570  val_log_mse=0.10552  val_mse=0.000461  max_grad=2.13  patience=18/30
2026-10-08 20:23:37,022  gsv3.training             INFO     [group_holdout:variational] epoch 0054  region_bce=0.1319  dist_mse=0.0945  region_overlap=0.880
2026-10-08 20:23:37,022  gsv3.training             INFO     [group_holdout:variational] epoch 0054  train_log_mse=0.00616  val_log_mse=0.10009  val_mse=0.000477  max_grad=1.00  patience=19/30
2026-10-08 20:24:31,222  gsv3.training             INFO     [group_holdout:variational] epoch 0055  region_bce=0.1298  dist_mse=0.0937  region_overlap=0.882
2026-10-08 20:24:31,222  gsv3.training             INFO     [group_holdout:variational] epoch 0055  train_log_mse=0.00587  val_log_mse=0.11954  val_mse=0.000537  max_grad=0.99  patience=20/30
2026-10-08 20:25:25,627  gsv3.training             INFO     [group_holdout:variational] epoch 0056  region_bce=0.1303  dist_mse=0.0939  region_overlap=0.882
2026-10-08 20:25:25,627  gsv3.training             INFO     [group_holdout:variational] epoch 0056  train_log_mse=0.00611  val_log_mse=0.11977  val_mse=0.000597  max_grad=0.90  patience=21/30
2026-10-08 20:26:19,622  gsv3.training             INFO     [group_holdout:variational] epoch 0057  region_bce=0.1204  dist_mse=0.0925  region_overlap=0.888
2026-10-08 20:26:19,622  gsv3.training             INFO     [group_holdout:variational] epoch 0057  train_log_mse=0.00561  val_log_mse=0.12703  val_mse=0.000534  max_grad=0.96  patience=22/30
2026-10-08 20:27:13,932  gsv3.training             INFO     [group_holdout:variational] epoch 0058  region_bce=0.1284  dist_mse=0.0941  region_overlap=0.883
2026-10-08 20:27:13,932  gsv3.training             INFO     [group_holdout:variational] epoch 0058  train_log_mse=0.00707  val_log_mse=0.11131  val_mse=0.000522  max_grad=2.30  patience=23/30
2026-10-08 20:28:08,093  gsv3.training             INFO     [group_holdout:variational] epoch 0059  region_bce=0.1380  dist_mse=0.0954  region_overlap=0.879
2026-10-08 20:28:08,094  gsv3.training             INFO     [group_holdout:variational] epoch 0059  train_log_mse=0.00893  val_log_mse=0.14664  val_mse=0.000583  max_grad=5.28  patience=24/30
2026-10-08 20:29:02,192  gsv3.training             INFO     [group_holdout:variational] epoch 0060  region_bce=0.1393  dist_mse=0.0952  region_overlap=0.877
2026-10-08 20:29:02,193  gsv3.training             INFO     [group_holdout:variational] epoch 0060  train_log_mse=0.00901  val_log_mse=0.12131  val_mse=0.000638  max_grad=4.98  patience=25/30
2026-10-08 20:29:56,502  gsv3.training             INFO     [group_holdout:variational] epoch 0061  region_bce=0.1303  dist_mse=0.0948  region_overlap=0.882
2026-10-08 20:29:56,502  gsv3.training             INFO     [group_holdout:variational] epoch 0061  train_log_mse=0.00875  val_log_mse=0.11869  val_mse=0.000511  max_grad=3.16  patience=26/30
2026-10-08 20:30:51,364  gsv3.training             INFO     [group_holdout:variational] epoch 0062  region_bce=0.1132  dist_mse=0.0921  region_overlap=0.893
2026-10-08 20:30:51,365  gsv3.training             INFO     [group_holdout:variational] epoch 0062  train_log_mse=0.00579  val_log_mse=0.11367  val_mse=0.000490  max_grad=2.19  patience=27/30
2026-10-08 20:31:45,750  gsv3.training             INFO     [group_holdout:variational] epoch 0063  region_bce=0.1052  dist_mse=0.0906  region_overlap=0.898
2026-10-08 20:31:45,751  gsv3.training             INFO     [group_holdout:variational] epoch 0063  train_log_mse=0.00527  val_log_mse=0.15229  val_mse=0.000504  max_grad=0.85  patience=28/30
2026-10-08 20:32:40,162  gsv3.training             INFO     [group_holdout:variational] epoch 0064  region_bce=0.1010  dist_mse=0.0897  region_overlap=0.901
2026-10-08 20:32:40,163  gsv3.training             INFO     [group_holdout:variational] epoch 0064  train_log_mse=0.00488  val_log_mse=0.10131  val_mse=0.000469  max_grad=1.10  patience=29/30
2026-10-08 20:33:34,232  gsv3.training             INFO     [group_holdout:variational] epoch 0065  region_bce=0.0979  dist_mse=0.0888  region_overlap=0.903
2026-10-08 20:33:34,232  gsv3.training             INFO     [group_holdout:variational] epoch 0065  train_log_mse=0.00457  val_log_mse=0.10730  val_mse=0.000506  max_grad=0.53  patience=30/30
2026-10-08 20:33:51,801  gsv3.experiment           INFO     [variational] TEST  n=9928  MAE=0.0901  R2=0.8304  device-acc=0.726  regret=0.0080
2026-10-08 20:33:51,804  genstudy.io               INFO     Wrote evaluations/generalization_v7/results/v7_l01/leave_one_group_out/variational/metrics.json
2026-10-08 20:33:51,851  genstudy.io               INFO     Wrote evaluations/generalization_v7/results/v7_l01/leave_one_group_out/variational/predictions.json
2026-10-08 20:33:51,864  genstudy.io               INFO     Wrote evaluations/generalization_v7/results/v7_l01/leave_one_group_out/variational/history.json
2026-10-08 20:33:51,882  run_experiment            INFO     leave_one_group_out finished: 1 complete, 0 skipped
