2026-10-07 18:02:29,603  genstudy.io               INFO     Logging to evaluations/generalization_v3/results/pooled_stab_a05/random_control/run.log
2026-10-07 18:02:29,604  run_experiment            INFO     Command line: evaluations/generalization_v3/scripts/run_experiment.py control --model pooled --balance-alpha 0.5 --lr 3e-4 --grad-clip 1.0 --results-dir evaluations/generalization_v3/results/pooled_stab_a05
2026-10-07 18:02:30,127  gsv2.gpu                  INFO     GPU: NVIDIA H200
2026-10-07 18:02:30,128  gsv3.model                INFO     Hyper-parameters (/home/atudisco/pred-distr-tool/src/model/best_params.json + v3 defaults): {'device_hidden': 64, 'device_layers': 3, 'fusion_dim': 128, 'qubit_layers': 2, 'attn_heads': 4, 'lap_pe': 8, 'cost_bias_init': -6.0, 'hidden_dim': 142, 'num_conv_wo_resnet': 3, 'num_resnet_layers': 1, 'dropout': 0.0, 'bidirectional': True, 'mlp': [512, 256, 128], 'lr': 0.001, 'readout': 'meanmaxsum'}
2026-10-07 18:02:30,134  genstudy.data             INFO     Loading graph dataset: /home/atudisco/compileCircuits/graph_dataset_expected_fidelity.pt
2026-10-07 18:02:32,933  genstudy.data             INFO     Loaded 17056 graphs
2026-10-07 18:02:32,973  genstudy.io               INFO     Wrote evaluations/generalization_v3/results/pooled_stab_a05/random_control/dataset_summary.json
2026-10-07 18:02:33,075  run_experiment            INFO     [1/1] random_seed5
2026-10-07 18:02:33,079  gsv3.experiment           INFO     === random / random_seed5 ===
2026-10-07 18:02:33,079  gsv3.experiment           INFO     Random split stratified by fidelity (test_fraction=0.3, seed=5): train = 11939, test = 5117 circuits; families and sizes appear on both sides.
2026-10-07 18:02:33,079  gsv3.experiment           INFO     train=9551  val=2388 ({'mode': 'random'})  test=5117
2026-10-07 18:02:33,147  gsv3.training             INFO     [random:random_seed5] model=pooled (601177 params) train=9551 val=2388 lr=0.0003 clip=1.0 alpha=0.50
2026-10-07 18:02:45,999  gsv3.training             INFO     [random:random_seed5] epoch 0001  train_log_mse=10.67672  val_log_mse=0.53137  val_mse=0.028267  max_grad=92478.97  patience=0/30
2026-10-07 18:02:58,142  gsv3.training             INFO     [random:random_seed5] epoch 0002  train_log_mse=0.52299  val_log_mse=0.44599  val_mse=0.010888  max_grad=532.22  patience=0/30
2026-10-07 18:03:11,064  gsv3.training             INFO     [random:random_seed5] epoch 0003  train_log_mse=0.32357  val_log_mse=1.63783  val_mse=0.017169  max_grad=283.61  patience=1/30
2026-10-07 18:03:22,596  gsv3.training             INFO     [random:random_seed5] epoch 0004  train_log_mse=0.27983  val_log_mse=0.42517  val_mse=0.014542  max_grad=490.24  patience=2/30
2026-10-07 18:03:34,886  gsv3.training             INFO     [random:random_seed5] epoch 0005  train_log_mse=0.19682  val_log_mse=0.12306  val_mse=0.003064  max_grad=228.21  patience=0/30
2026-10-07 18:03:46,706  gsv3.training             INFO     [random:random_seed5] epoch 0006  train_log_mse=0.17776  val_log_mse=0.08808  val_mse=0.002966  max_grad=203.79  patience=0/30
2026-10-07 18:03:58,791  gsv3.training             INFO     [random:random_seed5] epoch 0007  train_log_mse=0.13779  val_log_mse=0.11003  val_mse=0.002880  max_grad=158.08  patience=0/30
2026-10-07 18:04:10,815  gsv3.training             INFO     [random:random_seed5] epoch 0008  train_log_mse=0.12535  val_log_mse=0.08885  val_mse=0.001577  max_grad=141.79  patience=0/30
2026-10-07 18:04:22,405  gsv3.training             INFO     [random:random_seed5] epoch 0009  train_log_mse=0.12691  val_log_mse=0.14155  val_mse=0.010238  max_grad=175.38  patience=1/30
2026-10-07 18:04:34,601  gsv3.training             INFO     [random:random_seed5] epoch 0010  train_log_mse=0.12166  val_log_mse=0.23482  val_mse=0.004267  max_grad=124.98  patience=2/30
2026-10-07 18:04:45,879  gsv3.training             INFO     [random:random_seed5] epoch 0011  train_log_mse=0.10056  val_log_mse=0.11381  val_mse=0.008561  max_grad=84.48  patience=3/30
2026-10-07 18:04:58,020  gsv3.training             INFO     [random:random_seed5] epoch 0012  train_log_mse=0.11697  val_log_mse=0.08009  val_mse=0.002190  max_grad=147.21  patience=4/30
2026-10-07 18:05:09,635  gsv3.training             INFO     [random:random_seed5] epoch 0013  train_log_mse=0.08661  val_log_mse=0.12753  val_mse=0.002724  max_grad=72.19  patience=5/30
2026-10-07 18:05:21,437  gsv3.training             INFO     [random:random_seed5] epoch 0014  train_log_mse=0.08186  val_log_mse=0.07319  val_mse=0.001448  max_grad=85.91  patience=0/30
2026-10-07 18:05:33,414  gsv3.training             INFO     [random:random_seed5] epoch 0015  train_log_mse=0.08384  val_log_mse=0.10606  val_mse=0.005419  max_grad=166.18  patience=1/30
2026-10-07 18:05:45,328  gsv3.training             INFO     [random:random_seed5] epoch 0016  train_log_mse=0.09376  val_log_mse=0.11193  val_mse=0.003008  max_grad=123.73  patience=2/30
2026-10-07 18:05:57,401  gsv3.training             INFO     [random:random_seed5] epoch 0017  train_log_mse=0.08934  val_log_mse=0.05383  val_mse=0.001137  max_grad=80.85  patience=0/30
2026-10-07 18:06:09,443  gsv3.training             INFO     [random:random_seed5] epoch 0018  train_log_mse=0.07228  val_log_mse=0.06803  val_mse=0.001728  max_grad=66.92  patience=1/30
2026-10-07 18:06:21,264  gsv3.training             INFO     [random:random_seed5] epoch 0019  train_log_mse=0.06702  val_log_mse=0.09212  val_mse=0.001147  max_grad=65.69  patience=2/30
2026-10-07 18:06:33,273  gsv3.training             INFO     [random:random_seed5] epoch 0020  train_log_mse=0.06896  val_log_mse=0.05302  val_mse=0.000999  max_grad=54.90  patience=0/30
2026-10-07 18:06:44,864  gsv3.training             INFO     [random:random_seed5] epoch 0021  train_log_mse=0.07247  val_log_mse=0.05208  val_mse=0.001156  max_grad=62.10  patience=1/30
2026-10-07 18:06:56,955  gsv3.training             INFO     [random:random_seed5] epoch 0022  train_log_mse=0.05940  val_log_mse=0.06599  val_mse=0.001956  max_grad=54.81  patience=2/30
2026-10-07 18:07:08,531  gsv3.training             INFO     [random:random_seed5] epoch 0023  train_log_mse=0.06372  val_log_mse=0.08611  val_mse=0.001569  max_grad=62.21  patience=3/30
2026-10-07 18:07:20,480  gsv3.training             INFO     [random:random_seed5] epoch 0024  train_log_mse=0.05855  val_log_mse=0.06610  val_mse=0.001304  max_grad=56.68  patience=4/30
2026-10-07 18:07:32,341  gsv3.training             INFO     [random:random_seed5] epoch 0025  train_log_mse=0.06551  val_log_mse=0.05224  val_mse=0.000883  max_grad=88.10  patience=0/30
2026-10-07 18:07:44,122  gsv3.training             INFO     [random:random_seed5] epoch 0026  train_log_mse=0.06378  val_log_mse=0.05395  val_mse=0.001138  max_grad=71.57  patience=1/30
2026-10-07 18:07:56,239  gsv3.training             INFO     [random:random_seed5] epoch 0027  train_log_mse=0.05243  val_log_mse=0.04940  val_mse=0.001292  max_grad=52.12  patience=2/30
2026-10-07 18:08:07,548  gsv3.training             INFO     [random:random_seed5] epoch 0028  train_log_mse=0.05665  val_log_mse=0.09325  val_mse=0.001222  max_grad=60.91  patience=3/30
2026-10-07 18:08:20,097  gsv3.training             INFO     [random:random_seed5] epoch 0029  train_log_mse=0.06196  val_log_mse=0.05137  val_mse=0.001262  max_grad=63.71  patience=4/30
2026-10-07 18:08:31,517  gsv3.training             INFO     [random:random_seed5] epoch 0030  train_log_mse=0.05335  val_log_mse=0.05529  val_mse=0.001106  max_grad=73.68  patience=5/30
2026-10-07 18:08:43,963  gsv3.training             INFO     [random:random_seed5] epoch 0031  train_log_mse=0.05789  val_log_mse=0.05124  val_mse=0.001254  max_grad=66.66  patience=6/30
2026-10-07 18:08:55,458  gsv3.training             INFO     [random:random_seed5] epoch 0032  train_log_mse=0.04970  val_log_mse=0.05100  val_mse=0.000868  max_grad=49.95  patience=0/30
2026-10-07 18:09:07,517  gsv3.training             INFO     [random:random_seed5] epoch 0033  train_log_mse=0.04977  val_log_mse=0.04692  val_mse=0.001051  max_grad=43.93  patience=1/30
2026-10-07 18:09:19,287  gsv3.training             INFO     [random:random_seed5] epoch 0034  train_log_mse=0.05465  val_log_mse=0.04820  val_mse=0.001008  max_grad=59.04  patience=2/30
2026-10-07 18:09:30,763  gsv3.training             INFO     [random:random_seed5] epoch 0035  train_log_mse=0.04981  val_log_mse=0.05205  val_mse=0.001340  max_grad=42.07  patience=3/30
2026-10-07 18:09:43,092  gsv3.training             INFO     [random:random_seed5] epoch 0036  train_log_mse=0.04661  val_log_mse=0.10289  val_mse=0.001533  max_grad=38.72  patience=4/30
2026-10-07 18:09:54,459  gsv3.training             INFO     [random:random_seed5] epoch 0037  train_log_mse=0.04750  val_log_mse=0.04965  val_mse=0.000948  max_grad=49.84  patience=5/30
2026-10-07 18:10:06,976  gsv3.training             INFO     [random:random_seed5] epoch 0038  train_log_mse=0.04982  val_log_mse=0.09060  val_mse=0.001044  max_grad=55.53  patience=6/30
2026-10-07 18:10:18,211  gsv3.training             INFO     [random:random_seed5] epoch 0039  train_log_mse=0.04856  val_log_mse=0.05496  val_mse=0.000925  max_grad=53.40  patience=7/30
2026-10-07 18:10:30,611  gsv3.training             INFO     [random:random_seed5] epoch 0040  train_log_mse=0.04294  val_log_mse=0.07896  val_mse=0.001302  max_grad=37.22  patience=8/30
2026-10-07 18:10:42,051  gsv3.training             INFO     [random:random_seed5] epoch 0041  train_log_mse=0.04206  val_log_mse=0.07509  val_mse=0.001259  max_grad=37.30  patience=9/30
2026-10-07 18:10:53,843  gsv3.training             INFO     [random:random_seed5] epoch 0042  train_log_mse=0.04259  val_log_mse=0.04563  val_mse=0.001059  max_grad=39.06  patience=10/30
2026-10-07 18:11:05,766  gsv3.training             INFO     [random:random_seed5] epoch 0043  train_log_mse=0.04204  val_log_mse=0.05804  val_mse=0.000870  max_grad=32.15  patience=11/30
2026-10-07 18:11:17,642  gsv3.training             INFO     [random:random_seed5] epoch 0044  train_log_mse=0.04566  val_log_mse=0.05014  val_mse=0.000883  max_grad=46.01  patience=12/30
2026-10-07 18:11:29,831  gsv3.training             INFO     [random:random_seed5] epoch 0045  train_log_mse=0.04278  val_log_mse=0.10378  val_mse=0.000947  max_grad=44.28  patience=13/30
2026-10-07 18:11:41,443  gsv3.training             INFO     [random:random_seed5] epoch 0046  train_log_mse=0.04270  val_log_mse=0.04410  val_mse=0.000791  max_grad=38.89  patience=0/30
2026-10-07 18:11:53,778  gsv3.training             INFO     [random:random_seed5] epoch 0047  train_log_mse=0.04241  val_log_mse=0.04529  val_mse=0.001231  max_grad=61.36  patience=1/30
2026-10-07 18:12:05,453  gsv3.training             INFO     [random:random_seed5] epoch 0048  train_log_mse=0.03899  val_log_mse=0.06220  val_mse=0.001066  max_grad=32.04  patience=2/30
2026-10-07 18:12:17,435  gsv3.training             INFO     [random:random_seed5] epoch 0049  train_log_mse=0.04146  val_log_mse=0.04552  val_mse=0.000852  max_grad=32.07  patience=3/30
2026-10-07 18:12:29,440  gsv3.training             INFO     [random:random_seed5] epoch 0050  train_log_mse=0.04623  val_log_mse=0.06740  val_mse=0.000965  max_grad=48.54  patience=4/30
2026-10-07 18:12:41,287  gsv3.training             INFO     [random:random_seed5] epoch 0051  train_log_mse=0.03763  val_log_mse=0.04208  val_mse=0.000638  max_grad=32.53  patience=0/30
2026-10-07 18:12:53,298  gsv3.training             INFO     [random:random_seed5] epoch 0052  train_log_mse=0.03834  val_log_mse=0.09655  val_mse=0.000747  max_grad=32.24  patience=1/30
2026-10-07 18:13:05,160  gsv3.training             INFO     [random:random_seed5] epoch 0053  train_log_mse=0.03814  val_log_mse=0.04557  val_mse=0.000661  max_grad=40.52  patience=2/30
2026-10-07 18:13:16,791  gsv3.training             INFO     [random:random_seed5] epoch 0054  train_log_mse=0.03686  val_log_mse=0.05144  val_mse=0.001388  max_grad=29.19  patience=3/30
2026-10-07 18:13:28,925  gsv3.training             INFO     [random:random_seed5] epoch 0055  train_log_mse=0.03676  val_log_mse=0.04667  val_mse=0.000870  max_grad=30.99  patience=4/30
2026-10-07 18:13:40,258  gsv3.training             INFO     [random:random_seed5] epoch 0056  train_log_mse=0.03801  val_log_mse=0.04778  val_mse=0.000718  max_grad=29.79  patience=5/30
2026-10-07 18:13:52,562  gsv3.training             INFO     [random:random_seed5] epoch 0057  train_log_mse=0.04048  val_log_mse=0.04267  val_mse=0.000800  max_grad=33.10  patience=6/30
2026-10-07 18:14:03,900  gsv3.training             INFO     [random:random_seed5] epoch 0058  train_log_mse=0.03799  val_log_mse=0.07846  val_mse=0.001662  max_grad=32.53  patience=7/30
2026-10-07 18:14:16,000  gsv3.training             INFO     [random:random_seed5] epoch 0059  train_log_mse=0.03658  val_log_mse=0.04613  val_mse=0.000851  max_grad=26.01  patience=8/30
2026-10-07 18:14:27,564  gsv3.training             INFO     [random:random_seed5] epoch 0060  train_log_mse=0.03823  val_log_mse=0.06368  val_mse=0.000689  max_grad=30.85  patience=9/30
2026-10-07 18:14:39,343  gsv3.training             INFO     [random:random_seed5] epoch 0061  train_log_mse=0.03616  val_log_mse=0.04488  val_mse=0.000725  max_grad=31.81  patience=10/30
2026-10-07 18:14:51,652  gsv3.training             INFO     [random:random_seed5] epoch 0062  train_log_mse=0.03798  val_log_mse=0.05074  val_mse=0.000690  max_grad=31.15  patience=11/30
2026-10-07 18:15:03,218  gsv3.training             INFO     [random:random_seed5] epoch 0063  train_log_mse=0.03498  val_log_mse=0.04496  val_mse=0.000599  max_grad=34.02  patience=0/30
2026-10-07 18:15:15,701  gsv3.training             INFO     [random:random_seed5] epoch 0064  train_log_mse=0.03266  val_log_mse=0.05076  val_mse=0.000680  max_grad=24.82  patience=1/30
2026-10-07 18:15:27,248  gsv3.training             INFO     [random:random_seed5] epoch 0065  train_log_mse=0.03141  val_log_mse=0.05061  val_mse=0.000712  max_grad=43.30  patience=2/30
2026-10-07 18:15:39,860  gsv3.training             INFO     [random:random_seed5] epoch 0066  train_log_mse=0.03639  val_log_mse=0.05431  val_mse=0.000723  max_grad=42.10  patience=3/30
2026-10-07 18:15:51,295  gsv3.training             INFO     [random:random_seed5] epoch 0067  train_log_mse=0.03209  val_log_mse=0.04315  val_mse=0.000612  max_grad=22.18  patience=4/30
2026-10-07 18:16:03,483  gsv3.training             INFO     [random:random_seed5] epoch 0068  train_log_mse=0.03324  val_log_mse=0.04852  val_mse=0.000907  max_grad=29.12  patience=5/30
2026-10-07 18:16:15,253  gsv3.training             INFO     [random:random_seed5] epoch 0069  train_log_mse=0.03425  val_log_mse=0.04552  val_mse=0.001128  max_grad=25.45  patience=6/30
2026-10-07 18:16:26,865  gsv3.training             INFO     [random:random_seed5] epoch 0070  train_log_mse=0.02932  val_log_mse=0.04359  val_mse=0.000643  max_grad=23.98  patience=7/30
2026-10-07 18:16:39,115  gsv3.training             INFO     [random:random_seed5] epoch 0071  train_log_mse=0.03375  val_log_mse=0.04237  val_mse=0.001059  max_grad=36.21  patience=8/30
2026-10-07 18:16:50,501  gsv3.training             INFO     [random:random_seed5] epoch 0072  train_log_mse=0.02985  val_log_mse=0.04410  val_mse=0.000782  max_grad=23.19  patience=9/30
2026-10-07 18:17:02,895  gsv3.training             INFO     [random:random_seed5] epoch 0073  train_log_mse=0.03118  val_log_mse=0.03921  val_mse=0.000669  max_grad=22.06  patience=10/30
2026-10-07 18:17:14,198  gsv3.training             INFO     [random:random_seed5] epoch 0074  train_log_mse=0.03107  val_log_mse=0.04681  val_mse=0.001295  max_grad=20.05  patience=11/30
2026-10-07 18:17:26,274  gsv3.training             INFO     [random:random_seed5] epoch 0075  train_log_mse=0.03506  val_log_mse=0.03883  val_mse=0.000552  max_grad=32.61  patience=0/30
2026-10-07 18:17:38,126  gsv3.training             INFO     [random:random_seed5] epoch 0076  train_log_mse=0.03118  val_log_mse=0.04595  val_mse=0.000877  max_grad=23.36  patience=1/30
2026-10-07 18:17:50,075  gsv3.training             INFO     [random:random_seed5] epoch 0077  train_log_mse=0.02942  val_log_mse=0.04597  val_mse=0.000814  max_grad=19.36  patience=2/30
2026-10-07 18:18:02,120  gsv3.training             INFO     [random:random_seed5] epoch 0078  train_log_mse=0.03350  val_log_mse=0.05431  val_mse=0.000698  max_grad=28.67  patience=3/30
2026-10-07 18:18:14,095  gsv3.training             INFO     [random:random_seed5] epoch 0079  train_log_mse=0.03077  val_log_mse=0.04859  val_mse=0.000843  max_grad=25.77  patience=4/30
2026-10-07 18:18:26,060  gsv3.training             INFO     [random:random_seed5] epoch 0080  train_log_mse=0.03065  val_log_mse=0.04610  val_mse=0.000654  max_grad=27.58  patience=5/30
2026-10-07 18:18:38,074  gsv3.training             INFO     [random:random_seed5] epoch 0081  train_log_mse=0.03692  val_log_mse=0.05935  val_mse=0.000540  max_grad=44.80  patience=0/30
2026-10-07 18:18:49,660  gsv3.training             INFO     [random:random_seed5] epoch 0082  train_log_mse=0.02844  val_log_mse=0.04476  val_mse=0.000572  max_grad=36.37  patience=1/30
2026-10-07 18:19:01,816  gsv3.training             INFO     [random:random_seed5] epoch 0083  train_log_mse=0.03125  val_log_mse=0.03723  val_mse=0.000606  max_grad=29.06  patience=2/30
2026-10-07 18:19:13,449  gsv3.training             INFO     [random:random_seed5] epoch 0084  train_log_mse=0.03159  val_log_mse=0.05853  val_mse=0.000740  max_grad=32.74  patience=3/30
2026-10-07 18:19:25,370  gsv3.training             INFO     [random:random_seed5] epoch 0085  train_log_mse=0.02872  val_log_mse=0.04937  val_mse=0.000657  max_grad=29.39  patience=4/30
2026-10-07 18:19:37,286  gsv3.training             INFO     [random:random_seed5] epoch 0086  train_log_mse=0.03086  val_log_mse=0.04561  val_mse=0.000607  max_grad=39.88  patience=5/30
2026-10-07 18:19:49,112  gsv3.training             INFO     [random:random_seed5] epoch 0087  train_log_mse=0.03099  val_log_mse=0.04871  val_mse=0.000996  max_grad=32.45  patience=6/30
2026-10-07 18:20:01,205  gsv3.training             INFO     [random:random_seed5] epoch 0088  train_log_mse=0.02865  val_log_mse=0.04963  val_mse=0.000746  max_grad=24.18  patience=7/30
2026-10-07 18:20:12,546  gsv3.training             INFO     [random:random_seed5] epoch 0089  train_log_mse=0.02798  val_log_mse=0.04252  val_mse=0.000550  max_grad=27.87  patience=8/30
2026-10-07 18:20:25,105  gsv3.training             INFO     [random:random_seed5] epoch 0090  train_log_mse=0.03003  val_log_mse=0.04409  val_mse=0.000581  max_grad=24.09  patience=9/30
2026-10-07 18:20:36,528  gsv3.training             INFO     [random:random_seed5] epoch 0091  train_log_mse=0.02983  val_log_mse=0.04101  val_mse=0.000801  max_grad=19.93  patience=10/30
2026-10-07 18:20:49,125  gsv3.training             INFO     [random:random_seed5] epoch 0092  train_log_mse=0.02982  val_log_mse=0.03857  val_mse=0.000538  max_grad=23.67  patience=0/30
2026-10-07 18:21:00,575  gsv3.training             INFO     [random:random_seed5] epoch 0093  train_log_mse=0.02917  val_log_mse=0.04183  val_mse=0.000539  max_grad=32.22  patience=1/30
2026-10-07 18:21:12,738  gsv3.training             INFO     [random:random_seed5] epoch 0094  train_log_mse=0.02594  val_log_mse=0.05787  val_mse=0.001186  max_grad=17.63  patience=2/30
2026-10-07 18:21:24,435  gsv3.training             INFO     [random:random_seed5] epoch 0095  train_log_mse=0.02578  val_log_mse=0.06143  val_mse=0.003192  max_grad=20.01  patience=3/30
2026-10-07 18:21:35,942  gsv3.training             INFO     [random:random_seed5] epoch 0096  train_log_mse=0.02764  val_log_mse=0.04756  val_mse=0.000635  max_grad=29.46  patience=4/30
2026-10-07 18:21:48,494  gsv3.training             INFO     [random:random_seed5] epoch 0097  train_log_mse=0.02809  val_log_mse=0.05516  val_mse=0.000506  max_grad=24.57  patience=0/30
2026-10-07 18:21:59,821  gsv3.training             INFO     [random:random_seed5] epoch 0098  train_log_mse=0.02837  val_log_mse=0.04673  val_mse=0.000554  max_grad=41.27  patience=1/30
2026-10-07 18:22:12,382  gsv3.training             INFO     [random:random_seed5] epoch 0099  train_log_mse=0.02578  val_log_mse=0.04555  val_mse=0.000610  max_grad=22.64  patience=2/30
2026-10-07 18:22:23,739  gsv3.training             INFO     [random:random_seed5] epoch 0100  train_log_mse=0.02746  val_log_mse=0.04271  val_mse=0.000529  max_grad=28.19  patience=3/30
2026-10-07 18:22:36,076  gsv3.training             INFO     [random:random_seed5] epoch 0101  train_log_mse=0.02707  val_log_mse=0.06720  val_mse=0.000617  max_grad=20.78  patience=4/30
2026-10-07 18:22:47,706  gsv3.training             INFO     [random:random_seed5] epoch 0102  train_log_mse=0.02759  val_log_mse=0.04058  val_mse=0.000666  max_grad=22.29  patience=5/30
2026-10-07 18:22:59,634  gsv3.training             INFO     [random:random_seed5] epoch 0103  train_log_mse=0.02674  val_log_mse=0.03960  val_mse=0.000603  max_grad=30.64  patience=6/30
2026-10-07 18:23:11,663  gsv3.training             INFO     [random:random_seed5] epoch 0104  train_log_mse=0.02678  val_log_mse=0.04251  val_mse=0.000607  max_grad=23.94  patience=7/30
2026-10-07 18:23:23,562  gsv3.training             INFO     [random:random_seed5] epoch 0105  train_log_mse=0.02786  val_log_mse=0.05006  val_mse=0.000651  max_grad=18.71  patience=8/30
2026-10-07 18:23:35,622  gsv3.training             INFO     [random:random_seed5] epoch 0106  train_log_mse=0.02622  val_log_mse=0.05136  val_mse=0.000678  max_grad=18.87  patience=9/30
2026-10-07 18:23:47,221  gsv3.training             INFO     [random:random_seed5] epoch 0107  train_log_mse=0.02448  val_log_mse=0.04673  val_mse=0.000900  max_grad=18.71  patience=10/30
2026-10-07 18:23:59,261  gsv3.training             INFO     [random:random_seed5] epoch 0108  train_log_mse=0.02566  val_log_mse=0.04996  val_mse=0.000824  max_grad=18.55  patience=11/30
2026-10-07 18:24:10,958  gsv3.training             INFO     [random:random_seed5] epoch 0109  train_log_mse=0.02569  val_log_mse=0.04384  val_mse=0.001002  max_grad=21.08  patience=12/30
2026-10-07 18:24:22,914  gsv3.training             INFO     [random:random_seed5] epoch 0110  train_log_mse=0.02482  val_log_mse=0.04328  val_mse=0.000679  max_grad=17.65  patience=13/30
2026-10-07 18:24:34,945  gsv3.training             INFO     [random:random_seed5] epoch 0111  train_log_mse=0.02567  val_log_mse=0.05129  val_mse=0.000577  max_grad=30.75  patience=14/30
2026-10-07 18:24:46,951  gsv3.training             INFO     [random:random_seed5] epoch 0112  train_log_mse=0.02398  val_log_mse=0.05368  val_mse=0.000678  max_grad=16.53  patience=15/30
2026-10-07 18:24:58,921  gsv3.training             INFO     [random:random_seed5] epoch 0113  train_log_mse=0.02613  val_log_mse=0.04602  val_mse=0.000962  max_grad=18.34  patience=16/30
2026-10-07 18:25:10,823  gsv3.training             INFO     [random:random_seed5] epoch 0114  train_log_mse=0.02488  val_log_mse=0.04058  val_mse=0.000558  max_grad=26.52  patience=17/30
2026-10-07 18:25:22,490  gsv3.training             INFO     [random:random_seed5] epoch 0115  train_log_mse=0.02549  val_log_mse=0.04552  val_mse=0.000492  max_grad=18.67  patience=0/30
2026-10-07 18:25:34,775  gsv3.training             INFO     [random:random_seed5] epoch 0116  train_log_mse=0.02496  val_log_mse=0.05772  val_mse=0.000814  max_grad=16.63  patience=1/30
2026-10-07 18:25:46,153  gsv3.training             INFO     [random:random_seed5] epoch 0117  train_log_mse=0.02619  val_log_mse=0.04210  val_mse=0.000515  max_grad=26.48  patience=2/30
2026-10-07 18:25:58,483  gsv3.training             INFO     [random:random_seed5] epoch 0118  train_log_mse=0.02648  val_log_mse=0.05606  val_mse=0.000812  max_grad=16.18  patience=3/30
2026-10-07 18:26:10,157  gsv3.training             INFO     [random:random_seed5] epoch 0119  train_log_mse=0.02663  val_log_mse=0.04682  val_mse=0.000795  max_grad=33.10  patience=4/30
2026-10-07 18:26:22,152  gsv3.training             INFO     [random:random_seed5] epoch 0120  train_log_mse=0.02564  val_log_mse=0.04682  val_mse=0.000694  max_grad=27.74  patience=5/30
2026-10-07 18:26:33,939  gsv3.training             INFO     [random:random_seed5] epoch 0121  train_log_mse=0.02674  val_log_mse=0.05340  val_mse=0.000511  max_grad=33.77  patience=6/30
2026-10-07 18:26:45,451  gsv3.training             INFO     [random:random_seed5] epoch 0122  train_log_mse=0.02580  val_log_mse=0.04329  val_mse=0.000701  max_grad=22.62  patience=7/30
2026-10-07 18:26:57,750  gsv3.training             INFO     [random:random_seed5] epoch 0123  train_log_mse=0.02535  val_log_mse=0.04040  val_mse=0.000484  max_grad=25.36  patience=0/30
2026-10-07 18:27:09,015  gsv3.training             INFO     [random:random_seed5] epoch 0124  train_log_mse=0.02704  val_log_mse=0.04583  val_mse=0.000822  max_grad=24.22  patience=1/30
2026-10-07 18:27:21,604  gsv3.training             INFO     [random:random_seed5] epoch 0125  train_log_mse=0.02673  val_log_mse=0.04645  val_mse=0.000677  max_grad=21.90  patience=2/30
2026-10-07 18:27:33,075  gsv3.training             INFO     [random:random_seed5] epoch 0126  train_log_mse=0.02688  val_log_mse=0.05517  val_mse=0.001155  max_grad=26.14  patience=3/30
2026-10-07 18:27:45,616  gsv3.training             INFO     [random:random_seed5] epoch 0127  train_log_mse=0.02896  val_log_mse=0.04956  val_mse=0.000811  max_grad=22.47  patience=4/30
2026-10-07 18:27:57,100  gsv3.training             INFO     [random:random_seed5] epoch 0128  train_log_mse=0.02488  val_log_mse=0.04122  val_mse=0.000578  max_grad=22.34  patience=5/30
2026-10-07 18:28:09,075  gsv3.training             INFO     [random:random_seed5] epoch 0129  train_log_mse=0.02384  val_log_mse=0.04189  val_mse=0.000577  max_grad=16.89  patience=6/30
2026-10-07 18:28:21,060  gsv3.training             INFO     [random:random_seed5] epoch 0130  train_log_mse=0.02345  val_log_mse=0.05015  val_mse=0.000732  max_grad=19.38  patience=7/30
2026-10-07 18:28:32,505  gsv3.training             INFO     [random:random_seed5] epoch 0131  train_log_mse=0.02552  val_log_mse=0.04838  val_mse=0.000728  max_grad=25.56  patience=8/30
2026-10-07 18:28:44,876  gsv3.training             INFO     [random:random_seed5] epoch 0132  train_log_mse=0.02512  val_log_mse=0.04705  val_mse=0.000512  max_grad=20.85  patience=9/30
2026-10-07 18:28:56,169  gsv3.training             INFO     [random:random_seed5] epoch 0133  train_log_mse=0.02247  val_log_mse=0.04582  val_mse=0.000621  max_grad=13.48  patience=10/30
2026-10-07 18:29:08,649  gsv3.training             INFO     [random:random_seed5] epoch 0134  train_log_mse=0.02456  val_log_mse=0.05029  val_mse=0.000780  max_grad=25.92  patience=11/30
2026-10-07 18:29:20,067  gsv3.training             INFO     [random:random_seed5] epoch 0135  train_log_mse=0.02170  val_log_mse=0.04082  val_mse=0.000706  max_grad=14.36  patience=12/30
2026-10-07 18:29:32,085  gsv3.training             INFO     [random:random_seed5] epoch 0136  train_log_mse=0.02490  val_log_mse=0.04308  val_mse=0.000764  max_grad=17.45  patience=13/30
2026-10-07 18:29:43,882  gsv3.training             INFO     [random:random_seed5] epoch 0137  train_log_mse=0.02316  val_log_mse=0.04755  val_mse=0.000598  max_grad=17.24  patience=14/30
2026-10-07 18:29:55,813  gsv3.training             INFO     [random:random_seed5] epoch 0138  train_log_mse=0.02504  val_log_mse=0.04605  val_mse=0.000883  max_grad=22.07  patience=15/30
2026-10-07 18:30:07,820  gsv3.training             INFO     [random:random_seed5] epoch 0139  train_log_mse=0.02385  val_log_mse=0.04873  val_mse=0.000825  max_grad=19.34  patience=16/30
2026-10-07 18:30:19,768  gsv3.training             INFO     [random:random_seed5] epoch 0140  train_log_mse=0.02239  val_log_mse=0.04304  val_mse=0.000525  max_grad=22.94  patience=17/30
2026-10-07 18:30:31,684  gsv3.training             INFO     [random:random_seed5] epoch 0141  train_log_mse=0.02372  val_log_mse=0.04453  val_mse=0.000796  max_grad=27.44  patience=18/30
2026-10-07 18:30:43,509  gsv3.training             INFO     [random:random_seed5] epoch 0142  train_log_mse=0.02288  val_log_mse=0.04031  val_mse=0.000499  max_grad=19.82  patience=19/30
2026-10-07 18:30:55,149  gsv3.training             INFO     [random:random_seed5] epoch 0143  train_log_mse=0.02284  val_log_mse=0.04360  val_mse=0.000731  max_grad=26.45  patience=20/30
2026-10-07 18:31:07,165  gsv3.training             INFO     [random:random_seed5] epoch 0144  train_log_mse=0.02237  val_log_mse=0.05170  val_mse=0.000547  max_grad=24.84  patience=21/30
2026-10-07 18:31:18,984  gsv3.training             INFO     [random:random_seed5] epoch 0145  train_log_mse=0.02316  val_log_mse=0.04111  val_mse=0.000515  max_grad=24.11  patience=22/30
2026-10-07 18:31:30,969  gsv3.training             INFO     [random:random_seed5] epoch 0146  train_log_mse=0.02235  val_log_mse=0.04546  val_mse=0.000648  max_grad=17.06  patience=23/30
2026-10-07 18:31:42,886  gsv3.training             INFO     [random:random_seed5] epoch 0147  train_log_mse=0.02377  val_log_mse=0.03926  val_mse=0.000597  max_grad=18.08  patience=24/30
2026-10-07 18:31:54,824  gsv3.training             INFO     [random:random_seed5] epoch 0148  train_log_mse=0.02196  val_log_mse=0.03910  val_mse=0.000535  max_grad=19.04  patience=25/30
2026-10-07 18:32:06,904  gsv3.training             INFO     [random:random_seed5] epoch 0149  train_log_mse=0.02224  val_log_mse=0.05336  val_mse=0.000601  max_grad=18.57  patience=26/30
2026-10-07 18:32:17,034  gsv3.training             INFO     [random:random_seed5] epoch 0150  train_log_mse=0.02291  val_log_mse=0.04490  val_mse=0.000659  max_grad=20.78  patience=27/30
2026-10-07 18:32:27,617  gsv3.training             INFO     [random:random_seed5] epoch 0151  train_log_mse=0.02392  val_log_mse=0.04338  val_mse=0.000601  max_grad=17.91  patience=28/30
2026-10-07 18:32:39,047  gsv3.training             INFO     [random:random_seed5] epoch 0152  train_log_mse=0.02188  val_log_mse=0.04467  val_mse=0.000885  max_grad=22.48  patience=29/30
2026-10-07 18:32:51,476  gsv3.training             INFO     [random:random_seed5] epoch 0153  train_log_mse=0.02300  val_log_mse=0.05740  val_mse=0.000641  max_grad=21.54  patience=30/30
2026-10-07 18:32:55,535  gsv3.experiment           INFO     [random_seed5] TEST  n=5117  MAE=0.0130  R2=0.9948  device-acc=0.732  regret=0.0026
2026-10-07 18:32:55,539  genstudy.io               INFO     Wrote evaluations/generalization_v3/results/pooled_stab_a05/random_control/random_seed5/metrics.json
2026-10-07 18:32:55,568  genstudy.io               INFO     Wrote evaluations/generalization_v3/results/pooled_stab_a05/random_control/random_seed5/predictions.json
2026-10-07 18:32:55,580  genstudy.io               INFO     Wrote evaluations/generalization_v3/results/pooled_stab_a05/random_control/random_seed5/history.json
2026-10-07 18:32:55,611  run_experiment            INFO     random_control finished: 1 complete, 0 skipped
