2026-10-08 13:58:43,546  genstudy.io               INFO     Logging to evaluations/generalization_v5/results/v5b_sinkhorn_s7/random_control/run.log
2026-10-08 13:58:43,547  run_experiment            INFO     Command line: evaluations/generalization_v3/scripts/run_experiment.py control --model sinkhorn --balance-alpha 0 --lr 3e-4 --grad-clip 1.0 --seed 7 --families large --groups vqe --loss mixed --val-mode random --epoch-budget 150 --swa-frac 0.25 --tau-start 1.0 --results-dir evaluations/generalization_v5/results/v5b_sinkhorn_s7
2026-10-08 13:58:43,547  gsv2.gpu                  WARNING  No CUDA device available — running on the CPU.
2026-10-08 13:58:43,548  gsv3.model                INFO     Hyper-parameters (/home/atudisco/pred-distr-tool/src/model/best_params.json + v3 defaults): {'device_hidden': 64, 'device_layers': 3, 'fusion_dim': 128, 'qubit_layers': 2, 'attn_heads': 4, 'lap_pe': 8, 'cost_bias_init': -6.0, 'hidden_dim': 142, 'num_conv_wo_resnet': 3, 'num_resnet_layers': 1, 'dropout': 0.0, 'bidirectional': True, 'mlp': [512, 256, 128], 'lr': 0.001, 'readout': 'meanmaxsum'}
2026-10-08 13:58:43,562  gsv3.devices              INFO     Device graphs: node features 13 (Laplacian PE 8), physical errors True
2026-10-08 13:58:43,563  genstudy.data             INFO     Loading graph dataset: /home/atudisco/pred-distr-tool/evaluations/generalization_v3/data/graph_dataset_expected_fidelity.pt
2026-10-08 13:58:47,202  genstudy.data             INFO     Loaded 17056 graphs
2026-10-08 13:58:47,232  genstudy.io               INFO     Wrote evaluations/generalization_v5/results/v5b_sinkhorn_s7/random_control/dataset_summary.json
2026-10-08 13:58:47,351  run_experiment            INFO     [1/1] random_seed7
2026-10-08 13:58:47,353  gsv3.experiment           INFO     === random / random_seed7 ===
2026-10-08 13:58:47,354  gsv3.experiment           INFO     Random split stratified by fidelity (test_fraction=0.3, seed=7): train = 11939, test = 5117 circuits; families and sizes appear on both sides.
2026-10-08 13:58:47,354  gsv3.experiment           INFO     train=9551  val=2388 ({'mode': 'random'})  test=5117
2026-10-08 13:58:47,433  gsv3.training             INFO     [random:random_seed7] model=sinkhorn (979423 params) train=9551 val=2388 lr=0.0003 clip=1.0 alpha=0.00
2026-10-08 14:00:00,652  gsv3.training             INFO     [random:random_seed7] epoch 0001  train_log_mse=0.30156  val_log_mse=0.35971  val_mse=0.002170  max_grad=565.35  patience=0/30
2026-10-08 14:01:13,679  gsv3.training             INFO     [random:random_seed7] epoch 0002  train_log_mse=0.02543  val_log_mse=0.22672  val_mse=0.001401  max_grad=7.76  patience=0/30
2026-10-08 14:02:26,376  gsv3.training             INFO     [random:random_seed7] epoch 0003  train_log_mse=0.01738  val_log_mse=0.17706  val_mse=0.001185  max_grad=24.61  patience=0/30
2026-10-08 14:03:39,106  gsv3.training             INFO     [random:random_seed7] epoch 0004  train_log_mse=0.01096  val_log_mse=0.14195  val_mse=0.001009  max_grad=3.40  patience=0/30
2026-10-08 14:04:50,844  gsv3.training             INFO     [random:random_seed7] epoch 0005  train_log_mse=0.01149  val_log_mse=0.08385  val_mse=0.000978  max_grad=2.32  patience=0/30
2026-10-08 14:06:03,125  gsv3.training             INFO     [random:random_seed7] epoch 0006  train_log_mse=0.00886  val_log_mse=0.08361  val_mse=0.001105  max_grad=1.57  patience=1/30
2026-10-08 14:07:14,695  gsv3.training             INFO     [random:random_seed7] epoch 0007  train_log_mse=0.00826  val_log_mse=0.13629  val_mse=0.001030  max_grad=1.43  patience=2/30
2026-10-08 14:08:27,260  gsv3.training             INFO     [random:random_seed7] epoch 0008  train_log_mse=0.00860  val_log_mse=0.08001  val_mse=0.000843  max_grad=2.75  patience=0/30
2026-10-08 14:09:40,273  gsv3.training             INFO     [random:random_seed7] epoch 0009  train_log_mse=0.00820  val_log_mse=0.09481  val_mse=0.000839  max_grad=4.38  patience=0/30
2026-10-08 14:10:52,948  gsv3.training             INFO     [random:random_seed7] epoch 0010  train_log_mse=0.00892  val_log_mse=0.08464  val_mse=0.000813  max_grad=1.98  patience=0/30
2026-10-08 14:12:05,965  gsv3.training             INFO     [random:random_seed7] epoch 0011  train_log_mse=0.00643  val_log_mse=0.06679  val_mse=0.000872  max_grad=0.89  patience=1/30
2026-10-08 14:13:18,418  gsv3.training             INFO     [random:random_seed7] epoch 0012  train_log_mse=0.00685  val_log_mse=0.08666  val_mse=0.000728  max_grad=0.79  patience=0/30
2026-10-08 14:14:30,873  gsv3.training             INFO     [random:random_seed7] epoch 0013  train_log_mse=0.00625  val_log_mse=0.09187  val_mse=0.000731  max_grad=0.74  patience=1/30
2026-10-08 14:15:43,607  gsv3.training             INFO     [random:random_seed7] epoch 0014  train_log_mse=0.00581  val_log_mse=0.06993  val_mse=0.000845  max_grad=0.59  patience=2/30
2026-10-08 14:16:56,189  gsv3.training             INFO     [random:random_seed7] epoch 0015  train_log_mse=0.00552  val_log_mse=0.08644  val_mse=0.000731  max_grad=0.83  patience=3/30
2026-10-08 14:18:09,122  gsv3.training             INFO     [random:random_seed7] epoch 0016  train_log_mse=0.00884  val_log_mse=0.07399  val_mse=0.000713  max_grad=7.34  patience=0/30
2026-10-08 14:19:21,795  gsv3.training             INFO     [random:random_seed7] epoch 0017  train_log_mse=0.00711  val_log_mse=0.06755  val_mse=0.000633  max_grad=1.07  patience=0/30
2026-10-08 14:20:34,281  gsv3.training             INFO     [random:random_seed7] epoch 0018  train_log_mse=0.00523  val_log_mse=0.06055  val_mse=0.000699  max_grad=0.56  patience=1/30
2026-10-08 14:21:47,353  gsv3.training             INFO     [random:random_seed7] epoch 0019  train_log_mse=0.00567  val_log_mse=0.06343  val_mse=0.000728  max_grad=0.92  patience=2/30
2026-10-08 14:23:00,645  gsv3.training             INFO     [random:random_seed7] epoch 0020  train_log_mse=0.00658  val_log_mse=0.06291  val_mse=0.000641  max_grad=1.04  patience=3/30
2026-10-08 14:24:14,171  gsv3.training             INFO     [random:random_seed7] epoch 0021  train_log_mse=0.00459  val_log_mse=0.05787  val_mse=0.000591  max_grad=0.39  patience=0/30
2026-10-08 14:25:27,534  gsv3.training             INFO     [random:random_seed7] epoch 0022  train_log_mse=0.00440  val_log_mse=0.06405  val_mse=0.000559  max_grad=0.45  patience=0/30
2026-10-08 14:26:40,353  gsv3.training             INFO     [random:random_seed7] epoch 0023  train_log_mse=0.00438  val_log_mse=0.15611  val_mse=0.000645  max_grad=0.66  patience=1/30
2026-10-08 14:27:53,208  gsv3.training             INFO     [random:random_seed7] epoch 0024  train_log_mse=0.00455  val_log_mse=0.08018  val_mse=0.000622  max_grad=0.60  patience=2/30
2026-10-08 14:29:06,137  gsv3.training             INFO     [random:random_seed7] epoch 0025  train_log_mse=0.00543  val_log_mse=0.06630  val_mse=0.000686  max_grad=1.07  patience=3/30
2026-10-08 14:30:18,728  gsv3.training             INFO     [random:random_seed7] epoch 0026  train_log_mse=0.00468  val_log_mse=0.06035  val_mse=0.000536  max_grad=0.84  patience=0/30
2026-10-08 14:31:30,919  gsv3.training             INFO     [random:random_seed7] epoch 0027  train_log_mse=0.00408  val_log_mse=0.06508  val_mse=0.000532  max_grad=0.38  patience=0/30
2026-10-08 14:32:43,550  gsv3.training             INFO     [random:random_seed7] epoch 0028  train_log_mse=0.00510  val_log_mse=0.05772  val_mse=0.000516  max_grad=0.89  patience=0/30
2026-10-08 14:33:56,464  gsv3.training             INFO     [random:random_seed7] epoch 0029  train_log_mse=0.00460  val_log_mse=0.06509  val_mse=0.000608  max_grad=0.62  patience=1/30
2026-10-08 14:35:09,800  gsv3.training             INFO     [random:random_seed7] epoch 0030  train_log_mse=0.00437  val_log_mse=0.06340  val_mse=0.000653  max_grad=0.62  patience=2/30
2026-10-08 14:36:23,024  gsv3.training             INFO     [random:random_seed7] epoch 0031  train_log_mse=0.00553  val_log_mse=0.08927  val_mse=0.000696  max_grad=1.51  patience=3/30
2026-10-08 14:37:35,339  gsv3.training             INFO     [random:random_seed7] epoch 0032  train_log_mse=0.00543  val_log_mse=0.07041  val_mse=0.000536  max_grad=1.20  patience=4/30
2026-10-08 14:38:48,079  gsv3.training             INFO     [random:random_seed7] epoch 0033  train_log_mse=0.00405  val_log_mse=0.08301  val_mse=0.000751  max_grad=0.45  patience=5/30
2026-10-08 14:40:00,786  gsv3.training             INFO     [random:random_seed7] epoch 0034  train_log_mse=0.00354  val_log_mse=0.05282  val_mse=0.000481  max_grad=0.29  patience=0/30
2026-10-08 14:41:13,354  gsv3.training             INFO     [random:random_seed7] epoch 0035  train_log_mse=0.00367  val_log_mse=0.05938  val_mse=0.000543  max_grad=0.51  patience=1/30
2026-10-08 14:42:25,605  gsv3.training             INFO     [random:random_seed7] epoch 0036  train_log_mse=0.00358  val_log_mse=0.05550  val_mse=0.000504  max_grad=0.42  patience=2/30
2026-10-08 14:43:37,845  gsv3.training             INFO     [random:random_seed7] epoch 0037  train_log_mse=0.00361  val_log_mse=0.05836  val_mse=0.000494  max_grad=0.86  patience=3/30
2026-10-08 14:44:50,034  gsv3.training             INFO     [random:random_seed7] epoch 0038  train_log_mse=0.00331  val_log_mse=0.05521  val_mse=0.000486  max_grad=0.34  patience=4/30
2026-10-08 14:46:01,717  gsv3.training             INFO     [random:random_seed7] epoch 0039  train_log_mse=0.00323  val_log_mse=0.05692  val_mse=0.000456  max_grad=0.32  patience=0/30
2026-10-08 14:47:13,713  gsv3.training             INFO     [random:random_seed7] epoch 0040  train_log_mse=0.00324  val_log_mse=0.05510  val_mse=0.000472  max_grad=0.27  patience=1/30
2026-10-08 14:48:25,172  gsv3.training             INFO     [random:random_seed7] epoch 0041  train_log_mse=0.00349  val_log_mse=0.05937  val_mse=0.000511  max_grad=0.41  patience=2/30
2026-10-08 14:49:37,382  gsv3.training             INFO     [random:random_seed7] epoch 0042  train_log_mse=0.00326  val_log_mse=0.06104  val_mse=0.000457  max_grad=0.43  patience=3/30
2026-10-08 14:50:49,392  gsv3.training             INFO     [random:random_seed7] epoch 0043  train_log_mse=0.00344  val_log_mse=0.05261  val_mse=0.000432  max_grad=0.48  patience=0/30
2026-10-08 14:52:00,973  gsv3.training             INFO     [random:random_seed7] epoch 0044  train_log_mse=0.00344  val_log_mse=0.05868  val_mse=0.000477  max_grad=0.61  patience=1/30
2026-10-08 14:53:12,402  gsv3.training             INFO     [random:random_seed7] epoch 0045  train_log_mse=0.00316  val_log_mse=0.05749  val_mse=0.000469  max_grad=0.34  patience=2/30
2026-10-08 14:54:23,523  gsv3.training             INFO     [random:random_seed7] epoch 0046  train_log_mse=0.00326  val_log_mse=0.05324  val_mse=0.000565  max_grad=0.32  patience=3/30
2026-10-08 14:55:35,250  gsv3.training             INFO     [random:random_seed7] epoch 0047  train_log_mse=0.00344  val_log_mse=0.06557  val_mse=0.000426  max_grad=0.63  patience=0/30
2026-10-08 14:56:47,684  gsv3.training             INFO     [random:random_seed7] epoch 0048  train_log_mse=0.00286  val_log_mse=0.05334  val_mse=0.000438  max_grad=0.23  patience=1/30
2026-10-08 14:58:00,265  gsv3.training             INFO     [random:random_seed7] epoch 0049  train_log_mse=0.00287  val_log_mse=0.05446  val_mse=0.000401  max_grad=0.40  patience=0/30
2026-10-08 14:59:12,987  gsv3.training             INFO     [random:random_seed7] epoch 0050  train_log_mse=0.00288  val_log_mse=0.05362  val_mse=0.000474  max_grad=0.34  patience=1/30
2026-10-08 15:00:25,208  gsv3.training             INFO     [random:random_seed7] epoch 0051  train_log_mse=0.00273  val_log_mse=0.05426  val_mse=0.000415  max_grad=0.21  patience=2/30
2026-10-08 15:01:37,735  gsv3.training             INFO     [random:random_seed7] epoch 0052  train_log_mse=0.00278  val_log_mse=0.07179  val_mse=0.000429  max_grad=0.26  patience=3/30
2026-10-08 15:02:50,045  gsv3.training             INFO     [random:random_seed7] epoch 0053  train_log_mse=0.00294  val_log_mse=0.05216  val_mse=0.000425  max_grad=0.35  patience=4/30
2026-10-08 15:04:01,937  gsv3.training             INFO     [random:random_seed7] epoch 0054  train_log_mse=0.00265  val_log_mse=0.05370  val_mse=0.000395  max_grad=0.27  patience=0/30
2026-10-08 15:05:13,918  gsv3.training             INFO     [random:random_seed7] epoch 0055  train_log_mse=0.00286  val_log_mse=0.05299  val_mse=0.000420  max_grad=0.49  patience=1/30
2026-10-08 15:06:26,275  gsv3.training             INFO     [random:random_seed7] epoch 0056  train_log_mse=0.00245  val_log_mse=0.05598  val_mse=0.000548  max_grad=0.20  patience=2/30
2026-10-08 15:07:38,276  gsv3.training             INFO     [random:random_seed7] epoch 0057  train_log_mse=0.00270  val_log_mse=0.05196  val_mse=0.000369  max_grad=0.38  patience=0/30
2026-10-08 15:08:50,411  gsv3.training             INFO     [random:random_seed7] epoch 0058  train_log_mse=0.00256  val_log_mse=0.05151  val_mse=0.000376  max_grad=0.30  patience=1/30
2026-10-08 15:10:02,724  gsv3.training             INFO     [random:random_seed7] epoch 0059  train_log_mse=0.00263  val_log_mse=0.05113  val_mse=0.000410  max_grad=0.33  patience=2/30
2026-10-08 15:11:15,557  gsv3.training             INFO     [random:random_seed7] epoch 0060  train_log_mse=0.00284  val_log_mse=0.05779  val_mse=0.000438  max_grad=0.46  patience=3/30
2026-10-08 15:12:28,253  gsv3.training             INFO     [random:random_seed7] epoch 0061  train_log_mse=0.00253  val_log_mse=0.05679  val_mse=0.000479  max_grad=0.25  patience=4/30
2026-10-08 15:13:40,754  gsv3.training             INFO     [random:random_seed7] epoch 0062  train_log_mse=0.00238  val_log_mse=0.05313  val_mse=0.000365  max_grad=0.24  patience=0/30
2026-10-08 15:14:52,645  gsv3.training             INFO     [random:random_seed7] epoch 0063  train_log_mse=0.00233  val_log_mse=0.05277  val_mse=0.000371  max_grad=0.23  patience=1/30
2026-10-08 15:16:04,637  gsv3.training             INFO     [random:random_seed7] epoch 0064  train_log_mse=0.00229  val_log_mse=0.05125  val_mse=0.000417  max_grad=0.27  patience=2/30
2026-10-08 15:17:15,859  gsv3.training             INFO     [random:random_seed7] epoch 0065  train_log_mse=0.00231  val_log_mse=0.05263  val_mse=0.000386  max_grad=0.35  patience=3/30
2026-10-08 15:18:27,510  gsv3.training             INFO     [random:random_seed7] epoch 0066  train_log_mse=0.00223  val_log_mse=0.05289  val_mse=0.000374  max_grad=0.19  patience=4/30
2026-10-08 15:19:39,252  gsv3.training             INFO     [random:random_seed7] epoch 0067  train_log_mse=0.00233  val_log_mse=0.05531  val_mse=0.000376  max_grad=0.23  patience=5/30
2026-10-08 15:20:51,241  gsv3.training             INFO     [random:random_seed7] epoch 0068  train_log_mse=0.00221  val_log_mse=0.05307  val_mse=0.000387  max_grad=0.22  patience=6/30
2026-10-08 15:22:02,713  gsv3.training             INFO     [random:random_seed7] epoch 0069  train_log_mse=0.00209  val_log_mse=0.05269  val_mse=0.000405  max_grad=0.22  patience=7/30
2026-10-08 15:23:14,213  gsv3.training             INFO     [random:random_seed7] epoch 0070  train_log_mse=0.00220  val_log_mse=0.05056  val_mse=0.000383  max_grad=0.23  patience=8/30
2026-10-08 15:24:25,811  gsv3.training             INFO     [random:random_seed7] epoch 0071  train_log_mse=0.00204  val_log_mse=0.05179  val_mse=0.000391  max_grad=0.20  patience=9/30
2026-10-08 15:25:37,648  gsv3.training             INFO     [random:random_seed7] epoch 0072  train_log_mse=0.00211  val_log_mse=0.04983  val_mse=0.000371  max_grad=0.18  patience=10/30
2026-10-08 15:26:49,530  gsv3.training             INFO     [random:random_seed7] epoch 0073  train_log_mse=0.00214  val_log_mse=0.05152  val_mse=0.000358  max_grad=0.37  patience=0/30
2026-10-08 15:28:02,355  gsv3.training             INFO     [random:random_seed7] epoch 0074  train_log_mse=0.00204  val_log_mse=0.05102  val_mse=0.000368  max_grad=0.23  patience=1/30
2026-10-08 15:29:15,160  gsv3.training             INFO     [random:random_seed7] epoch 0075  train_log_mse=0.00191  val_log_mse=0.05128  val_mse=0.000360  max_grad=0.17  patience=2/30
2026-10-08 15:30:27,315  gsv3.training             INFO     [random:random_seed7] epoch 0076  train_log_mse=0.00195  val_log_mse=0.05184  val_mse=0.000350  max_grad=0.18  patience=0/30
2026-10-08 15:31:38,651  gsv3.training             INFO     [random:random_seed7] epoch 0077  train_log_mse=0.00201  val_log_mse=0.05403  val_mse=0.000353  max_grad=0.33  patience=1/30
2026-10-08 15:32:50,121  gsv3.training             INFO     [random:random_seed7] epoch 0078  train_log_mse=0.00195  val_log_mse=0.05453  val_mse=0.000382  max_grad=0.20  patience=2/30
2026-10-08 15:34:01,471  gsv3.training             INFO     [random:random_seed7] epoch 0079  train_log_mse=0.00189  val_log_mse=0.05276  val_mse=0.000354  max_grad=0.33  patience=3/30
2026-10-08 15:35:12,611  gsv3.training             INFO     [random:random_seed7] epoch 0080  train_log_mse=0.00186  val_log_mse=0.05199  val_mse=0.000370  max_grad=0.18  patience=4/30
2026-10-08 15:36:24,390  gsv3.training             INFO     [random:random_seed7] epoch 0081  train_log_mse=0.00175  val_log_mse=0.05153  val_mse=0.000341  max_grad=0.14  patience=0/30
2026-10-08 15:37:36,142  gsv3.training             INFO     [random:random_seed7] epoch 0082  train_log_mse=0.00178  val_log_mse=0.05091  val_mse=0.000347  max_grad=0.15  patience=1/30
2026-10-08 15:38:47,818  gsv3.training             INFO     [random:random_seed7] epoch 0083  train_log_mse=0.00182  val_log_mse=0.05201  val_mse=0.000347  max_grad=0.18  patience=2/30
2026-10-08 15:40:00,026  gsv3.training             INFO     [random:random_seed7] epoch 0084  train_log_mse=0.00180  val_log_mse=0.05122  val_mse=0.000365  max_grad=0.22  patience=3/30
2026-10-08 15:41:12,754  gsv3.training             INFO     [random:random_seed7] epoch 0085  train_log_mse=0.00175  val_log_mse=0.05247  val_mse=0.000338  max_grad=0.15  patience=0/30
2026-10-08 15:42:24,964  gsv3.training             INFO     [random:random_seed7] epoch 0086  train_log_mse=0.00172  val_log_mse=0.05408  val_mse=0.000350  max_grad=0.16  patience=1/30
2026-10-08 15:43:36,055  gsv3.training             INFO     [random:random_seed7] epoch 0087  train_log_mse=0.00164  val_log_mse=0.05030  val_mse=0.000348  max_grad=0.15  patience=2/30
2026-10-08 15:44:47,900  gsv3.training             INFO     [random:random_seed7] epoch 0088  train_log_mse=0.00160  val_log_mse=0.05253  val_mse=0.000353  max_grad=0.14  patience=3/30
2026-10-08 15:45:59,961  gsv3.training             INFO     [random:random_seed7] epoch 0089  train_log_mse=0.00164  val_log_mse=0.05147  val_mse=0.000350  max_grad=0.15  patience=4/30
2026-10-08 15:47:11,714  gsv3.training             INFO     [random:random_seed7] epoch 0090  train_log_mse=0.00160  val_log_mse=0.05113  val_mse=0.000351  max_grad=0.13  patience=5/30
2026-10-08 15:48:23,206  gsv3.training             INFO     [random:random_seed7] epoch 0091  train_log_mse=0.00156  val_log_mse=0.05561  val_mse=0.000369  max_grad=0.14  patience=6/30
2026-10-08 15:49:34,486  gsv3.training             INFO     [random:random_seed7] epoch 0092  train_log_mse=0.00159  val_log_mse=0.05140  val_mse=0.000349  max_grad=0.15  patience=7/30
2026-10-08 15:50:46,408  gsv3.training             INFO     [random:random_seed7] epoch 0093  train_log_mse=0.00158  val_log_mse=0.05037  val_mse=0.000349  max_grad=0.17  patience=8/30
2026-10-08 15:51:58,651  gsv3.training             INFO     [random:random_seed7] epoch 0094  train_log_mse=0.00154  val_log_mse=0.04993  val_mse=0.000339  max_grad=0.15  patience=9/30
2026-10-08 15:53:10,869  gsv3.training             INFO     [random:random_seed7] epoch 0095  train_log_mse=0.00150  val_log_mse=0.05092  val_mse=0.000343  max_grad=0.11  patience=10/30
2026-10-08 15:54:22,466  gsv3.training             INFO     [random:random_seed7] epoch 0096  train_log_mse=0.00150  val_log_mse=0.05017  val_mse=0.000342  max_grad=0.12  patience=11/30
2026-10-08 15:55:34,362  gsv3.training             INFO     [random:random_seed7] epoch 0097  train_log_mse=0.00147  val_log_mse=0.05060  val_mse=0.000328  max_grad=0.12  patience=0/30
2026-10-08 15:56:46,007  gsv3.training             INFO     [random:random_seed7] epoch 0098  train_log_mse=0.00148  val_log_mse=0.05167  val_mse=0.000338  max_grad=0.15  patience=1/30
2026-10-08 15:57:57,629  gsv3.training             INFO     [random:random_seed7] epoch 0099  train_log_mse=0.00145  val_log_mse=0.05211  val_mse=0.000346  max_grad=0.12  patience=2/30
2026-10-08 15:59:09,727  gsv3.training             INFO     [random:random_seed7] epoch 0100  train_log_mse=0.00144  val_log_mse=0.05127  val_mse=0.000339  max_grad=0.12  patience=3/30
2026-10-08 16:00:21,153  gsv3.training             INFO     [random:random_seed7] epoch 0101  train_log_mse=0.00142  val_log_mse=0.05060  val_mse=0.000340  max_grad=0.18  patience=4/30
2026-10-08 16:01:33,195  gsv3.training             INFO     [random:random_seed7] epoch 0102  train_log_mse=0.00142  val_log_mse=0.05055  val_mse=0.000341  max_grad=0.17  patience=5/30
2026-10-08 16:02:45,527  gsv3.training             INFO     [random:random_seed7] epoch 0103  train_log_mse=0.00137  val_log_mse=0.05138  val_mse=0.000340  max_grad=0.12  patience=6/30
2026-10-08 16:03:57,599  gsv3.training             INFO     [random:random_seed7] epoch 0104  train_log_mse=0.00135  val_log_mse=0.05095  val_mse=0.000350  max_grad=0.12  patience=7/30
2026-10-08 16:05:09,112  gsv3.training             INFO     [random:random_seed7] epoch 0105  train_log_mse=0.00135  val_log_mse=0.05026  val_mse=0.000340  max_grad=0.10  patience=8/30
2026-10-08 16:06:20,747  gsv3.training             INFO     [random:random_seed7] epoch 0106  train_log_mse=0.00132  val_log_mse=0.05041  val_mse=0.000336  max_grad=0.11  patience=9/30
2026-10-08 16:07:32,286  gsv3.training             INFO     [random:random_seed7] epoch 0107  train_log_mse=0.00133  val_log_mse=0.05058  val_mse=0.000339  max_grad=0.08  patience=10/30
2026-10-08 16:08:43,760  gsv3.training             INFO     [random:random_seed7] epoch 0108  train_log_mse=0.00129  val_log_mse=0.05073  val_mse=0.000342  max_grad=0.08  patience=11/30
2026-10-08 16:09:55,535  gsv3.training             INFO     [random:random_seed7] epoch 0109  train_log_mse=0.00129  val_log_mse=0.05033  val_mse=0.000347  max_grad=0.09  patience=12/30
2026-10-08 16:11:07,697  gsv3.training             INFO     [random:random_seed7] epoch 0110  train_log_mse=0.00128  val_log_mse=0.05119  val_mse=0.000338  max_grad=0.09  patience=13/30
2026-10-08 16:12:20,152  gsv3.training             INFO     [random:random_seed7] epoch 0111  train_log_mse=0.00127  val_log_mse=0.05053  val_mse=0.000339  max_grad=0.09  patience=14/30
2026-10-08 16:13:32,272  gsv3.training             INFO     [random:random_seed7] epoch 0112  train_log_mse=0.00126  val_log_mse=0.05059  val_mse=0.000338  max_grad=0.08  patience=15/30
2026-10-08 16:14:43,836  gsv3.training             INFO     [random:random_seed7] epoch 0113  train_log_mse=0.00125  val_log_mse=0.05039  val_mse=0.000340  max_grad=0.09  patience=16/30
2026-10-08 16:15:55,482  gsv3.training             INFO     [random:random_seed7] epoch 0114  train_log_mse=0.00122  val_log_mse=0.05116  val_mse=0.000344  max_grad=0.08  patience=17/30
2026-10-08 16:17:06,954  gsv3.training             INFO     [random:random_seed7] epoch 0115  train_log_mse=0.00123  val_log_mse=0.05050  val_mse=0.000334  max_grad=0.10  patience=18/30
2026-10-08 16:18:18,892  gsv3.training             INFO     [random:random_seed7] epoch 0116  train_log_mse=0.00120  val_log_mse=0.05068  val_mse=0.000355  max_grad=0.07  patience=19/30
2026-10-08 16:19:31,013  gsv3.training             INFO     [random:random_seed7] epoch 0117  train_log_mse=0.00120  val_log_mse=0.05057  val_mse=0.000338  max_grad=0.08  patience=20/30
2026-10-08 16:20:43,422  gsv3.training             INFO     [random:random_seed7] epoch 0118  train_log_mse=0.00118  val_log_mse=0.05103  val_mse=0.000338  max_grad=0.11  patience=21/30
2026-10-08 16:21:52,856  gsv3.training             INFO     [random:random_seed7] epoch 0119  train_log_mse=0.00118  val_log_mse=0.05088  val_mse=0.000348  max_grad=0.11  patience=22/30
2026-10-08 16:23:02,245  gsv3.training             INFO     [random:random_seed7] epoch 0120  train_log_mse=0.00117  val_log_mse=0.05073  val_mse=0.000337  max_grad=0.11  patience=23/30
2026-10-08 16:24:11,409  gsv3.training             INFO     [random:random_seed7] epoch 0121  train_log_mse=0.00116  val_log_mse=0.05106  val_mse=0.000344  max_grad=0.08  patience=24/30
2026-10-08 16:25:20,552  gsv3.training             INFO     [random:random_seed7] epoch 0122  train_log_mse=0.00115  val_log_mse=0.05067  val_mse=0.000341  max_grad=0.08  patience=25/30
2026-10-08 16:26:29,976  gsv3.training             INFO     [random:random_seed7] epoch 0123  train_log_mse=0.00114  val_log_mse=0.05149  val_mse=0.000341  max_grad=0.08  patience=26/30
2026-10-08 16:27:39,504  gsv3.training             INFO     [random:random_seed7] epoch 0124  train_log_mse=0.00114  val_log_mse=0.05141  val_mse=0.000347  max_grad=0.11  patience=27/30
2026-10-08 16:28:50,971  gsv3.training             INFO     [random:random_seed7] epoch 0125  train_log_mse=0.00113  val_log_mse=0.05227  val_mse=0.000359  max_grad=0.08  patience=28/30
2026-10-08 16:30:00,809  gsv3.training             INFO     [random:random_seed7] epoch 0126  train_log_mse=0.00112  val_log_mse=0.05131  val_mse=0.000342  max_grad=0.08  patience=29/30
2026-10-08 16:31:09,971  gsv3.training             INFO     [random:random_seed7] epoch 0127  train_log_mse=0.00111  val_log_mse=0.05118  val_mse=0.000343  max_grad=0.07  patience=30/30
2026-10-08 16:32:18,892  gsv3.training             INFO     [random:random_seed7] epoch 0128  train_log_mse=0.00110  val_log_mse=0.05104  val_mse=0.000339  max_grad=0.07  patience=31/30
2026-10-08 16:33:27,997  gsv3.training             INFO     [random:random_seed7] epoch 0129  train_log_mse=0.00110  val_log_mse=0.05121  val_mse=0.000345  max_grad=0.06  patience=32/30
2026-10-08 16:34:37,439  gsv3.training             INFO     [random:random_seed7] epoch 0130  train_log_mse=0.00109  val_log_mse=0.05131  val_mse=0.000342  max_grad=0.07  patience=33/30
2026-10-08 16:35:47,183  gsv3.training             INFO     [random:random_seed7] epoch 0131  train_log_mse=0.00108  val_log_mse=0.05119  val_mse=0.000343  max_grad=0.08  patience=34/30
2026-10-08 16:36:57,521  gsv3.training             INFO     [random:random_seed7] epoch 0132  train_log_mse=0.00108  val_log_mse=0.05103  val_mse=0.000341  max_grad=0.12  patience=35/30
2026-10-08 16:38:07,414  gsv3.training             INFO     [random:random_seed7] epoch 0133  train_log_mse=0.00108  val_log_mse=0.05121  val_mse=0.000344  max_grad=0.08  patience=36/30
2026-10-08 16:39:16,118  gsv3.training             INFO     [random:random_seed7] epoch 0134  train_log_mse=0.00107  val_log_mse=0.05131  val_mse=0.000345  max_grad=0.09  patience=37/30
2026-10-08 16:40:24,719  gsv3.training             INFO     [random:random_seed7] epoch 0135  train_log_mse=0.00107  val_log_mse=0.05114  val_mse=0.000345  max_grad=0.07  patience=38/30
2026-10-08 16:41:33,844  gsv3.training             INFO     [random:random_seed7] epoch 0136  train_log_mse=0.00106  val_log_mse=0.05137  val_mse=0.000345  max_grad=0.07  patience=39/30
2026-10-08 16:42:43,061  gsv3.training             INFO     [random:random_seed7] epoch 0137  train_log_mse=0.00106  val_log_mse=0.05127  val_mse=0.000343  max_grad=0.08  patience=40/30
2026-10-08 16:43:53,823  gsv3.training             INFO     [random:random_seed7] epoch 0138  train_log_mse=0.00105  val_log_mse=0.05130  val_mse=0.000344  max_grad=0.07  patience=41/30
2026-10-08 16:45:05,193  gsv3.training             INFO     [random:random_seed7] epoch 0139  train_log_mse=0.00105  val_log_mse=0.05121  val_mse=0.000344  max_grad=0.08  patience=42/30
2026-10-08 16:46:15,501  gsv3.training             INFO     [random:random_seed7] epoch 0140  train_log_mse=0.00104  val_log_mse=0.05125  val_mse=0.000344  max_grad=0.09  patience=43/30
2026-10-08 16:47:25,704  gsv3.training             INFO     [random:random_seed7] epoch 0141  train_log_mse=0.00104  val_log_mse=0.05140  val_mse=0.000345  max_grad=0.08  patience=44/30
2026-10-08 16:48:35,320  gsv3.training             INFO     [random:random_seed7] epoch 0142  train_log_mse=0.00104  val_log_mse=0.05142  val_mse=0.000345  max_grad=0.07  patience=45/30
2026-10-08 16:49:45,740  gsv3.training             INFO     [random:random_seed7] epoch 0143  train_log_mse=0.00104  val_log_mse=0.05136  val_mse=0.000344  max_grad=0.07  patience=46/30
2026-10-08 16:50:56,785  gsv3.training             INFO     [random:random_seed7] epoch 0144  train_log_mse=0.00103  val_log_mse=0.05148  val_mse=0.000345  max_grad=0.07  patience=47/30
2026-10-08 16:52:07,825  gsv3.training             INFO     [random:random_seed7] epoch 0145  train_log_mse=0.00103  val_log_mse=0.05140  val_mse=0.000345  max_grad=0.08  patience=48/30
2026-10-08 16:53:18,244  gsv3.training             INFO     [random:random_seed7] epoch 0146  train_log_mse=0.00103  val_log_mse=0.05134  val_mse=0.000344  max_grad=0.08  patience=49/30
2026-10-08 16:54:28,112  gsv3.training             INFO     [random:random_seed7] epoch 0147  train_log_mse=0.00103  val_log_mse=0.05136  val_mse=0.000344  max_grad=0.07  patience=50/30
2026-10-08 16:55:37,039  gsv3.training             INFO     [random:random_seed7] epoch 0148  train_log_mse=0.00103  val_log_mse=0.05119  val_mse=0.000344  max_grad=0.07  patience=51/30
2026-10-08 16:56:46,098  gsv3.training             INFO     [random:random_seed7] epoch 0149  train_log_mse=0.00103  val_log_mse=0.05136  val_mse=0.000345  max_grad=0.08  patience=52/30
2026-10-08 16:57:55,957  gsv3.training             INFO     [random:random_seed7] epoch 0150  train_log_mse=0.00103  val_log_mse=0.05137  val_mse=0.000345  max_grad=0.09  patience=53/30
2026-10-08 16:58:01,524  gsv3.training             INFO     [random:random_seed7] final model = SWA of the last 38 epochs (val_log_mse=0.05098)
2026-10-08 16:58:12,929  gsv3.experiment           INFO     [random_seed7] TEST  n=5117  MAE=0.0090  R2=0.9959  device-acc=0.778  regret=0.0025
2026-10-08 16:58:12,934  genstudy.io               INFO     Wrote evaluations/generalization_v5/results/v5b_sinkhorn_s7/random_control/random_seed7/metrics.json
2026-10-08 16:58:12,963  genstudy.io               INFO     Wrote evaluations/generalization_v5/results/v5b_sinkhorn_s7/random_control/random_seed7/predictions.json
2026-10-08 16:58:12,976  genstudy.io               INFO     Wrote evaluations/generalization_v5/results/v5b_sinkhorn_s7/random_control/random_seed7/history.json
2026-10-08 16:58:13,002  run_experiment            INFO     random_control finished: 1 complete, 0 skipped
