2026-10-07 08:28:00,279  genstudy.io               INFO     Logging to /home/atudisco/pred-distr-tool/evaluations/generalization/results/random_control/run.log
2026-10-07 08:28:00,280  run_random_split_control  INFO     Command line: /home/atudisco/pred-distr-tool/evaluations/generalization/scripts/run_random_split_control.py --results-dir /home/atudisco/pred-distr-tool/evaluations/generalization/results
2026-10-07 08:28:00,284  genstudy.model            INFO     Hyper-parameters from /home/atudisco/pred-distr-tool/src/model/best_params.json: {'hidden_dim': 142, 'num_conv_wo_resnet': 3, 'num_resnet_layers': 1, 'dropout': 0.0, 'bidirectional': True, 'mlp': [512, 256, 128], 'lr': 0.001, 'readout': 'meanmaxsum'}
2026-10-07 08:28:00,285  run_random_split_control  INFO     Dataset directory: /home/atudisco/compileCircuits | device: cpu
2026-10-07 08:28:00,285  genstudy.data             INFO     Loading graph dataset: /home/atudisco/compileCircuits/graph_dataset_expected_fidelity.pt
2026-10-07 08:28:06,384  genstudy.data             INFO     Loaded 17056 graphs
2026-10-07 08:28:06,546  genstudy.experiment       INFO     === random / random_seed5 ===
2026-10-07 08:28:06,546  genstudy.experiment       INFO     Random split stratified by fidelity (test_fraction=0.3, seed=5): train = 11939, test = 5117 circuits; families and sizes appear on both sides.
2026-10-07 08:28:06,546  genstudy.experiment       INFO     train=9551  val=2388  test=5117
2026-10-07 08:28:06,736  genstudy.model            INFO     [random:random_seed5] training on 9551 graphs, validating on 2388, epochs 1-1000 (patience 30)
2026-10-07 08:28:19,088  genstudy.model            INFO     [random:random_seed5] epoch 0001/1000  train_mse=0.647655  val_mse=0.035410  val_r2=0.6572  patience=0/30
2026-10-07 08:28:30,874  genstudy.model            INFO     [random:random_seed5] epoch 0002/1000  train_mse=0.031091  val_mse=0.005462  val_r2=0.9468  patience=0/30
2026-10-07 08:28:42,498  genstudy.model            INFO     [random:random_seed5] epoch 0003/1000  train_mse=0.004053  val_mse=0.002710  val_r2=0.9733  patience=0/30
2026-10-07 08:28:54,285  genstudy.model            INFO     [random:random_seed5] epoch 0004/1000  train_mse=0.006846  val_mse=0.001972  val_r2=0.9805  patience=0/30
2026-10-07 08:29:06,089  genstudy.model            INFO     [random:random_seed5] epoch 0005/1000  train_mse=0.002806  val_mse=0.001581  val_r2=0.9846  patience=0/30
2026-10-07 08:29:17,848  genstudy.model            INFO     [random:random_seed5] epoch 0006/1000  train_mse=0.004088  val_mse=0.003300  val_r2=0.9680  patience=1/30
2026-10-07 08:29:29,741  genstudy.model            INFO     [random:random_seed5] epoch 0007/1000  train_mse=0.003238  val_mse=0.002486  val_r2=0.9756  patience=2/30
2026-10-07 08:29:41,564  genstudy.model            INFO     [random:random_seed5] epoch 0008/1000  train_mse=0.001786  val_mse=0.002796  val_r2=0.9733  patience=3/30
2026-10-07 08:29:53,249  genstudy.model            INFO     [random:random_seed5] epoch 0009/1000  train_mse=0.008594  val_mse=0.001365  val_r2=0.9865  patience=0/30
2026-10-07 08:30:05,185  genstudy.model            INFO     [random:random_seed5] epoch 0010/1000  train_mse=0.001183  val_mse=0.001047  val_r2=0.9898  patience=0/30
2026-10-07 08:30:16,799  genstudy.model            INFO     [random:random_seed5] epoch 0011/1000  train_mse=0.001200  val_mse=0.001892  val_r2=0.9810  patience=1/30
2026-10-07 08:30:28,496  genstudy.model            INFO     [random:random_seed5] epoch 0012/1000  train_mse=0.001213  val_mse=0.000843  val_r2=0.9917  patience=0/30
2026-10-07 08:30:40,184  genstudy.model            INFO     [random:random_seed5] epoch 0013/1000  train_mse=0.000825  val_mse=0.000915  val_r2=0.9911  patience=1/30
2026-10-07 08:30:51,889  genstudy.model            INFO     [random:random_seed5] epoch 0014/1000  train_mse=0.001057  val_mse=0.001583  val_r2=0.9847  patience=2/30
2026-10-07 08:31:03,609  genstudy.model            INFO     [random:random_seed5] epoch 0015/1000  train_mse=0.000929  val_mse=0.000931  val_r2=0.9909  patience=3/30
2026-10-07 08:31:15,295  genstudy.model            INFO     [random:random_seed5] epoch 0016/1000  train_mse=0.001045  val_mse=0.000861  val_r2=0.9916  patience=4/30
2026-10-07 08:31:26,960  genstudy.model            INFO     [random:random_seed5] epoch 0017/1000  train_mse=0.000835  val_mse=0.001080  val_r2=0.9895  patience=5/30
2026-10-07 08:31:38,700  genstudy.model            INFO     [random:random_seed5] epoch 0018/1000  train_mse=0.000774  val_mse=0.000840  val_r2=0.9918  patience=0/30
2026-10-07 08:31:50,444  genstudy.model            INFO     [random:random_seed5] epoch 0019/1000  train_mse=0.000877  val_mse=0.001044  val_r2=0.9898  patience=1/30
2026-10-07 08:32:02,284  genstudy.model            INFO     [random:random_seed5] epoch 0020/1000  train_mse=0.000923  val_mse=0.000929  val_r2=0.9909  patience=2/30
2026-10-07 08:32:13,894  genstudy.model            INFO     [random:random_seed5] epoch 0021/1000  train_mse=0.000749  val_mse=0.001209  val_r2=0.9881  patience=3/30
2026-10-07 08:32:25,665  genstudy.model            INFO     [random:random_seed5] epoch 0022/1000  train_mse=0.000704  val_mse=0.000638  val_r2=0.9938  patience=0/30
2026-10-07 08:32:37,265  genstudy.model            INFO     [random:random_seed5] epoch 0023/1000  train_mse=0.000884  val_mse=0.000871  val_r2=0.9915  patience=1/30
2026-10-07 08:32:48,892  genstudy.model            INFO     [random:random_seed5] epoch 0024/1000  train_mse=0.000740  val_mse=0.001063  val_r2=0.9896  patience=2/30
2026-10-07 08:33:00,490  genstudy.model            INFO     [random:random_seed5] epoch 0025/1000  train_mse=0.000875  val_mse=0.000786  val_r2=0.9924  patience=3/30
2026-10-07 08:33:12,194  genstudy.model            INFO     [random:random_seed5] epoch 0026/1000  train_mse=0.000792  val_mse=0.001945  val_r2=0.9808  patience=4/30
2026-10-07 08:33:23,769  genstudy.model            INFO     [random:random_seed5] epoch 0027/1000  train_mse=0.001284  val_mse=0.000761  val_r2=0.9926  patience=5/30
2026-10-07 08:33:35,479  genstudy.model            INFO     [random:random_seed5] epoch 0028/1000  train_mse=0.000737  val_mse=0.000674  val_r2=0.9934  patience=6/30
2026-10-07 08:33:46,989  genstudy.model            INFO     [random:random_seed5] epoch 0029/1000  train_mse=0.000799  val_mse=0.001105  val_r2=0.9893  patience=7/30
2026-10-07 08:33:58,681  genstudy.model            INFO     [random:random_seed5] epoch 0030/1000  train_mse=0.000798  val_mse=0.000838  val_r2=0.9918  patience=8/30
2026-10-07 08:34:10,446  genstudy.model            INFO     [random:random_seed5] epoch 0031/1000  train_mse=0.000664  val_mse=0.000661  val_r2=0.9935  patience=9/30
2026-10-07 08:34:22,281  genstudy.model            INFO     [random:random_seed5] epoch 0032/1000  train_mse=0.000600  val_mse=0.000597  val_r2=0.9942  patience=0/30
2026-10-07 08:34:34,019  genstudy.model            INFO     [random:random_seed5] epoch 0033/1000  train_mse=0.000728  val_mse=0.000883  val_r2=0.9913  patience=1/30
2026-10-07 08:34:45,737  genstudy.model            INFO     [random:random_seed5] epoch 0034/1000  train_mse=0.000831  val_mse=0.002039  val_r2=0.9802  patience=2/30
2026-10-07 08:34:57,519  genstudy.model            INFO     [random:random_seed5] epoch 0035/1000  train_mse=0.166289  val_mse=0.005438  val_r2=0.9470  patience=3/30
2026-10-07 08:35:09,198  genstudy.model            INFO     [random:random_seed5] epoch 0036/1000  train_mse=0.003500  val_mse=0.003107  val_r2=0.9693  patience=4/30
2026-10-07 08:35:20,713  genstudy.model            INFO     [random:random_seed5] epoch 0037/1000  train_mse=0.002208  val_mse=0.003431  val_r2=0.9665  patience=5/30
2026-10-07 08:35:32,309  genstudy.model            INFO     [random:random_seed5] epoch 0038/1000  train_mse=0.001919  val_mse=0.002345  val_r2=0.9769  patience=6/30
2026-10-07 08:35:43,919  genstudy.model            INFO     [random:random_seed5] epoch 0039/1000  train_mse=0.001641  val_mse=0.002117  val_r2=0.9793  patience=7/30
2026-10-07 08:35:55,611  genstudy.model            INFO     [random:random_seed5] epoch 0040/1000  train_mse=0.001604  val_mse=0.001268  val_r2=0.9874  patience=8/30
2026-10-07 08:36:07,172  genstudy.model            INFO     [random:random_seed5] epoch 0041/1000  train_mse=0.001292  val_mse=0.001122  val_r2=0.9889  patience=9/30
2026-10-07 08:36:18,858  genstudy.model            INFO     [random:random_seed5] epoch 0042/1000  train_mse=0.001347  val_mse=0.001683  val_r2=0.9832  patience=10/30
2026-10-07 08:36:30,551  genstudy.model            INFO     [random:random_seed5] epoch 0043/1000  train_mse=0.001171  val_mse=0.001317  val_r2=0.9870  patience=11/30
2026-10-07 08:36:42,196  genstudy.model            INFO     [random:random_seed5] epoch 0044/1000  train_mse=0.001262  val_mse=0.002773  val_r2=0.9732  patience=12/30
2026-10-07 08:36:53,895  genstudy.model            INFO     [random:random_seed5] epoch 0045/1000  train_mse=0.001165  val_mse=0.001070  val_r2=0.9894  patience=13/30
2026-10-07 08:37:05,571  genstudy.model            INFO     [random:random_seed5] epoch 0046/1000  train_mse=0.001049  val_mse=0.001550  val_r2=0.9847  patience=14/30
2026-10-07 08:37:17,311  genstudy.model            INFO     [random:random_seed5] epoch 0047/1000  train_mse=0.001085  val_mse=0.000897  val_r2=0.9912  patience=15/30
2026-10-07 08:37:29,041  genstudy.model            INFO     [random:random_seed5] epoch 0048/1000  train_mse=0.001083  val_mse=0.000973  val_r2=0.9904  patience=16/30
2026-10-07 08:37:40,776  genstudy.model            INFO     [random:random_seed5] epoch 0049/1000  train_mse=0.000990  val_mse=0.001102  val_r2=0.9891  patience=17/30
2026-10-07 08:37:52,592  genstudy.model            INFO     [random:random_seed5] epoch 0050/1000  train_mse=0.000842  val_mse=0.001481  val_r2=0.9857  patience=18/30
2026-10-07 08:38:04,449  genstudy.model            INFO     [random:random_seed5] epoch 0051/1000  train_mse=0.000924  val_mse=0.001057  val_r2=0.9897  patience=19/30
2026-10-07 08:38:16,195  genstudy.model            INFO     [random:random_seed5] epoch 0052/1000  train_mse=0.000708  val_mse=0.001253  val_r2=0.9878  patience=20/30
2026-10-07 08:38:28,007  genstudy.model            INFO     [random:random_seed5] epoch 0053/1000  train_mse=0.000981  val_mse=0.000767  val_r2=0.9925  patience=21/30
2026-10-07 08:38:39,759  genstudy.model            INFO     [random:random_seed5] epoch 0054/1000  train_mse=0.000809  val_mse=0.000823  val_r2=0.9920  patience=22/30
2026-10-07 08:38:51,459  genstudy.model            INFO     [random:random_seed5] epoch 0055/1000  train_mse=0.000914  val_mse=0.000992  val_r2=0.9901  patience=23/30
2026-10-07 08:39:03,163  genstudy.model            INFO     [random:random_seed5] epoch 0056/1000  train_mse=0.000682  val_mse=0.000675  val_r2=0.9934  patience=24/30
2026-10-07 08:39:14,895  genstudy.model            INFO     [random:random_seed5] epoch 0057/1000  train_mse=0.001153  val_mse=0.000683  val_r2=0.9933  patience=25/30
2026-10-07 08:39:26,660  genstudy.model            INFO     [random:random_seed5] epoch 0058/1000  train_mse=0.000661  val_mse=0.000706  val_r2=0.9931  patience=26/30
2026-10-07 08:39:38,415  genstudy.model            INFO     [random:random_seed5] epoch 0059/1000  train_mse=0.000646  val_mse=0.001284  val_r2=0.9872  patience=27/30
2026-10-07 08:39:50,132  genstudy.model            INFO     [random:random_seed5] epoch 0060/1000  train_mse=0.000721  val_mse=0.000989  val_r2=0.9903  patience=28/30
2026-10-07 08:40:01,922  genstudy.model            INFO     [random:random_seed5] epoch 0061/1000  train_mse=0.000602  val_mse=0.000681  val_r2=0.9934  patience=29/30
2026-10-07 08:40:13,690  genstudy.model            INFO     [random:random_seed5] epoch 0062/1000  train_mse=0.000639  val_mse=0.000669  val_r2=0.9934  patience=30/30
2026-10-07 08:40:13,838  genstudy.model            INFO     [random:random_seed5] early stop at epoch 62; best epoch 32
2026-10-07 08:40:15,722  genstudy.experiment       INFO     [random_seed5] TEST  n=5117  MAE=0.0156  RMSE=0.0255  R2=0.9936  device-acc=0.783  regret=0.0030
2026-10-07 08:40:15,726  genstudy.io               INFO     Wrote /home/atudisco/pred-distr-tool/evaluations/generalization/results/random_control/random_seed5/metrics.json
2026-10-07 08:40:15,754  genstudy.io               INFO     Wrote /home/atudisco/pred-distr-tool/evaluations/generalization/results/random_control/random_seed5/predictions.json
2026-10-07 08:40:15,766  genstudy.io               INFO     Wrote /home/atudisco/pred-distr-tool/evaluations/generalization/results/random_control/random_seed5/history.json
2026-10-07 08:40:15,788  genstudy.experiment       INFO     Wrote /home/atudisco/pred-distr-tool/evaluations/generalization/results/random_control/random_seed5/model.pth
2026-10-07 08:40:15,790  genstudy.experiment       INFO     Removed /home/atudisco/pred-distr-tool/evaluations/generalization/results/random_control/random_seed5/checkpoint.pt (split finished)
2026-10-07 08:40:15,795  genstudy.io               INFO     Wrote /home/atudisco/pred-distr-tool/evaluations/generalization/results/random_control/control.json
