2026-10-07 18:18:43,460  genstudy.io               INFO     Logging to /home/atudisco/pred-distr-tool/evaluations/generalization_v2/results/size_extrapolation/run.log
2026-10-07 18:18:43,460  run_experiment            INFO     Command line: /home/atudisco/pred-distr-tool/evaluations/generalization_v2/scripts/run_experiment.py size --device-graphs /home/atudisco/pred-distr-tool/evaluations/generalization_v2/results/device_graphs.pt --families large --max-train-qubits 14 --results-dir /home/atudisco/pred-distr-tool/evaluations/generalization_v2/results
2026-10-07 18:18:43,460  gsv2.gpu                  WARNING  No CUDA device available — running on the CPU.
2026-10-07 18:18:43,461  gsv2.model                INFO     Hyper-parameters (/home/atudisco/pred-distr-tool/src/model/best_params.json + v2 defaults): {'device_hidden': 64, 'device_layers': 3, 'fusion_dim': 128, 'hidden_dim': 142, 'num_conv_wo_resnet': 3, 'num_resnet_layers': 1, 'dropout': 0.0, 'bidirectional': True, 'mlp': [512, 256, 128], 'lr': 0.001, 'readout': 'meanmaxsum'}
2026-10-07 18:18:43,469  genstudy.data             INFO     Loading graph dataset: /home/atudisco/compileCircuits/graph_dataset_expected_fidelity.pt
2026-10-07 18:18:46,102  genstudy.data             INFO     Loaded 17056 graphs
2026-10-07 18:18:46,130  genstudy.io               INFO     Wrote /home/atudisco/pred-distr-tool/evaluations/generalization_v2/results/size_extrapolation/dataset_summary.json
2026-10-07 18:18:46,133  run_experiment            INFO     [1/1] qmax_14
2026-10-07 18:18:46,136  gsv2.experiment           INFO     === size_holdout / qmax_14 ===
2026-10-07 18:18:46,136  gsv2.experiment           INFO     Size extrapolation: train = 12470 circuits with 2-14 qubits, test = 4586 circuits with 15-20 qubits.
2026-10-07 18:18:46,137  gsv2.experiment           INFO     train=9767  val=2703 ({'mode': 'size', 'val_qubits': [12, 13, 14]})  test=4586
2026-10-07 18:18:46,199  gsv2.training             INFO     [size_holdout:qmax_14] train=9767 val=2703, epochs 1-1000, patience 30, balance alpha 0.50
2026-10-07 18:19:00,555  gsv2.training             INFO     [size_holdout:qmax_14] epoch 0001  train_log_mse=30.10759  val_log_mse=4.33037  val_mse=0.033407  patience=0/30
2026-10-07 18:19:11,606  gsv2.training             INFO     [size_holdout:qmax_14] epoch 0002  train_log_mse=0.83684  val_log_mse=2.42323  val_mse=0.011396  patience=0/30
2026-10-07 18:19:22,571  gsv2.training             INFO     [size_holdout:qmax_14] epoch 0003  train_log_mse=0.23257  val_log_mse=1.66292  val_mse=0.003797  patience=0/30
2026-10-07 18:19:33,630  gsv2.training             INFO     [size_holdout:qmax_14] epoch 0004  train_log_mse=0.15501  val_log_mse=0.67441  val_mse=0.002433  patience=0/30
2026-10-07 18:19:44,701  gsv2.training             INFO     [size_holdout:qmax_14] epoch 0005  train_log_mse=0.11092  val_log_mse=0.86300  val_mse=0.005419  patience=1/30
2026-10-07 18:19:55,670  gsv2.training             INFO     [size_holdout:qmax_14] epoch 0006  train_log_mse=0.11704  val_log_mse=1.28466  val_mse=0.005801  patience=2/30
2026-10-07 18:20:06,837  gsv2.training             INFO     [size_holdout:qmax_14] epoch 0007  train_log_mse=0.11110  val_log_mse=0.61189  val_mse=0.008376  patience=0/30
2026-10-07 18:20:17,888  gsv2.training             INFO     [size_holdout:qmax_14] epoch 0008  train_log_mse=0.11694  val_log_mse=0.41126  val_mse=0.001626  patience=0/30
2026-10-07 18:20:28,936  gsv2.training             INFO     [size_holdout:qmax_14] epoch 0009  train_log_mse=0.09973  val_log_mse=2.27353  val_mse=0.002270  patience=1/30
2026-10-07 18:20:39,925  gsv2.training             INFO     [size_holdout:qmax_14] epoch 0010  train_log_mse=0.10837  val_log_mse=1.24921  val_mse=0.008817  patience=2/30
2026-10-07 18:20:50,943  gsv2.training             INFO     [size_holdout:qmax_14] epoch 0011  train_log_mse=0.07468  val_log_mse=0.61337  val_mse=0.002322  patience=3/30
2026-10-07 18:21:01,957  gsv2.training             INFO     [size_holdout:qmax_14] epoch 0012  train_log_mse=0.10472  val_log_mse=1.44658  val_mse=0.001749  patience=4/30
2026-10-07 18:21:12,891  gsv2.training             INFO     [size_holdout:qmax_14] epoch 0013  train_log_mse=0.09173  val_log_mse=0.81046  val_mse=0.005407  patience=5/30
2026-10-07 18:21:23,992  gsv2.training             INFO     [size_holdout:qmax_14] epoch 0014  train_log_mse=0.11586  val_log_mse=3.89739  val_mse=0.007254  patience=6/30
2026-10-07 18:21:35,005  gsv2.training             INFO     [size_holdout:qmax_14] epoch 0015  train_log_mse=0.09704  val_log_mse=0.41304  val_mse=0.003466  patience=7/30
2026-10-07 18:21:46,009  gsv2.training             INFO     [size_holdout:qmax_14] epoch 0016  train_log_mse=0.06406  val_log_mse=0.53221  val_mse=0.003717  patience=8/30
2026-10-07 18:21:57,324  gsv2.training             INFO     [size_holdout:qmax_14] epoch 0017  train_log_mse=0.12901  val_log_mse=3.28344  val_mse=0.007636  patience=9/30
2026-10-07 18:22:08,428  gsv2.training             INFO     [size_holdout:qmax_14] epoch 0018  train_log_mse=2.95827  val_log_mse=4.00486  val_mse=0.028367  patience=10/30
2026-10-07 18:22:19,422  gsv2.training             INFO     [size_holdout:qmax_14] epoch 0019  train_log_mse=0.61366  val_log_mse=4.74765  val_mse=0.012996  patience=11/30
2026-10-07 18:22:30,542  gsv2.training             INFO     [size_holdout:qmax_14] epoch 0020  train_log_mse=0.25934  val_log_mse=2.23735  val_mse=0.004838  patience=12/30
2026-10-07 18:22:41,598  gsv2.training             INFO     [size_holdout:qmax_14] epoch 0021  train_log_mse=0.15693  val_log_mse=1.95940  val_mse=0.002315  patience=13/30
2026-10-07 18:22:52,738  gsv2.training             INFO     [size_holdout:qmax_14] epoch 0022  train_log_mse=0.11133  val_log_mse=1.72003  val_mse=0.006840  patience=14/30
2026-10-07 18:23:03,864  gsv2.training             INFO     [size_holdout:qmax_14] epoch 0023  train_log_mse=0.08569  val_log_mse=0.82367  val_mse=0.002474  patience=15/30
2026-10-07 18:23:14,981  gsv2.training             INFO     [size_holdout:qmax_14] epoch 0024  train_log_mse=0.07761  val_log_mse=1.03799  val_mse=0.006908  patience=16/30
2026-10-07 18:23:25,997  gsv2.training             INFO     [size_holdout:qmax_14] epoch 0025  train_log_mse=0.07097  val_log_mse=0.47273  val_mse=0.002019  patience=17/30
2026-10-07 18:23:36,994  gsv2.training             INFO     [size_holdout:qmax_14] epoch 0026  train_log_mse=0.06907  val_log_mse=0.99402  val_mse=0.002037  patience=18/30
2026-10-07 18:23:48,123  gsv2.training             INFO     [size_holdout:qmax_14] epoch 0027  train_log_mse=0.06895  val_log_mse=0.66693  val_mse=0.006914  patience=19/30
2026-10-07 18:23:59,206  gsv2.training             INFO     [size_holdout:qmax_14] epoch 0028  train_log_mse=0.06888  val_log_mse=0.45355  val_mse=0.003467  patience=20/30
2026-10-07 18:24:10,239  gsv2.training             INFO     [size_holdout:qmax_14] epoch 0029  train_log_mse=0.06243  val_log_mse=0.68620  val_mse=0.003920  patience=21/30
2026-10-07 18:24:21,245  gsv2.training             INFO     [size_holdout:qmax_14] epoch 0030  train_log_mse=0.05414  val_log_mse=0.41591  val_mse=0.002196  patience=22/30
2026-10-07 18:24:32,237  gsv2.training             INFO     [size_holdout:qmax_14] epoch 0031  train_log_mse=0.05533  val_log_mse=0.47879  val_mse=0.002689  patience=23/30
2026-10-07 18:24:43,398  gsv2.training             INFO     [size_holdout:qmax_14] epoch 0032  train_log_mse=0.08760  val_log_mse=0.57577  val_mse=0.002266  patience=24/30
2026-10-07 18:24:54,550  gsv2.training             INFO     [size_holdout:qmax_14] epoch 0033  train_log_mse=0.06512  val_log_mse=0.48497  val_mse=0.003153  patience=25/30
2026-10-07 18:25:05,550  gsv2.training             INFO     [size_holdout:qmax_14] epoch 0034  train_log_mse=0.05451  val_log_mse=0.35602  val_mse=0.001429  patience=0/30
2026-10-07 18:25:16,635  gsv2.training             INFO     [size_holdout:qmax_14] epoch 0035  train_log_mse=0.05684  val_log_mse=0.48069  val_mse=0.002184  patience=1/30
2026-10-07 18:25:27,999  gsv2.training             INFO     [size_holdout:qmax_14] epoch 0036  train_log_mse=0.10130  val_log_mse=0.42646  val_mse=0.003421  patience=2/30
2026-10-07 18:25:39,201  gsv2.training             INFO     [size_holdout:qmax_14] epoch 0037  train_log_mse=0.06202  val_log_mse=0.40992  val_mse=0.001793  patience=3/30
2026-10-07 18:25:50,447  gsv2.training             INFO     [size_holdout:qmax_14] epoch 0038  train_log_mse=0.06598  val_log_mse=0.35114  val_mse=0.002645  patience=0/30
2026-10-07 18:26:01,502  gsv2.training             INFO     [size_holdout:qmax_14] epoch 0039  train_log_mse=0.05737  val_log_mse=0.58807  val_mse=0.001347  patience=1/30
2026-10-07 18:26:12,663  gsv2.training             INFO     [size_holdout:qmax_14] epoch 0040  train_log_mse=0.05868  val_log_mse=0.66324  val_mse=0.001136  patience=2/30
2026-10-07 18:26:23,718  gsv2.training             INFO     [size_holdout:qmax_14] epoch 0041  train_log_mse=0.07829  val_log_mse=1.22966  val_mse=0.004526  patience=3/30
2026-10-07 18:26:34,819  gsv2.training             INFO     [size_holdout:qmax_14] epoch 0042  train_log_mse=0.06576  val_log_mse=0.41772  val_mse=0.001592  patience=4/30
2026-10-07 18:26:45,921  gsv2.training             INFO     [size_holdout:qmax_14] epoch 0043  train_log_mse=0.05145  val_log_mse=0.50097  val_mse=0.002308  patience=5/30
2026-10-07 18:26:57,025  gsv2.training             INFO     [size_holdout:qmax_14] epoch 0044  train_log_mse=0.04617  val_log_mse=0.40021  val_mse=0.001680  patience=6/30
2026-10-07 18:27:07,927  gsv2.training             INFO     [size_holdout:qmax_14] epoch 0045  train_log_mse=0.06389  val_log_mse=0.35355  val_mse=0.001635  patience=7/30
2026-10-07 18:27:19,143  gsv2.training             INFO     [size_holdout:qmax_14] epoch 0046  train_log_mse=0.06169  val_log_mse=0.44383  val_mse=0.001039  patience=8/30
2026-10-07 18:27:30,130  gsv2.training             INFO     [size_holdout:qmax_14] epoch 0047  train_log_mse=0.06894  val_log_mse=0.34763  val_mse=0.001053  patience=0/30
2026-10-07 18:27:41,046  gsv2.training             INFO     [size_holdout:qmax_14] epoch 0048  train_log_mse=0.04320  val_log_mse=0.49145  val_mse=0.001089  patience=1/30
2026-10-07 18:27:52,194  gsv2.training             INFO     [size_holdout:qmax_14] epoch 0049  train_log_mse=0.04682  val_log_mse=0.42011  val_mse=0.003291  patience=2/30
2026-10-07 18:28:03,128  gsv2.training             INFO     [size_holdout:qmax_14] epoch 0050  train_log_mse=0.04546  val_log_mse=0.41483  val_mse=0.001258  patience=3/30
2026-10-07 18:28:14,145  gsv2.training             INFO     [size_holdout:qmax_14] epoch 0051  train_log_mse=0.04813  val_log_mse=0.36336  val_mse=0.001155  patience=4/30
2026-10-07 18:28:25,205  gsv2.training             INFO     [size_holdout:qmax_14] epoch 0052  train_log_mse=0.04776  val_log_mse=0.39448  val_mse=0.000923  patience=5/30
2026-10-07 18:28:36,253  gsv2.training             INFO     [size_holdout:qmax_14] epoch 0053  train_log_mse=0.04362  val_log_mse=0.58044  val_mse=0.001802  patience=6/30
2026-10-07 18:28:47,373  gsv2.training             INFO     [size_holdout:qmax_14] epoch 0054  train_log_mse=0.05249  val_log_mse=0.58169  val_mse=0.001531  patience=7/30
2026-10-07 18:28:58,538  gsv2.training             INFO     [size_holdout:qmax_14] epoch 0055  train_log_mse=0.05251  val_log_mse=0.44171  val_mse=0.001008  patience=8/30
2026-10-07 18:29:09,622  gsv2.training             INFO     [size_holdout:qmax_14] epoch 0056  train_log_mse=0.03833  val_log_mse=0.41602  val_mse=0.001979  patience=9/30
2026-10-07 18:29:20,668  gsv2.training             INFO     [size_holdout:qmax_14] epoch 0057  train_log_mse=0.05187  val_log_mse=0.35282  val_mse=0.001118  patience=10/30
2026-10-07 18:29:31,810  gsv2.training             INFO     [size_holdout:qmax_14] epoch 0058  train_log_mse=0.04941  val_log_mse=0.58197  val_mse=0.002358  patience=11/30
2026-10-07 18:29:42,892  gsv2.training             INFO     [size_holdout:qmax_14] epoch 0059  train_log_mse=0.05272  val_log_mse=0.53294  val_mse=0.003478  patience=12/30
2026-10-07 18:29:53,946  gsv2.training             INFO     [size_holdout:qmax_14] epoch 0060  train_log_mse=0.04293  val_log_mse=0.46376  val_mse=0.001230  patience=13/30
2026-10-07 18:30:05,045  gsv2.training             INFO     [size_holdout:qmax_14] epoch 0061  train_log_mse=0.04536  val_log_mse=0.42075  val_mse=0.000873  patience=14/30
2026-10-07 18:30:16,130  gsv2.training             INFO     [size_holdout:qmax_14] epoch 0062  train_log_mse=0.03983  val_log_mse=0.50904  val_mse=0.002183  patience=15/30
2026-10-07 18:30:27,317  gsv2.training             INFO     [size_holdout:qmax_14] epoch 0063  train_log_mse=0.04352  val_log_mse=0.41625  val_mse=0.001654  patience=16/30
2026-10-07 18:30:38,361  gsv2.training             INFO     [size_holdout:qmax_14] epoch 0064  train_log_mse=0.03455  val_log_mse=0.33693  val_mse=0.001120  patience=0/30
2026-10-07 18:30:49,347  gsv2.training             INFO     [size_holdout:qmax_14] epoch 0065  train_log_mse=0.03922  val_log_mse=0.49008  val_mse=0.001091  patience=1/30
2026-10-07 18:31:00,536  gsv2.training             INFO     [size_holdout:qmax_14] epoch 0066  train_log_mse=0.03773  val_log_mse=0.36563  val_mse=0.001499  patience=2/30
2026-10-07 18:31:11,555  gsv2.training             INFO     [size_holdout:qmax_14] epoch 0067  train_log_mse=0.04016  val_log_mse=0.31518  val_mse=0.000739  patience=0/30
2026-10-07 18:31:22,578  gsv2.training             INFO     [size_holdout:qmax_14] epoch 0068  train_log_mse=0.04391  val_log_mse=0.35060  val_mse=0.001453  patience=1/30
2026-10-07 18:31:33,453  gsv2.training             INFO     [size_holdout:qmax_14] epoch 0069  train_log_mse=0.03428  val_log_mse=0.38892  val_mse=0.001426  patience=2/30
2026-10-07 18:31:44,372  gsv2.training             INFO     [size_holdout:qmax_14] epoch 0070  train_log_mse=0.03552  val_log_mse=0.38890  val_mse=0.001287  patience=3/30
2026-10-07 18:31:55,454  gsv2.training             INFO     [size_holdout:qmax_14] epoch 0071  train_log_mse=0.03652  val_log_mse=0.42455  val_mse=0.001001  patience=4/30
2026-10-07 18:32:06,536  gsv2.training             INFO     [size_holdout:qmax_14] epoch 0072  train_log_mse=0.03525  val_log_mse=0.43189  val_mse=0.001161  patience=5/30
2026-10-07 18:32:17,523  gsv2.training             INFO     [size_holdout:qmax_14] epoch 0073  train_log_mse=0.04117  val_log_mse=0.46878  val_mse=0.000984  patience=6/30
2026-10-07 18:32:28,568  gsv2.training             INFO     [size_holdout:qmax_14] epoch 0074  train_log_mse=0.03630  val_log_mse=0.37839  val_mse=0.002152  patience=7/30
2026-10-07 18:32:39,669  gsv2.training             INFO     [size_holdout:qmax_14] epoch 0075  train_log_mse=0.03614  val_log_mse=0.51882  val_mse=0.000830  patience=8/30
2026-10-07 18:32:50,680  gsv2.training             INFO     [size_holdout:qmax_14] epoch 0076  train_log_mse=0.03279  val_log_mse=0.34121  val_mse=0.001232  patience=9/30
2026-10-07 18:33:01,679  gsv2.training             INFO     [size_holdout:qmax_14] epoch 0077  train_log_mse=0.03838  val_log_mse=0.42827  val_mse=0.001021  patience=10/30
2026-10-07 18:33:12,877  gsv2.training             INFO     [size_holdout:qmax_14] epoch 0078  train_log_mse=0.03874  val_log_mse=0.38260  val_mse=0.000781  patience=11/30
2026-10-07 18:33:23,962  gsv2.training             INFO     [size_holdout:qmax_14] epoch 0079  train_log_mse=0.03234  val_log_mse=0.39609  val_mse=0.000809  patience=12/30
2026-10-07 18:33:35,167  gsv2.training             INFO     [size_holdout:qmax_14] epoch 0080  train_log_mse=0.03527  val_log_mse=0.35761  val_mse=0.001130  patience=13/30
2026-10-07 18:33:46,221  gsv2.training             INFO     [size_holdout:qmax_14] epoch 0081  train_log_mse=0.03092  val_log_mse=0.32008  val_mse=0.000826  patience=14/30
2026-10-07 18:33:57,454  gsv2.training             INFO     [size_holdout:qmax_14] epoch 0082  train_log_mse=0.07526  val_log_mse=0.33098  val_mse=0.001538  patience=15/30
2026-10-07 18:34:08,429  gsv2.training             INFO     [size_holdout:qmax_14] epoch 0083  train_log_mse=0.03107  val_log_mse=0.36994  val_mse=0.001071  patience=16/30
2026-10-07 18:34:19,385  gsv2.training             INFO     [size_holdout:qmax_14] epoch 0084  train_log_mse=0.03282  val_log_mse=0.39552  val_mse=0.001118  patience=17/30
2026-10-07 18:34:30,304  gsv2.training             INFO     [size_holdout:qmax_14] epoch 0085  train_log_mse=0.03054  val_log_mse=0.42564  val_mse=0.001178  patience=18/30
2026-10-07 18:34:41,733  gsv2.training             INFO     [size_holdout:qmax_14] epoch 0086  train_log_mse=0.03476  val_log_mse=0.34525  val_mse=0.000976  patience=19/30
2026-10-07 18:34:52,804  gsv2.training             INFO     [size_holdout:qmax_14] epoch 0087  train_log_mse=0.03045  val_log_mse=0.40653  val_mse=0.000840  patience=20/30
2026-10-07 18:35:03,946  gsv2.training             INFO     [size_holdout:qmax_14] epoch 0088  train_log_mse=0.03276  val_log_mse=0.35214  val_mse=0.000987  patience=21/30
2026-10-07 18:35:15,001  gsv2.training             INFO     [size_holdout:qmax_14] epoch 0089  train_log_mse=0.02956  val_log_mse=0.33865  val_mse=0.001722  patience=22/30
2026-10-07 18:35:26,073  gsv2.training             INFO     [size_holdout:qmax_14] epoch 0090  train_log_mse=0.03463  val_log_mse=0.35661  val_mse=0.000804  patience=23/30
2026-10-07 18:35:37,315  gsv2.training             INFO     [size_holdout:qmax_14] epoch 0091  train_log_mse=0.02922  val_log_mse=0.34558  val_mse=0.000751  patience=24/30
2026-10-07 18:35:48,398  gsv2.training             INFO     [size_holdout:qmax_14] epoch 0092  train_log_mse=0.04282  val_log_mse=0.30252  val_mse=0.000686  patience=0/30
2026-10-07 18:35:59,646  gsv2.training             INFO     [size_holdout:qmax_14] epoch 0093  train_log_mse=0.03314  val_log_mse=0.36601  val_mse=0.000784  patience=1/30
2026-10-07 18:36:10,751  gsv2.training             INFO     [size_holdout:qmax_14] epoch 0094  train_log_mse=0.02923  val_log_mse=0.40190  val_mse=0.000789  patience=2/30
2026-10-07 18:36:21,830  gsv2.training             INFO     [size_holdout:qmax_14] epoch 0095  train_log_mse=0.04233  val_log_mse=0.39566  val_mse=0.001366  patience=3/30
2026-10-07 18:36:32,996  gsv2.training             INFO     [size_holdout:qmax_14] epoch 0096  train_log_mse=0.02917  val_log_mse=0.40983  val_mse=0.000862  patience=4/30
2026-10-07 18:36:44,196  gsv2.training             INFO     [size_holdout:qmax_14] epoch 0097  train_log_mse=0.02943  val_log_mse=0.35963  val_mse=0.001147  patience=5/30
2026-10-07 18:36:55,431  gsv2.training             INFO     [size_holdout:qmax_14] epoch 0098  train_log_mse=0.03077  val_log_mse=0.38324  val_mse=0.001423  patience=6/30
2026-10-07 18:37:06,450  gsv2.training             INFO     [size_holdout:qmax_14] epoch 0099  train_log_mse=0.03039  val_log_mse=0.36056  val_mse=0.001423  patience=7/30
2026-10-07 18:37:17,664  gsv2.training             INFO     [size_holdout:qmax_14] epoch 0100  train_log_mse=0.02908  val_log_mse=0.37540  val_mse=0.001293  patience=8/30
2026-10-07 18:37:28,849  gsv2.training             INFO     [size_holdout:qmax_14] epoch 0101  train_log_mse=0.02820  val_log_mse=0.35773  val_mse=0.000798  patience=9/30
2026-10-07 18:37:39,911  gsv2.training             INFO     [size_holdout:qmax_14] epoch 0102  train_log_mse=0.02859  val_log_mse=0.35638  val_mse=0.001472  patience=10/30
2026-10-07 18:37:51,108  gsv2.training             INFO     [size_holdout:qmax_14] epoch 0103  train_log_mse=0.02608  val_log_mse=0.35201  val_mse=0.000943  patience=11/30
2026-10-07 18:38:01,969  gsv2.training             INFO     [size_holdout:qmax_14] epoch 0104  train_log_mse=0.02927  val_log_mse=0.41232  val_mse=0.000878  patience=12/30
2026-10-07 18:38:13,264  gsv2.training             INFO     [size_holdout:qmax_14] epoch 0105  train_log_mse=0.03084  val_log_mse=0.40315  val_mse=0.000684  patience=13/30
2026-10-07 18:38:24,279  gsv2.training             INFO     [size_holdout:qmax_14] epoch 0106  train_log_mse=0.02712  val_log_mse=0.39715  val_mse=0.000852  patience=14/30
2026-10-07 18:38:35,244  gsv2.training             INFO     [size_holdout:qmax_14] epoch 0107  train_log_mse=0.02500  val_log_mse=0.30027  val_mse=0.000914  patience=0/30
2026-10-07 18:38:46,345  gsv2.training             INFO     [size_holdout:qmax_14] epoch 0108  train_log_mse=0.03286  val_log_mse=0.32090  val_mse=0.000811  patience=1/30
2026-10-07 18:38:57,336  gsv2.training             INFO     [size_holdout:qmax_14] epoch 0109  train_log_mse=0.02564  val_log_mse=0.37002  val_mse=0.000910  patience=2/30
2026-10-07 18:39:08,452  gsv2.training             INFO     [size_holdout:qmax_14] epoch 0110  train_log_mse=0.02734  val_log_mse=0.33659  val_mse=0.001126  patience=3/30
2026-10-07 18:39:19,718  gsv2.training             INFO     [size_holdout:qmax_14] epoch 0111  train_log_mse=0.02869  val_log_mse=0.35065  val_mse=0.000750  patience=4/30
2026-10-07 18:39:30,929  gsv2.training             INFO     [size_holdout:qmax_14] epoch 0112  train_log_mse=0.02829  val_log_mse=0.33878  val_mse=0.000728  patience=5/30
2026-10-07 18:39:41,946  gsv2.training             INFO     [size_holdout:qmax_14] epoch 0113  train_log_mse=0.03098  val_log_mse=0.42110  val_mse=0.001025  patience=6/30
2026-10-07 18:39:52,920  gsv2.training             INFO     [size_holdout:qmax_14] epoch 0114  train_log_mse=0.02739  val_log_mse=0.35611  val_mse=0.000831  patience=7/30
2026-10-07 18:40:04,011  gsv2.training             INFO     [size_holdout:qmax_14] epoch 0115  train_log_mse=0.02796  val_log_mse=0.32112  val_mse=0.000704  patience=8/30
2026-10-07 18:40:15,145  gsv2.training             INFO     [size_holdout:qmax_14] epoch 0116  train_log_mse=0.02444  val_log_mse=0.33920  val_mse=0.000756  patience=9/30
2026-10-07 18:40:26,282  gsv2.training             INFO     [size_holdout:qmax_14] epoch 0117  train_log_mse=0.02964  val_log_mse=0.40154  val_mse=0.001446  patience=10/30
2026-10-07 18:40:37,407  gsv2.training             INFO     [size_holdout:qmax_14] epoch 0118  train_log_mse=0.02610  val_log_mse=0.38509  val_mse=0.000958  patience=11/30
2026-10-07 18:40:48,459  gsv2.training             INFO     [size_holdout:qmax_14] epoch 0119  train_log_mse=0.02580  val_log_mse=0.37956  val_mse=0.000651  patience=12/30
2026-10-07 18:40:59,510  gsv2.training             INFO     [size_holdout:qmax_14] epoch 0120  train_log_mse=0.02594  val_log_mse=0.40515  val_mse=0.001052  patience=13/30
2026-10-07 18:41:10,471  gsv2.training             INFO     [size_holdout:qmax_14] epoch 0121  train_log_mse=0.02535  val_log_mse=0.30646  val_mse=0.000964  patience=14/30
2026-10-07 18:41:21,436  gsv2.training             INFO     [size_holdout:qmax_14] epoch 0122  train_log_mse=0.02423  val_log_mse=0.37063  val_mse=0.000992  patience=15/30
2026-10-07 18:41:32,453  gsv2.training             INFO     [size_holdout:qmax_14] epoch 0123  train_log_mse=0.02858  val_log_mse=0.57251  val_mse=0.000668  patience=16/30
2026-10-07 18:41:43,642  gsv2.training             INFO     [size_holdout:qmax_14] epoch 0124  train_log_mse=0.02894  val_log_mse=0.41639  val_mse=0.000899  patience=17/30
2026-10-07 18:41:54,736  gsv2.training             INFO     [size_holdout:qmax_14] epoch 0125  train_log_mse=0.02558  val_log_mse=0.35264  val_mse=0.000847  patience=18/30
2026-10-07 18:42:05,964  gsv2.training             INFO     [size_holdout:qmax_14] epoch 0126  train_log_mse=0.02637  val_log_mse=0.32941  val_mse=0.000718  patience=19/30
2026-10-07 18:42:17,241  gsv2.training             INFO     [size_holdout:qmax_14] epoch 0127  train_log_mse=0.02576  val_log_mse=0.37694  val_mse=0.000788  patience=20/30
2026-10-07 18:42:28,475  gsv2.training             INFO     [size_holdout:qmax_14] epoch 0128  train_log_mse=0.02513  val_log_mse=0.35498  val_mse=0.000828  patience=21/30
2026-10-07 18:42:39,758  gsv2.training             INFO     [size_holdout:qmax_14] epoch 0129  train_log_mse=0.02622  val_log_mse=0.35945  val_mse=0.001396  patience=22/30
2026-10-07 18:42:50,996  gsv2.training             INFO     [size_holdout:qmax_14] epoch 0130  train_log_mse=0.02743  val_log_mse=0.32766  val_mse=0.000979  patience=23/30
2026-10-07 18:43:01,881  gsv2.training             INFO     [size_holdout:qmax_14] epoch 0131  train_log_mse=0.02707  val_log_mse=0.41590  val_mse=0.000832  patience=24/30
2026-10-07 18:43:13,061  gsv2.training             INFO     [size_holdout:qmax_14] epoch 0132  train_log_mse=0.02373  val_log_mse=0.34944  val_mse=0.000769  patience=25/30
2026-10-07 18:43:24,060  gsv2.training             INFO     [size_holdout:qmax_14] epoch 0133  train_log_mse=0.02673  val_log_mse=0.40769  val_mse=0.000974  patience=26/30
2026-10-07 18:43:35,047  gsv2.training             INFO     [size_holdout:qmax_14] epoch 0134  train_log_mse=0.02497  val_log_mse=0.33132  val_mse=0.000736  patience=27/30
2026-10-07 18:43:46,302  gsv2.training             INFO     [size_holdout:qmax_14] epoch 0135  train_log_mse=0.02233  val_log_mse=0.35476  val_mse=0.000729  patience=28/30
2026-10-07 18:43:57,370  gsv2.training             INFO     [size_holdout:qmax_14] epoch 0136  train_log_mse=0.02337  val_log_mse=0.42150  val_mse=0.001596  patience=29/30
2026-10-07 18:44:08,412  gsv2.training             INFO     [size_holdout:qmax_14] epoch 0137  train_log_mse=0.02337  val_log_mse=0.34288  val_mse=0.000967  patience=30/30
2026-10-07 18:44:10,845  gsv2.experiment           INFO     [qmax_14] TEST  n=4586  MAE=0.0296  R2=0.8929  device-acc=0.594  regret=0.0064 (fixed 0.0066, random 0.0313)
2026-10-07 18:44:10,848  genstudy.io               INFO     Wrote /home/atudisco/pred-distr-tool/evaluations/generalization_v2/results/size_extrapolation/qmax_14/metrics.json
2026-10-07 18:44:10,881  genstudy.io               INFO     Wrote /home/atudisco/pred-distr-tool/evaluations/generalization_v2/results/size_extrapolation/qmax_14/predictions.json
2026-10-07 18:44:10,893  genstudy.io               INFO     Wrote /home/atudisco/pred-distr-tool/evaluations/generalization_v2/results/size_extrapolation/qmax_14/history.json
2026-10-07 18:44:10,922  run_experiment            INFO     size_extrapolation finished: 1 complete, 0 skipped
