2026-10-07 18:44:31,940  genstudy.io               INFO     Logging to /home/atudisco/pred-distr-tool/evaluations/generalization_v2/results/scheduling/size_extrapolation_qmax_14/run.log
2026-10-07 18:44:31,940  run_scheduling_eval       INFO     Command line: /home/atudisco/pred-distr-tool/evaluations/generalization/scripts/run_scheduling_eval.py --results-dir /home/atudisco/pred-distr-tool/evaluations/generalization_v2/results --predictions /home/atudisco/pred-distr-tool/evaluations/generalization_v2/results/size_extrapolation/qmax_14/predictions.json --tag size_extrapolation_qmax_14 --fidelity-weights 0.0:1.0:0.1
2026-10-07 18:44:31,955  run_scheduling_eval       INFO     Loaded 4586 held-out predictions from /home/atudisco/pred-distr-tool/evaluations/generalization_v2/results/size_extrapolation/qmax_14/predictions.json
2026-10-07 18:44:32,169  run_gnn_dispatch          INFO     Loaded ground-truth fidelities for 19465 circuits from /home/atudisco/pred-distr-tool/src/model/expected_fidelity_results_benchmark.json
2026-10-07 18:44:32,172  run_scheduling_eval       INFO     Weight sweep: [0.0, 0.1, 0.2, 0.3, 0.4, 0.5, 0.6, 0.7, 0.8, 0.9, 1.0]
2026-10-07 18:44:32,176  run_scheduling_eval       INFO     Scheduling on 4586 circuits -> /home/atudisco/pred-distr-tool/evaluations/generalization_v2/results/scheduling/size_extrapolation_qmax_14
2026-10-07 18:44:32,176  run_gnn_dispatch          INFO     === Fidelity weight 0.00 ===
2026-10-07 18:44:32,182  run_gnn_dispatch          INFO       [oracle] EQE1_Top  ->  701 circuits
2026-10-07 18:44:32,182  run_gnn_dispatch          INFO       [oracle] EQE1_Bottom  ->  2085 circuits
2026-10-07 18:44:32,182  run_gnn_dispatch          INFO       [oracle] QExa20  ->  1800 circuits
2026-10-07 18:44:32,190  run_gnn_dispatch          INFO       [oracle] overall mean fidelity: 0.1696  (load CV: 0.478)
2026-10-07 18:44:32,190  run_gnn_dispatch          INFO       [gt_weighted] EQE1_Top  ->  1529 circuits
2026-10-07 18:44:32,191  run_gnn_dispatch          INFO       [gt_weighted] EQE1_Bottom  ->  1529 circuits
2026-10-07 18:44:32,191  run_gnn_dispatch          INFO       [gt_weighted] QExa20  ->  1528 circuits
2026-10-07 18:44:32,199  run_gnn_dispatch          INFO       [gt_weighted] overall mean fidelity: 0.1382  (load CV: 0.000)
2026-10-07 18:44:32,199  run_gnn_dispatch          INFO       [gnn] EQE1_Top  ->  1529 circuits
2026-10-07 18:44:32,199  run_gnn_dispatch          INFO       [gnn] EQE1_Bottom  ->  1529 circuits
2026-10-07 18:44:32,199  run_gnn_dispatch          INFO       [gnn] QExa20  ->  1528 circuits
2026-10-07 18:44:32,208  run_gnn_dispatch          INFO       [gnn] overall mean fidelity: 0.1382  (load CV: 0.000)
2026-10-07 18:44:32,208  run_gnn_dispatch          INFO       [round_robin] EQE1_Top  ->  1529 circuits
2026-10-07 18:44:32,208  run_gnn_dispatch          INFO       [round_robin] EQE1_Bottom  ->  1529 circuits
2026-10-07 18:44:32,208  run_gnn_dispatch          INFO       [round_robin] QExa20  ->  1528 circuits
2026-10-07 18:44:32,216  run_gnn_dispatch          INFO       [round_robin] overall mean fidelity: 0.1382  (load CV: 0.000)
2026-10-07 18:44:32,220  run_gnn_dispatch          INFO       [cross-policy oracle↔gnn] agreement: 32.9%  mean regret: 0.0313
2026-10-07 18:44:32,223  run_gnn_dispatch          INFO       [cross-policy gt_weighted↔gnn] agreement: 100.0%  mean regret: 0.0000
2026-10-07 18:44:32,223  run_gnn_dispatch          INFO     === Fidelity weight 0.10 ===
2026-10-07 18:44:32,302  run_gnn_dispatch          INFO       [oracle] EQE1_Top  ->  701 circuits
2026-10-07 18:44:32,302  run_gnn_dispatch          INFO       [oracle] EQE1_Bottom  ->  2085 circuits
2026-10-07 18:44:32,302  run_gnn_dispatch          INFO       [oracle] QExa20  ->  1800 circuits
2026-10-07 18:44:32,310  run_gnn_dispatch          INFO       [oracle] overall mean fidelity: 0.1696  (load CV: 0.478)
2026-10-07 18:44:32,310  run_gnn_dispatch          INFO       [gt_weighted] EQE1_Top  ->  1534 circuits
2026-10-07 18:44:32,310  run_gnn_dispatch          INFO       [gt_weighted] EQE1_Bottom  ->  1542 circuits
2026-10-07 18:44:32,310  run_gnn_dispatch          INFO       [gt_weighted] QExa20  ->  1510 circuits
2026-10-07 18:44:32,317  run_gnn_dispatch          INFO       [gt_weighted] overall mean fidelity: 0.1560  (load CV: 0.011)
2026-10-07 18:44:32,317  run_gnn_dispatch          INFO       [gnn] EQE1_Top  ->  1507 circuits
2026-10-07 18:44:32,317  run_gnn_dispatch          INFO       [gnn] EQE1_Bottom  ->  1549 circuits
2026-10-07 18:44:32,318  run_gnn_dispatch          INFO       [gnn] QExa20  ->  1530 circuits
2026-10-07 18:44:32,325  run_gnn_dispatch          INFO       [gnn] overall mean fidelity: 0.1482  (load CV: 0.014)
2026-10-07 18:44:32,325  run_gnn_dispatch          INFO       [round_robin] EQE1_Top  ->  1529 circuits
2026-10-07 18:44:32,325  run_gnn_dispatch          INFO       [round_robin] EQE1_Bottom  ->  1529 circuits
2026-10-07 18:44:32,325  run_gnn_dispatch          INFO       [round_robin] QExa20  ->  1528 circuits
2026-10-07 18:44:32,334  run_gnn_dispatch          INFO       [round_robin] overall mean fidelity: 0.1382  (load CV: 0.000)
2026-10-07 18:44:32,338  run_gnn_dispatch          INFO       [cross-policy oracle↔gnn] agreement: 41.6%  mean regret: 0.0214
2026-10-07 18:44:32,342  run_gnn_dispatch          INFO       [cross-policy gt_weighted↔gnn] agreement: 47.6%  mean regret: 0.0078
2026-10-07 18:44:32,342  run_gnn_dispatch          INFO     === Fidelity weight 0.20 ===
2026-10-07 18:44:32,384  run_gnn_dispatch          INFO       [oracle] EQE1_Top  ->  701 circuits
2026-10-07 18:44:32,384  run_gnn_dispatch          INFO       [oracle] EQE1_Bottom  ->  2085 circuits
2026-10-07 18:44:32,384  run_gnn_dispatch          INFO       [oracle] QExa20  ->  1800 circuits
2026-10-07 18:44:32,392  run_gnn_dispatch          INFO       [oracle] overall mean fidelity: 0.1696  (load CV: 0.478)
2026-10-07 18:44:32,392  run_gnn_dispatch          INFO       [gt_weighted] EQE1_Top  ->  1545 circuits
2026-10-07 18:44:32,392  run_gnn_dispatch          INFO       [gt_weighted] EQE1_Bottom  ->  1555 circuits
2026-10-07 18:44:32,392  run_gnn_dispatch          INFO       [gt_weighted] QExa20  ->  1486 circuits
2026-10-07 18:44:32,399  run_gnn_dispatch          INFO       [gt_weighted] overall mean fidelity: 0.1591  (load CV: 0.024)
2026-10-07 18:44:32,399  run_gnn_dispatch          INFO       [gnn] EQE1_Top  ->  1482 circuits
2026-10-07 18:44:32,400  run_gnn_dispatch          INFO       [gnn] EQE1_Bottom  ->  1576 circuits
2026-10-07 18:44:32,400  run_gnn_dispatch          INFO       [gnn] QExa20  ->  1528 circuits
2026-10-07 18:44:32,407  run_gnn_dispatch          INFO       [gnn] overall mean fidelity: 0.1495  (load CV: 0.031)
2026-10-07 18:44:32,407  run_gnn_dispatch          INFO       [round_robin] EQE1_Top  ->  1529 circuits
2026-10-07 18:44:32,407  run_gnn_dispatch          INFO       [round_robin] EQE1_Bottom  ->  1529 circuits
2026-10-07 18:44:32,407  run_gnn_dispatch          INFO       [round_robin] QExa20  ->  1528 circuits
2026-10-07 18:44:32,416  run_gnn_dispatch          INFO       [round_robin] overall mean fidelity: 0.1382  (load CV: 0.000)
2026-10-07 18:44:32,420  run_gnn_dispatch          INFO       [cross-policy oracle↔gnn] agreement: 42.7%  mean regret: 0.0200
2026-10-07 18:44:32,424  run_gnn_dispatch          INFO       [cross-policy gt_weighted↔gnn] agreement: 47.3%  mean regret: 0.0096
2026-10-07 18:44:32,424  run_gnn_dispatch          INFO     === Fidelity weight 0.30 ===
2026-10-07 18:44:32,464  run_gnn_dispatch          INFO       [oracle] EQE1_Top  ->  701 circuits
2026-10-07 18:44:32,464  run_gnn_dispatch          INFO       [oracle] EQE1_Bottom  ->  2085 circuits
2026-10-07 18:44:32,464  run_gnn_dispatch          INFO       [oracle] QExa20  ->  1800 circuits
2026-10-07 18:44:32,472  run_gnn_dispatch          INFO       [oracle] overall mean fidelity: 0.1696  (load CV: 0.478)
2026-10-07 18:44:32,472  run_gnn_dispatch          INFO       [gt_weighted] EQE1_Top  ->  1553 circuits
2026-10-07 18:44:32,472  run_gnn_dispatch          INFO       [gt_weighted] EQE1_Bottom  ->  1571 circuits
2026-10-07 18:44:32,472  run_gnn_dispatch          INFO       [gt_weighted] QExa20  ->  1462 circuits
2026-10-07 18:44:32,480  run_gnn_dispatch          INFO       [gt_weighted] overall mean fidelity: 0.1609  (load CV: 0.038)
2026-10-07 18:44:32,480  run_gnn_dispatch          INFO       [gnn] EQE1_Top  ->  1453 circuits
2026-10-07 18:44:32,480  run_gnn_dispatch          INFO       [gnn] EQE1_Bottom  ->  1613 circuits
2026-10-07 18:44:32,480  run_gnn_dispatch          INFO       [gnn] QExa20  ->  1520 circuits
2026-10-07 18:44:32,488  run_gnn_dispatch          INFO       [gnn] overall mean fidelity: 0.1504  (load CV: 0.053)
2026-10-07 18:44:32,488  run_gnn_dispatch          INFO       [round_robin] EQE1_Top  ->  1529 circuits
2026-10-07 18:44:32,488  run_gnn_dispatch          INFO       [round_robin] EQE1_Bottom  ->  1529 circuits
2026-10-07 18:44:32,488  run_gnn_dispatch          INFO       [round_robin] QExa20  ->  1528 circuits
2026-10-07 18:44:32,496  run_gnn_dispatch          INFO       [round_robin] overall mean fidelity: 0.1382  (load CV: 0.000)
2026-10-07 18:44:32,500  run_gnn_dispatch          INFO       [cross-policy oracle↔gnn] agreement: 43.0%  mean regret: 0.0192
2026-10-07 18:44:32,504  run_gnn_dispatch          INFO       [cross-policy gt_weighted↔gnn] agreement: 47.3%  mean regret: 0.0105
2026-10-07 18:44:32,504  run_gnn_dispatch          INFO     === Fidelity weight 0.40 ===
2026-10-07 18:44:32,669  run_gnn_dispatch          INFO       [oracle] EQE1_Top  ->  701 circuits
2026-10-07 18:44:32,669  run_gnn_dispatch          INFO       [oracle] EQE1_Bottom  ->  2085 circuits
2026-10-07 18:44:32,669  run_gnn_dispatch          INFO       [oracle] QExa20  ->  1800 circuits
2026-10-07 18:44:32,677  run_gnn_dispatch          INFO       [oracle] overall mean fidelity: 0.1696  (load CV: 0.478)
2026-10-07 18:44:32,677  run_gnn_dispatch          INFO       [gt_weighted] EQE1_Top  ->  1561 circuits
2026-10-07 18:44:32,677  run_gnn_dispatch          INFO       [gt_weighted] EQE1_Bottom  ->  1588 circuits
2026-10-07 18:44:32,677  run_gnn_dispatch          INFO       [gt_weighted] QExa20  ->  1437 circuits
2026-10-07 18:44:32,685  run_gnn_dispatch          INFO       [gt_weighted] overall mean fidelity: 0.1625  (load CV: 0.053)
2026-10-07 18:44:32,685  run_gnn_dispatch          INFO       [gnn] EQE1_Top  ->  1416 circuits
2026-10-07 18:44:32,685  run_gnn_dispatch          INFO       [gnn] EQE1_Bottom  ->  1663 circuits
2026-10-07 18:44:32,685  run_gnn_dispatch          INFO       [gnn] QExa20  ->  1507 circuits
2026-10-07 18:44:32,693  run_gnn_dispatch          INFO       [gnn] overall mean fidelity: 0.1517  (load CV: 0.082)
2026-10-07 18:44:32,693  run_gnn_dispatch          INFO       [round_robin] EQE1_Top  ->  1529 circuits
2026-10-07 18:44:32,693  run_gnn_dispatch          INFO       [round_robin] EQE1_Bottom  ->  1529 circuits
2026-10-07 18:44:32,693  run_gnn_dispatch          INFO       [round_robin] QExa20  ->  1528 circuits
2026-10-07 18:44:32,701  run_gnn_dispatch          INFO       [round_robin] overall mean fidelity: 0.1382  (load CV: 0.000)
2026-10-07 18:44:32,705  run_gnn_dispatch          INFO       [cross-policy oracle↔gnn] agreement: 44.0%  mean regret: 0.0179
2026-10-07 18:44:32,709  run_gnn_dispatch          INFO       [cross-policy gt_weighted↔gnn] agreement: 47.4%  mean regret: 0.0108
2026-10-07 18:44:32,709  run_gnn_dispatch          INFO     === Fidelity weight 0.50 ===
2026-10-07 18:44:32,747  run_gnn_dispatch          INFO       [oracle] EQE1_Top  ->  701 circuits
2026-10-07 18:44:32,748  run_gnn_dispatch          INFO       [oracle] EQE1_Bottom  ->  2085 circuits
2026-10-07 18:44:32,748  run_gnn_dispatch          INFO       [oracle] QExa20  ->  1800 circuits
2026-10-07 18:44:32,756  run_gnn_dispatch          INFO       [oracle] overall mean fidelity: 0.1696  (load CV: 0.478)
2026-10-07 18:44:32,756  run_gnn_dispatch          INFO       [gt_weighted] EQE1_Top  ->  1566 circuits
2026-10-07 18:44:32,756  run_gnn_dispatch          INFO       [gt_weighted] EQE1_Bottom  ->  1612 circuits
2026-10-07 18:44:32,756  run_gnn_dispatch          INFO       [gt_weighted] QExa20  ->  1408 circuits
2026-10-07 18:44:32,763  run_gnn_dispatch          INFO       [gt_weighted] overall mean fidelity: 0.1643  (load CV: 0.070)
2026-10-07 18:44:32,763  run_gnn_dispatch          INFO       [gnn] EQE1_Top  ->  1372 circuits
2026-10-07 18:44:32,763  run_gnn_dispatch          INFO       [gnn] EQE1_Bottom  ->  1730 circuits
2026-10-07 18:44:32,763  run_gnn_dispatch          INFO       [gnn] QExa20  ->  1484 circuits
2026-10-07 18:44:32,771  run_gnn_dispatch          INFO       [gnn] overall mean fidelity: 0.1532  (load CV: 0.120)
2026-10-07 18:44:32,771  run_gnn_dispatch          INFO       [round_robin] EQE1_Top  ->  1529 circuits
2026-10-07 18:44:32,771  run_gnn_dispatch          INFO       [round_robin] EQE1_Bottom  ->  1529 circuits
2026-10-07 18:44:32,771  run_gnn_dispatch          INFO       [round_robin] QExa20  ->  1528 circuits
2026-10-07 18:44:32,779  run_gnn_dispatch          INFO       [round_robin] overall mean fidelity: 0.1382  (load CV: 0.000)
2026-10-07 18:44:32,783  run_gnn_dispatch          INFO       [cross-policy oracle↔gnn] agreement: 44.7%  mean regret: 0.0164
2026-10-07 18:44:32,787  run_gnn_dispatch          INFO       [cross-policy gt_weighted↔gnn] agreement: 46.3%  mean regret: 0.0111
2026-10-07 18:44:32,787  run_gnn_dispatch          INFO     === Fidelity weight 0.60 ===
2026-10-07 18:44:32,825  run_gnn_dispatch          INFO       [oracle] EQE1_Top  ->  701 circuits
2026-10-07 18:44:32,825  run_gnn_dispatch          INFO       [oracle] EQE1_Bottom  ->  2085 circuits
2026-10-07 18:44:32,825  run_gnn_dispatch          INFO       [oracle] QExa20  ->  1800 circuits
2026-10-07 18:44:32,833  run_gnn_dispatch          INFO       [oracle] overall mean fidelity: 0.1696  (load CV: 0.478)
2026-10-07 18:44:32,833  run_gnn_dispatch          INFO       [gt_weighted] EQE1_Top  ->  1576 circuits
2026-10-07 18:44:32,833  run_gnn_dispatch          INFO       [gt_weighted] EQE1_Bottom  ->  1656 circuits
2026-10-07 18:44:32,833  run_gnn_dispatch          INFO       [gt_weighted] QExa20  ->  1354 circuits
2026-10-07 18:44:32,841  run_gnn_dispatch          INFO       [gt_weighted] overall mean fidelity: 0.1657  (load CV: 0.102)
2026-10-07 18:44:32,841  run_gnn_dispatch          INFO       [gnn] EQE1_Top  ->  1317 circuits
2026-10-07 18:44:32,841  run_gnn_dispatch          INFO       [gnn] EQE1_Bottom  ->  1825 circuits
2026-10-07 18:44:32,841  run_gnn_dispatch          INFO       [gnn] QExa20  ->  1444 circuits
2026-10-07 18:44:32,849  run_gnn_dispatch          INFO       [gnn] overall mean fidelity: 0.1542  (load CV: 0.173)
2026-10-07 18:44:32,849  run_gnn_dispatch          INFO       [round_robin] EQE1_Top  ->  1529 circuits
2026-10-07 18:44:32,849  run_gnn_dispatch          INFO       [round_robin] EQE1_Bottom  ->  1529 circuits
2026-10-07 18:44:32,849  run_gnn_dispatch          INFO       [round_robin] QExa20  ->  1528 circuits
2026-10-07 18:44:32,857  run_gnn_dispatch          INFO       [round_robin] overall mean fidelity: 0.1382  (load CV: 0.000)
2026-10-07 18:44:32,861  run_gnn_dispatch          INFO       [cross-policy oracle↔gnn] agreement: 45.7%  mean regret: 0.0153
2026-10-07 18:44:32,865  run_gnn_dispatch          INFO       [cross-policy gt_weighted↔gnn] agreement: 45.1%  mean regret: 0.0115
2026-10-07 18:44:32,865  run_gnn_dispatch          INFO     === Fidelity weight 0.70 ===
2026-10-07 18:44:32,935  run_gnn_dispatch          INFO       [oracle] EQE1_Top  ->  701 circuits
2026-10-07 18:44:32,935  run_gnn_dispatch          INFO       [oracle] EQE1_Bottom  ->  2085 circuits
2026-10-07 18:44:32,935  run_gnn_dispatch          INFO       [oracle] QExa20  ->  1800 circuits
2026-10-07 18:44:32,943  run_gnn_dispatch          INFO       [oracle] overall mean fidelity: 0.1696  (load CV: 0.478)
2026-10-07 18:44:32,943  run_gnn_dispatch          INFO       [gt_weighted] EQE1_Top  ->  1576 circuits
2026-10-07 18:44:32,943  run_gnn_dispatch          INFO       [gt_weighted] EQE1_Bottom  ->  1718 circuits
2026-10-07 18:44:32,943  run_gnn_dispatch          INFO       [gt_weighted] QExa20  ->  1292 circuits
2026-10-07 18:44:32,951  run_gnn_dispatch          INFO       [gt_weighted] overall mean fidelity: 0.1671  (load CV: 0.142)
2026-10-07 18:44:32,951  run_gnn_dispatch          INFO       [gnn] EQE1_Top  ->  1235 circuits
2026-10-07 18:44:32,951  run_gnn_dispatch          INFO       [gnn] EQE1_Bottom  ->  1970 circuits
2026-10-07 18:44:32,951  run_gnn_dispatch          INFO       [gnn] QExa20  ->  1381 circuits
2026-10-07 18:44:32,959  run_gnn_dispatch          INFO       [gnn] overall mean fidelity: 0.1554  (load CV: 0.255)
2026-10-07 18:44:32,959  run_gnn_dispatch          INFO       [round_robin] EQE1_Top  ->  1529 circuits
2026-10-07 18:44:32,959  run_gnn_dispatch          INFO       [round_robin] EQE1_Bottom  ->  1529 circuits
2026-10-07 18:44:32,959  run_gnn_dispatch          INFO       [round_robin] QExa20  ->  1528 circuits
2026-10-07 18:44:32,967  run_gnn_dispatch          INFO       [round_robin] overall mean fidelity: 0.1382  (load CV: 0.000)
2026-10-07 18:44:32,971  run_gnn_dispatch          INFO       [cross-policy oracle↔gnn] agreement: 47.2%  mean regret: 0.0142
2026-10-07 18:44:32,975  run_gnn_dispatch          INFO       [cross-policy gt_weighted↔gnn] agreement: 45.4%  mean regret: 0.0117
2026-10-07 18:44:32,975  run_gnn_dispatch          INFO     === Fidelity weight 0.80 ===
2026-10-07 18:44:33,099  run_gnn_dispatch          INFO       [oracle] EQE1_Top  ->  701 circuits
2026-10-07 18:44:33,099  run_gnn_dispatch          INFO       [oracle] EQE1_Bottom  ->  2085 circuits
2026-10-07 18:44:33,099  run_gnn_dispatch          INFO       [oracle] QExa20  ->  1800 circuits
2026-10-07 18:44:33,107  run_gnn_dispatch          INFO       [oracle] overall mean fidelity: 0.1696  (load CV: 0.478)
2026-10-07 18:44:33,107  run_gnn_dispatch          INFO       [gt_weighted] EQE1_Top  ->  1567 circuits
2026-10-07 18:44:33,107  run_gnn_dispatch          INFO       [gt_weighted] EQE1_Bottom  ->  1817 circuits
2026-10-07 18:44:33,107  run_gnn_dispatch          INFO       [gt_weighted] QExa20  ->  1202 circuits
2026-10-07 18:44:33,115  run_gnn_dispatch          INFO       [gt_weighted] overall mean fidelity: 0.1684  (load CV: 0.202)
2026-10-07 18:44:33,115  run_gnn_dispatch          INFO       [gnn] EQE1_Top  ->  1112 circuits
2026-10-07 18:44:33,115  run_gnn_dispatch          INFO       [gnn] EQE1_Bottom  ->  2205 circuits
2026-10-07 18:44:33,115  run_gnn_dispatch          INFO       [gnn] QExa20  ->  1269 circuits
2026-10-07 18:44:33,123  run_gnn_dispatch          INFO       [gnn] overall mean fidelity: 0.1577  (load CV: 0.387)
2026-10-07 18:44:33,123  run_gnn_dispatch          INFO       [round_robin] EQE1_Top  ->  1529 circuits
2026-10-07 18:44:33,123  run_gnn_dispatch          INFO       [round_robin] EQE1_Bottom  ->  1529 circuits
2026-10-07 18:44:33,123  run_gnn_dispatch          INFO       [round_robin] QExa20  ->  1528 circuits
2026-10-07 18:44:33,131  run_gnn_dispatch          INFO       [round_robin] overall mean fidelity: 0.1382  (load CV: 0.000)
2026-10-07 18:44:33,135  run_gnn_dispatch          INFO       [cross-policy oracle↔gnn] agreement: 50.2%  mean regret: 0.0119
2026-10-07 18:44:33,139  run_gnn_dispatch          INFO       [cross-policy gt_weighted↔gnn] agreement: 46.0%  mean regret: 0.0107
2026-10-07 18:44:33,139  run_gnn_dispatch          INFO     === Fidelity weight 0.90 ===
2026-10-07 18:44:33,178  run_gnn_dispatch          INFO       [oracle] EQE1_Top  ->  701 circuits
2026-10-07 18:44:33,178  run_gnn_dispatch          INFO       [oracle] EQE1_Bottom  ->  2085 circuits
2026-10-07 18:44:33,178  run_gnn_dispatch          INFO       [oracle] QExa20  ->  1800 circuits
2026-10-07 18:44:33,186  run_gnn_dispatch          INFO       [oracle] overall mean fidelity: 0.1696  (load CV: 0.478)
2026-10-07 18:44:33,186  run_gnn_dispatch          INFO       [gt_weighted] EQE1_Top  ->  1469 circuits
2026-10-07 18:44:33,186  run_gnn_dispatch          INFO       [gt_weighted] EQE1_Bottom  ->  1983 circuits
2026-10-07 18:44:33,186  run_gnn_dispatch          INFO       [gt_weighted] QExa20  ->  1134 circuits
2026-10-07 18:44:33,194  run_gnn_dispatch          INFO       [gt_weighted] overall mean fidelity: 0.1691  (load CV: 0.280)
2026-10-07 18:44:33,194  run_gnn_dispatch          INFO       [gnn] EQE1_Top  ->  970 circuits
2026-10-07 18:44:33,194  run_gnn_dispatch          INFO       [gnn] EQE1_Bottom  ->  2535 circuits
2026-10-07 18:44:33,194  run_gnn_dispatch          INFO       [gnn] QExa20  ->  1081 circuits
2026-10-07 18:44:33,202  run_gnn_dispatch          INFO       [gnn] overall mean fidelity: 0.1605  (load CV: 0.571)
2026-10-07 18:44:33,202  run_gnn_dispatch          INFO       [round_robin] EQE1_Top  ->  1529 circuits
2026-10-07 18:44:33,202  run_gnn_dispatch          INFO       [round_robin] EQE1_Bottom  ->  1529 circuits
2026-10-07 18:44:33,202  run_gnn_dispatch          INFO       [round_robin] QExa20  ->  1528 circuits
2026-10-07 18:44:33,210  run_gnn_dispatch          INFO       [round_robin] overall mean fidelity: 0.1382  (load CV: 0.000)
2026-10-07 18:44:33,214  run_gnn_dispatch          INFO       [cross-policy oracle↔gnn] agreement: 54.7%  mean regret: 0.0091
2026-10-07 18:44:33,218  run_gnn_dispatch          INFO       [cross-policy gt_weighted↔gnn] agreement: 50.6%  mean regret: 0.0086
2026-10-07 18:44:33,218  run_gnn_dispatch          INFO     === Fidelity weight 1.00 ===
2026-10-07 18:44:33,256  run_gnn_dispatch          INFO       [oracle] EQE1_Top  ->  701 circuits
2026-10-07 18:44:33,256  run_gnn_dispatch          INFO       [oracle] EQE1_Bottom  ->  2085 circuits
2026-10-07 18:44:33,256  run_gnn_dispatch          INFO       [oracle] QExa20  ->  1800 circuits
2026-10-07 18:44:33,264  run_gnn_dispatch          INFO       [oracle] overall mean fidelity: 0.1696  (load CV: 0.478)
2026-10-07 18:44:33,264  run_gnn_dispatch          INFO       [gt_weighted] EQE1_Top  ->  701 circuits
2026-10-07 18:44:33,264  run_gnn_dispatch          INFO       [gt_weighted] EQE1_Bottom  ->  2085 circuits
2026-10-07 18:44:33,264  run_gnn_dispatch          INFO       [gt_weighted] QExa20  ->  1800 circuits
2026-10-07 18:44:33,272  run_gnn_dispatch          INFO       [gt_weighted] overall mean fidelity: 0.1696  (load CV: 0.478)
2026-10-07 18:44:33,272  run_gnn_dispatch          INFO       [gnn] EQE1_Top  ->  513 circuits
2026-10-07 18:44:33,272  run_gnn_dispatch          INFO       [gnn] EQE1_Bottom  ->  3109 circuits
2026-10-07 18:44:33,272  run_gnn_dispatch          INFO       [gnn] QExa20  ->  964 circuits
2026-10-07 18:44:33,279  run_gnn_dispatch          INFO       [gnn] overall mean fidelity: 0.1631  (load CV: 0.907)
2026-10-07 18:44:33,279  run_gnn_dispatch          INFO       [round_robin] EQE1_Top  ->  1529 circuits
2026-10-07 18:44:33,279  run_gnn_dispatch          INFO       [round_robin] EQE1_Bottom  ->  1529 circuits
2026-10-07 18:44:33,279  run_gnn_dispatch          INFO       [round_robin] QExa20  ->  1528 circuits
2026-10-07 18:44:33,288  run_gnn_dispatch          INFO       [round_robin] overall mean fidelity: 0.1382  (load CV: 0.000)
2026-10-07 18:44:33,291  run_gnn_dispatch          INFO       [cross-policy oracle↔gnn] agreement: 59.4%  mean regret: 0.0064
2026-10-07 18:44:33,295  run_gnn_dispatch          INFO       [cross-policy gt_weighted↔gnn] agreement: 59.4%  mean regret: 0.0064
2026-10-07 18:44:33,315  run_gnn_dispatch          INFO     Ground-truth fidelities saved to /home/atudisco/pred-distr-tool/evaluations/generalization_v2/results/scheduling/size_extrapolation_qmax_14/fidelity_ground_truth.json
2026-10-07 18:44:33,342  run_gnn_dispatch          INFO     GNN-predicted fidelities saved to /home/atudisco/pred-distr-tool/evaluations/generalization_v2/results/scheduling/size_extrapolation_qmax_14/fidelity_gnn_predicted.json
2026-10-07 18:44:33,437  run_gnn_dispatch          INFO     Full results saved to /home/atudisco/pred-distr-tool/evaluations/generalization_v2/results/scheduling/size_extrapolation_qmax_14/dispatch_results.json
2026-10-07 18:44:33,455  run_gnn_dispatch          INFO     Summary CSV saved to /home/atudisco/pred-distr-tool/evaluations/generalization_v2/results/scheduling/size_extrapolation_qmax_14/dispatch_summary.csv
2026-10-07 18:44:33,473  run_gnn_dispatch          INFO     Cross-policy CSV saved to /home/atudisco/pred-distr-tool/evaluations/generalization_v2/results/scheduling/size_extrapolation_qmax_14/cross_policy_summary.csv
2026-10-07 18:44:33,496  genstudy.io               INFO     Wrote /home/atudisco/pred-distr-tool/evaluations/generalization_v2/results/scheduling/size_extrapolation_qmax_14/sweep_summary.csv (11 rows)
2026-10-07 18:44:33,519  genstudy.io               INFO     Wrote /home/atudisco/pred-distr-tool/evaluations/generalization_v2/results/scheduling/size_extrapolation_qmax_14/scheduling_summary.json
2026-10-07 18:44:33,519  run_scheduling_eval       INFO     Scheduling evaluation finished: /home/atudisco/pred-distr-tool/evaluations/generalization_v2/results/scheduling/size_extrapolation_qmax_14
