2026-10-08 05:42:42,507  genstudy.io               INFO     Logging to evaluations/generalization_v3/results/xattn_a05_s6/leave_one_family_out/run.log
2026-10-08 05:42:42,507  run_experiment            INFO     Command line: evaluations/generalization_v3/scripts/run_experiment.py lofo --model xattn --balance-alpha 0.5 --lr 3e-4 --grad-clip 1.0 --seed 6 --families qaoa --groups vqe --results-dir evaluations/generalization_v3/results/xattn_a05_s6
2026-10-08 05:42:42,507  gsv2.gpu                  WARNING  No CUDA device available — running on the CPU.
2026-10-08 05:42:42,508  gsv3.model                INFO     Hyper-parameters (/home/atudisco/pred-distr-tool/src/model/best_params.json + v3 defaults): {'device_hidden': 64, 'device_layers': 3, 'fusion_dim': 128, 'qubit_layers': 2, 'attn_heads': 4, 'lap_pe': 8, 'cost_bias_init': -6.0, 'hidden_dim': 142, 'num_conv_wo_resnet': 3, 'num_resnet_layers': 1, 'dropout': 0.0, 'bidirectional': True, 'mlp': [512, 256, 128], 'lr': 0.001, 'readout': 'meanmaxsum'}
2026-10-08 05:42:42,508  genstudy.io               INFO     Logging to evaluations/generalization_v3/results/xattn_a05_s6/leave_one_family_out/run.log
2026-10-08 05:42:42,508  run_experiment            INFO     Command line: evaluations/generalization_v3/scripts/run_experiment.py lofo --model xattn --balance-alpha 0.5 --lr 3e-4 --grad-clip 1.0 --seed 6 --families qnn --groups vqe --results-dir evaluations/generalization_v3/results/xattn_a05_s6
2026-10-08 05:42:42,508  gsv2.gpu                  WARNING  No CUDA device available — running on the CPU.
2026-10-08 05:42:42,509  gsv3.model                INFO     Hyper-parameters (/home/atudisco/pred-distr-tool/src/model/best_params.json + v3 defaults): {'device_hidden': 64, 'device_layers': 3, 'fusion_dim': 128, 'qubit_layers': 2, 'attn_heads': 4, 'lap_pe': 8, 'cost_bias_init': -6.0, 'hidden_dim': 142, 'num_conv_wo_resnet': 3, 'num_resnet_layers': 1, 'dropout': 0.0, 'bidirectional': True, 'mlp': [512, 256, 128], 'lr': 0.001, 'readout': 'meanmaxsum'}
2026-10-08 05:42:42,519  gsv3.devices              INFO     Device graphs: node features 13 (Laplacian PE 8), physical errors False
2026-10-08 05:42:42,519  gsv3.devices              INFO     Device graphs: node features 13 (Laplacian PE 8), physical errors False
2026-10-08 05:42:42,520  genstudy.data             INFO     Loading graph dataset: /home/atudisco/pred-distr-tool/evaluations/generalization_v3/data/graph_dataset_expected_fidelity.pt
2026-10-08 05:42:42,520  genstudy.data             INFO     Loading graph dataset: /home/atudisco/pred-distr-tool/evaluations/generalization_v3/data/graph_dataset_expected_fidelity.pt
2026-10-08 05:42:42,693  genstudy.io               INFO     Logging to evaluations/generalization_v3/results/xattn_a05_s6/leave_one_family_out/run.log
2026-10-08 05:42:42,693  run_experiment            INFO     Command line: evaluations/generalization_v3/scripts/run_experiment.py lofo --model xattn --balance-alpha 0.5 --lr 3e-4 --grad-clip 1.0 --seed 6 --families randomcircuit --groups vqe --results-dir evaluations/generalization_v3/results/xattn_a05_s6
2026-10-08 05:42:42,693  gsv2.gpu                  WARNING  No CUDA device available — running on the CPU.
2026-10-08 05:42:42,694  gsv3.model                INFO     Hyper-parameters (/home/atudisco/pred-distr-tool/src/model/best_params.json + v3 defaults): {'device_hidden': 64, 'device_layers': 3, 'fusion_dim': 128, 'qubit_layers': 2, 'attn_heads': 4, 'lap_pe': 8, 'cost_bias_init': -6.0, 'hidden_dim': 142, 'num_conv_wo_resnet': 3, 'num_resnet_layers': 1, 'dropout': 0.0, 'bidirectional': True, 'mlp': [512, 256, 128], 'lr': 0.001, 'readout': 'meanmaxsum'}
2026-10-08 05:42:42,702  gsv3.devices              INFO     Device graphs: node features 13 (Laplacian PE 8), physical errors False
2026-10-08 05:42:42,703  genstudy.data             INFO     Loading graph dataset: /home/atudisco/pred-distr-tool/evaluations/generalization_v3/data/graph_dataset_expected_fidelity.pt
2026-10-08 05:42:42,722  genstudy.io               INFO     Logging to evaluations/generalization_v3/results/xattn_a05_s6/leave_one_family_out/run.log
2026-10-08 05:42:42,722  run_experiment            INFO     Command line: evaluations/generalization_v3/scripts/run_experiment.py lofo --model xattn --balance-alpha 0.5 --lr 3e-4 --grad-clip 1.0 --seed 6 --families iqpe --groups vqe --results-dir evaluations/generalization_v3/results/xattn_a05_s6
2026-10-08 05:42:42,722  gsv2.gpu                  WARNING  No CUDA device available — running on the CPU.
2026-10-08 05:42:42,722  gsv3.model                INFO     Hyper-parameters (/home/atudisco/pred-distr-tool/src/model/best_params.json + v3 defaults): {'device_hidden': 64, 'device_layers': 3, 'fusion_dim': 128, 'qubit_layers': 2, 'attn_heads': 4, 'lap_pe': 8, 'cost_bias_init': -6.0, 'hidden_dim': 142, 'num_conv_wo_resnet': 3, 'num_resnet_layers': 1, 'dropout': 0.0, 'bidirectional': True, 'mlp': [512, 256, 128], 'lr': 0.001, 'readout': 'meanmaxsum'}
2026-10-08 05:42:42,730  gsv3.devices              INFO     Device graphs: node features 13 (Laplacian PE 8), physical errors False
2026-10-08 05:42:42,731  genstudy.data             INFO     Loading graph dataset: /home/atudisco/pred-distr-tool/evaluations/generalization_v3/data/graph_dataset_expected_fidelity.pt
2026-10-08 05:42:47,018  genstudy.data             INFO     Loaded 17056 graphs
2026-10-08 05:42:47,020  genstudy.data             INFO     Loaded 17056 graphs
2026-10-08 05:42:47,020  genstudy.data             INFO     Loaded 17056 graphs
2026-10-08 05:42:47,048  genstudy.data             INFO     Loaded 17056 graphs
2026-10-08 05:42:47,048  genstudy.io               INFO     Wrote evaluations/generalization_v3/results/xattn_a05_s6/leave_one_family_out/dataset_summary.json
2026-10-08 05:42:47,049  genstudy.data             INFO     Holding out 1 families: qaoa
2026-10-08 05:42:47,051  run_experiment            INFO     [1/1] qaoa
2026-10-08 05:42:47,052  genstudy.io               INFO     Wrote evaluations/generalization_v3/results/xattn_a05_s6/leave_one_family_out/dataset_summary.json
2026-10-08 05:42:47,053  genstudy.data             INFO     Holding out 1 families: randomcircuit
2026-10-08 05:42:47,053  gsv3.experiment           INFO     === family_holdout / qaoa ===
2026-10-08 05:42:47,053  gsv3.experiment           INFO     Leave-one-family-out: test = all 2706 'qaoa' circuits, train = 14350 circuits from 34 other families.
2026-10-08 05:42:47,055  gsv3.experiment           INFO     train=10866  val=3484 ({'mode': 'family', 'val_families': ['bmw_quark_cardinality', 'bmw_quark_copula', 'cdkm_ripple_carry_adder', 'draper_qft_adder', 'full_adder', 'graphstate', 'hhl', 'iqpe', 'multiplier', 'qftentangled', 'qnn', 'qpeexact', 'qpeinexact', 'qwalk', 'randomcircuit', 'rg_qft_multiplier', 'seven_qubit_steane_code', 'shors_nine_qubit_code', 'vbe_ripple_carry_adder']})  test=2706
2026-10-08 05:42:47,055  run_experiment            INFO     [1/1] randomcircuit
2026-10-08 05:42:47,056  genstudy.io               INFO     Wrote evaluations/generalization_v3/results/xattn_a05_s6/leave_one_family_out/dataset_summary.json
2026-10-08 05:42:47,057  genstudy.data             INFO     Holding out 1 families: qnn
2026-10-08 05:42:47,057  gsv3.experiment           INFO     === family_holdout / randomcircuit ===
2026-10-08 05:42:47,058  gsv3.experiment           INFO     Leave-one-family-out: test = all 1234 'randomcircuit' circuits, train = 15822 circuits from 34 other families.
2026-10-08 05:42:47,059  run_experiment            INFO     [1/1] qnn
2026-10-08 05:42:47,059  gsv3.experiment           INFO     train=11986  val=3836 ({'mode': 'family', 'val_families': ['ae', 'bmw_quark_cardinality', 'bmw_quark_copula', 'bv', 'cdkm_ripple_carry_adder', 'draper_qft_adder', 'full_adder', 'ghz', 'ghz_dynamic', 'graphstate', 'half_adder', 'hhl', 'iqpe', 'multiplier', 'qft', 'qftentangled', 'qnn', 'qpeexact', 'qpeinexact', 'qwalk', 'rg_qft_multiplier', 'seven_qubit_steane_code', 'shors_nine_qubit_code', 'vbe_ripple_carry_adder', 'wstate']})  test=1234
2026-10-08 05:42:47,061  gsv3.experiment           INFO     === family_holdout / qnn ===
2026-10-08 05:42:47,061  gsv3.experiment           INFO     Leave-one-family-out: test = all 760 'qnn' circuits, train = 16296 circuits from 34 other families.
2026-10-08 05:42:47,063  gsv3.experiment           INFO     train=12771  val=3525 ({'mode': 'family', 'val_families': ['bmw_quark_cardinality', 'bmw_quark_copula', 'cdkm_ripple_carry_adder', 'draper_qft_adder', 'full_adder', 'ghz', 'ghz_dynamic', 'graphstate', 'hhl', 'iqpe', 'multiplier', 'qft', 'qftentangled', 'qpeexact', 'qpeinexact', 'qwalk', 'randomcircuit', 'rg_qft_multiplier', 'seven_qubit_steane_code', 'shors_nine_qubit_code', 'vbe_ripple_carry_adder', 'wstate']})  test=760
2026-10-08 05:42:47,082  genstudy.io               INFO     Wrote evaluations/generalization_v3/results/xattn_a05_s6/leave_one_family_out/dataset_summary.json
2026-10-08 05:42:47,083  genstudy.data             INFO     Holding out 1 families: iqpe
2026-10-08 05:42:47,085  run_experiment            INFO     [1/1] iqpe
2026-10-08 05:42:47,087  gsv3.experiment           INFO     === family_holdout / iqpe ===
2026-10-08 05:42:47,087  gsv3.experiment           INFO     Leave-one-family-out: test = all 570 'iqpe' circuits, train = 16486 circuits from 34 other families.
2026-10-08 05:42:47,089  gsv3.experiment           INFO     train=12764  val=3722 ({'mode': 'family', 'val_families': ['bmw_quark_cardinality', 'bmw_quark_copula', 'cdkm_ripple_carry_adder', 'draper_qft_adder', 'full_adder', 'ghz', 'ghz_dynamic', 'graphstate', 'hhl', 'modular_adder', 'qft', 'qftentangled', 'qnn', 'qpeexact', 'qpeinexact', 'qwalk', 'randomcircuit', 'rg_qft_multiplier', 'seven_qubit_steane_code', 'shors_nine_qubit_code', 'vbe_ripple_carry_adder', 'wstate']})  test=570
2026-10-08 05:42:47,228  gsv3.training             INFO     [family_holdout:randomcircuit] model=xattn (945113 params) train=11986 val=3836 lr=0.0003 clip=1.0 alpha=0.50
2026-10-08 05:42:47,231  gsv3.training             INFO     [family_holdout:qnn] model=xattn (945113 params) train=12771 val=3525 lr=0.0003 clip=1.0 alpha=0.50
2026-10-08 05:42:47,338  gsv3.training             INFO     [family_holdout:iqpe] model=xattn (945113 params) train=12764 val=3722 lr=0.0003 clip=1.0 alpha=0.50
2026-10-08 05:42:47,339  gsv3.training             INFO     [family_holdout:qaoa] model=xattn (945113 params) train=10866 val=3484 lr=0.0003 clip=1.0 alpha=0.50
2026-10-08 05:44:00,634  gsv3.training             INFO     [family_holdout:qaoa] epoch 0001  train_log_mse=2.24282  val_log_mse=2.24448  val_mse=0.020253  max_grad=4680.77  patience=0/30
2026-10-08 05:44:18,389  gsv3.training             INFO     [family_holdout:randomcircuit] epoch 0001  train_log_mse=1.58788  val_log_mse=6.26170  val_mse=0.032096  max_grad=791.65  patience=0/30
2026-10-08 05:44:25,433  gsv3.training             INFO     [family_holdout:qnn] epoch 0001  train_log_mse=2.23221  val_log_mse=7.34279  val_mse=0.030839  max_grad=6227.32  patience=0/30
2026-10-08 05:44:26,120  gsv3.training             INFO     [family_holdout:iqpe] epoch 0001  train_log_mse=2.13438  val_log_mse=5.40166  val_mse=0.017657  max_grad=2602.32  patience=0/30
2026-10-08 05:45:13,407  gsv3.training             INFO     [family_holdout:qaoa] epoch 0002  train_log_mse=0.30260  val_log_mse=1.69601  val_mse=0.022250  max_grad=179.46  patience=1/30
2026-10-08 05:45:50,901  gsv3.training             INFO     [family_holdout:randomcircuit] epoch 0002  train_log_mse=0.41529  val_log_mse=7.50723  val_mse=0.041375  max_grad=124.82  patience=1/30
2026-10-08 05:46:02,126  gsv3.training             INFO     [family_holdout:qnn] epoch 0002  train_log_mse=0.48518  val_log_mse=7.52453  val_mse=0.029495  max_grad=234.02  patience=0/30
2026-10-08 05:46:05,041  gsv3.training             INFO     [family_holdout:iqpe] epoch 0002  train_log_mse=0.47713  val_log_mse=5.97938  val_mse=0.015268  max_grad=275.08  patience=0/30
2026-10-08 05:46:26,573  gsv3.training             INFO     [family_holdout:qaoa] epoch 0003  train_log_mse=0.21889  val_log_mse=1.80191  val_mse=0.023773  max_grad=136.39  patience=2/30
2026-10-08 05:47:22,648  gsv3.training             INFO     [family_holdout:randomcircuit] epoch 0003  train_log_mse=0.26825  val_log_mse=7.59258  val_mse=0.040647  max_grad=114.05  patience=2/30
2026-10-08 05:47:39,934  gsv3.training             INFO     [family_holdout:qaoa] epoch 0004  train_log_mse=0.18860  val_log_mse=2.21084  val_mse=0.017200  max_grad=88.30  patience=0/30
2026-10-08 05:47:41,069  gsv3.training             INFO     [family_holdout:qnn] epoch 0003  train_log_mse=0.31676  val_log_mse=7.71200  val_mse=0.031113  max_grad=143.55  patience=1/30
2026-10-08 05:47:46,249  gsv3.training             INFO     [family_holdout:iqpe] epoch 0003  train_log_mse=0.27475  val_log_mse=5.08200  val_mse=0.015731  max_grad=123.13  patience=1/30
2026-10-08 05:48:54,401  gsv3.training             INFO     [family_holdout:qaoa] epoch 0005  train_log_mse=0.14907  val_log_mse=1.86534  val_mse=0.017155  max_grad=70.58  patience=0/30
2026-10-08 05:48:54,896  gsv3.training             INFO     [family_holdout:randomcircuit] epoch 0004  train_log_mse=0.23402  val_log_mse=6.52615  val_mse=0.031110  max_grad=115.22  patience=0/30
2026-10-08 05:49:18,824  gsv3.training             INFO     [family_holdout:qnn] epoch 0004  train_log_mse=0.25788  val_log_mse=7.59508  val_mse=0.029105  max_grad=148.18  patience=0/30
2026-10-08 05:49:26,852  gsv3.training             INFO     [family_holdout:iqpe] epoch 0004  train_log_mse=0.21168  val_log_mse=5.50292  val_mse=0.016631  max_grad=112.02  patience=2/30
2026-10-08 05:50:07,072  gsv3.training             INFO     [family_holdout:qaoa] epoch 0006  train_log_mse=0.14660  val_log_mse=1.79615  val_mse=0.017867  max_grad=84.81  patience=1/30
2026-10-08 05:50:26,536  gsv3.training             INFO     [family_holdout:randomcircuit] epoch 0005  train_log_mse=0.20177  val_log_mse=6.89605  val_mse=0.034653  max_grad=95.49  patience=1/30
2026-10-08 05:50:55,270  gsv3.training             INFO     [family_holdout:qnn] epoch 0005  train_log_mse=0.20069  val_log_mse=8.47355  val_mse=0.042208  max_grad=92.03  patience=1/30
2026-10-08 05:51:05,813  gsv3.training             INFO     [family_holdout:iqpe] epoch 0005  train_log_mse=0.18756  val_log_mse=6.20037  val_mse=0.020340  max_grad=73.80  patience=3/30
2026-10-08 05:51:21,572  gsv3.training             INFO     [family_holdout:qaoa] epoch 0007  train_log_mse=0.13049  val_log_mse=1.84236  val_mse=0.017275  max_grad=67.22  patience=2/30
2026-10-08 05:51:57,962  gsv3.training             INFO     [family_holdout:randomcircuit] epoch 0006  train_log_mse=0.17597  val_log_mse=6.00048  val_mse=0.027088  max_grad=85.44  patience=0/30
2026-10-08 05:52:33,873  gsv3.training             INFO     [family_holdout:qaoa] epoch 0008  train_log_mse=0.10542  val_log_mse=1.77914  val_mse=0.019305  max_grad=85.77  patience=3/30
2026-10-08 05:52:34,687  gsv3.training             INFO     [family_holdout:qnn] epoch 0006  train_log_mse=0.23662  val_log_mse=7.76109  val_mse=0.030547  max_grad=102.55  patience=2/30
2026-10-08 05:52:46,160  gsv3.training             INFO     [family_holdout:iqpe] epoch 0006  train_log_mse=0.15433  val_log_mse=5.57114  val_mse=0.016594  max_grad=68.73  patience=4/30
2026-10-08 05:53:28,444  gsv3.training             INFO     [family_holdout:randomcircuit] epoch 0007  train_log_mse=0.14256  val_log_mse=6.91211  val_mse=0.034558  max_grad=54.85  patience=1/30
2026-10-08 05:53:46,919  gsv3.training             INFO     [family_holdout:qaoa] epoch 0009  train_log_mse=0.11400  val_log_mse=1.79213  val_mse=0.017518  max_grad=59.69  patience=4/30
2026-10-08 05:54:11,815  gsv3.training             INFO     [family_holdout:qnn] epoch 0007  train_log_mse=0.19498  val_log_mse=7.11170  val_mse=0.023096  max_grad=98.44  patience=0/30
2026-10-08 05:54:27,008  gsv3.training             INFO     [family_holdout:iqpe] epoch 0007  train_log_mse=0.14147  val_log_mse=5.98408  val_mse=0.017255  max_grad=71.49  patience=5/30
2026-10-08 05:54:59,320  gsv3.training             INFO     [family_holdout:randomcircuit] epoch 0008  train_log_mse=0.14253  val_log_mse=6.61644  val_mse=0.030986  max_grad=64.73  patience=2/30
2026-10-08 05:55:00,630  gsv3.training             INFO     [family_holdout:qaoa] epoch 0010  train_log_mse=0.10948  val_log_mse=2.10639  val_mse=0.015450  max_grad=39.87  patience=0/30
2026-10-08 05:55:49,147  gsv3.training             INFO     [family_holdout:qnn] epoch 0008  train_log_mse=0.16025  val_log_mse=7.56939  val_mse=0.027398  max_grad=111.87  patience=1/30
2026-10-08 05:56:06,957  gsv3.training             INFO     [family_holdout:iqpe] epoch 0008  train_log_mse=0.12228  val_log_mse=5.86452  val_mse=0.015579  max_grad=51.99  patience=6/30
2026-10-08 05:56:13,530  gsv3.training             INFO     [family_holdout:qaoa] epoch 0011  train_log_mse=0.10647  val_log_mse=1.80292  val_mse=0.018097  max_grad=69.70  patience=1/30
2026-10-08 05:56:31,722  gsv3.training             INFO     [family_holdout:randomcircuit] epoch 0009  train_log_mse=0.13459  val_log_mse=6.72975  val_mse=0.030863  max_grad=62.98  patience=3/30
2026-10-08 05:57:26,101  gsv3.training             INFO     [family_holdout:qaoa] epoch 0012  train_log_mse=0.08856  val_log_mse=1.84115  val_mse=0.016822  max_grad=49.08  patience=2/30
2026-10-08 05:57:27,003  gsv3.training             INFO     [family_holdout:qnn] epoch 0009  train_log_mse=0.13755  val_log_mse=7.74492  val_mse=0.027996  max_grad=68.29  patience=2/30
2026-10-08 05:57:47,297  gsv3.training             INFO     [family_holdout:iqpe] epoch 0009  train_log_mse=0.11239  val_log_mse=5.29613  val_mse=0.014891  max_grad=84.10  patience=0/30
2026-10-08 05:58:01,120  gsv3.training             INFO     [family_holdout:randomcircuit] epoch 0010  train_log_mse=0.12231  val_log_mse=6.53373  val_mse=0.029220  max_grad=67.37  patience=4/30
2026-10-08 05:58:39,759  gsv3.training             INFO     [family_holdout:qaoa] epoch 0013  train_log_mse=0.08371  val_log_mse=1.84245  val_mse=0.015834  max_grad=30.27  patience=3/30
2026-10-08 05:59:05,799  gsv3.training             INFO     [family_holdout:qnn] epoch 0010  train_log_mse=0.11749  val_log_mse=7.50501  val_mse=0.025564  max_grad=54.52  patience=3/30
2026-10-08 05:59:27,648  gsv3.training             INFO     [family_holdout:iqpe] epoch 0010  train_log_mse=0.09164  val_log_mse=5.53004  val_mse=0.014009  max_grad=42.11  patience=0/30
2026-10-08 05:59:31,973  gsv3.training             INFO     [family_holdout:randomcircuit] epoch 0011  train_log_mse=0.12475  val_log_mse=6.55059  val_mse=0.030076  max_grad=71.44  patience=5/30
2026-10-08 05:59:53,273  gsv3.training             INFO     [family_holdout:qaoa] epoch 0014  train_log_mse=0.09653  val_log_mse=1.80415  val_mse=0.020127  max_grad=76.13  patience=4/30
2026-10-08 06:00:43,922  gsv3.training             INFO     [family_holdout:qnn] epoch 0011  train_log_mse=0.11518  val_log_mse=7.81390  val_mse=0.029354  max_grad=64.96  patience=4/30
2026-10-08 06:01:03,478  gsv3.training             INFO     [family_holdout:randomcircuit] epoch 0012  train_log_mse=0.10249  val_log_mse=6.51529  val_mse=0.027419  max_grad=53.70  patience=6/30
2026-10-08 06:01:07,289  gsv3.training             INFO     [family_holdout:qaoa] epoch 0015  train_log_mse=0.08370  val_log_mse=1.88130  val_mse=0.017324  max_grad=37.81  patience=5/30
2026-10-08 06:01:07,438  gsv3.training             INFO     [family_holdout:iqpe] epoch 0011  train_log_mse=0.09784  val_log_mse=5.34270  val_mse=0.014729  max_grad=50.70  patience=1/30
2026-10-08 06:02:19,966  gsv3.training             INFO     [family_holdout:qnn] epoch 0012  train_log_mse=0.12300  val_log_mse=7.44208  val_mse=0.025383  max_grad=63.26  patience=5/30
2026-10-08 06:02:21,028  gsv3.training             INFO     [family_holdout:qaoa] epoch 0016  train_log_mse=0.07366  val_log_mse=1.76550  val_mse=0.019008  max_grad=43.01  patience=6/30
2026-10-08 06:02:35,068  gsv3.training             INFO     [family_holdout:randomcircuit] epoch 0013  train_log_mse=0.09711  val_log_mse=6.70702  val_mse=0.031999  max_grad=41.08  patience=7/30
2026-10-08 06:02:44,733  gsv3.training             INFO     [family_holdout:iqpe] epoch 0012  train_log_mse=0.10573  val_log_mse=5.24970  val_mse=0.013893  max_grad=42.14  patience=0/30
2026-10-08 06:03:34,291  gsv3.training             INFO     [family_holdout:qaoa] epoch 0017  train_log_mse=0.07807  val_log_mse=1.82497  val_mse=0.018366  max_grad=37.57  patience=7/30
2026-10-08 06:03:57,619  gsv3.training             INFO     [family_holdout:qnn] epoch 0013  train_log_mse=0.11635  val_log_mse=7.69558  val_mse=0.027819  max_grad=74.17  patience=6/30
2026-10-08 06:04:05,496  gsv3.training             INFO     [family_holdout:randomcircuit] epoch 0014  train_log_mse=0.10837  val_log_mse=6.43364  val_mse=0.029649  max_grad=68.22  patience=8/30
2026-10-08 06:04:26,400  gsv3.training             INFO     [family_holdout:iqpe] epoch 0013  train_log_mse=0.08842  val_log_mse=5.22965  val_mse=0.012865  max_grad=35.53  patience=0/30
2026-10-08 06:04:46,438  gsv3.training             INFO     [family_holdout:qaoa] epoch 0018  train_log_mse=0.08210  val_log_mse=1.82723  val_mse=0.017218  max_grad=57.31  patience=8/30
2026-10-08 06:05:34,978  gsv3.training             INFO     [family_holdout:qnn] epoch 0014  train_log_mse=0.10145  val_log_mse=7.66234  val_mse=0.027202  max_grad=54.55  patience=7/30
2026-10-08 06:05:36,093  gsv3.training             INFO     [family_holdout:randomcircuit] epoch 0015  train_log_mse=0.09467  val_log_mse=6.49651  val_mse=0.029201  max_grad=57.68  patience=9/30
2026-10-08 06:05:59,632  gsv3.training             INFO     [family_holdout:qaoa] epoch 0019  train_log_mse=0.07822  val_log_mse=1.87960  val_mse=0.017527  max_grad=46.77  patience=9/30
2026-10-08 06:06:05,098  gsv3.training             INFO     [family_holdout:iqpe] epoch 0014  train_log_mse=0.07407  val_log_mse=4.90257  val_mse=0.014733  max_grad=34.68  patience=1/30
2026-10-08 06:07:06,516  gsv3.training             INFO     [family_holdout:randomcircuit] epoch 0016  train_log_mse=0.08937  val_log_mse=6.19241  val_mse=0.025660  max_grad=75.24  patience=0/30
2026-10-08 06:07:13,309  gsv3.training             INFO     [family_holdout:qnn] epoch 0015  train_log_mse=0.10167  val_log_mse=7.49188  val_mse=0.026200  max_grad=59.02  patience=8/30
2026-10-08 06:07:13,684  gsv3.training             INFO     [family_holdout:qaoa] epoch 0020  train_log_mse=0.06515  val_log_mse=1.80884  val_mse=0.019096  max_grad=31.46  patience=10/30
2026-10-08 06:07:46,238  gsv3.training             INFO     [family_holdout:iqpe] epoch 0015  train_log_mse=0.07784  val_log_mse=5.71451  val_mse=0.013749  max_grad=34.08  patience=2/30
2026-10-08 06:08:27,332  gsv3.training             INFO     [family_holdout:qaoa] epoch 0021  train_log_mse=0.07380  val_log_mse=1.89904  val_mse=0.022637  max_grad=52.40  patience=11/30
2026-10-08 06:08:36,728  gsv3.training             INFO     [family_holdout:randomcircuit] epoch 0017  train_log_mse=0.08275  val_log_mse=6.78147  val_mse=0.030717  max_grad=42.86  patience=1/30
2026-10-08 06:08:49,198  gsv3.training             INFO     [family_holdout:qnn] epoch 0016  train_log_mse=0.09388  val_log_mse=7.28175  val_mse=0.023619  max_grad=59.11  patience=9/30
2026-10-08 06:09:24,993  gsv3.training             INFO     [family_holdout:iqpe] epoch 0016  train_log_mse=0.08670  val_log_mse=5.31527  val_mse=0.014001  max_grad=57.41  patience=3/30
2026-10-08 06:09:40,542  gsv3.training             INFO     [family_holdout:qaoa] epoch 0022  train_log_mse=0.07508  val_log_mse=1.99823  val_mse=0.018664  max_grad=35.83  patience=12/30
2026-10-08 06:10:08,458  gsv3.training             INFO     [family_holdout:randomcircuit] epoch 0018  train_log_mse=0.08751  val_log_mse=6.57833  val_mse=0.028889  max_grad=38.41  patience=2/30
2026-10-08 06:10:26,778  gsv3.training             INFO     [family_holdout:qnn] epoch 0017  train_log_mse=0.08703  val_log_mse=7.09982  val_mse=0.022034  max_grad=48.35  patience=0/30
2026-10-08 06:10:54,485  gsv3.training             INFO     [family_holdout:qaoa] epoch 0023  train_log_mse=0.06480  val_log_mse=1.84941  val_mse=0.019591  max_grad=40.10  patience=13/30
2026-10-08 06:11:04,681  gsv3.training             INFO     [family_holdout:iqpe] epoch 0017  train_log_mse=0.08034  val_log_mse=5.27206  val_mse=0.012676  max_grad=35.55  patience=0/30
2026-10-08 06:11:39,436  gsv3.training             INFO     [family_holdout:randomcircuit] epoch 0019  train_log_mse=0.09301  val_log_mse=6.53502  val_mse=0.029044  max_grad=56.72  patience=3/30
2026-10-08 06:12:05,059  gsv3.training             INFO     [family_holdout:qnn] epoch 0018  train_log_mse=0.08899  val_log_mse=7.58838  val_mse=0.025420  max_grad=79.88  patience=1/30
2026-10-08 06:12:07,882  gsv3.training             INFO     [family_holdout:qaoa] epoch 0024  train_log_mse=0.06844  val_log_mse=1.84571  val_mse=0.020184  max_grad=44.12  patience=14/30
2026-10-08 06:12:42,253  gsv3.training             INFO     [family_holdout:iqpe] epoch 0018  train_log_mse=0.07866  val_log_mse=5.32873  val_mse=0.013914  max_grad=55.81  patience=1/30
2026-10-08 06:13:10,349  gsv3.training             INFO     [family_holdout:randomcircuit] epoch 0020  train_log_mse=0.08281  val_log_mse=6.26698  val_mse=0.026721  max_grad=47.81  patience=4/30
2026-10-08 06:13:22,639  gsv3.training             INFO     [family_holdout:qaoa] epoch 0025  train_log_mse=0.06340  val_log_mse=2.07546  val_mse=0.019027  max_grad=39.55  patience=15/30
2026-10-08 06:13:42,624  gsv3.training             INFO     [family_holdout:qnn] epoch 0019  train_log_mse=0.08656  val_log_mse=7.31124  val_mse=0.022010  max_grad=45.99  patience=0/30
2026-10-08 06:14:20,214  gsv3.training             INFO     [family_holdout:iqpe] epoch 0019  train_log_mse=0.06719  val_log_mse=5.04774  val_mse=0.013922  max_grad=44.00  patience=2/30
2026-10-08 06:14:36,132  gsv3.training             INFO     [family_holdout:qaoa] epoch 0026  train_log_mse=0.05922  val_log_mse=1.90275  val_mse=0.019307  max_grad=29.28  patience=16/30
2026-10-08 06:14:41,118  gsv3.training             INFO     [family_holdout:randomcircuit] epoch 0021  train_log_mse=0.08261  val_log_mse=6.25740  val_mse=0.027964  max_grad=41.70  patience=5/30
2026-10-08 06:15:21,979  gsv3.training             INFO     [family_holdout:qnn] epoch 0020  train_log_mse=0.08783  val_log_mse=7.67048  val_mse=0.027214  max_grad=64.61  patience=1/30
2026-10-08 06:15:51,042  gsv3.training             INFO     [family_holdout:qaoa] epoch 0027  train_log_mse=0.05473  val_log_mse=1.85003  val_mse=0.020986  max_grad=37.58  patience=17/30
2026-10-08 06:15:59,445  gsv3.training             INFO     [family_holdout:iqpe] epoch 0020  train_log_mse=0.07220  val_log_mse=5.20281  val_mse=0.012972  max_grad=32.33  patience=3/30
2026-10-08 06:16:10,799  gsv3.training             INFO     [family_holdout:randomcircuit] epoch 0022  train_log_mse=0.07987  val_log_mse=6.29051  val_mse=0.026122  max_grad=58.08  patience=6/30
2026-10-08 06:16:58,887  gsv3.training             INFO     [family_holdout:qnn] epoch 0021  train_log_mse=0.08310  val_log_mse=7.35255  val_mse=0.024833  max_grad=42.65  patience=2/30
2026-10-08 06:17:04,751  gsv3.training             INFO     [family_holdout:qaoa] epoch 0028  train_log_mse=0.05691  val_log_mse=1.95420  val_mse=0.023481  max_grad=34.10  patience=18/30
2026-10-08 06:17:36,698  gsv3.training             INFO     [family_holdout:iqpe] epoch 0021  train_log_mse=0.06913  val_log_mse=5.08516  val_mse=0.014102  max_grad=32.12  patience=4/30
2026-10-08 06:17:42,328  gsv3.training             INFO     [family_holdout:randomcircuit] epoch 0023  train_log_mse=0.07612  val_log_mse=6.09339  val_mse=0.025511  max_grad=39.08  patience=0/30
2026-10-08 06:18:18,365  gsv3.training             INFO     [family_holdout:qaoa] epoch 0029  train_log_mse=0.06158  val_log_mse=1.92386  val_mse=0.019565  max_grad=35.60  patience=19/30
2026-10-08 06:18:37,310  gsv3.training             INFO     [family_holdout:qnn] epoch 0022  train_log_mse=0.07736  val_log_mse=7.35909  val_mse=0.023615  max_grad=42.11  patience=3/30
2026-10-08 06:19:13,246  gsv3.training             INFO     [family_holdout:randomcircuit] epoch 0024  train_log_mse=0.07647  val_log_mse=6.62133  val_mse=0.028013  max_grad=38.47  patience=1/30
2026-10-08 06:19:14,970  gsv3.training             INFO     [family_holdout:iqpe] epoch 0022  train_log_mse=0.06549  val_log_mse=5.36724  val_mse=0.014406  max_grad=30.36  patience=5/30
2026-10-08 06:19:31,418  gsv3.training             INFO     [family_holdout:qaoa] epoch 0030  train_log_mse=0.05829  val_log_mse=1.85783  val_mse=0.019089  max_grad=29.78  patience=20/30
2026-10-08 06:20:15,280  gsv3.training             INFO     [family_holdout:qnn] epoch 0023  train_log_mse=0.08181  val_log_mse=7.92446  val_mse=0.028837  max_grad=55.16  patience=4/30
2026-10-08 06:20:44,821  gsv3.training             INFO     [family_holdout:randomcircuit] epoch 0025  train_log_mse=0.07510  val_log_mse=6.45982  val_mse=0.028361  max_grad=41.96  patience=2/30
2026-10-08 06:20:45,098  gsv3.training             INFO     [family_holdout:qaoa] epoch 0031  train_log_mse=0.06447  val_log_mse=1.80927  val_mse=0.022180  max_grad=44.85  patience=21/30
2026-10-08 06:20:53,160  gsv3.training             INFO     [family_holdout:iqpe] epoch 0023  train_log_mse=0.06004  val_log_mse=5.45949  val_mse=0.014611  max_grad=26.03  patience=6/30
2026-10-08 06:21:56,726  gsv3.training             INFO     [family_holdout:qnn] epoch 0024  train_log_mse=0.07706  val_log_mse=7.26026  val_mse=0.022246  max_grad=46.87  patience=5/30
2026-10-08 06:21:58,884  gsv3.training             INFO     [family_holdout:qaoa] epoch 0032  train_log_mse=0.05706  val_log_mse=1.91353  val_mse=0.022249  max_grad=30.92  patience=22/30
2026-10-08 06:22:17,292  gsv3.training             INFO     [family_holdout:randomcircuit] epoch 0026  train_log_mse=0.08299  val_log_mse=6.84682  val_mse=0.030304  max_grad=56.37  patience=3/30
2026-10-08 06:22:30,673  gsv3.training             INFO     [family_holdout:iqpe] epoch 0024  train_log_mse=0.05884  val_log_mse=5.44675  val_mse=0.015153  max_grad=43.34  patience=7/30
2026-10-08 06:23:13,420  gsv3.training             INFO     [family_holdout:qaoa] epoch 0033  train_log_mse=0.05364  val_log_mse=1.99413  val_mse=0.021267  max_grad=25.65  patience=23/30
2026-10-08 06:23:33,046  gsv3.training             INFO     [family_holdout:qnn] epoch 0025  train_log_mse=0.07896  val_log_mse=6.86418  val_mse=0.018573  max_grad=51.85  patience=0/30
2026-10-08 06:23:49,192  gsv3.training             INFO     [family_holdout:randomcircuit] epoch 0027  train_log_mse=0.06751  val_log_mse=6.05933  val_mse=0.024462  max_grad=29.95  patience=0/30
2026-10-08 06:24:08,071  gsv3.training             INFO     [family_holdout:iqpe] epoch 0025  train_log_mse=0.05160  val_log_mse=5.47025  val_mse=0.014400  max_grad=26.50  patience=8/30
2026-10-08 06:24:26,693  gsv3.training             INFO     [family_holdout:qaoa] epoch 0034  train_log_mse=0.06946  val_log_mse=1.81048  val_mse=0.020714  max_grad=38.89  patience=24/30
2026-10-08 06:25:10,698  gsv3.training             INFO     [family_holdout:qnn] epoch 0026  train_log_mse=0.06687  val_log_mse=7.33970  val_mse=0.022386  max_grad=43.75  patience=1/30
2026-10-08 06:25:20,531  gsv3.training             INFO     [family_holdout:randomcircuit] epoch 0028  train_log_mse=0.05906  val_log_mse=6.50952  val_mse=0.027152  max_grad=30.53  patience=1/30
2026-10-08 06:25:39,819  gsv3.training             INFO     [family_holdout:qaoa] epoch 0035  train_log_mse=0.05385  val_log_mse=1.82888  val_mse=0.019685  max_grad=44.49  patience=25/30
2026-10-08 06:25:46,699  gsv3.training             INFO     [family_holdout:iqpe] epoch 0026  train_log_mse=0.06243  val_log_mse=5.23291  val_mse=0.014603  max_grad=33.46  patience=9/30
2026-10-08 06:26:48,406  gsv3.training             INFO     [family_holdout:qnn] epoch 0027  train_log_mse=0.06950  val_log_mse=6.89564  val_mse=0.018136  max_grad=35.82  patience=0/30
2026-10-08 06:26:51,238  gsv3.training             INFO     [family_holdout:randomcircuit] epoch 0029  train_log_mse=0.07184  val_log_mse=5.76665  val_mse=0.021999  max_grad=40.61  patience=0/30
2026-10-08 06:26:54,779  gsv3.training             INFO     [family_holdout:qaoa] epoch 0036  train_log_mse=0.05138  val_log_mse=1.88094  val_mse=0.021939  max_grad=27.45  patience=26/30
2026-10-08 06:27:25,943  gsv3.training             INFO     [family_holdout:iqpe] epoch 0027  train_log_mse=0.05635  val_log_mse=5.03238  val_mse=0.014506  max_grad=33.28  patience=10/30
2026-10-08 06:28:07,862  gsv3.training             INFO     [family_holdout:qaoa] epoch 0037  train_log_mse=0.04809  val_log_mse=1.80286  val_mse=0.020487  max_grad=34.63  patience=27/30
2026-10-08 06:28:21,890  gsv3.training             INFO     [family_holdout:randomcircuit] epoch 0030  train_log_mse=0.06563  val_log_mse=6.06657  val_mse=0.023872  max_grad=40.34  patience=1/30
2026-10-08 06:28:26,745  gsv3.training             INFO     [family_holdout:qnn] epoch 0028  train_log_mse=0.06501  val_log_mse=6.99575  val_mse=0.016873  max_grad=41.93  patience=0/30
2026-10-08 06:29:04,590  gsv3.training             INFO     [family_holdout:iqpe] epoch 0028  train_log_mse=0.05471  val_log_mse=5.30977  val_mse=0.015560  max_grad=29.36  patience=11/30
2026-10-08 06:29:21,603  gsv3.training             INFO     [family_holdout:qaoa] epoch 0038  train_log_mse=0.05456  val_log_mse=1.99165  val_mse=0.018427  max_grad=46.26  patience=28/30
2026-10-08 06:29:54,328  gsv3.training             INFO     [family_holdout:randomcircuit] epoch 0031  train_log_mse=0.06876  val_log_mse=6.29503  val_mse=0.024844  max_grad=37.61  patience=2/30
2026-10-08 06:30:04,894  gsv3.training             INFO     [family_holdout:qnn] epoch 0029  train_log_mse=0.07088  val_log_mse=7.62017  val_mse=0.024203  max_grad=54.36  patience=1/30
2026-10-08 06:30:36,431  gsv3.training             INFO     [family_holdout:qaoa] epoch 0039  train_log_mse=0.05037  val_log_mse=1.79056  val_mse=0.020168  max_grad=26.18  patience=29/30
2026-10-08 06:30:41,166  gsv3.training             INFO     [family_holdout:iqpe] epoch 0029  train_log_mse=0.05610  val_log_mse=5.60123  val_mse=0.015662  max_grad=29.68  patience=12/30
2026-10-08 06:31:22,439  gsv3.training             INFO     [family_holdout:randomcircuit] epoch 0032  train_log_mse=0.06331  val_log_mse=6.10664  val_mse=0.023482  max_grad=45.07  patience=3/30
2026-10-08 06:31:41,902  gsv3.training             INFO     [family_holdout:qnn] epoch 0030  train_log_mse=0.06863  val_log_mse=7.02053  val_mse=0.020841  max_grad=37.58  patience=2/30
2026-10-08 06:31:50,593  gsv3.training             INFO     [family_holdout:qaoa] epoch 0040  train_log_mse=0.05490  val_log_mse=2.10532  val_mse=0.020321  max_grad=31.32  patience=30/30
2026-10-08 06:31:58,742  gsv3.experiment           INFO     [qaoa] TEST  n=2706  MAE=0.0794  R2=0.8936  device-acc=0.762  regret=0.0126
2026-10-08 06:31:58,745  genstudy.io               INFO     Wrote evaluations/generalization_v3/results/xattn_a05_s6/leave_one_family_out/qaoa/metrics.json
2026-10-08 06:31:58,759  genstudy.io               INFO     Wrote evaluations/generalization_v3/results/xattn_a05_s6/leave_one_family_out/qaoa/predictions.json
2026-10-08 06:31:58,771  genstudy.io               INFO     Wrote evaluations/generalization_v3/results/xattn_a05_s6/leave_one_family_out/qaoa/history.json
2026-10-08 06:31:58,790  genstudy.io               INFO     Wrote evaluations/generalization_v3/results/xattn_a05_s6/leave_one_family_out/folds.json
2026-10-08 06:31:58,795  genstudy.experiment       INFO     Merged held-out predictions for 2706 circuits
2026-10-08 06:31:58,807  genstudy.io               INFO     Wrote evaluations/generalization_v3/results/xattn_a05_s6/leave_one_family_out/heldout_predictions.json
2026-10-08 06:31:58,807  run_experiment            INFO     leave_one_family_out finished: 1 complete, 0 skipped
2026-10-08 06:32:12,363  gsv3.training             INFO     [family_holdout:iqpe] epoch 0030  train_log_mse=0.05933  val_log_mse=5.28433  val_mse=0.014023  max_grad=32.12  patience=13/30
2026-10-08 06:32:47,313  gsv3.training             INFO     [family_holdout:randomcircuit] epoch 0033  train_log_mse=0.05868  val_log_mse=6.09425  val_mse=0.022915  max_grad=32.13  patience=4/30
2026-10-08 06:33:13,474  gsv3.training             INFO     [family_holdout:qnn] epoch 0031  train_log_mse=0.05722  val_log_mse=7.11143  val_mse=0.021644  max_grad=40.99  patience=3/30
2026-10-08 06:33:42,317  gsv3.training             INFO     [family_holdout:iqpe] epoch 0031  train_log_mse=0.05252  val_log_mse=5.29200  val_mse=0.013956  max_grad=30.95  patience=14/30
2026-10-08 06:34:12,444  gsv3.training             INFO     [family_holdout:randomcircuit] epoch 0034  train_log_mse=0.05574  val_log_mse=5.86383  val_mse=0.022429  max_grad=40.99  patience=5/30
2026-10-08 06:34:44,589  gsv3.training             INFO     [family_holdout:qnn] epoch 0032  train_log_mse=0.06657  val_log_mse=7.18587  val_mse=0.022026  max_grad=29.62  patience=4/30
2026-10-08 06:35:15,144  gsv3.training             INFO     [family_holdout:iqpe] epoch 0032  train_log_mse=0.05063  val_log_mse=5.21084  val_mse=0.014842  max_grad=24.01  patience=15/30
2026-10-08 06:35:39,443  gsv3.training             INFO     [family_holdout:randomcircuit] epoch 0035  train_log_mse=0.05966  val_log_mse=6.24728  val_mse=0.024561  max_grad=37.92  patience=6/30
2026-10-08 06:36:11,465  gsv3.training             INFO     [family_holdout:qnn] epoch 0033  train_log_mse=0.06352  val_log_mse=7.03367  val_mse=0.020127  max_grad=34.73  patience=5/30
2026-10-08 06:36:47,072  gsv3.training             INFO     [family_holdout:iqpe] epoch 0033  train_log_mse=0.04816  val_log_mse=5.09027  val_mse=0.015197  max_grad=22.29  patience=16/30
2026-10-08 06:37:04,008  gsv3.training             INFO     [family_holdout:randomcircuit] epoch 0036  train_log_mse=0.06527  val_log_mse=5.51475  val_mse=0.021939  max_grad=34.33  patience=0/30
2026-10-08 06:37:38,125  gsv3.training             INFO     [family_holdout:qnn] epoch 0034  train_log_mse=0.05711  val_log_mse=6.98883  val_mse=0.019116  max_grad=31.01  patience=6/30
2026-10-08 06:38:18,309  gsv3.training             INFO     [family_holdout:iqpe] epoch 0034  train_log_mse=0.04567  val_log_mse=5.31921  val_mse=0.013698  max_grad=22.38  patience=17/30
2026-10-08 06:38:28,324  gsv3.training             INFO     [family_holdout:randomcircuit] epoch 0037  train_log_mse=0.05696  val_log_mse=6.05567  val_mse=0.022896  max_grad=42.65  patience=1/30
2026-10-08 06:39:04,828  gsv3.training             INFO     [family_holdout:qnn] epoch 0035  train_log_mse=0.05645  val_log_mse=7.07266  val_mse=0.020204  max_grad=30.61  patience=7/30
2026-10-08 06:39:49,614  gsv3.training             INFO     [family_holdout:iqpe] epoch 0035  train_log_mse=0.04619  val_log_mse=4.94361  val_mse=0.013495  max_grad=31.06  patience=18/30
2026-10-08 06:39:53,682  gsv3.training             INFO     [family_holdout:randomcircuit] epoch 0038  train_log_mse=0.05532  val_log_mse=5.82774  val_mse=0.022840  max_grad=33.08  patience=2/30
2026-10-08 06:40:32,632  gsv3.training             INFO     [family_holdout:qnn] epoch 0036  train_log_mse=0.05734  val_log_mse=7.40498  val_mse=0.023391  max_grad=35.52  patience=8/30
2026-10-08 06:41:19,820  gsv3.training             INFO     [family_holdout:randomcircuit] epoch 0039  train_log_mse=0.06172  val_log_mse=5.65874  val_mse=0.020672  max_grad=60.18  patience=0/30
2026-10-08 06:41:21,015  gsv3.training             INFO     [family_holdout:iqpe] epoch 0036  train_log_mse=0.04606  val_log_mse=5.04757  val_mse=0.013397  max_grad=21.87  patience=19/30
2026-10-08 06:41:59,697  gsv3.training             INFO     [family_holdout:qnn] epoch 0037  train_log_mse=0.05824  val_log_mse=6.70902  val_mse=0.017051  max_grad=73.93  patience=9/30
2026-10-08 06:42:43,954  gsv3.training             INFO     [family_holdout:randomcircuit] epoch 0040  train_log_mse=0.05376  val_log_mse=6.08121  val_mse=0.024131  max_grad=32.43  patience=1/30
2026-10-08 06:42:52,259  gsv3.training             INFO     [family_holdout:iqpe] epoch 0037  train_log_mse=0.04195  val_log_mse=5.36194  val_mse=0.013593  max_grad=23.00  patience=20/30
2026-10-08 06:43:24,404  gsv3.training             INFO     [family_holdout:qnn] epoch 0038  train_log_mse=0.04964  val_log_mse=7.01402  val_mse=0.019769  max_grad=31.06  patience=10/30
2026-10-08 06:44:08,980  gsv3.training             INFO     [family_holdout:randomcircuit] epoch 0041  train_log_mse=0.06218  val_log_mse=5.47253  val_mse=0.020979  max_grad=63.36  patience=2/30
2026-10-08 06:44:23,639  gsv3.training             INFO     [family_holdout:iqpe] epoch 0038  train_log_mse=0.04597  val_log_mse=5.21487  val_mse=0.014118  max_grad=36.87  patience=21/30
2026-10-08 06:44:50,044  gsv3.training             INFO     [family_holdout:qnn] epoch 0039  train_log_mse=0.04995  val_log_mse=6.98035  val_mse=0.019796  max_grad=22.16  patience=11/30
2026-10-08 06:45:34,272  gsv3.training             INFO     [family_holdout:randomcircuit] epoch 0042  train_log_mse=0.04907  val_log_mse=5.92270  val_mse=0.023312  max_grad=40.87  patience=3/30
2026-10-08 06:45:54,906  gsv3.training             INFO     [family_holdout:iqpe] epoch 0039  train_log_mse=0.05133  val_log_mse=5.30128  val_mse=0.014870  max_grad=25.47  patience=22/30
2026-10-08 06:46:16,050  gsv3.training             INFO     [family_holdout:qnn] epoch 0040  train_log_mse=0.05581  val_log_mse=6.95352  val_mse=0.020164  max_grad=58.30  patience=12/30
2026-10-08 06:46:59,860  gsv3.training             INFO     [family_holdout:randomcircuit] epoch 0043  train_log_mse=0.05089  val_log_mse=6.03518  val_mse=0.022929  max_grad=29.32  patience=4/30
2026-10-08 06:47:26,314  gsv3.training             INFO     [family_holdout:iqpe] epoch 0040  train_log_mse=0.05478  val_log_mse=4.88529  val_mse=0.014552  max_grad=34.25  patience=23/30
2026-10-08 06:47:40,449  gsv3.training             INFO     [family_holdout:qnn] epoch 0041  train_log_mse=0.05346  val_log_mse=7.32138  val_mse=0.023474  max_grad=51.49  patience=13/30
2026-10-08 06:48:24,012  gsv3.training             INFO     [family_holdout:randomcircuit] epoch 0044  train_log_mse=0.04585  val_log_mse=6.00505  val_mse=0.021163  max_grad=31.13  patience=5/30
2026-10-08 06:48:56,922  gsv3.training             INFO     [family_holdout:iqpe] epoch 0041  train_log_mse=0.05020  val_log_mse=5.06714  val_mse=0.015903  max_grad=39.66  patience=24/30
2026-10-08 06:49:04,279  gsv3.training             INFO     [family_holdout:qnn] epoch 0042  train_log_mse=0.05188  val_log_mse=7.27713  val_mse=0.022267  max_grad=47.30  patience=14/30
2026-10-08 06:49:48,759  gsv3.training             INFO     [family_holdout:randomcircuit] epoch 0045  train_log_mse=0.05110  val_log_mse=6.11255  val_mse=0.023786  max_grad=32.95  patience=6/30
2026-10-08 06:50:27,484  gsv3.training             INFO     [family_holdout:iqpe] epoch 0042  train_log_mse=0.04015  val_log_mse=5.37533  val_mse=0.015406  max_grad=23.40  patience=25/30
2026-10-08 06:50:29,415  gsv3.training             INFO     [family_holdout:qnn] epoch 0043  train_log_mse=0.04784  val_log_mse=7.05084  val_mse=0.020029  max_grad=26.68  patience=15/30
2026-10-08 06:51:14,439  gsv3.training             INFO     [family_holdout:randomcircuit] epoch 0046  train_log_mse=0.05154  val_log_mse=6.14659  val_mse=0.023924  max_grad=42.03  patience=7/30
2026-10-08 06:51:55,359  gsv3.training             INFO     [family_holdout:qnn] epoch 0044  train_log_mse=0.05117  val_log_mse=7.25546  val_mse=0.022017  max_grad=39.28  patience=16/30
2026-10-08 06:51:58,351  gsv3.training             INFO     [family_holdout:iqpe] epoch 0043  train_log_mse=0.04511  val_log_mse=5.32653  val_mse=0.014522  max_grad=24.74  patience=26/30
2026-10-08 06:52:39,929  gsv3.training             INFO     [family_holdout:randomcircuit] epoch 0047  train_log_mse=0.05524  val_log_mse=6.39996  val_mse=0.026274  max_grad=36.90  patience=8/30
2026-10-08 06:53:21,160  gsv3.training             INFO     [family_holdout:qnn] epoch 0045  train_log_mse=0.04531  val_log_mse=7.24954  val_mse=0.021544  max_grad=26.49  patience=17/30
2026-10-08 06:53:29,797  gsv3.training             INFO     [family_holdout:iqpe] epoch 0044  train_log_mse=0.04039  val_log_mse=5.11544  val_mse=0.014876  max_grad=30.60  patience=27/30
2026-10-08 06:54:04,795  gsv3.training             INFO     [family_holdout:randomcircuit] epoch 0048  train_log_mse=0.04989  val_log_mse=6.36878  val_mse=0.027071  max_grad=39.11  patience=9/30
2026-10-08 06:54:46,973  gsv3.training             INFO     [family_holdout:qnn] epoch 0046  train_log_mse=0.04815  val_log_mse=7.03183  val_mse=0.020539  max_grad=32.95  patience=18/30
2026-10-08 06:55:01,525  gsv3.training             INFO     [family_holdout:iqpe] epoch 0045  train_log_mse=0.04102  val_log_mse=5.03726  val_mse=0.014362  max_grad=19.05  patience=28/30
2026-10-08 06:55:28,249  gsv3.training             INFO     [family_holdout:randomcircuit] epoch 0049  train_log_mse=0.04586  val_log_mse=5.59574  val_mse=0.020405  max_grad=27.91  patience=0/30
2026-10-08 06:56:13,315  gsv3.training             INFO     [family_holdout:qnn] epoch 0047  train_log_mse=0.04651  val_log_mse=6.88526  val_mse=0.019328  max_grad=24.25  patience=19/30
2026-10-08 06:56:32,769  gsv3.training             INFO     [family_holdout:iqpe] epoch 0046  train_log_mse=0.03857  val_log_mse=5.40993  val_mse=0.014227  max_grad=16.81  patience=29/30
2026-10-08 06:56:53,826  gsv3.training             INFO     [family_holdout:randomcircuit] epoch 0050  train_log_mse=0.04440  val_log_mse=5.51936  val_mse=0.021971  max_grad=30.29  patience=1/30
2026-10-08 06:57:40,329  gsv3.training             INFO     [family_holdout:qnn] epoch 0048  train_log_mse=0.04805  val_log_mse=6.68691  val_mse=0.017606  max_grad=38.99  patience=20/30
2026-10-08 06:58:04,415  gsv3.training             INFO     [family_holdout:iqpe] epoch 0047  train_log_mse=0.04031  val_log_mse=4.82419  val_mse=0.015029  max_grad=18.92  patience=30/30
2026-10-08 06:58:05,346  gsv3.experiment           INFO     [iqpe] TEST  n=570  MAE=0.2007  R2=-0.4400  device-acc=0.086  regret=0.1450
2026-10-08 06:58:05,350  genstudy.io               INFO     Wrote evaluations/generalization_v3/results/xattn_a05_s6/leave_one_family_out/iqpe/metrics.json
2026-10-08 06:58:05,355  genstudy.io               INFO     Wrote evaluations/generalization_v3/results/xattn_a05_s6/leave_one_family_out/iqpe/predictions.json
2026-10-08 06:58:05,366  genstudy.io               INFO     Wrote evaluations/generalization_v3/results/xattn_a05_s6/leave_one_family_out/iqpe/history.json
2026-10-08 06:58:05,405  genstudy.io               INFO     Wrote evaluations/generalization_v3/results/xattn_a05_s6/leave_one_family_out/folds.json
2026-10-08 06:58:05,407  genstudy.experiment       INFO     Merged held-out predictions for 570 circuits
2026-10-08 06:58:05,410  genstudy.io               INFO     Wrote evaluations/generalization_v3/results/xattn_a05_s6/leave_one_family_out/heldout_predictions.json
2026-10-08 06:58:05,411  run_experiment            INFO     leave_one_family_out finished: 1 complete, 0 skipped
2026-10-08 06:58:16,610  gsv3.training             INFO     [family_holdout:randomcircuit] epoch 0051  train_log_mse=0.04553  val_log_mse=5.67200  val_mse=0.020845  max_grad=24.16  patience=2/30
2026-10-08 06:59:07,862  gsv3.training             INFO     [family_holdout:qnn] epoch 0049  train_log_mse=0.04373  val_log_mse=7.23139  val_mse=0.022076  max_grad=28.12  patience=21/30
2026-10-08 06:59:35,413  gsv3.training             INFO     [family_holdout:randomcircuit] epoch 0052  train_log_mse=0.04572  val_log_mse=5.78490  val_mse=0.021446  max_grad=30.53  patience=3/30
2026-10-08 07:00:33,475  gsv3.training             INFO     [family_holdout:qnn] epoch 0050  train_log_mse=0.04175  val_log_mse=6.59944  val_mse=0.017377  max_grad=22.07  patience=22/30
2026-10-08 07:00:53,215  gsv3.training             INFO     [family_holdout:randomcircuit] epoch 0053  train_log_mse=0.04379  val_log_mse=5.70499  val_mse=0.021917  max_grad=30.02  patience=4/30
2026-10-08 07:01:59,083  gsv3.training             INFO     [family_holdout:qnn] epoch 0051  train_log_mse=0.03945  val_log_mse=6.97906  val_mse=0.020047  max_grad=26.27  patience=23/30
2026-10-08 07:02:11,292  gsv3.training             INFO     [family_holdout:randomcircuit] epoch 0054  train_log_mse=0.03981  val_log_mse=5.88027  val_mse=0.023992  max_grad=22.49  patience=5/30
2026-10-08 07:03:25,115  gsv3.training             INFO     [family_holdout:qnn] epoch 0052  train_log_mse=0.04613  val_log_mse=6.86956  val_mse=0.019231  max_grad=30.76  patience=24/30
2026-10-08 07:03:29,445  gsv3.training             INFO     [family_holdout:randomcircuit] epoch 0055  train_log_mse=0.05511  val_log_mse=5.55176  val_mse=0.020422  max_grad=38.54  patience=6/30
2026-10-08 07:04:47,104  gsv3.training             INFO     [family_holdout:randomcircuit] epoch 0056  train_log_mse=0.04703  val_log_mse=5.79179  val_mse=0.022903  max_grad=29.79  patience=7/30
2026-10-08 07:04:50,491  gsv3.training             INFO     [family_holdout:qnn] epoch 0053  train_log_mse=0.04447  val_log_mse=6.74087  val_mse=0.018087  max_grad=26.08  patience=25/30
2026-10-08 07:06:05,018  gsv3.training             INFO     [family_holdout:randomcircuit] epoch 0057  train_log_mse=0.04742  val_log_mse=5.69146  val_mse=0.023436  max_grad=49.35  patience=8/30
2026-10-08 07:06:15,190  gsv3.training             INFO     [family_holdout:qnn] epoch 0054  train_log_mse=0.04316  val_log_mse=6.93162  val_mse=0.019860  max_grad=22.89  patience=26/30
2026-10-08 07:07:22,058  gsv3.training             INFO     [family_holdout:randomcircuit] epoch 0058  train_log_mse=0.04058  val_log_mse=5.61097  val_mse=0.023593  max_grad=22.12  patience=9/30
2026-10-08 07:07:38,806  gsv3.training             INFO     [family_holdout:qnn] epoch 0055  train_log_mse=0.04546  val_log_mse=7.16153  val_mse=0.021031  max_grad=40.19  patience=27/30
2026-10-08 07:08:42,805  gsv3.training             INFO     [family_holdout:randomcircuit] epoch 0059  train_log_mse=0.04378  val_log_mse=6.19527  val_mse=0.024543  max_grad=33.22  patience=10/30
2026-10-08 07:09:08,181  gsv3.training             INFO     [family_holdout:qnn] epoch 0056  train_log_mse=0.04287  val_log_mse=6.98811  val_mse=0.020046  max_grad=24.58  patience=28/30
2026-10-08 07:10:14,761  gsv3.training             INFO     [family_holdout:randomcircuit] epoch 0060  train_log_mse=0.04798  val_log_mse=5.54600  val_mse=0.022621  max_grad=32.58  patience=11/30
2026-10-08 07:10:45,513  gsv3.training             INFO     [family_holdout:qnn] epoch 0057  train_log_mse=0.05201  val_log_mse=6.54325  val_mse=0.016840  max_grad=29.08  patience=0/30
2026-10-08 07:11:45,114  gsv3.training             INFO     [family_holdout:randomcircuit] epoch 0061  train_log_mse=0.04704  val_log_mse=5.42815  val_mse=0.021633  max_grad=53.67  patience=12/30
2026-10-08 07:12:23,176  gsv3.training             INFO     [family_holdout:qnn] epoch 0058  train_log_mse=0.04153  val_log_mse=6.81701  val_mse=0.019390  max_grad=32.37  patience=1/30
2026-10-08 07:13:16,542  gsv3.training             INFO     [family_holdout:randomcircuit] epoch 0062  train_log_mse=0.04273  val_log_mse=5.65748  val_mse=0.023253  max_grad=36.20  patience=13/30
2026-10-08 07:14:01,034  gsv3.training             INFO     [family_holdout:qnn] epoch 0059  train_log_mse=0.04209  val_log_mse=6.98701  val_mse=0.021231  max_grad=40.19  patience=2/30
2026-10-08 07:14:47,798  gsv3.training             INFO     [family_holdout:randomcircuit] epoch 0063  train_log_mse=0.04365  val_log_mse=5.39680  val_mse=0.021530  max_grad=30.54  patience=14/30
2026-10-08 07:15:38,519  gsv3.training             INFO     [family_holdout:qnn] epoch 0060  train_log_mse=0.04148  val_log_mse=7.32765  val_mse=0.023239  max_grad=20.52  patience=3/30
2026-10-08 07:16:18,724  gsv3.training             INFO     [family_holdout:randomcircuit] epoch 0064  train_log_mse=0.04502  val_log_mse=6.03605  val_mse=0.023618  max_grad=38.69  patience=15/30
2026-10-08 07:17:15,226  gsv3.training             INFO     [family_holdout:qnn] epoch 0061  train_log_mse=0.04591  val_log_mse=6.82669  val_mse=0.018212  max_grad=39.36  patience=4/30
2026-10-08 07:17:50,673  gsv3.training             INFO     [family_holdout:randomcircuit] epoch 0065  train_log_mse=0.03965  val_log_mse=5.46062  val_mse=0.020365  max_grad=31.78  patience=0/30
2026-10-08 07:18:51,516  gsv3.training             INFO     [family_holdout:qnn] epoch 0062  train_log_mse=0.03707  val_log_mse=6.89457  val_mse=0.019042  max_grad=26.67  patience=5/30
2026-10-08 07:19:21,666  gsv3.training             INFO     [family_holdout:randomcircuit] epoch 0066  train_log_mse=0.03838  val_log_mse=5.86302  val_mse=0.025051  max_grad=25.63  patience=1/30
2026-10-08 07:20:30,841  gsv3.training             INFO     [family_holdout:qnn] epoch 0063  train_log_mse=0.03705  val_log_mse=6.99032  val_mse=0.020761  max_grad=19.58  patience=6/30
2026-10-08 07:20:53,457  gsv3.training             INFO     [family_holdout:randomcircuit] epoch 0067  train_log_mse=0.04118  val_log_mse=5.56318  val_mse=0.022763  max_grad=30.93  patience=2/30
2026-10-08 07:22:08,834  gsv3.training             INFO     [family_holdout:qnn] epoch 0064  train_log_mse=0.03774  val_log_mse=6.56738  val_mse=0.017725  max_grad=27.81  patience=7/30
2026-10-08 07:22:25,180  gsv3.training             INFO     [family_holdout:randomcircuit] epoch 0068  train_log_mse=0.03788  val_log_mse=5.74620  val_mse=0.024730  max_grad=23.82  patience=3/30
2026-10-08 07:23:46,344  gsv3.training             INFO     [family_holdout:qnn] epoch 0065  train_log_mse=0.03622  val_log_mse=6.60498  val_mse=0.016554  max_grad=21.58  patience=0/30
2026-10-08 07:23:56,701  gsv3.training             INFO     [family_holdout:randomcircuit] epoch 0069  train_log_mse=0.04190  val_log_mse=5.46243  val_mse=0.025022  max_grad=24.10  patience=4/30
2026-10-08 07:25:24,454  gsv3.training             INFO     [family_holdout:qnn] epoch 0066  train_log_mse=0.03738  val_log_mse=6.85475  val_mse=0.017529  max_grad=23.52  patience=1/30
2026-10-08 07:25:26,482  gsv3.training             INFO     [family_holdout:randomcircuit] epoch 0070  train_log_mse=0.03483  val_log_mse=5.24147  val_mse=0.023567  max_grad=20.04  patience=5/30
2026-10-08 07:26:57,513  gsv3.training             INFO     [family_holdout:randomcircuit] epoch 0071  train_log_mse=0.03418  val_log_mse=5.58873  val_mse=0.024344  max_grad=35.80  patience=6/30
2026-10-08 07:27:01,958  gsv3.training             INFO     [family_holdout:qnn] epoch 0067  train_log_mse=0.03562  val_log_mse=6.68046  val_mse=0.016371  max_grad=23.15  patience=0/30
2026-10-08 07:28:29,461  gsv3.training             INFO     [family_holdout:randomcircuit] epoch 0072  train_log_mse=0.03569  val_log_mse=5.48431  val_mse=0.023188  max_grad=27.33  patience=7/30
2026-10-08 07:28:39,120  gsv3.training             INFO     [family_holdout:qnn] epoch 0068  train_log_mse=0.03843  val_log_mse=6.88219  val_mse=0.019731  max_grad=22.96  patience=1/30
2026-10-08 07:29:59,974  gsv3.training             INFO     [family_holdout:randomcircuit] epoch 0073  train_log_mse=0.04309  val_log_mse=5.04802  val_mse=0.020071  max_grad=40.30  patience=0/30
2026-10-08 07:30:18,072  gsv3.training             INFO     [family_holdout:qnn] epoch 0069  train_log_mse=0.03866  val_log_mse=6.79281  val_mse=0.018625  max_grad=26.01  patience=2/30
2026-10-08 07:31:31,612  gsv3.training             INFO     [family_holdout:randomcircuit] epoch 0074  train_log_mse=0.03592  val_log_mse=5.83439  val_mse=0.024271  max_grad=24.51  patience=1/30
2026-10-08 07:31:55,638  gsv3.training             INFO     [family_holdout:qnn] epoch 0070  train_log_mse=0.03473  val_log_mse=7.01047  val_mse=0.019557  max_grad=30.47  patience=3/30
2026-10-08 07:33:03,953  gsv3.training             INFO     [family_holdout:randomcircuit] epoch 0075  train_log_mse=0.03301  val_log_mse=5.66925  val_mse=0.022132  max_grad=23.18  patience=2/30
2026-10-08 07:33:33,159  gsv3.training             INFO     [family_holdout:qnn] epoch 0071  train_log_mse=0.04816  val_log_mse=6.79018  val_mse=0.017861  max_grad=27.49  patience=4/30
2026-10-08 07:34:36,366  gsv3.training             INFO     [family_holdout:randomcircuit] epoch 0076  train_log_mse=0.03112  val_log_mse=5.54756  val_mse=0.023119  max_grad=23.79  patience=3/30
2026-10-08 07:35:11,643  gsv3.training             INFO     [family_holdout:qnn] epoch 0072  train_log_mse=0.04601  val_log_mse=6.82006  val_mse=0.018891  max_grad=72.30  patience=5/30
2026-10-08 07:36:07,825  gsv3.training             INFO     [family_holdout:randomcircuit] epoch 0077  train_log_mse=0.03853  val_log_mse=5.51246  val_mse=0.024670  max_grad=23.79  patience=4/30
2026-10-08 07:36:51,332  gsv3.training             INFO     [family_holdout:qnn] epoch 0073  train_log_mse=0.03774  val_log_mse=6.66634  val_mse=0.017923  max_grad=21.60  patience=6/30
2026-10-08 07:37:38,920  gsv3.training             INFO     [family_holdout:randomcircuit] epoch 0078  train_log_mse=0.04735  val_log_mse=5.24068  val_mse=0.023496  max_grad=31.78  patience=5/30
2026-10-08 07:38:30,833  gsv3.training             INFO     [family_holdout:qnn] epoch 0074  train_log_mse=0.03896  val_log_mse=6.81044  val_mse=0.018687  max_grad=31.87  patience=7/30
2026-10-08 07:39:09,185  gsv3.training             INFO     [family_holdout:randomcircuit] epoch 0079  train_log_mse=0.03500  val_log_mse=5.55649  val_mse=0.024751  max_grad=26.52  patience=6/30
2026-10-08 07:40:08,698  gsv3.training             INFO     [family_holdout:qnn] epoch 0075  train_log_mse=0.03432  val_log_mse=6.57237  val_mse=0.017491  max_grad=20.95  patience=8/30
2026-10-08 07:40:39,550  gsv3.training             INFO     [family_holdout:randomcircuit] epoch 0080  train_log_mse=0.03796  val_log_mse=5.22968  val_mse=0.020246  max_grad=28.86  patience=7/30
2026-10-08 07:41:45,809  gsv3.training             INFO     [family_holdout:qnn] epoch 0076  train_log_mse=0.03748  val_log_mse=6.72608  val_mse=0.018300  max_grad=30.21  patience=9/30
2026-10-08 07:42:10,588  gsv3.training             INFO     [family_holdout:randomcircuit] epoch 0081  train_log_mse=0.03901  val_log_mse=5.30269  val_mse=0.023414  max_grad=23.04  patience=8/30
2026-10-08 07:43:24,377  gsv3.training             INFO     [family_holdout:qnn] epoch 0077  train_log_mse=0.03411  val_log_mse=6.86890  val_mse=0.018427  max_grad=19.82  patience=10/30
2026-10-08 07:43:43,426  gsv3.training             INFO     [family_holdout:randomcircuit] epoch 0082  train_log_mse=0.03318  val_log_mse=5.38087  val_mse=0.023266  max_grad=22.68  patience=9/30
2026-10-08 07:45:01,908  gsv3.training             INFO     [family_holdout:qnn] epoch 0078  train_log_mse=0.03833  val_log_mse=6.73253  val_mse=0.018201  max_grad=25.07  patience=11/30
2026-10-08 07:45:16,279  gsv3.training             INFO     [family_holdout:randomcircuit] epoch 0083  train_log_mse=0.03559  val_log_mse=5.59496  val_mse=0.023482  max_grad=24.54  patience=10/30
2026-10-08 07:46:40,388  gsv3.training             INFO     [family_holdout:qnn] epoch 0079  train_log_mse=0.03755  val_log_mse=6.65374  val_mse=0.017090  max_grad=18.17  patience=12/30
2026-10-08 07:46:47,939  gsv3.training             INFO     [family_holdout:randomcircuit] epoch 0084  train_log_mse=0.03261  val_log_mse=5.00928  val_mse=0.022752  max_grad=22.02  patience=11/30
2026-10-08 07:48:18,698  gsv3.training             INFO     [family_holdout:randomcircuit] epoch 0085  train_log_mse=0.03777  val_log_mse=5.56132  val_mse=0.022495  max_grad=28.41  patience=12/30
2026-10-08 07:48:19,775  gsv3.training             INFO     [family_holdout:qnn] epoch 0080  train_log_mse=0.03233  val_log_mse=6.71457  val_mse=0.018467  max_grad=20.36  patience=13/30
2026-10-08 07:49:51,734  gsv3.training             INFO     [family_holdout:randomcircuit] epoch 0086  train_log_mse=0.03461  val_log_mse=5.07186  val_mse=0.021353  max_grad=25.12  patience=13/30
2026-10-08 07:49:57,642  gsv3.training             INFO     [family_holdout:qnn] epoch 0081  train_log_mse=0.03530  val_log_mse=6.71774  val_mse=0.017415  max_grad=23.77  patience=14/30
2026-10-08 07:51:21,429  gsv3.training             INFO     [family_holdout:randomcircuit] epoch 0087  train_log_mse=0.03884  val_log_mse=5.08847  val_mse=0.020432  max_grad=35.08  patience=14/30
2026-10-08 07:51:36,927  gsv3.training             INFO     [family_holdout:qnn] epoch 0082  train_log_mse=0.03770  val_log_mse=6.85634  val_mse=0.019124  max_grad=32.60  patience=15/30
2026-10-08 07:52:53,015  gsv3.training             INFO     [family_holdout:randomcircuit] epoch 0088  train_log_mse=0.03187  val_log_mse=5.18227  val_mse=0.020280  max_grad=32.49  patience=15/30
2026-10-08 07:53:16,349  gsv3.training             INFO     [family_holdout:qnn] epoch 0083  train_log_mse=0.03602  val_log_mse=6.72542  val_mse=0.017428  max_grad=27.74  patience=16/30
2026-10-08 07:54:24,449  gsv3.training             INFO     [family_holdout:randomcircuit] epoch 0089  train_log_mse=0.03136  val_log_mse=5.18325  val_mse=0.019928  max_grad=19.75  patience=0/30
2026-10-08 07:54:54,185  gsv3.training             INFO     [family_holdout:qnn] epoch 0084  train_log_mse=0.03494  val_log_mse=6.73747  val_mse=0.017819  max_grad=26.64  patience=17/30
2026-10-08 07:55:56,580  gsv3.training             INFO     [family_holdout:randomcircuit] epoch 0090  train_log_mse=0.03437  val_log_mse=4.92164  val_mse=0.021555  max_grad=25.35  patience=1/30
2026-10-08 07:56:32,581  gsv3.training             INFO     [family_holdout:qnn] epoch 0085  train_log_mse=0.03030  val_log_mse=6.59709  val_mse=0.016896  max_grad=18.27  patience=18/30
2026-10-08 07:57:29,164  gsv3.training             INFO     [family_holdout:randomcircuit] epoch 0091  train_log_mse=0.03514  val_log_mse=5.27748  val_mse=0.020781  max_grad=32.65  patience=2/30
2026-10-08 07:58:11,727  gsv3.training             INFO     [family_holdout:qnn] epoch 0086  train_log_mse=0.03419  val_log_mse=6.71906  val_mse=0.018333  max_grad=21.21  patience=19/30
2026-10-08 07:59:01,333  gsv3.training             INFO     [family_holdout:randomcircuit] epoch 0092  train_log_mse=0.02998  val_log_mse=5.35341  val_mse=0.023856  max_grad=20.28  patience=3/30
2026-10-08 07:59:51,519  gsv3.training             INFO     [family_holdout:qnn] epoch 0087  train_log_mse=0.03231  val_log_mse=6.66997  val_mse=0.017769  max_grad=23.18  patience=20/30
2026-10-08 08:00:32,508  gsv3.training             INFO     [family_holdout:randomcircuit] epoch 0093  train_log_mse=0.03265  val_log_mse=5.22132  val_mse=0.022260  max_grad=35.78  patience=4/30
2026-10-08 08:01:31,041  gsv3.training             INFO     [family_holdout:qnn] epoch 0088  train_log_mse=0.03383  val_log_mse=6.82388  val_mse=0.017303  max_grad=22.18  patience=21/30
2026-10-08 08:02:03,968  gsv3.training             INFO     [family_holdout:randomcircuit] epoch 0094  train_log_mse=0.03335  val_log_mse=5.42170  val_mse=0.021707  max_grad=26.90  patience=5/30
2026-10-08 08:03:10,830  gsv3.training             INFO     [family_holdout:qnn] epoch 0089  train_log_mse=0.03238  val_log_mse=6.60743  val_mse=0.018527  max_grad=26.38  patience=22/30
2026-10-08 08:03:36,523  gsv3.training             INFO     [family_holdout:randomcircuit] epoch 0095  train_log_mse=0.02867  val_log_mse=5.10888  val_mse=0.021955  max_grad=23.31  patience=6/30
2026-10-08 08:04:49,031  gsv3.training             INFO     [family_holdout:qnn] epoch 0090  train_log_mse=0.03350  val_log_mse=6.97562  val_mse=0.020321  max_grad=20.60  patience=23/30
2026-10-08 08:05:08,511  gsv3.training             INFO     [family_holdout:randomcircuit] epoch 0096  train_log_mse=0.03461  val_log_mse=5.45777  val_mse=0.023918  max_grad=26.31  patience=7/30
2026-10-08 08:06:27,159  gsv3.training             INFO     [family_holdout:qnn] epoch 0091  train_log_mse=0.03319  val_log_mse=6.72546  val_mse=0.017832  max_grad=24.40  patience=24/30
2026-10-08 08:06:39,835  gsv3.training             INFO     [family_holdout:randomcircuit] epoch 0097  train_log_mse=0.03208  val_log_mse=5.36791  val_mse=0.023189  max_grad=34.42  patience=8/30
2026-10-08 08:08:07,146  gsv3.training             INFO     [family_holdout:qnn] epoch 0092  train_log_mse=0.03454  val_log_mse=7.08696  val_mse=0.020801  max_grad=26.76  patience=25/30
2026-10-08 08:08:14,475  gsv3.training             INFO     [family_holdout:randomcircuit] epoch 0098  train_log_mse=0.03062  val_log_mse=4.95426  val_mse=0.022062  max_grad=26.45  patience=9/30
2026-10-08 08:09:46,170  gsv3.training             INFO     [family_holdout:qnn] epoch 0093  train_log_mse=0.03360  val_log_mse=6.88091  val_mse=0.019236  max_grad=21.13  patience=26/30
2026-10-08 08:09:46,397  gsv3.training             INFO     [family_holdout:randomcircuit] epoch 0099  train_log_mse=0.02459  val_log_mse=5.44561  val_mse=0.023556  max_grad=25.89  patience=10/30
2026-10-08 08:11:17,893  gsv3.training             INFO     [family_holdout:randomcircuit] epoch 0100  train_log_mse=0.02751  val_log_mse=5.43192  val_mse=0.021620  max_grad=24.30  patience=11/30
2026-10-08 08:11:26,308  gsv3.training             INFO     [family_holdout:qnn] epoch 0094  train_log_mse=0.03325  val_log_mse=6.80527  val_mse=0.018179  max_grad=23.45  patience=27/30
2026-10-08 08:12:47,764  gsv3.training             INFO     [family_holdout:randomcircuit] epoch 0101  train_log_mse=0.03425  val_log_mse=5.30359  val_mse=0.020447  max_grad=19.41  patience=12/30
2026-10-08 08:13:03,811  gsv3.training             INFO     [family_holdout:qnn] epoch 0095  train_log_mse=0.03270  val_log_mse=6.80739  val_mse=0.019333  max_grad=23.66  patience=28/30
2026-10-08 08:14:20,740  gsv3.training             INFO     [family_holdout:randomcircuit] epoch 0102  train_log_mse=0.03007  val_log_mse=5.31885  val_mse=0.022554  max_grad=33.81  patience=13/30
2026-10-08 08:14:41,275  gsv3.training             INFO     [family_holdout:qnn] epoch 0096  train_log_mse=0.02863  val_log_mse=6.95545  val_mse=0.019907  max_grad=18.55  patience=29/30
2026-10-08 08:15:50,605  gsv3.training             INFO     [family_holdout:randomcircuit] epoch 0103  train_log_mse=0.03370  val_log_mse=5.50090  val_mse=0.024098  max_grad=27.07  patience=14/30
2026-10-08 08:16:20,606  gsv3.training             INFO     [family_holdout:qnn] epoch 0097  train_log_mse=0.03332  val_log_mse=6.70847  val_mse=0.018352  max_grad=21.88  patience=30/30
2026-10-08 08:16:21,676  gsv3.experiment           INFO     [qnn] TEST  n=760  MAE=0.1745  R2=0.1493  device-acc=0.662  regret=0.0105
2026-10-08 08:16:21,679  genstudy.io               INFO     Wrote evaluations/generalization_v3/results/xattn_a05_s6/leave_one_family_out/qnn/metrics.json
2026-10-08 08:16:21,685  genstudy.io               INFO     Wrote evaluations/generalization_v3/results/xattn_a05_s6/leave_one_family_out/qnn/predictions.json
2026-10-08 08:16:21,697  genstudy.io               INFO     Wrote evaluations/generalization_v3/results/xattn_a05_s6/leave_one_family_out/qnn/history.json
2026-10-08 08:16:21,721  genstudy.io               INFO     Wrote evaluations/generalization_v3/results/xattn_a05_s6/leave_one_family_out/folds.json
2026-10-08 08:16:21,723  genstudy.experiment       INFO     Merged held-out predictions for 760 circuits
2026-10-08 08:16:21,728  genstudy.io               INFO     Wrote evaluations/generalization_v3/results/xattn_a05_s6/leave_one_family_out/heldout_predictions.json
2026-10-08 08:16:21,728  run_experiment            INFO     leave_one_family_out finished: 1 complete, 0 skipped
2026-10-08 08:17:22,060  gsv3.training             INFO     [family_holdout:randomcircuit] epoch 0104  train_log_mse=0.03106  val_log_mse=5.02315  val_mse=0.023535  max_grad=41.09  patience=15/30
2026-10-08 08:18:53,615  gsv3.training             INFO     [family_holdout:randomcircuit] epoch 0105  train_log_mse=0.03036  val_log_mse=5.26948  val_mse=0.021825  max_grad=25.71  patience=16/30
2026-10-08 08:20:27,019  gsv3.training             INFO     [family_holdout:randomcircuit] epoch 0106  train_log_mse=0.02791  val_log_mse=5.24924  val_mse=0.023387  max_grad=26.05  patience=17/30
2026-10-08 08:21:57,095  gsv3.training             INFO     [family_holdout:randomcircuit] epoch 0107  train_log_mse=0.02858  val_log_mse=4.94694  val_mse=0.021843  max_grad=21.20  patience=18/30
2026-10-08 08:23:29,792  gsv3.training             INFO     [family_holdout:randomcircuit] epoch 0108  train_log_mse=0.03407  val_log_mse=5.24000  val_mse=0.022272  max_grad=29.46  patience=19/30
2026-10-08 08:25:01,627  gsv3.training             INFO     [family_holdout:randomcircuit] epoch 0109  train_log_mse=0.03000  val_log_mse=5.13671  val_mse=0.020571  max_grad=17.95  patience=20/30
2026-10-08 08:26:31,887  gsv3.training             INFO     [family_holdout:randomcircuit] epoch 0110  train_log_mse=0.03040  val_log_mse=5.12243  val_mse=0.019394  max_grad=24.56  patience=0/30
2026-10-08 08:28:02,099  gsv3.training             INFO     [family_holdout:randomcircuit] epoch 0111  train_log_mse=0.03062  val_log_mse=5.13074  val_mse=0.022631  max_grad=21.16  patience=1/30
2026-10-08 08:29:32,280  gsv3.training             INFO     [family_holdout:randomcircuit] epoch 0112  train_log_mse=0.02824  val_log_mse=5.26109  val_mse=0.022142  max_grad=21.97  patience=2/30
2026-10-08 08:31:02,212  gsv3.training             INFO     [family_holdout:randomcircuit] epoch 0113  train_log_mse=0.02905  val_log_mse=4.96759  val_mse=0.020990  max_grad=19.04  patience=3/30
2026-10-08 08:32:33,209  gsv3.training             INFO     [family_holdout:randomcircuit] epoch 0114  train_log_mse=0.02917  val_log_mse=5.13127  val_mse=0.020570  max_grad=25.06  patience=4/30
2026-10-08 08:34:05,699  gsv3.training             INFO     [family_holdout:randomcircuit] epoch 0115  train_log_mse=0.02688  val_log_mse=5.02551  val_mse=0.020988  max_grad=25.97  patience=5/30
2026-10-08 08:35:35,977  gsv3.training             INFO     [family_holdout:randomcircuit] epoch 0116  train_log_mse=0.02576  val_log_mse=4.81292  val_mse=0.019493  max_grad=23.01  patience=6/30
2026-10-08 08:37:08,298  gsv3.training             INFO     [family_holdout:randomcircuit] epoch 0117  train_log_mse=0.03004  val_log_mse=4.98618  val_mse=0.021634  max_grad=22.33  patience=7/30
2026-10-08 08:38:39,876  gsv3.training             INFO     [family_holdout:randomcircuit] epoch 0118  train_log_mse=0.02955  val_log_mse=4.76181  val_mse=0.020123  max_grad=22.16  patience=8/30
2026-10-08 08:40:10,098  gsv3.training             INFO     [family_holdout:randomcircuit] epoch 0119  train_log_mse=0.03249  val_log_mse=4.99884  val_mse=0.020640  max_grad=29.68  patience=9/30
2026-10-08 08:41:41,468  gsv3.training             INFO     [family_holdout:randomcircuit] epoch 0120  train_log_mse=0.03123  val_log_mse=4.72831  val_mse=0.019403  max_grad=26.79  patience=10/30
2026-10-08 08:43:11,342  gsv3.training             INFO     [family_holdout:randomcircuit] epoch 0121  train_log_mse=0.02710  val_log_mse=4.80989  val_mse=0.022856  max_grad=22.13  patience=11/30
2026-10-08 08:44:40,691  gsv3.training             INFO     [family_holdout:randomcircuit] epoch 0122  train_log_mse=0.03041  val_log_mse=4.69057  val_mse=0.020771  max_grad=19.70  patience=12/30
2026-10-08 08:46:11,601  gsv3.training             INFO     [family_holdout:randomcircuit] epoch 0123  train_log_mse=0.02892  val_log_mse=4.54395  val_mse=0.021366  max_grad=30.96  patience=13/30
2026-10-08 08:47:41,104  gsv3.training             INFO     [family_holdout:randomcircuit] epoch 0124  train_log_mse=0.02611  val_log_mse=4.94622  val_mse=0.021582  max_grad=19.77  patience=14/30
2026-10-08 08:49:13,529  gsv3.training             INFO     [family_holdout:randomcircuit] epoch 0125  train_log_mse=0.02544  val_log_mse=4.85562  val_mse=0.020098  max_grad=17.72  patience=15/30
2026-10-08 08:50:46,021  gsv3.training             INFO     [family_holdout:randomcircuit] epoch 0126  train_log_mse=0.02601  val_log_mse=4.88146  val_mse=0.021205  max_grad=17.85  patience=16/30
2026-10-08 08:52:17,761  gsv3.training             INFO     [family_holdout:randomcircuit] epoch 0127  train_log_mse=0.02536  val_log_mse=4.81554  val_mse=0.022172  max_grad=18.10  patience=17/30
2026-10-08 08:53:49,853  gsv3.training             INFO     [family_holdout:randomcircuit] epoch 0128  train_log_mse=0.02962  val_log_mse=4.59431  val_mse=0.021151  max_grad=18.74  patience=18/30
2026-10-08 08:55:20,838  gsv3.training             INFO     [family_holdout:randomcircuit] epoch 0129  train_log_mse=0.02677  val_log_mse=4.57797  val_mse=0.021035  max_grad=26.14  patience=19/30
2026-10-08 08:56:51,633  gsv3.training             INFO     [family_holdout:randomcircuit] epoch 0130  train_log_mse=0.02692  val_log_mse=4.79087  val_mse=0.021432  max_grad=24.01  patience=20/30
2026-10-08 08:58:22,756  gsv3.training             INFO     [family_holdout:randomcircuit] epoch 0131  train_log_mse=0.02455  val_log_mse=4.52032  val_mse=0.021103  max_grad=17.70  patience=21/30
2026-10-08 08:59:54,159  gsv3.training             INFO     [family_holdout:randomcircuit] epoch 0132  train_log_mse=0.02605  val_log_mse=4.89081  val_mse=0.021910  max_grad=18.34  patience=22/30
2026-10-08 09:01:24,756  gsv3.training             INFO     [family_holdout:randomcircuit] epoch 0133  train_log_mse=0.02739  val_log_mse=4.51552  val_mse=0.021440  max_grad=22.44  patience=23/30
2026-10-08 09:02:57,053  gsv3.training             INFO     [family_holdout:randomcircuit] epoch 0134  train_log_mse=0.02815  val_log_mse=4.82095  val_mse=0.021365  max_grad=21.65  patience=24/30
2026-10-08 09:04:26,152  gsv3.training             INFO     [family_holdout:randomcircuit] epoch 0135  train_log_mse=0.02707  val_log_mse=4.73595  val_mse=0.022476  max_grad=33.97  patience=25/30
2026-10-08 09:05:58,410  gsv3.training             INFO     [family_holdout:randomcircuit] epoch 0136  train_log_mse=0.02337  val_log_mse=4.77702  val_mse=0.022691  max_grad=16.82  patience=26/30
2026-10-08 09:07:29,836  gsv3.training             INFO     [family_holdout:randomcircuit] epoch 0137  train_log_mse=0.02790  val_log_mse=4.65649  val_mse=0.021260  max_grad=21.52  patience=27/30
2026-10-08 09:09:03,876  gsv3.training             INFO     [family_holdout:randomcircuit] epoch 0138  train_log_mse=0.02838  val_log_mse=4.74098  val_mse=0.022681  max_grad=22.87  patience=28/30
2026-10-08 09:10:36,485  gsv3.training             INFO     [family_holdout:randomcircuit] epoch 0139  train_log_mse=0.02693  val_log_mse=4.75293  val_mse=0.022377  max_grad=22.80  patience=29/30
2026-10-08 09:12:08,411  gsv3.training             INFO     [family_holdout:randomcircuit] epoch 0140  train_log_mse=0.02538  val_log_mse=4.57674  val_mse=0.020955  max_grad=23.92  patience=30/30
2026-10-08 09:12:13,055  gsv3.experiment           INFO     [randomcircuit] TEST  n=1234  MAE=0.1008  R2=0.7599  device-acc=0.506  regret=0.0091
2026-10-08 09:12:13,059  genstudy.io               INFO     Wrote evaluations/generalization_v3/results/xattn_a05_s6/leave_one_family_out/randomcircuit/metrics.json
2026-10-08 09:12:13,067  genstudy.io               INFO     Wrote evaluations/generalization_v3/results/xattn_a05_s6/leave_one_family_out/randomcircuit/predictions.json
2026-10-08 09:12:13,080  genstudy.io               INFO     Wrote evaluations/generalization_v3/results/xattn_a05_s6/leave_one_family_out/randomcircuit/history.json
2026-10-08 09:12:13,101  genstudy.io               INFO     Wrote evaluations/generalization_v3/results/xattn_a05_s6/leave_one_family_out/folds.json
2026-10-08 09:12:13,104  genstudy.experiment       INFO     Merged held-out predictions for 1234 circuits
2026-10-08 09:12:13,111  genstudy.io               INFO     Wrote evaluations/generalization_v3/results/xattn_a05_s6/leave_one_family_out/heldout_predictions.json
2026-10-08 09:12:13,111  run_experiment            INFO     leave_one_family_out finished: 1 complete, 0 skipped
