2026-10-07 21:49:04,382  genstudy.io               INFO     Logging to evaluations/generalization_v3/results/pooled_stab_a00/size_extrapolation/run.log
2026-10-07 21:49:04,382  run_experiment            INFO     Command line: evaluations/generalization_v3/scripts/run_experiment.py size --model pooled --balance-alpha 0 --lr 3e-4 --grad-clip 1.0 --results-dir evaluations/generalization_v3/results/pooled_stab_a00
2026-10-07 21:49:04,382  gsv2.gpu                  WARNING  No CUDA device available — running on the CPU.
2026-10-07 21:49:04,383  gsv3.model                INFO     Hyper-parameters (/home/atudisco/pred-distr-tool/src/model/best_params.json + v3 defaults): {'device_hidden': 64, 'device_layers': 3, 'fusion_dim': 128, 'qubit_layers': 2, 'attn_heads': 4, 'lap_pe': 8, 'cost_bias_init': -6.0, 'hidden_dim': 142, 'num_conv_wo_resnet': 3, 'num_resnet_layers': 1, 'dropout': 0.0, 'bidirectional': True, 'mlp': [512, 256, 128], 'lr': 0.001, 'readout': 'meanmaxsum'}
2026-10-07 21:49:04,392  genstudy.data             INFO     Loading graph dataset: /home/atudisco/compileCircuits/graph_dataset_expected_fidelity.pt
2026-10-07 21:49:08,574  genstudy.data             INFO     Loaded 17056 graphs
2026-10-07 21:49:08,606  genstudy.io               INFO     Wrote evaluations/generalization_v3/results/pooled_stab_a00/size_extrapolation/dataset_summary.json
2026-10-07 21:49:08,609  run_experiment            INFO     [1/1] qmax_14
2026-10-07 21:49:08,611  gsv3.experiment           INFO     === size_holdout / qmax_14 ===
2026-10-07 21:49:08,611  gsv3.experiment           INFO     Size extrapolation: train = 12470 circuits with 2-14 qubits, test = 4586 circuits with 15-20 qubits.
2026-10-07 21:49:08,612  gsv3.experiment           INFO     train=9767  val=2703 ({'mode': 'size', 'val_qubits': [12, 13, 14]})  test=4586
2026-10-07 21:49:08,682  gsv3.training             INFO     [size_holdout:qmax_14] model=pooled (601177 params) train=9767 val=2703 lr=0.0003 clip=1.0 alpha=0.00
2026-10-07 21:49:24,299  gsv3.training             INFO     [size_holdout:qmax_14] epoch 0001  train_log_mse=4.59871  val_log_mse=5.53654  val_mse=0.006025  max_grad=28181.64  patience=0/30
2026-10-07 21:49:39,103  gsv3.training             INFO     [size_holdout:qmax_14] epoch 0002  train_log_mse=0.46626  val_log_mse=1.40380  val_mse=0.007165  max_grad=905.29  patience=1/30
2026-10-07 21:49:53,946  gsv3.training             INFO     [size_holdout:qmax_14] epoch 0003  train_log_mse=0.40407  val_log_mse=3.63118  val_mse=0.006719  max_grad=892.22  patience=2/30
2026-10-07 21:50:08,728  gsv3.training             INFO     [size_holdout:qmax_14] epoch 0004  train_log_mse=0.31371  val_log_mse=1.78355  val_mse=0.003425  max_grad=474.35  patience=0/30
2026-10-07 21:50:23,346  gsv3.training             INFO     [size_holdout:qmax_14] epoch 0005  train_log_mse=0.30049  val_log_mse=4.25131  val_mse=0.003790  max_grad=318.18  patience=1/30
2026-10-07 21:50:37,894  gsv3.training             INFO     [size_holdout:qmax_14] epoch 0006  train_log_mse=0.22945  val_log_mse=1.34269  val_mse=0.016896  max_grad=309.50  patience=2/30
2026-10-07 21:50:52,501  gsv3.training             INFO     [size_holdout:qmax_14] epoch 0007  train_log_mse=0.23769  val_log_mse=1.76320  val_mse=0.001891  max_grad=497.25  patience=0/30
2026-10-07 21:51:07,046  gsv3.training             INFO     [size_holdout:qmax_14] epoch 0008  train_log_mse=0.21471  val_log_mse=3.39833  val_mse=0.002445  max_grad=376.45  patience=1/30
2026-10-07 21:51:21,549  gsv3.training             INFO     [size_holdout:qmax_14] epoch 0009  train_log_mse=0.20531  val_log_mse=1.94273  val_mse=0.004264  max_grad=284.82  patience=2/30
2026-10-07 21:51:36,326  gsv3.training             INFO     [size_holdout:qmax_14] epoch 0010  train_log_mse=0.18755  val_log_mse=1.46378  val_mse=0.004128  max_grad=378.51  patience=3/30
2026-10-07 21:51:50,914  gsv3.training             INFO     [size_holdout:qmax_14] epoch 0011  train_log_mse=0.16693  val_log_mse=1.30041  val_mse=0.001510  max_grad=278.69  patience=0/30
2026-10-07 21:52:05,526  gsv3.training             INFO     [size_holdout:qmax_14] epoch 0012  train_log_mse=0.17853  val_log_mse=3.07985  val_mse=0.001672  max_grad=246.57  patience=1/30
2026-10-07 21:52:20,044  gsv3.training             INFO     [size_holdout:qmax_14] epoch 0013  train_log_mse=0.12439  val_log_mse=1.40283  val_mse=0.003077  max_grad=180.31  patience=2/30
2026-10-07 21:52:34,643  gsv3.training             INFO     [size_holdout:qmax_14] epoch 0014  train_log_mse=0.13205  val_log_mse=1.87823  val_mse=0.003203  max_grad=287.57  patience=3/30
2026-10-07 21:52:49,190  gsv3.training             INFO     [size_holdout:qmax_14] epoch 0015  train_log_mse=0.13996  val_log_mse=1.65936  val_mse=0.002091  max_grad=310.14  patience=4/30
2026-10-07 21:53:03,733  gsv3.training             INFO     [size_holdout:qmax_14] epoch 0016  train_log_mse=0.10918  val_log_mse=1.60771  val_mse=0.002097  max_grad=120.93  patience=5/30
2026-10-07 21:53:18,343  gsv3.training             INFO     [size_holdout:qmax_14] epoch 0017  train_log_mse=0.09840  val_log_mse=0.97859  val_mse=0.001270  max_grad=143.56  patience=0/30
2026-10-07 21:53:33,094  gsv3.training             INFO     [size_holdout:qmax_14] epoch 0018  train_log_mse=0.10065  val_log_mse=0.80450  val_mse=0.001321  max_grad=143.58  patience=1/30
2026-10-07 21:53:47,810  gsv3.training             INFO     [size_holdout:qmax_14] epoch 0019  train_log_mse=0.09446  val_log_mse=0.75669  val_mse=0.001361  max_grad=122.70  patience=2/30
2026-10-07 21:54:02,582  gsv3.training             INFO     [size_holdout:qmax_14] epoch 0020  train_log_mse=0.09236  val_log_mse=1.30084  val_mse=0.004834  max_grad=95.88  patience=3/30
2026-10-07 21:54:17,175  gsv3.training             INFO     [size_holdout:qmax_14] epoch 0021  train_log_mse=0.08506  val_log_mse=1.06092  val_mse=0.001408  max_grad=119.18  patience=4/30
2026-10-07 21:54:31,748  gsv3.training             INFO     [size_holdout:qmax_14] epoch 0022  train_log_mse=0.08009  val_log_mse=1.26468  val_mse=0.001152  max_grad=93.74  patience=0/30
2026-10-07 21:54:46,448  gsv3.training             INFO     [size_holdout:qmax_14] epoch 0023  train_log_mse=0.07294  val_log_mse=1.32203  val_mse=0.001201  max_grad=102.78  patience=1/30
2026-10-07 21:55:01,132  gsv3.training             INFO     [size_holdout:qmax_14] epoch 0024  train_log_mse=0.07123  val_log_mse=0.56467  val_mse=0.001212  max_grad=82.61  patience=2/30
2026-10-07 21:55:15,671  gsv3.training             INFO     [size_holdout:qmax_14] epoch 0025  train_log_mse=0.07014  val_log_mse=1.25920  val_mse=0.004038  max_grad=78.38  patience=3/30
2026-10-07 21:55:30,472  gsv3.training             INFO     [size_holdout:qmax_14] epoch 0026  train_log_mse=0.06747  val_log_mse=1.11639  val_mse=0.001533  max_grad=122.75  patience=4/30
2026-10-07 21:55:45,236  gsv3.training             INFO     [size_holdout:qmax_14] epoch 0027  train_log_mse=0.07112  val_log_mse=0.85061  val_mse=0.004765  max_grad=77.68  patience=5/30
2026-10-07 21:55:59,820  gsv3.training             INFO     [size_holdout:qmax_14] epoch 0028  train_log_mse=0.06215  val_log_mse=0.57333  val_mse=0.000884  max_grad=58.32  patience=0/30
ment            INFO     Command line: evaluations/generalization_v3/scripts/run_experiment.py size --model pooled --balance-alpha 0 --lr 3e-4 --grad-clip 1.0 --results-dir evaluations/generalization_v3/results/pooled_stab_a00
2026-10-07 21:55:57,800  gsv2.gpu                  INFO     GPU: NVIDIA H200
2026-10-07 21:55:57,801  gsv3.model                INFO     Hyper-parameters (/home/atudisco/pred-distr-tool/src/model/best_params.json + v3 defaults): {'device_hidden': 64, 'device_layers': 3, 'fusion_dim': 128, 'qubit_layers': 2, 'attn_heads': 4, 'lap_pe': 8, 'cost_bias_init': -6.0, 'hidden_dim': 142, 'num_conv_wo_resnet': 3, 'num_resnet_layers': 1, 'dropout': 0.0, 'bidirectional': True, 'mlp': [512, 256, 128], 'lr': 0.001, 'readout': 'meanmaxsum'}
2026-10-07 21:55:57,810  genstudy.data             INFO     Loading graph dataset: /home/atudisco/compileCircuits/graph_dataset_expected_fidelity.pt
2026-10-07 21:56:00,444  genstudy.data             INFO     Loaded 17056 graphs
2026-10-07 21:56:00,471  genstudy.io               INFO     Wrote evaluations/generalization_v3/results/pooled_stab_a00/size_extrapolation/dataset_summary.json
2026-10-07 21:56:00,475  run_experiment            INFO     [1/1] qmax_14
2026-10-07 21:56:00,476  gsv3.experiment           WARNING  [qmax_14] locked by another job — skipping
2026-10-07 21:56:00,477  run_experiment            WARNING  Splits held by another job (not run here): qmax_14
2026-10-07 21:56:00,477  run_experiment            INFO     size_extrapolation finished: 0 complete, 1 skipped
2026-10-07 21:56:14,311  gsv3.training             INFO     [size_holdout:qmax_14] epoch 0029  train_log_mse=0.05995  val_log_mse=0.69105  val_mse=0.001012  max_grad=66.81  patience=1/30
2026-10-07 21:56:28,963  gsv3.training             INFO     [size_holdout:qmax_14] epoch 0030  train_log_mse=0.06042  val_log_mse=0.65679  val_mse=0.000940  max_grad=66.49  patience=2/30
2026-10-07 21:56:43,586  gsv3.training             INFO     [size_holdout:qmax_14] epoch 0031  train_log_mse=0.05080  val_log_mse=0.40025  val_mse=0.000953  max_grad=61.55  patience=3/30
2026-10-07 21:56:58,325  gsv3.training             INFO     [size_holdout:qmax_14] epoch 0032  train_log_mse=0.05358  val_log_mse=1.10406  val_mse=0.003165  max_grad=58.01  patience=4/30
2026-10-07 21:57:12,941  gsv3.training             INFO     [size_holdout:qmax_14] epoch 0033  train_log_mse=0.05822  val_log_mse=0.60283  val_mse=0.001950  max_grad=91.03  patience=5/30
2026-10-07 21:57:27,758  gsv3.training             INFO     [size_holdout:qmax_14] epoch 0034  train_log_mse=0.05345  val_log_mse=0.62402  val_mse=0.001457  max_grad=44.52  patience=6/30
2026-10-07 21:57:42,333  gsv3.training             INFO     [size_holdout:qmax_14] epoch 0035  train_log_mse=0.05266  val_log_mse=0.73183  val_mse=0.001026  max_grad=71.30  patience=7/30
2026-10-07 21:57:57,026  gsv3.training             INFO     [size_holdout:qmax_14] epoch 0036  train_log_mse=0.05090  val_log_mse=0.90961  val_mse=0.002132  max_grad=37.63  patience=8/30
2026-10-07 21:58:11,680  gsv3.training             INFO     [size_holdout:qmax_14] epoch 0037  train_log_mse=0.05066  val_log_mse=0.53105  val_mse=0.000980  max_grad=53.79  patience=9/30
2026-10-07 21:58:26,405  gsv3.training             INFO     [size_holdout:qmax_14] epoch 0038  train_log_mse=0.04521  val_log_mse=0.49049  val_mse=0.001276  max_grad=43.33  patience=10/30
2026-10-07 21:58:41,115  gsv3.training             INFO     [size_holdout:qmax_14] epoch 0039  train_log_mse=0.04654  val_log_mse=0.57554  val_mse=0.001034  max_grad=46.67  patience=11/30
2026-10-07 21:58:55,810  gsv3.training             INFO     [size_holdout:qmax_14] epoch 0040  train_log_mse=0.05015  val_log_mse=0.92139  val_mse=0.000913  max_grad=70.17  patience=12/30
2026-10-07 21:59:10,505  gsv3.training             INFO     [size_holdout:qmax_14] epoch 0041  train_log_mse=0.04495  val_log_mse=0.65373  val_mse=0.001888  max_grad=47.08  patience=13/30
2026-10-07 21:59:25,233  gsv3.training             INFO     [size_holdout:qmax_14] epoch 0042  train_log_mse=0.04237  val_log_mse=0.84180  val_mse=0.000845  max_grad=48.31  patience=0/30
2026-10-07 21:59:39,928  gsv3.training             INFO     [size_holdout:qmax_14] epoch 0043  train_log_mse=0.04049  val_log_mse=1.01603  val_mse=0.001963  max_grad=35.76  patience=1/30
2026-10-07 21:59:54,838  gsv3.training             INFO     [size_holdout:qmax_14] epoch 0044  train_log_mse=0.04541  val_log_mse=0.57001  val_mse=0.000887  max_grad=51.41  patience=2/30
2026-10-07 22:00:09,580  gsv3.training             INFO     [size_holdout:qmax_14] epoch 0045  train_log_mse=0.04475  val_log_mse=0.46887  val_mse=0.000879  max_grad=37.80  patience=3/30
2026-10-07 22:00:24,123  gsv3.training             INFO     [size_holdout:qmax_14] epoch 0046  train_log_mse=0.04386  val_log_mse=0.84092  val_mse=0.001412  max_grad=37.15  patience=4/30
2026-10-07 22:00:38,808  gsv3.training             INFO     [size_holdout:qmax_14] epoch 0047  train_log_mse=0.04134  val_log_mse=0.59354  val_mse=0.000847  max_grad=32.00  patience=5/30
2026-10-07 22:00:53,586  gsv3.training             INFO     [size_holdout:qmax_14] epoch 0048  train_log_mse=0.04020  val_log_mse=0.49746  val_mse=0.000859  max_grad=30.36  patience=6/30
2026-10-07 22:01:08,140  gsv3.training             INFO     [size_holdout:qmax_14] epoch 0049  train_log_mse=0.03915  val_log_mse=0.48334  val_mse=0.000832  max_grad=29.71  patience=0/30
2026-10-07 22:01:22,820  gsv3.training             INFO     [size_holdout:qmax_14] epoch 0050  train_log_mse=0.03914  val_log_mse=0.62981  val_mse=0.001325  max_grad=31.11  patience=1/30
2026-10-07 22:01:37,582  gsv3.training             INFO     [size_holdout:qmax_14] epoch 0051  train_log_mse=0.03834  val_log_mse=0.62397  val_mse=0.000783  max_grad=25.97  patience=0/30
2026-10-07 22:01:52,366  gsv3.training             INFO     [size_holdout:qmax_14] epoch 0052  train_log_mse=0.03955  val_log_mse=0.60725  val_mse=0.002646  max_grad=37.52  patience=1/30
2026-10-07 22:02:07,087  gsv3.training             INFO     [size_holdout:qmax_14] epoch 0053  train_log_mse=0.04241  val_log_mse=0.42063  val_mse=0.000972  max_grad=40.90  patience=2/30
2026-10-07 22:02:21,769  gsv3.training             INFO     [size_holdout:qmax_14] epoch 0054  train_log_mse=0.04179  val_log_mse=0.48137  val_mse=0.000700  max_grad=51.13  patience=0/30
2026-10-07 22:02:36,457  gsv3.training             INFO     [size_holdout:qmax_14] epoch 0055  train_log_mse=0.03831  val_log_mse=0.55878  val_mse=0.001614  max_grad=37.03  patience=1/30
2026-10-07 22:02:51,154  gsv3.training             INFO     [size_holdout:qmax_14] epoch 0056  train_log_mse=0.04178  val_log_mse=0.60926  val_mse=0.000686  max_grad=49.09  patience=0/30
2026-10-07 22:03:05,863  gsv3.training             INFO     [size_holdout:qmax_14] epoch 0057  train_log_mse=0.03803  val_log_mse=0.36013  val_mse=0.000814  max_grad=33.33  patience=1/30
2026-10-07 22:03:20,655  gsv3.training             INFO     [size_holdout:qmax_14] epoch 0058  train_log_mse=0.03687  val_log_mse=0.60820  val_mse=0.001057  max_grad=28.48  patience=2/30
2026-10-07 22:03:35,296  gsv3.training             INFO     [size_holdout:qmax_14] epoch 0059  train_log_mse=0.03843  val_log_mse=0.68046  val_mse=0.002000  max_grad=31.51  patience=3/30
2026-10-07 22:03:50,032  gsv3.training             INFO     [size_holdout:qmax_14] epoch 0060  train_log_mse=0.03457  val_log_mse=0.46946  val_mse=0.000946  max_grad=23.26  patience=4/30
2026-10-07 22:04:04,724  gsv3.training             INFO     [size_holdout:qmax_14] epoch 0061  train_log_mse=0.03818  val_log_mse=0.51898  val_mse=0.001678  max_grad=31.17  patience=5/30
2026-10-07 22:04:19,274  gsv3.training             INFO     [size_holdout:qmax_14] epoch 0062  train_log_mse=0.03570  val_log_mse=0.45100  val_mse=0.000735  max_grad=29.65  patience=6/30
2026-10-07 22:04:33,821  gsv3.training             INFO     [size_holdout:qmax_14] epoch 0063  train_log_mse=0.03400  val_log_mse=0.51375  val_mse=0.000920  max_grad=21.44  patience=7/30
2026-10-07 22:04:48,490  gsv3.training             INFO     [size_holdout:qmax_14] epoch 0064  train_log_mse=0.03559  val_log_mse=0.41991  val_mse=0.000845  max_grad=27.29  patience=8/30
2026-10-07 22:05:03,094  gsv3.training             INFO     [size_holdout:qmax_14] epoch 0065  train_log_mse=0.04020  val_log_mse=0.68954  val_mse=0.000699  max_grad=38.17  patience=9/30
2026-10-07 22:05:17,708  gsv3.training             INFO     [size_holdout:qmax_14] epoch 0066  train_log_mse=0.03510  val_log_mse=0.56615  val_mse=0.001203  max_grad=33.85  patience=10/30
2026-10-07 22:05:32,475  gsv3.training             INFO     [size_holdout:qmax_14] epoch 0067  train_log_mse=0.03399  val_log_mse=0.43594  val_mse=0.001054  max_grad=31.68  patience=11/30
2026-10-07 22:05:47,319  gsv3.training             INFO     [size_holdout:qmax_14] epoch 0068  train_log_mse=0.03423  val_log_mse=0.38636  val_mse=0.000740  max_grad=26.84  patience=12/30
2026-10-07 22:06:02,067  gsv3.training             INFO     [size_holdout:qmax_14] epoch 0069  train_log_mse=0.03443  val_log_mse=0.53323  val_mse=0.001037  max_grad=25.97  patience=13/30
2026-10-07 22:06:16,764  gsv3.training             INFO     [size_holdout:qmax_14] epoch 0070  train_log_mse=0.03413  val_log_mse=0.58301  val_mse=0.000617  max_grad=45.60  patience=0/30
2026-10-07 22:06:31,563  gsv3.training             INFO     [size_holdout:qmax_14] epoch 0071  train_log_mse=0.03499  val_log_mse=0.73897  val_mse=0.000980  max_grad=28.19  patience=1/30
2026-10-07 22:06:46,265  gsv3.training             INFO     [size_holdout:qmax_14] epoch 0072  train_log_mse=0.03313  val_log_mse=0.55957  val_mse=0.001356  max_grad=31.18  patience=2/30
2026-10-07 22:07:01,014  gsv3.training             INFO     [size_holdout:qmax_14] epoch 0073  train_log_mse=0.03150  val_log_mse=0.49257  val_mse=0.000784  max_grad=28.40  patience=3/30
2026-10-07 22:07:15,525  gsv3.training             INFO     [size_holdout:qmax_14] epoch 0074  train_log_mse=0.03187  val_log_mse=0.84160  val_mse=0.001397  max_grad=18.92  patience=4/30
2026-10-07 22:07:30,071  gsv3.training             INFO     [size_holdout:qmax_14] epoch 0075  train_log_mse=0.03487  val_log_mse=0.53073  val_mse=0.001827  max_grad=28.28  patience=5/30
2026-10-07 22:07:44,553  gsv3.training             INFO     [size_holdout:qmax_14] epoch 0076  train_log_mse=0.03015  val_log_mse=0.41104  val_mse=0.001094  max_grad=20.16  patience=6/30
2026-10-07 22:07:59,276  gsv3.training             INFO     [size_holdout:qmax_14] epoch 0077  train_log_mse=0.03194  val_log_mse=0.57354  val_mse=0.001483  max_grad=23.94  patience=7/30
2026-10-07 22:08:14,137  gsv3.training             INFO     [size_holdout:qmax_14] epoch 0078  train_log_mse=0.03070  val_log_mse=0.42685  val_mse=0.001037  max_grad=21.03  patience=8/30
2026-10-07 22:08:28,903  gsv3.training             INFO     [size_holdout:qmax_14] epoch 0079  train_log_mse=0.03154  val_log_mse=0.41030  val_mse=0.000825  max_grad=32.06  patience=9/30
2026-10-07 22:08:43,437  gsv3.training             INFO     [size_holdout:qmax_14] epoch 0080  train_log_mse=0.03050  val_log_mse=0.59891  val_mse=0.001218  max_grad=21.19  patience=10/30
2026-10-07 22:08:58,104  gsv3.training             INFO     [size_holdout:qmax_14] epoch 0081  train_log_mse=0.03048  val_log_mse=0.51642  val_mse=0.000902  max_grad=17.82  patience=11/30
2026-10-07 22:09:12,885  gsv3.training             INFO     [size_holdout:qmax_14] epoch 0082  train_log_mse=0.02949  val_log_mse=0.56193  val_mse=0.001760  max_grad=26.06  patience=12/30
2026-10-07 22:09:27,552  gsv3.training             INFO     [size_holdout:qmax_14] epoch 0083  train_log_mse=0.03032  val_log_mse=0.70344  val_mse=0.000793  max_grad=39.27  patience=13/30
2026-10-07 22:09:42,211  gsv3.training             INFO     [size_holdout:qmax_14] epoch 0084  train_log_mse=0.03145  val_log_mse=0.55696  val_mse=0.001549  max_grad=25.24  patience=14/30
2026-10-07 22:09:56,938  gsv3.training             INFO     [size_holdout:qmax_14] epoch 0085  train_log_mse=0.03060  val_log_mse=0.58626  val_mse=0.000959  max_grad=22.59  patience=15/30
2026-10-07 22:10:11,627  gsv3.training             INFO     [size_holdout:qmax_14] epoch 0086  train_log_mse=0.02963  val_log_mse=0.49152  val_mse=0.000824  max_grad=25.43  patience=16/30
2026-10-07 22:10:26,140  gsv3.training             INFO     [size_holdout:qmax_14] epoch 0087  train_log_mse=0.03074  val_log_mse=0.48705  val_mse=0.001012  max_grad=30.54  patience=17/30
2026-10-07 22:10:40,645  gsv3.training             INFO     [size_holdout:qmax_14] epoch 0088  train_log_mse=0.02970  val_log_mse=0.44310  val_mse=0.000847  max_grad=21.99  patience=18/30
2026-10-07 22:10:55,201  gsv3.training             INFO     [size_holdout:qmax_14] epoch 0089  train_log_mse=0.02937  val_log_mse=0.45074  val_mse=0.000739  max_grad=24.68  patience=19/30
2026-10-07 22:11:09,877  gsv3.training             INFO     [size_holdout:qmax_14] epoch 0090  train_log_mse=0.03087  val_log_mse=0.43781  val_mse=0.000814  max_grad=26.89  patience=20/30
2026-10-07 22:11:24,552  gsv3.training             INFO     [size_holdout:qmax_14] epoch 0091  train_log_mse=0.03161  val_log_mse=0.52234  val_mse=0.000932  max_grad=24.69  patience=21/30
2026-10-07 22:11:39,194  gsv3.training             INFO     [size_holdout:qmax_14] epoch 0092  train_log_mse=0.02998  val_log_mse=0.54456  val_mse=0.001251  max_grad=20.84  patience=22/30
2026-10-07 22:11:53,994  gsv3.training             INFO     [size_holdout:qmax_14] epoch 0093  train_log_mse=0.02980  val_log_mse=0.61246  val_mse=0.001420  max_grad=22.65  patience=23/30
2026-10-07 22:12:08,633  gsv3.training             INFO     [size_holdout:qmax_14] epoch 0094  train_log_mse=0.03071  val_log_mse=0.48559  val_mse=0.001032  max_grad=66.32  patience=24/30
2026-10-07 22:12:23,363  gsv3.training             INFO     [size_holdout:qmax_14] epoch 0095  train_log_mse=0.03171  val_log_mse=0.61538  val_mse=0.000662  max_grad=30.06  patience=25/30
2026-10-07 22:12:38,000  gsv3.training             INFO     [size_holdout:qmax_14] epoch 0096  train_log_mse=0.03113  val_log_mse=0.50797  val_mse=0.000792  max_grad=33.30  patience=26/30
2026-10-07 22:12:52,654  gsv3.training             INFO     [size_holdout:qmax_14] epoch 0097  train_log_mse=0.02904  val_log_mse=0.65961  val_mse=0.000888  max_grad=27.35  patience=27/30
2026-10-07 22:13:07,325  gsv3.training             INFO     [size_holdout:qmax_14] epoch 0098  train_log_mse=0.03040  val_log_mse=0.50391  val_mse=0.000753  max_grad=24.30  patience=28/30
2026-10-07 22:13:22,095  gsv3.training             INFO     [size_holdout:qmax_14] epoch 0099  train_log_mse=0.03201  val_log_mse=0.49159  val_mse=0.001266  max_grad=29.06  patience=29/30
2026-10-07 22:13:36,934  gsv3.training             INFO     [size_holdout:qmax_14] epoch 0100  train_log_mse=0.02789  val_log_mse=0.44047  val_mse=0.000730  max_grad=18.23  patience=30/30
2026-10-07 22:13:40,974  gsv3.experiment           INFO     [qmax_14] TEST  n=4586  MAE=0.0291  R2=0.8654  device-acc=0.802  regret=0.0064
2026-10-07 22:13:40,977  genstudy.io               INFO     Wrote evaluations/generalization_v3/results/pooled_stab_a00/size_extrapolation/qmax_14/metrics.json
2026-10-07 22:13:41,005  genstudy.io               INFO     Wrote evaluations/generalization_v3/results/pooled_stab_a00/size_extrapolation/qmax_14/predictions.json
2026-10-07 22:13:41,018  genstudy.io               INFO     Wrote evaluations/generalization_v3/results/pooled_stab_a00/size_extrapolation/qmax_14/history.json
2026-10-07 22:13:41,044  run_experiment            INFO     size_extrapolation finished: 1 complete, 0 skipped
