2026-10-08 17:06:11,926  genstudy.io               INFO     Logging to evaluations/generalization_v6/results/v6_l001/leave_one_group_out/run.log
2026-10-08 17:06:11,926  run_experiment            INFO     Command line: evaluations/generalization_v3/scripts/run_experiment.py logo --model sinkhorn --balance-alpha 0 --lr 3e-4 --grad-clip 1.0 --seed 5 --families variational --groups variational --loss mixed --val-mode random --layout-lambda 0.01 --layouts-path evaluations/compile_check/results/compiler_layouts_v6pilot.pt --results-dir evaluations/generalization_v6/results/v6_l001
2026-10-08 17:06:11,926  gsv2.gpu                  WARNING  No CUDA device available — running on the CPU.
2026-10-08 17:06:11,927  gsv3.model                INFO     Hyper-parameters (/home/atudisco/pred-distr-tool/src/model/best_params.json + v3 defaults): {'device_hidden': 64, 'device_layers': 3, 'fusion_dim': 128, 'qubit_layers': 2, 'attn_heads': 4, 'lap_pe': 8, 'cost_bias_init': -6.0, 'hidden_dim': 142, 'num_conv_wo_resnet': 3, 'num_resnet_layers': 1, 'dropout': 0.0, 'bidirectional': True, 'mlp': [512, 256, 128], 'lr': 0.001, 'readout': 'meanmaxsum'}
2026-10-08 17:06:11,941  gsv3.devices              INFO     Device graphs: node features 13 (Laplacian PE 8), physical errors True
2026-10-08 17:06:11,942  genstudy.data             INFO     Loading graph dataset: /home/atudisco/pred-distr-tool/evaluations/generalization_v3/data/graph_dataset_expected_fidelity.pt
2026-10-08 17:06:15,525  genstudy.data             INFO     Loaded 17056 graphs
2026-10-08 17:06:16,221  run_experiment            INFO     Compiler layouts (evaluations/compile_check/results/compiler_layouts_v6pilot.pt): 16994/17056 circuits
2026-10-08 17:06:16,241  genstudy.io               INFO     Wrote evaluations/generalization_v6/results/v6_l001/leave_one_group_out/dataset_summary.json
2026-10-08 17:06:16,244  run_experiment            INFO     [1/1] variational
2026-10-08 17:06:16,247  gsv3.experiment           INFO     === group_holdout / variational ===
2026-10-08 17:06:16,247  gsv3.experiment           INFO     Leave-one-group-out: test = all 9928 circuits of group 'variational' (qnn, vqe_real_amp, vqe_su2, vqe_two_local), train = 7128 circuits from the other 31 families.
2026-10-08 17:06:16,247  gsv3.experiment           INFO     train=5702  val=1426 ({'mode': 'random'})  test=9928
2026-10-08 17:06:16,334  gsv3.training             INFO     [group_holdout:variational] model=sinkhorn (979423 params) train=5702 val=1426 lr=0.0003 clip=1.0 alpha=0.00
2026-10-08 17:07:10,358  gsv3.training             INFO     [group_holdout:variational] epoch 0001  layout_ce=7.6017  layout_acc=0.046
2026-10-08 17:07:10,361  gsv3.training             INFO     [group_holdout:variational] epoch 0001  train_log_mse=1.07783  val_log_mse=1.07993  val_mse=0.007967  max_grad=1596.14  patience=0/30
2026-10-08 17:08:05,278  gsv3.training             INFO     [group_holdout:variational] epoch 0002  layout_ce=5.8430  layout_acc=0.059
2026-10-08 17:08:05,281  gsv3.training             INFO     [group_holdout:variational] epoch 0002  train_log_mse=0.13477  val_log_mse=0.57088  val_mse=0.002870  max_grad=22.90  patience=0/30
2026-10-08 17:08:59,094  gsv3.training             INFO     [group_holdout:variational] epoch 0003  layout_ce=4.3222  layout_acc=0.053
2026-10-08 17:08:59,096  gsv3.training             INFO     [group_holdout:variational] epoch 0003  train_log_mse=0.08245  val_log_mse=0.34369  val_mse=0.001912  max_grad=10.55  patience=0/30
2026-10-08 17:09:52,167  gsv3.training             INFO     [group_holdout:variational] epoch 0004  layout_ce=3.7988  layout_acc=0.055
2026-10-08 17:09:52,169  gsv3.training             INFO     [group_holdout:variational] epoch 0004  train_log_mse=0.07755  val_log_mse=0.38449  val_mse=0.001555  max_grad=17.94  patience=0/30
2026-10-08 17:10:45,679  gsv3.training             INFO     [group_holdout:variational] epoch 0005  layout_ce=3.5879  layout_acc=0.060
2026-10-08 17:10:45,681  gsv3.training             INFO     [group_holdout:variational] epoch 0005  train_log_mse=0.06690  val_log_mse=0.21603  val_mse=0.001223  max_grad=5.67  patience=0/30
2026-10-08 17:11:39,530  gsv3.training             INFO     [group_holdout:variational] epoch 0006  layout_ce=3.4199  layout_acc=0.062
2026-10-08 17:11:39,532  gsv3.training             INFO     [group_holdout:variational] epoch 0006  train_log_mse=0.05717  val_log_mse=0.20332  val_mse=0.001071  max_grad=3.99  patience=0/30
2026-10-08 17:12:32,339  gsv3.training             INFO     [group_holdout:variational] epoch 0007  layout_ce=3.3052  layout_acc=0.067
2026-10-08 17:12:32,339  gsv3.training             INFO     [group_holdout:variational] epoch 0007  train_log_mse=0.05307  val_log_mse=0.36302  val_mse=0.001085  max_grad=2.89  patience=1/30
2026-10-08 17:13:25,657  gsv3.training             INFO     [group_holdout:variational] epoch 0008  layout_ce=3.2309  layout_acc=0.072
2026-10-08 17:13:25,659  gsv3.training             INFO     [group_holdout:variational] epoch 0008  train_log_mse=0.04905  val_log_mse=0.19368  val_mse=0.000939  max_grad=4.60  patience=0/30
2026-10-08 17:14:18,964  gsv3.training             INFO     [group_holdout:variational] epoch 0009  layout_ce=3.1737  layout_acc=0.074
2026-10-08 17:14:18,964  gsv3.training             INFO     [group_holdout:variational] epoch 0009  train_log_mse=0.04497  val_log_mse=0.28794  val_mse=0.000946  max_grad=3.27  patience=1/30
2026-10-08 17:15:12,372  gsv3.training             INFO     [group_holdout:variational] epoch 0010  layout_ce=3.1551  layout_acc=0.077
2026-10-08 17:15:12,372  gsv3.training             INFO     [group_holdout:variational] epoch 0010  train_log_mse=0.04636  val_log_mse=0.16304  val_mse=0.001125  max_grad=2.66  patience=2/30
2026-10-08 17:16:05,668  gsv3.training             INFO     [group_holdout:variational] epoch 0011  layout_ce=3.1336  layout_acc=0.080
2026-10-08 17:16:05,670  gsv3.training             INFO     [group_holdout:variational] epoch 0011  train_log_mse=0.04376  val_log_mse=0.17419  val_mse=0.000773  max_grad=2.45  patience=0/30
2026-10-08 17:16:58,723  gsv3.training             INFO     [group_holdout:variational] epoch 0012  layout_ce=3.1065  layout_acc=0.081
2026-10-08 17:16:58,725  gsv3.training             INFO     [group_holdout:variational] epoch 0012  train_log_mse=0.04328  val_log_mse=0.16012  val_mse=0.000681  max_grad=2.84  patience=0/30
2026-10-08 17:17:52,011  gsv3.training             INFO     [group_holdout:variational] epoch 0013  layout_ce=3.0802  layout_acc=0.084
2026-10-08 17:17:52,011  gsv3.training             INFO     [group_holdout:variational] epoch 0013  train_log_mse=0.04255  val_log_mse=0.20928  val_mse=0.000762  max_grad=7.70  patience=1/30
2026-10-08 17:18:45,278  gsv3.training             INFO     [group_holdout:variational] epoch 0014  layout_ce=3.0909  layout_acc=0.083
2026-10-08 17:18:45,278  gsv3.training             INFO     [group_holdout:variational] epoch 0014  train_log_mse=0.04368  val_log_mse=0.16871  val_mse=0.000727  max_grad=3.28  patience=2/30
2026-10-08 17:19:38,969  gsv3.training             INFO     [group_holdout:variational] epoch 0015  layout_ce=3.0622  layout_acc=0.084
2026-10-08 17:19:38,969  gsv3.training             INFO     [group_holdout:variational] epoch 0015  train_log_mse=0.03999  val_log_mse=0.14258  val_mse=0.000685  max_grad=1.64  patience=3/30
2026-10-08 17:20:32,358  gsv3.training             INFO     [group_holdout:variational] epoch 0016  layout_ce=3.0421  layout_acc=0.086
2026-10-08 17:20:32,358  gsv3.training             INFO     [group_holdout:variational] epoch 0016  train_log_mse=0.04096  val_log_mse=0.14807  val_mse=0.000931  max_grad=4.31  patience=4/30
2026-10-08 17:21:25,708  gsv3.training             INFO     [group_holdout:variational] epoch 0017  layout_ce=3.0177  layout_acc=0.091
2026-10-08 17:21:25,708  gsv3.training             INFO     [group_holdout:variational] epoch 0017  train_log_mse=0.03835  val_log_mse=0.11600  val_mse=0.000683  max_grad=1.31  patience=5/30
2026-10-08 17:22:19,080  gsv3.training             INFO     [group_holdout:variational] epoch 0018  layout_ce=3.0194  layout_acc=0.091
2026-10-08 17:22:19,081  gsv3.training             INFO     [group_holdout:variational] epoch 0018  train_log_mse=0.04100  val_log_mse=0.13473  val_mse=0.000655  max_grad=2.09  patience=0/30
2026-10-08 17:23:12,535  gsv3.training             INFO     [group_holdout:variational] epoch 0019  layout_ce=2.9981  layout_acc=0.092
2026-10-08 17:23:12,537  gsv3.training             INFO     [group_holdout:variational] epoch 0019  train_log_mse=0.03829  val_log_mse=0.12206  val_mse=0.000551  max_grad=1.62  patience=0/30
2026-10-08 17:24:05,876  gsv3.training             INFO     [group_holdout:variational] epoch 0020  layout_ce=2.9785  layout_acc=0.093
2026-10-08 17:24:05,876  gsv3.training             INFO     [group_holdout:variational] epoch 0020  train_log_mse=0.03820  val_log_mse=0.12251  val_mse=0.000633  max_grad=1.15  patience=1/30
2026-10-08 17:24:59,191  gsv3.training             INFO     [group_holdout:variational] epoch 0021  layout_ce=2.9722  layout_acc=0.096
2026-10-08 17:24:59,191  gsv3.training             INFO     [group_holdout:variational] epoch 0021  train_log_mse=0.03920  val_log_mse=0.16650  val_mse=0.000656  max_grad=1.65  patience=2/30
2026-10-08 17:25:52,381  gsv3.training             INFO     [group_holdout:variational] epoch 0022  layout_ce=2.9773  layout_acc=0.096
2026-10-08 17:25:52,381  gsv3.training             INFO     [group_holdout:variational] epoch 0022  train_log_mse=0.03966  val_log_mse=0.17582  val_mse=0.001378  max_grad=1.80  patience=3/30
2026-10-08 17:26:45,712  gsv3.training             INFO     [group_holdout:variational] epoch 0023  layout_ce=2.9533  layout_acc=0.101
2026-10-08 17:26:45,712  gsv3.training             INFO     [group_holdout:variational] epoch 0023  train_log_mse=0.03652  val_log_mse=0.12292  val_mse=0.000598  max_grad=1.19  patience=4/30
2026-10-08 17:27:38,984  gsv3.training             INFO     [group_holdout:variational] epoch 0024  layout_ce=2.9460  layout_acc=0.103
2026-10-08 17:27:38,984  gsv3.training             INFO     [group_holdout:variational] epoch 0024  train_log_mse=0.03740  val_log_mse=0.15027  val_mse=0.000609  max_grad=1.83  patience=5/30
2026-10-08 17:28:32,203  gsv3.training             INFO     [group_holdout:variational] epoch 0025  layout_ce=2.9469  layout_acc=0.103
2026-10-08 17:28:32,203  gsv3.training             INFO     [group_holdout:variational] epoch 0025  train_log_mse=0.03799  val_log_mse=0.12877  val_mse=0.000607  max_grad=1.41  patience=6/30
2026-10-08 17:29:25,459  gsv3.training             INFO     [group_holdout:variational] epoch 0026  layout_ce=2.9242  layout_acc=0.104
2026-10-08 17:29:25,460  gsv3.training             INFO     [group_holdout:variational] epoch 0026  train_log_mse=0.03646  val_log_mse=0.14392  val_mse=0.000613  max_grad=2.26  patience=7/30
2026-10-08 17:30:18,683  gsv3.training             INFO     [group_holdout:variational] epoch 0027  layout_ce=2.9282  layout_acc=0.106
2026-10-08 17:30:18,683  gsv3.training             INFO     [group_holdout:variational] epoch 0027  train_log_mse=0.03770  val_log_mse=0.16835  val_mse=0.000593  max_grad=1.51  patience=8/30
2026-10-08 17:31:11,960  gsv3.training             INFO     [group_holdout:variational] epoch 0028  layout_ce=2.9160  layout_acc=0.106
2026-10-08 17:31:11,962  gsv3.training             INFO     [group_holdout:variational] epoch 0028  train_log_mse=0.03616  val_log_mse=0.12613  val_mse=0.000550  max_grad=1.08  patience=0/30
2026-10-08 17:32:00,018  gsv3.training             INFO     [group_holdout:variational] epoch 0029  layout_ce=2.9054  layout_acc=0.108
2026-10-08 17:32:00,018  gsv3.training             INFO     [group_holdout:variational] epoch 0029  train_log_mse=0.03691  val_log_mse=0.12561  val_mse=0.000628  max_grad=1.83  patience=1/30
2026-10-08 17:32:46,834  gsv3.training             INFO     [group_holdout:variational] epoch 0030  layout_ce=2.8957  layout_acc=0.111
2026-10-08 17:32:46,835  gsv3.training             INFO     [group_holdout:variational] epoch 0030  train_log_mse=0.03610  val_log_mse=0.16350  val_mse=0.000511  max_grad=1.15  patience=0/30
2026-10-08 17:33:33,609  gsv3.training             INFO     [group_holdout:variational] epoch 0031  layout_ce=2.8973  layout_acc=0.112
2026-10-08 17:33:33,609  gsv3.training             INFO     [group_holdout:variational] epoch 0031  train_log_mse=0.03678  val_log_mse=0.22898  val_mse=0.000584  max_grad=1.32  patience=1/30
2026-10-08 17:34:20,208  gsv3.training             INFO     [group_holdout:variational] epoch 0032  layout_ce=2.8984  layout_acc=0.112
2026-10-08 17:34:20,210  gsv3.training             INFO     [group_holdout:variational] epoch 0032  train_log_mse=0.03756  val_log_mse=0.12563  val_mse=0.000467  max_grad=1.35  patience=0/30
2026-10-08 17:35:07,326  gsv3.training             INFO     [group_holdout:variational] epoch 0033  layout_ce=2.8777  layout_acc=0.115
2026-10-08 17:35:07,326  gsv3.training             INFO     [group_holdout:variational] epoch 0033  train_log_mse=0.03596  val_log_mse=0.14160  val_mse=0.000524  max_grad=1.51  patience=1/30
2026-10-08 17:35:54,648  gsv3.training             INFO     [group_holdout:variational] epoch 0034  layout_ce=2.8661  layout_acc=0.116
2026-10-08 17:35:54,649  gsv3.training             INFO     [group_holdout:variational] epoch 0034  train_log_mse=0.03575  val_log_mse=0.10932  val_mse=0.000539  max_grad=1.34  patience=2/30
2026-10-08 17:36:42,354  gsv3.training             INFO     [group_holdout:variational] epoch 0035  layout_ce=2.8652  layout_acc=0.116
2026-10-08 17:36:42,354  gsv3.training             INFO     [group_holdout:variational] epoch 0035  train_log_mse=0.03614  val_log_mse=0.12223  val_mse=0.000489  max_grad=1.68  patience=3/30
2026-10-08 17:37:30,407  gsv3.training             INFO     [group_holdout:variational] epoch 0036  layout_ce=2.8466  layout_acc=0.118
2026-10-08 17:37:30,408  gsv3.training             INFO     [group_holdout:variational] epoch 0036  train_log_mse=0.03476  val_log_mse=0.11515  val_mse=0.000438  max_grad=1.34  patience=0/30
2026-10-08 17:38:18,838  gsv3.training             INFO     [group_holdout:variational] epoch 0037  layout_ce=2.8307  layout_acc=0.120
2026-10-08 17:38:18,838  gsv3.training             INFO     [group_holdout:variational] epoch 0037  train_log_mse=0.03395  val_log_mse=0.11372  val_mse=0.000479  max_grad=0.86  patience=1/30
2026-10-08 17:39:09,287  gsv3.training             INFO     [group_holdout:variational] epoch 0038  layout_ce=2.8371  layout_acc=0.122
2026-10-08 17:39:09,287  gsv3.training             INFO     [group_holdout:variational] epoch 0038  train_log_mse=0.03549  val_log_mse=0.12688  val_mse=0.000469  max_grad=1.28  patience=2/30
2026-10-08 17:40:01,779  gsv3.training             INFO     [group_holdout:variational] epoch 0039  layout_ce=2.8446  layout_acc=0.120
2026-10-08 17:40:01,779  gsv3.training             INFO     [group_holdout:variational] epoch 0039  train_log_mse=0.03619  val_log_mse=0.11251  val_mse=0.000479  max_grad=1.16  patience=3/30
2026-10-08 17:40:53,568  gsv3.training             INFO     [group_holdout:variational] epoch 0040  layout_ce=2.8365  layout_acc=0.121
2026-10-08 17:40:53,568  gsv3.training             INFO     [group_holdout:variational] epoch 0040  train_log_mse=0.03572  val_log_mse=0.11502  val_mse=0.000680  max_grad=1.75  patience=4/30
2026-10-08 17:41:45,461  gsv3.training             INFO     [group_holdout:variational] epoch 0041  layout_ce=2.8234  layout_acc=0.123
2026-10-08 17:41:45,461  gsv3.training             INFO     [group_holdout:variational] epoch 0041  train_log_mse=0.03496  val_log_mse=0.11146  val_mse=0.000460  max_grad=0.99  patience=5/30
2026-10-08 17:42:40,018  gsv3.training             INFO     [group_holdout:variational] epoch 0042  layout_ce=2.8226  layout_acc=0.125
2026-10-08 17:42:40,018  gsv3.training             INFO     [group_holdout:variational] epoch 0042  train_log_mse=0.03502  val_log_mse=0.12393  val_mse=0.000576  max_grad=1.05  patience=6/30
2026-10-08 17:43:35,582  gsv3.training             INFO     [group_holdout:variational] epoch 0043  layout_ce=2.8129  layout_acc=0.127
2026-10-08 17:43:35,582  gsv3.training             INFO     [group_holdout:variational] epoch 0043  train_log_mse=0.03443  val_log_mse=0.13151  val_mse=0.000511  max_grad=0.86  patience=7/30
2026-10-08 17:44:30,185  gsv3.training             INFO     [group_holdout:variational] epoch 0044  layout_ce=2.7908  layout_acc=0.130
2026-10-08 17:44:30,185  gsv3.training             INFO     [group_holdout:variational] epoch 0044  train_log_mse=0.03408  val_log_mse=0.12373  val_mse=0.000494  max_grad=1.04  patience=8/30
2026-10-08 17:45:24,496  gsv3.training             INFO     [group_holdout:variational] epoch 0045  layout_ce=2.7841  layout_acc=0.133
2026-10-08 17:45:24,497  gsv3.training             INFO     [group_holdout:variational] epoch 0045  train_log_mse=0.03378  val_log_mse=0.11547  val_mse=0.000478  max_grad=0.84  patience=9/30
2026-10-08 17:46:18,575  gsv3.training             INFO     [group_holdout:variational] epoch 0046  layout_ce=2.7792  layout_acc=0.134
2026-10-08 17:46:18,576  gsv3.training             INFO     [group_holdout:variational] epoch 0046  train_log_mse=0.03396  val_log_mse=0.12174  val_mse=0.000542  max_grad=1.02  patience=10/30
2026-10-08 17:47:12,341  gsv3.training             INFO     [group_holdout:variational] epoch 0047  layout_ce=2.7904  layout_acc=0.132
2026-10-08 17:47:12,341  gsv3.training             INFO     [group_holdout:variational] epoch 0047  train_log_mse=0.03523  val_log_mse=0.11683  val_mse=0.000539  max_grad=1.13  patience=11/30
2026-10-08 17:48:06,559  gsv3.training             INFO     [group_holdout:variational] epoch 0048  layout_ce=2.7651  layout_acc=0.136
2026-10-08 17:48:06,559  gsv3.training             INFO     [group_holdout:variational] epoch 0048  train_log_mse=0.03334  val_log_mse=0.15056  val_mse=0.000552  max_grad=1.05  patience=12/30
2026-10-08 17:49:00,576  gsv3.training             INFO     [group_holdout:variational] epoch 0049  layout_ce=2.7511  layout_acc=0.140
2026-10-08 17:49:00,576  gsv3.training             INFO     [group_holdout:variational] epoch 0049  train_log_mse=0.03322  val_log_mse=0.12728  val_mse=0.000532  max_grad=0.82  patience=13/30
2026-10-08 17:49:54,647  gsv3.training             INFO     [group_holdout:variational] epoch 0050  layout_ce=2.7579  layout_acc=0.139
2026-10-08 17:49:54,647  gsv3.training             INFO     [group_holdout:variational] epoch 0050  train_log_mse=0.03566  val_log_mse=0.15307  val_mse=0.000572  max_grad=2.02  patience=14/30
2026-10-08 17:50:48,413  gsv3.training             INFO     [group_holdout:variational] epoch 0051  layout_ce=2.7516  layout_acc=0.141
2026-10-08 17:50:48,413  gsv3.training             INFO     [group_holdout:variational] epoch 0051  train_log_mse=0.03354  val_log_mse=0.13161  val_mse=0.000490  max_grad=0.77  patience=15/30
2026-10-08 17:51:42,179  gsv3.training             INFO     [group_holdout:variational] epoch 0052  layout_ce=2.7370  layout_acc=0.144
2026-10-08 17:51:42,179  gsv3.training             INFO     [group_holdout:variational] epoch 0052  train_log_mse=0.03345  val_log_mse=0.11396  val_mse=0.000550  max_grad=2.12  patience=16/30
2026-10-08 17:52:36,023  gsv3.training             INFO     [group_holdout:variational] epoch 0053  layout_ce=2.7092  layout_acc=0.149
2026-10-08 17:52:36,023  gsv3.training             INFO     [group_holdout:variational] epoch 0053  train_log_mse=0.03210  val_log_mse=0.11395  val_mse=0.000463  max_grad=2.26  patience=17/30
2026-10-08 17:53:29,762  gsv3.training             INFO     [group_holdout:variational] epoch 0054  layout_ce=2.7036  layout_acc=0.153
2026-10-08 17:53:29,762  gsv3.training             INFO     [group_holdout:variational] epoch 0054  train_log_mse=0.03265  val_log_mse=0.13255  val_mse=0.000516  max_grad=0.86  patience=18/30
2026-10-08 17:54:23,567  gsv3.training             INFO     [group_holdout:variational] epoch 0055  layout_ce=2.7047  layout_acc=0.152
2026-10-08 17:54:23,567  gsv3.training             INFO     [group_holdout:variational] epoch 0055  train_log_mse=0.03339  val_log_mse=0.12961  val_mse=0.000516  max_grad=1.11  patience=19/30
2026-10-08 17:55:17,695  gsv3.training             INFO     [group_holdout:variational] epoch 0056  layout_ce=2.6862  layout_acc=0.156
2026-10-08 17:55:17,695  gsv3.training             INFO     [group_holdout:variational] epoch 0056  train_log_mse=0.03238  val_log_mse=0.11613  val_mse=0.000481  max_grad=1.00  patience=20/30
2026-10-08 17:56:11,350  gsv3.training             INFO     [group_holdout:variational] epoch 0057  layout_ce=2.6771  layout_acc=0.158
2026-10-08 17:56:11,350  gsv3.training             INFO     [group_holdout:variational] epoch 0057  train_log_mse=0.03284  val_log_mse=0.20295  val_mse=0.000449  max_grad=1.55  patience=21/30
2026-10-08 17:57:05,197  gsv3.training             INFO     [group_holdout:variational] epoch 0058  layout_ce=2.6804  layout_acc=0.160
2026-10-08 17:57:05,197  gsv3.training             INFO     [group_holdout:variational] epoch 0058  train_log_mse=0.03299  val_log_mse=0.12924  val_mse=0.000634  max_grad=1.09  patience=22/30
2026-10-08 17:57:59,255  gsv3.training             INFO     [group_holdout:variational] epoch 0059  layout_ce=2.6499  layout_acc=0.165
2026-10-08 17:57:59,256  gsv3.training             INFO     [group_holdout:variational] epoch 0059  train_log_mse=0.03154  val_log_mse=0.11447  val_mse=0.000517  max_grad=0.81  patience=23/30
2026-10-08 17:58:53,247  gsv3.training             INFO     [group_holdout:variational] epoch 0060  layout_ce=2.6379  layout_acc=0.170
2026-10-08 17:58:53,248  gsv3.training             INFO     [group_holdout:variational] epoch 0060  train_log_mse=0.03143  val_log_mse=0.11370  val_mse=0.000482  max_grad=0.68  patience=24/30
2026-10-08 17:59:46,921  gsv3.training             INFO     [group_holdout:variational] epoch 0061  layout_ce=2.6340  layout_acc=0.171
2026-10-08 17:59:46,921  gsv3.training             INFO     [group_holdout:variational] epoch 0061  train_log_mse=0.03214  val_log_mse=0.11655  val_mse=0.000514  max_grad=0.97  patience=25/30
2026-10-08 18:00:40,819  gsv3.training             INFO     [group_holdout:variational] epoch 0062  layout_ce=2.6516  layout_acc=0.167
2026-10-08 18:00:40,819  gsv3.training             INFO     [group_holdout:variational] epoch 0062  train_log_mse=0.03332  val_log_mse=0.12709  val_mse=0.000623  max_grad=1.50  patience=26/30
2026-10-08 18:01:34,921  gsv3.training             INFO     [group_holdout:variational] epoch 0063  layout_ce=2.6319  layout_acc=0.171
2026-10-08 18:01:34,921  gsv3.training             INFO     [group_holdout:variational] epoch 0063  train_log_mse=0.03149  val_log_mse=0.10635  val_mse=0.000483  max_grad=0.74  patience=27/30
2026-10-08 18:02:29,068  gsv3.training             INFO     [group_holdout:variational] epoch 0064  layout_ce=2.6147  layout_acc=0.174
2026-10-08 18:02:29,068  gsv3.training             INFO     [group_holdout:variational] epoch 0064  train_log_mse=0.03160  val_log_mse=0.13545  val_mse=0.000511  max_grad=1.53  patience=28/30
2026-10-08 18:03:22,902  gsv3.training             INFO     [group_holdout:variational] epoch 0065  layout_ce=2.6008  layout_acc=0.178
2026-10-08 18:03:22,902  gsv3.training             INFO     [group_holdout:variational] epoch 0065  train_log_mse=0.03146  val_log_mse=0.13253  val_mse=0.000523  max_grad=0.82  patience=29/30
2026-10-08 18:04:16,861  gsv3.training             INFO     [group_holdout:variational] epoch 0066  layout_ce=2.5831  layout_acc=0.184
2026-10-08 18:04:16,861  gsv3.training             INFO     [group_holdout:variational] epoch 0066  train_log_mse=0.03093  val_log_mse=0.11196  val_mse=0.000470  max_grad=0.75  patience=30/30
2026-10-08 18:04:34,496  gsv3.experiment           INFO     [variational] TEST  n=9928  MAE=0.0830  R2=0.8438  device-acc=0.690  regret=0.0098
2026-10-08 18:04:34,499  genstudy.io               INFO     Wrote evaluations/generalization_v6/results/v6_l001/leave_one_group_out/variational/metrics.json
2026-10-08 18:04:34,545  genstudy.io               INFO     Wrote evaluations/generalization_v6/results/v6_l001/leave_one_group_out/variational/predictions.json
2026-10-08 18:04:34,558  genstudy.io               INFO     Wrote evaluations/generalization_v6/results/v6_l001/leave_one_group_out/variational/history.json
2026-10-08 18:04:34,577  run_experiment            INFO     leave_one_group_out finished: 1 complete, 0 skipped
