2026-07-29 17:45:31,783  run_gnn_dispatch              INFO      Logging to evaluations/pipeline/results_v2/dispatch.log
2026-07-29 17:45:31,887  run_gnn_dispatch              INFO      Restricted ground truth to 5117 circuits listed in /u/home/zamm/projects/cut-pred-distr/pred-distr-tool/src/model/test_circuit_names.json
2026-07-29 17:45:31,890  run_gnn_dispatch              INFO      Loaded ground-truth fidelities for 5117 circuits from /u/home/zamm/projects/cut-pred-distr/pred-distr-tool/src/model/expected_fidelity_results_benchmark.json
2026-07-29 17:45:31,892  run_gnn_dispatch              INFO      Running GNN inference on circuits in /u/home/zamm/projects/cut-pred-distr/pred-distr-tool/data/benchmark_dataset_30k (GNN policy will use its own predictions, not ground truth)
2026-07-29 17:45:31,925  run_gnn_dispatch              INFO      Predicting fidelities for 5117 circuits ...
2026-07-29 17:45:37,227  run_gnn_dispatch              INFO        predicted 50 / 5117
2026-07-29 17:45:42,350  run_gnn_dispatch              INFO        predicted 100 / 5117
2026-07-29 17:45:46,773  run_gnn_dispatch              INFO        predicted 150 / 5117
2026-07-29 17:45:47,986  run_gnn_dispatch              INFO        predicted 200 / 5117
2026-07-29 17:45:50,006  run_gnn_dispatch              INFO        predicted 250 / 5117
2026-07-29 17:45:52,217  run_gnn_dispatch              INFO        predicted 300 / 5117
2026-07-29 17:45:56,138  run_gnn_dispatch              INFO        predicted 350 / 5117
2026-07-29 17:46:02,960  run_gnn_dispatch              INFO        predicted 400 / 5117
2026-07-29 17:46:03,864  run_gnn_dispatch              INFO        predicted 450 / 5117
2026-07-29 17:46:05,947  run_gnn_dispatch              INFO        predicted 500 / 5117
2026-07-29 17:46:08,463  run_gnn_dispatch              INFO        predicted 550 / 5117
2026-07-29 17:46:11,313  run_gnn_dispatch              INFO        predicted 600 / 5117
2026-07-29 17:46:14,407  run_gnn_dispatch              INFO        predicted 650 / 5117
2026-07-29 17:46:18,535  run_gnn_dispatch              INFO        predicted 700 / 5117
2026-07-29 17:46:22,992  run_gnn_dispatch              INFO        predicted 750 / 5117
2026-07-29 17:46:27,392  run_gnn_dispatch              INFO        predicted 800 / 5117
2026-07-29 17:46:31,924  run_gnn_dispatch              INFO        predicted 850 / 5117
2026-07-29 17:46:36,041  run_gnn_dispatch              INFO        predicted 900 / 5117
2026-07-29 17:46:37,009  run_gnn_dispatch              INFO        predicted 950 / 5117
2026-07-29 17:46:37,676  run_gnn_dispatch              INFO        predicted 1000 / 5117
2026-07-29 17:46:38,350  run_gnn_dispatch              INFO        predicted 1050 / 5117
2026-07-29 17:46:39,175  run_gnn_dispatch              INFO        predicted 1100 / 5117
2026-07-29 17:46:40,079  run_gnn_dispatch              INFO        predicted 1150 / 5117
2026-07-29 17:46:41,443  run_gnn_dispatch              INFO        predicted 1200 / 5117
2026-07-29 17:46:43,123  run_gnn_dispatch              INFO        predicted 1250 / 5117
2026-07-29 17:46:45,133  run_gnn_dispatch              INFO        predicted 1300 / 5117
2026-07-29 17:46:47,023  run_gnn_dispatch              INFO        predicted 1350 / 5117
2026-07-29 17:46:50,007  run_gnn_dispatch              INFO        predicted 1400 / 5117
2026-07-29 17:46:51,597  run_gnn_dispatch              INFO        predicted 1450 / 5117
2026-07-29 17:46:52,580  run_gnn_dispatch              INFO        predicted 1500 / 5117
2026-07-29 17:46:54,267  run_gnn_dispatch              INFO        predicted 1550 / 5117
2026-07-29 17:46:57,347  run_gnn_dispatch              INFO        predicted 1600 / 5117
2026-07-29 17:47:00,134  run_gnn_dispatch              INFO        predicted 1650 / 5117
2026-07-29 17:47:00,917  run_gnn_dispatch              INFO        predicted 1700 / 5117
2026-07-29 17:47:02,241  run_gnn_dispatch              INFO        predicted 1750 / 5117
2026-07-29 17:47:03,809  run_gnn_dispatch              INFO        predicted 1800 / 5117
2026-07-29 17:47:06,009  run_gnn_dispatch              INFO        predicted 1850 / 5117
2026-07-29 17:47:07,591  run_gnn_dispatch              INFO        predicted 1900 / 5117
2026-07-29 17:47:08,414  run_gnn_dispatch              INFO        predicted 1950 / 5117
2026-07-29 17:47:10,901  run_gnn_dispatch              INFO        predicted 2000 / 5117
2026-07-29 17:47:15,039  run_gnn_dispatch              INFO        predicted 2050 / 5117
2026-07-29 17:47:19,937  run_gnn_dispatch              INFO        predicted 2100 / 5117
2026-07-29 17:47:20,566  run_gnn_dispatch              INFO        predicted 2150 / 5117
2026-07-29 17:47:21,755  run_gnn_dispatch              INFO        predicted 2200 / 5117
2026-07-29 17:47:23,326  run_gnn_dispatch              INFO        predicted 2250 / 5117
2026-07-29 17:47:25,474  run_gnn_dispatch              INFO        predicted 2300 / 5117
2026-07-29 17:47:28,458  run_gnn_dispatch              INFO        predicted 2350 / 5117
2026-07-29 17:47:30,495  run_gnn_dispatch              INFO        predicted 2400 / 5117
2026-07-29 17:47:32,171  run_gnn_dispatch              INFO        predicted 2450 / 5117
2026-07-29 17:47:33,855  run_gnn_dispatch              INFO        predicted 2500 / 5117
2026-07-29 17:47:36,012  run_gnn_dispatch              INFO        predicted 2550 / 5117
2026-07-29 17:47:38,445  run_gnn_dispatch              INFO        predicted 2600 / 5117
2026-07-29 17:47:40,633  run_gnn_dispatch              INFO        predicted 2650 / 5117
2026-07-29 17:47:43,231  run_gnn_dispatch              INFO        predicted 2700 / 5117
2026-07-29 17:47:45,563  run_gnn_dispatch              INFO        predicted 2750 / 5117
2026-07-29 17:47:48,629  run_gnn_dispatch              INFO        predicted 2800 / 5117
2026-07-29 17:47:51,038  run_gnn_dispatch              INFO        predicted 2850 / 5117
2026-07-29 17:47:51,814  run_gnn_dispatch              INFO        predicted 2900 / 5117
2026-07-29 17:47:52,406  run_gnn_dispatch              INFO        predicted 2950 / 5117
2026-07-29 17:47:53,115  run_gnn_dispatch              INFO        predicted 3000 / 5117
2026-07-29 17:47:53,957  run_gnn_dispatch              INFO        predicted 3050 / 5117
2026-07-29 17:47:55,030  run_gnn_dispatch              INFO        predicted 3100 / 5117
2026-07-29 17:47:56,215  run_gnn_dispatch              INFO        predicted 3150 / 5117
2026-07-29 17:47:57,488  run_gnn_dispatch              INFO        predicted 3200 / 5117
2026-07-29 17:47:59,108  run_gnn_dispatch              INFO        predicted 3250 / 5117
2026-07-29 17:48:01,136  run_gnn_dispatch              INFO        predicted 3300 / 5117
2026-07-29 17:48:03,831  run_gnn_dispatch              INFO        predicted 3350 / 5117
2026-07-29 17:48:06,562  run_gnn_dispatch              INFO        predicted 3400 / 5117
2026-07-29 17:48:09,372  run_gnn_dispatch              INFO        predicted 3450 / 5117
2026-07-29 17:48:12,479  run_gnn_dispatch              INFO        predicted 3500 / 5117
2026-07-29 17:48:15,536  run_gnn_dispatch              INFO        predicted 3550 / 5117
2026-07-29 17:48:18,663  run_gnn_dispatch              INFO        predicted 3600 / 5117
2026-07-29 17:48:21,910  run_gnn_dispatch              INFO        predicted 3650 / 5117
2026-07-29 17:48:25,209  run_gnn_dispatch              INFO        predicted 3700 / 5117
2026-07-29 17:48:26,353  run_gnn_dispatch              INFO        predicted 3750 / 5117
2026-07-29 17:48:27,112  run_gnn_dispatch              INFO        predicted 3800 / 5117
2026-07-29 17:48:27,959  run_gnn_dispatch              INFO        predicted 3850 / 5117
2026-07-29 17:48:29,105  run_gnn_dispatch              INFO        predicted 3900 / 5117
2026-07-29 17:48:30,397  run_gnn_dispatch              INFO        predicted 3950 / 5117
2026-07-29 17:48:32,057  run_gnn_dispatch              INFO        predicted 4000 / 5117
2026-07-29 17:48:33,857  run_gnn_dispatch              INFO        predicted 4050 / 5117
2026-07-29 17:48:35,473  run_gnn_dispatch              INFO        predicted 4100 / 5117
2026-07-29 17:48:37,449  run_gnn_dispatch              INFO        predicted 4150 / 5117
2026-07-29 17:48:39,019  run_gnn_dispatch              INFO        predicted 4200 / 5117
2026-07-29 17:48:40,817  run_gnn_dispatch              INFO        predicted 4250 / 5117
2026-07-29 17:48:43,353  run_gnn_dispatch              INFO        predicted 4300 / 5117
2026-07-29 17:48:45,658  run_gnn_dispatch              INFO        predicted 4350 / 5117
2026-07-29 17:48:48,244  run_gnn_dispatch              INFO        predicted 4400 / 5117
2026-07-29 17:48:50,560  run_gnn_dispatch              INFO        predicted 4450 / 5117
2026-07-29 17:48:53,070  run_gnn_dispatch              INFO        predicted 4500 / 5117
2026-07-29 17:48:55,772  run_gnn_dispatch              INFO        predicted 4550 / 5117
2026-07-29 17:48:58,168  run_gnn_dispatch              INFO        predicted 4600 / 5117
2026-07-29 17:49:00,754  run_gnn_dispatch              INFO        predicted 4650 / 5117
2026-07-29 17:49:01,977  run_gnn_dispatch              INFO        predicted 4700 / 5117
2026-07-29 17:49:02,538  run_gnn_dispatch              INFO        predicted 4750 / 5117
2026-07-29 17:49:03,212  run_gnn_dispatch              INFO        predicted 4800 / 5117
2026-07-29 17:49:04,090  run_gnn_dispatch              INFO        predicted 4850 / 5117
2026-07-29 17:49:04,929  run_gnn_dispatch              INFO        predicted 4900 / 5117
2026-07-29 17:49:05,837  run_gnn_dispatch              INFO        predicted 4950 / 5117
2026-07-29 17:49:06,983  run_gnn_dispatch              INFO        predicted 5000 / 5117
2026-07-29 17:49:08,207  run_gnn_dispatch              INFO        predicted 5050 / 5117
2026-07-29 17:49:09,535  run_gnn_dispatch              INFO        predicted 5100 / 5117
2026-07-29 17:49:10,136  run_gnn_dispatch              INFO      Predictions done: 5117 circuits in 218.2 s (23.4 circuits/s)
2026-07-29 17:49:10,139  run_gnn_dispatch              INFO      Benchmarking 5117 circuits
2026-07-29 17:49:10,139  run_gnn_dispatch              INFO      Registry check: get_multi_policy('gnn_device') -> GNNDevicePolicy
2026-07-29 17:49:10,140  run_gnn_dispatch              INFO      === Fidelity weight 0.00 ===
2026-07-29 17:49:10,149  run_gnn_dispatch              INFO        [oracle] EQE1_Top  ->  474 circuits
2026-07-29 17:49:10,149  run_gnn_dispatch              INFO        [oracle] EQE1_Bottom  ->  2846 circuits
2026-07-29 17:49:10,149  run_gnn_dispatch              INFO        [oracle] QExa20  ->  1797 circuits
2026-07-29 17:49:10,159  run_gnn_dispatch              INFO        [oracle] overall mean fidelity: 0.3759  (load CV: 0.697)
2026-07-29 17:49:10,159  run_gnn_dispatch              INFO        [gt_weighted] EQE1_Top  ->  1706 circuits
2026-07-29 17:49:10,159  run_gnn_dispatch              INFO        [gt_weighted] EQE1_Bottom  ->  1706 circuits
2026-07-29 17:49:10,160  run_gnn_dispatch              INFO        [gt_weighted] QExa20  ->  1705 circuits
2026-07-29 17:49:10,170  run_gnn_dispatch              INFO        [gt_weighted] overall mean fidelity: 0.3436  (load CV: 0.000)
2026-07-29 17:49:10,170  run_gnn_dispatch              INFO        [gnn] EQE1_Top  ->  1706 circuits
2026-07-29 17:49:10,170  run_gnn_dispatch              INFO        [gnn] EQE1_Bottom  ->  1706 circuits
2026-07-29 17:49:10,171  run_gnn_dispatch              INFO        [gnn] QExa20  ->  1705 circuits
2026-07-29 17:49:10,181  run_gnn_dispatch              INFO        [gnn] overall mean fidelity: 0.3436  (load CV: 0.000)
2026-07-29 17:49:10,181  run_gnn_dispatch              INFO        [round_robin] EQE1_Top  ->  1706 circuits
2026-07-29 17:49:10,181  run_gnn_dispatch              INFO        [round_robin] EQE1_Bottom  ->  1706 circuits
2026-07-29 17:49:10,182  run_gnn_dispatch              INFO        [round_robin] QExa20  ->  1705 circuits
2026-07-29 17:49:10,192  run_gnn_dispatch              INFO        [round_robin] overall mean fidelity: 0.3436  (load CV: 0.000)
2026-07-29 17:49:10,197  run_gnn_dispatch              INFO        [cross-policy oracle↔gnn] agreement: 33.2%  mean regret: 0.0322
2026-07-29 17:49:10,203  run_gnn_dispatch              INFO        [cross-policy gt_weighted↔gnn] agreement: 100.0%  mean regret: 0.0000
2026-07-29 17:49:10,203  run_gnn_dispatch              INFO      === Fidelity weight 0.30 ===
2026-07-29 17:49:10,243  run_gnn_dispatch              INFO        [oracle] EQE1_Top  ->  474 circuits
2026-07-29 17:49:10,243  run_gnn_dispatch              INFO        [oracle] EQE1_Bottom  ->  2846 circuits
2026-07-29 17:49:10,243  run_gnn_dispatch              INFO        [oracle] QExa20  ->  1797 circuits
2026-07-29 17:49:10,251  run_gnn_dispatch              INFO        [oracle] overall mean fidelity: 0.3759  (load CV: 0.697)
2026-07-29 17:49:10,252  run_gnn_dispatch              INFO        [gt_weighted] EQE1_Top  ->  1687 circuits
2026-07-29 17:49:10,252  run_gnn_dispatch              INFO        [gt_weighted] EQE1_Bottom  ->  1762 circuits
2026-07-29 17:49:10,253  run_gnn_dispatch              INFO        [gt_weighted] QExa20  ->  1668 circuits
2026-07-29 17:49:10,262  run_gnn_dispatch              INFO        [gt_weighted] overall mean fidelity: 0.3677  (load CV: 0.029)
2026-07-29 17:49:10,262  run_gnn_dispatch              INFO        [gnn] EQE1_Top  ->  1668 circuits
2026-07-29 17:49:10,262  run_gnn_dispatch              INFO        [gnn] EQE1_Bottom  ->  1766 circuits
2026-07-29 17:49:10,262  run_gnn_dispatch              INFO        [gnn] QExa20  ->  1667 circuits
2026-07-29 17:49:10,271  run_gnn_dispatch              INFO        [gnn] overall mean fidelity: 0.3656  (load CV: 0.033)
2026-07-29 17:49:10,271  run_gnn_dispatch              INFO        [round_robin] EQE1_Top  ->  1706 circuits
2026-07-29 17:49:10,271  run_gnn_dispatch              INFO        [round_robin] EQE1_Bottom  ->  1706 circuits
2026-07-29 17:49:10,272  run_gnn_dispatch              INFO        [round_robin] QExa20  ->  1705 circuits
2026-07-29 17:49:10,282  run_gnn_dispatch              INFO        [round_robin] overall mean fidelity: 0.3436  (load CV: 0.000)
2026-07-29 17:49:10,286  run_gnn_dispatch              INFO        [cross-policy oracle↔gnn] agreement: 52.6%  mean regret: 0.0114
2026-07-29 17:49:10,290  run_gnn_dispatch              INFO        [cross-policy gt_weighted↔gnn] agreement: 68.1%  mean regret: 0.0032
2026-07-29 17:49:10,290  run_gnn_dispatch              INFO      === Fidelity weight 0.50 ===
2026-07-29 17:49:10,329  run_gnn_dispatch              INFO        [oracle] EQE1_Top  ->  474 circuits
2026-07-29 17:49:10,329  run_gnn_dispatch              INFO        [oracle] EQE1_Bottom  ->  2846 circuits
2026-07-29 17:49:10,329  run_gnn_dispatch              INFO        [oracle] QExa20  ->  1797 circuits
2026-07-29 17:49:10,337  run_gnn_dispatch              INFO        [oracle] overall mean fidelity: 0.3759  (load CV: 0.697)
2026-07-29 17:49:10,337  run_gnn_dispatch              INFO        [gt_weighted] EQE1_Top  ->  1687 circuits
2026-07-29 17:49:10,337  run_gnn_dispatch              INFO        [gt_weighted] EQE1_Bottom  ->  1822 circuits
2026-07-29 17:49:10,337  run_gnn_dispatch              INFO        [gt_weighted] QExa20  ->  1608 circuits
2026-07-29 17:49:10,346  run_gnn_dispatch              INFO        [gt_weighted] overall mean fidelity: 0.3701  (load CV: 0.063)
2026-07-29 17:49:10,346  run_gnn_dispatch              INFO        [gnn] EQE1_Top  ->  1659 circuits
2026-07-29 17:49:10,346  run_gnn_dispatch              INFO        [gnn] EQE1_Bottom  ->  1833 circuits
2026-07-29 17:49:10,346  run_gnn_dispatch              INFO        [gnn] QExa20  ->  1609 circuits
2026-07-29 17:49:10,354  run_gnn_dispatch              INFO        [gnn] overall mean fidelity: 0.3686  (load CV: 0.069)
2026-07-29 17:49:10,354  run_gnn_dispatch              INFO        [round_robin] EQE1_Top  ->  1706 circuits
2026-07-29 17:49:10,354  run_gnn_dispatch              INFO        [round_robin] EQE1_Bottom  ->  1706 circuits
2026-07-29 17:49:10,354  run_gnn_dispatch              INFO        [round_robin] QExa20  ->  1705 circuits
2026-07-29 17:49:10,363  run_gnn_dispatch              INFO        [round_robin] overall mean fidelity: 0.3436  (load CV: 0.000)
2026-07-29 17:49:10,367  run_gnn_dispatch              INFO        [cross-policy oracle↔gnn] agreement: 57.2%  mean regret: 0.0084
2026-07-29 17:49:10,371  run_gnn_dispatch              INFO        [cross-policy gt_weighted↔gnn] agreement: 72.8%  mean regret: 0.0027
2026-07-29 17:49:10,372  run_gnn_dispatch              INFO      === Fidelity weight 0.70 ===
2026-07-29 17:49:10,553  run_gnn_dispatch              INFO        [oracle] EQE1_Top  ->  474 circuits
2026-07-29 17:49:10,553  run_gnn_dispatch              INFO        [oracle] EQE1_Bottom  ->  2846 circuits
2026-07-29 17:49:10,553  run_gnn_dispatch              INFO        [oracle] QExa20  ->  1797 circuits
2026-07-29 17:49:10,561  run_gnn_dispatch              INFO        [oracle] overall mean fidelity: 0.3759  (load CV: 0.697)
2026-07-29 17:49:10,561  run_gnn_dispatch              INFO        [gt_weighted] EQE1_Top  ->  1689 circuits
2026-07-29 17:49:10,561  run_gnn_dispatch              INFO        [gt_weighted] EQE1_Bottom  ->  1953 circuits
2026-07-29 17:49:10,561  run_gnn_dispatch              INFO        [gt_weighted] QExa20  ->  1475 circuits
2026-07-29 17:49:10,569  run_gnn_dispatch              INFO        [gt_weighted] overall mean fidelity: 0.3727  (load CV: 0.140)
2026-07-29 17:49:10,569  run_gnn_dispatch              INFO        [gnn] EQE1_Top  ->  1647 circuits
2026-07-29 17:49:10,569  run_gnn_dispatch              INFO        [gnn] EQE1_Bottom  ->  1976 circuits
2026-07-29 17:49:10,569  run_gnn_dispatch              INFO        [gnn] QExa20  ->  1478 circuits
2026-07-29 17:49:10,577  run_gnn_dispatch              INFO        [gnn] overall mean fidelity: 0.3714  (load CV: 0.149)
2026-07-29 17:49:10,577  run_gnn_dispatch              INFO        [round_robin] EQE1_Top  ->  1706 circuits
2026-07-29 17:49:10,577  run_gnn_dispatch              INFO        [round_robin] EQE1_Bottom  ->  1706 circuits
2026-07-29 17:49:10,577  run_gnn_dispatch              INFO        [round_robin] QExa20  ->  1705 circuits
2026-07-29 17:49:10,586  run_gnn_dispatch              INFO        [round_robin] overall mean fidelity: 0.3436  (load CV: 0.000)
2026-07-29 17:49:10,590  run_gnn_dispatch              INFO        [cross-policy oracle↔gnn] agreement: 61.5%  mean regret: 0.0056
2026-07-29 17:49:10,594  run_gnn_dispatch              INFO        [cross-policy gt_weighted↔gnn] agreement: 77.6%  mean regret: 0.0024
2026-07-29 17:49:10,594  run_gnn_dispatch              INFO      === Fidelity weight 1.00 ===
2026-07-29 17:49:10,633  run_gnn_dispatch              INFO        [oracle] EQE1_Top  ->  474 circuits
2026-07-29 17:49:10,633  run_gnn_dispatch              INFO        [oracle] EQE1_Bottom  ->  2846 circuits
2026-07-29 17:49:10,633  run_gnn_dispatch              INFO        [oracle] QExa20  ->  1797 circuits
2026-07-29 17:49:10,641  run_gnn_dispatch              INFO        [oracle] overall mean fidelity: 0.3759  (load CV: 0.697)
2026-07-29 17:49:10,641  run_gnn_dispatch              INFO        [gt_weighted] EQE1_Top  ->  474 circuits
2026-07-29 17:49:10,641  run_gnn_dispatch              INFO        [gt_weighted] EQE1_Bottom  ->  2846 circuits
2026-07-29 17:49:10,641  run_gnn_dispatch              INFO        [gt_weighted] QExa20  ->  1797 circuits
2026-07-29 17:49:10,649  run_gnn_dispatch              INFO        [gt_weighted] overall mean fidelity: 0.3759  (load CV: 0.697)
2026-07-29 17:49:10,649  run_gnn_dispatch              INFO        [gnn] EQE1_Top  ->  435 circuits
2026-07-29 17:49:10,649  run_gnn_dispatch              INFO        [gnn] EQE1_Bottom  ->  3366 circuits
2026-07-29 17:49:10,649  run_gnn_dispatch              INFO        [gnn] QExa20  ->  1300 circuits
2026-07-29 17:49:10,658  run_gnn_dispatch              INFO        [gnn] overall mean fidelity: 0.3749  (load CV: 0.886)
2026-07-29 17:49:10,658  run_gnn_dispatch              INFO        [round_robin] EQE1_Top  ->  1706 circuits
2026-07-29 17:49:10,658  run_gnn_dispatch              INFO        [round_robin] EQE1_Bottom  ->  1706 circuits
2026-07-29 17:49:10,658  run_gnn_dispatch              INFO        [round_robin] QExa20  ->  1705 circuits
2026-07-29 17:49:10,668  run_gnn_dispatch              INFO        [round_robin] overall mean fidelity: 0.3436  (load CV: 0.000)
2026-07-29 17:49:10,672  run_gnn_dispatch              INFO        [cross-policy oracle↔gnn] agreement: 80.4%  mean regret: 0.0022
2026-07-29 17:49:10,676  run_gnn_dispatch              INFO        [cross-policy gt_weighted↔gnn] agreement: 80.4%  mean regret: 0.0022
2026-07-29 17:49:10,699  run_gnn_dispatch              INFO      Ground-truth fidelities saved to evaluations/pipeline/results_v2/fidelity_ground_truth.json
2026-07-29 17:49:10,723  run_gnn_dispatch              INFO      GNN-predicted fidelities saved to evaluations/pipeline/results_v2/fidelity_gnn_predicted.json
2026-07-29 17:49:10,758  run_gnn_dispatch              INFO      Full results saved to evaluations/pipeline/results_v2/dispatch_results.json
2026-07-29 17:49:10,761  run_gnn_dispatch              INFO      Summary CSV saved to evaluations/pipeline/results_v2/dispatch_summary.csv
2026-07-29 17:49:10,763  run_gnn_dispatch              INFO      Cross-policy CSV saved to evaluations/pipeline/results_v2/cross_policy_summary.csv
