2026-10-01 17:07:20,597  run_gnn_dispatch              INFO      Logging to evaluations/pipeline/results_v4_shuffled/dispatch.log
2026-10-01 17:07:20,698  run_gnn_dispatch              INFO      Restricted ground truth to 5117 circuits listed in /home/antonio/Documents/GitHub/pred-distr-tool/src/model/test_circuit_names.json
2026-10-01 17:07:20,702  run_gnn_dispatch              INFO      Loaded ground-truth fidelities for 5117 circuits from /home/antonio/Documents/GitHub/pred-distr-tool/src/model/expected_fidelity_results_benchmark.json
2026-10-01 17:07:20,710  run_gnn_dispatch              INFO      Loaded GNN predictions for 5117 circuits from evaluations/pipeline/results_v3_dense/fidelity_gnn_predicted.json
2026-10-01 17:07:20,712  run_gnn_dispatch              INFO      Queue shuffled with seed 0
2026-10-01 17:07:20,713  run_gnn_dispatch              INFO      Benchmarking 5117 circuits
2026-10-01 17:07:20,713  run_gnn_dispatch              INFO      Registry check: get_multi_policy('gnn_device') -> GNNDevicePolicy
2026-10-01 17:07:20,713  run_gnn_dispatch              INFO      === Fidelity weight 0.00 ===
2026-10-01 17:07:20,812  run_gnn_dispatch              INFO        [oracle] EQE1_Top  ->  474 circuits
2026-10-01 17:07:20,812  run_gnn_dispatch              INFO        [oracle] EQE1_Bottom  ->  2846 circuits
2026-10-01 17:07:20,812  run_gnn_dispatch              INFO        [oracle] QExa20  ->  1797 circuits
2026-10-01 17:07:20,821  run_gnn_dispatch              INFO        [oracle] overall mean fidelity: 0.3759  (load CV: 0.697)
2026-10-01 17:07:20,821  run_gnn_dispatch              INFO        [gt_weighted] EQE1_Top  ->  1706 circuits
2026-10-01 17:07:20,821  run_gnn_dispatch              INFO        [gt_weighted] EQE1_Bottom  ->  1706 circuits
2026-10-01 17:07:20,821  run_gnn_dispatch              INFO        [gt_weighted] QExa20  ->  1705 circuits
2026-10-01 17:07:20,830  run_gnn_dispatch              INFO        [gt_weighted] overall mean fidelity: 0.3444  (load CV: 0.000)
2026-10-01 17:07:20,830  run_gnn_dispatch              INFO        [gnn] EQE1_Top  ->  1706 circuits
2026-10-01 17:07:20,830  run_gnn_dispatch              INFO        [gnn] EQE1_Bottom  ->  1706 circuits
2026-10-01 17:07:20,830  run_gnn_dispatch              INFO        [gnn] QExa20  ->  1705 circuits
2026-10-01 17:07:20,838  run_gnn_dispatch              INFO        [gnn] overall mean fidelity: 0.3444  (load CV: 0.000)
2026-10-01 17:07:20,838  run_gnn_dispatch              INFO        [round_robin] EQE1_Top  ->  1706 circuits
2026-10-01 17:07:20,838  run_gnn_dispatch              INFO        [round_robin] EQE1_Bottom  ->  1706 circuits
2026-10-01 17:07:20,838  run_gnn_dispatch              INFO        [round_robin] QExa20  ->  1705 circuits
2026-10-01 17:07:20,847  run_gnn_dispatch              INFO        [round_robin] overall mean fidelity: 0.3444  (load CV: 0.000)
2026-10-01 17:07:20,852  run_gnn_dispatch              INFO        [cross-policy oracle↔gnn] agreement: 32.7%  mean regret: 0.0315
2026-10-01 17:07:20,855  run_gnn_dispatch              INFO        [cross-policy gt_weighted↔gnn] agreement: 100.0%  mean regret: 0.0000
2026-10-01 17:07:20,855  run_gnn_dispatch              INFO      === Fidelity weight 0.10 ===
2026-10-01 17:07:20,919  run_gnn_dispatch              INFO        [oracle] EQE1_Top  ->  474 circuits
2026-10-01 17:07:20,920  run_gnn_dispatch              INFO        [oracle] EQE1_Bottom  ->  2846 circuits
2026-10-01 17:07:20,920  run_gnn_dispatch              INFO        [oracle] QExa20  ->  1797 circuits
2026-10-01 17:07:20,932  run_gnn_dispatch              INFO        [oracle] overall mean fidelity: 0.3759  (load CV: 0.697)
2026-10-01 17:07:20,932  run_gnn_dispatch              INFO        [gt_weighted] EQE1_Top  ->  1700 circuits
2026-10-01 17:07:20,932  run_gnn_dispatch              INFO        [gt_weighted] EQE1_Bottom  ->  1715 circuits
2026-10-01 17:07:20,932  run_gnn_dispatch              INFO        [gt_weighted] QExa20  ->  1702 circuits
2026-10-01 17:07:20,942  run_gnn_dispatch              INFO        [gt_weighted] overall mean fidelity: 0.3727  (load CV: 0.005)
2026-10-01 17:07:20,942  run_gnn_dispatch              INFO        [gnn] EQE1_Top  ->  1699 circuits
2026-10-01 17:07:20,942  run_gnn_dispatch              INFO        [gnn] EQE1_Bottom  ->  1717 circuits
2026-10-01 17:07:20,942  run_gnn_dispatch              INFO        [gnn] QExa20  ->  1701 circuits
2026-10-01 17:07:20,949  run_gnn_dispatch              INFO        [gnn] overall mean fidelity: 0.3705  (load CV: 0.006)
2026-10-01 17:07:20,949  run_gnn_dispatch              INFO        [round_robin] EQE1_Top  ->  1706 circuits
2026-10-01 17:07:20,949  run_gnn_dispatch              INFO        [round_robin] EQE1_Bottom  ->  1706 circuits
2026-10-01 17:07:20,949  run_gnn_dispatch              INFO        [round_robin] QExa20  ->  1705 circuits
2026-10-01 17:07:20,958  run_gnn_dispatch              INFO        [round_robin] overall mean fidelity: 0.3444  (load CV: 0.000)
2026-10-01 17:07:20,962  run_gnn_dispatch              INFO        [cross-policy oracle↔gnn] agreement: 65.4%  mean regret: 0.0054
2026-10-01 17:07:20,966  run_gnn_dispatch              INFO        [cross-policy gt_weighted↔gnn] agreement: 79.3%  mean regret: 0.0022
2026-10-01 17:07:20,966  run_gnn_dispatch              INFO      === Fidelity weight 0.20 ===
2026-10-01 17:07:21,020  run_gnn_dispatch              INFO        [oracle] EQE1_Top  ->  474 circuits
2026-10-01 17:07:21,020  run_gnn_dispatch              INFO        [oracle] EQE1_Bottom  ->  2846 circuits
2026-10-01 17:07:21,020  run_gnn_dispatch              INFO        [oracle] QExa20  ->  1797 circuits
2026-10-01 17:07:21,032  run_gnn_dispatch              INFO        [oracle] overall mean fidelity: 0.3759  (load CV: 0.697)
2026-10-01 17:07:21,032  run_gnn_dispatch              INFO        [gt_weighted] EQE1_Top  ->  1695 circuits
2026-10-01 17:07:21,032  run_gnn_dispatch              INFO        [gt_weighted] EQE1_Bottom  ->  1725 circuits
2026-10-01 17:07:21,032  run_gnn_dispatch              INFO        [gt_weighted] QExa20  ->  1697 circuits
2026-10-01 17:07:21,043  run_gnn_dispatch              INFO        [gt_weighted] overall mean fidelity: 0.3733  (load CV: 0.010)
2026-10-01 17:07:21,043  run_gnn_dispatch              INFO        [gnn] EQE1_Top  ->  1693 circuits
2026-10-01 17:07:21,043  run_gnn_dispatch              INFO        [gnn] EQE1_Bottom  ->  1728 circuits
2026-10-01 17:07:21,043  run_gnn_dispatch              INFO        [gnn] QExa20  ->  1696 circuits
2026-10-01 17:07:21,054  run_gnn_dispatch              INFO        [gnn] overall mean fidelity: 0.3711  (load CV: 0.011)
2026-10-01 17:07:21,054  run_gnn_dispatch              INFO        [round_robin] EQE1_Top  ->  1706 circuits
2026-10-01 17:07:21,054  run_gnn_dispatch              INFO        [round_robin] EQE1_Bottom  ->  1706 circuits
2026-10-01 17:07:21,054  run_gnn_dispatch              INFO        [round_robin] QExa20  ->  1705 circuits
2026-10-01 17:07:21,063  run_gnn_dispatch              INFO        [round_robin] overall mean fidelity: 0.3444  (load CV: 0.000)
2026-10-01 17:07:21,067  run_gnn_dispatch              INFO        [cross-policy oracle↔gnn] agreement: 66.5%  mean regret: 0.0048
2026-10-01 17:07:21,072  run_gnn_dispatch              INFO        [cross-policy gt_weighted↔gnn] agreement: 80.6%  mean regret: 0.0023
2026-10-01 17:07:21,072  run_gnn_dispatch              INFO      === Fidelity weight 0.30 ===
2026-10-01 17:07:21,128  run_gnn_dispatch              INFO        [oracle] EQE1_Top  ->  474 circuits
2026-10-01 17:07:21,128  run_gnn_dispatch              INFO        [oracle] EQE1_Bottom  ->  2846 circuits
2026-10-01 17:07:21,128  run_gnn_dispatch              INFO        [oracle] QExa20  ->  1797 circuits
2026-10-01 17:07:21,141  run_gnn_dispatch              INFO        [oracle] overall mean fidelity: 0.3759  (load CV: 0.697)
2026-10-01 17:07:21,141  run_gnn_dispatch              INFO        [gt_weighted] EQE1_Top  ->  1688 circuits
2026-10-01 17:07:21,141  run_gnn_dispatch              INFO        [gt_weighted] EQE1_Bottom  ->  1739 circuits
2026-10-01 17:07:21,141  run_gnn_dispatch              INFO        [gt_weighted] QExa20  ->  1690 circuits
2026-10-01 17:07:21,150  run_gnn_dispatch              INFO        [gt_weighted] overall mean fidelity: 0.3736  (load CV: 0.017)
2026-10-01 17:07:21,150  run_gnn_dispatch              INFO        [gnn] EQE1_Top  ->  1685 circuits
2026-10-01 17:07:21,150  run_gnn_dispatch              INFO        [gnn] EQE1_Bottom  ->  1743 circuits
2026-10-01 17:07:21,150  run_gnn_dispatch              INFO        [gnn] QExa20  ->  1689 circuits
2026-10-01 17:07:21,157  run_gnn_dispatch              INFO        [gnn] overall mean fidelity: 0.3713  (load CV: 0.019)
2026-10-01 17:07:21,158  run_gnn_dispatch              INFO        [round_robin] EQE1_Top  ->  1706 circuits
2026-10-01 17:07:21,158  run_gnn_dispatch              INFO        [round_robin] EQE1_Bottom  ->  1706 circuits
2026-10-01 17:07:21,158  run_gnn_dispatch              INFO        [round_robin] QExa20  ->  1705 circuits
2026-10-01 17:07:21,165  run_gnn_dispatch              INFO        [round_robin] overall mean fidelity: 0.3444  (load CV: 0.000)
2026-10-01 17:07:21,170  run_gnn_dispatch              INFO        [cross-policy oracle↔gnn] agreement: 67.2%  mean regret: 0.0045
2026-10-01 17:07:21,176  run_gnn_dispatch              INFO        [cross-policy gt_weighted↔gnn] agreement: 81.3%  mean regret: 0.0022
2026-10-01 17:07:21,176  run_gnn_dispatch              INFO      === Fidelity weight 0.40 ===
2026-10-01 17:07:21,322  run_gnn_dispatch              INFO        [oracle] EQE1_Top  ->  474 circuits
2026-10-01 17:07:21,322  run_gnn_dispatch              INFO        [oracle] EQE1_Bottom  ->  2846 circuits
2026-10-01 17:07:21,322  run_gnn_dispatch              INFO        [oracle] QExa20  ->  1797 circuits
2026-10-01 17:07:21,330  run_gnn_dispatch              INFO        [oracle] overall mean fidelity: 0.3759  (load CV: 0.697)
2026-10-01 17:07:21,330  run_gnn_dispatch              INFO        [gt_weighted] EQE1_Top  ->  1679 circuits
2026-10-01 17:07:21,330  run_gnn_dispatch              INFO        [gt_weighted] EQE1_Bottom  ->  1757 circuits
2026-10-01 17:07:21,330  run_gnn_dispatch              INFO        [gt_weighted] QExa20  ->  1681 circuits
2026-10-01 17:07:21,337  run_gnn_dispatch              INFO        [gt_weighted] overall mean fidelity: 0.3738  (load CV: 0.026)
2026-10-01 17:07:21,337  run_gnn_dispatch              INFO        [gnn] EQE1_Top  ->  1673 circuits
2026-10-01 17:07:21,337  run_gnn_dispatch              INFO        [gnn] EQE1_Bottom  ->  1762 circuits
2026-10-01 17:07:21,337  run_gnn_dispatch              INFO        [gnn] QExa20  ->  1682 circuits
2026-10-01 17:07:21,345  run_gnn_dispatch              INFO        [gnn] overall mean fidelity: 0.3715  (load CV: 0.029)
2026-10-01 17:07:21,345  run_gnn_dispatch              INFO        [round_robin] EQE1_Top  ->  1706 circuits
2026-10-01 17:07:21,345  run_gnn_dispatch              INFO        [round_robin] EQE1_Bottom  ->  1706 circuits
2026-10-01 17:07:21,345  run_gnn_dispatch              INFO        [round_robin] QExa20  ->  1705 circuits
2026-10-01 17:07:21,353  run_gnn_dispatch              INFO        [round_robin] overall mean fidelity: 0.3444  (load CV: 0.000)
2026-10-01 17:07:21,358  run_gnn_dispatch              INFO        [cross-policy oracle↔gnn] agreement: 67.7%  mean regret: 0.0043
2026-10-01 17:07:21,362  run_gnn_dispatch              INFO        [cross-policy gt_weighted↔gnn] agreement: 80.6%  mean regret: 0.0022
2026-10-01 17:07:21,362  run_gnn_dispatch              INFO      === Fidelity weight 0.50 ===
2026-10-01 17:07:21,407  run_gnn_dispatch              INFO        [oracle] EQE1_Top  ->  474 circuits
2026-10-01 17:07:21,407  run_gnn_dispatch              INFO        [oracle] EQE1_Bottom  ->  2846 circuits
2026-10-01 17:07:21,407  run_gnn_dispatch              INFO        [oracle] QExa20  ->  1797 circuits
2026-10-01 17:07:21,415  run_gnn_dispatch              INFO        [oracle] overall mean fidelity: 0.3759  (load CV: 0.697)
2026-10-01 17:07:21,416  run_gnn_dispatch              INFO        [gt_weighted] EQE1_Top  ->  1668 circuits
2026-10-01 17:07:21,416  run_gnn_dispatch              INFO        [gt_weighted] EQE1_Bottom  ->  1780 circuits
2026-10-01 17:07:21,416  run_gnn_dispatch              INFO        [gt_weighted] QExa20  ->  1669 circuits
2026-10-01 17:07:21,422  run_gnn_dispatch              INFO        [gt_weighted] overall mean fidelity: 0.3739  (load CV: 0.038)
2026-10-01 17:07:21,422  run_gnn_dispatch              INFO        [gnn] EQE1_Top  ->  1657 circuits
2026-10-01 17:07:21,422  run_gnn_dispatch              INFO        [gnn] EQE1_Bottom  ->  1789 circuits
2026-10-01 17:07:21,422  run_gnn_dispatch              INFO        [gnn] QExa20  ->  1671 circuits
2026-10-01 17:07:21,429  run_gnn_dispatch              INFO        [gnn] overall mean fidelity: 0.3717  (load CV: 0.043)
2026-10-01 17:07:21,429  run_gnn_dispatch              INFO        [round_robin] EQE1_Top  ->  1706 circuits
2026-10-01 17:07:21,429  run_gnn_dispatch              INFO        [round_robin] EQE1_Bottom  ->  1706 circuits
2026-10-01 17:07:21,429  run_gnn_dispatch              INFO        [round_robin] QExa20  ->  1705 circuits
2026-10-01 17:07:21,437  run_gnn_dispatch              INFO        [round_robin] overall mean fidelity: 0.3444  (load CV: 0.000)
2026-10-01 17:07:21,441  run_gnn_dispatch              INFO        [cross-policy oracle↔gnn] agreement: 68.2%  mean regret: 0.0042
2026-10-01 17:07:21,445  run_gnn_dispatch              INFO        [cross-policy gt_weighted↔gnn] agreement: 80.4%  mean regret: 0.0022
2026-10-01 17:07:21,445  run_gnn_dispatch              INFO      === Fidelity weight 0.60 ===
2026-10-01 17:07:21,493  run_gnn_dispatch              INFO        [oracle] EQE1_Top  ->  474 circuits
2026-10-01 17:07:21,493  run_gnn_dispatch              INFO        [oracle] EQE1_Bottom  ->  2846 circuits
2026-10-01 17:07:21,493  run_gnn_dispatch              INFO        [oracle] QExa20  ->  1797 circuits
2026-10-01 17:07:21,505  run_gnn_dispatch              INFO        [oracle] overall mean fidelity: 0.3759  (load CV: 0.697)
2026-10-01 17:07:21,506  run_gnn_dispatch              INFO        [gt_weighted] EQE1_Top  ->  1655 circuits
2026-10-01 17:07:21,506  run_gnn_dispatch              INFO        [gt_weighted] EQE1_Bottom  ->  1806 circuits
2026-10-01 17:07:21,506  run_gnn_dispatch              INFO        [gt_weighted] QExa20  ->  1656 circuits
2026-10-01 17:07:21,514  run_gnn_dispatch              INFO        [gt_weighted] overall mean fidelity: 0.3741  (load CV: 0.051)
2026-10-01 17:07:21,515  run_gnn_dispatch              INFO        [gnn] EQE1_Top  ->  1635 circuits
2026-10-01 17:07:21,515  run_gnn_dispatch              INFO        [gnn] EQE1_Bottom  ->  1827 circuits
2026-10-01 17:07:21,515  run_gnn_dispatch              INFO        [gnn] QExa20  ->  1655 circuits
2026-10-01 17:07:21,522  run_gnn_dispatch              INFO        [gnn] overall mean fidelity: 0.3719  (load CV: 0.062)
2026-10-01 17:07:21,522  run_gnn_dispatch              INFO        [round_robin] EQE1_Top  ->  1706 circuits
2026-10-01 17:07:21,522  run_gnn_dispatch              INFO        [round_robin] EQE1_Bottom  ->  1706 circuits
2026-10-01 17:07:21,522  run_gnn_dispatch              INFO        [round_robin] QExa20  ->  1705 circuits
2026-10-01 17:07:21,530  run_gnn_dispatch              INFO        [round_robin] overall mean fidelity: 0.3444  (load CV: 0.000)
2026-10-01 17:07:21,534  run_gnn_dispatch              INFO        [cross-policy oracle↔gnn] agreement: 68.7%  mean regret: 0.0040
2026-10-01 17:07:21,539  run_gnn_dispatch              INFO        [cross-policy gt_weighted↔gnn] agreement: 79.3%  mean regret: 0.0022
2026-10-01 17:07:21,540  run_gnn_dispatch              INFO      === Fidelity weight 0.70 ===
2026-10-01 17:07:21,671  run_gnn_dispatch              INFO        [oracle] EQE1_Top  ->  474 circuits
2026-10-01 17:07:21,671  run_gnn_dispatch              INFO        [oracle] EQE1_Bottom  ->  2846 circuits
2026-10-01 17:07:21,671  run_gnn_dispatch              INFO        [oracle] QExa20  ->  1797 circuits
2026-10-01 17:07:21,679  run_gnn_dispatch              INFO        [oracle] overall mean fidelity: 0.3759  (load CV: 0.697)
2026-10-01 17:07:21,679  run_gnn_dispatch              INFO        [gt_weighted] EQE1_Top  ->  1632 circuits
2026-10-01 17:07:21,679  run_gnn_dispatch              INFO        [gt_weighted] EQE1_Bottom  ->  1852 circuits
2026-10-01 17:07:21,679  run_gnn_dispatch              INFO        [gt_weighted] QExa20  ->  1633 circuits
2026-10-01 17:07:21,686  run_gnn_dispatch              INFO        [gt_weighted] overall mean fidelity: 0.3743  (load CV: 0.074)
2026-10-01 17:07:21,686  run_gnn_dispatch              INFO        [gnn] EQE1_Top  ->  1602 circuits
2026-10-01 17:07:21,686  run_gnn_dispatch              INFO        [gnn] EQE1_Bottom  ->  1883 circuits
2026-10-01 17:07:21,686  run_gnn_dispatch              INFO        [gnn] QExa20  ->  1632 circuits
2026-10-01 17:07:21,694  run_gnn_dispatch              INFO        [gnn] overall mean fidelity: 0.3721  (load CV: 0.090)
2026-10-01 17:07:21,694  run_gnn_dispatch              INFO        [round_robin] EQE1_Top  ->  1706 circuits
2026-10-01 17:07:21,694  run_gnn_dispatch              INFO        [round_robin] EQE1_Bottom  ->  1706 circuits
2026-10-01 17:07:21,694  run_gnn_dispatch              INFO        [round_robin] QExa20  ->  1705 circuits
2026-10-01 17:07:21,703  run_gnn_dispatch              INFO        [round_robin] overall mean fidelity: 0.3444  (load CV: 0.000)
2026-10-01 17:07:21,708  run_gnn_dispatch              INFO        [cross-policy oracle↔gnn] agreement: 69.6%  mean regret: 0.0038
2026-10-01 17:07:21,711  run_gnn_dispatch              INFO        [cross-policy gt_weighted↔gnn] agreement: 79.6%  mean regret: 0.0022
2026-10-01 17:07:21,712  run_gnn_dispatch              INFO      === Fidelity weight 0.80 ===
2026-10-01 17:07:21,763  run_gnn_dispatch              INFO        [oracle] EQE1_Top  ->  474 circuits
2026-10-01 17:07:21,764  run_gnn_dispatch              INFO        [oracle] EQE1_Bottom  ->  2846 circuits
2026-10-01 17:07:21,764  run_gnn_dispatch              INFO        [oracle] QExa20  ->  1797 circuits
2026-10-01 17:07:21,772  run_gnn_dispatch              INFO        [oracle] overall mean fidelity: 0.3759  (load CV: 0.697)
2026-10-01 17:07:21,773  run_gnn_dispatch              INFO        [gt_weighted] EQE1_Top  ->  1595 circuits
2026-10-01 17:07:21,773  run_gnn_dispatch              INFO        [gt_weighted] EQE1_Bottom  ->  1926 circuits
2026-10-01 17:07:21,773  run_gnn_dispatch              INFO        [gt_weighted] QExa20  ->  1596 circuits
2026-10-01 17:07:21,780  run_gnn_dispatch              INFO        [gt_weighted] overall mean fidelity: 0.3745  (load CV: 0.112)
2026-10-01 17:07:21,780  run_gnn_dispatch              INFO        [gnn] EQE1_Top  ->  1548 circuits
2026-10-01 17:07:21,780  run_gnn_dispatch              INFO        [gnn] EQE1_Bottom  ->  1977 circuits
2026-10-01 17:07:21,780  run_gnn_dispatch              INFO        [gnn] QExa20  ->  1592 circuits
2026-10-01 17:07:21,787  run_gnn_dispatch              INFO        [gnn] overall mean fidelity: 0.3725  (load CV: 0.138)
2026-10-01 17:07:21,787  run_gnn_dispatch              INFO        [round_robin] EQE1_Top  ->  1706 circuits
2026-10-01 17:07:21,788  run_gnn_dispatch              INFO        [round_robin] EQE1_Bottom  ->  1706 circuits
2026-10-01 17:07:21,788  run_gnn_dispatch              INFO        [round_robin] QExa20  ->  1705 circuits
2026-10-01 17:07:21,796  run_gnn_dispatch              INFO        [round_robin] overall mean fidelity: 0.3444  (load CV: 0.000)
2026-10-01 17:07:21,801  run_gnn_dispatch              INFO        [cross-policy oracle↔gnn] agreement: 71.0%  mean regret: 0.0034
2026-10-01 17:07:21,805  run_gnn_dispatch              INFO        [cross-policy gt_weighted↔gnn] agreement: 79.9%  mean regret: 0.0020
2026-10-01 17:07:21,805  run_gnn_dispatch              INFO      === Fidelity weight 0.90 ===
2026-10-01 17:07:21,857  run_gnn_dispatch              INFO        [oracle] EQE1_Top  ->  474 circuits
2026-10-01 17:07:21,857  run_gnn_dispatch              INFO        [oracle] EQE1_Bottom  ->  2846 circuits
2026-10-01 17:07:21,857  run_gnn_dispatch              INFO        [oracle] QExa20  ->  1797 circuits
2026-10-01 17:07:21,865  run_gnn_dispatch              INFO        [oracle] overall mean fidelity: 0.3759  (load CV: 0.697)
2026-10-01 17:07:21,865  run_gnn_dispatch              INFO        [gt_weighted] EQE1_Top  ->  1514 circuits
2026-10-01 17:07:21,865  run_gnn_dispatch              INFO        [gt_weighted] EQE1_Bottom  ->  2087 circuits
2026-10-01 17:07:21,865  run_gnn_dispatch              INFO        [gt_weighted] QExa20  ->  1516 circuits
2026-10-01 17:07:21,873  run_gnn_dispatch              INFO        [gt_weighted] overall mean fidelity: 0.3750  (load CV: 0.194)
2026-10-01 17:07:21,873  run_gnn_dispatch              INFO        [gnn] EQE1_Top  ->  1431 circuits
2026-10-01 17:07:21,873  run_gnn_dispatch              INFO        [gnn] EQE1_Bottom  ->  2166 circuits
2026-10-01 17:07:21,873  run_gnn_dispatch              INFO        [gnn] QExa20  ->  1520 circuits
2026-10-01 17:07:21,880  run_gnn_dispatch              INFO        [gnn] overall mean fidelity: 0.3731  (load CV: 0.235)
2026-10-01 17:07:21,881  run_gnn_dispatch              INFO        [round_robin] EQE1_Top  ->  1706 circuits
2026-10-01 17:07:21,881  run_gnn_dispatch              INFO        [round_robin] EQE1_Bottom  ->  1706 circuits
2026-10-01 17:07:21,881  run_gnn_dispatch              INFO        [round_robin] QExa20  ->  1705 circuits
2026-10-01 17:07:21,889  run_gnn_dispatch              INFO        [round_robin] overall mean fidelity: 0.3444  (load CV: 0.000)
2026-10-01 17:07:21,893  run_gnn_dispatch              INFO        [cross-policy oracle↔gnn] agreement: 73.3%  mean regret: 0.0028
2026-10-01 17:07:21,897  run_gnn_dispatch              INFO        [cross-policy gt_weighted↔gnn] agreement: 79.1%  mean regret: 0.0019
2026-10-01 17:07:21,897  run_gnn_dispatch              INFO      === Fidelity weight 1.00 ===
2026-10-01 17:07:21,947  run_gnn_dispatch              INFO        [oracle] EQE1_Top  ->  474 circuits
2026-10-01 17:07:21,947  run_gnn_dispatch              INFO        [oracle] EQE1_Bottom  ->  2846 circuits
2026-10-01 17:07:21,947  run_gnn_dispatch              INFO        [oracle] QExa20  ->  1797 circuits
2026-10-01 17:07:21,955  run_gnn_dispatch              INFO        [oracle] overall mean fidelity: 0.3759  (load CV: 0.697)
2026-10-01 17:07:21,955  run_gnn_dispatch              INFO        [gt_weighted] EQE1_Top  ->  474 circuits
2026-10-01 17:07:21,955  run_gnn_dispatch              INFO        [gt_weighted] EQE1_Bottom  ->  2846 circuits
2026-10-01 17:07:21,955  run_gnn_dispatch              INFO        [gt_weighted] QExa20  ->  1797 circuits
2026-10-01 17:07:21,962  run_gnn_dispatch              INFO        [gt_weighted] overall mean fidelity: 0.3759  (load CV: 0.697)
2026-10-01 17:07:21,962  run_gnn_dispatch              INFO        [gnn] EQE1_Top  ->  442 circuits
2026-10-01 17:07:21,962  run_gnn_dispatch              INFO        [gnn] EQE1_Bottom  ->  3375 circuits
2026-10-01 17:07:21,962  run_gnn_dispatch              INFO        [gnn] QExa20  ->  1300 circuits
2026-10-01 17:07:21,969  run_gnn_dispatch              INFO        [gnn] overall mean fidelity: 0.3737  (load CV: 0.884)
2026-10-01 17:07:21,969  run_gnn_dispatch              INFO        [round_robin] EQE1_Top  ->  1706 circuits
2026-10-01 17:07:21,969  run_gnn_dispatch              INFO        [round_robin] EQE1_Bottom  ->  1706 circuits
2026-10-01 17:07:21,969  run_gnn_dispatch              INFO        [round_robin] QExa20  ->  1705 circuits
2026-10-01 17:07:21,976  run_gnn_dispatch              INFO        [round_robin] overall mean fidelity: 0.3444  (load CV: 0.000)
2026-10-01 17:07:21,980  run_gnn_dispatch              INFO        [cross-policy oracle↔gnn] agreement: 80.1%  mean regret: 0.0021
2026-10-01 17:07:21,983  run_gnn_dispatch              INFO        [cross-policy gt_weighted↔gnn] agreement: 80.1%  mean regret: 0.0021
2026-10-01 17:07:21,996  run_gnn_dispatch              INFO      Ground-truth fidelities saved to evaluations/pipeline/results_v4_shuffled/fidelity_ground_truth.json
2026-10-01 17:07:22,010  run_gnn_dispatch              INFO      GNN-predicted fidelities saved to evaluations/pipeline/results_v4_shuffled/fidelity_gnn_predicted.json
2026-10-01 17:07:22,057  run_gnn_dispatch              INFO      Full results saved to evaluations/pipeline/results_v4_shuffled/dispatch_results.json
2026-10-01 17:07:22,057  run_gnn_dispatch              INFO      Summary CSV saved to evaluations/pipeline/results_v4_shuffled/dispatch_summary.csv
2026-10-01 17:07:22,057  run_gnn_dispatch              INFO      Cross-policy CSV saved to evaluations/pipeline/results_v4_shuffled/cross_policy_summary.csv
