2026-10-07 14:11:53,841  genstudy.io               INFO     Logging to /home/atudisco/pred-distr-tool/evaluations/generalization/results/size_extrapolation/run.log
2026-10-07 14:11:53,841  run_size_extrapolation    INFO     Command line: /home/atudisco/pred-distr-tool/evaluations/generalization/scripts/run_size_extrapolation.py --max-train-qubits 14 --results-dir /home/atudisco/pred-distr-tool/evaluations/generalization/results
2026-10-07 14:11:53,842  run_size_extrapolation    INFO     Dataset directory: /home/atudisco/compileCircuits
2026-10-07 14:11:53,843  genstudy.model            INFO     Hyper-parameters from /home/atudisco/pred-distr-tool/src/model/best_params.json: {'hidden_dim': 142, 'num_conv_wo_resnet': 3, 'num_resnet_layers': 1, 'dropout': 0.0, 'bidirectional': True, 'mlp': [512, 256, 128], 'lr': 0.001, 'readout': 'meanmaxsum'}
2026-10-07 14:11:53,843  run_size_extrapolation    INFO     Compute device: cpu
2026-10-07 14:11:53,843  genstudy.data             INFO     Loading graph dataset: /home/atudisco/compileCircuits/graph_dataset_expected_fidelity.pt
2026-10-07 14:11:56,466  genstudy.data             INFO     Loaded 17056 graphs
2026-10-07 14:11:56,495  genstudy.io               INFO     Wrote /home/atudisco/pred-distr-tool/evaluations/generalization/results/size_extrapolation/dataset_summary.json
2026-10-07 14:11:56,495  run_size_extrapolation    INFO     Dataset covers 2-20 qubits
2026-10-07 14:11:56,497  run_size_extrapolation    INFO     [1/1] training on <= 14 qubits, testing on 15-20 qubits
2026-10-07 14:11:56,498  genstudy.experiment       INFO     === size_holdout / qmax_14 ===
2026-10-07 14:11:56,498  genstudy.experiment       INFO     Size extrapolation: train = 12470 circuits with 2-14 qubits, test = 4586 circuits with 15-20 qubits.
2026-10-07 14:11:56,499  genstudy.experiment       INFO     train=9976  val=2494  test=4586
2026-10-07 14:11:56,538  genstudy.model            INFO     [size_holdout:qmax_14] training on 9976 graphs, validating on 2494, epochs 1-1000 (patience 30)
2026-10-07 14:12:07,555  genstudy.model            INFO     [size_holdout:qmax_14] epoch 0001/1000  train_mse=0.716498  val_mse=0.008113  val_r2=0.9246  patience=0/30
2026-10-07 14:12:18,411  genstudy.model            INFO     [size_holdout:qmax_14] epoch 0002/1000  train_mse=0.023897  val_mse=0.004468  val_r2=0.9587  patience=0/30
2026-10-07 14:12:29,299  genstudy.model            INFO     [size_holdout:qmax_14] epoch 0003/1000  train_mse=0.003142  val_mse=0.002647  val_r2=0.9757  patience=0/30
2026-10-07 14:12:40,101  genstudy.model            INFO     [size_holdout:qmax_14] epoch 0004/1000  train_mse=0.002657  val_mse=0.002243  val_r2=0.9795  patience=0/30
2026-10-07 14:12:51,017  genstudy.model            INFO     [size_holdout:qmax_14] epoch 0005/1000  train_mse=0.002260  val_mse=0.001704  val_r2=0.9843  patience=0/30
2026-10-07 14:13:01,836  genstudy.model            INFO     [size_holdout:qmax_14] epoch 0006/1000  train_mse=0.003049  val_mse=0.002006  val_r2=0.9812  patience=1/30
2026-10-07 14:13:12,718  genstudy.model            INFO     [size_holdout:qmax_14] epoch 0007/1000  train_mse=0.003161  val_mse=0.001398  val_r2=0.9872  patience=0/30
2026-10-07 14:13:23,728  genstudy.model            INFO     [size_holdout:qmax_14] epoch 0008/1000  train_mse=0.001220  val_mse=0.001247  val_r2=0.9885  patience=0/30
2026-10-07 14:13:34,695  genstudy.model            INFO     [size_holdout:qmax_14] epoch 0009/1000  train_mse=0.001454  val_mse=0.001194  val_r2=0.9890  patience=0/30
2026-10-07 14:13:45,575  genstudy.model            INFO     [size_holdout:qmax_14] epoch 0010/1000  train_mse=0.001334  val_mse=0.001209  val_r2=0.9889  patience=1/30
2026-10-07 14:13:56,514  genstudy.model            INFO     [size_holdout:qmax_14] epoch 0011/1000  train_mse=0.001129  val_mse=0.001205  val_r2=0.9889  patience=2/30
2026-10-07 14:14:07,452  genstudy.model            INFO     [size_holdout:qmax_14] epoch 0012/1000  train_mse=0.001699  val_mse=0.000876  val_r2=0.9920  patience=0/30
2026-10-07 14:14:18,301  genstudy.model            INFO     [size_holdout:qmax_14] epoch 0013/1000  train_mse=0.001226  val_mse=0.000887  val_r2=0.9917  patience=1/30
2026-10-07 14:14:29,167  genstudy.model            INFO     [size_holdout:qmax_14] epoch 0014/1000  train_mse=0.000878  val_mse=0.001507  val_r2=0.9860  patience=2/30
2026-10-07 14:14:40,012  genstudy.model            INFO     [size_holdout:qmax_14] epoch 0015/1000  train_mse=0.001473  val_mse=0.001011  val_r2=0.9906  patience=3/30
2026-10-07 14:14:50,835  genstudy.model            INFO     [size_holdout:qmax_14] epoch 0016/1000  train_mse=0.000798  val_mse=0.000943  val_r2=0.9914  patience=4/30
2026-10-07 14:15:01,740  genstudy.model            INFO     [size_holdout:qmax_14] epoch 0017/1000  train_mse=0.000694  val_mse=0.000774  val_r2=0.9929  patience=0/30
2026-10-07 14:15:12,603  genstudy.model            INFO     [size_holdout:qmax_14] epoch 0018/1000  train_mse=0.000903  val_mse=0.001114  val_r2=0.9897  patience=1/30
2026-10-07 14:15:23,426  genstudy.model            INFO     [size_holdout:qmax_14] epoch 0019/1000  train_mse=0.000899  val_mse=0.000759  val_r2=0.9930  patience=0/30
2026-10-07 14:15:34,226  genstudy.model            INFO     [size_holdout:qmax_14] epoch 0020/1000  train_mse=0.000695  val_mse=0.000700  val_r2=0.9936  patience=0/30
2026-10-07 14:15:45,089  genstudy.model            INFO     [size_holdout:qmax_14] epoch 0021/1000  train_mse=0.000814  val_mse=0.000728  val_r2=0.9933  patience=1/30
2026-10-07 14:15:55,897  genstudy.model            INFO     [size_holdout:qmax_14] epoch 0022/1000  train_mse=0.000774  val_mse=0.002012  val_r2=0.9810  patience=2/30
2026-10-07 14:16:06,849  genstudy.model            INFO     [size_holdout:qmax_14] epoch 0023/1000  train_mse=0.000758  val_mse=0.000774  val_r2=0.9929  patience=3/30
2026-10-07 14:16:17,758  genstudy.model            INFO     [size_holdout:qmax_14] epoch 0024/1000  train_mse=0.128323  val_mse=0.237195  val_r2=-1.2353  patience=4/30
2026-10-07 14:16:28,594  genstudy.model            INFO     [size_holdout:qmax_14] epoch 0025/1000  train_mse=0.112310  val_mse=0.004741  val_r2=0.9566  patience=5/30
2026-10-07 14:16:39,464  genstudy.model            INFO     [size_holdout:qmax_14] epoch 0026/1000  train_mse=0.003231  val_mse=0.002153  val_r2=0.9800  patience=6/30
2026-10-07 14:16:50,306  genstudy.model            INFO     [size_holdout:qmax_14] epoch 0027/1000  train_mse=0.002475  val_mse=0.001915  val_r2=0.9822  patience=7/30
2026-10-07 14:17:01,154  genstudy.model            INFO     [size_holdout:qmax_14] epoch 0028/1000  train_mse=0.002168  val_mse=0.001780  val_r2=0.9834  patience=8/30
2026-10-07 14:17:11,996  genstudy.model            INFO     [size_holdout:qmax_14] epoch 0029/1000  train_mse=0.001731  val_mse=0.001592  val_r2=0.9852  patience=9/30
2026-10-07 14:17:22,900  genstudy.model            INFO     [size_holdout:qmax_14] epoch 0030/1000  train_mse=0.001544  val_mse=0.001498  val_r2=0.9862  patience=10/30
2026-10-07 14:17:33,794  genstudy.model            INFO     [size_holdout:qmax_14] epoch 0031/1000  train_mse=0.001419  val_mse=0.001745  val_r2=0.9840  patience=11/30
2026-10-07 14:17:44,613  genstudy.model            INFO     [size_holdout:qmax_14] epoch 0032/1000  train_mse=0.001491  val_mse=0.002036  val_r2=0.9812  patience=12/30
2026-10-07 14:17:55,465  genstudy.model            INFO     [size_holdout:qmax_14] epoch 0033/1000  train_mse=0.001356  val_mse=0.001320  val_r2=0.9878  patience=13/30
2026-10-07 14:18:06,314  genstudy.model            INFO     [size_holdout:qmax_14] epoch 0034/1000  train_mse=0.001312  val_mse=0.001210  val_r2=0.9888  patience=14/30
2026-10-07 14:18:17,184  genstudy.model            INFO     [size_holdout:qmax_14] epoch 0035/1000  train_mse=0.001431  val_mse=0.001280  val_r2=0.9882  patience=15/30
2026-10-07 14:18:28,149  genstudy.model            INFO     [size_holdout:qmax_14] epoch 0036/1000  train_mse=0.000961  val_mse=0.001023  val_r2=0.9906  patience=16/30
2026-10-07 14:18:39,202  genstudy.model            INFO     [size_holdout:qmax_14] epoch 0037/1000  train_mse=0.000937  val_mse=0.000982  val_r2=0.9909  patience=17/30
2026-10-07 14:18:50,089  genstudy.model            INFO     [size_holdout:qmax_14] epoch 0038/1000  train_mse=0.000960  val_mse=0.000983  val_r2=0.9910  patience=18/30
2026-10-07 14:19:01,008  genstudy.model            INFO     [size_holdout:qmax_14] epoch 0039/1000  train_mse=0.001025  val_mse=0.001886  val_r2=0.9828  patience=19/30
2026-10-07 14:19:11,811  genstudy.model            INFO     [size_holdout:qmax_14] epoch 0040/1000  train_mse=0.001007  val_mse=0.000906  val_r2=0.9917  patience=20/30
2026-10-07 14:19:22,573  genstudy.model            INFO     [size_holdout:qmax_14] epoch 0041/1000  train_mse=0.000922  val_mse=0.001082  val_r2=0.9901  patience=21/30
2026-10-07 14:19:33,361  genstudy.model            INFO     [size_holdout:qmax_14] epoch 0042/1000  train_mse=0.000844  val_mse=0.000748  val_r2=0.9931  patience=22/30
2026-10-07 14:19:44,141  genstudy.model            INFO     [size_holdout:qmax_14] epoch 0043/1000  train_mse=0.000655  val_mse=0.001086  val_r2=0.9901  patience=23/30
2026-10-07 14:19:54,923  genstudy.model            INFO     [size_holdout:qmax_14] epoch 0044/1000  train_mse=0.000820  val_mse=0.001189  val_r2=0.9891  patience=24/30
2026-10-07 14:20:05,725  genstudy.model            INFO     [size_holdout:qmax_14] epoch 0045/1000  train_mse=0.000882  val_mse=0.000815  val_r2=0.9925  patience=25/30
2026-10-07 14:20:16,643  genstudy.model            INFO     [size_holdout:qmax_14] epoch 0046/1000  train_mse=0.000699  val_mse=0.000821  val_r2=0.9925  patience=26/30
2026-10-07 14:20:27,417  genstudy.model            INFO     [size_holdout:qmax_14] epoch 0047/1000  train_mse=0.000895  val_mse=0.000683  val_r2=0.9937  patience=0/30
2026-10-07 14:20:38,232  genstudy.model            INFO     [size_holdout:qmax_14] epoch 0048/1000  train_mse=0.000673  val_mse=0.000792  val_r2=0.9927  patience=1/30
2026-10-07 14:20:49,058  genstudy.model            INFO     [size_holdout:qmax_14] epoch 0049/1000  train_mse=0.000580  val_mse=0.001137  val_r2=0.9896  patience=2/30
2026-10-07 14:20:59,933  genstudy.model            INFO     [size_holdout:qmax_14] epoch 0050/1000  train_mse=0.000590  val_mse=0.000775  val_r2=0.9929  patience=3/30
2026-10-07 14:21:10,768  genstudy.model            INFO     [size_holdout:qmax_14] epoch 0051/1000  train_mse=0.000666  val_mse=0.000896  val_r2=0.9917  patience=4/30
2026-10-07 14:21:21,613  genstudy.model            INFO     [size_holdout:qmax_14] epoch 0052/1000  train_mse=0.000707  val_mse=0.000708  val_r2=0.9935  patience=5/30
2026-10-07 14:21:32,402  genstudy.model            INFO     [size_holdout:qmax_14] epoch 0053/1000  train_mse=0.000543  val_mse=0.000685  val_r2=0.9937  patience=6/30
2026-10-07 14:21:43,201  genstudy.model            INFO     [size_holdout:qmax_14] epoch 0054/1000  train_mse=0.000526  val_mse=0.000625  val_r2=0.9943  patience=0/30
2026-10-07 14:21:54,001  genstudy.model            INFO     [size_holdout:qmax_14] epoch 0055/1000  train_mse=0.000602  val_mse=0.000644  val_r2=0.9941  patience=1/30
2026-10-07 14:22:04,806  genstudy.model            INFO     [size_holdout:qmax_14] epoch 0056/1000  train_mse=0.000520  val_mse=0.000542  val_r2=0.9951  patience=0/30
2026-10-07 14:22:15,572  genstudy.model            INFO     [size_holdout:qmax_14] epoch 0057/1000  train_mse=0.000491  val_mse=0.000946  val_r2=0.9912  patience=1/30
2026-10-07 14:22:26,342  genstudy.model            INFO     [size_holdout:qmax_14] epoch 0058/1000  train_mse=0.000533  val_mse=0.000669  val_r2=0.9939  patience=2/30
2026-10-07 14:22:37,080  genstudy.model            INFO     [size_holdout:qmax_14] epoch 0059/1000  train_mse=0.000706  val_mse=0.000677  val_r2=0.9939  patience=3/30
2026-10-07 14:22:47,886  genstudy.model            INFO     [size_holdout:qmax_14] epoch 0060/1000  train_mse=0.000512  val_mse=0.000585  val_r2=0.9947  patience=4/30
2026-10-07 14:22:58,661  genstudy.model            INFO     [size_holdout:qmax_14] epoch 0061/1000  train_mse=0.000482  val_mse=0.000741  val_r2=0.9931  patience=5/30
2026-10-07 14:23:09,484  genstudy.model            INFO     [size_holdout:qmax_14] epoch 0062/1000  train_mse=0.000509  val_mse=0.001273  val_r2=0.9881  patience=6/30
2026-10-07 14:23:20,239  genstudy.model            INFO     [size_holdout:qmax_14] epoch 0063/1000  train_mse=0.000455  val_mse=0.000622  val_r2=0.9943  patience=7/30
2026-10-07 14:23:31,023  genstudy.model            INFO     [size_holdout:qmax_14] epoch 0064/1000  train_mse=0.000511  val_mse=0.000614  val_r2=0.9943  patience=8/30
2026-10-07 14:23:41,761  genstudy.model            INFO     [size_holdout:qmax_14] epoch 0065/1000  train_mse=0.000428  val_mse=0.000597  val_r2=0.9946  patience=9/30
2026-10-07 14:23:52,533  genstudy.model            INFO     [size_holdout:qmax_14] epoch 0066/1000  train_mse=0.000455  val_mse=0.000623  val_r2=0.9943  patience=10/30
2026-10-07 14:24:03,307  genstudy.model            INFO     [size_holdout:qmax_14] epoch 0067/1000  train_mse=0.000463  val_mse=0.000723  val_r2=0.9934  patience=11/30
2026-10-07 14:24:14,075  genstudy.model            INFO     [size_holdout:qmax_14] epoch 0068/1000  train_mse=0.000413  val_mse=0.000617  val_r2=0.9943  patience=12/30
2026-10-07 14:24:24,858  genstudy.model            INFO     [size_holdout:qmax_14] epoch 0069/1000  train_mse=0.000443  val_mse=0.000558  val_r2=0.9949  patience=13/30
2026-10-07 14:24:35,629  genstudy.model            INFO     [size_holdout:qmax_14] epoch 0070/1000  train_mse=0.000420  val_mse=0.000782  val_r2=0.9928  patience=14/30
2026-10-07 14:24:46,383  genstudy.model            INFO     [size_holdout:qmax_14] epoch 0071/1000  train_mse=0.000447  val_mse=0.000554  val_r2=0.9949  patience=15/30
2026-10-07 14:24:57,141  genstudy.model            INFO     [size_holdout:qmax_14] epoch 0072/1000  train_mse=0.000400  val_mse=0.000839  val_r2=0.9922  patience=16/30
2026-10-07 14:25:07,855  genstudy.model            INFO     [size_holdout:qmax_14] epoch 0073/1000  train_mse=0.000401  val_mse=0.000554  val_r2=0.9949  patience=17/30
2026-10-07 14:25:18,651  genstudy.model            INFO     [size_holdout:qmax_14] epoch 0074/1000  train_mse=0.000420  val_mse=0.000780  val_r2=0.9928  patience=18/30
2026-10-07 14:25:29,383  genstudy.model            INFO     [size_holdout:qmax_14] epoch 0075/1000  train_mse=0.000429  val_mse=0.000498  val_r2=0.9954  patience=0/30
2026-10-07 14:25:40,162  genstudy.model            INFO     [size_holdout:qmax_14] epoch 0076/1000  train_mse=0.000432  val_mse=0.000616  val_r2=0.9944  patience=1/30
2026-10-07 14:25:50,934  genstudy.model            INFO     [size_holdout:qmax_14] epoch 0077/1000  train_mse=0.000404  val_mse=0.000496  val_r2=0.9955  patience=0/30
2026-10-07 14:26:01,706  genstudy.model            INFO     [size_holdout:qmax_14] epoch 0078/1000  train_mse=0.000354  val_mse=0.000532  val_r2=0.9951  patience=1/30
2026-10-07 14:26:12,559  genstudy.model            INFO     [size_holdout:qmax_14] epoch 0079/1000  train_mse=0.000346  val_mse=0.000529  val_r2=0.9952  patience=2/30
2026-10-07 14:26:23,286  genstudy.model            INFO     [size_holdout:qmax_14] epoch 0080/1000  train_mse=0.000430  val_mse=0.000610  val_r2=0.9944  patience=3/30
2026-10-07 14:26:34,044  genstudy.model            INFO     [size_holdout:qmax_14] epoch 0081/1000  train_mse=0.000366  val_mse=0.000684  val_r2=0.9937  patience=4/30
2026-10-07 14:26:44,708  genstudy.model            INFO     [size_holdout:qmax_14] epoch 0082/1000  train_mse=0.000358  val_mse=0.000638  val_r2=0.9942  patience=5/30
2026-10-07 14:26:55,506  genstudy.model            INFO     [size_holdout:qmax_14] epoch 0083/1000  train_mse=0.000364  val_mse=0.000488  val_r2=0.9955  patience=0/30
2026-10-07 14:27:06,345  genstudy.model            INFO     [size_holdout:qmax_14] epoch 0084/1000  train_mse=0.000347  val_mse=0.000444  val_r2=0.9960  patience=0/30
2026-10-07 14:27:17,226  genstudy.model            INFO     [size_holdout:qmax_14] epoch 0085/1000  train_mse=0.000397  val_mse=0.000552  val_r2=0.9950  patience=1/30
2026-10-07 14:27:28,046  genstudy.model            INFO     [size_holdout:qmax_14] epoch 0086/1000  train_mse=0.000345  val_mse=0.000446  val_r2=0.9959  patience=2/30
2026-10-07 14:27:38,877  genstudy.model            INFO     [size_holdout:qmax_14] epoch 0087/1000  train_mse=0.000311  val_mse=0.000468  val_r2=0.9957  patience=3/30
2026-10-07 14:27:49,806  genstudy.model            INFO     [size_holdout:qmax_14] epoch 0088/1000  train_mse=0.000341  val_mse=0.000491  val_r2=0.9955  patience=4/30
2026-10-07 14:28:00,788  genstudy.model            INFO     [size_holdout:qmax_14] epoch 0089/1000  train_mse=0.000342  val_mse=0.000483  val_r2=0.9956  patience=5/30
2026-10-07 14:28:11,696  genstudy.model            INFO     [size_holdout:qmax_14] epoch 0090/1000  train_mse=0.000328  val_mse=0.000478  val_r2=0.9956  patience=6/30
2026-10-07 14:28:22,564  genstudy.model            INFO     [size_holdout:qmax_14] epoch 0091/1000  train_mse=0.000351  val_mse=0.000501  val_r2=0.9954  patience=7/30
2026-10-07 14:28:33,399  genstudy.model            INFO     [size_holdout:qmax_14] epoch 0092/1000  train_mse=0.000311  val_mse=0.000435  val_r2=0.9960  patience=0/30
2026-10-07 14:28:44,192  genstudy.model            INFO     [size_holdout:qmax_14] epoch 0093/1000  train_mse=0.000301  val_mse=0.000446  val_r2=0.9959  patience=1/30
2026-10-07 14:28:55,024  genstudy.model            INFO     [size_holdout:qmax_14] epoch 0094/1000  train_mse=0.000352  val_mse=0.000488  val_r2=0.9956  patience=2/30
2026-10-07 14:29:05,819  genstudy.model            INFO     [size_holdout:qmax_14] epoch 0095/1000  train_mse=0.000451  val_mse=0.000894  val_r2=0.9916  patience=3/30
2026-10-07 14:29:16,649  genstudy.model            INFO     [size_holdout:qmax_14] epoch 0096/1000  train_mse=0.000403  val_mse=0.000481  val_r2=0.9956  patience=4/30
2026-10-07 14:29:27,417  genstudy.model            INFO     [size_holdout:qmax_14] epoch 0097/1000  train_mse=0.000317  val_mse=0.000495  val_r2=0.9955  patience=5/30
2026-10-07 14:29:38,245  genstudy.model            INFO     [size_holdout:qmax_14] epoch 0098/1000  train_mse=0.000325  val_mse=0.000511  val_r2=0.9954  patience=6/30
2026-10-07 14:29:49,062  genstudy.model            INFO     [size_holdout:qmax_14] epoch 0099/1000  train_mse=0.000278  val_mse=0.000451  val_r2=0.9959  patience=7/30
2026-10-07 14:29:59,882  genstudy.model            INFO     [size_holdout:qmax_14] epoch 0100/1000  train_mse=0.000300  val_mse=0.000585  val_r2=0.9947  patience=8/30
2026-10-07 14:30:10,653  genstudy.model            INFO     [size_holdout:qmax_14] epoch 0101/1000  train_mse=0.000277  val_mse=0.000435  val_r2=0.9960  patience=0/30
2026-10-07 14:30:21,528  genstudy.model            INFO     [size_holdout:qmax_14] epoch 0102/1000  train_mse=0.000301  val_mse=0.000436  val_r2=0.9960  patience=1/30
2026-10-07 14:30:32,454  genstudy.model            INFO     [size_holdout:qmax_14] epoch 0103/1000  train_mse=0.000289  val_mse=0.000535  val_r2=0.9951  patience=2/30
2026-10-07 14:30:43,260  genstudy.model            INFO     [size_holdout:qmax_14] epoch 0104/1000  train_mse=0.000302  val_mse=0.000507  val_r2=0.9954  patience=3/30
2026-10-07 14:30:54,116  genstudy.model            INFO     [size_holdout:qmax_14] epoch 0105/1000  train_mse=0.000292  val_mse=0.000485  val_r2=0.9956  patience=4/30
2026-10-07 14:31:04,967  genstudy.model            INFO     [size_holdout:qmax_14] epoch 0106/1000  train_mse=0.000291  val_mse=0.000470  val_r2=0.9957  patience=5/30
2026-10-07 14:31:15,801  genstudy.model            INFO     [size_holdout:qmax_14] epoch 0107/1000  train_mse=0.000312  val_mse=0.000659  val_r2=0.9939  patience=6/30
2026-10-07 14:31:26,626  genstudy.model            INFO     [size_holdout:qmax_14] epoch 0108/1000  train_mse=0.000295  val_mse=0.000454  val_r2=0.9959  patience=7/30
2026-10-07 14:31:37,467  genstudy.model            INFO     [size_holdout:qmax_14] epoch 0109/1000  train_mse=0.000284  val_mse=0.000442  val_r2=0.9960  patience=8/30
2026-10-07 14:31:48,255  genstudy.model            INFO     [size_holdout:qmax_14] epoch 0110/1000  train_mse=0.000359  val_mse=0.000449  val_r2=0.9959  patience=9/30
2026-10-07 14:31:59,110  genstudy.model            INFO     [size_holdout:qmax_14] epoch 0111/1000  train_mse=0.000302  val_mse=0.000470  val_r2=0.9957  patience=10/30
2026-10-07 14:32:09,952  genstudy.model            INFO     [size_holdout:qmax_14] epoch 0112/1000  train_mse=0.000288  val_mse=0.000450  val_r2=0.9959  patience=11/30
2026-10-07 14:32:20,763  genstudy.model            INFO     [size_holdout:qmax_14] epoch 0113/1000  train_mse=0.000267  val_mse=0.000452  val_r2=0.9959  patience=12/30
2026-10-07 14:32:31,629  genstudy.model            INFO     [size_holdout:qmax_14] epoch 0114/1000  train_mse=0.000296  val_mse=0.000485  val_r2=0.9956  patience=13/30
2026-10-07 14:32:42,449  genstudy.model            INFO     [size_holdout:qmax_14] epoch 0115/1000  train_mse=0.000256  val_mse=0.000424  val_r2=0.9961  patience=0/30
2026-10-07 14:32:53,272  genstudy.model            INFO     [size_holdout:qmax_14] epoch 0116/1000  train_mse=0.000276  val_mse=0.000543  val_r2=0.9950  patience=1/30
2026-10-07 14:33:04,092  genstudy.model            INFO     [size_holdout:qmax_14] epoch 0117/1000  train_mse=0.000306  val_mse=0.000459  val_r2=0.9958  patience=2/30
2026-10-07 14:33:14,965  genstudy.model            INFO     [size_holdout:qmax_14] epoch 0118/1000  train_mse=0.000291  val_mse=0.000414  val_r2=0.9962  patience=0/30
2026-10-07 14:33:25,853  genstudy.model            INFO     [size_holdout:qmax_14] epoch 0119/1000  train_mse=0.000255  val_mse=0.000553  val_r2=0.9950  patience=1/30
2026-10-07 14:33:36,672  genstudy.model            INFO     [size_holdout:qmax_14] epoch 0120/1000  train_mse=0.000259  val_mse=0.000476  val_r2=0.9956  patience=2/30
2026-10-07 14:33:47,448  genstudy.model            INFO     [size_holdout:qmax_14] epoch 0121/1000  train_mse=0.000277  val_mse=0.000431  val_r2=0.9961  patience=3/30
2026-10-07 14:33:58,224  genstudy.model            INFO     [size_holdout:qmax_14] epoch 0122/1000  train_mse=0.000314  val_mse=0.000480  val_r2=0.9957  patience=4/30
2026-10-07 14:34:09,160  genstudy.model            INFO     [size_holdout:qmax_14] epoch 0123/1000  train_mse=0.000253  val_mse=0.000452  val_r2=0.9959  patience=5/30
2026-10-07 14:34:19,938  genstudy.model            INFO     [size_holdout:qmax_14] epoch 0124/1000  train_mse=0.000250  val_mse=0.000493  val_r2=0.9955  patience=6/30
2026-10-07 14:34:30,681  genstudy.model            INFO     [size_holdout:qmax_14] epoch 0125/1000  train_mse=0.000253  val_mse=0.000443  val_r2=0.9960  patience=7/30
2026-10-07 14:34:41,435  genstudy.model            INFO     [size_holdout:qmax_14] epoch 0126/1000  train_mse=0.000248  val_mse=0.000431  val_r2=0.9961  patience=8/30
2026-10-07 14:34:52,204  genstudy.model            INFO     [size_holdout:qmax_14] epoch 0127/1000  train_mse=0.000261  val_mse=0.000506  val_r2=0.9954  patience=9/30
2026-10-07 14:35:03,030  genstudy.model            INFO     [size_holdout:qmax_14] epoch 0128/1000  train_mse=0.000264  val_mse=0.000488  val_r2=0.9956  patience=10/30
2026-10-07 14:35:13,780  genstudy.model            INFO     [size_holdout:qmax_14] epoch 0129/1000  train_mse=0.000266  val_mse=0.000489  val_r2=0.9955  patience=11/30
2026-10-07 14:35:24,570  genstudy.model            INFO     [size_holdout:qmax_14] epoch 0130/1000  train_mse=0.000247  val_mse=0.000456  val_r2=0.9958  patience=12/30
2026-10-07 14:35:35,365  genstudy.model            INFO     [size_holdout:qmax_14] epoch 0131/1000  train_mse=0.000245  val_mse=0.000514  val_r2=0.9953  patience=13/30
2026-10-07 14:35:46,170  genstudy.model            INFO     [size_holdout:qmax_14] epoch 0132/1000  train_mse=0.000261  val_mse=0.000521  val_r2=0.9953  patience=14/30
2026-10-07 14:35:56,963  genstudy.model            INFO     [size_holdout:qmax_14] epoch 0133/1000  train_mse=0.034241  val_mse=0.005167  val_r2=0.9515  patience=15/30
2026-10-07 14:36:07,752  genstudy.model            INFO     [size_holdout:qmax_14] epoch 0134/1000  train_mse=0.002208  val_mse=0.001576  val_r2=0.9855  patience=16/30
2026-10-07 14:36:18,515  genstudy.model            INFO     [size_holdout:qmax_14] epoch 0135/1000  train_mse=0.001368  val_mse=0.001133  val_r2=0.9895  patience=17/30
2026-10-07 14:36:29,313  genstudy.model            INFO     [size_holdout:qmax_14] epoch 0136/1000  train_mse=0.001111  val_mse=0.000958  val_r2=0.9912  patience=18/30
2026-10-07 14:36:40,092  genstudy.model            INFO     [size_holdout:qmax_14] epoch 0137/1000  train_mse=0.000880  val_mse=0.000978  val_r2=0.9910  patience=19/30
2026-10-07 14:36:50,840  genstudy.model            INFO     [size_holdout:qmax_14] epoch 0138/1000  train_mse=0.000833  val_mse=0.000849  val_r2=0.9922  patience=20/30
2026-10-07 14:37:01,584  genstudy.model            INFO     [size_holdout:qmax_14] epoch 0139/1000  train_mse=0.000766  val_mse=0.000823  val_r2=0.9924  patience=21/30
2026-10-07 14:37:12,347  genstudy.model            INFO     [size_holdout:qmax_14] epoch 0140/1000  train_mse=0.000691  val_mse=0.000773  val_r2=0.9929  patience=22/30
2026-10-07 14:37:23,192  genstudy.model            INFO     [size_holdout:qmax_14] epoch 0141/1000  train_mse=0.000640  val_mse=0.000748  val_r2=0.9931  patience=23/30
2026-10-07 14:37:33,952  genstudy.model            INFO     [size_holdout:qmax_14] epoch 0142/1000  train_mse=0.000630  val_mse=0.000683  val_r2=0.9937  patience=24/30
2026-10-07 14:37:44,706  genstudy.model            INFO     [size_holdout:qmax_14] epoch 0143/1000  train_mse=0.000624  val_mse=0.000794  val_r2=0.9927  patience=25/30
2026-10-07 14:37:55,455  genstudy.model            INFO     [size_holdout:qmax_14] epoch 0144/1000  train_mse=0.000557  val_mse=0.000722  val_r2=0.9934  patience=26/30
2026-10-07 14:38:06,222  genstudy.model            INFO     [size_holdout:qmax_14] epoch 0145/1000  train_mse=0.000544  val_mse=0.000736  val_r2=0.9933  patience=27/30
2026-10-07 14:38:16,993  genstudy.model            INFO     [size_holdout:qmax_14] epoch 0146/1000  train_mse=0.000537  val_mse=0.000791  val_r2=0.9928  patience=28/30
2026-10-07 14:38:27,768  genstudy.model            INFO     [size_holdout:qmax_14] epoch 0147/1000  train_mse=0.000501  val_mse=0.000613  val_r2=0.9944  patience=29/30
2026-10-07 14:38:38,585  genstudy.model            INFO     [size_holdout:qmax_14] epoch 0148/1000  train_mse=0.000482  val_mse=0.000587  val_r2=0.9946  patience=30/30
2026-10-07 14:38:38,673  genstudy.model            INFO     [size_holdout:qmax_14] early stop at epoch 148; best epoch 118
2026-10-07 14:38:40,894  genstudy.experiment       INFO     [qmax_14] TEST  n=4586  MAE=0.0220  RMSE=0.0383  R2=0.9257  device-acc=0.522  regret=0.0052
2026-10-07 14:38:40,897  genstudy.io               INFO     Wrote /home/atudisco/pred-distr-tool/evaluations/generalization/results/size_extrapolation/qmax_14/metrics.json
2026-10-07 14:38:40,920  genstudy.io               INFO     Wrote /home/atudisco/pred-distr-tool/evaluations/generalization/results/size_extrapolation/qmax_14/predictions.json
2026-10-07 14:38:40,931  genstudy.io               INFO     Wrote /home/atudisco/pred-distr-tool/evaluations/generalization/results/size_extrapolation/qmax_14/history.json
2026-10-07 14:38:40,954  genstudy.experiment       INFO     Wrote /home/atudisco/pred-distr-tool/evaluations/generalization/results/size_extrapolation/qmax_14/model.pth
2026-10-07 14:38:40,956  genstudy.experiment       INFO     Removed /home/atudisco/pred-distr-tool/evaluations/generalization/results/size_extrapolation/qmax_14/checkpoint.pt (split finished)
2026-10-07 14:38:40,958  genstudy.io               INFO     Wrote /home/atudisco/pred-distr-tool/evaluations/generalization/results/size_extrapolation/thresholds.json
2026-10-07 14:38:40,958  run_size_extrapolation    INFO     Size extrapolation finished for cut-offs: [14]
