2026-10-09 07:12:29,692  genstudy.io               INFO     Logging to evaluations/generalization_v8/results/v8b_c001/leave_one_group_out/run.log
2026-10-09 07:12:29,692  run_experiment            INFO     Command line: evaluations/generalization_v3/scripts/run_experiment.py logo --model sinkhorn --balance-alpha 0 --lr 3e-4 --grad-clip 1.0 --seed 5 --families variational --groups variational --loss mixed --val-mode random --layout-lambda 0.1 --layout-loss region_dist --layouts-path evaluations/compile_check/results/compiler_layouts_v6pilot.pt --count-lambda 0.01 --counts-path evaluations/compile_check/results/compiler_counts_v8.pt --calib-aug evaluations/compile_check/results/v8b --results-dir evaluations/generalization_v8/results/v8b_c001
2026-10-09 07:12:29,692  gsv2.gpu                  WARNING  No CUDA device available — running on the CPU.
2026-10-09 07:12:29,694  gsv3.model                INFO     Hyper-parameters (/home/atudisco/pred-distr-tool/src/model/best_params.json + v3 defaults): {'device_hidden': 64, 'device_layers': 3, 'fusion_dim': 128, 'qubit_layers': 2, 'attn_heads': 4, 'lap_pe': 8, 'cost_bias_init': -6.0, 'hidden_dim': 142, 'num_conv_wo_resnet': 3, 'num_resnet_layers': 1, 'dropout': 0.0, 'bidirectional': True, 'mlp': [512, 256, 128], 'lr': 0.001, 'readout': 'meanmaxsum'}
2026-10-09 07:12:29,845  gsv3.devices              INFO     Device graphs: node features 13 (Laplacian PE 8), physical errors True
2026-10-09 07:12:29,847  genstudy.data             INFO     Loading graph dataset: /home/atudisco/pred-distr-tool/evaluations/generalization_v3/data/graph_dataset_expected_fidelity.pt
2026-10-09 07:12:35,048  genstudy.data             INFO     Loaded 17056 graphs
2026-10-09 07:12:35,803  run_experiment            INFO     Compiler layouts (evaluations/compile_check/results/compiler_layouts_v6pilot.pt): 16994/17056 circuits
2026-10-09 07:12:38,325  run_experiment            INFO     Calibration variants (evaluations/compile_check/results/v8b): 8 variant sets, 16994/17056 circuits
2026-10-09 07:12:38,885  run_experiment            INFO     Compiler counts (evaluations/compile_check/results/compiler_counts_v8.pt): 16994/17056 circuits
2026-10-09 07:12:38,891  genstudy.io               INFO     Wrote evaluations/generalization_v8/results/v8b_c001/leave_one_group_out/dataset_summary.json
2026-10-09 07:12:38,894  run_experiment            INFO     [1/1] variational
2026-10-09 07:12:38,897  gsv3.experiment           INFO     === group_holdout / variational ===
2026-10-09 07:12:38,897  gsv3.experiment           INFO     Leave-one-group-out: test = all 9928 circuits of group 'variational' (qnn, vqe_real_amp, vqe_su2, vqe_two_local), train = 7128 circuits from the other 31 families.
2026-10-09 07:12:38,897  gsv3.experiment           INFO     train=5702  val=1426 ({'mode': 'random'})  test=9928
2026-10-09 07:12:39,038  gsv3.training             INFO     [group_holdout:variational] calibration augmentation: 8 variant sets, p(orig) = 0.25
2026-10-09 07:12:39,039  gsv3.training             INFO     [group_holdout:variational] model=sinkhorn (979423 params) train=5702 val=1426 lr=0.0003 clip=1.0 alpha=0.00
2026-10-09 07:13:38,678  gsv3.training             INFO     [group_holdout:variational] epoch 0001  count_mse=2.2511  count_rel_err_2q=0.711
2026-10-09 07:13:38,678  gsv3.training             INFO     [group_holdout:variational] epoch 0001  region_bce=1.1551  dist_mse=0.3172  region_overlap=0.553
2026-10-09 07:13:38,680  gsv3.training             INFO     [group_holdout:variational] epoch 0001  train_log_mse=0.78248  val_log_mse=1.02192  val_mse=0.006644  max_grad=669.40  patience=0/30
2026-10-09 07:14:38,071  gsv3.training             INFO     [group_holdout:variational] epoch 0002  count_mse=1.1372  count_rel_err_2q=0.607
2026-10-09 07:14:38,071  gsv3.training             INFO     [group_holdout:variational] epoch 0002  region_bce=0.6222  dist_mse=0.1791  region_overlap=0.603
2026-10-09 07:14:38,073  gsv3.training             INFO     [group_holdout:variational] epoch 0002  train_log_mse=0.12427  val_log_mse=1.51969  val_mse=0.003371  max_grad=33.77  patience=0/30
2026-10-09 07:15:37,573  gsv3.training             INFO     [group_holdout:variational] epoch 0003  count_mse=0.9525  count_rel_err_2q=0.529
2026-10-09 07:15:37,574  gsv3.training             INFO     [group_holdout:variational] epoch 0003  region_bce=0.5141  dist_mse=0.1608  region_overlap=0.642
2026-10-09 07:15:37,576  gsv3.training             INFO     [group_holdout:variational] epoch 0003  train_log_mse=0.09378  val_log_mse=0.83023  val_mse=0.002631  max_grad=33.05  patience=0/30
2026-10-09 07:16:36,312  gsv3.training             INFO     [group_holdout:variational] epoch 0004  count_mse=0.7212  count_rel_err_2q=0.470
2026-10-09 07:16:36,313  gsv3.training             INFO     [group_holdout:variational] epoch 0004  region_bce=0.4593  dist_mse=0.1550  region_overlap=0.662
2026-10-09 07:16:36,315  gsv3.training             INFO     [group_holdout:variational] epoch 0004  train_log_mse=0.06057  val_log_mse=0.41686  val_mse=0.002242  max_grad=25.05  patience=0/30
2026-10-09 07:17:34,954  gsv3.training             INFO     [group_holdout:variational] epoch 0005  count_mse=0.5570  count_rel_err_2q=0.432
2026-10-09 07:17:34,954  gsv3.training             INFO     [group_holdout:variational] epoch 0005  region_bce=0.4299  dist_mse=0.1515  region_overlap=0.675
2026-10-09 07:17:34,956  gsv3.training             INFO     [group_holdout:variational] epoch 0005  train_log_mse=0.04321  val_log_mse=0.46228  val_mse=0.001733  max_grad=13.82  patience=0/30
2026-10-09 07:18:33,611  gsv3.training             INFO     [group_holdout:variational] epoch 0006  count_mse=0.4815  count_rel_err_2q=0.412
2026-10-09 07:18:33,611  gsv3.training             INFO     [group_holdout:variational] epoch 0006  region_bce=0.4090  dist_mse=0.1496  region_overlap=0.684
2026-10-09 07:18:33,613  gsv3.training             INFO     [group_holdout:variational] epoch 0006  train_log_mse=0.04247  val_log_mse=0.35970  val_mse=0.001081  max_grad=15.57  patience=0/30
2026-10-09 07:19:32,614  gsv3.training             INFO     [group_holdout:variational] epoch 0007  count_mse=0.4304  count_rel_err_2q=0.400
2026-10-09 07:19:32,614  gsv3.training             INFO     [group_holdout:variational] epoch 0007  region_bce=0.4024  dist_mse=0.1466  region_overlap=0.690
2026-10-09 07:19:32,616  gsv3.training             INFO     [group_holdout:variational] epoch 0007  train_log_mse=0.03428  val_log_mse=0.92606  val_mse=0.001054  max_grad=12.14  patience=0/30
2026-10-09 07:20:31,862  gsv3.training             INFO     [group_holdout:variational] epoch 0008  count_mse=0.3784  count_rel_err_2q=0.385
2026-10-09 07:20:31,862  gsv3.training             INFO     [group_holdout:variational] epoch 0008  region_bce=0.3873  dist_mse=0.1450  region_overlap=0.697
2026-10-09 07:20:31,864  gsv3.training             INFO     [group_holdout:variational] epoch 0008  train_log_mse=0.03132  val_log_mse=0.19705  val_mse=0.001048  max_grad=9.55  patience=0/30
2026-10-09 07:21:31,147  gsv3.training             INFO     [group_holdout:variational] epoch 0009  count_mse=0.3649  count_rel_err_2q=0.393
2026-10-09 07:21:31,148  gsv3.training             INFO     [group_holdout:variational] epoch 0009  region_bce=0.3866  dist_mse=0.1449  region_overlap=0.696
2026-10-09 07:21:31,149  gsv3.training             INFO     [group_holdout:variational] epoch 0009  train_log_mse=0.02989  val_log_mse=0.43531  val_mse=0.000978  max_grad=10.49  patience=0/30
2026-10-09 07:22:30,691  gsv3.training             INFO     [group_holdout:variational] epoch 0010  count_mse=0.3576  count_rel_err_2q=0.394
2026-10-09 07:22:30,691  gsv3.training             INFO     [group_holdout:variational] epoch 0010  region_bce=0.3807  dist_mse=0.1430  region_overlap=0.703
2026-10-09 07:22:30,693  gsv3.training             INFO     [group_holdout:variational] epoch 0010  train_log_mse=0.02587  val_log_mse=0.27149  val_mse=0.000960  max_grad=8.64  patience=0/30
2026-10-09 07:23:29,513  gsv3.training             INFO     [group_holdout:variational] epoch 0011  count_mse=0.3271  count_rel_err_2q=0.384
2026-10-09 07:23:29,513  gsv3.training             INFO     [group_holdout:variational] epoch 0011  region_bce=0.3676  dist_mse=0.1423  region_overlap=0.707
2026-10-09 07:23:29,515  gsv3.training             INFO     [group_holdout:variational] epoch 0011  train_log_mse=0.02402  val_log_mse=0.33495  val_mse=0.000952  max_grad=5.36  patience=0/30
2026-10-09 07:24:28,473  gsv3.training             INFO     [group_holdout:variational] epoch 0012  count_mse=0.3186  count_rel_err_2q=0.382
2026-10-09 07:24:28,473  gsv3.training             INFO     [group_holdout:variational] epoch 0012  region_bce=0.3619  dist_mse=0.1397  region_overlap=0.713
2026-10-09 07:24:28,473  gsv3.training             INFO     [group_holdout:variational] epoch 0012  train_log_mse=0.02395  val_log_mse=0.62688  val_mse=0.000998  max_grad=5.36  patience=1/30
2026-10-09 07:25:27,673  gsv3.training             INFO     [group_holdout:variational] epoch 0013  count_mse=0.3045  count_rel_err_2q=0.380
2026-10-09 07:25:27,673  gsv3.training             INFO     [group_holdout:variational] epoch 0013  region_bce=0.3638  dist_mse=0.1388  region_overlap=0.715
2026-10-09 07:25:27,675  gsv3.training             INFO     [group_holdout:variational] epoch 0013  train_log_mse=0.02184  val_log_mse=0.21141  val_mse=0.000885  max_grad=5.69  patience=0/30
2026-10-09 07:26:27,173  gsv3.training             INFO     [group_holdout:variational] epoch 0014  count_mse=0.2970  count_rel_err_2q=0.377
2026-10-09 07:26:27,173  gsv3.training             INFO     [group_holdout:variational] epoch 0014  region_bce=0.3596  dist_mse=0.1380  region_overlap=0.716
2026-10-09 07:26:27,173  gsv3.training             INFO     [group_holdout:variational] epoch 0014  train_log_mse=0.02469  val_log_mse=0.29344  val_mse=0.000930  max_grad=13.36  patience=1/30
2026-10-09 07:27:26,069  gsv3.training             INFO     [group_holdout:variational] epoch 0015  count_mse=0.2893  count_rel_err_2q=0.378
2026-10-09 07:27:26,069  gsv3.training             INFO     [group_holdout:variational] epoch 0015  region_bce=0.3512  dist_mse=0.1379  region_overlap=0.721
2026-10-09 07:27:26,070  gsv3.training             INFO     [group_holdout:variational] epoch 0015  train_log_mse=0.02002  val_log_mse=0.17291  val_mse=0.000838  max_grad=5.00  patience=0/30
2026-10-09 07:28:24,826  gsv3.training             INFO     [group_holdout:variational] epoch 0016  count_mse=0.2748  count_rel_err_2q=0.371
2026-10-09 07:28:24,827  gsv3.training             INFO     [group_holdout:variational] epoch 0016  region_bce=0.3478  dist_mse=0.1376  region_overlap=0.723
2026-10-09 07:28:24,827  gsv3.training             INFO     [group_holdout:variational] epoch 0016  train_log_mse=0.01588  val_log_mse=0.23152  val_mse=0.001012  max_grad=3.64  patience=1/30
2026-10-09 07:29:23,760  gsv3.training             INFO     [group_holdout:variational] epoch 0017  count_mse=0.2716  count_rel_err_2q=0.374
2026-10-09 07:29:23,760  gsv3.training             INFO     [group_holdout:variational] epoch 0017  region_bce=0.3406  dist_mse=0.1361  region_overlap=0.728
2026-10-09 07:29:23,760  gsv3.training             INFO     [group_holdout:variational] epoch 0017  train_log_mse=0.01774  val_log_mse=0.29288  val_mse=0.000900  max_grad=6.38  patience=2/30
2026-10-09 07:30:22,312  gsv3.training             INFO     [group_holdout:variational] epoch 0018  count_mse=0.2691  count_rel_err_2q=0.373
2026-10-09 07:30:22,312  gsv3.training             INFO     [group_holdout:variational] epoch 0018  region_bce=0.3393  dist_mse=0.1362  region_overlap=0.729
2026-10-09 07:30:22,315  gsv3.training             INFO     [group_holdout:variational] epoch 0018  train_log_mse=0.01489  val_log_mse=0.18771  val_mse=0.000757  max_grad=4.41  patience=0/30
2026-10-09 07:31:20,838  gsv3.training             INFO     [group_holdout:variational] epoch 0019  count_mse=0.2537  count_rel_err_2q=0.367
2026-10-09 07:31:20,838  gsv3.training             INFO     [group_holdout:variational] epoch 0019  region_bce=0.3321  dist_mse=0.1352  region_overlap=0.733
2026-10-09 07:31:20,838  gsv3.training             INFO     [group_holdout:variational] epoch 0019  train_log_mse=0.01445  val_log_mse=0.14548  val_mse=0.000842  max_grad=3.99  patience=1/30
2026-10-09 07:32:19,788  gsv3.training             INFO     [group_holdout:variational] epoch 0020  count_mse=0.2484  count_rel_err_2q=0.363
2026-10-09 07:32:19,788  gsv3.training             INFO     [group_holdout:variational] epoch 0020  region_bce=0.3346  dist_mse=0.1345  region_overlap=0.734
2026-10-09 07:32:19,788  gsv3.training             INFO     [group_holdout:variational] epoch 0020  train_log_mse=0.01558  val_log_mse=0.15807  val_mse=0.000863  max_grad=3.80  patience=2/30
2026-10-09 07:33:18,894  gsv3.training             INFO     [group_holdout:variational] epoch 0021  count_mse=0.2406  count_rel_err_2q=0.350
2026-10-09 07:33:18,894  gsv3.training             INFO     [group_holdout:variational] epoch 0021  region_bce=0.3251  dist_mse=0.1335  region_overlap=0.738
2026-10-09 07:33:18,894  gsv3.training             INFO     [group_holdout:variational] epoch 0021  train_log_mse=0.01530  val_log_mse=0.39600  val_mse=0.000915  max_grad=4.28  patience=3/30
2026-10-09 07:34:17,400  gsv3.training             INFO     [group_holdout:variational] epoch 0022  count_mse=0.2385  count_rel_err_2q=0.356
2026-10-09 07:34:17,400  gsv3.training             INFO     [group_holdout:variational] epoch 0022  region_bce=0.3273  dist_mse=0.1336  region_overlap=0.738
2026-10-09 07:34:17,400  gsv3.training             INFO     [group_holdout:variational] epoch 0022  train_log_mse=0.01426  val_log_mse=0.13393  val_mse=0.000760  max_grad=2.85  patience=4/30
2026-10-09 07:35:15,906  gsv3.training             INFO     [group_holdout:variational] epoch 0023  count_mse=0.2286  count_rel_err_2q=0.349
2026-10-09 07:35:15,907  gsv3.training             INFO     [group_holdout:variational] epoch 0023  region_bce=0.3194  dist_mse=0.1327  region_overlap=0.743
2026-10-09 07:35:15,909  gsv3.training             INFO     [group_holdout:variational] epoch 0023  train_log_mse=0.01212  val_log_mse=0.18802  val_mse=0.000734  max_grad=2.40  patience=0/30
2026-10-09 07:36:14,921  gsv3.training             INFO     [group_holdout:variational] epoch 0024  count_mse=0.2246  count_rel_err_2q=0.346
2026-10-09 07:36:14,921  gsv3.training             INFO     [group_holdout:variational] epoch 0024  region_bce=0.3151  dist_mse=0.1320  region_overlap=0.746
2026-10-09 07:36:14,923  gsv3.training             INFO     [group_holdout:variational] epoch 0024  train_log_mse=0.01322  val_log_mse=0.12973  val_mse=0.000667  max_grad=3.92  patience=0/30
2026-10-09 07:37:13,798  gsv3.training             INFO     [group_holdout:variational] epoch 0025  count_mse=0.2299  count_rel_err_2q=0.349
2026-10-09 07:37:13,799  gsv3.training             INFO     [group_holdout:variational] epoch 0025  region_bce=0.3144  dist_mse=0.1328  region_overlap=0.748
2026-10-09 07:37:13,799  gsv3.training             INFO     [group_holdout:variational] epoch 0025  train_log_mse=0.01389  val_log_mse=0.17657  val_mse=0.000739  max_grad=3.50  patience=1/30
2026-10-09 07:38:12,820  gsv3.training             INFO     [group_holdout:variational] epoch 0026  count_mse=0.2215  count_rel_err_2q=0.342
2026-10-09 07:38:12,821  gsv3.training             INFO     [group_holdout:variational] epoch 0026  region_bce=0.3128  dist_mse=0.1320  region_overlap=0.748
2026-10-09 07:38:12,821  gsv3.training             INFO     [group_holdout:variational] epoch 0026  train_log_mse=0.01264  val_log_mse=0.13105  val_mse=0.000915  max_grad=2.81  patience=2/30
2026-10-09 07:39:11,757  gsv3.training             INFO     [group_holdout:variational] epoch 0027  count_mse=0.2196  count_rel_err_2q=0.340
2026-10-09 07:39:11,757  gsv3.training             INFO     [group_holdout:variational] epoch 0027  region_bce=0.3092  dist_mse=0.1311  region_overlap=0.752
2026-10-09 07:39:11,757  gsv3.training             INFO     [group_holdout:variational] epoch 0027  train_log_mse=0.01320  val_log_mse=0.26842  val_mse=0.000714  max_grad=3.37  patience=3/30
2026-10-09 07:40:10,557  gsv3.training             INFO     [group_holdout:variational] epoch 0028  count_mse=0.2157  count_rel_err_2q=0.341
2026-10-09 07:40:10,558  gsv3.training             INFO     [group_holdout:variational] epoch 0028  region_bce=0.3065  dist_mse=0.1310  region_overlap=0.754
2026-10-09 07:40:10,558  gsv3.training             INFO     [group_holdout:variational] epoch 0028  train_log_mse=0.01394  val_log_mse=0.13960  val_mse=0.000710  max_grad=3.91  patience=4/30
2026-10-09 07:41:09,635  gsv3.training             INFO     [group_holdout:variational] epoch 0029  count_mse=0.2112  count_rel_err_2q=0.336
2026-10-09 07:41:09,635  gsv3.training             INFO     [group_holdout:variational] epoch 0029  region_bce=0.3025  dist_mse=0.1302  region_overlap=0.756
2026-10-09 07:41:09,635  gsv3.training             INFO     [group_holdout:variational] epoch 0029  train_log_mse=0.01042  val_log_mse=0.31512  val_mse=0.001005  max_grad=1.93  patience=5/30
2026-10-09 07:42:08,864  gsv3.training             INFO     [group_holdout:variational] epoch 0030  count_mse=0.2162  count_rel_err_2q=0.341
2026-10-09 07:42:08,864  gsv3.training             INFO     [group_holdout:variational] epoch 0030  region_bce=0.3042  dist_mse=0.1301  region_overlap=0.756
2026-10-09 07:42:08,866  gsv3.training             INFO     [group_holdout:variational] epoch 0030  train_log_mse=0.01326  val_log_mse=0.19896  val_mse=0.000638  max_grad=4.39  patience=0/30
2026-10-09 07:43:07,853  gsv3.training             INFO     [group_holdout:variational] epoch 0031  count_mse=0.2105  count_rel_err_2q=0.337
2026-10-09 07:43:07,853  gsv3.training             INFO     [group_holdout:variational] epoch 0031  region_bce=0.3016  dist_mse=0.1300  region_overlap=0.758
2026-10-09 07:43:07,855  gsv3.training             INFO     [group_holdout:variational] epoch 0031  train_log_mse=0.01112  val_log_mse=0.16957  val_mse=0.000619  max_grad=3.30  patience=0/30
2026-10-09 07:44:06,685  gsv3.training             INFO     [group_holdout:variational] epoch 0032  count_mse=0.2046  count_rel_err_2q=0.332
2026-10-09 07:44:06,685  gsv3.training             INFO     [group_holdout:variational] epoch 0032  region_bce=0.2991  dist_mse=0.1289  region_overlap=0.760
2026-10-09 07:44:06,686  gsv3.training             INFO     [group_holdout:variational] epoch 0032  train_log_mse=0.01170  val_log_mse=0.11503  val_mse=0.000559  max_grad=2.49  patience=0/30
2026-10-09 07:45:05,390  gsv3.training             INFO     [group_holdout:variational] epoch 0033  count_mse=0.1999  count_rel_err_2q=0.327
2026-10-09 07:45:05,390  gsv3.training             INFO     [group_holdout:variational] epoch 0033  region_bce=0.2959  dist_mse=0.1287  region_overlap=0.762
2026-10-09 07:45:05,390  gsv3.training             INFO     [group_holdout:variational] epoch 0033  train_log_mse=0.00959  val_log_mse=0.15031  val_mse=0.000801  max_grad=2.44  patience=1/30
2026-10-09 07:46:04,031  gsv3.training             INFO     [group_holdout:variational] epoch 0034  count_mse=0.1998  count_rel_err_2q=0.329
2026-10-09 07:46:04,031  gsv3.training             INFO     [group_holdout:variational] epoch 0034  region_bce=0.2948  dist_mse=0.1282  region_overlap=0.764
2026-10-09 07:46:04,031  gsv3.training             INFO     [group_holdout:variational] epoch 0034  train_log_mse=0.01026  val_log_mse=0.12368  val_mse=0.000696  max_grad=2.08  patience=2/30
2026-10-09 07:47:02,341  gsv3.training             INFO     [group_holdout:variational] epoch 0035  count_mse=0.2068  count_rel_err_2q=0.337
2026-10-09 07:47:02,342  gsv3.training             INFO     [group_holdout:variational] epoch 0035  region_bce=0.2918  dist_mse=0.1272  region_overlap=0.765
2026-10-09 07:47:02,342  gsv3.training             INFO     [group_holdout:variational] epoch 0035  train_log_mse=0.00995  val_log_mse=0.12661  val_mse=0.000639  max_grad=2.78  patience=3/30
2026-10-09 07:48:00,748  gsv3.training             INFO     [group_holdout:variational] epoch 0036  count_mse=0.1949  count_rel_err_2q=0.330
2026-10-09 07:48:00,748  gsv3.training             INFO     [group_holdout:variational] epoch 0036  region_bce=0.2905  dist_mse=0.1262  region_overlap=0.766
2026-10-09 07:48:00,748  gsv3.training             INFO     [group_holdout:variational] epoch 0036  train_log_mse=0.00914  val_log_mse=0.17383  val_mse=0.000618  max_grad=2.46  patience=4/30
2026-10-09 07:48:59,228  gsv3.training             INFO     [group_holdout:variational] epoch 0037  count_mse=0.1928  count_rel_err_2q=0.323
2026-10-09 07:48:59,228  gsv3.training             INFO     [group_holdout:variational] epoch 0037  region_bce=0.2882  dist_mse=0.1258  region_overlap=0.768
2026-10-09 07:48:59,228  gsv3.training             INFO     [group_holdout:variational] epoch 0037  train_log_mse=0.01077  val_log_mse=0.12463  val_mse=0.000588  max_grad=1.99  patience=5/30
2026-10-09 07:49:57,443  gsv3.training             INFO     [group_holdout:variational] epoch 0038  count_mse=0.1877  count_rel_err_2q=0.322
2026-10-09 07:49:57,443  gsv3.training             INFO     [group_holdout:variational] epoch 0038  region_bce=0.2864  dist_mse=0.1262  region_overlap=0.769
2026-10-09 07:49:57,445  gsv3.training             INFO     [group_holdout:variational] epoch 0038  train_log_mse=0.00966  val_log_mse=0.17338  val_mse=0.000506  max_grad=3.19  patience=0/30
2026-10-09 07:50:57,151  gsv3.training             INFO     [group_holdout:variational] epoch 0039  count_mse=0.1895  count_rel_err_2q=0.320
2026-10-09 07:50:57,151  gsv3.training             INFO     [group_holdout:variational] epoch 0039  region_bce=0.2812  dist_mse=0.1260  region_overlap=0.775
2026-10-09 07:50:57,151  gsv3.training             INFO     [group_holdout:variational] epoch 0039  train_log_mse=0.00937  val_log_mse=0.13024  val_mse=0.000565  max_grad=2.46  patience=1/30
2026-10-09 07:51:56,526  gsv3.training             INFO     [group_holdout:variational] epoch 0040  count_mse=0.1974  count_rel_err_2q=0.328
2026-10-09 07:51:56,526  gsv3.training             INFO     [group_holdout:variational] epoch 0040  region_bce=0.2826  dist_mse=0.1264  region_overlap=0.773
2026-10-09 07:51:56,526  gsv3.training             INFO     [group_holdout:variational] epoch 0040  train_log_mse=0.01055  val_log_mse=0.11626  val_mse=0.000627  max_grad=3.23  patience=2/30
2026-10-09 07:52:55,997  gsv3.training             INFO     [group_holdout:variational] epoch 0041  count_mse=0.1879  count_rel_err_2q=0.322
2026-10-09 07:52:55,998  gsv3.training             INFO     [group_holdout:variational] epoch 0041  region_bce=0.2824  dist_mse=0.1246  region_overlap=0.773
2026-10-09 07:52:55,998  gsv3.training             INFO     [group_holdout:variational] epoch 0041  train_log_mse=0.00928  val_log_mse=0.13727  val_mse=0.000583  max_grad=2.14  patience=3/30
2026-10-09 07:53:55,250  gsv3.training             INFO     [group_holdout:variational] epoch 0042  count_mse=0.1842  count_rel_err_2q=0.318
2026-10-09 07:53:55,251  gsv3.training             INFO     [group_holdout:variational] epoch 0042  region_bce=0.2796  dist_mse=0.1248  region_overlap=0.775
2026-10-09 07:53:55,251  gsv3.training             INFO     [group_holdout:variational] epoch 0042  train_log_mse=0.00911  val_log_mse=0.15673  val_mse=0.000704  max_grad=1.61  patience=4/30
2026-10-09 07:54:54,483  gsv3.training             INFO     [group_holdout:variational] epoch 0043  count_mse=0.1824  count_rel_err_2q=0.316
2026-10-09 07:54:54,483  gsv3.training             INFO     [group_holdout:variational] epoch 0043  region_bce=0.2771  dist_mse=0.1238  region_overlap=0.778
2026-10-09 07:54:54,483  gsv3.training             INFO     [group_holdout:variational] epoch 0043  train_log_mse=0.01021  val_log_mse=0.12524  val_mse=0.000528  max_grad=3.59  patience=5/30
2026-10-09 07:55:53,890  gsv3.training             INFO     [group_holdout:variational] epoch 0044  count_mse=0.1836  count_rel_err_2q=0.318
2026-10-09 07:55:53,890  gsv3.training             INFO     [group_holdout:variational] epoch 0044  region_bce=0.2812  dist_mse=0.1243  region_overlap=0.775
2026-10-09 07:55:53,890  gsv3.training             INFO     [group_holdout:variational] epoch 0044  train_log_mse=0.01000  val_log_mse=0.14689  val_mse=0.000573  max_grad=2.12  patience=6/30
2026-10-09 07:56:52,996  gsv3.training             INFO     [group_holdout:variational] epoch 0045  count_mse=0.1863  count_rel_err_2q=0.322
2026-10-09 07:56:52,996  gsv3.training             INFO     [group_holdout:variational] epoch 0045  region_bce=0.2777  dist_mse=0.1246  region_overlap=0.777
2026-10-09 07:56:52,996  gsv3.training             INFO     [group_holdout:variational] epoch 0045  train_log_mse=0.00908  val_log_mse=0.11131  val_mse=0.000605  max_grad=2.45  patience=7/30
2026-10-09 07:57:52,108  gsv3.training             INFO     [group_holdout:variational] epoch 0046  count_mse=0.1819  count_rel_err_2q=0.315
2026-10-09 07:57:52,108  gsv3.training             INFO     [group_holdout:variational] epoch 0046  region_bce=0.2703  dist_mse=0.1233  region_overlap=0.783
2026-10-09 07:57:52,108  gsv3.training             INFO     [group_holdout:variational] epoch 0046  train_log_mse=0.00874  val_log_mse=0.11697  val_mse=0.000614  max_grad=2.73  patience=8/30
2026-10-09 07:58:51,352  gsv3.training             INFO     [group_holdout:variational] epoch 0047  count_mse=0.1790  count_rel_err_2q=0.315
2026-10-09 07:58:51,352  gsv3.training             INFO     [group_holdout:variational] epoch 0047  region_bce=0.2698  dist_mse=0.1237  region_overlap=0.783
2026-10-09 07:58:51,352  gsv3.training             INFO     [group_holdout:variational] epoch 0047  train_log_mse=0.00879  val_log_mse=0.18462  val_mse=0.000566  max_grad=1.81  patience=9/30
2026-10-09 07:59:50,485  gsv3.training             INFO     [group_holdout:variational] epoch 0048  count_mse=0.1804  count_rel_err_2q=0.316
2026-10-09 07:59:50,485  gsv3.training             INFO     [group_holdout:variational] epoch 0048  region_bce=0.2722  dist_mse=0.1235  region_overlap=0.781
2026-10-09 07:59:50,485  gsv3.training             INFO     [group_holdout:variational] epoch 0048  train_log_mse=0.01022  val_log_mse=0.15020  val_mse=0.000554  max_grad=2.97  patience=10/30
2026-10-09 08:00:49,334  gsv3.training             INFO     [group_holdout:variational] epoch 0049  count_mse=0.1763  count_rel_err_2q=0.311
2026-10-09 08:00:49,334  gsv3.training             INFO     [group_holdout:variational] epoch 0049  region_bce=0.2667  dist_mse=0.1219  region_overlap=0.785
2026-10-09 08:00:49,334  gsv3.training             INFO     [group_holdout:variational] epoch 0049  train_log_mse=0.00965  val_log_mse=0.16930  val_mse=0.000693  max_grad=3.17  patience=11/30
2026-10-09 08:01:48,527  gsv3.training             INFO     [group_holdout:variational] epoch 0050  count_mse=0.1716  count_rel_err_2q=0.306
2026-10-09 08:01:48,528  gsv3.training             INFO     [group_holdout:variational] epoch 0050  region_bce=0.2649  dist_mse=0.1216  region_overlap=0.786
2026-10-09 08:01:48,528  gsv3.training             INFO     [group_holdout:variational] epoch 0050  train_log_mse=0.00816  val_log_mse=0.14423  val_mse=0.000642  max_grad=2.18  patience=12/30
2026-10-09 08:02:47,566  gsv3.training             INFO     [group_holdout:variational] epoch 0051  count_mse=0.1658  count_rel_err_2q=0.300
2026-10-09 08:02:47,566  gsv3.training             INFO     [group_holdout:variational] epoch 0051  region_bce=0.2622  dist_mse=0.1205  region_overlap=0.789
2026-10-09 08:02:47,567  gsv3.training             INFO     [group_holdout:variational] epoch 0051  train_log_mse=0.00662  val_log_mse=0.13654  val_mse=0.000533  max_grad=1.05  patience=13/30
2026-10-09 08:03:46,940  gsv3.training             INFO     [group_holdout:variational] epoch 0052  count_mse=0.1722  count_rel_err_2q=0.307
2026-10-09 08:03:46,940  gsv3.training             INFO     [group_holdout:variational] epoch 0052  region_bce=0.2632  dist_mse=0.1206  region_overlap=0.789
2026-10-09 08:03:46,941  gsv3.training             INFO     [group_holdout:variational] epoch 0052  train_log_mse=0.00861  val_log_mse=0.14053  val_mse=0.000558  max_grad=1.89  patience=14/30
2026-10-09 08:04:46,389  gsv3.training             INFO     [group_holdout:variational] epoch 0053  count_mse=0.1746  count_rel_err_2q=0.311
2026-10-09 08:04:46,389  gsv3.training             INFO     [group_holdout:variational] epoch 0053  region_bce=0.2667  dist_mse=0.1207  region_overlap=0.787
2026-10-09 08:04:46,389  gsv3.training             INFO     [group_holdout:variational] epoch 0053  train_log_mse=0.00989  val_log_mse=0.15800  val_mse=0.000594  max_grad=1.88  patience=15/30
2026-10-09 08:05:45,532  gsv3.training             INFO     [group_holdout:variational] epoch 0054  count_mse=0.1762  count_rel_err_2q=0.311
2026-10-09 08:05:45,532  gsv3.training             INFO     [group_holdout:variational] epoch 0054  region_bce=0.2606  dist_mse=0.1200  region_overlap=0.791
2026-10-09 08:05:45,532  gsv3.training             INFO     [group_holdout:variational] epoch 0054  train_log_mse=0.00808  val_log_mse=0.13776  val_mse=0.000621  max_grad=2.19  patience=16/30
2026-10-09 08:06:44,923  gsv3.training             INFO     [group_holdout:variational] epoch 0055  count_mse=0.1660  count_rel_err_2q=0.302
2026-10-09 08:06:44,924  gsv3.training             INFO     [group_holdout:variational] epoch 0055  region_bce=0.2557  dist_mse=0.1186  region_overlap=0.794
2026-10-09 08:06:44,924  gsv3.training             INFO     [group_holdout:variational] epoch 0055  train_log_mse=0.00711  val_log_mse=0.11261  val_mse=0.000538  max_grad=1.73  patience=17/30
2026-10-09 08:07:44,107  gsv3.training             INFO     [group_holdout:variational] epoch 0056  count_mse=0.1682  count_rel_err_2q=0.306
2026-10-09 08:07:44,107  gsv3.training             INFO     [group_holdout:variational] epoch 0056  region_bce=0.2594  dist_mse=0.1189  region_overlap=0.792
2026-10-09 08:07:44,107  gsv3.training             INFO     [group_holdout:variational] epoch 0056  train_log_mse=0.00714  val_log_mse=0.16389  val_mse=0.000879  max_grad=2.73  patience=18/30
2026-10-09 08:08:43,291  gsv3.training             INFO     [group_holdout:variational] epoch 0057  count_mse=0.1738  count_rel_err_2q=0.311
2026-10-09 08:08:43,291  gsv3.training             INFO     [group_holdout:variational] epoch 0057  region_bce=0.2631  dist_mse=0.1194  region_overlap=0.790
2026-10-09 08:08:43,291  gsv3.training             INFO     [group_holdout:variational] epoch 0057  train_log_mse=0.00793  val_log_mse=0.13038  val_mse=0.000555  max_grad=1.47  patience=19/30
2026-10-09 08:09:41,959  gsv3.training             INFO     [group_holdout:variational] epoch 0058  count_mse=0.1721  count_rel_err_2q=0.309
2026-10-09 08:09:41,959  gsv3.training             INFO     [group_holdout:variational] epoch 0058  region_bce=0.2598  dist_mse=0.1181  region_overlap=0.791
2026-10-09 08:09:41,959  gsv3.training             INFO     [group_holdout:variational] epoch 0058  train_log_mse=0.00894  val_log_mse=0.14384  val_mse=0.000613  max_grad=2.77  patience=20/30
2026-10-09 08:10:40,951  gsv3.training             INFO     [group_holdout:variational] epoch 0059  count_mse=0.1650  count_rel_err_2q=0.300
2026-10-09 08:10:40,952  gsv3.training             INFO     [group_holdout:variational] epoch 0059  region_bce=0.2565  dist_mse=0.1178  region_overlap=0.793
2026-10-09 08:10:40,952  gsv3.training             INFO     [group_holdout:variational] epoch 0059  train_log_mse=0.00711  val_log_mse=0.15811  val_mse=0.000603  max_grad=1.57  patience=21/30
2026-10-09 08:11:40,127  gsv3.training             INFO     [group_holdout:variational] epoch 0060  count_mse=0.1656  count_rel_err_2q=0.301
2026-10-09 08:11:40,127  gsv3.training             INFO     [group_holdout:variational] epoch 0060  region_bce=0.2569  dist_mse=0.1169  region_overlap=0.795
2026-10-09 08:11:40,128  gsv3.training             INFO     [group_holdout:variational] epoch 0060  train_log_mse=0.00985  val_log_mse=0.14028  val_mse=0.000496  max_grad=2.89  patience=0/30
2026-10-09 08:12:38,724  gsv3.training             INFO     [group_holdout:variational] epoch 0061  count_mse=0.1697  count_rel_err_2q=0.305
2026-10-09 08:12:38,724  gsv3.training             INFO     [group_holdout:variational] epoch 0061  region_bce=0.2535  dist_mse=0.1165  region_overlap=0.795
2026-10-09 08:12:38,724  gsv3.training             INFO     [group_holdout:variational] epoch 0061  train_log_mse=0.00759  val_log_mse=0.16677  val_mse=0.000670  max_grad=2.22  patience=1/30
2026-10-09 08:13:37,846  gsv3.training             INFO     [group_holdout:variational] epoch 0062  count_mse=0.1705  count_rel_err_2q=0.309
2026-10-09 08:13:37,846  gsv3.training             INFO     [group_holdout:variational] epoch 0062  region_bce=0.2557  dist_mse=0.1157  region_overlap=0.795
2026-10-09 08:13:37,846  gsv3.training             INFO     [group_holdout:variational] epoch 0062  train_log_mse=0.00821  val_log_mse=0.14211  val_mse=0.000625  max_grad=2.58  patience=2/30
2026-10-09 08:14:37,136  gsv3.training             INFO     [group_holdout:variational] epoch 0063  count_mse=0.1690  count_rel_err_2q=0.308
2026-10-09 08:14:37,136  gsv3.training             INFO     [group_holdout:variational] epoch 0063  region_bce=0.2545  dist_mse=0.1151  region_overlap=0.796
2026-10-09 08:14:37,136  gsv3.training             INFO     [group_holdout:variational] epoch 0063  train_log_mse=0.00709  val_log_mse=0.10590  val_mse=0.000528  max_grad=1.55  patience=3/30
2026-10-09 08:15:36,565  gsv3.training             INFO     [group_holdout:variational] epoch 0064  count_mse=0.1613  count_rel_err_2q=0.297
2026-10-09 08:15:36,565  gsv3.training             INFO     [group_holdout:variational] epoch 0064  region_bce=0.2497  dist_mse=0.1134  region_overlap=0.798
2026-10-09 08:15:36,565  gsv3.training             INFO     [group_holdout:variational] epoch 0064  train_log_mse=0.00686  val_log_mse=0.15077  val_mse=0.000560  max_grad=2.25  patience=4/30
2026-10-09 08:16:36,351  gsv3.training             INFO     [group_holdout:variational] epoch 0065  count_mse=0.1653  count_rel_err_2q=0.306
2026-10-09 08:16:36,351  gsv3.training             INFO     [group_holdout:variational] epoch 0065  region_bce=0.2501  dist_mse=0.1137  region_overlap=0.799
2026-10-09 08:16:36,352  gsv3.training             INFO     [group_holdout:variational] epoch 0065  train_log_mse=0.00681  val_log_mse=0.12280  val_mse=0.000625  max_grad=1.71  patience=5/30
2026-10-09 08:17:36,384  gsv3.training             INFO     [group_holdout:variational] epoch 0066  count_mse=0.1657  count_rel_err_2q=0.305
2026-10-09 08:17:36,384  gsv3.training             INFO     [group_holdout:variational] epoch 0066  region_bce=0.2447  dist_mse=0.1114  region_overlap=0.804
2026-10-09 08:17:36,384  gsv3.training             INFO     [group_holdout:variational] epoch 0066  train_log_mse=0.00687  val_log_mse=0.11870  val_mse=0.000576  max_grad=1.89  patience=6/30
2026-10-09 08:18:35,882  gsv3.training             INFO     [group_holdout:variational] epoch 0067  count_mse=0.1572  count_rel_err_2q=0.297
2026-10-09 08:18:35,882  gsv3.training             INFO     [group_holdout:variational] epoch 0067  region_bce=0.2468  dist_mse=0.1117  region_overlap=0.801
2026-10-09 08:18:35,882  gsv3.training             INFO     [group_holdout:variational] epoch 0067  train_log_mse=0.00828  val_log_mse=0.12810  val_mse=0.000575  max_grad=1.89  patience=7/30
2026-10-09 08:19:35,570  gsv3.training             INFO     [group_holdout:variational] epoch 0068  count_mse=0.1590  count_rel_err_2q=0.301
2026-10-09 08:19:35,570  gsv3.training             INFO     [group_holdout:variational] epoch 0068  region_bce=0.2450  dist_mse=0.1102  region_overlap=0.803
2026-10-09 08:19:35,570  gsv3.training             INFO     [group_holdout:variational] epoch 0068  train_log_mse=0.00686  val_log_mse=0.13172  val_mse=0.000537  max_grad=1.61  patience=8/30
2026-10-09 08:20:35,067  gsv3.training             INFO     [group_holdout:variational] epoch 0069  count_mse=0.1661  count_rel_err_2q=0.305
2026-10-09 08:20:35,067  gsv3.training             INFO     [group_holdout:variational] epoch 0069  region_bce=0.2469  dist_mse=0.1105  region_overlap=0.802
2026-10-09 08:20:35,067  gsv3.training             INFO     [group_holdout:variational] epoch 0069  train_log_mse=0.00896  val_log_mse=0.11426  val_mse=0.000596  max_grad=2.49  patience=9/30
2026-10-09 08:21:35,046  gsv3.training             INFO     [group_holdout:variational] epoch 0070  count_mse=0.1505  count_rel_err_2q=0.290
2026-10-09 08:21:35,046  gsv3.training             INFO     [group_holdout:variational] epoch 0070  region_bce=0.2392  dist_mse=0.1080  region_overlap=0.807
2026-10-09 08:21:35,046  gsv3.training             INFO     [group_holdout:variational] epoch 0070  train_log_mse=0.00592  val_log_mse=0.15716  val_mse=0.000508  max_grad=1.10  patience=10/30
2026-10-09 08:22:34,895  gsv3.training             INFO     [group_holdout:variational] epoch 0071  count_mse=0.1570  count_rel_err_2q=0.298
2026-10-09 08:22:34,895  gsv3.training             INFO     [group_holdout:variational] epoch 0071  region_bce=0.2458  dist_mse=0.1094  region_overlap=0.803
2026-10-09 08:22:34,895  gsv3.training             INFO     [group_holdout:variational] epoch 0071  train_log_mse=0.00731  val_log_mse=0.14310  val_mse=0.000547  max_grad=1.75  patience=11/30
2026-10-09 08:23:34,221  gsv3.training             INFO     [group_holdout:variational] epoch 0072  count_mse=0.1602  count_rel_err_2q=0.299
2026-10-09 08:23:34,221  gsv3.training             INFO     [group_holdout:variational] epoch 0072  region_bce=0.2386  dist_mse=0.1085  region_overlap=0.807
2026-10-09 08:23:34,222  gsv3.training             INFO     [group_holdout:variational] epoch 0072  train_log_mse=0.00674  val_log_mse=0.15036  val_mse=0.000527  max_grad=1.04  patience=12/30
2026-10-09 08:24:33,838  gsv3.training             INFO     [group_holdout:variational] epoch 0073  count_mse=0.1555  count_rel_err_2q=0.294
2026-10-09 08:24:33,838  gsv3.training             INFO     [group_holdout:variational] epoch 0073  region_bce=0.2392  dist_mse=0.1081  region_overlap=0.808
2026-10-09 08:24:33,838  gsv3.training             INFO     [group_holdout:variational] epoch 0073  train_log_mse=0.00611  val_log_mse=0.13002  val_mse=0.000655  max_grad=1.15  patience=13/30
2026-10-09 08:25:33,775  gsv3.training             INFO     [group_holdout:variational] epoch 0074  count_mse=0.1597  count_rel_err_2q=0.300
2026-10-09 08:25:33,775  gsv3.training             INFO     [group_holdout:variational] epoch 0074  region_bce=0.2398  dist_mse=0.1077  region_overlap=0.807
2026-10-09 08:25:33,775  gsv3.training             INFO     [group_holdout:variational] epoch 0074  train_log_mse=0.00683  val_log_mse=0.12077  val_mse=0.000539  max_grad=1.77  patience=14/30
2026-10-09 08:26:33,367  gsv3.training             INFO     [group_holdout:variational] epoch 0075  count_mse=0.1504  count_rel_err_2q=0.293
2026-10-09 08:26:33,367  gsv3.training             INFO     [group_holdout:variational] epoch 0075  region_bce=0.2387  dist_mse=0.1072  region_overlap=0.809
2026-10-09 08:26:33,367  gsv3.training             INFO     [group_holdout:variational] epoch 0075  train_log_mse=0.00682  val_log_mse=0.11432  val_mse=0.000563  max_grad=1.42  patience=15/30
2026-10-09 08:27:32,921  gsv3.training             INFO     [group_holdout:variational] epoch 0076  count_mse=0.1575  count_rel_err_2q=0.297
2026-10-09 08:27:32,921  gsv3.training             INFO     [group_holdout:variational] epoch 0076  region_bce=0.2390  dist_mse=0.1077  region_overlap=0.807
2026-10-09 08:27:32,921  gsv3.training             INFO     [group_holdout:variational] epoch 0076  train_log_mse=0.00603  val_log_mse=0.12057  val_mse=0.000541  max_grad=1.23  patience=16/30
2026-10-09 08:28:32,604  gsv3.training             INFO     [group_holdout:variational] epoch 0077  count_mse=0.1531  count_rel_err_2q=0.296
2026-10-09 08:28:32,604  gsv3.training             INFO     [group_holdout:variational] epoch 0077  region_bce=0.2399  dist_mse=0.1073  region_overlap=0.808
2026-10-09 08:28:32,604  gsv3.training             INFO     [group_holdout:variational] epoch 0077  train_log_mse=0.00778  val_log_mse=0.14049  val_mse=0.000581  max_grad=1.93  patience=17/30
2026-10-09 08:29:32,247  gsv3.training             INFO     [group_holdout:variational] epoch 0078  count_mse=0.1549  count_rel_err_2q=0.295
2026-10-09 08:29:32,248  gsv3.training             INFO     [group_holdout:variational] epoch 0078  region_bce=0.2437  dist_mse=0.1086  region_overlap=0.804
2026-10-09 08:29:32,248  gsv3.training             INFO     [group_holdout:variational] epoch 0078  train_log_mse=0.00891  val_log_mse=0.13217  val_mse=0.000633  max_grad=3.19  patience=18/30
2026-10-09 08:30:32,091  gsv3.training             INFO     [group_holdout:variational] epoch 0079  count_mse=0.1509  count_rel_err_2q=0.290
2026-10-09 08:30:32,091  gsv3.training             INFO     [group_holdout:variational] epoch 0079  region_bce=0.2332  dist_mse=0.1054  region_overlap=0.811
2026-10-09 08:30:32,091  gsv3.training             INFO     [group_holdout:variational] epoch 0079  train_log_mse=0.00649  val_log_mse=0.12543  val_mse=0.000567  max_grad=1.82  patience=19/30
2026-10-09 08:31:31,612  gsv3.training             INFO     [group_holdout:variational] epoch 0080  count_mse=0.1531  count_rel_err_2q=0.294
2026-10-09 08:31:31,612  gsv3.training             INFO     [group_holdout:variational] epoch 0080  region_bce=0.2346  dist_mse=0.1064  region_overlap=0.811
2026-10-09 08:31:31,615  gsv3.training             INFO     [group_holdout:variational] epoch 0080  train_log_mse=0.00701  val_log_mse=0.10965  val_mse=0.000482  max_grad=1.86  patience=0/30
2026-10-09 08:32:31,430  gsv3.training             INFO     [group_holdout:variational] epoch 0081  count_mse=0.1474  count_rel_err_2q=0.288
2026-10-09 08:32:31,430  gsv3.training             INFO     [group_holdout:variational] epoch 0081  region_bce=0.2297  dist_mse=0.1048  region_overlap=0.813
2026-10-09 08:32:31,430  gsv3.training             INFO     [group_holdout:variational] epoch 0081  train_log_mse=0.00605  val_log_mse=0.11244  val_mse=0.000620  max_grad=1.22  patience=1/30
2026-10-09 08:33:32,007  gsv3.training             INFO     [group_holdout:variational] epoch 0082  count_mse=0.1488  count_rel_err_2q=0.291
2026-10-09 08:33:32,008  gsv3.training             INFO     [group_holdout:variational] epoch 0082  region_bce=0.2295  dist_mse=0.1048  region_overlap=0.814
2026-10-09 08:33:32,008  gsv3.training             INFO     [group_holdout:variational] epoch 0082  train_log_mse=0.00628  val_log_mse=0.10802  val_mse=0.000534  max_grad=1.97  patience=2/30
2026-10-09 08:34:32,197  gsv3.training             INFO     [group_holdout:variational] epoch 0083  count_mse=0.1446  count_rel_err_2q=0.285
2026-10-09 08:34:32,197  gsv3.training             INFO     [group_holdout:variational] epoch 0083  region_bce=0.2268  dist_mse=0.1037  region_overlap=0.816
2026-10-09 08:34:32,197  gsv3.training             INFO     [group_holdout:variational] epoch 0083  train_log_mse=0.00628  val_log_mse=0.10651  val_mse=0.000542  max_grad=1.10  patience=3/30
2026-10-09 08:35:32,520  gsv3.training             INFO     [group_holdout:variational] epoch 0084  count_mse=0.1410  count_rel_err_2q=0.283
2026-10-09 08:35:32,520  gsv3.training             INFO     [group_holdout:variational] epoch 0084  region_bce=0.2243  dist_mse=0.1037  region_overlap=0.818
2026-10-09 08:35:32,520  gsv3.training             INFO     [group_holdout:variational] epoch 0084  train_log_mse=0.00597  val_log_mse=0.11825  val_mse=0.000530  max_grad=1.95  patience=4/30
2026-10-09 08:36:32,807  gsv3.training             INFO     [group_holdout:variational] epoch 0085  count_mse=0.1484  count_rel_err_2q=0.289
2026-10-09 08:36:32,807  gsv3.training             INFO     [group_holdout:variational] epoch 0085  region_bce=0.2306  dist_mse=0.1046  region_overlap=0.814
2026-10-09 08:36:32,808  gsv3.training             INFO     [group_holdout:variational] epoch 0085  train_log_mse=0.00616  val_log_mse=0.11943  val_mse=0.000572  max_grad=0.97  patience=5/30
2026-10-09 08:37:32,899  gsv3.training             INFO     [group_holdout:variational] epoch 0086  count_mse=0.1418  count_rel_err_2q=0.281
2026-10-09 08:37:32,899  gsv3.training             INFO     [group_holdout:variational] epoch 0086  region_bce=0.2264  dist_mse=0.1034  region_overlap=0.817
2026-10-09 08:37:32,900  gsv3.training             INFO     [group_holdout:variational] epoch 0086  train_log_mse=0.00613  val_log_mse=0.11580  val_mse=0.000514  max_grad=1.58  patience=6/30
2026-10-09 08:38:33,031  gsv3.training             INFO     [group_holdout:variational] epoch 0087  count_mse=0.1406  count_rel_err_2q=0.282
2026-10-09 08:38:33,031  gsv3.training             INFO     [group_holdout:variational] epoch 0087  region_bce=0.2254  dist_mse=0.1033  region_overlap=0.816
2026-10-09 08:38:33,031  gsv3.training             INFO     [group_holdout:variational] epoch 0087  train_log_mse=0.00522  val_log_mse=0.11165  val_mse=0.000551  max_grad=1.03  patience=7/30
2026-10-09 08:39:33,460  gsv3.training             INFO     [group_holdout:variational] epoch 0088  count_mse=0.1428  count_rel_err_2q=0.285
2026-10-09 08:39:33,461  gsv3.training             INFO     [group_holdout:variational] epoch 0088  region_bce=0.2216  dist_mse=0.1026  region_overlap=0.820
2026-10-09 08:39:33,461  gsv3.training             INFO     [group_holdout:variational] epoch 0088  train_log_mse=0.00533  val_log_mse=0.12625  val_mse=0.000501  max_grad=1.10  patience=8/30
2026-10-09 08:40:33,954  gsv3.training             INFO     [group_holdout:variational] epoch 0089  count_mse=0.1427  count_rel_err_2q=0.284
2026-10-09 08:40:33,955  gsv3.training             INFO     [group_holdout:variational] epoch 0089  region_bce=0.2280  dist_mse=0.1041  region_overlap=0.817
2026-10-09 08:40:33,955  gsv3.training             INFO     [group_holdout:variational] epoch 0089  train_log_mse=0.00885  val_log_mse=0.13693  val_mse=0.000557  max_grad=1.91  patience=9/30
2026-10-09 08:41:34,358  gsv3.training             INFO     [group_holdout:variational] epoch 0090  count_mse=0.1391  count_rel_err_2q=0.283
2026-10-09 08:41:34,358  gsv3.training             INFO     [group_holdout:variational] epoch 0090  region_bce=0.2198  dist_mse=0.1028  region_overlap=0.821
2026-10-09 08:41:34,358  gsv3.training             INFO     [group_holdout:variational] epoch 0090  train_log_mse=0.00538  val_log_mse=0.10641  val_mse=0.000535  max_grad=0.88  patience=10/30
2026-10-09 08:42:34,749  gsv3.training             INFO     [group_holdout:variational] epoch 0091  count_mse=0.1413  count_rel_err_2q=0.286
2026-10-09 08:42:34,749  gsv3.training             INFO     [group_holdout:variational] epoch 0091  region_bce=0.2207  dist_mse=0.1025  region_overlap=0.820
2026-10-09 08:42:34,749  gsv3.training             INFO     [group_holdout:variational] epoch 0091  train_log_mse=0.00527  val_log_mse=0.18687  val_mse=0.000639  max_grad=0.87  patience=11/30
2026-10-09 08:43:35,287  gsv3.training             INFO     [group_holdout:variational] epoch 0092  count_mse=0.1413  count_rel_err_2q=0.286
2026-10-09 08:43:35,287  gsv3.training             INFO     [group_holdout:variational] epoch 0092  region_bce=0.2253  dist_mse=0.1032  region_overlap=0.818
2026-10-09 08:43:35,287  gsv3.training             INFO     [group_holdout:variational] epoch 0092  train_log_mse=0.00697  val_log_mse=0.14071  val_mse=0.000607  max_grad=3.01  patience=12/30
2026-10-09 08:44:35,473  gsv3.training             INFO     [group_holdout:variational] epoch 0093  count_mse=0.1413  count_rel_err_2q=0.285
2026-10-09 08:44:35,473  gsv3.training             INFO     [group_holdout:variational] epoch 0093  region_bce=0.2194  dist_mse=0.1021  region_overlap=0.821
2026-10-09 08:44:35,473  gsv3.training             INFO     [group_holdout:variational] epoch 0093  train_log_mse=0.00541  val_log_mse=0.11141  val_mse=0.000598  max_grad=1.12  patience=13/30
2026-10-09 08:45:35,941  gsv3.training             INFO     [group_holdout:variational] epoch 0094  count_mse=0.1427  count_rel_err_2q=0.287
2026-10-09 08:45:35,942  gsv3.training             INFO     [group_holdout:variational] epoch 0094  region_bce=0.2186  dist_mse=0.1023  region_overlap=0.821
2026-10-09 08:45:35,942  gsv3.training             INFO     [group_holdout:variational] epoch 0094  train_log_mse=0.00495  val_log_mse=0.12843  val_mse=0.000560  max_grad=1.07  patience=14/30
2026-10-09 08:46:35,666  gsv3.training             INFO     [group_holdout:variational] epoch 0095  count_mse=0.1402  count_rel_err_2q=0.284
2026-10-09 08:46:35,666  gsv3.training             INFO     [group_holdout:variational] epoch 0095  region_bce=0.2206  dist_mse=0.1023  region_overlap=0.821
2026-10-09 08:46:35,666  gsv3.training             INFO     [group_holdout:variational] epoch 0095  train_log_mse=0.00589  val_log_mse=0.13015  val_mse=0.000698  max_grad=1.14  patience=15/30
2026-10-09 08:47:35,917  gsv3.training             INFO     [group_holdout:variational] epoch 0096  count_mse=0.1389  count_rel_err_2q=0.284
2026-10-09 08:47:35,917  gsv3.training             INFO     [group_holdout:variational] epoch 0096  region_bce=0.2209  dist_mse=0.1024  region_overlap=0.820
2026-10-09 08:47:35,917  gsv3.training             INFO     [group_holdout:variational] epoch 0096  train_log_mse=0.00777  val_log_mse=0.12520  val_mse=0.000628  max_grad=1.66  patience=16/30
2026-10-09 08:48:36,080  gsv3.training             INFO     [group_holdout:variational] epoch 0097  count_mse=0.1400  count_rel_err_2q=0.282
2026-10-09 08:48:36,080  gsv3.training             INFO     [group_holdout:variational] epoch 0097  region_bce=0.2174  dist_mse=0.1021  region_overlap=0.823
2026-10-09 08:48:36,080  gsv3.training             INFO     [group_holdout:variational] epoch 0097  train_log_mse=0.00649  val_log_mse=0.11196  val_mse=0.000515  max_grad=1.45  patience=17/30
2026-10-09 08:49:35,916  gsv3.training             INFO     [group_holdout:variational] epoch 0098  count_mse=0.1438  count_rel_err_2q=0.285
2026-10-09 08:49:35,916  gsv3.training             INFO     [group_holdout:variational] epoch 0098  region_bce=0.2139  dist_mse=0.1019  region_overlap=0.825
2026-10-09 08:49:35,916  gsv3.training             INFO     [group_holdout:variational] epoch 0098  train_log_mse=0.00600  val_log_mse=0.11204  val_mse=0.000505  max_grad=1.53  patience=18/30
2026-10-09 08:50:35,344  gsv3.training             INFO     [group_holdout:variational] epoch 0099  count_mse=0.1333  count_rel_err_2q=0.278
2026-10-09 08:50:35,344  gsv3.training             INFO     [group_holdout:variational] epoch 0099  region_bce=0.2100  dist_mse=0.1011  region_overlap=0.828
2026-10-09 08:50:35,344  gsv3.training             INFO     [group_holdout:variational] epoch 0099  train_log_mse=0.00537  val_log_mse=0.13438  val_mse=0.000501  max_grad=1.20  patience=19/30
2026-10-09 08:51:36,005  gsv3.training             INFO     [group_holdout:variational] epoch 0100  count_mse=0.1341  count_rel_err_2q=0.276
2026-10-09 08:51:36,005  gsv3.training             INFO     [group_holdout:variational] epoch 0100  region_bce=0.2171  dist_mse=0.1014  region_overlap=0.824
2026-10-09 08:51:36,006  gsv3.training             INFO     [group_holdout:variational] epoch 0100  train_log_mse=0.00652  val_log_mse=0.11889  val_mse=0.000540  max_grad=1.36  patience=20/30
2026-10-09 08:52:36,163  gsv3.training             INFO     [group_holdout:variational] epoch 0101  count_mse=0.1378  count_rel_err_2q=0.282
2026-10-09 08:52:36,163  gsv3.training             INFO     [group_holdout:variational] epoch 0101  region_bce=0.2128  dist_mse=0.1012  region_overlap=0.826
2026-10-09 08:52:36,163  gsv3.training             INFO     [group_holdout:variational] epoch 0101  train_log_mse=0.00524  val_log_mse=0.12972  val_mse=0.000572  max_grad=1.35  patience=21/30
2026-10-09 08:53:36,697  gsv3.training             INFO     [group_holdout:variational] epoch 0102  count_mse=0.1335  count_rel_err_2q=0.278
2026-10-09 08:53:36,697  gsv3.training             INFO     [group_holdout:variational] epoch 0102  region_bce=0.2121  dist_mse=0.1006  region_overlap=0.828
2026-10-09 08:53:36,697  gsv3.training             INFO     [group_holdout:variational] epoch 0102  train_log_mse=0.00576  val_log_mse=0.11752  val_mse=0.000543  max_grad=1.14  patience=22/30
2026-10-09 08:54:37,384  gsv3.training             INFO     [group_holdout:variational] epoch 0103  count_mse=0.1405  count_rel_err_2q=0.285
2026-10-09 08:54:37,385  gsv3.training             INFO     [group_holdout:variational] epoch 0103  region_bce=0.2118  dist_mse=0.1008  region_overlap=0.827
2026-10-09 08:54:37,385  gsv3.training             INFO     [group_holdout:variational] epoch 0103  train_log_mse=0.00573  val_log_mse=0.14636  val_mse=0.000539  max_grad=1.18  patience=23/30
2026-10-09 08:55:37,602  gsv3.training             INFO     [group_holdout:variational] epoch 0104  count_mse=0.1357  count_rel_err_2q=0.280
2026-10-09 08:55:37,602  gsv3.training             INFO     [group_holdout:variational] epoch 0104  region_bce=0.2094  dist_mse=0.1006  region_overlap=0.829
2026-10-09 08:55:37,603  gsv3.training             INFO     [group_holdout:variational] epoch 0104  train_log_mse=0.00607  val_log_mse=0.13112  val_mse=0.000571  max_grad=1.70  patience=24/30
2026-10-09 08:56:37,390  gsv3.training             INFO     [group_holdout:variational] epoch 0105  count_mse=0.1343  count_rel_err_2q=0.279
2026-10-09 08:56:37,390  gsv3.training             INFO     [group_holdout:variational] epoch 0105  region_bce=0.2088  dist_mse=0.1006  region_overlap=0.829
2026-10-09 08:56:37,390  gsv3.training             INFO     [group_holdout:variational] epoch 0105  train_log_mse=0.00625  val_log_mse=0.11328  val_mse=0.000545  max_grad=1.33  patience=25/30
2026-10-09 08:57:37,569  gsv3.training             INFO     [group_holdout:variational] epoch 0106  count_mse=0.1289  count_rel_err_2q=0.273
2026-10-09 08:57:37,570  gsv3.training             INFO     [group_holdout:variational] epoch 0106  region_bce=0.2076  dist_mse=0.0999  region_overlap=0.830
2026-10-09 08:57:37,570  gsv3.training             INFO     [group_holdout:variational] epoch 0106  train_log_mse=0.00525  val_log_mse=0.11965  val_mse=0.000572  max_grad=0.90  patience=26/30
2026-10-09 08:58:37,833  gsv3.training             INFO     [group_holdout:variational] epoch 0107  count_mse=0.1298  count_rel_err_2q=0.277
2026-10-09 08:58:37,833  gsv3.training             INFO     [group_holdout:variational] epoch 0107  region_bce=0.2094  dist_mse=0.1006  region_overlap=0.829
2026-10-09 08:58:37,833  gsv3.training             INFO     [group_holdout:variational] epoch 0107  train_log_mse=0.00608  val_log_mse=0.10726  val_mse=0.000537  max_grad=1.33  patience=27/30
2026-10-09 08:59:38,031  gsv3.training             INFO     [group_holdout:variational] epoch 0108  count_mse=0.1323  count_rel_err_2q=0.276
2026-10-09 08:59:38,031  gsv3.training             INFO     [group_holdout:variational] epoch 0108  region_bce=0.2032  dist_mse=0.0997  region_overlap=0.833
2026-10-09 08:59:38,031  gsv3.training             INFO     [group_holdout:variational] epoch 0108  train_log_mse=0.00623  val_log_mse=0.16036  val_mse=0.000486  max_grad=2.12  patience=28/30
2026-10-09 09:00:38,486  gsv3.training             INFO     [group_holdout:variational] epoch 0109  count_mse=0.1285  count_rel_err_2q=0.276
2026-10-09 09:00:38,486  gsv3.training             INFO     [group_holdout:variational] epoch 0109  region_bce=0.2009  dist_mse=0.0991  region_overlap=0.835
2026-10-09 09:00:38,486  gsv3.training             INFO     [group_holdout:variational] epoch 0109  train_log_mse=0.00453  val_log_mse=0.11133  val_mse=0.000553  max_grad=0.65  patience=29/30
2026-10-09 09:01:38,644  gsv3.training             INFO     [group_holdout:variational] epoch 0110  count_mse=0.1310  count_rel_err_2q=0.279
2026-10-09 09:01:38,644  gsv3.training             INFO     [group_holdout:variational] epoch 0110  region_bce=0.2068  dist_mse=0.0998  region_overlap=0.830
2026-10-09 09:01:38,644  gsv3.training             INFO     [group_holdout:variational] epoch 0110  train_log_mse=0.00636  val_log_mse=0.18755  val_mse=0.000531  max_grad=1.66  patience=30/30
2026-10-09 09:01:58,219  gsv3.experiment           INFO     [variational] TEST  n=9928  MAE=0.0965  R2=0.8008  device-acc=0.527  regret=0.0165
2026-10-09 09:01:58,222  genstudy.io               INFO     Wrote evaluations/generalization_v8/results/v8b_c001/leave_one_group_out/variational/metrics.json
2026-10-09 09:01:58,275  genstudy.io               INFO     Wrote evaluations/generalization_v8/results/v8b_c001/leave_one_group_out/variational/predictions.json
2026-10-09 09:01:58,291  genstudy.io               INFO     Wrote evaluations/generalization_v8/results/v8b_c001/leave_one_group_out/variational/history.json
2026-10-09 09:01:58,321  run_experiment            INFO     leave_one_group_out finished: 1 complete, 0 skipped
