2026-10-09 05:22:53,531  genstudy.io               INFO     Logging to evaluations/generalization_v8/results/v8a_c01/random_control/run.log
2026-10-09 05:22:53,531  run_experiment            INFO     Command line: evaluations/generalization_v3/scripts/run_experiment.py control --model sinkhorn --balance-alpha 0 --lr 3e-4 --grad-clip 1.0 --seed 5 --families x --groups x --loss mixed --val-mode random --layout-lambda 0.1 --layout-loss region_dist --layouts-path evaluations/compile_check/results/compiler_layouts_v6pilot.pt --count-lambda 0.1 --counts-path evaluations/compile_check/results/compiler_counts_v8.pt --results-dir evaluations/generalization_v8/results/v8a_c01
2026-10-09 05:22:53,531  gsv2.gpu                  WARNING  No CUDA device available — running on the CPU.
2026-10-09 05:22:53,533  gsv3.model                INFO     Hyper-parameters (/home/atudisco/pred-distr-tool/src/model/best_params.json + v3 defaults): {'device_hidden': 64, 'device_layers': 3, 'fusion_dim': 128, 'qubit_layers': 2, 'attn_heads': 4, 'lap_pe': 8, 'cost_bias_init': -6.0, 'hidden_dim': 142, 'num_conv_wo_resnet': 3, 'num_resnet_layers': 1, 'dropout': 0.0, 'bidirectional': True, 'mlp': [512, 256, 128], 'lr': 0.001, 'readout': 'meanmaxsum'}
2026-10-09 05:22:53,546  gsv3.devices              INFO     Device graphs: node features 13 (Laplacian PE 8), physical errors True
2026-10-09 05:22:53,548  genstudy.data             INFO     Loading graph dataset: /home/atudisco/pred-distr-tool/evaluations/generalization_v3/data/graph_dataset_expected_fidelity.pt
2026-10-09 05:22:56,648  genstudy.data             INFO     Loaded 17056 graphs
2026-10-09 05:22:57,134  run_experiment            INFO     Compiler layouts (evaluations/compile_check/results/compiler_layouts_v6pilot.pt): 16994/17056 circuits
2026-10-09 05:22:57,598  run_experiment            INFO     Compiler counts (evaluations/compile_check/results/compiler_counts_v8.pt): 16994/17056 circuits
2026-10-09 05:22:57,604  genstudy.io               INFO     Wrote evaluations/generalization_v8/results/v8a_c01/random_control/dataset_summary.json
2026-10-09 05:22:58,024  run_experiment            INFO     [1/1] random_seed5
2026-10-09 05:22:58,027  gsv3.experiment           INFO     === random / random_seed5 ===
2026-10-09 05:22:58,027  gsv3.experiment           INFO     Random split stratified by fidelity (test_fraction=0.3, seed=5): train = 11939, test = 5117 circuits; families and sizes appear on both sides.
2026-10-09 05:22:58,028  gsv3.experiment           INFO     train=9551  val=2388 ({'mode': 'random'})  test=5117
2026-10-09 05:22:58,094  gsv3.training             INFO     [random:random_seed5] model=sinkhorn (979423 params) train=9551 val=2388 lr=0.0003 clip=1.0 alpha=0.00
2026-10-09 05:24:03,636  gsv3.training             INFO     [random:random_seed5] epoch 0001  count_mse=0.6723  count_rel_err_2q=0.676
2026-10-09 05:24:03,637  gsv3.training             INFO     [random:random_seed5] epoch 0001  region_bce=0.6658  dist_mse=0.2505  region_overlap=0.645
2026-10-09 05:24:03,638  gsv3.training             INFO     [random:random_seed5] epoch 0001  train_log_mse=0.44644  val_log_mse=0.41717  val_mse=0.002643  max_grad=1336.70  patience=0/30
2026-10-09 05:25:09,382  gsv3.training             INFO     [random:random_seed5] epoch 0002  count_mse=0.1981  count_rel_err_2q=0.307
2026-10-09 05:25:09,383  gsv3.training             INFO     [random:random_seed5] epoch 0002  region_bce=0.4374  dist_mse=0.2005  region_overlap=0.709
2026-10-09 05:25:09,384  gsv3.training             INFO     [random:random_seed5] epoch 0002  train_log_mse=0.04112  val_log_mse=0.19639  val_mse=0.001519  max_grad=21.47  patience=0/30
2026-10-09 05:26:15,553  gsv3.training             INFO     [random:random_seed5] epoch 0003  count_mse=0.1346  count_rel_err_2q=0.271
2026-10-09 05:26:15,553  gsv3.training             INFO     [random:random_seed5] epoch 0003  region_bce=0.3889  dist_mse=0.1856  region_overlap=0.735
2026-10-09 05:26:15,554  gsv3.training             INFO     [random:random_seed5] epoch 0003  train_log_mse=0.02853  val_log_mse=0.23937  val_mse=0.001467  max_grad=7.79  patience=0/30
2026-10-09 05:27:21,285  gsv3.training             INFO     [random:random_seed5] epoch 0004  count_mse=0.1096  count_rel_err_2q=0.250
2026-10-09 05:27:21,285  gsv3.training             INFO     [random:random_seed5] epoch 0004  region_bce=0.3558  dist_mse=0.1716  region_overlap=0.753
2026-10-09 05:27:21,286  gsv3.training             INFO     [random:random_seed5] epoch 0004  train_log_mse=0.02115  val_log_mse=0.16567  val_mse=0.001344  max_grad=6.93  patience=0/30
2026-10-09 05:28:27,020  gsv3.training             INFO     [random:random_seed5] epoch 0005  count_mse=0.0945  count_rel_err_2q=0.228
2026-10-09 05:28:27,020  gsv3.training             INFO     [random:random_seed5] epoch 0005  region_bce=0.3239  dist_mse=0.1609  region_overlap=0.772
2026-10-09 05:28:27,022  gsv3.training             INFO     [random:random_seed5] epoch 0005  train_log_mse=0.01604  val_log_mse=0.20076  val_mse=0.001132  max_grad=4.95  patience=0/30
2026-10-09 05:29:32,684  gsv3.training             INFO     [random:random_seed5] epoch 0006  count_mse=0.0878  count_rel_err_2q=0.214
2026-10-09 05:29:32,684  gsv3.training             INFO     [random:random_seed5] epoch 0006  region_bce=0.3080  dist_mse=0.1545  region_overlap=0.780
2026-10-09 05:29:32,686  gsv3.training             INFO     [random:random_seed5] epoch 0006  train_log_mse=0.01500  val_log_mse=0.13859  val_mse=0.000974  max_grad=3.81  patience=0/30
2026-10-09 05:30:38,313  gsv3.training             INFO     [random:random_seed5] epoch 0007  count_mse=0.0760  count_rel_err_2q=0.198
2026-10-09 05:30:38,313  gsv3.training             INFO     [random:random_seed5] epoch 0007  region_bce=0.2918  dist_mse=0.1491  region_overlap=0.788
2026-10-09 05:30:38,314  gsv3.training             INFO     [random:random_seed5] epoch 0007  train_log_mse=0.01031  val_log_mse=0.08597  val_mse=0.000866  max_grad=4.22  patience=0/30
2026-10-09 05:31:44,014  gsv3.training             INFO     [random:random_seed5] epoch 0008  count_mse=0.0717  count_rel_err_2q=0.193
2026-10-09 05:31:44,014  gsv3.training             INFO     [random:random_seed5] epoch 0008  region_bce=0.2804  dist_mse=0.1440  region_overlap=0.795
2026-10-09 05:31:44,016  gsv3.training             INFO     [random:random_seed5] epoch 0008  train_log_mse=0.01102  val_log_mse=0.08408  val_mse=0.000824  max_grad=3.66  patience=0/30
2026-10-09 05:32:49,966  gsv3.training             INFO     [random:random_seed5] epoch 0009  count_mse=0.0686  count_rel_err_2q=0.188
2026-10-09 05:32:49,966  gsv3.training             INFO     [random:random_seed5] epoch 0009  region_bce=0.2753  dist_mse=0.1406  region_overlap=0.799
2026-10-09 05:32:49,967  gsv3.training             INFO     [random:random_seed5] epoch 0009  train_log_mse=0.01161  val_log_mse=0.13758  val_mse=0.000755  max_grad=7.38  patience=0/30
2026-10-09 05:33:55,481  gsv3.training             INFO     [random:random_seed5] epoch 0010  count_mse=0.0664  count_rel_err_2q=0.185
2026-10-09 05:33:55,481  gsv3.training             INFO     [random:random_seed5] epoch 0010  region_bce=0.2611  dist_mse=0.1352  region_overlap=0.807
2026-10-09 05:33:55,481  gsv3.training             INFO     [random:random_seed5] epoch 0010  train_log_mse=0.01128  val_log_mse=0.11980  val_mse=0.000908  max_grad=3.35  patience=1/30
2026-10-09 05:35:01,278  gsv3.training             INFO     [random:random_seed5] epoch 0011  count_mse=0.0611  count_rel_err_2q=0.180
2026-10-09 05:35:01,278  gsv3.training             INFO     [random:random_seed5] epoch 0011  region_bce=0.2457  dist_mse=0.1305  region_overlap=0.817
2026-10-09 05:35:01,280  gsv3.training             INFO     [random:random_seed5] epoch 0011  train_log_mse=0.00844  val_log_mse=0.19723  val_mse=0.000754  max_grad=1.88  patience=0/30
2026-10-09 05:36:07,556  gsv3.training             INFO     [random:random_seed5] epoch 0012  count_mse=0.0587  count_rel_err_2q=0.177
2026-10-09 05:36:07,556  gsv3.training             INFO     [random:random_seed5] epoch 0012  region_bce=0.2369  dist_mse=0.1275  region_overlap=0.823
2026-10-09 05:36:07,558  gsv3.training             INFO     [random:random_seed5] epoch 0012  train_log_mse=0.00817  val_log_mse=0.09578  val_mse=0.000680  max_grad=2.01  patience=0/30
2026-10-09 05:37:17,200  gsv3.training             INFO     [random:random_seed5] epoch 0013  count_mse=0.0568  count_rel_err_2q=0.177
2026-10-09 05:37:17,200  gsv3.training             INFO     [random:random_seed5] epoch 0013  region_bce=0.2308  dist_mse=0.1253  region_overlap=0.828
2026-10-09 05:37:17,200  gsv3.training             INFO     [random:random_seed5] epoch 0013  train_log_mse=0.00891  val_log_mse=0.09768  val_mse=0.000704  max_grad=2.90  patience=1/30
2026-10-09 05:38:27,786  gsv3.training             INFO     [random:random_seed5] epoch 0014  count_mse=0.0548  count_rel_err_2q=0.175
2026-10-09 05:38:27,787  gsv3.training             INFO     [random:random_seed5] epoch 0014  region_bce=0.2244  dist_mse=0.1229  region_overlap=0.832
2026-10-09 05:38:27,789  gsv3.training             INFO     [random:random_seed5] epoch 0014  train_log_mse=0.00825  val_log_mse=0.08685  val_mse=0.000649  max_grad=2.39  patience=0/30
2026-10-09 05:39:39,802  gsv3.training             INFO     [random:random_seed5] epoch 0015  count_mse=0.0522  count_rel_err_2q=0.174
2026-10-09 05:39:39,802  gsv3.training             INFO     [random:random_seed5] epoch 0015  region_bce=0.2151  dist_mse=0.1200  region_overlap=0.838
2026-10-09 05:39:39,802  gsv3.training             INFO     [random:random_seed5] epoch 0015  train_log_mse=0.00667  val_log_mse=0.11743  val_mse=0.000766  max_grad=1.86  patience=1/30
2026-10-09 05:40:51,749  gsv3.training             INFO     [random:random_seed5] epoch 0016  count_mse=0.0518  count_rel_err_2q=0.174
2026-10-09 05:40:51,750  gsv3.training             INFO     [random:random_seed5] epoch 0016  region_bce=0.2119  dist_mse=0.1177  region_overlap=0.841
2026-10-09 05:40:51,751  gsv3.training             INFO     [random:random_seed5] epoch 0016  train_log_mse=0.00823  val_log_mse=0.09705  val_mse=0.000638  max_grad=2.81  patience=0/30
2026-10-09 05:42:05,128  gsv3.training             INFO     [random:random_seed5] epoch 0017  count_mse=0.0506  count_rel_err_2q=0.173
2026-10-09 05:42:05,129  gsv3.training             INFO     [random:random_seed5] epoch 0017  region_bce=0.2113  dist_mse=0.1168  region_overlap=0.842
2026-10-09 05:42:05,130  gsv3.training             INFO     [random:random_seed5] epoch 0017  train_log_mse=0.00810  val_log_mse=0.07435  val_mse=0.000612  max_grad=2.20  patience=0/30
2026-10-09 05:43:18,199  gsv3.training             INFO     [random:random_seed5] epoch 0018  count_mse=0.0495  count_rel_err_2q=0.173
2026-10-09 05:43:18,199  gsv3.training             INFO     [random:random_seed5] epoch 0018  region_bce=0.2056  dist_mse=0.1146  region_overlap=0.845
2026-10-09 05:43:18,199  gsv3.training             INFO     [random:random_seed5] epoch 0018  train_log_mse=0.00781  val_log_mse=0.07458  val_mse=0.000618  max_grad=2.02  patience=1/30
ions/compile_check/results/compiler_layouts_v6pilot.pt --count-lambda 0.1 --counts-path evaluations/compile_check/results/compiler_counts_v8.pt --results-dir evaluations/generalization_v8/results/v8a_c01
2026-10-09 05:42:43,609  gsv2.gpu                  INFO     GPU: NVIDIA A100 80GB PCIe
2026-10-09 05:42:43,610  gsv3.model                INFO     Hyper-parameters (/home/atudisco/pred-distr-tool/src/model/best_params.json + v3 defaults): {'device_hidden': 64, 'device_layers': 3, 'fusion_dim': 128, 'qubit_layers': 2, 'attn_heads': 4, 'lap_pe': 8, 'cost_bias_init': -6.0, 'hidden_dim': 142, 'num_conv_wo_resnet': 3, 'num_resnet_layers': 1, 'dropout': 0.0, 'bidirectional': True, 'mlp': [512, 256, 128], 'lr': 0.001, 'readout': 'meanmaxsum'}
2026-10-09 05:42:43,645  gsv3.devices              INFO     Device graphs: node features 13 (Laplacian PE 8), physical errors True
2026-10-09 05:42:43,646  genstudy.data             INFO     Loading graph dataset: /home/atudisco/pred-distr-tool/evaluations/generalization_v3/data/graph_dataset_expected_fidelity.pt
2026-10-09 05:42:46,568  genstudy.data             INFO     Loaded 17056 graphs
2026-10-09 05:42:47,034  run_experiment            INFO     Compiler layouts (evaluations/compile_check/results/compiler_layouts_v6pilot.pt): 16994/17056 circuits
2026-10-09 05:42:47,458  run_experiment            INFO     Compiler counts (evaluations/compile_check/results/compiler_counts_v8.pt): 16994/17056 circuits
2026-10-09 05:42:47,463  genstudy.io               INFO     Wrote evaluations/generalization_v8/results/v8a_c01/random_control/dataset_summary.json
2026-10-09 05:42:47,825  run_experiment            INFO     [1/1] random_seed5
2026-10-09 05:42:47,827  gsv3.experiment           WARNING  [random_seed5] locked by another job — skipping
2026-10-09 05:42:47,827  run_experiment            WARNING  Splits held by another job (not run here): random_seed5
2026-10-09 05:42:47,827  run_experiment            INFO     random_control finished: 0 complete, 1 skipped
2026-10-09 05:44:31,774  gsv3.training             INFO     [random:random_seed5] epoch 0019  count_mse=0.0477  count_rel_err_2q=0.171
2026-10-09 05:44:31,774  gsv3.training             INFO     [random:random_seed5] epoch 0019  region_bce=0.1978  dist_mse=0.1118  region_overlap=0.849
2026-10-09 05:44:31,776  gsv3.training             INFO     [random:random_seed5] epoch 0019  train_log_mse=0.00763  val_log_mse=0.07425  val_mse=0.000605  max_grad=2.05  patience=0/30
2026-10-09 05:45:46,315  gsv3.training             INFO     [random:random_seed5] epoch 0020  count_mse=0.0461  count_rel_err_2q=0.169
2026-10-09 05:45:46,316  gsv3.training             INFO     [random:random_seed5] epoch 0020  region_bce=0.1912  dist_mse=0.1095  region_overlap=0.853
2026-10-09 05:45:46,318  gsv3.training             INFO     [random:random_seed5] epoch 0020  train_log_mse=0.00631  val_log_mse=0.06926  val_mse=0.000538  max_grad=2.23  patience=0/30
2026-10-09 05:47:01,786  gsv3.training             INFO     [random:random_seed5] epoch 0021  count_mse=0.0449  count_rel_err_2q=0.169
2026-10-09 05:47:01,787  gsv3.training             INFO     [random:random_seed5] epoch 0021  region_bce=0.1884  dist_mse=0.1083  region_overlap=0.855
2026-10-09 05:47:01,787  gsv3.training             INFO     [random:random_seed5] epoch 0021  train_log_mse=0.00697  val_log_mse=0.09689  val_mse=0.000540  max_grad=1.72  patience=1/30
2026-10-09 05:48:17,732  gsv3.training             INFO     [random:random_seed5] epoch 0022  count_mse=0.0434  count_rel_err_2q=0.166
2026-10-09 05:48:17,733  gsv3.training             INFO     [random:random_seed5] epoch 0022  region_bce=0.1827  dist_mse=0.1070  region_overlap=0.858
2026-10-09 05:48:17,735  gsv3.training             INFO     [random:random_seed5] epoch 0022  train_log_mse=0.00576  val_log_mse=0.06315  val_mse=0.000531  max_grad=1.48  patience=0/30
2026-10-09 05:49:33,617  gsv3.training             INFO     [random:random_seed5] epoch 0023  count_mse=0.0438  count_rel_err_2q=0.167
2026-10-09 05:49:33,618  gsv3.training             INFO     [random:random_seed5] epoch 0023  region_bce=0.1827  dist_mse=0.1063  region_overlap=0.859
2026-10-09 05:49:33,619  gsv3.training             INFO     [random:random_seed5] epoch 0023  train_log_mse=0.00684  val_log_mse=0.06298  val_mse=0.000525  max_grad=2.36  patience=0/30
2026-10-09 05:50:49,182  gsv3.training             INFO     [random:random_seed5] epoch 0024  count_mse=0.0414  count_rel_err_2q=0.162
2026-10-09 05:50:49,182  gsv3.training             INFO     [random:random_seed5] epoch 0024  region_bce=0.1720  dist_mse=0.1035  region_overlap=0.865
2026-10-09 05:50:49,182  gsv3.training             INFO     [random:random_seed5] epoch 0024  train_log_mse=0.00527  val_log_mse=0.08606  val_mse=0.000582  max_grad=1.39  patience=1/30
2026-10-09 05:52:04,483  gsv3.training             INFO     [random:random_seed5] epoch 0025  count_mse=0.0407  count_rel_err_2q=0.163
2026-10-09 05:52:04,484  gsv3.training             INFO     [random:random_seed5] epoch 0025  region_bce=0.1703  dist_mse=0.1031  region_overlap=0.866
2026-10-09 05:52:04,484  gsv3.training             INFO     [random:random_seed5] epoch 0025  train_log_mse=0.00562  val_log_mse=0.07725  val_mse=0.000548  max_grad=1.85  patience=2/30
2026-10-09 05:53:20,002  gsv3.training             INFO     [random:random_seed5] epoch 0026  count_mse=0.0399  count_rel_err_2q=0.162
2026-10-09 05:53:20,002  gsv3.training             INFO     [random:random_seed5] epoch 0026  region_bce=0.1676  dist_mse=0.1025  region_overlap=0.868
2026-10-09 05:53:20,004  gsv3.training             INFO     [random:random_seed5] epoch 0026  train_log_mse=0.00565  val_log_mse=0.06596  val_mse=0.000484  max_grad=1.83  patience=0/30
2026-10-09 05:54:35,228  gsv3.training             INFO     [random:random_seed5] epoch 0027  count_mse=0.0404  count_rel_err_2q=0.163
2026-10-09 05:54:35,228  gsv3.training             INFO     [random:random_seed5] epoch 0027  region_bce=0.1710  dist_mse=0.1026  region_overlap=0.867
2026-10-09 05:54:35,229  gsv3.training             INFO     [random:random_seed5] epoch 0027  train_log_mse=0.00677  val_log_mse=0.06959  val_mse=0.000643  max_grad=4.95  patience=1/30
2026-10-09 05:55:50,569  gsv3.training             INFO     [random:random_seed5] epoch 0028  count_mse=0.0395  count_rel_err_2q=0.161
2026-10-09 05:55:50,569  gsv3.training             INFO     [random:random_seed5] epoch 0028  region_bce=0.1637  dist_mse=0.1009  region_overlap=0.871
2026-10-09 05:55:50,569  gsv3.training             INFO     [random:random_seed5] epoch 0028  train_log_mse=0.00652  val_log_mse=0.06432  val_mse=0.000570  max_grad=1.37  patience=2/30
2026-10-09 05:57:06,071  gsv3.training             INFO     [random:random_seed5] epoch 0029  count_mse=0.0377  count_rel_err_2q=0.159
2026-10-09 05:57:06,071  gsv3.training             INFO     [random:random_seed5] epoch 0029  region_bce=0.1571  dist_mse=0.0987  region_overlap=0.875
2026-10-09 05:57:06,071  gsv3.training             INFO     [random:random_seed5] epoch 0029  train_log_mse=0.00470  val_log_mse=0.07092  val_mse=0.000486  max_grad=2.17  patience=3/30
2026-10-09 05:58:21,641  gsv3.training             INFO     [random:random_seed5] epoch 0030  count_mse=0.0374  count_rel_err_2q=0.159
2026-10-09 05:58:21,642  gsv3.training             INFO     [random:random_seed5] epoch 0030  region_bce=0.1539  dist_mse=0.0975  region_overlap=0.876
2026-10-09 05:58:21,642  gsv3.training             INFO     [random:random_seed5] epoch 0030  train_log_mse=0.00520  val_log_mse=0.07555  val_mse=0.000502  max_grad=1.35  patience=4/30
2026-10-09 05:59:37,025  gsv3.training             INFO     [random:random_seed5] epoch 0031  count_mse=0.0369  count_rel_err_2q=0.159
2026-10-09 05:59:37,025  gsv3.training             INFO     [random:random_seed5] epoch 0031  region_bce=0.1547  dist_mse=0.0972  region_overlap=0.876
2026-10-09 05:59:37,026  gsv3.training             INFO     [random:random_seed5] epoch 0031  train_log_mse=0.00540  val_log_mse=0.06291  val_mse=0.000521  max_grad=1.24  patience=5/30
2026-10-09 06:00:52,536  gsv3.training             INFO     [random:random_seed5] epoch 0032  count_mse=0.0365  count_rel_err_2q=0.158
2026-10-09 06:00:52,537  gsv3.training             INFO     [random:random_seed5] epoch 0032  region_bce=0.1514  dist_mse=0.0962  region_overlap=0.878
2026-10-09 06:00:52,539  gsv3.training             INFO     [random:random_seed5] epoch 0032  train_log_mse=0.00529  val_log_mse=0.05461  val_mse=0.000426  max_grad=1.86  patience=0/30
2026-10-09 06:02:08,135  gsv3.training             INFO     [random:random_seed5] epoch 0033  count_mse=0.0357  count_rel_err_2q=0.158
2026-10-09 06:02:08,136  gsv3.training             INFO     [random:random_seed5] epoch 0033  region_bce=0.1462  dist_mse=0.0943  region_overlap=0.881
2026-10-09 06:02:08,136  gsv3.training             INFO     [random:random_seed5] epoch 0033  train_log_mse=0.00496  val_log_mse=0.07125  val_mse=0.000501  max_grad=1.02  patience=1/30
2026-10-09 06:03:23,127  gsv3.training             INFO     [random:random_seed5] epoch 0034  count_mse=0.0362  count_rel_err_2q=0.159
2026-10-09 06:03:23,127  gsv3.training             INFO     [random:random_seed5] epoch 0034  region_bce=0.1467  dist_mse=0.0945  region_overlap=0.882
2026-10-09 06:03:23,127  gsv3.training             INFO     [random:random_seed5] epoch 0034  train_log_mse=0.00601  val_log_mse=0.07511  val_mse=0.000488  max_grad=1.44  patience=2/30
2026-10-09 06:04:37,820  gsv3.training             INFO     [random:random_seed5] epoch 0035  count_mse=0.0341  count_rel_err_2q=0.155
2026-10-09 06:04:37,821  gsv3.training             INFO     [random:random_seed5] epoch 0035  region_bce=0.1393  dist_mse=0.0927  region_overlap=0.885
2026-10-09 06:04:37,821  gsv3.training             INFO     [random:random_seed5] epoch 0035  train_log_mse=0.00411  val_log_mse=0.06940  val_mse=0.000437  max_grad=0.88  patience=3/30
2026-10-09 06:05:52,684  gsv3.training             INFO     [random:random_seed5] epoch 0036  count_mse=0.0347  count_rel_err_2q=0.157
2026-10-09 06:05:52,684  gsv3.training             INFO     [random:random_seed5] epoch 0036  region_bce=0.1446  dist_mse=0.0936  region_overlap=0.883
2026-10-09 06:05:52,684  gsv3.training             INFO     [random:random_seed5] epoch 0036  train_log_mse=0.00568  val_log_mse=0.11879  val_mse=0.000482  max_grad=2.45  patience=4/30
2026-10-09 06:07:07,628  gsv3.training             INFO     [random:random_seed5] epoch 0037  count_mse=0.0362  count_rel_err_2q=0.161
2026-10-09 06:07:07,629  gsv3.training             INFO     [random:random_seed5] epoch 0037  region_bce=0.1498  dist_mse=0.0953  region_overlap=0.880
2026-10-09 06:07:07,629  gsv3.training             INFO     [random:random_seed5] epoch 0037  train_log_mse=0.00911  val_log_mse=0.07481  val_mse=0.000479  max_grad=14.23  patience=5/30
2026-10-09 06:08:22,881  gsv3.training             INFO     [random:random_seed5] epoch 0038  count_mse=0.0360  count_rel_err_2q=0.162
2026-10-09 06:08:22,881  gsv3.training             INFO     [random:random_seed5] epoch 0038  region_bce=0.1483  dist_mse=0.0953  region_overlap=0.881
2026-10-09 06:08:22,881  gsv3.training             INFO     [random:random_seed5] epoch 0038  train_log_mse=0.00722  val_log_mse=0.06738  val_mse=0.000499  max_grad=15.38  patience=6/30
2026-10-09 06:09:38,397  gsv3.training             INFO     [random:random_seed5] epoch 0039  count_mse=0.0342  count_rel_err_2q=0.157
2026-10-09 06:09:38,398  gsv3.training             INFO     [random:random_seed5] epoch 0039  region_bce=0.1395  dist_mse=0.0927  region_overlap=0.886
2026-10-09 06:09:38,398  gsv3.training             INFO     [random:random_seed5] epoch 0039  train_log_mse=0.00579  val_log_mse=0.07683  val_mse=0.000461  max_grad=2.20  patience=7/30
2026-10-09 06:10:53,754  gsv3.training             INFO     [random:random_seed5] epoch 0040  count_mse=0.0327  count_rel_err_2q=0.154
2026-10-09 06:10:53,755  gsv3.training             INFO     [random:random_seed5] epoch 0040  region_bce=0.1314  dist_mse=0.0906  region_overlap=0.890
2026-10-09 06:10:53,755  gsv3.training             INFO     [random:random_seed5] epoch 0040  train_log_mse=0.00471  val_log_mse=0.07857  val_mse=0.000480  max_grad=2.39  patience=8/30
2026-10-09 06:12:08,871  gsv3.training             INFO     [random:random_seed5] epoch 0041  count_mse=0.0336  count_rel_err_2q=0.155
2026-10-09 06:12:08,871  gsv3.training             INFO     [random:random_seed5] epoch 0041  region_bce=0.1319  dist_mse=0.0913  region_overlap=0.891
2026-10-09 06:12:08,871  gsv3.training             INFO     [random:random_seed5] epoch 0041  train_log_mse=0.00660  val_log_mse=0.06474  val_mse=0.000458  max_grad=1.41  patience=9/30
2026-10-09 06:13:23,943  gsv3.training             INFO     [random:random_seed5] epoch 0042  count_mse=0.0316  count_rel_err_2q=0.153
2026-10-09 06:13:23,944  gsv3.training             INFO     [random:random_seed5] epoch 0042  region_bce=0.1248  dist_mse=0.0891  region_overlap=0.895
2026-10-09 06:13:23,944  gsv3.training             INFO     [random:random_seed5] epoch 0042  train_log_mse=0.00430  val_log_mse=0.05375  val_mse=0.000456  max_grad=0.99  patience=10/30
2026-10-09 06:14:39,061  gsv3.training             INFO     [random:random_seed5] epoch 0043  count_mse=0.0310  count_rel_err_2q=0.153
2026-10-09 06:14:39,061  gsv3.training             INFO     [random:random_seed5] epoch 0043  region_bce=0.1208  dist_mse=0.0885  region_overlap=0.896
2026-10-09 06:14:39,061  gsv3.training             INFO     [random:random_seed5] epoch 0043  train_log_mse=0.00414  val_log_mse=0.05803  val_mse=0.000442  max_grad=1.09  patience=11/30
2026-10-09 06:15:53,999  gsv3.training             INFO     [random:random_seed5] epoch 0044  count_mse=0.0306  count_rel_err_2q=0.151
2026-10-09 06:15:53,999  gsv3.training             INFO     [random:random_seed5] epoch 0044  region_bce=0.1201  dist_mse=0.0881  region_overlap=0.897
2026-10-09 06:15:53,999  gsv3.training             INFO     [random:random_seed5] epoch 0044  train_log_mse=0.00386  val_log_mse=0.06130  val_mse=0.000458  max_grad=0.65  patience=12/30
2026-10-09 06:17:08,897  gsv3.training             INFO     [random:random_seed5] epoch 0045  count_mse=0.0306  count_rel_err_2q=0.154
2026-10-09 06:17:08,898  gsv3.training             INFO     [random:random_seed5] epoch 0045  region_bce=0.1184  dist_mse=0.0878  region_overlap=0.898
2026-10-09 06:17:08,900  gsv3.training             INFO     [random:random_seed5] epoch 0045  train_log_mse=0.00433  val_log_mse=0.06217  val_mse=0.000417  max_grad=1.11  patience=0/30
2026-10-09 06:18:24,041  gsv3.training             INFO     [random:random_seed5] epoch 0046  count_mse=0.0299  count_rel_err_2q=0.151
2026-10-09 06:18:24,042  gsv3.training             INFO     [random:random_seed5] epoch 0046  region_bce=0.1161  dist_mse=0.0872  region_overlap=0.900
2026-10-09 06:18:24,042  gsv3.training             INFO     [random:random_seed5] epoch 0046  train_log_mse=0.00411  val_log_mse=0.06915  val_mse=0.000528  max_grad=0.94  patience=1/30
2026-10-09 06:19:39,180  gsv3.training             INFO     [random:random_seed5] epoch 0047  count_mse=0.0301  count_rel_err_2q=0.152
2026-10-09 06:19:39,181  gsv3.training             INFO     [random:random_seed5] epoch 0047  region_bce=0.1165  dist_mse=0.0878  region_overlap=0.900
2026-10-09 06:19:39,181  gsv3.training             INFO     [random:random_seed5] epoch 0047  train_log_mse=0.00506  val_log_mse=0.08515  val_mse=0.000488  max_grad=1.24  patience=2/30
2026-10-09 06:20:54,538  gsv3.training             INFO     [random:random_seed5] epoch 0048  count_mse=0.0307  count_rel_err_2q=0.152
2026-10-09 06:20:54,539  gsv3.training             INFO     [random:random_seed5] epoch 0048  region_bce=0.1153  dist_mse=0.0875  region_overlap=0.901
2026-10-09 06:20:54,539  gsv3.training             INFO     [random:random_seed5] epoch 0048  train_log_mse=0.00460  val_log_mse=0.06312  val_mse=0.000426  max_grad=1.86  patience=3/30
2026-10-09 06:22:09,644  gsv3.training             INFO     [random:random_seed5] epoch 0049  count_mse=0.0302  count_rel_err_2q=0.153
2026-10-09 06:22:09,644  gsv3.training             INFO     [random:random_seed5] epoch 0049  region_bce=0.1151  dist_mse=0.0872  region_overlap=0.901
2026-10-09 06:22:09,644  gsv3.training             INFO     [random:random_seed5] epoch 0049  train_log_mse=0.00468  val_log_mse=0.05580  val_mse=0.000445  max_grad=4.91  patience=4/30
2026-10-09 06:23:24,819  gsv3.training             INFO     [random:random_seed5] epoch 0050  count_mse=0.0306  count_rel_err_2q=0.154
2026-10-09 06:23:24,819  gsv3.training             INFO     [random:random_seed5] epoch 0050  region_bce=0.1188  dist_mse=0.0883  region_overlap=0.900
2026-10-09 06:23:24,819  gsv3.training             INFO     [random:random_seed5] epoch 0050  train_log_mse=0.00590  val_log_mse=0.12002  val_mse=0.000615  max_grad=6.86  patience=5/30
2026-10-09 06:24:40,008  gsv3.training             INFO     [random:random_seed5] epoch 0051  count_mse=0.0313  count_rel_err_2q=0.155
2026-10-09 06:24:40,008  gsv3.training             INFO     [random:random_seed5] epoch 0051  region_bce=0.1253  dist_mse=0.0898  region_overlap=0.895
2026-10-09 06:24:40,008  gsv3.training             INFO     [random:random_seed5] epoch 0051  train_log_mse=0.00661  val_log_mse=0.07502  val_mse=0.000498  max_grad=3.87  patience=6/30
2026-10-09 06:25:55,079  gsv3.training             INFO     [random:random_seed5] epoch 0052  count_mse=0.0295  count_rel_err_2q=0.151
2026-10-09 06:25:55,079  gsv3.training             INFO     [random:random_seed5] epoch 0052  region_bce=0.1092  dist_mse=0.0859  region_overlap=0.904
2026-10-09 06:25:55,079  gsv3.training             INFO     [random:random_seed5] epoch 0052  train_log_mse=0.00432  val_log_mse=0.06260  val_mse=0.000445  max_grad=0.86  patience=7/30
2026-10-09 06:27:10,095  gsv3.training             INFO     [random:random_seed5] epoch 0053  count_mse=0.0291  count_rel_err_2q=0.150
2026-10-09 06:27:10,095  gsv3.training             INFO     [random:random_seed5] epoch 0053  region_bce=0.1056  dist_mse=0.0853  region_overlap=0.907
2026-10-09 06:27:10,095  gsv3.training             INFO     [random:random_seed5] epoch 0053  train_log_mse=0.00484  val_log_mse=0.05939  val_mse=0.000435  max_grad=1.57  patience=8/30
2026-10-09 06:28:25,108  gsv3.training             INFO     [random:random_seed5] epoch 0054  count_mse=0.0283  count_rel_err_2q=0.150
2026-10-09 06:28:25,108  gsv3.training             INFO     [random:random_seed5] epoch 0054  region_bce=0.1032  dist_mse=0.0847  region_overlap=0.908
2026-10-09 06:28:25,110  gsv3.training             INFO     [random:random_seed5] epoch 0054  train_log_mse=0.00436  val_log_mse=0.05853  val_mse=0.000415  max_grad=1.74  patience=0/30
2026-10-09 06:29:39,783  gsv3.training             INFO     [random:random_seed5] epoch 0055  count_mse=0.0276  count_rel_err_2q=0.149
2026-10-09 06:29:39,783  gsv3.training             INFO     [random:random_seed5] epoch 0055  region_bce=0.0958  dist_mse=0.0834  region_overlap=0.912
2026-10-09 06:29:39,785  gsv3.training             INFO     [random:random_seed5] epoch 0055  train_log_mse=0.00345  val_log_mse=0.05961  val_mse=0.000402  max_grad=0.54  patience=0/30
2026-10-09 06:30:54,551  gsv3.training             INFO     [random:random_seed5] epoch 0056  count_mse=0.0278  count_rel_err_2q=0.150
2026-10-09 06:30:54,552  gsv3.training             INFO     [random:random_seed5] epoch 0056  region_bce=0.0978  dist_mse=0.0838  region_overlap=0.911
2026-10-09 06:30:54,552  gsv3.training             INFO     [random:random_seed5] epoch 0056  train_log_mse=0.00420  val_log_mse=0.08357  val_mse=0.000434  max_grad=0.89  patience=1/30
2026-10-09 06:32:09,242  gsv3.training             INFO     [random:random_seed5] epoch 0057  count_mse=0.0279  count_rel_err_2q=0.152
2026-10-09 06:32:09,242  gsv3.training             INFO     [random:random_seed5] epoch 0057  region_bce=0.0964  dist_mse=0.0834  region_overlap=0.912
2026-10-09 06:32:09,242  gsv3.training             INFO     [random:random_seed5] epoch 0057  train_log_mse=0.00431  val_log_mse=0.06150  val_mse=0.000419  max_grad=1.16  patience=2/30
2026-10-09 06:33:24,008  gsv3.training             INFO     [random:random_seed5] epoch 0058  count_mse=0.0278  count_rel_err_2q=0.150
2026-10-09 06:33:24,009  gsv3.training             INFO     [random:random_seed5] epoch 0058  region_bce=0.0942  dist_mse=0.0830  region_overlap=0.913
2026-10-09 06:33:24,009  gsv3.training             INFO     [random:random_seed5] epoch 0058  train_log_mse=0.00425  val_log_mse=0.09503  val_mse=0.000476  max_grad=1.08  patience=3/30
2026-10-09 06:34:39,034  gsv3.training             INFO     [random:random_seed5] epoch 0059  count_mse=0.0275  count_rel_err_2q=0.150
2026-10-09 06:34:39,035  gsv3.training             INFO     [random:random_seed5] epoch 0059  region_bce=0.0927  dist_mse=0.0829  region_overlap=0.914
2026-10-09 06:34:39,037  gsv3.training             INFO     [random:random_seed5] epoch 0059  train_log_mse=0.00396  val_log_mse=0.05743  val_mse=0.000400  max_grad=1.07  patience=0/30
2026-10-09 06:35:53,971  gsv3.training             INFO     [random:random_seed5] epoch 0060  count_mse=0.0271  count_rel_err_2q=0.149
2026-10-09 06:35:53,972  gsv3.training             INFO     [random:random_seed5] epoch 0060  region_bce=0.0897  dist_mse=0.0819  region_overlap=0.916
2026-10-09 06:35:53,972  gsv3.training             INFO     [random:random_seed5] epoch 0060  train_log_mse=0.00395  val_log_mse=0.07344  val_mse=0.000460  max_grad=0.96  patience=1/30
2026-10-09 06:37:09,144  gsv3.training             INFO     [random:random_seed5] epoch 0061  count_mse=0.0270  count_rel_err_2q=0.149
2026-10-09 06:37:09,144  gsv3.training             INFO     [random:random_seed5] epoch 0061  region_bce=0.0877  dist_mse=0.0813  region_overlap=0.917
2026-10-09 06:37:09,144  gsv3.training             INFO     [random:random_seed5] epoch 0061  train_log_mse=0.00369  val_log_mse=0.05457  val_mse=0.000419  max_grad=0.79  patience=2/30
2026-10-09 06:38:24,574  gsv3.training             INFO     [random:random_seed5] epoch 0062  count_mse=0.0264  count_rel_err_2q=0.149
2026-10-09 06:38:24,575  gsv3.training             INFO     [random:random_seed5] epoch 0062  region_bce=0.0847  dist_mse=0.0809  region_overlap=0.919
2026-10-09 06:38:24,575  gsv3.training             INFO     [random:random_seed5] epoch 0062  train_log_mse=0.00369  val_log_mse=0.05314  val_mse=0.000403  max_grad=0.74  patience=3/30
2026-10-09 06:39:39,668  gsv3.training             INFO     [random:random_seed5] epoch 0063  count_mse=0.0263  count_rel_err_2q=0.149
2026-10-09 06:39:39,669  gsv3.training             INFO     [random:random_seed5] epoch 0063  region_bce=0.0845  dist_mse=0.0804  region_overlap=0.919
2026-10-09 06:39:39,669  gsv3.training             INFO     [random:random_seed5] epoch 0063  train_log_mse=0.00351  val_log_mse=0.05280  val_mse=0.000402  max_grad=0.60  patience=4/30
2026-10-09 06:40:54,902  gsv3.training             INFO     [random:random_seed5] epoch 0064  count_mse=0.0265  count_rel_err_2q=0.150
2026-10-09 06:40:54,902  gsv3.training             INFO     [random:random_seed5] epoch 0064  region_bce=0.0848  dist_mse=0.0811  region_overlap=0.919
2026-10-09 06:40:54,902  gsv3.training             INFO     [random:random_seed5] epoch 0064  train_log_mse=0.00379  val_log_mse=0.06839  val_mse=0.000462  max_grad=1.00  patience=5/30
2026-10-09 06:42:09,806  gsv3.training             INFO     [random:random_seed5] epoch 0065  count_mse=0.0285  count_rel_err_2q=0.154
2026-10-09 06:42:09,806  gsv3.training             INFO     [random:random_seed5] epoch 0065  region_bce=0.0921  dist_mse=0.0830  region_overlap=0.915
2026-10-09 06:42:09,808  gsv3.training             INFO     [random:random_seed5] epoch 0065  train_log_mse=0.00544  val_log_mse=0.06599  val_mse=0.000381  max_grad=2.34  patience=0/30
2026-10-09 06:43:24,665  gsv3.training             INFO     [random:random_seed5] epoch 0066  count_mse=0.0262  count_rel_err_2q=0.148
2026-10-09 06:43:24,665  gsv3.training             INFO     [random:random_seed5] epoch 0066  region_bce=0.0805  dist_mse=0.0800  region_overlap=0.921
2026-10-09 06:43:24,666  gsv3.training             INFO     [random:random_seed5] epoch 0066  train_log_mse=0.00364  val_log_mse=0.06403  val_mse=0.000437  max_grad=0.96  patience=1/30
2026-10-09 06:44:40,238  gsv3.training             INFO     [random:random_seed5] epoch 0067  count_mse=0.0259  count_rel_err_2q=0.149
2026-10-09 06:44:40,238  gsv3.training             INFO     [random:random_seed5] epoch 0067  region_bce=0.0769  dist_mse=0.0793  region_overlap=0.924
2026-10-09 06:44:40,238  gsv3.training             INFO     [random:random_seed5] epoch 0067  train_log_mse=0.00352  val_log_mse=0.10537  val_mse=0.000455  max_grad=0.69  patience=2/30
2026-10-09 06:45:55,853  gsv3.training             INFO     [random:random_seed5] epoch 0068  count_mse=0.0269  count_rel_err_2q=0.150
2026-10-09 06:45:55,853  gsv3.training             INFO     [random:random_seed5] epoch 0068  region_bce=0.0833  dist_mse=0.0805  region_overlap=0.921
2026-10-09 06:45:55,853  gsv3.training             INFO     [random:random_seed5] epoch 0068  train_log_mse=0.00507  val_log_mse=0.06121  val_mse=0.000406  max_grad=1.44  patience=3/30
2026-10-09 06:47:11,388  gsv3.training             INFO     [random:random_seed5] epoch 0069  count_mse=0.0257  count_rel_err_2q=0.149
2026-10-09 06:47:11,388  gsv3.training             INFO     [random:random_seed5] epoch 0069  region_bce=0.0736  dist_mse=0.0783  region_overlap=0.926
2026-10-09 06:47:11,390  gsv3.training             INFO     [random:random_seed5] epoch 0069  train_log_mse=0.00345  val_log_mse=0.05519  val_mse=0.000364  max_grad=0.90  patience=0/30
2026-10-09 06:48:27,097  gsv3.training             INFO     [random:random_seed5] epoch 0070  count_mse=0.0254  count_rel_err_2q=0.149
2026-10-09 06:48:27,098  gsv3.training             INFO     [random:random_seed5] epoch 0070  region_bce=0.0724  dist_mse=0.0777  region_overlap=0.927
2026-10-09 06:48:27,098  gsv3.training             INFO     [random:random_seed5] epoch 0070  train_log_mse=0.00326  val_log_mse=0.07973  val_mse=0.000400  max_grad=0.61  patience=1/30
2026-10-09 06:49:42,630  gsv3.training             INFO     [random:random_seed5] epoch 0071  count_mse=0.0254  count_rel_err_2q=0.148
2026-10-09 06:49:42,631  gsv3.training             INFO     [random:random_seed5] epoch 0071  region_bce=0.0727  dist_mse=0.0780  region_overlap=0.927
2026-10-09 06:49:42,631  gsv3.training             INFO     [random:random_seed5] epoch 0071  train_log_mse=0.00363  val_log_mse=0.06422  val_mse=0.000428  max_grad=0.68  patience=2/30
2026-10-09 06:50:58,260  gsv3.training             INFO     [random:random_seed5] epoch 0072  count_mse=0.0254  count_rel_err_2q=0.148
2026-10-09 06:50:58,261  gsv3.training             INFO     [random:random_seed5] epoch 0072  region_bce=0.0735  dist_mse=0.0775  region_overlap=0.926
2026-10-09 06:50:58,261  gsv3.training             INFO     [random:random_seed5] epoch 0072  train_log_mse=0.00369  val_log_mse=0.06061  val_mse=0.000413  max_grad=0.61  patience=3/30
2026-10-09 06:52:13,861  gsv3.training             INFO     [random:random_seed5] epoch 0073  count_mse=0.0256  count_rel_err_2q=0.148
2026-10-09 06:52:13,861  gsv3.training             INFO     [random:random_seed5] epoch 0073  region_bce=0.0727  dist_mse=0.0773  region_overlap=0.927
2026-10-09 06:52:13,861  gsv3.training             INFO     [random:random_seed5] epoch 0073  train_log_mse=0.00380  val_log_mse=0.05896  val_mse=0.000388  max_grad=1.03  patience=4/30
2026-10-09 06:53:29,435  gsv3.training             INFO     [random:random_seed5] epoch 0074  count_mse=0.0252  count_rel_err_2q=0.148
2026-10-09 06:53:29,435  gsv3.training             INFO     [random:random_seed5] epoch 0074  region_bce=0.0693  dist_mse=0.0766  region_overlap=0.929
2026-10-09 06:53:29,435  gsv3.training             INFO     [random:random_seed5] epoch 0074  train_log_mse=0.00349  val_log_mse=0.05960  val_mse=0.000389  max_grad=0.67  patience=5/30
2026-10-09 06:54:45,089  gsv3.training             INFO     [random:random_seed5] epoch 0075  count_mse=0.0249  count_rel_err_2q=0.148
2026-10-09 06:54:45,089  gsv3.training             INFO     [random:random_seed5] epoch 0075  region_bce=0.0675  dist_mse=0.0758  region_overlap=0.930
2026-10-09 06:54:45,089  gsv3.training             INFO     [random:random_seed5] epoch 0075  train_log_mse=0.00334  val_log_mse=0.07410  val_mse=0.000460  max_grad=0.86  patience=6/30
2026-10-09 06:56:00,731  gsv3.training             INFO     [random:random_seed5] epoch 0076  count_mse=0.0254  count_rel_err_2q=0.148
2026-10-09 06:56:00,731  gsv3.training             INFO     [random:random_seed5] epoch 0076  region_bce=0.0698  dist_mse=0.0770  region_overlap=0.929
2026-10-09 06:56:00,731  gsv3.training             INFO     [random:random_seed5] epoch 0076  train_log_mse=0.00427  val_log_mse=0.06811  val_mse=0.000451  max_grad=0.87  patience=7/30
2026-10-09 06:57:16,225  gsv3.training             INFO     [random:random_seed5] epoch 0077  count_mse=0.0255  count_rel_err_2q=0.148
2026-10-09 06:57:16,226  gsv3.training             INFO     [random:random_seed5] epoch 0077  region_bce=0.0722  dist_mse=0.0770  region_overlap=0.927
2026-10-09 06:57:16,226  gsv3.training             INFO     [random:random_seed5] epoch 0077  train_log_mse=0.00406  val_log_mse=0.10157  val_mse=0.000532  max_grad=8.79  patience=8/30
2026-10-09 06:58:31,407  gsv3.training             INFO     [random:random_seed5] epoch 0078  count_mse=0.0297  count_rel_err_2q=0.155
2026-10-09 06:58:31,407  gsv3.training             INFO     [random:random_seed5] epoch 0078  region_bce=0.0891  dist_mse=0.0820  region_overlap=0.918
2026-10-09 06:58:31,407  gsv3.training             INFO     [random:random_seed5] epoch 0078  train_log_mse=0.00791  val_log_mse=0.09937  val_mse=0.000485  max_grad=5.21  patience=9/30
2026-10-09 06:59:43,504  gsv3.training             INFO     [random:random_seed5] epoch 0079  count_mse=0.0253  count_rel_err_2q=0.149
2026-10-09 06:59:43,505  gsv3.training             INFO     [random:random_seed5] epoch 0079  region_bce=0.0657  dist_mse=0.0762  region_overlap=0.931
2026-10-09 06:59:43,505  gsv3.training             INFO     [random:random_seed5] epoch 0079  train_log_mse=0.00404  val_log_mse=0.06784  val_mse=0.000398  max_grad=0.71  patience=10/30
2026-10-09 07:00:52,809  gsv3.training             INFO     [random:random_seed5] epoch 0080  count_mse=0.0254  count_rel_err_2q=0.149
2026-10-09 07:00:52,809  gsv3.training             INFO     [random:random_seed5] epoch 0080  region_bce=0.0693  dist_mse=0.0765  region_overlap=0.929
2026-10-09 07:00:52,809  gsv3.training             INFO     [random:random_seed5] epoch 0080  train_log_mse=0.00439  val_log_mse=0.08449  val_mse=0.000485  max_grad=2.86  patience=11/30
2026-10-09 07:02:02,242  gsv3.training             INFO     [random:random_seed5] epoch 0081  count_mse=0.0258  count_rel_err_2q=0.152
2026-10-09 07:02:02,243  gsv3.training             INFO     [random:random_seed5] epoch 0081  region_bce=0.0778  dist_mse=0.0783  region_overlap=0.924
2026-10-09 07:02:02,243  gsv3.training             INFO     [random:random_seed5] epoch 0081  train_log_mse=0.00665  val_log_mse=0.07122  val_mse=0.000445  max_grad=34.49  patience=12/30
2026-10-09 07:03:11,791  gsv3.training             INFO     [random:random_seed5] epoch 0082  count_mse=0.0250  count_rel_err_2q=0.149
2026-10-09 07:03:11,791  gsv3.training             INFO     [random:random_seed5] epoch 0082  region_bce=0.0637  dist_mse=0.0751  region_overlap=0.933
2026-10-09 07:03:11,791  gsv3.training             INFO     [random:random_seed5] epoch 0082  train_log_mse=0.00377  val_log_mse=0.06466  val_mse=0.000380  max_grad=1.81  patience=13/30
2026-10-09 07:04:21,280  gsv3.training             INFO     [random:random_seed5] epoch 0083  count_mse=0.0248  count_rel_err_2q=0.149
2026-10-09 07:04:21,281  gsv3.training             INFO     [random:random_seed5] epoch 0083  region_bce=0.0664  dist_mse=0.0754  region_overlap=0.931
2026-10-09 07:04:21,281  gsv3.training             INFO     [random:random_seed5] epoch 0083  train_log_mse=0.00411  val_log_mse=0.07418  val_mse=0.000411  max_grad=28.87  patience=14/30
2026-10-09 07:05:30,509  gsv3.training             INFO     [random:random_seed5] epoch 0084  count_mse=0.0249  count_rel_err_2q=0.148
2026-10-09 07:05:30,510  gsv3.training             INFO     [random:random_seed5] epoch 0084  region_bce=0.0628  dist_mse=0.0744  region_overlap=0.933
2026-10-09 07:05:30,510  gsv3.training             INFO     [random:random_seed5] epoch 0084  train_log_mse=0.00391  val_log_mse=0.05909  val_mse=0.000382  max_grad=1.17  patience=15/30
2026-10-09 07:06:39,881  gsv3.training             INFO     [random:random_seed5] epoch 0085  count_mse=0.0242  count_rel_err_2q=0.146
2026-10-09 07:06:39,881  gsv3.training             INFO     [random:random_seed5] epoch 0085  region_bce=0.0590  dist_mse=0.0730  region_overlap=0.935
2026-10-09 07:06:39,881  gsv3.training             INFO     [random:random_seed5] epoch 0085  train_log_mse=0.00315  val_log_mse=0.06809  val_mse=0.000412  max_grad=0.58  patience=16/30
2026-10-09 07:07:49,753  gsv3.training             INFO     [random:random_seed5] epoch 0086  count_mse=0.0241  count_rel_err_2q=0.146
2026-10-09 07:07:49,753  gsv3.training             INFO     [random:random_seed5] epoch 0086  region_bce=0.0575  dist_mse=0.0726  region_overlap=0.937
2026-10-09 07:07:49,754  gsv3.training             INFO     [random:random_seed5] epoch 0086  train_log_mse=0.00307  val_log_mse=0.06546  val_mse=0.000392  max_grad=0.65  patience=17/30
2026-10-09 07:08:59,718  gsv3.training             INFO     [random:random_seed5] epoch 0087  count_mse=0.0240  count_rel_err_2q=0.145
2026-10-09 07:08:59,719  gsv3.training             INFO     [random:random_seed5] epoch 0087  region_bce=0.0579  dist_mse=0.0725  region_overlap=0.937
2026-10-09 07:08:59,719  gsv3.training             INFO     [random:random_seed5] epoch 0087  train_log_mse=0.00327  val_log_mse=0.06871  val_mse=0.000384  max_grad=0.63  patience=18/30
2026-10-09 07:10:08,817  gsv3.training             INFO     [random:random_seed5] epoch 0088  count_mse=0.0239  count_rel_err_2q=0.145
2026-10-09 07:10:08,817  gsv3.training             INFO     [random:random_seed5] epoch 0088  region_bce=0.0568  dist_mse=0.0719  region_overlap=0.937
2026-10-09 07:10:08,817  gsv3.training             INFO     [random:random_seed5] epoch 0088  train_log_mse=0.00309  val_log_mse=0.05924  val_mse=0.000395  max_grad=0.58  patience=19/30
2026-10-09 07:11:18,657  gsv3.training             INFO     [random:random_seed5] epoch 0089  count_mse=0.0244  count_rel_err_2q=0.147
2026-10-09 07:11:18,657  gsv3.training             INFO     [random:random_seed5] epoch 0089  region_bce=0.0599  dist_mse=0.0728  region_overlap=0.935
2026-10-09 07:11:18,658  gsv3.training             INFO     [random:random_seed5] epoch 0089  train_log_mse=0.00399  val_log_mse=0.10202  val_mse=0.000461  max_grad=1.05  patience=20/30
2026-10-09 07:12:27,928  gsv3.training             INFO     [random:random_seed5] epoch 0090  count_mse=0.0246  count_rel_err_2q=0.147
2026-10-09 07:12:27,929  gsv3.training             INFO     [random:random_seed5] epoch 0090  region_bce=0.0648  dist_mse=0.0735  region_overlap=0.933
2026-10-09 07:12:27,929  gsv3.training             INFO     [random:random_seed5] epoch 0090  train_log_mse=0.00360  val_log_mse=0.06345  val_mse=0.000438  max_grad=0.67  patience=21/30
2026-10-09 07:13:37,117  gsv3.training             INFO     [random:random_seed5] epoch 0091  count_mse=0.0240  count_rel_err_2q=0.145
2026-10-09 07:13:37,117  gsv3.training             INFO     [random:random_seed5] epoch 0091  region_bce=0.0581  dist_mse=0.0720  region_overlap=0.936
2026-10-09 07:13:37,117  gsv3.training             INFO     [random:random_seed5] epoch 0091  train_log_mse=0.00344  val_log_mse=0.05961  val_mse=0.000417  max_grad=1.94  patience=22/30
2026-10-09 07:14:47,155  gsv3.training             INFO     [random:random_seed5] epoch 0092  count_mse=0.0241  count_rel_err_2q=0.146
2026-10-09 07:14:47,156  gsv3.training             INFO     [random:random_seed5] epoch 0092  region_bce=0.0591  dist_mse=0.0721  region_overlap=0.936
2026-10-09 07:14:47,156  gsv3.training             INFO     [random:random_seed5] epoch 0092  train_log_mse=0.00354  val_log_mse=0.06378  val_mse=0.000429  max_grad=1.09  patience=23/30
2026-10-09 07:15:57,017  gsv3.training             INFO     [random:random_seed5] epoch 0093  count_mse=0.0235  count_rel_err_2q=0.145
2026-10-09 07:15:57,017  gsv3.training             INFO     [random:random_seed5] epoch 0093  region_bce=0.0562  dist_mse=0.0711  region_overlap=0.938
2026-10-09 07:15:57,017  gsv3.training             INFO     [random:random_seed5] epoch 0093  train_log_mse=0.00342  val_log_mse=0.11600  val_mse=0.000449  max_grad=0.81  patience=24/30
2026-10-09 07:17:06,794  gsv3.training             INFO     [random:random_seed5] epoch 0094  count_mse=0.0254  count_rel_err_2q=0.149
2026-10-09 07:17:06,794  gsv3.training             INFO     [random:random_seed5] epoch 0094  region_bce=0.0689  dist_mse=0.0756  region_overlap=0.930
2026-10-09 07:17:06,794  gsv3.training             INFO     [random:random_seed5] epoch 0094  train_log_mse=0.00550  val_log_mse=0.06716  val_mse=0.000415  max_grad=2.06  patience=25/30
2026-10-09 07:18:16,542  gsv3.training             INFO     [random:random_seed5] epoch 0095  count_mse=0.0233  count_rel_err_2q=0.144
2026-10-09 07:18:16,542  gsv3.training             INFO     [random:random_seed5] epoch 0095  region_bce=0.0524  dist_mse=0.0701  region_overlap=0.940
2026-10-09 07:18:16,542  gsv3.training             INFO     [random:random_seed5] epoch 0095  train_log_mse=0.00267  val_log_mse=0.05716  val_mse=0.000372  max_grad=0.35  patience=26/30
2026-10-09 07:19:26,077  gsv3.training             INFO     [random:random_seed5] epoch 0096  count_mse=0.0231  count_rel_err_2q=0.143
2026-10-09 07:19:26,084  gsv3.training             INFO     [random:random_seed5] epoch 0096  region_bce=0.0513  dist_mse=0.0692  region_overlap=0.941
2026-10-09 07:19:26,084  gsv3.training             INFO     [random:random_seed5] epoch 0096  train_log_mse=0.00275  val_log_mse=0.06355  val_mse=0.000404  max_grad=0.54  patience=27/30
2026-10-09 07:20:35,514  gsv3.training             INFO     [random:random_seed5] epoch 0097  count_mse=0.0229  count_rel_err_2q=0.143
2026-10-09 07:20:35,514  gsv3.training             INFO     [random:random_seed5] epoch 0097  region_bce=0.0494  dist_mse=0.0687  region_overlap=0.942
2026-10-09 07:20:35,514  gsv3.training             INFO     [random:random_seed5] epoch 0097  train_log_mse=0.00274  val_log_mse=0.06635  val_mse=0.000388  max_grad=0.86  patience=28/30
2026-10-09 07:21:44,736  gsv3.training             INFO     [random:random_seed5] epoch 0098  count_mse=0.0232  count_rel_err_2q=0.143
2026-10-09 07:21:44,736  gsv3.training             INFO     [random:random_seed5] epoch 0098  region_bce=0.0536  dist_mse=0.0696  region_overlap=0.940
2026-10-09 07:21:44,736  gsv3.training             INFO     [random:random_seed5] epoch 0098  train_log_mse=0.00309  val_log_mse=0.06512  val_mse=0.000415  max_grad=0.50  patience=29/30
2026-10-09 07:22:54,239  gsv3.training             INFO     [random:random_seed5] epoch 0099  count_mse=0.0234  count_rel_err_2q=0.144
2026-10-09 07:22:54,239  gsv3.training             INFO     [random:random_seed5] epoch 0099  region_bce=0.0534  dist_mse=0.0696  region_overlap=0.940
2026-10-09 07:22:54,239  gsv3.training             INFO     [random:random_seed5] epoch 0099  train_log_mse=0.00318  val_log_mse=0.06471  val_mse=0.000419  max_grad=0.68  patience=30/30
2026-10-09 07:23:05,688  gsv3.experiment           INFO     [random_seed5] TEST  n=5117  MAE=0.0109  R2=0.9957  device-acc=0.752  regret=0.0025
2026-10-09 07:23:05,692  genstudy.io               INFO     Wrote evaluations/generalization_v8/results/v8a_c01/random_control/random_seed5/metrics.json
2026-10-09 07:23:05,720  genstudy.io               INFO     Wrote evaluations/generalization_v8/results/v8a_c01/random_control/random_seed5/predictions.json
2026-10-09 07:23:05,734  genstudy.io               INFO     Wrote evaluations/generalization_v8/results/v8a_c01/random_control/random_seed5/history.json
2026-10-09 07:23:05,755  run_experiment            INFO     random_control finished: 1 complete, 0 skipped
