2026-10-08 05:42:15,156  genstudy.io               INFO     Logging to evaluations/generalization_v3/results/xattn_a00_s7/leave_one_group_out/run.log
2026-10-08 05:42:15,156  run_experiment            INFO     Command line: evaluations/generalization_v3/scripts/run_experiment.py logo --model xattn --balance-alpha 0 --lr 3e-4 --grad-clip 1.0 --seed 7 --families large --groups vqe --results-dir evaluations/generalization_v3/results/xattn_a00_s7
2026-10-08 05:42:15,156  gsv2.gpu                  WARNING  No CUDA device available — running on the CPU.
2026-10-08 05:42:15,157  gsv3.model                INFO     Hyper-parameters (/home/atudisco/pred-distr-tool/src/model/best_params.json + v3 defaults): {'device_hidden': 64, 'device_layers': 3, 'fusion_dim': 128, 'qubit_layers': 2, 'attn_heads': 4, 'lap_pe': 8, 'cost_bias_init': -6.0, 'hidden_dim': 142, 'num_conv_wo_resnet': 3, 'num_resnet_layers': 1, 'dropout': 0.0, 'bidirectional': True, 'mlp': [512, 256, 128], 'lr': 0.001, 'readout': 'meanmaxsum'}
2026-10-08 05:42:15,159  genstudy.io               INFO     Logging to evaluations/generalization_v3/results/xattn_a00_s7/leave_one_group_out/run.log
2026-10-08 05:42:15,160  run_experiment            INFO     Command line: evaluations/generalization_v3/scripts/run_experiment.py logo --model xattn --balance-alpha 0 --lr 3e-4 --grad-clip 1.0 --seed 7 --families large --groups fourier --results-dir evaluations/generalization_v3/results/xattn_a00_s7
2026-10-08 05:42:15,160  gsv2.gpu                  WARNING  No CUDA device available — running on the CPU.
2026-10-08 05:42:15,160  gsv3.model                INFO     Hyper-parameters (/home/atudisco/pred-distr-tool/src/model/best_params.json + v3 defaults): {'device_hidden': 64, 'device_layers': 3, 'fusion_dim': 128, 'qubit_layers': 2, 'attn_heads': 4, 'lap_pe': 8, 'cost_bias_init': -6.0, 'hidden_dim': 142, 'num_conv_wo_resnet': 3, 'num_resnet_layers': 1, 'dropout': 0.0, 'bidirectional': True, 'mlp': [512, 256, 128], 'lr': 0.001, 'readout': 'meanmaxsum'}
2026-10-08 05:42:15,228  gsv3.devices              INFO     Device graphs: node features 13 (Laplacian PE 8), physical errors False
2026-10-08 05:42:15,229  genstudy.data             INFO     Loading graph dataset: /home/atudisco/pred-distr-tool/evaluations/generalization_v3/data/graph_dataset_expected_fidelity.pt
2026-10-08 05:42:15,270  genstudy.io               INFO     Logging to evaluations/generalization_v3/results/xattn_a00_s7/leave_one_group_out/run.log
2026-10-08 05:42:15,270  run_experiment            INFO     Command line: evaluations/generalization_v3/scripts/run_experiment.py logo --model xattn --balance-alpha 0 --lr 3e-4 --grad-clip 1.0 --seed 7 --families large --groups variational --results-dir evaluations/generalization_v3/results/xattn_a00_s7
2026-10-08 05:42:15,270  gsv2.gpu                  WARNING  No CUDA device available — running on the CPU.
2026-10-08 05:42:15,271  gsv3.model                INFO     Hyper-parameters (/home/atudisco/pred-distr-tool/src/model/best_params.json + v3 defaults): {'device_hidden': 64, 'device_layers': 3, 'fusion_dim': 128, 'qubit_layers': 2, 'attn_heads': 4, 'lap_pe': 8, 'cost_bias_init': -6.0, 'hidden_dim': 142, 'num_conv_wo_resnet': 3, 'num_resnet_layers': 1, 'dropout': 0.0, 'bidirectional': True, 'mlp': [512, 256, 128], 'lr': 0.001, 'readout': 'meanmaxsum'}
2026-10-08 05:42:15,273  gsv3.devices              INFO     Device graphs: node features 13 (Laplacian PE 8), physical errors False
2026-10-08 05:42:15,274  genstudy.data             INFO     Loading graph dataset: /home/atudisco/pred-distr-tool/evaluations/generalization_v3/data/graph_dataset_expected_fidelity.pt
2026-10-08 05:42:15,279  gsv3.devices              INFO     Device graphs: node features 13 (Laplacian PE 8), physical errors False
2026-10-08 05:42:15,280  genstudy.data             INFO     Loading graph dataset: /home/atudisco/pred-distr-tool/evaluations/generalization_v3/data/graph_dataset_expected_fidelity.pt
2026-10-08 05:42:20,014  genstudy.data             INFO     Loaded 17056 graphs
2026-10-08 05:42:20,022  genstudy.data             INFO     Loaded 17056 graphs
2026-10-08 05:42:20,022  genstudy.data             INFO     Loaded 17056 graphs
2026-10-08 05:42:20,045  genstudy.io               INFO     Wrote evaluations/generalization_v3/results/xattn_a00_s7/leave_one_group_out/dataset_summary.json
2026-10-08 05:42:20,048  run_experiment            INFO     [1/1] variational
2026-10-08 05:42:20,051  gsv3.experiment           INFO     === group_holdout / variational ===
2026-10-08 05:42:20,051  gsv3.experiment           INFO     Leave-one-group-out: test = all 9928 circuits of group 'variational' (qnn, vqe_real_amp, vqe_su2, vqe_two_local), train = 7128 circuits from the other 31 families.
2026-10-08 05:42:20,052  gsv3.experiment           INFO     train=6204  val=924 ({'mode': 'family', 'val_families': ['bmw_quark_cardinality', 'bmw_quark_copula', 'bv', 'cdkm_ripple_carry_adder', 'dj', 'draper_qft_adder', 'dynamic_qft', 'full_adder', 'ghz', 'ghz_dynamic', 'graphstate', 'grover', 'half_adder', 'hhl', 'hrs_cumulative_multiplier', 'iqpe', 'modular_adder', 'multiplier', 'qpeexact', 'qpeinexact', 'qwalk', 'rg_qft_multiplier', 'seven_qubit_steane_code', 'shors_nine_qubit_code', 'vbe_ripple_carry_adder', 'wstate']})  test=9928
2026-10-08 05:42:20,053  genstudy.io               INFO     Wrote evaluations/generalization_v3/results/xattn_a00_s7/leave_one_group_out/dataset_summary.json
2026-10-08 05:42:20,055  run_experiment            INFO     [1/1] vqe
2026-10-08 05:42:20,058  gsv3.experiment           INFO     === group_holdout / vqe ===
2026-10-08 05:42:20,058  gsv3.experiment           INFO     Leave-one-group-out: test = all 9168 circuits of group 'vqe' (vqe_real_amp, vqe_su2, vqe_two_local), train = 7888 circuits from the other 32 families.
2026-10-08 05:42:20,059  gsv3.experiment           INFO     train=6186  val=1702 ({'mode': 'family', 'val_families': ['ae', 'bv', 'cdkm_ripple_carry_adder', 'grover', 'half_adder', 'hhl', 'modular_adder', 'multiplier', 'qft', 'qpeexact', 'qwalk', 'shors_nine_qubit_code', 'vbe_ripple_carry_adder']})  test=9168
2026-10-08 05:42:20,059  genstudy.io               INFO     Wrote evaluations/generalization_v3/results/xattn_a00_s7/leave_one_group_out/dataset_summary.json
2026-10-08 05:42:20,061  run_experiment            INFO     [1/1] fourier
2026-10-08 05:42:20,064  gsv3.experiment           INFO     === group_holdout / fourier ===
2026-10-08 05:42:20,064  gsv3.experiment           INFO     Leave-one-group-out: test = all 2904 circuits of group 'fourier' (ae, draper_qft_adder, dynamic_qft, iqpe, qft, qftentangled, qpeexact, qpeinexact, rg_qft_multiplier), train = 14152 circuits from the other 26 families.
2026-10-08 05:42:20,066  gsv3.experiment           INFO     train=11874  val=2278 ({'mode': 'family', 'val_families': ['bmw_quark_cardinality', 'bmw_quark_copula', 'bv', 'cdkm_ripple_carry_adder', 'dj', 'full_adder', 'ghz', 'ghz_dynamic', 'graphstate', 'grover', 'half_adder', 'hhl', 'hrs_cumulative_multiplier', 'modular_adder', 'multiplier', 'qnn', 'qwalk', 'randomcircuit', 'seven_qubit_steane_code', 'shors_nine_qubit_code', 'vbe_ripple_carry_adder', 'wstate']})  test=2904
2026-10-08 05:42:20,341  gsv3.training             INFO     [group_holdout:fourier] model=xattn (945113 params) train=11874 val=2278 lr=0.0003 clip=1.0 alpha=0.00
2026-10-08 05:42:20,445  gsv3.training             INFO     [group_holdout:vqe] model=xattn (945113 params) train=6186 val=1702 lr=0.0003 clip=1.0 alpha=0.00
2026-10-08 05:42:20,445  gsv3.training             INFO     [group_holdout:variational] model=xattn (945113 params) train=6204 val=924 lr=0.0003 clip=1.0 alpha=0.00
2026-10-08 05:43:18,517  gsv3.training             INFO     [group_holdout:vqe] epoch 0001  train_log_mse=6.54362  val_log_mse=10.68385  val_mse=0.006797  max_grad=7524.21  patience=0/30
2026-10-08 05:43:19,542  gsv3.training             INFO     [group_holdout:variational] epoch 0001  train_log_mse=9.57873  val_log_mse=6.49285  val_mse=0.074340  max_grad=7850.17  patience=0/30
2026-10-08 05:43:42,906  gsv3.training             INFO     [group_holdout:fourier] epoch 0001  train_log_mse=2.39722  val_log_mse=4.46050  val_mse=0.032046  max_grad=5017.31  patience=0/30
2026-10-08 05:44:16,819  gsv3.training             INFO     [group_holdout:vqe] epoch 0002  train_log_mse=1.14141  val_log_mse=8.06008  val_mse=0.005618  max_grad=408.92  patience=0/30
2026-10-08 05:44:18,975  gsv3.training             INFO     [group_holdout:variational] epoch 0002  train_log_mse=1.61783  val_log_mse=9.97172  val_mse=0.041801  max_grad=379.41  patience=0/30
2026-10-08 05:45:06,731  gsv3.training             INFO     [group_holdout:fourier] epoch 0002  train_log_mse=0.39707  val_log_mse=4.13542  val_mse=0.031497  max_grad=246.29  patience=0/30
2026-10-08 05:45:15,752  gsv3.training             INFO     [group_holdout:vqe] epoch 0003  train_log_mse=0.98518  val_log_mse=7.76432  val_mse=0.002412  max_grad=411.56  patience=0/30
2026-10-08 05:45:18,339  gsv3.training             INFO     [group_holdout:variational] epoch 0003  train_log_mse=0.93097  val_log_mse=10.01744  val_mse=0.026742  max_grad=311.52  patience=0/30
2026-10-08 05:46:14,274  gsv3.training             INFO     [group_holdout:vqe] epoch 0004  train_log_mse=0.61702  val_log_mse=9.22863  val_mse=0.003277  max_grad=241.88  patience=1/30
2026-10-08 05:46:17,326  gsv3.training             INFO     [group_holdout:variational] epoch 0004  train_log_mse=0.60498  val_log_mse=8.38291  val_mse=0.024591  max_grad=174.53  patience=0/30
2026-10-08 05:46:30,205  gsv3.training             INFO     [group_holdout:fourier] epoch 0003  train_log_mse=0.26931  val_log_mse=4.87560  val_mse=0.032353  max_grad=119.87  patience=1/30
2026-10-08 05:47:12,855  gsv3.training             INFO     [group_holdout:vqe] epoch 0005  train_log_mse=0.58611  val_log_mse=8.26422  val_mse=0.001648  max_grad=233.58  patience=0/30
2026-10-08 05:47:16,137  gsv3.training             INFO     [group_holdout:variational] epoch 0005  train_log_mse=0.57878  val_log_mse=12.08902  val_mse=0.024936  max_grad=158.70  patience=1/30
2026-10-08 05:47:53,238  gsv3.training             INFO     [group_holdout:fourier] epoch 0004  train_log_mse=0.17385  val_log_mse=4.85854  val_mse=0.032931  max_grad=87.45  patience=2/30
2026-10-08 05:48:11,707  gsv3.training             INFO     [group_holdout:vqe] epoch 0006  train_log_mse=0.53667  val_log_mse=8.77717  val_mse=0.003348  max_grad=254.28  patience=1/30
2026-10-08 05:48:15,397  gsv3.training             INFO     [group_holdout:variational] epoch 0006  train_log_mse=0.42714  val_log_mse=12.65438  val_mse=0.027705  max_grad=157.33  patience=2/30
2026-10-08 05:49:10,193  gsv3.training             INFO     [group_holdout:vqe] epoch 0007  train_log_mse=0.44254  val_log_mse=6.09211  val_mse=0.001946  max_grad=195.31  patience=2/30
2026-10-08 05:49:14,235  gsv3.training             INFO     [group_holdout:variational] epoch 0007  train_log_mse=0.42356  val_log_mse=5.51867  val_mse=0.026180  max_grad=178.08  patience=3/30
2026-10-08 05:49:16,494  gsv3.training             INFO     [group_holdout:fourier] epoch 0005  train_log_mse=0.16461  val_log_mse=4.48219  val_mse=0.030972  max_grad=86.27  patience=0/30
2026-10-08 05:50:08,497  gsv3.training             INFO     [group_holdout:vqe] epoch 0008  train_log_mse=0.56262  val_log_mse=6.32364  val_mse=0.001781  max_grad=227.81  patience=3/30
2026-10-08 05:50:12,728  gsv3.training             INFO     [group_holdout:variational] epoch 0008  train_log_mse=0.35088  val_log_mse=20.23459  val_mse=0.023411  max_grad=106.16  patience=0/30
2026-10-08 05:50:39,475  gsv3.training             INFO     [group_holdout:fourier] epoch 0006  train_log_mse=0.16433  val_log_mse=5.10843  val_mse=0.032981  max_grad=79.57  patience=1/30
2026-10-08 05:51:07,289  gsv3.training             INFO     [group_holdout:vqe] epoch 0009  train_log_mse=0.32689  val_log_mse=4.96006  val_mse=0.002243  max_grad=127.91  patience=4/30
2026-10-08 05:51:11,900  gsv3.training             INFO     [group_holdout:variational] epoch 0009  train_log_mse=0.32928  val_log_mse=10.60612  val_mse=0.021378  max_grad=126.18  patience=0/30
2026-10-08 05:52:03,167  gsv3.training             INFO     [group_holdout:fourier] epoch 0007  train_log_mse=0.10977  val_log_mse=5.00124  val_mse=0.030736  max_grad=88.01  patience=0/30
2026-10-08 05:52:05,837  gsv3.training             INFO     [group_holdout:vqe] epoch 0010  train_log_mse=0.31985  val_log_mse=8.53019  val_mse=0.001676  max_grad=148.71  patience=5/30
2026-10-08 05:52:11,067  gsv3.training             INFO     [group_holdout:variational] epoch 0010  train_log_mse=0.42950  val_log_mse=8.47363  val_mse=0.021192  max_grad=189.11  patience=0/30
2026-10-08 05:53:04,567  gsv3.training             INFO     [group_holdout:vqe] epoch 0011  train_log_mse=0.31839  val_log_mse=5.07800  val_mse=0.001859  max_grad=137.97  patience=6/30
2026-10-08 05:53:09,681  gsv3.training             INFO     [group_holdout:variational] epoch 0011  train_log_mse=0.33461  val_log_mse=8.75223  val_mse=0.021363  max_grad=126.76  patience=1/30
2026-10-08 05:53:26,094  gsv3.training             INFO     [group_holdout:fourier] epoch 0008  train_log_mse=0.13476  val_log_mse=4.77260  val_mse=0.030398  max_grad=80.82  patience=0/30
2026-10-08 05:54:02,824  gsv3.training             INFO     [group_holdout:vqe] epoch 0012  train_log_mse=0.34082  val_log_mse=7.03121  val_mse=0.001644  max_grad=95.45  patience=0/30
2026-10-08 05:54:08,577  gsv3.training             INFO     [group_holdout:variational] epoch 0012  train_log_mse=0.29970  val_log_mse=6.00369  val_mse=0.021654  max_grad=110.50  patience=2/30
2026-10-08 05:54:49,489  gsv3.training             INFO     [group_holdout:fourier] epoch 0009  train_log_mse=0.11522  val_log_mse=4.56731  val_mse=0.029699  max_grad=66.64  patience=0/30
2026-10-08 05:55:01,263  gsv3.training             INFO     [group_holdout:vqe] epoch 0013  train_log_mse=0.32200  val_log_mse=5.41758  val_mse=0.001676  max_grad=129.64  patience=1/30
2026-10-08 05:55:08,032  gsv3.training             INFO     [group_holdout:variational] epoch 0013  train_log_mse=0.24576  val_log_mse=6.83677  val_mse=0.020302  max_grad=73.21  patience=0/30
2026-10-08 05:55:59,411  gsv3.training             INFO     [group_holdout:vqe] epoch 0014  train_log_mse=0.22715  val_log_mse=7.45117  val_mse=0.001833  max_grad=78.44  patience=2/30
2026-10-08 05:56:07,219  gsv3.training             INFO     [group_holdout:variational] epoch 0014  train_log_mse=0.22488  val_log_mse=7.35322  val_mse=0.019646  max_grad=102.20  patience=0/30
2026-10-08 05:56:12,653  gsv3.training             INFO     [group_holdout:fourier] epoch 0010  train_log_mse=0.11544  val_log_mse=4.66963  val_mse=0.029636  max_grad=61.76  patience=0/30
2026-10-08 05:56:57,513  gsv3.training             INFO     [group_holdout:vqe] epoch 0015  train_log_mse=0.25854  val_log_mse=3.88086  val_mse=0.001998  max_grad=117.51  patience=3/30
2026-10-08 05:57:06,399  gsv3.training             INFO     [group_holdout:variational] epoch 0015  train_log_mse=0.24075  val_log_mse=6.63996  val_mse=0.018805  max_grad=99.06  patience=0/30
2026-10-08 05:57:34,886  gsv3.training             INFO     [group_holdout:fourier] epoch 0011  train_log_mse=0.09649  val_log_mse=4.17654  val_mse=0.024967  max_grad=50.11  patience=0/30
2026-10-08 05:57:56,120  gsv3.training             INFO     [group_holdout:vqe] epoch 0016  train_log_mse=0.31664  val_log_mse=4.87366  val_mse=0.004245  max_grad=143.71  patience=4/30
2026-10-08 05:58:05,453  gsv3.training             INFO     [group_holdout:variational] epoch 0016  train_log_mse=0.23569  val_log_mse=5.85512  val_mse=0.018863  max_grad=110.30  patience=1/30
2026-10-08 05:58:54,954  gsv3.training             INFO     [group_holdout:vqe] epoch 0017  train_log_mse=0.25697  val_log_mse=5.13281  val_mse=0.003069  max_grad=106.02  patience=5/30
2026-10-08 05:58:57,068  gsv3.training             INFO     [group_holdout:fourier] epoch 0012  train_log_mse=0.08840  val_log_mse=4.51450  val_mse=0.027458  max_grad=61.13  patience=1/30
2026-10-08 05:59:04,458  gsv3.training             INFO     [group_holdout:variational] epoch 0017  train_log_mse=0.20196  val_log_mse=6.01060  val_mse=0.019598  max_grad=91.29  patience=2/30
2026-10-08 05:59:52,920  gsv3.training             INFO     [group_holdout:vqe] epoch 0018  train_log_mse=0.21746  val_log_mse=6.01405  val_mse=0.001817  max_grad=69.54  patience=6/30
2026-10-08 06:00:03,028  gsv3.training             INFO     [group_holdout:variational] epoch 0018  train_log_mse=0.23230  val_log_mse=5.49441  val_mse=0.019808  max_grad=88.59  patience=3/30
2026-10-08 06:00:19,197  gsv3.training             INFO     [group_holdout:fourier] epoch 0013  train_log_mse=0.07929  val_log_mse=4.84240  val_mse=0.029211  max_grad=40.90  patience=2/30
2026-10-08 06:00:51,564  gsv3.training             INFO     [group_holdout:vqe] epoch 0019  train_log_mse=0.21511  val_log_mse=4.72528  val_mse=0.002212  max_grad=66.71  patience=7/30
2026-10-08 06:01:01,557  gsv3.training             INFO     [group_holdout:variational] epoch 0019  train_log_mse=0.19333  val_log_mse=5.49577  val_mse=0.018265  max_grad=63.49  patience=0/30
2026-10-08 06:01:41,226  gsv3.training             INFO     [group_holdout:fourier] epoch 0014  train_log_mse=0.08011  val_log_mse=4.19943  val_mse=0.025757  max_grad=43.09  patience=3/30
2026-10-08 06:01:50,140  gsv3.training             INFO     [group_holdout:vqe] epoch 0020  train_log_mse=0.17887  val_log_mse=4.53639  val_mse=0.003498  max_grad=43.57  patience=8/30
2026-10-08 06:02:00,519  gsv3.training             INFO     [group_holdout:variational] epoch 0020  train_log_mse=0.21204  val_log_mse=3.81532  val_mse=0.019017  max_grad=83.01  patience=1/30
2026-10-08 06:02:48,211  gsv3.training             INFO     [group_holdout:vqe] epoch 0021  train_log_mse=0.20012  val_log_mse=5.39069  val_mse=0.002785  max_grad=122.48  patience=9/30
2026-10-08 06:02:59,207  gsv3.training             INFO     [group_holdout:variational] epoch 0021  train_log_mse=0.17167  val_log_mse=5.45137  val_mse=0.018968  max_grad=45.93  patience=2/30
2026-10-08 06:03:03,502  gsv3.training             INFO     [group_holdout:fourier] epoch 0015  train_log_mse=0.07048  val_log_mse=4.54108  val_mse=0.027739  max_grad=34.20  patience=4/30
2026-10-08 06:03:46,724  gsv3.training             INFO     [group_holdout:vqe] epoch 0022  train_log_mse=0.17127  val_log_mse=3.99070  val_mse=0.004631  max_grad=76.46  patience=10/30
2026-10-08 06:03:57,797  gsv3.training             INFO     [group_holdout:variational] epoch 0022  train_log_mse=0.17755  val_log_mse=4.92117  val_mse=0.018760  max_grad=89.60  patience=3/30
2026-10-08 06:04:25,440  gsv3.training             INFO     [group_holdout:fourier] epoch 0016  train_log_mse=0.08339  val_log_mse=4.18686  val_mse=0.026792  max_grad=39.32  patience=5/30
2026-10-08 06:04:44,967  gsv3.training             INFO     [group_holdout:vqe] epoch 0023  train_log_mse=0.20764  val_log_mse=4.49696  val_mse=0.004636  max_grad=81.47  patience=11/30
2026-10-08 06:04:56,951  gsv3.training             INFO     [group_holdout:variational] epoch 0023  train_log_mse=0.18569  val_log_mse=4.47717  val_mse=0.019410  max_grad=72.15  patience=4/30
2026-10-08 06:05:43,373  gsv3.training             INFO     [group_holdout:vqe] epoch 0024  train_log_mse=0.18122  val_log_mse=4.40875  val_mse=0.005839  max_grad=86.90  patience=12/30
2026-10-08 06:05:47,052  gsv3.training             INFO     [group_holdout:fourier] epoch 0017  train_log_mse=0.08117  val_log_mse=4.05846  val_mse=0.025761  max_grad=42.11  patience=6/30
2026-10-08 06:05:55,822  gsv3.training             INFO     [group_holdout:variational] epoch 0024  train_log_mse=0.18512  val_log_mse=4.14407  val_mse=0.020337  max_grad=67.55  patience=5/30
2026-10-08 06:06:41,941  gsv3.training             INFO     [group_holdout:vqe] epoch 0025  train_log_mse=0.14307  val_log_mse=3.77653  val_mse=0.005474  max_grad=47.99  patience=13/30
2026-10-08 06:06:54,329  gsv3.training             INFO     [group_holdout:variational] epoch 0025  train_log_mse=0.19765  val_log_mse=3.74526  val_mse=0.020910  max_grad=68.16  patience=6/30
2026-10-08 06:07:09,186  gsv3.training             INFO     [group_holdout:fourier] epoch 0018  train_log_mse=0.08022  val_log_mse=4.39337  val_mse=0.026218  max_grad=40.84  patience=7/30
2026-10-08 06:07:40,332  gsv3.training             INFO     [group_holdout:vqe] epoch 0026  train_log_mse=0.16048  val_log_mse=4.26057  val_mse=0.005674  max_grad=81.51  patience=14/30
2026-10-08 06:07:53,431  gsv3.training             INFO     [group_holdout:variational] epoch 0026  train_log_mse=0.17479  val_log_mse=4.24299  val_mse=0.018820  max_grad=81.48  patience=7/30
2026-10-08 06:08:31,256  gsv3.training             INFO     [group_holdout:fourier] epoch 0019  train_log_mse=0.06805  val_log_mse=4.54186  val_mse=0.027044  max_grad=54.13  patience=8/30
2026-10-08 06:08:38,327  gsv3.training             INFO     [group_holdout:vqe] epoch 0027  train_log_mse=0.14593  val_log_mse=3.59246  val_mse=0.005147  max_grad=59.20  patience=15/30
2026-10-08 06:08:52,292  gsv3.training             INFO     [group_holdout:variational] epoch 0027  train_log_mse=0.16468  val_log_mse=3.42544  val_mse=0.018749  max_grad=55.51  patience=8/30
2026-10-08 06:09:36,785  gsv3.training             INFO     [group_holdout:vqe] epoch 0028  train_log_mse=0.14020  val_log_mse=5.17569  val_mse=0.003428  max_grad=73.88  patience=16/30
2026-10-08 06:09:51,043  gsv3.training             INFO     [group_holdout:variational] epoch 0028  train_log_mse=0.15354  val_log_mse=3.76096  val_mse=0.019640  max_grad=55.36  patience=9/30
2026-10-08 06:09:53,178  gsv3.training             INFO     [group_holdout:fourier] epoch 0020  train_log_mse=0.06264  val_log_mse=4.31454  val_mse=0.026295  max_grad=40.95  patience=9/30
2026-10-08 06:10:34,955  gsv3.training             INFO     [group_holdout:vqe] epoch 0029  train_log_mse=0.18762  val_log_mse=3.88358  val_mse=0.005229  max_grad=113.07  patience=17/30
2026-10-08 06:10:49,873  gsv3.training             INFO     [group_holdout:variational] epoch 0029  train_log_mse=0.13047  val_log_mse=3.58674  val_mse=0.019568  max_grad=51.88  patience=10/30
2026-10-08 06:11:15,320  gsv3.training             INFO     [group_holdout:fourier] epoch 0021  train_log_mse=0.06777  val_log_mse=4.24354  val_mse=0.025645  max_grad=42.99  patience=10/30
2026-10-08 06:11:33,084  gsv3.training             INFO     [group_holdout:vqe] epoch 0030  train_log_mse=0.15069  val_log_mse=4.48099  val_mse=0.002761  max_grad=56.90  patience=18/30
2026-10-08 06:11:48,697  gsv3.training             INFO     [group_holdout:variational] epoch 0030  train_log_mse=0.16801  val_log_mse=3.79908  val_mse=0.020802  max_grad=82.87  patience=11/30
2026-10-08 06:12:31,616  gsv3.training             INFO     [group_holdout:vqe] epoch 0031  train_log_mse=0.15159  val_log_mse=3.65064  val_mse=0.003437  max_grad=51.73  patience=19/30
2026-10-08 06:12:37,245  gsv3.training             INFO     [group_holdout:fourier] epoch 0022  train_log_mse=0.05538  val_log_mse=4.12672  val_mse=0.024002  max_grad=29.90  patience=0/30
2026-10-08 06:12:47,422  gsv3.training             INFO     [group_holdout:variational] epoch 0031  train_log_mse=0.15986  val_log_mse=4.20889  val_mse=0.022467  max_grad=53.33  patience=12/30
2026-10-08 06:13:29,802  gsv3.training             INFO     [group_holdout:vqe] epoch 0032  train_log_mse=0.11814  val_log_mse=3.46084  val_mse=0.004517  max_grad=39.42  patience=20/30
2026-10-08 06:13:46,482  gsv3.training             INFO     [group_holdout:variational] epoch 0032  train_log_mse=0.14262  val_log_mse=3.53697  val_mse=0.021674  max_grad=71.03  patience=13/30
2026-10-08 06:13:59,734  gsv3.training             INFO     [group_holdout:fourier] epoch 0023  train_log_mse=0.06572  val_log_mse=4.25725  val_mse=0.025957  max_grad=47.09  patience=1/30
2026-10-08 06:14:27,881  gsv3.training             INFO     [group_holdout:vqe] epoch 0033  train_log_mse=0.12964  val_log_mse=3.30678  val_mse=0.003115  max_grad=42.87  patience=21/30
2026-10-08 06:14:45,367  gsv3.training             INFO     [group_holdout:variational] epoch 0033  train_log_mse=0.14100  val_log_mse=3.53028  val_mse=0.021237  max_grad=51.51  patience=14/30
2026-10-08 06:15:21,931  gsv3.training             INFO     [group_holdout:fourier] epoch 0024  train_log_mse=0.07292  val_log_mse=4.00517  val_mse=0.023547  max_grad=60.05  patience=0/30
2026-10-08 06:15:26,378  gsv3.training             INFO     [group_holdout:vqe] epoch 0034  train_log_mse=0.11666  val_log_mse=3.29829  val_mse=0.002628  max_grad=60.16  patience=22/30
2026-10-08 06:15:44,350  gsv3.training             INFO     [group_holdout:variational] epoch 0034  train_log_mse=0.16205  val_log_mse=3.49386  val_mse=0.021828  max_grad=64.80  patience=15/30
2026-10-08 06:16:24,628  gsv3.training             INFO     [group_holdout:vqe] epoch 0035  train_log_mse=0.14893  val_log_mse=3.40548  val_mse=0.004445  max_grad=95.76  patience=23/30
2026-10-08 06:16:43,046  gsv3.training             INFO     [group_holdout:variational] epoch 0035  train_log_mse=0.15076  val_log_mse=3.25604  val_mse=0.021869  max_grad=59.86  patience=16/30
2026-10-08 06:16:44,843  gsv3.training             INFO     [group_holdout:fourier] epoch 0025  train_log_mse=0.05139  val_log_mse=4.02555  val_mse=0.023148  max_grad=28.91  patience=0/30
2026-10-08 06:17:22,802  gsv3.training             INFO     [group_holdout:vqe] epoch 0036  train_log_mse=0.11998  val_log_mse=3.34171  val_mse=0.003558  max_grad=54.31  patience=24/30
2026-10-08 06:17:42,056  gsv3.training             INFO     [group_holdout:variational] epoch 0036  train_log_mse=0.12037  val_log_mse=3.19303  val_mse=0.020111  max_grad=53.99  patience=17/30
2026-10-08 06:18:08,311  gsv3.training             INFO     [group_holdout:fourier] epoch 0026  train_log_mse=0.05675  val_log_mse=4.06548  val_mse=0.026066  max_grad=32.41  patience=1/30
2026-10-08 06:18:21,213  gsv3.training             INFO     [group_holdout:vqe] epoch 0037  train_log_mse=0.11852  val_log_mse=3.18795  val_mse=0.002967  max_grad=55.22  patience=25/30
2026-10-08 06:18:40,997  gsv3.training             INFO     [group_holdout:variational] epoch 0037  train_log_mse=0.13544  val_log_mse=2.28949  val_mse=0.021962  max_grad=66.05  patience=18/30
2026-10-08 06:19:19,360  gsv3.training             INFO     [group_holdout:vqe] epoch 0038  train_log_mse=0.12021  val_log_mse=3.10004  val_mse=0.002101  max_grad=47.18  patience=26/30
2026-10-08 06:19:31,499  gsv3.training             INFO     [group_holdout:fourier] epoch 0027  train_log_mse=0.05900  val_log_mse=4.06815  val_mse=0.024555  max_grad=51.59  patience=2/30
2026-10-08 06:19:39,678  gsv3.training             INFO     [group_holdout:variational] epoch 0038  train_log_mse=0.13293  val_log_mse=3.46191  val_mse=0.023298  max_grad=83.48  patience=19/30
2026-10-08 06:20:17,666  gsv3.training             INFO     [group_holdout:vqe] epoch 0039  train_log_mse=0.10817  val_log_mse=2.99473  val_mse=0.003165  max_grad=41.69  patience=27/30
2026-10-08 06:20:38,639  gsv3.training             INFO     [group_holdout:variational] epoch 0039  train_log_mse=0.15761  val_log_mse=3.45308  val_mse=0.020474  max_grad=81.99  patience=20/30
2026-10-08 06:20:54,474  gsv3.training             INFO     [group_holdout:fourier] epoch 0028  train_log_mse=0.04981  val_log_mse=4.17304  val_mse=0.025102  max_grad=31.33  patience=3/30
2026-10-08 06:21:15,896  gsv3.training             INFO     [group_holdout:vqe] epoch 0040  train_log_mse=0.10329  val_log_mse=3.44037  val_mse=0.002850  max_grad=42.24  patience=28/30
2026-10-08 06:21:37,575  gsv3.training             INFO     [group_holdout:variational] epoch 0040  train_log_mse=0.13598  val_log_mse=2.67304  val_mse=0.021596  max_grad=70.10  patience=21/30
2026-10-08 06:22:14,391  gsv3.training             INFO     [group_holdout:vqe] epoch 0041  train_log_mse=0.10455  val_log_mse=3.12209  val_mse=0.003221  max_grad=90.46  patience=29/30
2026-10-08 06:22:17,728  gsv3.training             INFO     [group_holdout:fourier] epoch 0029  train_log_mse=0.04966  val_log_mse=4.20171  val_mse=0.024281  max_grad=29.27  patience=4/30
2026-10-08 06:22:36,427  gsv3.training             INFO     [group_holdout:variational] epoch 0041  train_log_mse=0.13884  val_log_mse=3.45204  val_mse=0.022715  max_grad=57.58  patience=22/30
2026-10-08 06:23:12,658  gsv3.training             INFO     [group_holdout:vqe] epoch 0042  train_log_mse=0.10657  val_log_mse=2.80124  val_mse=0.003028  max_grad=43.71  patience=30/30
2026-10-08 06:23:27,315  gsv3.experiment           INFO     [vqe] TEST  n=9168  MAE=0.0856  R2=0.8519  device-acc=0.791  regret=0.0068
2026-10-08 06:23:27,318  genstudy.io               INFO     Wrote evaluations/generalization_v3/results/xattn_a00_s7/leave_one_group_out/vqe/metrics.json
2026-10-08 06:23:27,364  genstudy.io               INFO     Wrote evaluations/generalization_v3/results/xattn_a00_s7/leave_one_group_out/vqe/predictions.json
2026-10-08 06:23:27,376  genstudy.io               INFO     Wrote evaluations/generalization_v3/results/xattn_a00_s7/leave_one_group_out/vqe/history.json
2026-10-08 06:23:27,397  run_experiment            INFO     leave_one_group_out finished: 1 complete, 0 skipped
2026-10-08 06:23:34,842  gsv3.training             INFO     [group_holdout:variational] epoch 0042  train_log_mse=0.12254  val_log_mse=3.00219  val_mse=0.022249  max_grad=51.40  patience=23/30
2026-10-08 06:23:39,533  gsv3.training             INFO     [group_holdout:fourier] epoch 0030  train_log_mse=0.05594  val_log_mse=3.80535  val_mse=0.023232  max_grad=39.37  patience=5/30
2026-10-08 06:24:29,991  gsv3.training             INFO     [group_holdout:variational] epoch 0043  train_log_mse=0.10923  val_log_mse=3.36859  val_mse=0.021756  max_grad=36.00  patience=24/30
2026-10-08 06:24:57,088  gsv3.training             INFO     [group_holdout:fourier] epoch 0031  train_log_mse=0.05930  val_log_mse=3.84210  val_mse=0.024185  max_grad=43.91  patience=6/30
2026-10-08 06:25:24,727  gsv3.training             INFO     [group_holdout:variational] epoch 0044  train_log_mse=0.12400  val_log_mse=2.12016  val_mse=0.022691  max_grad=71.57  patience=25/30
2026-10-08 06:26:14,336  gsv3.training             INFO     [group_holdout:fourier] epoch 0032  train_log_mse=0.04879  val_log_mse=3.95947  val_mse=0.025241  max_grad=43.94  patience=7/30
2026-10-08 06:26:19,328  gsv3.training             INFO     [group_holdout:variational] epoch 0045  train_log_mse=0.11424  val_log_mse=2.36338  val_mse=0.021563  max_grad=41.64  patience=26/30
2026-10-08 06:27:14,601  gsv3.training             INFO     [group_holdout:variational] epoch 0046  train_log_mse=0.12014  val_log_mse=2.58834  val_mse=0.019513  max_grad=59.79  patience=27/30
2026-10-08 06:27:31,817  gsv3.training             INFO     [group_holdout:fourier] epoch 0033  train_log_mse=0.05368  val_log_mse=3.99504  val_mse=0.024188  max_grad=35.10  patience=8/30
2026-10-08 06:28:10,303  gsv3.training             INFO     [group_holdout:variational] epoch 0047  train_log_mse=0.10529  val_log_mse=2.43225  val_mse=0.021740  max_grad=54.32  patience=28/30
2026-10-08 06:28:49,775  gsv3.training             INFO     [group_holdout:fourier] epoch 0034  train_log_mse=0.04856  val_log_mse=3.75945  val_mse=0.022233  max_grad=43.49  patience=0/30
2026-10-08 06:29:05,765  gsv3.training             INFO     [group_holdout:variational] epoch 0048  train_log_mse=0.11595  val_log_mse=2.44334  val_mse=0.020166  max_grad=56.70  patience=29/30
2026-10-08 06:30:01,392  gsv3.training             INFO     [group_holdout:variational] epoch 0049  train_log_mse=0.11356  val_log_mse=2.86930  val_mse=0.021649  max_grad=47.38  patience=30/30
2026-10-08 06:30:08,055  gsv3.training             INFO     [group_holdout:fourier] epoch 0035  train_log_mse=0.05116  val_log_mse=3.68816  val_mse=0.021443  max_grad=37.67  patience=0/30
2026-10-08 06:30:15,667  gsv3.experiment           INFO     [variational] TEST  n=9928  MAE=0.0995  R2=0.8108  device-acc=0.171  regret=0.0798
2026-10-08 06:30:15,670  genstudy.io               INFO     Wrote evaluations/generalization_v3/results/xattn_a00_s7/leave_one_group_out/variational/metrics.json
2026-10-08 06:30:15,715  genstudy.io               INFO     Wrote evaluations/generalization_v3/results/xattn_a00_s7/leave_one_group_out/variational/predictions.json
2026-10-08 06:30:15,728  genstudy.io               INFO     Wrote evaluations/generalization_v3/results/xattn_a00_s7/leave_one_group_out/variational/history.json
2026-10-08 06:30:15,746  run_experiment            INFO     leave_one_group_out finished: 1 complete, 0 skipped
2026-10-08 06:31:21,073  gsv3.training             INFO     [group_holdout:fourier] epoch 0036  train_log_mse=0.04936  val_log_mse=4.00393  val_mse=0.023423  max_grad=46.02  patience=1/30
2026-10-08 06:32:33,155  gsv3.training             INFO     [group_holdout:fourier] epoch 0037  train_log_mse=0.04563  val_log_mse=3.93259  val_mse=0.023883  max_grad=46.91  patience=2/30
2026-10-08 06:33:45,109  gsv3.training             INFO     [group_holdout:fourier] epoch 0038  train_log_mse=0.04309  val_log_mse=3.84957  val_mse=0.024204  max_grad=62.05  patience=3/30
2026-10-08 06:34:58,122  gsv3.training             INFO     [group_holdout:fourier] epoch 0039  train_log_mse=0.03984  val_log_mse=4.17436  val_mse=0.025116  max_grad=25.07  patience=4/30
2026-10-08 06:36:10,665  gsv3.training             INFO     [group_holdout:fourier] epoch 0040  train_log_mse=0.04629  val_log_mse=3.69610  val_mse=0.022923  max_grad=34.95  patience=5/30
2026-10-08 06:37:23,171  gsv3.training             INFO     [group_holdout:fourier] epoch 0041  train_log_mse=0.04632  val_log_mse=3.88605  val_mse=0.023497  max_grad=53.21  patience=6/30
2026-10-08 06:38:34,971  gsv3.training             INFO     [group_holdout:fourier] epoch 0042  train_log_mse=0.04242  val_log_mse=3.77716  val_mse=0.023110  max_grad=34.62  patience=7/30
2026-10-08 06:39:46,334  gsv3.training             INFO     [group_holdout:fourier] epoch 0043  train_log_mse=0.04767  val_log_mse=3.71510  val_mse=0.022175  max_grad=43.07  patience=8/30
2026-10-08 06:40:58,138  gsv3.training             INFO     [group_holdout:fourier] epoch 0044  train_log_mse=0.03902  val_log_mse=3.75324  val_mse=0.021262  max_grad=40.81  patience=0/30
2026-10-08 06:42:10,194  gsv3.training             INFO     [group_holdout:fourier] epoch 0045  train_log_mse=0.03961  val_log_mse=3.61152  val_mse=0.021860  max_grad=26.66  patience=1/30
2026-10-08 06:43:22,384  gsv3.training             INFO     [group_holdout:fourier] epoch 0046  train_log_mse=0.04376  val_log_mse=3.73871  val_mse=0.022176  max_grad=27.84  patience=2/30
2026-10-08 06:44:34,619  gsv3.training             INFO     [group_holdout:fourier] epoch 0047  train_log_mse=0.03949  val_log_mse=3.63349  val_mse=0.021029  max_grad=35.01  patience=0/30
2026-10-08 06:45:46,831  gsv3.training             INFO     [group_holdout:fourier] epoch 0048  train_log_mse=0.04911  val_log_mse=3.70797  val_mse=0.022087  max_grad=49.70  patience=1/30
2026-10-08 06:46:59,335  gsv3.training             INFO     [group_holdout:fourier] epoch 0049  train_log_mse=0.04788  val_log_mse=3.96316  val_mse=0.023338  max_grad=54.37  patience=2/30
2026-10-08 06:48:10,693  gsv3.training             INFO     [group_holdout:fourier] epoch 0050  train_log_mse=0.04050  val_log_mse=3.72255  val_mse=0.022143  max_grad=30.40  patience=3/30
2026-10-08 06:49:22,393  gsv3.training             INFO     [group_holdout:fourier] epoch 0051  train_log_mse=0.04055  val_log_mse=3.76096  val_mse=0.022758  max_grad=28.21  patience=4/30
2026-10-08 06:50:34,461  gsv3.training             INFO     [group_holdout:fourier] epoch 0052  train_log_mse=0.03778  val_log_mse=3.81488  val_mse=0.023231  max_grad=26.38  patience=5/30
2026-10-08 06:51:45,966  gsv3.training             INFO     [group_holdout:fourier] epoch 0053  train_log_mse=0.03962  val_log_mse=3.79505  val_mse=0.022018  max_grad=41.89  patience=6/30
2026-10-08 06:52:57,317  gsv3.training             INFO     [group_holdout:fourier] epoch 0054  train_log_mse=0.03775  val_log_mse=3.68189  val_mse=0.021860  max_grad=26.24  patience=7/30
2026-10-08 06:54:09,088  gsv3.training             INFO     [group_holdout:fourier] epoch 0055  train_log_mse=0.04366  val_log_mse=3.64767  val_mse=0.022267  max_grad=28.68  patience=8/30
2026-10-08 06:55:21,695  gsv3.training             INFO     [group_holdout:fourier] epoch 0056  train_log_mse=0.03378  val_log_mse=3.70847  val_mse=0.021925  max_grad=21.28  patience=9/30
2026-10-08 06:56:34,059  gsv3.training             INFO     [group_holdout:fourier] epoch 0057  train_log_mse=0.03987  val_log_mse=3.58864  val_mse=0.021222  max_grad=41.86  patience=10/30
2026-10-08 06:57:46,435  gsv3.training             INFO     [group_holdout:fourier] epoch 0058  train_log_mse=0.03888  val_log_mse=3.67045  val_mse=0.022114  max_grad=28.60  patience=11/30
2026-10-08 06:58:58,371  gsv3.training             INFO     [group_holdout:fourier] epoch 0059  train_log_mse=0.03258  val_log_mse=3.57251  val_mse=0.022413  max_grad=20.87  patience=12/30
2026-10-08 07:00:09,998  gsv3.training             INFO     [group_holdout:fourier] epoch 0060  train_log_mse=0.03753  val_log_mse=3.65293  val_mse=0.022051  max_grad=33.65  patience=13/30
2026-10-08 07:01:21,289  gsv3.training             INFO     [group_holdout:fourier] epoch 0061  train_log_mse=0.03803  val_log_mse=3.62618  val_mse=0.023053  max_grad=34.61  patience=14/30
2026-10-08 07:02:32,866  gsv3.training             INFO     [group_holdout:fourier] epoch 0062  train_log_mse=0.03819  val_log_mse=3.57644  val_mse=0.020997  max_grad=35.09  patience=0/30
2026-10-08 07:03:44,205  gsv3.training             INFO     [group_holdout:fourier] epoch 0063  train_log_mse=0.03773  val_log_mse=3.59268  val_mse=0.020943  max_grad=30.11  patience=0/30
2026-10-08 07:04:56,007  gsv3.training             INFO     [group_holdout:fourier] epoch 0064  train_log_mse=0.03470  val_log_mse=3.66387  val_mse=0.022035  max_grad=54.17  patience=1/30
2026-10-08 07:06:07,097  gsv3.training             INFO     [group_holdout:fourier] epoch 0065  train_log_mse=0.03621  val_log_mse=3.49887  val_mse=0.020619  max_grad=24.64  patience=0/30
2026-10-08 07:07:18,580  gsv3.training             INFO     [group_holdout:fourier] epoch 0066  train_log_mse=0.04204  val_log_mse=3.52971  val_mse=0.020561  max_grad=44.47  patience=0/30
2026-10-08 07:08:30,770  gsv3.training             INFO     [group_holdout:fourier] epoch 0067  train_log_mse=0.03342  val_log_mse=3.55859  val_mse=0.021407  max_grad=26.07  patience=1/30
2026-10-08 07:09:53,400  gsv3.training             INFO     [group_holdout:fourier] epoch 0068  train_log_mse=0.04176  val_log_mse=3.64755  val_mse=0.020996  max_grad=31.77  patience=2/30
2026-10-08 07:11:15,837  gsv3.training             INFO     [group_holdout:fourier] epoch 0069  train_log_mse=0.04141  val_log_mse=3.46810  val_mse=0.021299  max_grad=39.72  patience=3/30
2026-10-08 07:12:38,403  gsv3.training             INFO     [group_holdout:fourier] epoch 0070  train_log_mse=0.03629  val_log_mse=3.54683  val_mse=0.021401  max_grad=28.22  patience=4/30
2026-10-08 07:14:01,108  gsv3.training             INFO     [group_holdout:fourier] epoch 0071  train_log_mse=0.03648  val_log_mse=3.57201  val_mse=0.021329  max_grad=27.19  patience=5/30
2026-10-08 07:15:23,503  gsv3.training             INFO     [group_holdout:fourier] epoch 0072  train_log_mse=0.03304  val_log_mse=3.40285  val_mse=0.020209  max_grad=20.62  patience=0/30
2026-10-08 07:16:45,559  gsv3.training             INFO     [group_holdout:fourier] epoch 0073  train_log_mse=0.03271  val_log_mse=3.53130  val_mse=0.021500  max_grad=21.59  patience=1/30
2026-10-08 07:18:08,287  gsv3.training             INFO     [group_holdout:fourier] epoch 0074  train_log_mse=0.03040  val_log_mse=3.68721  val_mse=0.021666  max_grad=19.55  patience=2/30
2026-10-08 07:19:30,294  gsv3.training             INFO     [group_holdout:fourier] epoch 0075  train_log_mse=0.02933  val_log_mse=3.44074  val_mse=0.019543  max_grad=20.07  patience=0/30
2026-10-08 07:20:52,571  gsv3.training             INFO     [group_holdout:fourier] epoch 0076  train_log_mse=0.03492  val_log_mse=3.45810  val_mse=0.019768  max_grad=25.90  patience=1/30
2026-10-08 07:22:14,651  gsv3.training             INFO     [group_holdout:fourier] epoch 0077  train_log_mse=0.03383  val_log_mse=3.66116  val_mse=0.022020  max_grad=22.54  patience=2/30
2026-10-08 07:23:36,765  gsv3.training             INFO     [group_holdout:fourier] epoch 0078  train_log_mse=0.03399  val_log_mse=3.47941  val_mse=0.020312  max_grad=29.43  patience=3/30
2026-10-08 07:24:59,096  gsv3.training             INFO     [group_holdout:fourier] epoch 0079  train_log_mse=0.03619  val_log_mse=3.50562  val_mse=0.020787  max_grad=41.95  patience=4/30
2026-10-08 07:26:21,322  gsv3.training             INFO     [group_holdout:fourier] epoch 0080  train_log_mse=0.03266  val_log_mse=3.43719  val_mse=0.021284  max_grad=20.77  patience=5/30
2026-10-08 07:27:43,670  gsv3.training             INFO     [group_holdout:fourier] epoch 0081  train_log_mse=0.03181  val_log_mse=3.47851  val_mse=0.021293  max_grad=21.83  patience=6/30
2026-10-08 07:29:05,987  gsv3.training             INFO     [group_holdout:fourier] epoch 0082  train_log_mse=0.03352  val_log_mse=3.42022  val_mse=0.020361  max_grad=25.06  patience=7/30
2026-10-08 07:30:28,087  gsv3.training             INFO     [group_holdout:fourier] epoch 0083  train_log_mse=0.03259  val_log_mse=3.46129  val_mse=0.019891  max_grad=23.17  patience=8/30
2026-10-08 07:31:50,319  gsv3.training             INFO     [group_holdout:fourier] epoch 0084  train_log_mse=0.03126  val_log_mse=3.36363  val_mse=0.019730  max_grad=22.85  patience=9/30
2026-10-08 07:33:12,293  gsv3.training             INFO     [group_holdout:fourier] epoch 0085  train_log_mse=0.02938  val_log_mse=3.44972  val_mse=0.021043  max_grad=19.06  patience=10/30
2026-10-08 07:34:34,946  gsv3.training             INFO     [group_holdout:fourier] epoch 0086  train_log_mse=0.03035  val_log_mse=3.39763  val_mse=0.020431  max_grad=25.67  patience=11/30
2026-10-08 07:35:57,493  gsv3.training             INFO     [group_holdout:fourier] epoch 0087  train_log_mse=0.03039  val_log_mse=3.47988  val_mse=0.020711  max_grad=19.77  patience=12/30
2026-10-08 07:37:19,760  gsv3.training             INFO     [group_holdout:fourier] epoch 0088  train_log_mse=0.03090  val_log_mse=3.35401  val_mse=0.019496  max_grad=19.58  patience=0/30
2026-10-08 07:38:42,480  gsv3.training             INFO     [group_holdout:fourier] epoch 0089  train_log_mse=0.03542  val_log_mse=3.40214  val_mse=0.019613  max_grad=25.74  patience=1/30
2026-10-08 07:40:04,875  gsv3.training             INFO     [group_holdout:fourier] epoch 0090  train_log_mse=0.03369  val_log_mse=3.48858  val_mse=0.021791  max_grad=26.44  patience=2/30
2026-10-08 07:41:27,824  gsv3.training             INFO     [group_holdout:fourier] epoch 0091  train_log_mse=0.03123  val_log_mse=3.45650  val_mse=0.020482  max_grad=26.84  patience=3/30
2026-10-08 07:42:50,393  gsv3.training             INFO     [group_holdout:fourier] epoch 0092  train_log_mse=0.03126  val_log_mse=3.40075  val_mse=0.020287  max_grad=24.54  patience=4/30
2026-10-08 07:44:12,869  gsv3.training             INFO     [group_holdout:fourier] epoch 0093  train_log_mse=0.02906  val_log_mse=3.41223  val_mse=0.021471  max_grad=19.40  patience=5/30
2026-10-08 07:45:35,466  gsv3.training             INFO     [group_holdout:fourier] epoch 0094  train_log_mse=0.03106  val_log_mse=3.40256  val_mse=0.021067  max_grad=28.56  patience=6/30
2026-10-08 07:46:57,865  gsv3.training             INFO     [group_holdout:fourier] epoch 0095  train_log_mse=0.03057  val_log_mse=3.40508  val_mse=0.020970  max_grad=20.70  patience=7/30
2026-10-08 07:48:20,506  gsv3.training             INFO     [group_holdout:fourier] epoch 0096  train_log_mse=0.03222  val_log_mse=3.34097  val_mse=0.021641  max_grad=28.67  patience=8/30
2026-10-08 07:49:42,927  gsv3.training             INFO     [group_holdout:fourier] epoch 0097  train_log_mse=0.02880  val_log_mse=3.36427  val_mse=0.020827  max_grad=16.74  patience=9/30
2026-10-08 07:51:05,772  gsv3.training             INFO     [group_holdout:fourier] epoch 0098  train_log_mse=0.02945  val_log_mse=3.38511  val_mse=0.020090  max_grad=23.42  patience=10/30
2026-10-08 07:52:28,351  gsv3.training             INFO     [group_holdout:fourier] epoch 0099  train_log_mse=0.02887  val_log_mse=3.37894  val_mse=0.020635  max_grad=23.81  patience=11/30
2026-10-08 07:53:50,892  gsv3.training             INFO     [group_holdout:fourier] epoch 0100  train_log_mse=0.02989  val_log_mse=3.37682  val_mse=0.019951  max_grad=19.28  patience=12/30
2026-10-08 07:55:13,667  gsv3.training             INFO     [group_holdout:fourier] epoch 0101  train_log_mse=0.02783  val_log_mse=3.34986  val_mse=0.020950  max_grad=20.52  patience=13/30
2026-10-08 07:56:36,544  gsv3.training             INFO     [group_holdout:fourier] epoch 0102  train_log_mse=0.02850  val_log_mse=3.40569  val_mse=0.021569  max_grad=21.55  patience=14/30
2026-10-08 07:58:00,651  gsv3.training             INFO     [group_holdout:fourier] epoch 0103  train_log_mse=0.02836  val_log_mse=3.43617  val_mse=0.021161  max_grad=53.30  patience=15/30
2026-10-08 07:59:25,208  gsv3.training             INFO     [group_holdout:fourier] epoch 0104  train_log_mse=0.02763  val_log_mse=3.35821  val_mse=0.020014  max_grad=18.24  patience=16/30
2026-10-08 08:00:48,797  gsv3.training             INFO     [group_holdout:fourier] epoch 0105  train_log_mse=0.03062  val_log_mse=3.40367  val_mse=0.020094  max_grad=19.47  patience=17/30
2026-10-08 08:02:12,757  gsv3.training             INFO     [group_holdout:fourier] epoch 0106  train_log_mse=0.02916  val_log_mse=3.52476  val_mse=0.021951  max_grad=18.19  patience=18/30
2026-10-08 08:03:36,891  gsv3.training             INFO     [group_holdout:fourier] epoch 0107  train_log_mse=0.02908  val_log_mse=3.41446  val_mse=0.020572  max_grad=25.44  patience=19/30
2026-10-08 08:05:01,592  gsv3.training             INFO     [group_holdout:fourier] epoch 0108  train_log_mse=0.02654  val_log_mse=3.37713  val_mse=0.020764  max_grad=17.41  patience=20/30
2026-10-08 08:06:27,115  gsv3.training             INFO     [group_holdout:fourier] epoch 0109  train_log_mse=0.02826  val_log_mse=3.28356  val_mse=0.019405  max_grad=26.30  patience=0/30
2026-10-08 08:07:51,095  gsv3.training             INFO     [group_holdout:fourier] epoch 0110  train_log_mse=0.02884  val_log_mse=3.33780  val_mse=0.020624  max_grad=17.82  patience=1/30
2026-10-08 08:09:15,434  gsv3.training             INFO     [group_holdout:fourier] epoch 0111  train_log_mse=0.02620  val_log_mse=3.34359  val_mse=0.020452  max_grad=19.87  patience=2/30
2026-10-08 08:10:39,126  gsv3.training             INFO     [group_holdout:fourier] epoch 0112  train_log_mse=0.02496  val_log_mse=3.31845  val_mse=0.020741  max_grad=25.07  patience=3/30
2026-10-08 08:12:03,763  gsv3.training             INFO     [group_holdout:fourier] epoch 0113  train_log_mse=0.02826  val_log_mse=3.33081  val_mse=0.020971  max_grad=24.84  patience=4/30
2026-10-08 08:13:27,114  gsv3.training             INFO     [group_holdout:fourier] epoch 0114  train_log_mse=0.02977  val_log_mse=3.33022  val_mse=0.021098  max_grad=41.25  patience=5/30
2026-10-08 08:14:51,039  gsv3.training             INFO     [group_holdout:fourier] epoch 0115  train_log_mse=0.02526  val_log_mse=3.23361  val_mse=0.019212  max_grad=17.74  patience=0/30
2026-10-08 08:16:15,507  gsv3.training             INFO     [group_holdout:fourier] epoch 0116  train_log_mse=0.02772  val_log_mse=3.26715  val_mse=0.020251  max_grad=21.62  patience=1/30
2026-10-08 08:17:39,319  gsv3.training             INFO     [group_holdout:fourier] epoch 0117  train_log_mse=0.02492  val_log_mse=3.35950  val_mse=0.020608  max_grad=16.68  patience=2/30
2026-10-08 08:19:03,195  gsv3.training             INFO     [group_holdout:fourier] epoch 0118  train_log_mse=0.02711  val_log_mse=3.31585  val_mse=0.020356  max_grad=25.68  patience=3/30
2026-10-08 08:20:26,964  gsv3.training             INFO     [group_holdout:fourier] epoch 0119  train_log_mse=0.02529  val_log_mse=3.31049  val_mse=0.021449  max_grad=16.51  patience=4/30
2026-10-08 08:21:51,592  gsv3.training             INFO     [group_holdout:fourier] epoch 0120  train_log_mse=0.02628  val_log_mse=3.29996  val_mse=0.020871  max_grad=28.50  patience=5/30
2026-10-08 08:23:16,037  gsv3.training             INFO     [group_holdout:fourier] epoch 0121  train_log_mse=0.02886  val_log_mse=3.40304  val_mse=0.021293  max_grad=23.32  patience=6/30
2026-10-08 08:24:40,356  gsv3.training             INFO     [group_holdout:fourier] epoch 0122  train_log_mse=0.02582  val_log_mse=3.27463  val_mse=0.019955  max_grad=23.75  patience=7/30
2026-10-08 08:26:05,157  gsv3.training             INFO     [group_holdout:fourier] epoch 0123  train_log_mse=0.02808  val_log_mse=3.27828  val_mse=0.020096  max_grad=18.50  patience=8/30
2026-10-08 08:27:29,058  gsv3.training             INFO     [group_holdout:fourier] epoch 0124  train_log_mse=0.02671  val_log_mse=3.36771  val_mse=0.020958  max_grad=23.53  patience=9/30
2026-10-08 08:28:53,103  gsv3.training             INFO     [group_holdout:fourier] epoch 0125  train_log_mse=0.02350  val_log_mse=3.29807  val_mse=0.019205  max_grad=15.01  patience=0/30
2026-10-08 08:30:16,431  gsv3.training             INFO     [group_holdout:fourier] epoch 0126  train_log_mse=0.02574  val_log_mse=3.26199  val_mse=0.019510  max_grad=17.70  patience=1/30
2026-10-08 08:31:40,194  gsv3.training             INFO     [group_holdout:fourier] epoch 0127  train_log_mse=0.02355  val_log_mse=3.33885  val_mse=0.020450  max_grad=33.71  patience=2/30
2026-10-08 08:33:04,818  gsv3.training             INFO     [group_holdout:fourier] epoch 0128  train_log_mse=0.02905  val_log_mse=3.29639  val_mse=0.019219  max_grad=25.65  patience=3/30
2026-10-08 08:34:29,124  gsv3.training             INFO     [group_holdout:fourier] epoch 0129  train_log_mse=0.02950  val_log_mse=3.28867  val_mse=0.020245  max_grad=28.20  patience=4/30
2026-10-08 08:35:53,553  gsv3.training             INFO     [group_holdout:fourier] epoch 0130  train_log_mse=0.02687  val_log_mse=3.30764  val_mse=0.019896  max_grad=21.61  patience=5/30
2026-10-08 08:37:16,851  gsv3.training             INFO     [group_holdout:fourier] epoch 0131  train_log_mse=0.02452  val_log_mse=3.38451  val_mse=0.020522  max_grad=17.96  patience=6/30
2026-10-08 08:38:41,080  gsv3.training             INFO     [group_holdout:fourier] epoch 0132  train_log_mse=0.02503  val_log_mse=3.28397  val_mse=0.020205  max_grad=16.15  patience=7/30
2026-10-08 08:40:04,672  gsv3.training             INFO     [group_holdout:fourier] epoch 0133  train_log_mse=0.02669  val_log_mse=3.25273  val_mse=0.018987  max_grad=21.76  patience=0/30
2026-10-08 08:41:29,280  gsv3.training             INFO     [group_holdout:fourier] epoch 0134  train_log_mse=0.02399  val_log_mse=3.29724  val_mse=0.019798  max_grad=17.69  patience=1/30
2026-10-08 08:42:53,062  gsv3.training             INFO     [group_holdout:fourier] epoch 0135  train_log_mse=0.02436  val_log_mse=3.28870  val_mse=0.019487  max_grad=20.08  patience=2/30
2026-10-08 08:44:17,071  gsv3.training             INFO     [group_holdout:fourier] epoch 0136  train_log_mse=0.02643  val_log_mse=3.29111  val_mse=0.018899  max_grad=22.45  patience=0/30
2026-10-08 08:45:40,985  gsv3.training             INFO     [group_holdout:fourier] epoch 0137  train_log_mse=0.02443  val_log_mse=3.35467  val_mse=0.020076  max_grad=26.46  patience=1/30
2026-10-08 08:47:04,154  gsv3.training             INFO     [group_holdout:fourier] epoch 0138  train_log_mse=0.02345  val_log_mse=3.28574  val_mse=0.019587  max_grad=18.26  patience=2/30
2026-10-08 08:48:29,045  gsv3.training             INFO     [group_holdout:fourier] epoch 0139  train_log_mse=0.02499  val_log_mse=3.24741  val_mse=0.019626  max_grad=20.68  patience=3/30
2026-10-08 08:49:53,031  gsv3.training             INFO     [group_holdout:fourier] epoch 0140  train_log_mse=0.02528  val_log_mse=3.29969  val_mse=0.019414  max_grad=21.59  patience=4/30
2026-10-08 08:51:17,069  gsv3.training             INFO     [group_holdout:fourier] epoch 0141  train_log_mse=0.02556  val_log_mse=3.35628  val_mse=0.019980  max_grad=24.13  patience=5/30
2026-10-08 08:52:41,760  gsv3.training             INFO     [group_holdout:fourier] epoch 0142  train_log_mse=0.02985  val_log_mse=3.36578  val_mse=0.019933  max_grad=42.57  patience=6/30
2026-10-08 08:54:05,346  gsv3.training             INFO     [group_holdout:fourier] epoch 0143  train_log_mse=0.02495  val_log_mse=3.32633  val_mse=0.019736  max_grad=18.90  patience=7/30
2026-10-08 08:55:29,443  gsv3.training             INFO     [group_holdout:fourier] epoch 0144  train_log_mse=0.02832  val_log_mse=3.25685  val_mse=0.019065  max_grad=27.23  patience=8/30
2026-10-08 08:56:52,784  gsv3.training             INFO     [group_holdout:fourier] epoch 0145  train_log_mse=0.02468  val_log_mse=3.24991  val_mse=0.019063  max_grad=22.94  patience=9/30
2026-10-08 08:58:17,194  gsv3.training             INFO     [group_holdout:fourier] epoch 0146  train_log_mse=0.02559  val_log_mse=3.24293  val_mse=0.018641  max_grad=25.35  patience=0/30
2026-10-08 08:59:41,373  gsv3.training             INFO     [group_holdout:fourier] epoch 0147  train_log_mse=0.02707  val_log_mse=3.29804  val_mse=0.019303  max_grad=20.95  patience=1/30
2026-10-08 09:01:05,221  gsv3.training             INFO     [group_holdout:fourier] epoch 0148  train_log_mse=0.02612  val_log_mse=3.29603  val_mse=0.020395  max_grad=16.12  patience=2/30
2026-10-08 09:02:29,610  gsv3.training             INFO     [group_holdout:fourier] epoch 0149  train_log_mse=0.02702  val_log_mse=3.31310  val_mse=0.019471  max_grad=18.99  patience=3/30
2026-10-08 09:03:53,057  gsv3.training             INFO     [group_holdout:fourier] epoch 0150  train_log_mse=0.02424  val_log_mse=3.30974  val_mse=0.019700  max_grad=23.38  patience=4/30
2026-10-08 09:05:17,105  gsv3.training             INFO     [group_holdout:fourier] epoch 0151  train_log_mse=0.02235  val_log_mse=3.34993  val_mse=0.019636  max_grad=12.50  patience=5/30
2026-10-08 09:06:40,594  gsv3.training             INFO     [group_holdout:fourier] epoch 0152  train_log_mse=0.02379  val_log_mse=3.32595  val_mse=0.019210  max_grad=19.72  patience=6/30
2026-10-08 09:08:04,562  gsv3.training             INFO     [group_holdout:fourier] epoch 0153  train_log_mse=0.02411  val_log_mse=3.29430  val_mse=0.018139  max_grad=22.32  patience=0/30
2026-10-08 09:09:27,322  gsv3.training             INFO     [group_holdout:fourier] epoch 0154  train_log_mse=0.02270  val_log_mse=3.28868  val_mse=0.019662  max_grad=17.80  patience=1/30
2026-10-08 09:10:46,377  gsv3.training             INFO     [group_holdout:fourier] epoch 0155  train_log_mse=0.02353  val_log_mse=3.23764  val_mse=0.019140  max_grad=23.04  patience=2/30
2026-10-08 09:12:05,824  gsv3.training             INFO     [group_holdout:fourier] epoch 0156  train_log_mse=0.02159  val_log_mse=3.27584  val_mse=0.019241  max_grad=17.03  patience=3/30
2026-10-08 09:13:25,383  gsv3.training             INFO     [group_holdout:fourier] epoch 0157  train_log_mse=0.02310  val_log_mse=3.26600  val_mse=0.019135  max_grad=22.63  patience=4/30
2026-10-08 09:14:44,907  gsv3.training             INFO     [group_holdout:fourier] epoch 0158  train_log_mse=0.02428  val_log_mse=3.26768  val_mse=0.019691  max_grad=23.20  patience=5/30
2026-10-08 09:16:05,318  gsv3.training             INFO     [group_holdout:fourier] epoch 0159  train_log_mse=0.02310  val_log_mse=3.33150  val_mse=0.019173  max_grad=22.47  patience=6/30
2026-10-08 09:17:24,355  gsv3.training             INFO     [group_holdout:fourier] epoch 0160  train_log_mse=0.02313  val_log_mse=3.25613  val_mse=0.019023  max_grad=14.84  patience=7/30
2026-10-08 09:18:42,704  gsv3.training             INFO     [group_holdout:fourier] epoch 0161  train_log_mse=0.02324  val_log_mse=3.28566  val_mse=0.019189  max_grad=16.18  patience=8/30
2026-10-08 09:20:01,846  gsv3.training             INFO     [group_holdout:fourier] epoch 0162  train_log_mse=0.02433  val_log_mse=3.29304  val_mse=0.019288  max_grad=13.50  patience=9/30
2026-10-08 09:21:20,533  gsv3.training             INFO     [group_holdout:fourier] epoch 0163  train_log_mse=0.02379  val_log_mse=3.28766  val_mse=0.018501  max_grad=21.99  patience=10/30
2026-10-08 09:22:39,530  gsv3.training             INFO     [group_holdout:fourier] epoch 0164  train_log_mse=0.02354  val_log_mse=3.30560  val_mse=0.018850  max_grad=18.41  patience=11/30
2026-10-08 09:23:57,193  gsv3.training             INFO     [group_holdout:fourier] epoch 0165  train_log_mse=0.02250  val_log_mse=3.31067  val_mse=0.018858  max_grad=16.92  patience=12/30
2026-10-08 09:25:15,824  gsv3.training             INFO     [group_holdout:fourier] epoch 0166  train_log_mse=0.02421  val_log_mse=3.29511  val_mse=0.019077  max_grad=22.74  patience=13/30
2026-10-08 09:26:33,680  gsv3.training             INFO     [group_holdout:fourier] epoch 0167  train_log_mse=0.02248  val_log_mse=3.33683  val_mse=0.019610  max_grad=13.35  patience=14/30
2026-10-08 09:27:52,523  gsv3.training             INFO     [group_holdout:fourier] epoch 0168  train_log_mse=0.02285  val_log_mse=3.35650  val_mse=0.020311  max_grad=14.98  patience=15/30
2026-10-08 09:29:11,449  gsv3.training             INFO     [group_holdout:fourier] epoch 0169  train_log_mse=0.02261  val_log_mse=3.31413  val_mse=0.018650  max_grad=15.31  patience=16/30
2026-10-08 09:30:30,128  gsv3.training             INFO     [group_holdout:fourier] epoch 0170  train_log_mse=0.02262  val_log_mse=3.29778  val_mse=0.018753  max_grad=17.81  patience=17/30
2026-10-08 09:31:48,746  gsv3.training             INFO     [group_holdout:fourier] epoch 0171  train_log_mse=0.02117  val_log_mse=3.35010  val_mse=0.018564  max_grad=15.35  patience=18/30
2026-10-08 09:33:06,938  gsv3.training             INFO     [group_holdout:fourier] epoch 0172  train_log_mse=0.02376  val_log_mse=3.36283  val_mse=0.018689  max_grad=17.04  patience=19/30
2026-10-08 09:34:25,853  gsv3.training             INFO     [group_holdout:fourier] epoch 0173  train_log_mse=0.02201  val_log_mse=3.37667  val_mse=0.019455  max_grad=16.34  patience=20/30
2026-10-08 09:35:44,510  gsv3.training             INFO     [group_holdout:fourier] epoch 0174  train_log_mse=0.02242  val_log_mse=3.43148  val_mse=0.020142  max_grad=14.06  patience=21/30
2026-10-08 09:37:04,116  gsv3.training             INFO     [group_holdout:fourier] epoch 0175  train_log_mse=0.02354  val_log_mse=3.35638  val_mse=0.019979  max_grad=16.64  patience=22/30
2026-10-08 09:38:22,510  gsv3.training             INFO     [group_holdout:fourier] epoch 0176  train_log_mse=0.02207  val_log_mse=3.34568  val_mse=0.019349  max_grad=16.91  patience=23/30
2026-10-08 09:39:40,745  gsv3.training             INFO     [group_holdout:fourier] epoch 0177  train_log_mse=0.02281  val_log_mse=3.38062  val_mse=0.018740  max_grad=14.14  patience=24/30
2026-10-08 09:40:58,391  gsv3.training             INFO     [group_holdout:fourier] epoch 0178  train_log_mse=0.02102  val_log_mse=3.34968  val_mse=0.018619  max_grad=20.49  patience=25/30
2026-10-08 09:42:17,221  gsv3.training             INFO     [group_holdout:fourier] epoch 0179  train_log_mse=0.02228  val_log_mse=3.32264  val_mse=0.018863  max_grad=18.03  patience=26/30
2026-10-08 09:43:35,598  gsv3.training             INFO     [group_holdout:fourier] epoch 0180  train_log_mse=0.02064  val_log_mse=3.37465  val_mse=0.018152  max_grad=15.17  patience=27/30
2026-10-08 09:44:54,187  gsv3.training             INFO     [group_holdout:fourier] epoch 0181  train_log_mse=0.02466  val_log_mse=3.33683  val_mse=0.018932  max_grad=18.16  patience=28/30
2026-10-08 09:46:12,660  gsv3.training             INFO     [group_holdout:fourier] epoch 0182  train_log_mse=0.02281  val_log_mse=3.31861  val_mse=0.018195  max_grad=23.20  patience=29/30
2026-10-08 09:47:30,695  gsv3.training             INFO     [group_holdout:fourier] epoch 0183  train_log_mse=0.02138  val_log_mse=3.33182  val_mse=0.018514  max_grad=14.58  patience=30/30
2026-10-08 09:47:35,658  gsv3.experiment           INFO     [fourier] TEST  n=2904  MAE=0.1326  R2=0.7313  device-acc=0.515  regret=0.0229
2026-10-08 09:47:35,661  genstudy.io               INFO     Wrote evaluations/generalization_v3/results/xattn_a00_s7/leave_one_group_out/fourier/metrics.json
2026-10-08 09:47:35,677  genstudy.io               INFO     Wrote evaluations/generalization_v3/results/xattn_a00_s7/leave_one_group_out/fourier/predictions.json
2026-10-08 09:47:35,689  genstudy.io               INFO     Wrote evaluations/generalization_v3/results/xattn_a00_s7/leave_one_group_out/fourier/history.json
2026-10-08 09:47:35,707  run_experiment            INFO     leave_one_group_out finished: 1 complete, 0 skipped
