2026-10-07 18:02:29,527  genstudy.io               INFO     Logging to evaluations/generalization_v3/results/pooled_stab_a00/random_control/run.log
2026-10-07 18:02:29,527  run_experiment            INFO     Command line: evaluations/generalization_v3/scripts/run_experiment.py control --model pooled --balance-alpha 0 --lr 3e-4 --grad-clip 1.0 --results-dir evaluations/generalization_v3/results/pooled_stab_a00
2026-10-07 18:02:29,966  gsv2.gpu                  INFO     GPU: NVIDIA H200
2026-10-07 18:02:29,968  gsv3.model                INFO     Hyper-parameters (/home/atudisco/pred-distr-tool/src/model/best_params.json + v3 defaults): {'device_hidden': 64, 'device_layers': 3, 'fusion_dim': 128, 'qubit_layers': 2, 'attn_heads': 4, 'lap_pe': 8, 'cost_bias_init': -6.0, 'hidden_dim': 142, 'num_conv_wo_resnet': 3, 'num_resnet_layers': 1, 'dropout': 0.0, 'bidirectional': True, 'mlp': [512, 256, 128], 'lr': 0.001, 'readout': 'meanmaxsum'}
2026-10-07 18:02:29,977  genstudy.data             INFO     Loading graph dataset: /home/atudisco/compileCircuits/graph_dataset_expected_fidelity.pt
2026-10-07 18:02:32,714  genstudy.data             INFO     Loaded 17056 graphs
2026-10-07 18:02:32,744  genstudy.io               INFO     Wrote evaluations/generalization_v3/results/pooled_stab_a00/random_control/dataset_summary.json
2026-10-07 18:02:32,828  run_experiment            INFO     [1/1] random_seed5
2026-10-07 18:02:32,831  gsv3.experiment           INFO     === random / random_seed5 ===
2026-10-07 18:02:32,831  gsv3.experiment           INFO     Random split stratified by fidelity (test_fraction=0.3, seed=5): train = 11939, test = 5117 circuits; families and sizes appear on both sides.
2026-10-07 18:02:32,832  gsv3.experiment           INFO     train=9551  val=2388 ({'mode': 'random'})  test=5117
2026-10-07 18:02:32,900  gsv3.training             INFO     [random:random_seed5] model=pooled (601177 params) train=9551 val=2388 lr=0.0003 clip=1.0 alpha=0.00
2026-10-07 18:02:45,462  gsv3.training             INFO     [random:random_seed5] epoch 0001  train_log_mse=7.17409  val_log_mse=0.64550  val_mse=0.008689  max_grad=48508.95  patience=0/30
2026-10-07 18:02:57,794  gsv3.training             INFO     [random:random_seed5] epoch 0002  train_log_mse=0.53564  val_log_mse=0.50092  val_mse=0.005656  max_grad=922.47  patience=0/30
2026-10-07 18:03:11,139  gsv3.training             INFO     [random:random_seed5] epoch 0003  train_log_mse=0.35571  val_log_mse=0.20235  val_mse=0.002961  max_grad=323.22  patience=0/30
2026-10-07 18:03:23,466  gsv3.training             INFO     [random:random_seed5] epoch 0004  train_log_mse=0.24018  val_log_mse=0.32614  val_mse=0.006102  max_grad=370.22  patience=1/30
2026-10-07 18:03:36,296  gsv3.training             INFO     [random:random_seed5] epoch 0005  train_log_mse=0.18469  val_log_mse=0.13996  val_mse=0.001979  max_grad=167.14  patience=0/30
2026-10-07 18:03:49,082  gsv3.training             INFO     [random:random_seed5] epoch 0006  train_log_mse=0.14681  val_log_mse=0.09742  val_mse=0.001669  max_grad=170.44  patience=0/30
2026-10-07 18:04:01,440  gsv3.training             INFO     [random:random_seed5] epoch 0007  train_log_mse=0.15479  val_log_mse=0.19218  val_mse=0.002998  max_grad=153.00  patience=1/30
2026-10-07 18:04:14,798  gsv3.training             INFO     [random:random_seed5] epoch 0008  train_log_mse=0.11986  val_log_mse=0.13293  val_mse=0.001668  max_grad=159.12  patience=0/30
2026-10-07 18:04:27,191  gsv3.training             INFO     [random:random_seed5] epoch 0009  train_log_mse=0.12210  val_log_mse=0.19733  val_mse=0.002110  max_grad=118.62  patience=1/30
2026-10-07 18:04:40,024  gsv3.training             INFO     [random:random_seed5] epoch 0010  train_log_mse=0.10916  val_log_mse=0.08560  val_mse=0.001337  max_grad=123.22  patience=0/30
2026-10-07 18:04:52,847  gsv3.training             INFO     [random:random_seed5] epoch 0011  train_log_mse=0.10444  val_log_mse=0.09358  val_mse=0.002173  max_grad=86.64  patience=1/30
2026-10-07 18:05:05,532  gsv3.training             INFO     [random:random_seed5] epoch 0012  train_log_mse=0.11419  val_log_mse=0.06372  val_mse=0.001201  max_grad=114.52  patience=0/30
2026-10-07 18:05:18,501  gsv3.training             INFO     [random:random_seed5] epoch 0013  train_log_mse=0.12150  val_log_mse=0.11598  val_mse=0.001119  max_grad=118.20  patience=0/30
2026-10-07 18:05:31,224  gsv3.training             INFO     [random:random_seed5] epoch 0014  train_log_mse=0.09067  val_log_mse=0.17540  val_mse=0.004297  max_grad=127.96  patience=1/30
2026-10-07 18:05:44,123  gsv3.training             INFO     [random:random_seed5] epoch 0015  train_log_mse=0.09405  val_log_mse=0.14848  val_mse=0.002625  max_grad=111.39  patience=2/30
2026-10-07 18:05:57,006  gsv3.training             INFO     [random:random_seed5] epoch 0016  train_log_mse=0.08050  val_log_mse=0.06523  val_mse=0.001133  max_grad=71.02  patience=3/30
2026-10-07 18:06:09,768  gsv3.training             INFO     [random:random_seed5] epoch 0017  train_log_mse=0.06389  val_log_mse=0.23686  val_mse=0.001368  max_grad=54.43  patience=4/30
2026-10-07 18:06:22,265  gsv3.training             INFO     [random:random_seed5] epoch 0018  train_log_mse=0.06717  val_log_mse=0.07911  val_mse=0.000996  max_grad=58.50  patience=0/30
2026-10-07 18:06:34,905  gsv3.training             INFO     [random:random_seed5] epoch 0019  train_log_mse=0.06472  val_log_mse=0.05500  val_mse=0.001151  max_grad=56.15  patience=1/30
2026-10-07 18:06:48,015  gsv3.training             INFO     [random:random_seed5] epoch 0020  train_log_mse=0.06367  val_log_mse=0.10028  val_mse=0.003654  max_grad=48.07  patience=2/30
2026-10-07 18:07:01,471  gsv3.training             INFO     [random:random_seed5] epoch 0021  train_log_mse=0.06335  val_log_mse=0.09722  val_mse=0.001684  max_grad=50.90  patience=3/30
2026-10-07 18:07:14,569  gsv3.training             INFO     [random:random_seed5] epoch 0022  train_log_mse=0.05891  val_log_mse=0.05463  val_mse=0.000796  max_grad=49.27  patience=0/30
2026-10-07 18:07:26,719  gsv3.training             INFO     [random:random_seed5] epoch 0023  train_log_mse=0.06379  val_log_mse=0.08962  val_mse=0.001763  max_grad=53.48  patience=1/30
2026-10-07 18:07:39,841  gsv3.training             INFO     [random:random_seed5] epoch 0024  train_log_mse=0.05514  val_log_mse=0.05736  val_mse=0.002052  max_grad=54.44  patience=2/30
2026-10-07 18:07:52,394  gsv3.training             INFO     [random:random_seed5] epoch 0025  train_log_mse=0.05506  val_log_mse=0.05048  val_mse=0.000946  max_grad=49.27  patience=3/30
2026-10-07 18:08:05,042  gsv3.training             INFO     [random:random_seed5] epoch 0026  train_log_mse=0.05363  val_log_mse=0.05856  val_mse=0.001188  max_grad=42.87  patience=4/30
2026-10-07 18:08:18,062  gsv3.training             INFO     [random:random_seed5] epoch 0027  train_log_mse=0.05725  val_log_mse=0.05071  val_mse=0.001093  max_grad=34.75  patience=5/30
2026-10-07 18:08:30,377  gsv3.training             INFO     [random:random_seed5] epoch 0028  train_log_mse=0.04763  val_log_mse=0.06745  val_mse=0.001083  max_grad=35.62  patience=6/30
2026-10-07 18:08:43,644  gsv3.training             INFO     [random:random_seed5] epoch 0029  train_log_mse=0.05124  val_log_mse=0.06475  val_mse=0.001047  max_grad=58.56  patience=7/30
2026-10-07 18:08:55,823  gsv3.training             INFO     [random:random_seed5] epoch 0030  train_log_mse=0.04874  val_log_mse=0.05125  val_mse=0.001446  max_grad=39.05  patience=8/30
2026-10-07 18:09:08,355  gsv3.training             INFO     [random:random_seed5] epoch 0031  train_log_mse=0.04400  val_log_mse=0.06107  val_mse=0.000951  max_grad=32.49  patience=9/30
2026-10-07 18:09:21,255  gsv3.training             INFO     [random:random_seed5] epoch 0032  train_log_mse=0.04953  val_log_mse=0.06432  val_mse=0.000947  max_grad=35.17  patience=10/30
2026-10-07 18:09:33,507  gsv3.training             INFO     [random:random_seed5] epoch 0033  train_log_mse=0.04870  val_log_mse=0.04487  val_mse=0.001410  max_grad=42.15  patience=11/30
2026-10-07 18:09:46,910  gsv3.training             INFO     [random:random_seed5] epoch 0034  train_log_mse=0.04220  val_log_mse=0.08784  val_mse=0.000785  max_grad=25.78  patience=0/30
2026-10-07 18:09:59,270  gsv3.training             INFO     [random:random_seed5] epoch 0035  train_log_mse=0.04495  val_log_mse=0.07078  val_mse=0.000941  max_grad=36.70  patience=1/30
2026-10-07 18:10:12,073  gsv3.training             INFO     [random:random_seed5] epoch 0036  train_log_mse=0.04208  val_log_mse=0.05786  val_mse=0.000889  max_grad=33.76  patience=2/30
2026-10-07 18:10:25,131  gsv3.training             INFO     [random:random_seed5] epoch 0037  train_log_mse=0.04132  val_log_mse=0.04218  val_mse=0.000958  max_grad=28.66  patience=3/30
2026-10-07 18:10:37,397  gsv3.training             INFO     [random:random_seed5] epoch 0038  train_log_mse=0.04144  val_log_mse=0.05063  val_mse=0.000812  max_grad=30.05  patience=4/30
2026-10-07 18:10:50,861  gsv3.training             INFO     [random:random_seed5] epoch 0039  train_log_mse=0.04240  val_log_mse=0.04459  val_mse=0.001073  max_grad=30.01  patience=5/30
2026-10-07 18:11:03,211  gsv3.training             INFO     [random:random_seed5] epoch 0040  train_log_mse=0.03939  val_log_mse=0.04623  val_mse=0.000660  max_grad=21.63  patience=0/30
2026-10-07 18:11:16,057  gsv3.training             INFO     [random:random_seed5] epoch 0041  train_log_mse=0.03894  val_log_mse=0.04537  val_mse=0.000868  max_grad=43.39  patience=1/30
2026-10-07 18:11:28,885  gsv3.training             INFO     [random:random_seed5] epoch 0042  train_log_mse=0.03860  val_log_mse=0.03742  val_mse=0.000847  max_grad=27.25  patience=2/30
2026-10-07 18:11:41,333  gsv3.training             INFO     [random:random_seed5] epoch 0043  train_log_mse=0.04014  val_log_mse=0.04099  val_mse=0.001009  max_grad=34.15  patience=3/30
2026-10-07 18:11:54,158  gsv3.training             INFO     [random:random_seed5] epoch 0044  train_log_mse=0.04050  val_log_mse=0.04964  val_mse=0.001033  max_grad=31.50  patience=4/30
2026-10-07 18:12:06,744  gsv3.training             INFO     [random:random_seed5] epoch 0045  train_log_mse=0.03761  val_log_mse=0.04569  val_mse=0.000643  max_grad=24.39  patience=0/30
2026-10-07 18:12:19,568  gsv3.training             INFO     [random:random_seed5] epoch 0046  train_log_mse=0.03448  val_log_mse=0.05770  val_mse=0.000978  max_grad=33.10  patience=1/30
2026-10-07 18:12:32,454  gsv3.training             INFO     [random:random_seed5] epoch 0047  train_log_mse=0.03851  val_log_mse=0.04688  val_mse=0.000845  max_grad=24.38  patience=2/30
2026-10-07 18:12:45,203  gsv3.training             INFO     [random:random_seed5] epoch 0048  train_log_mse=0.03731  val_log_mse=0.04639  val_mse=0.000709  max_grad=28.96  patience=3/30
2026-10-07 18:12:57,524  gsv3.training             INFO     [random:random_seed5] epoch 0049  train_log_mse=0.03702  val_log_mse=0.04361  val_mse=0.000691  max_grad=35.78  patience=4/30
2026-10-07 18:13:10,497  gsv3.training             INFO     [random:random_seed5] epoch 0050  train_log_mse=0.03732  val_log_mse=0.05420  val_mse=0.000689  max_grad=29.35  patience=5/30
2026-10-07 18:13:23,238  gsv3.training             INFO     [random:random_seed5] epoch 0051  train_log_mse=0.03846  val_log_mse=0.04142  val_mse=0.000641  max_grad=29.15  patience=0/30
2026-10-07 18:13:36,098  gsv3.training             INFO     [random:random_seed5] epoch 0052  train_log_mse=0.03999  val_log_mse=0.03676  val_mse=0.000577  max_grad=34.16  patience=0/30
2026-10-07 18:13:49,132  gsv3.training             INFO     [random:random_seed5] epoch 0053  train_log_mse=0.03644  val_log_mse=0.04153  val_mse=0.000574  max_grad=25.66  patience=0/30
2026-10-07 18:14:01,467  gsv3.training             INFO     [random:random_seed5] epoch 0054  train_log_mse=0.03445  val_log_mse=0.03999  val_mse=0.001034  max_grad=23.75  patience=1/30
2026-10-07 18:14:14,718  gsv3.training             INFO     [random:random_seed5] epoch 0055  train_log_mse=0.03622  val_log_mse=0.03733  val_mse=0.000633  max_grad=27.61  patience=2/30
2026-10-07 18:14:27,174  gsv3.training             INFO     [random:random_seed5] epoch 0056  train_log_mse=0.03720  val_log_mse=0.04550  val_mse=0.001199  max_grad=27.93  patience=3/30
2026-10-07 18:14:39,523  gsv3.training             INFO     [random:random_seed5] epoch 0057  train_log_mse=0.03509  val_log_mse=0.05445  val_mse=0.000859  max_grad=31.83  patience=4/30
2026-10-07 18:14:53,012  gsv3.training             INFO     [random:random_seed5] epoch 0058  train_log_mse=0.03917  val_log_mse=0.04245  val_mse=0.000732  max_grad=42.73  patience=5/30
2026-10-07 18:15:05,207  gsv3.training             INFO     [random:random_seed5] epoch 0059  train_log_mse=0.03177  val_log_mse=0.04072  val_mse=0.000728  max_grad=21.05  patience=6/30
2026-10-07 18:15:18,521  gsv3.training             INFO     [random:random_seed5] epoch 0060  train_log_mse=0.03649  val_log_mse=0.03942  val_mse=0.000538  max_grad=29.72  patience=0/30
2026-10-07 18:15:30,850  gsv3.training             INFO     [random:random_seed5] epoch 0061  train_log_mse=0.03569  val_log_mse=0.04498  val_mse=0.001211  max_grad=31.02  patience=1/30
2026-10-07 18:15:43,335  gsv3.training             INFO     [random:random_seed5] epoch 0062  train_log_mse=0.03182  val_log_mse=0.04629  val_mse=0.001643  max_grad=20.82  patience=2/30
2026-10-07 18:15:56,614  gsv3.training             INFO     [random:random_seed5] epoch 0063  train_log_mse=0.03300  val_log_mse=0.04074  val_mse=0.000595  max_grad=25.25  patience=3/30
2026-10-07 18:16:08,859  gsv3.training             INFO     [random:random_seed5] epoch 0064  train_log_mse=0.03181  val_log_mse=0.05296  val_mse=0.000607  max_grad=18.34  patience=4/30
2026-10-07 18:16:22,097  gsv3.training             INFO     [random:random_seed5] epoch 0065  train_log_mse=0.03199  val_log_mse=0.04466  val_mse=0.000682  max_grad=24.96  patience=5/30
2026-10-07 18:16:34,285  gsv3.training             INFO     [random:random_seed5] epoch 0066  train_log_mse=0.03306  val_log_mse=0.03750  val_mse=0.000548  max_grad=23.97  patience=6/30
2026-10-07 18:16:47,092  gsv3.training             INFO     [random:random_seed5] epoch 0067  train_log_mse=0.03152  val_log_mse=0.06009  val_mse=0.000856  max_grad=22.49  patience=7/30
2026-10-07 18:16:59,985  gsv3.training             INFO     [random:random_seed5] epoch 0068  train_log_mse=0.03277  val_log_mse=0.03993  val_mse=0.000551  max_grad=29.35  patience=8/30
2026-10-07 18:17:12,300  gsv3.training             INFO     [random:random_seed5] epoch 0069  train_log_mse=0.03309  val_log_mse=0.06454  val_mse=0.001186  max_grad=32.11  patience=9/30
2026-10-07 18:17:25,149  gsv3.training             INFO     [random:random_seed5] epoch 0070  train_log_mse=0.02971  val_log_mse=0.05981  val_mse=0.001558  max_grad=26.11  patience=10/30
2026-10-07 18:17:37,552  gsv3.training             INFO     [random:random_seed5] epoch 0071  train_log_mse=0.03253  val_log_mse=0.03850  val_mse=0.000672  max_grad=21.47  patience=11/30
2026-10-07 18:17:50,270  gsv3.training             INFO     [random:random_seed5] epoch 0072  train_log_mse=0.03323  val_log_mse=0.04951  val_mse=0.000798  max_grad=23.47  patience=12/30
2026-10-07 18:18:03,120  gsv3.training             INFO     [random:random_seed5] epoch 0073  train_log_mse=0.03015  val_log_mse=0.03956  val_mse=0.000681  max_grad=17.91  patience=13/30
2026-10-07 18:18:15,896  gsv3.training             INFO     [random:random_seed5] epoch 0074  train_log_mse=0.03194  val_log_mse=0.04182  val_mse=0.000876  max_grad=20.64  patience=14/30
2026-10-07 18:18:28,275  gsv3.training             INFO     [random:random_seed5] epoch 0075  train_log_mse=0.03135  val_log_mse=0.05035  val_mse=0.000955  max_grad=27.24  patience=15/30
2026-10-07 18:18:40,711  gsv3.training             INFO     [random:random_seed5] epoch 0076  train_log_mse=0.03004  val_log_mse=0.04118  val_mse=0.000827  max_grad=22.81  patience=16/30
2026-10-07 18:18:52,971  gsv3.training             INFO     [random:random_seed5] epoch 0077  train_log_mse=0.03326  val_log_mse=0.03811  val_mse=0.000706  max_grad=60.75  patience=17/30
2026-10-07 18:19:05,683  gsv3.training             INFO     [random:random_seed5] epoch 0078  train_log_mse=0.02989  val_log_mse=0.06261  val_mse=0.001295  max_grad=24.06  patience=18/30
2026-10-07 18:19:18,428  gsv3.training             INFO     [random:random_seed5] epoch 0079  train_log_mse=0.03191  val_log_mse=0.04435  val_mse=0.000834  max_grad=22.09  patience=19/30
2026-10-07 18:19:30,588  gsv3.training             INFO     [random:random_seed5] epoch 0080  train_log_mse=0.02914  val_log_mse=0.03958  val_mse=0.000700  max_grad=20.03  patience=20/30
2026-10-07 18:19:43,748  gsv3.training             INFO     [random:random_seed5] epoch 0081  train_log_mse=0.03028  val_log_mse=0.04981  val_mse=0.000987  max_grad=21.91  patience=21/30
2026-10-07 18:19:55,890  gsv3.training             INFO     [random:random_seed5] epoch 0082  train_log_mse=0.02952  val_log_mse=0.03572  val_mse=0.000592  max_grad=23.02  patience=22/30
2026-10-07 18:20:08,772  gsv3.training             INFO     [random:random_seed5] epoch 0083  train_log_mse=0.03121  val_log_mse=0.04922  val_mse=0.000823  max_grad=27.11  patience=23/30
2026-10-07 18:20:21,413  gsv3.training             INFO     [random:random_seed5] epoch 0084  train_log_mse=0.02966  val_log_mse=0.04239  val_mse=0.000674  max_grad=21.54  patience=24/30
2026-10-07 18:20:33,532  gsv3.training             INFO     [random:random_seed5] epoch 0085  train_log_mse=0.02892  val_log_mse=0.04609  val_mse=0.000717  max_grad=26.00  patience=25/30
2026-10-07 18:20:46,902  gsv3.training             INFO     [random:random_seed5] epoch 0086  train_log_mse=0.02782  val_log_mse=0.03646  val_mse=0.000542  max_grad=20.17  patience=26/30
2026-10-07 18:20:59,003  gsv3.training             INFO     [random:random_seed5] epoch 0087  train_log_mse=0.02837  val_log_mse=0.03536  val_mse=0.000495  max_grad=20.26  patience=0/30
2026-10-07 18:21:12,063  gsv3.training             INFO     [random:random_seed5] epoch 0088  train_log_mse=0.02769  val_log_mse=0.04017  val_mse=0.000500  max_grad=28.16  patience=1/30
2026-10-07 18:21:24,115  gsv3.training             INFO     [random:random_seed5] epoch 0089  train_log_mse=0.03012  val_log_mse=0.12854  val_mse=0.001238  max_grad=34.62  patience=2/30
2026-10-07 18:21:36,184  gsv3.training             INFO     [random:random_seed5] epoch 0090  train_log_mse=0.03127  val_log_mse=0.03887  val_mse=0.000681  max_grad=39.08  patience=3/30
2026-10-07 18:21:49,393  gsv3.training             INFO     [random:random_seed5] epoch 0091  train_log_mse=0.02885  val_log_mse=0.03654  val_mse=0.000666  max_grad=19.17  patience=4/30
2026-10-07 18:22:01,641  gsv3.training             INFO     [random:random_seed5] epoch 0092  train_log_mse=0.02911  val_log_mse=0.03701  val_mse=0.000560  max_grad=21.82  patience=5/30
2026-10-07 18:22:14,865  gsv3.training             INFO     [random:random_seed5] epoch 0093  train_log_mse=0.02623  val_log_mse=0.03722  val_mse=0.000576  max_grad=29.59  patience=6/30
2026-10-07 18:22:27,218  gsv3.training             INFO     [random:random_seed5] epoch 0094  train_log_mse=0.02713  val_log_mse=0.03713  val_mse=0.000493  max_grad=21.26  patience=0/30
2026-10-07 18:22:39,838  gsv3.training             INFO     [random:random_seed5] epoch 0095  train_log_mse=0.02863  val_log_mse=0.04031  val_mse=0.000804  max_grad=26.32  patience=1/30
2026-10-07 18:22:52,693  gsv3.training             INFO     [random:random_seed5] epoch 0096  train_log_mse=0.02711  val_log_mse=0.07350  val_mse=0.001053  max_grad=16.46  patience=2/30
2026-10-07 18:23:04,864  gsv3.training             INFO     [random:random_seed5] epoch 0097  train_log_mse=0.02757  val_log_mse=0.03577  val_mse=0.000600  max_grad=19.86  patience=3/30
2026-10-07 18:23:17,882  gsv3.training             INFO     [random:random_seed5] epoch 0098  train_log_mse=0.02574  val_log_mse=0.03900  val_mse=0.000682  max_grad=19.21  patience=4/30
2026-10-07 18:23:30,416  gsv3.training             INFO     [random:random_seed5] epoch 0099  train_log_mse=0.02813  val_log_mse=0.03821  val_mse=0.000543  max_grad=22.73  patience=5/30
2026-10-07 18:23:43,143  gsv3.training             INFO     [random:random_seed5] epoch 0100  train_log_mse=0.02589  val_log_mse=0.03574  val_mse=0.000624  max_grad=20.97  patience=6/30
2026-10-07 18:23:55,858  gsv3.training             INFO     [random:random_seed5] epoch 0101  train_log_mse=0.02667  val_log_mse=0.04460  val_mse=0.000631  max_grad=16.86  patience=7/30
2026-10-07 18:24:08,462  gsv3.training             INFO     [random:random_seed5] epoch 0102  train_log_mse=0.02551  val_log_mse=0.03588  val_mse=0.000595  max_grad=16.93  patience=8/30
2026-10-07 18:24:20,885  gsv3.training             INFO     [random:random_seed5] epoch 0103  train_log_mse=0.02647  val_log_mse=0.03935  val_mse=0.000810  max_grad=25.32  patience=9/30
2026-10-07 18:24:33,415  gsv3.training             INFO     [random:random_seed5] epoch 0104  train_log_mse=0.02664  val_log_mse=0.04076  val_mse=0.000658  max_grad=23.55  patience=10/30
2026-10-07 18:24:46,078  gsv3.training             INFO     [random:random_seed5] epoch 0105  train_log_mse=0.02487  val_log_mse=0.04162  val_mse=0.000733  max_grad=17.35  patience=11/30
2026-10-07 18:24:58,772  gsv3.training             INFO     [random:random_seed5] epoch 0106  train_log_mse=0.02550  val_log_mse=0.03588  val_mse=0.000481  max_grad=20.88  patience=0/30
2026-10-07 18:25:11,369  gsv3.training             INFO     [random:random_seed5] epoch 0107  train_log_mse=0.02594  val_log_mse=0.03961  val_mse=0.000511  max_grad=18.81  patience=1/30
2026-10-07 18:25:23,658  gsv3.training             INFO     [random:random_seed5] epoch 0108  train_log_mse=0.02538  val_log_mse=0.04463  val_mse=0.001000  max_grad=18.28  patience=2/30
2026-10-07 18:25:36,934  gsv3.training             INFO     [random:random_seed5] epoch 0109  train_log_mse=0.02595  val_log_mse=0.03652  val_mse=0.000650  max_grad=19.90  patience=3/30
2026-10-07 18:25:49,525  gsv3.training             INFO     [random:random_seed5] epoch 0110  train_log_mse=0.02467  val_log_mse=0.04211  val_mse=0.000455  max_grad=21.78  patience=0/30
2026-10-07 18:26:02,319  gsv3.training             INFO     [random:random_seed5] epoch 0111  train_log_mse=0.02558  val_log_mse=0.03753  val_mse=0.000593  max_grad=21.04  patience=1/30
2026-10-07 18:26:15,343  gsv3.training             INFO     [random:random_seed5] epoch 0112  train_log_mse=0.02427  val_log_mse=0.04027  val_mse=0.000545  max_grad=18.38  patience=2/30
2026-10-07 18:26:27,698  gsv3.training             INFO     [random:random_seed5] epoch 0113  train_log_mse=0.02506  val_log_mse=0.04158  val_mse=0.000676  max_grad=16.33  patience=3/30
2026-10-07 18:26:41,086  gsv3.training             INFO     [random:random_seed5] epoch 0114  train_log_mse=0.02563  val_log_mse=0.03654  val_mse=0.000549  max_grad=22.30  patience=4/30
2026-10-07 18:26:53,321  gsv3.training             INFO     [random:random_seed5] epoch 0115  train_log_mse=0.02507  val_log_mse=0.03602  val_mse=0.000517  max_grad=25.05  patience=5/30
2026-10-07 18:27:05,797  gsv3.training             INFO     [random:random_seed5] epoch 0116  train_log_mse=0.02463  val_log_mse=0.04039  val_mse=0.000557  max_grad=16.97  patience=6/30
2026-10-07 18:27:18,762  gsv3.training             INFO     [random:random_seed5] epoch 0117  train_log_mse=0.02378  val_log_mse=0.03556  val_mse=0.000544  max_grad=22.73  patience=7/30
2026-10-07 18:27:30,819  gsv3.training             INFO     [random:random_seed5] epoch 0118  train_log_mse=0.02636  val_log_mse=0.03910  val_mse=0.000576  max_grad=25.06  patience=8/30
2026-10-07 18:27:44,053  gsv3.training             INFO     [random:random_seed5] epoch 0119  train_log_mse=0.02546  val_log_mse=0.03747  val_mse=0.000633  max_grad=18.31  patience=9/30
2026-10-07 18:27:56,032  gsv3.training             INFO     [random:random_seed5] epoch 0120  train_log_mse=0.02345  val_log_mse=0.03686  val_mse=0.000474  max_grad=18.13  patience=10/30
2026-10-07 18:28:08,638  gsv3.training             INFO     [random:random_seed5] epoch 0121  train_log_mse=0.02276  val_log_mse=0.04612  val_mse=0.000686  max_grad=17.32  patience=11/30
2026-10-07 18:28:21,250  gsv3.training             INFO     [random:random_seed5] epoch 0122  train_log_mse=0.02357  val_log_mse=0.03638  val_mse=0.000610  max_grad=19.29  patience=12/30
2026-10-07 18:28:33,475  gsv3.training             INFO     [random:random_seed5] epoch 0123  train_log_mse=0.02266  val_log_mse=0.03947  val_mse=0.000473  max_grad=17.68  patience=13/30
2026-10-07 18:28:46,681  gsv3.training             INFO     [random:random_seed5] epoch 0124  train_log_mse=0.02271  val_log_mse=0.03734  val_mse=0.000513  max_grad=18.91  patience=14/30
2026-10-07 18:28:58,797  gsv3.training             INFO     [random:random_seed5] epoch 0125  train_log_mse=0.02324  val_log_mse=0.03948  val_mse=0.000560  max_grad=21.63  patience=15/30
2026-10-07 18:29:11,751  gsv3.training             INFO     [random:random_seed5] epoch 0126  train_log_mse=0.02279  val_log_mse=0.03769  val_mse=0.000496  max_grad=17.93  patience=16/30
2026-10-07 18:29:24,476  gsv3.training             INFO     [random:random_seed5] epoch 0127  train_log_mse=0.02447  val_log_mse=0.03945  val_mse=0.000676  max_grad=21.68  patience=17/30
2026-10-07 18:29:36,989  gsv3.training             INFO     [random:random_seed5] epoch 0128  train_log_mse=0.02435  val_log_mse=0.04054  val_mse=0.000459  max_grad=16.56  patience=18/30
2026-10-07 18:29:49,921  gsv3.training             INFO     [random:random_seed5] epoch 0129  train_log_mse=0.02309  val_log_mse=0.04087  val_mse=0.000467  max_grad=18.42  patience=19/30
2026-10-07 18:30:02,014  gsv3.training             INFO     [random:random_seed5] epoch 0130  train_log_mse=0.02374  val_log_mse=0.03899  val_mse=0.000468  max_grad=27.13  patience=20/30
2026-10-07 18:30:14,730  gsv3.training             INFO     [random:random_seed5] epoch 0131  train_log_mse=0.02216  val_log_mse=0.03976  val_mse=0.000548  max_grad=15.84  patience=21/30
2026-10-07 18:30:27,516  gsv3.training             INFO     [random:random_seed5] epoch 0132  train_log_mse=0.02464  val_log_mse=0.04601  val_mse=0.000522  max_grad=26.07  patience=22/30
2026-10-07 18:30:40,226  gsv3.training             INFO     [random:random_seed5] epoch 0133  train_log_mse=0.02297  val_log_mse=0.04567  val_mse=0.000639  max_grad=18.53  patience=23/30
2026-10-07 18:30:52,874  gsv3.training             INFO     [random:random_seed5] epoch 0134  train_log_mse=0.02341  val_log_mse=0.05021  val_mse=0.000502  max_grad=17.36  patience=24/30
2026-10-07 18:31:05,568  gsv3.training             INFO     [random:random_seed5] epoch 0135  train_log_mse=0.02357  val_log_mse=0.04476  val_mse=0.000546  max_grad=17.30  patience=25/30
2026-10-07 18:31:17,889  gsv3.training             INFO     [random:random_seed5] epoch 0136  train_log_mse=0.02263  val_log_mse=0.03777  val_mse=0.000465  max_grad=17.42  patience=26/30
2026-10-07 18:31:30,566  gsv3.training             INFO     [random:random_seed5] epoch 0137  train_log_mse=0.02305  val_log_mse=0.03556  val_mse=0.000463  max_grad=20.92  patience=27/30
2026-10-07 18:31:43,249  gsv3.training             INFO     [random:random_seed5] epoch 0138  train_log_mse=0.02244  val_log_mse=0.03768  val_mse=0.000543  max_grad=18.31  patience=28/30
2026-10-07 18:31:55,724  gsv3.training             INFO     [random:random_seed5] epoch 0139  train_log_mse=0.02269  val_log_mse=0.05024  val_mse=0.000510  max_grad=19.36  patience=29/30
2026-10-07 18:32:08,713  gsv3.training             INFO     [random:random_seed5] epoch 0140  train_log_mse=0.02196  val_log_mse=0.03936  val_mse=0.000470  max_grad=20.57  patience=30/30
2026-10-07 18:32:13,372  gsv3.experiment           INFO     [random_seed5] TEST  n=5117  MAE=0.0128  R2=0.9949  device-acc=0.701  regret=0.0026
2026-10-07 18:32:13,396  genstudy.io               INFO     Wrote evaluations/generalization_v3/results/pooled_stab_a00/random_control/random_seed5/metrics.json
2026-10-07 18:32:13,438  genstudy.io               INFO     Wrote evaluations/generalization_v3/results/pooled_stab_a00/random_control/random_seed5/predictions.json
2026-10-07 18:32:13,451  genstudy.io               INFO     Wrote evaluations/generalization_v3/results/pooled_stab_a00/random_control/random_seed5/history.json
2026-10-07 18:32:13,482  run_experiment            INFO     random_control finished: 1 complete, 0 skipped
