2026-10-08 18:18:07,880  genstudy.io               INFO     Logging to evaluations/generalization_v6/results/v4u_phys/leave_one_group_out/run.log
2026-10-08 18:18:07,880  run_experiment            INFO     Command line: evaluations/generalization_v3/scripts/run_experiment.py logo --model phys_uniform --balance-alpha 0 --lr 3e-4 --grad-clip 1.0 --seed 5 --families variational --groups variational --loss mixed --val-mode random --results-dir evaluations/generalization_v6/results/v4u_phys
2026-10-08 18:18:07,880  gsv2.gpu                  WARNING  No CUDA device available — running on the CPU.
2026-10-08 18:18:07,881  gsv3.model                INFO     Hyper-parameters (/home/atudisco/pred-distr-tool/src/model/best_params.json + v3 defaults): {'device_hidden': 64, 'device_layers': 3, 'fusion_dim': 128, 'qubit_layers': 2, 'attn_heads': 4, 'lap_pe': 8, 'cost_bias_init': -6.0, 'hidden_dim': 142, 'num_conv_wo_resnet': 3, 'num_resnet_layers': 1, 'dropout': 0.0, 'bidirectional': True, 'mlp': [512, 256, 128], 'lr': 0.001, 'readout': 'meanmaxsum'}
2026-10-08 18:18:07,895  gsv3.devices              INFO     Device graphs: node features 13 (Laplacian PE 8), physical errors True
2026-10-08 18:18:07,896  genstudy.data             INFO     Loading graph dataset: /home/atudisco/pred-distr-tool/evaluations/generalization_v3/data/graph_dataset_expected_fidelity.pt
2026-10-08 18:18:11,405  genstudy.data             INFO     Loaded 17056 graphs
2026-10-08 18:18:11,446  genstudy.io               INFO     Wrote evaluations/generalization_v6/results/v4u_phys/leave_one_group_out/dataset_summary.json
2026-10-08 18:18:11,448  run_experiment            INFO     [1/1] variational
2026-10-08 18:18:11,451  gsv3.experiment           INFO     === group_holdout / variational ===
2026-10-08 18:18:11,451  gsv3.experiment           INFO     Leave-one-group-out: test = all 9928 circuits of group 'variational' (qnn, vqe_real_amp, vqe_su2, vqe_two_local), train = 7128 circuits from the other 31 families.
2026-10-08 18:18:11,451  gsv3.experiment           INFO     train=5702  val=1426 ({'mode': 'random'})  test=9928
2026-10-08 18:18:11,526  gsv3.training             INFO     [group_holdout:variational] model=phys_uniform (945374 params) train=5702 val=1426 lr=0.0003 clip=1.0 alpha=0.00
2026-10-08 18:19:06,689  gsv3.training             INFO     [group_holdout:variational] epoch 0001  train_log_mse=0.98471  val_log_mse=0.88837  val_mse=0.005784  max_grad=89.92  patience=0/30
2026-10-08 18:20:02,095  gsv3.training             INFO     [group_holdout:variational] epoch 0002  train_log_mse=0.07059  val_log_mse=0.49259  val_mse=0.003191  max_grad=9.41  patience=0/30
2026-10-08 18:20:57,248  gsv3.training             INFO     [group_holdout:variational] epoch 0003  train_log_mse=0.05130  val_log_mse=0.51456  val_mse=0.002093  max_grad=5.21  patience=0/30
2026-10-08 18:21:52,686  gsv3.training             INFO     [group_holdout:variational] epoch 0004  train_log_mse=0.04080  val_log_mse=0.51691  val_mse=0.002269  max_grad=13.00  patience=1/30
2026-10-08 18:22:50,544  gsv3.training             INFO     [group_holdout:variational] epoch 0005  train_log_mse=0.03124  val_log_mse=0.34483  val_mse=0.001853  max_grad=3.18  patience=0/30
2026-10-08 18:23:44,678  gsv3.training             INFO     [group_holdout:variational] epoch 0006  train_log_mse=0.02777  val_log_mse=0.32380  val_mse=0.001965  max_grad=4.74  patience=1/30
2026-10-08 18:24:39,482  gsv3.training             INFO     [group_holdout:variational] epoch 0007  train_log_mse=0.02666  val_log_mse=0.31254  val_mse=0.001502  max_grad=3.06  patience=0/30
2026-10-08 18:25:34,646  gsv3.training             INFO     [group_holdout:variational] epoch 0008  train_log_mse=0.02230  val_log_mse=0.27842  val_mse=0.001406  max_grad=3.11  patience=0/30
2026-10-08 18:26:29,850  gsv3.training             INFO     [group_holdout:variational] epoch 0009  train_log_mse=0.02034  val_log_mse=0.24669  val_mse=0.001300  max_grad=2.48  patience=0/30
2026-10-08 18:27:25,004  gsv3.training             INFO     [group_holdout:variational] epoch 0010  train_log_mse=0.01804  val_log_mse=0.32152  val_mse=0.001425  max_grad=2.61  patience=1/30
2026-10-08 18:28:20,116  gsv3.training             INFO     [group_holdout:variational] epoch 0011  train_log_mse=0.01524  val_log_mse=0.29322  val_mse=0.001593  max_grad=2.26  patience=2/30
2026-10-08 18:29:15,415  gsv3.training             INFO     [group_holdout:variational] epoch 0012  train_log_mse=0.01588  val_log_mse=0.21092  val_mse=0.001308  max_grad=3.45  patience=3/30
2026-10-08 18:30:10,560  gsv3.training             INFO     [group_holdout:variational] epoch 0013  train_log_mse=0.01398  val_log_mse=0.21288  val_mse=0.001211  max_grad=2.16  patience=0/30
2026-10-08 18:31:05,586  gsv3.training             INFO     [group_holdout:variational] epoch 0014  train_log_mse=0.01220  val_log_mse=0.25462  val_mse=0.001233  max_grad=1.65  patience=1/30
2026-10-08 18:32:00,714  gsv3.training             INFO     [group_holdout:variational] epoch 0015  train_log_mse=0.01446  val_log_mse=0.26418  val_mse=0.001139  max_grad=2.30  patience=0/30
2026-10-08 18:32:56,322  gsv3.training             INFO     [group_holdout:variational] epoch 0016  train_log_mse=0.01128  val_log_mse=0.21590  val_mse=0.001105  max_grad=1.66  patience=0/30
2026-10-08 18:33:51,060  gsv3.training             INFO     [group_holdout:variational] epoch 0017  train_log_mse=0.01089  val_log_mse=0.28293  val_mse=0.001310  max_grad=1.46  patience=1/30
2026-10-08 18:34:45,450  gsv3.training             INFO     [group_holdout:variational] epoch 0018  train_log_mse=0.01078  val_log_mse=0.21864  val_mse=0.001106  max_grad=2.24  patience=2/30
2026-10-08 18:35:39,716  gsv3.training             INFO     [group_holdout:variational] epoch 0019  train_log_mse=0.01075  val_log_mse=0.26545  val_mse=0.001058  max_grad=1.43  patience=0/30
2026-10-08 18:36:34,174  gsv3.training             INFO     [group_holdout:variational] epoch 0020  train_log_mse=0.01039  val_log_mse=0.20510  val_mse=0.001156  max_grad=1.44  patience=1/30
2026-10-08 18:37:28,572  gsv3.training             INFO     [group_holdout:variational] epoch 0021  train_log_mse=0.01008  val_log_mse=0.23858  val_mse=0.001119  max_grad=1.26  patience=2/30
2026-10-08 18:38:23,028  gsv3.training             INFO     [group_holdout:variational] epoch 0022  train_log_mse=0.01084  val_log_mse=0.24382  val_mse=0.001067  max_grad=3.76  patience=3/30
2026-10-08 18:39:17,540  gsv3.training             INFO     [group_holdout:variational] epoch 0023  train_log_mse=0.00906  val_log_mse=0.24841  val_mse=0.001050  max_grad=1.17  patience=0/30
2026-10-08 18:40:12,111  gsv3.training             INFO     [group_holdout:variational] epoch 0024  train_log_mse=0.00836  val_log_mse=0.20245  val_mse=0.001006  max_grad=1.43  patience=0/30
2026-10-08 18:41:06,755  gsv3.training             INFO     [group_holdout:variational] epoch 0025  train_log_mse=0.00959  val_log_mse=0.25732  val_mse=0.001070  max_grad=2.02  patience=1/30
2026-10-08 18:42:01,205  gsv3.training             INFO     [group_holdout:variational] epoch 0026  train_log_mse=0.00959  val_log_mse=0.18266  val_mse=0.001078  max_grad=1.66  patience=2/30
2026-10-08 18:42:55,772  gsv3.training             INFO     [group_holdout:variational] epoch 0027  train_log_mse=0.00926  val_log_mse=0.19382  val_mse=0.000947  max_grad=1.62  patience=0/30
2026-10-08 18:43:50,842  gsv3.training             INFO     [group_holdout:variational] epoch 0028  train_log_mse=0.00750  val_log_mse=0.22498  val_mse=0.000899  max_grad=1.11  patience=0/30
2026-10-08 18:44:46,117  gsv3.training             INFO     [group_holdout:variational] epoch 0029  train_log_mse=0.00775  val_log_mse=0.19205  val_mse=0.000975  max_grad=1.61  patience=1/30
2026-10-08 18:45:41,490  gsv3.training             INFO     [group_holdout:variational] epoch 0030  train_log_mse=0.00824  val_log_mse=0.20044  val_mse=0.000939  max_grad=1.43  patience=2/30
2026-10-08 18:46:36,855  gsv3.training             INFO     [group_holdout:variational] epoch 0031  train_log_mse=0.00903  val_log_mse=0.24134  val_mse=0.001082  max_grad=1.31  patience=3/30
2026-10-08 18:47:32,108  gsv3.training             INFO     [group_holdout:variational] epoch 0032  train_log_mse=0.00890  val_log_mse=0.20315  val_mse=0.000990  max_grad=1.24  patience=4/30
2026-10-08 18:48:27,465  gsv3.training             INFO     [group_holdout:variational] epoch 0033  train_log_mse=0.00696  val_log_mse=0.25145  val_mse=0.000978  max_grad=1.55  patience=5/30
2026-10-08 18:49:22,701  gsv3.training             INFO     [group_holdout:variational] epoch 0034  train_log_mse=0.00755  val_log_mse=0.21597  val_mse=0.000953  max_grad=1.29  patience=6/30
2026-10-08 18:50:17,967  gsv3.training             INFO     [group_holdout:variational] epoch 0035  train_log_mse=0.00728  val_log_mse=0.19045  val_mse=0.000952  max_grad=1.08  patience=7/30
2026-10-08 18:51:13,311  gsv3.training             INFO     [group_holdout:variational] epoch 0036  train_log_mse=0.00713  val_log_mse=0.19483  val_mse=0.000936  max_grad=2.26  patience=8/30
2026-10-08 18:52:08,199  gsv3.training             INFO     [group_holdout:variational] epoch 0037  train_log_mse=0.00791  val_log_mse=0.21297  val_mse=0.000945  max_grad=1.87  patience=9/30
2026-10-08 18:53:03,750  gsv3.training             INFO     [group_holdout:variational] epoch 0038  train_log_mse=0.00737  val_log_mse=0.22812  val_mse=0.000984  max_grad=1.28  patience=10/30
2026-10-08 18:53:59,167  gsv3.training             INFO     [group_holdout:variational] epoch 0039  train_log_mse=0.00647  val_log_mse=0.19152  val_mse=0.000908  max_grad=0.97  patience=11/30
2026-10-08 18:54:54,645  gsv3.training             INFO     [group_holdout:variational] epoch 0040  train_log_mse=0.00682  val_log_mse=0.21071  val_mse=0.001003  max_grad=1.03  patience=12/30
2026-10-08 18:55:49,750  gsv3.training             INFO     [group_holdout:variational] epoch 0041  train_log_mse=0.00656  val_log_mse=0.19023  val_mse=0.000877  max_grad=0.95  patience=0/30
2026-10-08 18:56:45,038  gsv3.training             INFO     [group_holdout:variational] epoch 0042  train_log_mse=0.00591  val_log_mse=0.21735  val_mse=0.000992  max_grad=0.64  patience=1/30
2026-10-08 18:57:40,436  gsv3.training             INFO     [group_holdout:variational] epoch 0043  train_log_mse=0.00630  val_log_mse=0.19739  val_mse=0.000916  max_grad=0.77  patience=2/30
2026-10-08 18:58:35,633  gsv3.training             INFO     [group_holdout:variational] epoch 0044  train_log_mse=0.00736  val_log_mse=0.20119  val_mse=0.000942  max_grad=1.14  patience=3/30
2026-10-08 18:59:30,780  gsv3.training             INFO     [group_holdout:variational] epoch 0045  train_log_mse=0.00636  val_log_mse=0.19115  val_mse=0.000981  max_grad=1.58  patience=4/30
2026-10-08 19:00:25,989  gsv3.training             INFO     [group_holdout:variational] epoch 0046  train_log_mse=0.00844  val_log_mse=0.18383  val_mse=0.000937  max_grad=1.27  patience=5/30
2026-10-08 19:01:21,220  gsv3.training             INFO     [group_holdout:variational] epoch 0047  train_log_mse=0.00639  val_log_mse=0.21951  val_mse=0.001073  max_grad=0.76  patience=6/30
2026-10-08 19:02:16,570  gsv3.training             INFO     [group_holdout:variational] epoch 0048  train_log_mse=0.00631  val_log_mse=0.19255  val_mse=0.000994  max_grad=0.99  patience=7/30
2026-10-08 19:03:11,660  gsv3.training             INFO     [group_holdout:variational] epoch 0049  train_log_mse=0.00678  val_log_mse=0.22090  val_mse=0.001033  max_grad=1.04  patience=8/30
2026-10-08 19:04:06,987  gsv3.training             INFO     [group_holdout:variational] epoch 0050  train_log_mse=0.00619  val_log_mse=0.19481  val_mse=0.000941  max_grad=1.02  patience=9/30
2026-10-08 19:05:02,154  gsv3.training             INFO     [group_holdout:variational] epoch 0051  train_log_mse=0.00592  val_log_mse=0.19600  val_mse=0.000981  max_grad=0.77  patience=10/30
2026-10-08 19:05:57,348  gsv3.training             INFO     [group_holdout:variational] epoch 0052  train_log_mse=0.00676  val_log_mse=0.19522  val_mse=0.000903  max_grad=1.28  patience=11/30
2026-10-08 19:06:52,618  gsv3.training             INFO     [group_holdout:variational] epoch 0053  train_log_mse=0.00640  val_log_mse=0.18101  val_mse=0.000935  max_grad=2.55  patience=12/30
2026-10-08 19:07:48,069  gsv3.training             INFO     [group_holdout:variational] epoch 0054  train_log_mse=0.00810  val_log_mse=0.20151  val_mse=0.000945  max_grad=1.34  patience=13/30
2026-10-08 19:08:43,254  gsv3.training             INFO     [group_holdout:variational] epoch 0055  train_log_mse=0.00617  val_log_mse=0.20297  val_mse=0.000968  max_grad=0.91  patience=14/30
2026-10-08 19:09:38,371  gsv3.training             INFO     [group_holdout:variational] epoch 0056  train_log_mse=0.00550  val_log_mse=0.20164  val_mse=0.000902  max_grad=0.92  patience=15/30
2026-10-08 19:10:33,574  gsv3.training             INFO     [group_holdout:variational] epoch 0057  train_log_mse=0.00552  val_log_mse=0.17315  val_mse=0.000921  max_grad=0.73  patience=16/30
2026-10-08 19:11:28,498  gsv3.training             INFO     [group_holdout:variational] epoch 0058  train_log_mse=0.00670  val_log_mse=0.18987  val_mse=0.000907  max_grad=1.21  patience=17/30
2026-10-08 19:12:23,461  gsv3.training             INFO     [group_holdout:variational] epoch 0059  train_log_mse=0.00553  val_log_mse=0.18928  val_mse=0.000895  max_grad=0.73  patience=18/30
2026-10-08 19:13:18,705  gsv3.training             INFO     [group_holdout:variational] epoch 0060  train_log_mse=0.00588  val_log_mse=0.18631  val_mse=0.000824  max_grad=1.08  patience=0/30
2026-10-08 19:14:13,378  gsv3.training             INFO     [group_holdout:variational] epoch 0061  train_log_mse=0.00613  val_log_mse=0.18754  val_mse=0.000888  max_grad=1.02  patience=1/30
2026-10-08 19:15:07,642  gsv3.training             INFO     [group_holdout:variational] epoch 0062  train_log_mse=0.00482  val_log_mse=0.20805  val_mse=0.000896  max_grad=0.60  patience=2/30
2026-10-08 19:16:01,776  gsv3.training             INFO     [group_holdout:variational] epoch 0063  train_log_mse=0.00572  val_log_mse=0.19607  val_mse=0.000891  max_grad=0.70  patience=3/30
2026-10-08 19:16:56,065  gsv3.training             INFO     [group_holdout:variational] epoch 0064  train_log_mse=0.00569  val_log_mse=0.19781  val_mse=0.000912  max_grad=1.01  patience=4/30
2026-10-08 19:17:50,526  gsv3.training             INFO     [group_holdout:variational] epoch 0065  train_log_mse=0.00529  val_log_mse=0.20103  val_mse=0.000861  max_grad=0.63  patience=5/30
2026-10-08 19:18:44,869  gsv3.training             INFO     [group_holdout:variational] epoch 0066  train_log_mse=0.00523  val_log_mse=0.19227  val_mse=0.000873  max_grad=0.65  patience=6/30
2026-10-08 19:19:39,109  gsv3.training             INFO     [group_holdout:variational] epoch 0067  train_log_mse=0.00497  val_log_mse=0.17787  val_mse=0.000872  max_grad=0.64  patience=7/30
2026-10-08 19:20:33,487  gsv3.training             INFO     [group_holdout:variational] epoch 0068  train_log_mse=0.00558  val_log_mse=0.20130  val_mse=0.000975  max_grad=0.81  patience=8/30
2026-10-08 19:21:26,587  gsv3.training             INFO     [group_holdout:variational] epoch 0069  train_log_mse=0.00525  val_log_mse=0.25586  val_mse=0.000932  max_grad=1.11  patience=9/30
2026-10-08 19:22:18,020  gsv3.training             INFO     [group_holdout:variational] epoch 0070  train_log_mse=0.00565  val_log_mse=0.19916  val_mse=0.000907  max_grad=1.36  patience=10/30
2026-10-08 19:23:07,870  gsv3.training             INFO     [group_holdout:variational] epoch 0071  train_log_mse=0.00515  val_log_mse=0.17773  val_mse=0.000856  max_grad=0.66  patience=11/30
2026-10-08 19:23:57,780  gsv3.training             INFO     [group_holdout:variational] epoch 0072  train_log_mse=0.00460  val_log_mse=0.23916  val_mse=0.000902  max_grad=0.65  patience=12/30
2026-10-08 19:24:47,727  gsv3.training             INFO     [group_holdout:variational] epoch 0073  train_log_mse=0.00725  val_log_mse=0.18371  val_mse=0.000968  max_grad=1.16  patience=13/30
2026-10-08 19:25:37,868  gsv3.training             INFO     [group_holdout:variational] epoch 0074  train_log_mse=0.00536  val_log_mse=0.19956  val_mse=0.000947  max_grad=0.94  patience=14/30
2026-10-08 19:26:27,795  gsv3.training             INFO     [group_holdout:variational] epoch 0075  train_log_mse=0.00517  val_log_mse=0.19034  val_mse=0.000995  max_grad=0.84  patience=15/30
2026-10-08 19:27:17,889  gsv3.training             INFO     [group_holdout:variational] epoch 0076  train_log_mse=0.00472  val_log_mse=0.17963  val_mse=0.000911  max_grad=0.46  patience=16/30
2026-10-08 19:28:08,815  gsv3.training             INFO     [group_holdout:variational] epoch 0077  train_log_mse=0.00466  val_log_mse=0.18600  val_mse=0.000916  max_grad=0.61  patience=17/30
2026-10-08 19:29:01,867  gsv3.training             INFO     [group_holdout:variational] epoch 0078  train_log_mse=0.00474  val_log_mse=0.18859  val_mse=0.000901  max_grad=0.77  patience=18/30
2026-10-08 19:29:54,996  gsv3.training             INFO     [group_holdout:variational] epoch 0079  train_log_mse=0.00537  val_log_mse=0.20925  val_mse=0.001032  max_grad=0.80  patience=19/30
2026-10-08 19:30:48,356  gsv3.training             INFO     [group_holdout:variational] epoch 0080  train_log_mse=0.00567  val_log_mse=0.18585  val_mse=0.000928  max_grad=0.86  patience=20/30
2026-10-08 19:31:39,646  gsv3.training             INFO     [group_holdout:variational] epoch 0081  train_log_mse=0.00533  val_log_mse=0.23659  val_mse=0.000984  max_grad=2.15  patience=21/30
2026-10-08 19:32:33,071  gsv3.training             INFO     [group_holdout:variational] epoch 0082  train_log_mse=0.00574  val_log_mse=0.18710  val_mse=0.000807  max_grad=1.00  patience=0/30
2026-10-08 19:33:26,719  gsv3.training             INFO     [group_holdout:variational] epoch 0083  train_log_mse=0.00417  val_log_mse=0.18118  val_mse=0.000868  max_grad=0.51  patience=1/30
2026-10-08 19:34:20,454  gsv3.training             INFO     [group_holdout:variational] epoch 0084  train_log_mse=0.00485  val_log_mse=0.19292  val_mse=0.000987  max_grad=0.78  patience=2/30
2026-10-08 19:35:14,399  gsv3.training             INFO     [group_holdout:variational] epoch 0085  train_log_mse=0.00517  val_log_mse=0.19126  val_mse=0.000849  max_grad=0.66  patience=3/30
2026-10-08 19:36:08,149  gsv3.training             INFO     [group_holdout:variational] epoch 0086  train_log_mse=0.00444  val_log_mse=0.18453  val_mse=0.000907  max_grad=0.58  patience=4/30
2026-10-08 19:37:01,891  gsv3.training             INFO     [group_holdout:variational] epoch 0087  train_log_mse=0.00472  val_log_mse=0.19149  val_mse=0.000966  max_grad=0.80  patience=5/30
2026-10-08 19:37:55,614  gsv3.training             INFO     [group_holdout:variational] epoch 0088  train_log_mse=0.00514  val_log_mse=0.21246  val_mse=0.000946  max_grad=0.84  patience=6/30
2026-10-08 19:38:49,417  gsv3.training             INFO     [group_holdout:variational] epoch 0089  train_log_mse=0.00576  val_log_mse=0.18944  val_mse=0.000897  max_grad=0.73  patience=7/30
2026-10-08 19:39:43,137  gsv3.training             INFO     [group_holdout:variational] epoch 0090  train_log_mse=0.00430  val_log_mse=0.19099  val_mse=0.000894  max_grad=0.75  patience=8/30
2026-10-08 19:40:36,911  gsv3.training             INFO     [group_holdout:variational] epoch 0091  train_log_mse=0.00509  val_log_mse=0.20914  val_mse=0.000929  max_grad=2.21  patience=9/30
2026-10-08 19:41:30,630  gsv3.training             INFO     [group_holdout:variational] epoch 0092  train_log_mse=0.00441  val_log_mse=0.18989  val_mse=0.000910  max_grad=0.40  patience=10/30
2026-10-08 19:42:24,584  gsv3.training             INFO     [group_holdout:variational] epoch 0093  train_log_mse=0.00445  val_log_mse=0.18894  val_mse=0.000975  max_grad=0.54  patience=11/30
2026-10-08 19:43:18,320  gsv3.training             INFO     [group_holdout:variational] epoch 0094  train_log_mse=0.00408  val_log_mse=0.18967  val_mse=0.000905  max_grad=0.52  patience=12/30
2026-10-08 19:44:11,967  gsv3.training             INFO     [group_holdout:variational] epoch 0095  train_log_mse=0.00442  val_log_mse=0.18278  val_mse=0.000961  max_grad=0.53  patience=13/30
2026-10-08 19:45:05,716  gsv3.training             INFO     [group_holdout:variational] epoch 0096  train_log_mse=0.00403  val_log_mse=0.18370  val_mse=0.000910  max_grad=0.48  patience=14/30
2026-10-08 19:45:59,499  gsv3.training             INFO     [group_holdout:variational] epoch 0097  train_log_mse=0.00419  val_log_mse=0.18466  val_mse=0.000893  max_grad=0.45  patience=15/30
2026-10-08 19:46:53,197  gsv3.training             INFO     [group_holdout:variational] epoch 0098  train_log_mse=0.00571  val_log_mse=0.19275  val_mse=0.000954  max_grad=1.04  patience=16/30
2026-10-08 19:47:46,956  gsv3.training             INFO     [group_holdout:variational] epoch 0099  train_log_mse=0.00448  val_log_mse=0.21238  val_mse=0.001055  max_grad=0.87  patience=17/30
2026-10-08 19:48:40,617  gsv3.training             INFO     [group_holdout:variational] epoch 0100  train_log_mse=0.00465  val_log_mse=0.18565  val_mse=0.000922  max_grad=0.62  patience=18/30
2026-10-08 19:49:34,492  gsv3.training             INFO     [group_holdout:variational] epoch 0101  train_log_mse=0.00433  val_log_mse=0.18394  val_mse=0.000954  max_grad=0.60  patience=19/30
2026-10-08 19:50:28,351  gsv3.training             INFO     [group_holdout:variational] epoch 0102  train_log_mse=0.00432  val_log_mse=0.18121  val_mse=0.000875  max_grad=0.97  patience=20/30
2026-10-08 19:51:22,046  gsv3.training             INFO     [group_holdout:variational] epoch 0103  train_log_mse=0.00433  val_log_mse=0.19219  val_mse=0.000920  max_grad=0.56  patience=21/30
2026-10-08 19:52:15,989  gsv3.training             INFO     [group_holdout:variational] epoch 0104  train_log_mse=0.00468  val_log_mse=0.18832  val_mse=0.000941  max_grad=0.56  patience=22/30
2026-10-08 19:53:10,672  gsv3.training             INFO     [group_holdout:variational] epoch 0105  train_log_mse=0.00405  val_log_mse=0.18966  val_mse=0.000927  max_grad=0.44  patience=23/30
2026-10-08 19:54:04,307  gsv3.training             INFO     [group_holdout:variational] epoch 0106  train_log_mse=0.00429  val_log_mse=0.17425  val_mse=0.000932  max_grad=0.40  patience=24/30
2026-10-08 19:54:57,932  gsv3.training             INFO     [group_holdout:variational] epoch 0107  train_log_mse=0.00389  val_log_mse=0.18430  val_mse=0.000971  max_grad=0.53  patience=25/30
2026-10-08 19:55:51,792  gsv3.training             INFO     [group_holdout:variational] epoch 0108  train_log_mse=0.00387  val_log_mse=0.18892  val_mse=0.001025  max_grad=0.37  patience=26/30
2026-10-08 19:56:45,463  gsv3.training             INFO     [group_holdout:variational] epoch 0109  train_log_mse=0.00376  val_log_mse=0.19039  val_mse=0.000932  max_grad=0.34  patience=27/30
2026-10-08 19:57:39,254  gsv3.training             INFO     [group_holdout:variational] epoch 0110  train_log_mse=0.00473  val_log_mse=0.19799  val_mse=0.000944  max_grad=0.69  patience=28/30
2026-10-08 19:58:32,871  gsv3.training             INFO     [group_holdout:variational] epoch 0111  train_log_mse=0.00430  val_log_mse=0.18644  val_mse=0.000979  max_grad=0.63  patience=29/30
2026-10-08 19:59:26,571  gsv3.training             INFO     [group_holdout:variational] epoch 0112  train_log_mse=0.00400  val_log_mse=0.17745  val_mse=0.000941  max_grad=0.39  patience=30/30
2026-10-08 19:59:42,718  gsv3.experiment           INFO     [variational] TEST  n=9928  MAE=0.1028  R2=0.7555  device-acc=0.614  regret=0.0162
2026-10-08 19:59:42,722  genstudy.io               INFO     Wrote evaluations/generalization_v6/results/v4u_phys/leave_one_group_out/variational/metrics.json
2026-10-08 19:59:42,774  genstudy.io               INFO     Wrote evaluations/generalization_v6/results/v4u_phys/leave_one_group_out/variational/predictions.json
2026-10-08 19:59:42,787  genstudy.io               INFO     Wrote evaluations/generalization_v6/results/v4u_phys/leave_one_group_out/variational/history.json
2026-10-08 19:59:42,806  run_experiment            INFO     leave_one_group_out finished: 1 complete, 0 skipped
