2026-10-08 14:00:36,818  genstudy.io               INFO     Logging to evaluations/generalization_v5/results/v5_sinkhorn_s6/random_control/run.log
2026-10-08 14:00:36,818  run_experiment            INFO     Command line: evaluations/generalization_v3/scripts/run_experiment.py control --model sinkhorn --balance-alpha 0 --lr 3e-4 --grad-clip 1.0 --seed 6 --families large --groups vqe --loss mixed --val-mode random --results-dir evaluations/generalization_v5/results/v5_sinkhorn_s6
2026-10-08 14:00:36,818  gsv2.gpu                  WARNING  No CUDA device available — running on the CPU.
2026-10-08 14:00:36,819  gsv3.model                INFO     Hyper-parameters (/home/atudisco/pred-distr-tool/src/model/best_params.json + v3 defaults): {'device_hidden': 64, 'device_layers': 3, 'fusion_dim': 128, 'qubit_layers': 2, 'attn_heads': 4, 'lap_pe': 8, 'cost_bias_init': -6.0, 'hidden_dim': 142, 'num_conv_wo_resnet': 3, 'num_resnet_layers': 1, 'dropout': 0.0, 'bidirectional': True, 'mlp': [512, 256, 128], 'lr': 0.001, 'readout': 'meanmaxsum'}
2026-10-08 14:00:37,207  gsv3.devices              INFO     Device graphs: node features 13 (Laplacian PE 8), physical errors True
2026-10-08 14:00:37,208  genstudy.data             INFO     Loading graph dataset: /home/atudisco/pred-distr-tool/evaluations/generalization_v3/data/graph_dataset_expected_fidelity.pt
2026-10-08 14:00:41,471  genstudy.data             INFO     Loaded 17056 graphs
2026-10-08 14:00:41,501  genstudy.io               INFO     Wrote evaluations/generalization_v5/results/v5_sinkhorn_s6/random_control/dataset_summary.json
2026-10-08 14:00:41,592  run_experiment            INFO     [1/1] random_seed6
2026-10-08 14:00:41,595  gsv3.experiment           INFO     === random / random_seed6 ===
2026-10-08 14:00:41,595  gsv3.experiment           INFO     Random split stratified by fidelity (test_fraction=0.3, seed=6): train = 11939, test = 5117 circuits; families and sizes appear on both sides.
2026-10-08 14:00:41,595  gsv3.experiment           INFO     train=9551  val=2388 ({'mode': 'random'})  test=5117
2026-10-08 14:00:41,672  gsv3.training             INFO     [random:random_seed6] model=sinkhorn (979423 params) train=9551 val=2388 lr=0.0003 clip=1.0 alpha=0.00
2026-10-08 14:01:55,265  gsv3.training             INFO     [random:random_seed6] epoch 0001  train_log_mse=0.21876  val_log_mse=0.48863  val_mse=0.003143  max_grad=209.43  patience=0/30
2026-10-08 14:03:09,101  gsv3.training             INFO     [random:random_seed6] epoch 0002  train_log_mse=0.03798  val_log_mse=0.17954  val_mse=0.001813  max_grad=23.36  patience=0/30
2026-10-08 14:04:23,372  gsv3.training             INFO     [random:random_seed6] epoch 0003  train_log_mse=0.02271  val_log_mse=0.19529  val_mse=0.001640  max_grad=5.38  patience=0/30
2026-10-08 14:05:37,045  gsv3.training             INFO     [random:random_seed6] epoch 0004  train_log_mse=0.01682  val_log_mse=0.11770  val_mse=0.001126  max_grad=2.68  patience=0/30
2026-10-08 14:06:50,904  gsv3.training             INFO     [random:random_seed6] epoch 0005  train_log_mse=0.01297  val_log_mse=0.12097  val_mse=0.001300  max_grad=4.30  patience=1/30
2026-10-08 14:08:04,641  gsv3.training             INFO     [random:random_seed6] epoch 0006  train_log_mse=0.01248  val_log_mse=0.07854  val_mse=0.000916  max_grad=3.95  patience=0/30
2026-10-08 14:09:18,158  gsv3.training             INFO     [random:random_seed6] epoch 0007  train_log_mse=0.01039  val_log_mse=0.07145  val_mse=0.000833  max_grad=9.10  patience=0/30
2026-10-08 14:10:31,658  gsv3.training             INFO     [random:random_seed6] epoch 0008  train_log_mse=0.01031  val_log_mse=0.09126  val_mse=0.001139  max_grad=2.95  patience=1/30
2026-10-08 14:11:45,677  gsv3.training             INFO     [random:random_seed6] epoch 0009  train_log_mse=0.00923  val_log_mse=0.08279  val_mse=0.000956  max_grad=1.71  patience=2/30
2026-10-08 14:12:59,327  gsv3.training             INFO     [random:random_seed6] epoch 0010  train_log_mse=0.00760  val_log_mse=0.06884  val_mse=0.001049  max_grad=2.07  patience=3/30
2026-10-08 14:14:13,430  gsv3.training             INFO     [random:random_seed6] epoch 0011  train_log_mse=0.00841  val_log_mse=0.10542  val_mse=0.000836  max_grad=2.71  patience=4/30
2026-10-08 14:15:27,638  gsv3.training             INFO     [random:random_seed6] epoch 0012  train_log_mse=0.00746  val_log_mse=0.08598  val_mse=0.000899  max_grad=2.43  patience=5/30
2026-10-08 14:16:41,180  gsv3.training             INFO     [random:random_seed6] epoch 0013  train_log_mse=0.00818  val_log_mse=0.05945  val_mse=0.000688  max_grad=1.45  patience=0/30
2026-10-08 14:17:55,272  gsv3.training             INFO     [random:random_seed6] epoch 0014  train_log_mse=0.00610  val_log_mse=0.05644  val_mse=0.000662  max_grad=1.57  patience=0/30
2026-10-08 14:19:09,530  gsv3.training             INFO     [random:random_seed6] epoch 0015  train_log_mse=0.00834  val_log_mse=0.05785  val_mse=0.000660  max_grad=1.78  patience=0/30
2026-10-08 14:20:23,845  gsv3.training             INFO     [random:random_seed6] epoch 0016  train_log_mse=0.00561  val_log_mse=0.07320  val_mse=0.000694  max_grad=0.91  patience=1/30
2026-10-08 14:21:38,581  gsv3.training             INFO     [random:random_seed6] epoch 0017  train_log_mse=0.00576  val_log_mse=0.08859  val_mse=0.000700  max_grad=0.68  patience=2/30
2026-10-08 14:22:53,195  gsv3.training             INFO     [random:random_seed6] epoch 0018  train_log_mse=0.00699  val_log_mse=0.07761  val_mse=0.000801  max_grad=1.20  patience=3/30
2026-10-08 14:24:07,661  gsv3.training             INFO     [random:random_seed6] epoch 0019  train_log_mse=0.00535  val_log_mse=0.05226  val_mse=0.000596  max_grad=0.67  patience=0/30
2026-10-08 14:25:22,051  gsv3.training             INFO     [random:random_seed6] epoch 0020  train_log_mse=0.00557  val_log_mse=0.05969  val_mse=0.000789  max_grad=0.81  patience=1/30
2026-10-08 14:26:36,482  gsv3.training             INFO     [random:random_seed6] epoch 0021  train_log_mse=0.00585  val_log_mse=0.06685  val_mse=0.001001  max_grad=1.34  patience=2/30
2026-10-08 14:27:50,328  gsv3.training             INFO     [random:random_seed6] epoch 0022  train_log_mse=0.00581  val_log_mse=0.05341  val_mse=0.000584  max_grad=0.93  patience=0/30
2026-10-08 14:29:04,088  gsv3.training             INFO     [random:random_seed6] epoch 0023  train_log_mse=0.00481  val_log_mse=0.05321  val_mse=0.000548  max_grad=0.73  patience=0/30
2026-10-08 14:30:18,330  gsv3.training             INFO     [random:random_seed6] epoch 0024  train_log_mse=0.00530  val_log_mse=0.05092  val_mse=0.000565  max_grad=0.82  patience=1/30
2026-10-08 14:31:32,743  gsv3.training             INFO     [random:random_seed6] epoch 0025  train_log_mse=0.00515  val_log_mse=0.07555  val_mse=0.001341  max_grad=1.49  patience=2/30
2026-10-08 14:32:46,918  gsv3.training             INFO     [random:random_seed6] epoch 0026  train_log_mse=0.00682  val_log_mse=0.06297  val_mse=0.000554  max_grad=1.16  patience=3/30
2026-10-08 14:34:01,436  gsv3.training             INFO     [random:random_seed6] epoch 0027  train_log_mse=0.00539  val_log_mse=0.04759  val_mse=0.000500  max_grad=1.04  patience=0/30
2026-10-08 14:35:15,616  gsv3.training             INFO     [random:random_seed6] epoch 0028  train_log_mse=0.00615  val_log_mse=0.06798  val_mse=0.000656  max_grad=1.21  patience=1/30
2026-10-08 14:36:29,824  gsv3.training             INFO     [random:random_seed6] epoch 0029  train_log_mse=0.00458  val_log_mse=0.05618  val_mse=0.000570  max_grad=0.74  patience=2/30
2026-10-08 14:37:43,346  gsv3.training             INFO     [random:random_seed6] epoch 0030  train_log_mse=0.00385  val_log_mse=0.05773  val_mse=0.000657  max_grad=0.43  patience=3/30
2026-10-08 14:38:57,459  gsv3.training             INFO     [random:random_seed6] epoch 0031  train_log_mse=0.00389  val_log_mse=0.04330  val_mse=0.000486  max_grad=0.47  patience=0/30
2026-10-08 14:40:11,556  gsv3.training             INFO     [random:random_seed6] epoch 0032  train_log_mse=0.00448  val_log_mse=0.05369  val_mse=0.000553  max_grad=0.87  patience=1/30
2026-10-08 14:41:25,516  gsv3.training             INFO     [random:random_seed6] epoch 0033  train_log_mse=0.00409  val_log_mse=0.04991  val_mse=0.000560  max_grad=0.55  patience=2/30
2026-10-08 14:42:39,481  gsv3.training             INFO     [random:random_seed6] epoch 0034  train_log_mse=0.00389  val_log_mse=0.04827  val_mse=0.000490  max_grad=0.58  patience=3/30
2026-10-08 14:43:53,393  gsv3.training             INFO     [random:random_seed6] epoch 0035  train_log_mse=0.00395  val_log_mse=0.06440  val_mse=0.000482  max_grad=0.35  patience=0/30
2026-10-08 14:45:07,187  gsv3.training             INFO     [random:random_seed6] epoch 0036  train_log_mse=0.00455  val_log_mse=0.08367  val_mse=0.000763  max_grad=0.62  patience=1/30
2026-10-08 14:46:21,433  gsv3.training             INFO     [random:random_seed6] epoch 0037  train_log_mse=0.00571  val_log_mse=0.04674  val_mse=0.000481  max_grad=1.77  patience=0/30
2026-10-08 14:47:34,909  gsv3.training             INFO     [random:random_seed6] epoch 0038  train_log_mse=0.00366  val_log_mse=0.05952  val_mse=0.000478  max_grad=0.36  patience=0/30
2026-10-08 14:48:48,367  gsv3.training             INFO     [random:random_seed6] epoch 0039  train_log_mse=0.00353  val_log_mse=0.04548  val_mse=0.000447  max_grad=0.53  patience=0/30
2026-10-08 14:50:01,878  gsv3.training             INFO     [random:random_seed6] epoch 0040  train_log_mse=0.00323  val_log_mse=0.04548  val_mse=0.000488  max_grad=0.31  patience=1/30
2026-10-08 14:51:15,644  gsv3.training             INFO     [random:random_seed6] epoch 0041  train_log_mse=0.00395  val_log_mse=0.05530  val_mse=0.000507  max_grad=0.71  patience=2/30
2026-10-08 14:52:29,225  gsv3.training             INFO     [random:random_seed6] epoch 0042  train_log_mse=0.00395  val_log_mse=0.04684  val_mse=0.000512  max_grad=0.60  patience=3/30
2026-10-08 14:53:42,817  gsv3.training             INFO     [random:random_seed6] epoch 0043  train_log_mse=0.00344  val_log_mse=0.04339  val_mse=0.000512  max_grad=0.41  patience=4/30
2026-10-08 14:54:56,470  gsv3.training             INFO     [random:random_seed6] epoch 0044  train_log_mse=0.00338  val_log_mse=0.05873  val_mse=0.000487  max_grad=0.46  patience=5/30
2026-10-08 14:56:10,162  gsv3.training             INFO     [random:random_seed6] epoch 0045  train_log_mse=0.00325  val_log_mse=0.04897  val_mse=0.000449  max_grad=0.39  patience=6/30
2026-10-08 14:57:23,823  gsv3.training             INFO     [random:random_seed6] epoch 0046  train_log_mse=0.00359  val_log_mse=0.05622  val_mse=0.000458  max_grad=0.36  patience=7/30
2026-10-08 14:58:37,645  gsv3.training             INFO     [random:random_seed6] epoch 0047  train_log_mse=0.00388  val_log_mse=0.06124  val_mse=0.000502  max_grad=0.75  patience=8/30
2026-10-08 14:59:51,221  gsv3.training             INFO     [random:random_seed6] epoch 0048  train_log_mse=0.00486  val_log_mse=0.04850  val_mse=0.000445  max_grad=0.91  patience=0/30
2026-10-08 15:01:05,248  gsv3.training             INFO     [random:random_seed6] epoch 0049  train_log_mse=0.00421  val_log_mse=0.05891  val_mse=0.000465  max_grad=0.93  patience=1/30
2026-10-08 15:02:18,932  gsv3.training             INFO     [random:random_seed6] epoch 0050  train_log_mse=0.00326  val_log_mse=0.03932  val_mse=0.000421  max_grad=0.35  patience=0/30
2026-10-08 15:03:32,460  gsv3.training             INFO     [random:random_seed6] epoch 0051  train_log_mse=0.00288  val_log_mse=0.04266  val_mse=0.000418  max_grad=0.36  patience=0/30
2026-10-08 15:04:46,386  gsv3.training             INFO     [random:random_seed6] epoch 0052  train_log_mse=0.00280  val_log_mse=0.04520  val_mse=0.000419  max_grad=0.22  patience=1/30
2026-10-08 15:06:00,266  gsv3.training             INFO     [random:random_seed6] epoch 0053  train_log_mse=0.00297  val_log_mse=0.05511  val_mse=0.000499  max_grad=0.50  patience=2/30
2026-10-08 15:07:13,737  gsv3.training             INFO     [random:random_seed6] epoch 0054  train_log_mse=0.00318  val_log_mse=0.04193  val_mse=0.000416  max_grad=0.52  patience=0/30
2026-10-08 15:08:27,965  gsv3.training             INFO     [random:random_seed6] epoch 0055  train_log_mse=0.00295  val_log_mse=0.04476  val_mse=0.000423  max_grad=0.26  patience=1/30
2026-10-08 15:09:42,249  gsv3.training             INFO     [random:random_seed6] epoch 0056  train_log_mse=0.00299  val_log_mse=0.04263  val_mse=0.000422  max_grad=0.30  patience=2/30
2026-10-08 15:10:55,876  gsv3.training             INFO     [random:random_seed6] epoch 0057  train_log_mse=0.00347  val_log_mse=0.04869  val_mse=0.000587  max_grad=0.42  patience=3/30
2026-10-08 15:12:09,362  gsv3.training             INFO     [random:random_seed6] epoch 0058  train_log_mse=0.00317  val_log_mse=0.04302  val_mse=0.000431  max_grad=0.31  patience=4/30
2026-10-08 15:13:23,429  gsv3.training             INFO     [random:random_seed6] epoch 0059  train_log_mse=0.00276  val_log_mse=0.04261  val_mse=0.000389  max_grad=0.25  patience=0/30
2026-10-08 15:14:37,755  gsv3.training             INFO     [random:random_seed6] epoch 0060  train_log_mse=0.00277  val_log_mse=0.04406  val_mse=0.000439  max_grad=0.66  patience=1/30
2026-10-08 15:15:51,916  gsv3.training             INFO     [random:random_seed6] epoch 0061  train_log_mse=0.00313  val_log_mse=0.04501  val_mse=0.000451  max_grad=0.30  patience=2/30
2026-10-08 15:17:05,751  gsv3.training             INFO     [random:random_seed6] epoch 0062  train_log_mse=0.00384  val_log_mse=0.04876  val_mse=0.000453  max_grad=0.88  patience=3/30
2026-10-08 15:18:20,203  gsv3.training             INFO     [random:random_seed6] epoch 0063  train_log_mse=0.00292  val_log_mse=0.04294  val_mse=0.000404  max_grad=0.29  patience=4/30
2026-10-08 15:19:34,833  gsv3.training             INFO     [random:random_seed6] epoch 0064  train_log_mse=0.00267  val_log_mse=0.05272  val_mse=0.000398  max_grad=1.68  patience=5/30
2026-10-08 15:20:49,629  gsv3.training             INFO     [random:random_seed6] epoch 0065  train_log_mse=0.00325  val_log_mse=0.04805  val_mse=0.000410  max_grad=0.60  patience=6/30
2026-10-08 15:22:03,643  gsv3.training             INFO     [random:random_seed6] epoch 0066  train_log_mse=0.00314  val_log_mse=0.04197  val_mse=0.000431  max_grad=0.65  patience=7/30
2026-10-08 15:23:17,776  gsv3.training             INFO     [random:random_seed6] epoch 0067  train_log_mse=0.00288  val_log_mse=0.04247  val_mse=0.000410  max_grad=0.56  patience=8/30
2026-10-08 15:24:32,055  gsv3.training             INFO     [random:random_seed6] epoch 0068  train_log_mse=0.00267  val_log_mse=0.04020  val_mse=0.000387  max_grad=0.32  patience=0/30
2026-10-08 15:25:46,065  gsv3.training             INFO     [random:random_seed6] epoch 0069  train_log_mse=0.00258  val_log_mse=0.04156  val_mse=0.000417  max_grad=0.33  patience=1/30
2026-10-08 15:27:00,065  gsv3.training             INFO     [random:random_seed6] epoch 0070  train_log_mse=0.00302  val_log_mse=0.04936  val_mse=0.000436  max_grad=0.48  patience=2/30
2026-10-08 15:28:14,067  gsv3.training             INFO     [random:random_seed6] epoch 0071  train_log_mse=0.00257  val_log_mse=0.04656  val_mse=0.000404  max_grad=0.25  patience=3/30
2026-10-08 15:29:27,577  gsv3.training             INFO     [random:random_seed6] epoch 0072  train_log_mse=0.00257  val_log_mse=0.04338  val_mse=0.000399  max_grad=0.27  patience=4/30
2026-10-08 15:30:41,277  gsv3.training             INFO     [random:random_seed6] epoch 0073  train_log_mse=0.00257  val_log_mse=0.04601  val_mse=0.000420  max_grad=0.40  patience=5/30
2026-10-08 15:31:54,730  gsv3.training             INFO     [random:random_seed6] epoch 0074  train_log_mse=0.00260  val_log_mse=0.04238  val_mse=0.000406  max_grad=0.33  patience=6/30
2026-10-08 15:33:08,616  gsv3.training             INFO     [random:random_seed6] epoch 0075  train_log_mse=0.00351  val_log_mse=0.04479  val_mse=0.000393  max_grad=0.72  patience=7/30
2026-10-08 15:34:21,999  gsv3.training             INFO     [random:random_seed6] epoch 0076  train_log_mse=0.00331  val_log_mse=0.04701  val_mse=0.000411  max_grad=0.63  patience=8/30
2026-10-08 15:35:35,797  gsv3.training             INFO     [random:random_seed6] epoch 0077  train_log_mse=0.00250  val_log_mse=0.04190  val_mse=0.000388  max_grad=0.28  patience=9/30
2026-10-08 15:36:49,616  gsv3.training             INFO     [random:random_seed6] epoch 0078  train_log_mse=0.00230  val_log_mse=0.03985  val_mse=0.000380  max_grad=0.20  patience=0/30
2026-10-08 15:38:03,300  gsv3.training             INFO     [random:random_seed6] epoch 0079  train_log_mse=0.00230  val_log_mse=0.04908  val_mse=0.000457  max_grad=0.23  patience=1/30
2026-10-08 15:39:17,075  gsv3.training             INFO     [random:random_seed6] epoch 0080  train_log_mse=0.00251  val_log_mse=0.04472  val_mse=0.000396  max_grad=0.50  patience=2/30
2026-10-08 15:40:30,713  gsv3.training             INFO     [random:random_seed6] epoch 0081  train_log_mse=0.00305  val_log_mse=0.05352  val_mse=0.000388  max_grad=0.63  patience=3/30
2026-10-08 15:41:44,509  gsv3.training             INFO     [random:random_seed6] epoch 0082  train_log_mse=0.00306  val_log_mse=0.03987  val_mse=0.000355  max_grad=0.67  patience=0/30
2026-10-08 15:42:58,000  gsv3.training             INFO     [random:random_seed6] epoch 0083  train_log_mse=0.00244  val_log_mse=0.04041  val_mse=0.000373  max_grad=0.26  patience=1/30
2026-10-08 15:44:11,927  gsv3.training             INFO     [random:random_seed6] epoch 0084  train_log_mse=0.00251  val_log_mse=0.04071  val_mse=0.000376  max_grad=0.52  patience=2/30
2026-10-08 15:45:25,612  gsv3.training             INFO     [random:random_seed6] epoch 0085  train_log_mse=0.00254  val_log_mse=0.04280  val_mse=0.000394  max_grad=0.54  patience=3/30
2026-10-08 15:46:39,867  gsv3.training             INFO     [random:random_seed6] epoch 0086  train_log_mse=0.00229  val_log_mse=0.04370  val_mse=0.000388  max_grad=0.20  patience=4/30
2026-10-08 15:47:53,838  gsv3.training             INFO     [random:random_seed6] epoch 0087  train_log_mse=0.00236  val_log_mse=0.04282  val_mse=0.000381  max_grad=0.22  patience=5/30
2026-10-08 15:49:08,102  gsv3.training             INFO     [random:random_seed6] epoch 0088  train_log_mse=0.00237  val_log_mse=0.04178  val_mse=0.000362  max_grad=0.30  patience=6/30
2026-10-08 15:50:21,819  gsv3.training             INFO     [random:random_seed6] epoch 0089  train_log_mse=0.00264  val_log_mse=0.05575  val_mse=0.000396  max_grad=0.40  patience=7/30
2026-10-08 15:51:35,530  gsv3.training             INFO     [random:random_seed6] epoch 0090  train_log_mse=0.00248  val_log_mse=0.05316  val_mse=0.000477  max_grad=0.39  patience=8/30
2026-10-08 15:52:49,334  gsv3.training             INFO     [random:random_seed6] epoch 0091  train_log_mse=0.00227  val_log_mse=0.04284  val_mse=0.000365  max_grad=0.19  patience=9/30
2026-10-08 15:54:03,200  gsv3.training             INFO     [random:random_seed6] epoch 0092  train_log_mse=0.00234  val_log_mse=0.04570  val_mse=0.000394  max_grad=0.30  patience=10/30
2026-10-08 15:55:17,221  gsv3.training             INFO     [random:random_seed6] epoch 0093  train_log_mse=0.00243  val_log_mse=0.04235  val_mse=0.000407  max_grad=0.27  patience=11/30
2026-10-08 15:56:31,319  gsv3.training             INFO     [random:random_seed6] epoch 0094  train_log_mse=0.00228  val_log_mse=0.04285  val_mse=0.000454  max_grad=0.21  patience=12/30
2026-10-08 15:57:45,495  gsv3.training             INFO     [random:random_seed6] epoch 0095  train_log_mse=0.00221  val_log_mse=0.04422  val_mse=0.000393  max_grad=0.25  patience=13/30
2026-10-08 15:58:59,429  gsv3.training             INFO     [random:random_seed6] epoch 0096  train_log_mse=0.00222  val_log_mse=0.04445  val_mse=0.000378  max_grad=0.23  patience=14/30
2026-10-08 16:00:13,207  gsv3.training             INFO     [random:random_seed6] epoch 0097  train_log_mse=0.00222  val_log_mse=0.04611  val_mse=0.000400  max_grad=0.23  patience=15/30
2026-10-08 16:01:27,699  gsv3.training             INFO     [random:random_seed6] epoch 0098  train_log_mse=0.00311  val_log_mse=0.06039  val_mse=0.000397  max_grad=0.49  patience=16/30
2026-10-08 16:02:42,291  gsv3.training             INFO     [random:random_seed6] epoch 0099  train_log_mse=0.00302  val_log_mse=0.04353  val_mse=0.000442  max_grad=0.75  patience=17/30
2026-10-08 16:03:56,731  gsv3.training             INFO     [random:random_seed6] epoch 0100  train_log_mse=0.00225  val_log_mse=0.04076  val_mse=0.000356  max_grad=0.23  patience=18/30
2026-10-08 16:05:11,343  gsv3.training             INFO     [random:random_seed6] epoch 0101  train_log_mse=0.00209  val_log_mse=0.04192  val_mse=0.000422  max_grad=0.29  patience=19/30
2026-10-08 16:06:25,672  gsv3.training             INFO     [random:random_seed6] epoch 0102  train_log_mse=0.00205  val_log_mse=0.04261  val_mse=0.000396  max_grad=0.20  patience=20/30
2026-10-08 16:07:40,221  gsv3.training             INFO     [random:random_seed6] epoch 0103  train_log_mse=0.00220  val_log_mse=0.04161  val_mse=0.000376  max_grad=0.21  patience=21/30
2026-10-08 16:08:54,463  gsv3.training             INFO     [random:random_seed6] epoch 0104  train_log_mse=0.00209  val_log_mse=0.04168  val_mse=0.000356  max_grad=0.21  patience=22/30
2026-10-08 16:10:08,518  gsv3.training             INFO     [random:random_seed6] epoch 0105  train_log_mse=0.00200  val_log_mse=0.04200  val_mse=0.000374  max_grad=0.17  patience=23/30
2026-10-08 16:11:23,124  gsv3.training             INFO     [random:random_seed6] epoch 0106  train_log_mse=0.00212  val_log_mse=0.04358  val_mse=0.000416  max_grad=0.34  patience=24/30
2026-10-08 16:12:37,129  gsv3.training             INFO     [random:random_seed6] epoch 0107  train_log_mse=0.00202  val_log_mse=0.04683  val_mse=0.000380  max_grad=0.18  patience=25/30
2026-10-08 16:13:51,048  gsv3.training             INFO     [random:random_seed6] epoch 0108  train_log_mse=0.00291  val_log_mse=0.05389  val_mse=0.000453  max_grad=0.69  patience=26/30
2026-10-08 16:15:05,243  gsv3.training             INFO     [random:random_seed6] epoch 0109  train_log_mse=0.00321  val_log_mse=0.04505  val_mse=0.000374  max_grad=1.12  patience=27/30
2026-10-08 16:16:18,993  gsv3.training             INFO     [random:random_seed6] epoch 0110  train_log_mse=0.00240  val_log_mse=0.04471  val_mse=0.000362  max_grad=0.38  patience=28/30
2026-10-08 16:17:32,885  gsv3.training             INFO     [random:random_seed6] epoch 0111  train_log_mse=0.00211  val_log_mse=0.04058  val_mse=0.000365  max_grad=0.20  patience=29/30
2026-10-08 16:18:47,369  gsv3.training             INFO     [random:random_seed6] epoch 0112  train_log_mse=0.00191  val_log_mse=0.04132  val_mse=0.000369  max_grad=0.20  patience=30/30
2026-10-08 16:18:59,409  gsv3.experiment           INFO     [random_seed6] TEST  n=5117  MAE=0.0096  R2=0.9965  device-acc=0.833  regret=0.0022
2026-10-08 16:18:59,414  genstudy.io               INFO     Wrote evaluations/generalization_v5/results/v5_sinkhorn_s6/random_control/random_seed6/metrics.json
2026-10-08 16:18:59,447  genstudy.io               INFO     Wrote evaluations/generalization_v5/results/v5_sinkhorn_s6/random_control/random_seed6/predictions.json
2026-10-08 16:18:59,460  genstudy.io               INFO     Wrote evaluations/generalization_v5/results/v5_sinkhorn_s6/random_control/random_seed6/history.json
2026-10-08 16:18:59,499  run_experiment            INFO     random_control finished: 1 complete, 0 skipped
