2026-10-08 14:00:36,814  genstudy.io               INFO     Logging to evaluations/generalization_v5/results/v5b_sinkhorn_s7/leave_one_family_out/run.log
2026-10-08 14:00:36,814  run_experiment            INFO     Command line: evaluations/generalization_v3/scripts/run_experiment.py lofo --model sinkhorn --balance-alpha 0 --lr 3e-4 --grad-clip 1.0 --seed 7 --families qaoa --groups vqe --loss mixed --val-mode random --epoch-budget 150 --swa-frac 0.25 --tau-start 1.0 --results-dir evaluations/generalization_v5/results/v5b_sinkhorn_s7
2026-10-08 14:00:36,814  gsv2.gpu                  WARNING  No CUDA device available — running on the CPU.
2026-10-08 14:00:36,815  gsv3.model                INFO     Hyper-parameters (/home/atudisco/pred-distr-tool/src/model/best_params.json + v3 defaults): {'device_hidden': 64, 'device_layers': 3, 'fusion_dim': 128, 'qubit_layers': 2, 'attn_heads': 4, 'lap_pe': 8, 'cost_bias_init': -6.0, 'hidden_dim': 142, 'num_conv_wo_resnet': 3, 'num_resnet_layers': 1, 'dropout': 0.0, 'bidirectional': True, 'mlp': [512, 256, 128], 'lr': 0.001, 'readout': 'meanmaxsum'}
2026-10-08 14:00:36,998  gsv3.devices              INFO     Device graphs: node features 13 (Laplacian PE 8), physical errors True
2026-10-08 14:00:36,999  genstudy.data             INFO     Loading graph dataset: /home/atudisco/pred-distr-tool/evaluations/generalization_v3/data/graph_dataset_expected_fidelity.pt
2026-10-08 14:00:37,015  genstudy.io               INFO     Logging to evaluations/generalization_v5/results/v5b_sinkhorn_s7/leave_one_family_out/run.log
2026-10-08 14:00:37,015  run_experiment            INFO     Command line: evaluations/generalization_v3/scripts/run_experiment.py lofo --model sinkhorn --balance-alpha 0 --lr 3e-4 --grad-clip 1.0 --seed 7 --families qnn --groups vqe --loss mixed --val-mode random --epoch-budget 150 --swa-frac 0.25 --tau-start 1.0 --results-dir evaluations/generalization_v5/results/v5b_sinkhorn_s7
2026-10-08 14:00:37,015  gsv2.gpu                  WARNING  No CUDA device available — running on the CPU.
2026-10-08 14:00:37,016  gsv3.model                INFO     Hyper-parameters (/home/atudisco/pred-distr-tool/src/model/best_params.json + v3 defaults): {'device_hidden': 64, 'device_layers': 3, 'fusion_dim': 128, 'qubit_layers': 2, 'attn_heads': 4, 'lap_pe': 8, 'cost_bias_init': -6.0, 'hidden_dim': 142, 'num_conv_wo_resnet': 3, 'num_resnet_layers': 1, 'dropout': 0.0, 'bidirectional': True, 'mlp': [512, 256, 128], 'lr': 0.001, 'readout': 'meanmaxsum'}
2026-10-08 14:00:37,029  gsv3.devices              INFO     Device graphs: node features 13 (Laplacian PE 8), physical errors True
2026-10-08 14:00:37,030  genstudy.data             INFO     Loading graph dataset: /home/atudisco/pred-distr-tool/evaluations/generalization_v3/data/graph_dataset_expected_fidelity.pt
2026-10-08 14:00:41,471  genstudy.data             INFO     Loaded 17056 graphs
2026-10-08 14:00:41,493  genstudy.data             INFO     Loaded 17056 graphs
2026-10-08 14:00:41,501  genstudy.io               INFO     Wrote evaluations/generalization_v5/results/v5b_sinkhorn_s7/leave_one_family_out/dataset_summary.json
2026-10-08 14:00:41,502  genstudy.data             INFO     Holding out 1 families: qnn
2026-10-08 14:00:41,504  run_experiment            INFO     [1/1] qnn
2026-10-08 14:00:41,506  gsv3.experiment           INFO     === family_holdout / qnn ===
2026-10-08 14:00:41,506  gsv3.experiment           INFO     Leave-one-family-out: test = all 760 'qnn' circuits, train = 16296 circuits from 34 other families.
2026-10-08 14:00:41,507  gsv3.experiment           INFO     train=13037  val=3259 ({'mode': 'random'})  test=760
2026-10-08 14:00:41,529  genstudy.io               INFO     Wrote evaluations/generalization_v5/results/v5b_sinkhorn_s7/leave_one_family_out/dataset_summary.json
2026-10-08 14:00:41,530  genstudy.data             INFO     Holding out 1 families: qaoa
2026-10-08 14:00:41,532  run_experiment            INFO     [1/1] qaoa
2026-10-08 14:00:41,534  gsv3.experiment           INFO     === family_holdout / qaoa ===
2026-10-08 14:00:41,534  gsv3.experiment           INFO     Leave-one-family-out: test = all 2706 'qaoa' circuits, train = 14350 circuits from 34 other families.
2026-10-08 14:00:41,535  gsv3.experiment           INFO     train=11480  val=2870 ({'mode': 'random'})  test=2706
2026-10-08 14:00:41,596  gsv3.training             INFO     [family_holdout:qnn] model=sinkhorn (979423 params) train=13037 val=3259 lr=0.0003 clip=1.0 alpha=0.00
2026-10-08 14:00:41,609  gsv3.training             INFO     [family_holdout:qaoa] model=sinkhorn (979423 params) train=11480 val=2870 lr=0.0003 clip=1.0 alpha=0.00
2026-10-08 14:02:01,220  gsv3.training             INFO     [family_holdout:qaoa] epoch 0001  train_log_mse=0.15014  val_log_mse=0.17526  val_mse=0.002232  max_grad=173.01  patience=0/30
2026-10-08 14:02:22,097  gsv3.training             INFO     [family_holdout:qnn] epoch 0001  train_log_mse=0.16969  val_log_mse=0.23663  val_mse=0.002515  max_grad=289.92  patience=0/30
2026-10-08 14:03:20,688  gsv3.training             INFO     [family_holdout:qaoa] epoch 0002  train_log_mse=0.02177  val_log_mse=0.10384  val_mse=0.001586  max_grad=13.99  patience=0/30
2026-10-08 14:04:02,457  gsv3.training             INFO     [family_holdout:qnn] epoch 0002  train_log_mse=0.02017  val_log_mse=0.15068  val_mse=0.001435  max_grad=5.03  patience=0/30
2026-10-08 14:04:40,126  gsv3.training             INFO     [family_holdout:qaoa] epoch 0003  train_log_mse=0.01508  val_log_mse=0.09699  val_mse=0.001532  max_grad=3.06  patience=0/30
2026-10-08 14:05:42,845  gsv3.training             INFO     [family_holdout:qnn] epoch 0003  train_log_mse=0.01443  val_log_mse=0.11927  val_mse=0.001322  max_grad=12.81  patience=0/30
2026-10-08 14:05:59,581  gsv3.training             INFO     [family_holdout:qaoa] epoch 0004  train_log_mse=0.01341  val_log_mse=0.12466  val_mse=0.000984  max_grad=10.76  patience=0/30
2026-10-08 14:07:18,954  gsv3.training             INFO     [family_holdout:qaoa] epoch 0005  train_log_mse=0.00962  val_log_mse=0.07323  val_mse=0.000939  max_grad=1.59  patience=0/30
2026-10-08 14:07:22,628  gsv3.training             INFO     [family_holdout:qnn] epoch 0004  train_log_mse=0.01168  val_log_mse=0.09645  val_mse=0.001107  max_grad=6.41  patience=0/30
2026-10-08 14:08:37,948  gsv3.training             INFO     [family_holdout:qaoa] epoch 0006  train_log_mse=0.00901  val_log_mse=0.07899  val_mse=0.001039  max_grad=3.12  patience=1/30
2026-10-08 14:09:03,403  gsv3.training             INFO     [family_holdout:qnn] epoch 0005  train_log_mse=0.01138  val_log_mse=0.15654  val_mse=0.001576  max_grad=3.04  patience=1/30
2026-10-08 14:09:57,628  gsv3.training             INFO     [family_holdout:qaoa] epoch 0007  train_log_mse=0.00801  val_log_mse=0.07045  val_mse=0.000854  max_grad=1.45  patience=0/30
2026-10-08 14:10:43,564  gsv3.training             INFO     [family_holdout:qnn] epoch 0006  train_log_mse=0.00958  val_log_mse=0.06907  val_mse=0.000944  max_grad=1.90  patience=0/30
2026-10-08 14:11:16,875  gsv3.training             INFO     [family_holdout:qaoa] epoch 0008  train_log_mse=0.00773  val_log_mse=0.08804  val_mse=0.001070  max_grad=1.51  patience=1/30
2026-10-08 14:12:23,623  gsv3.training             INFO     [family_holdout:qnn] epoch 0007  train_log_mse=0.00846  val_log_mse=0.12038  val_mse=0.000889  max_grad=1.74  patience=0/30
2026-10-08 14:12:36,040  gsv3.training             INFO     [family_holdout:qaoa] epoch 0009  train_log_mse=0.00699  val_log_mse=0.06922  val_mse=0.000698  max_grad=1.61  patience=0/30
