2026-10-09 06:32:54,225  genstudy.io               INFO     Logging to evaluations/generalization_v8/results/v8a_c001_s7/leave_one_group_out/run.log
2026-10-09 06:32:54,226  run_experiment            INFO     Command line: evaluations/generalization_v3/scripts/run_experiment.py logo --model sinkhorn --balance-alpha 0 --lr 3e-4 --grad-clip 1.0 --seed 7 --families variational --groups variational --loss mixed --val-mode random --layout-lambda 0.1 --layout-loss region_dist --layouts-path evaluations/compile_check/results/compiler_layouts_v6pilot.pt --count-lambda 0.01 --counts-path evaluations/compile_check/results/compiler_counts_v8.pt --results-dir evaluations/generalization_v8/results/v8a_c001_s7
2026-10-09 06:32:54,226  gsv2.gpu                  WARNING  No CUDA device available — running on the CPU.
2026-10-09 06:32:54,238  gsv3.model                INFO     Hyper-parameters (/home/atudisco/pred-distr-tool/src/model/best_params.json + v3 defaults): {'device_hidden': 64, 'device_layers': 3, 'fusion_dim': 128, 'qubit_layers': 2, 'attn_heads': 4, 'lap_pe': 8, 'cost_bias_init': -6.0, 'hidden_dim': 142, 'num_conv_wo_resnet': 3, 'num_resnet_layers': 1, 'dropout': 0.0, 'bidirectional': True, 'mlp': [512, 256, 128], 'lr': 0.001, 'readout': 'meanmaxsum'}
2026-10-09 06:32:55,335  gsv3.devices              INFO     Device graphs: node features 13 (Laplacian PE 8), physical errors True
2026-10-09 06:32:55,336  genstudy.data             INFO     Loading graph dataset: /home/atudisco/pred-distr-tool/evaluations/generalization_v3/data/graph_dataset_expected_fidelity.pt
2026-10-09 06:32:59,702  genstudy.data             INFO     Loaded 17056 graphs
2026-10-09 06:33:00,345  run_experiment            INFO     Compiler layouts (evaluations/compile_check/results/compiler_layouts_v6pilot.pt): 16994/17056 circuits
2026-10-09 06:33:01,022  run_experiment            INFO     Compiler counts (evaluations/compile_check/results/compiler_counts_v8.pt): 16994/17056 circuits
2026-10-09 06:33:01,029  genstudy.io               INFO     Wrote evaluations/generalization_v8/results/v8a_c001_s7/leave_one_group_out/dataset_summary.json
2026-10-09 06:33:01,032  run_experiment            INFO     [1/1] variational
2026-10-09 06:33:01,034  gsv3.experiment           INFO     === group_holdout / variational ===
2026-10-09 06:33:01,034  gsv3.experiment           INFO     Leave-one-group-out: test = all 9928 circuits of group 'variational' (qnn, vqe_real_amp, vqe_su2, vqe_two_local), train = 7128 circuits from the other 31 families.
2026-10-09 06:33:01,035  gsv3.experiment           INFO     train=5702  val=1426 ({'mode': 'random'})  test=9928
2026-10-09 06:33:01,780  gsv3.training             INFO     [group_holdout:variational] model=sinkhorn (979423 params) train=5702 val=1426 lr=0.0003 clip=1.0 alpha=0.00
2026-10-09 06:33:54,705  gsv3.training             INFO     [group_holdout:variational] epoch 0001  count_mse=1.7194  count_rel_err_2q=0.805
2026-10-09 06:33:54,706  gsv3.training             INFO     [group_holdout:variational] epoch 0001  region_bce=1.2408  dist_mse=0.2714  region_overlap=0.554
2026-10-09 06:33:54,707  gsv3.training             INFO     [group_holdout:variational] epoch 0001  train_log_mse=0.40222  val_log_mse=1.24778  val_mse=0.005952  max_grad=715.00  patience=0/30
2026-10-09 06:34:47,223  gsv3.training             INFO     [group_holdout:variational] epoch 0002  count_mse=0.8597  count_rel_err_2q=0.596
2026-10-09 06:34:47,224  gsv3.training             INFO     [group_holdout:variational] epoch 0002  region_bce=0.5654  dist_mse=0.1716  region_overlap=0.616
2026-10-09 06:34:47,225  gsv3.training             INFO     [group_holdout:variational] epoch 0002  train_log_mse=0.08402  val_log_mse=0.62182  val_mse=0.003307  max_grad=20.21  patience=0/30
2026-10-09 06:35:40,141  gsv3.training             INFO     [group_holdout:variational] epoch 0003  count_mse=0.6477  count_rel_err_2q=0.478
2026-10-09 06:35:40,141  gsv3.training             INFO     [group_holdout:variational] epoch 0003  region_bce=0.4498  dist_mse=0.1544  region_overlap=0.662
2026-10-09 06:35:40,143  gsv3.training             INFO     [group_holdout:variational] epoch 0003  train_log_mse=0.04805  val_log_mse=0.69451  val_mse=0.001836  max_grad=14.20  patience=0/30
2026-10-09 06:36:32,331  gsv3.training             INFO     [group_holdout:variational] epoch 0004  count_mse=0.5180  count_rel_err_2q=0.440
2026-10-09 06:36:32,331  gsv3.training             INFO     [group_holdout:variational] epoch 0004  region_bce=0.3977  dist_mse=0.1471  region_overlap=0.691
2026-10-09 06:36:32,331  gsv3.training             INFO     [group_holdout:variational] epoch 0004  train_log_mse=0.03781  val_log_mse=0.29171  val_mse=0.002372  max_grad=12.30  patience=1/30
2026-10-09 06:37:24,662  gsv3.training             INFO     [group_holdout:variational] epoch 0005  count_mse=0.4279  count_rel_err_2q=0.403
2026-10-09 06:37:24,662  gsv3.training             INFO     [group_holdout:variational] epoch 0005  region_bce=0.3744  dist_mse=0.1426  region_overlap=0.704
2026-10-09 06:37:24,664  gsv3.training             INFO     [group_holdout:variational] epoch 0005  train_log_mse=0.02985  val_log_mse=0.37953  val_mse=0.001527  max_grad=10.01  patience=0/30
2026-10-09 06:38:16,980  gsv3.training             INFO     [group_holdout:variational] epoch 0006  count_mse=0.3667  count_rel_err_2q=0.382
2026-10-09 06:38:16,980  gsv3.training             INFO     [group_holdout:variational] epoch 0006  region_bce=0.3612  dist_mse=0.1411  region_overlap=0.714
2026-10-09 06:38:16,981  gsv3.training             INFO     [group_holdout:variational] epoch 0006  train_log_mse=0.02619  val_log_mse=0.18573  val_mse=0.001212  max_grad=8.41  patience=0/30
2026-10-09 06:39:09,196  gsv3.training             INFO     [group_holdout:variational] epoch 0007  count_mse=0.3334  count_rel_err_2q=0.374
2026-10-09 06:39:09,196  gsv3.training             INFO     [group_holdout:variational] epoch 0007  region_bce=0.3490  dist_mse=0.1404  region_overlap=0.720
2026-10-09 06:39:09,198  gsv3.training             INFO     [group_holdout:variational] epoch 0007  train_log_mse=0.01956  val_log_mse=0.31714  val_mse=0.001069  max_grad=7.75  patience=0/30
2026-10-09 06:40:01,482  gsv3.training             INFO     [group_holdout:variational] epoch 0008  count_mse=0.3138  count_rel_err_2q=0.370
2026-10-09 06:40:01,482  gsv3.training             INFO     [group_holdout:variational] epoch 0008  region_bce=0.3449  dist_mse=0.1387  region_overlap=0.725
2026-10-09 06:40:01,482  gsv3.training             INFO     [group_holdout:variational] epoch 0008  train_log_mse=0.01899  val_log_mse=0.16924  val_mse=0.001090  max_grad=4.01  patience=1/30
2026-10-09 06:40:53,801  gsv3.training             INFO     [group_holdout:variational] epoch 0009  count_mse=0.2925  count_rel_err_2q=0.366
2026-10-09 06:40:53,801  gsv3.training             INFO     [group_holdout:variational] epoch 0009  region_bce=0.3371  dist_mse=0.1378  region_overlap=0.729
2026-10-09 06:40:53,803  gsv3.training             INFO     [group_holdout:variational] epoch 0009  train_log_mse=0.01540  val_log_mse=0.18119  val_mse=0.001017  max_grad=5.03  patience=0/30
2026-10-09 06:41:46,100  gsv3.training             INFO     [group_holdout:variational] epoch 0010  count_mse=0.2788  count_rel_err_2q=0.364
2026-10-09 06:41:46,100  gsv3.training             INFO     [group_holdout:variational] epoch 0010  region_bce=0.3258  dist_mse=0.1366  region_overlap=0.736
2026-10-09 06:41:46,101  gsv3.training             INFO     [group_holdout:variational] epoch 0010  train_log_mse=0.01429  val_log_mse=0.13912  val_mse=0.000968  max_grad=3.30  patience=0/30
2026-10-09 06:42:38,407  gsv3.training             INFO     [group_holdout:variational] epoch 0011  count_mse=0.2631  count_rel_err_2q=0.354
2026-10-09 06:42:38,407  gsv3.training             INFO     [group_holdout:variational] epoch 0011  region_bce=0.3215  dist_mse=0.1351  region_overlap=0.740
2026-10-09 06:42:38,408  gsv3.training             INFO     [group_holdout:variational] epoch 0011  train_log_mse=0.01117  val_log_mse=0.17389  val_mse=0.000955  max_grad=2.23  patience=0/30
2026-10-09 06:43:30,440  gsv3.training             INFO     [group_holdout:variational] epoch 0012  count_mse=0.2541  count_rel_err_2q=0.350
2026-10-09 06:43:30,440  gsv3.training             INFO     [group_holdout:variational] epoch 0012  region_bce=0.3175  dist_mse=0.1350  region_overlap=0.742
2026-10-09 06:43:30,442  gsv3.training             INFO     [group_holdout:variational] epoch 0012  train_log_mse=0.01362  val_log_mse=0.26715  val_mse=0.000870  max_grad=3.27  patience=0/30
2026-10-09 06:44:22,681  gsv3.training             INFO     [group_holdout:variational] epoch 0013  count_mse=0.2463  count_rel_err_2q=0.349
2026-10-09 06:44:22,681  gsv3.training             INFO     [group_holdout:variational] epoch 0013  region_bce=0.3112  dist_mse=0.1337  region_overlap=0.746
2026-10-09 06:44:22,681  gsv3.training             INFO     [group_holdout:variational] epoch 0013  train_log_mse=0.01391  val_log_mse=0.13838  val_mse=0.000894  max_grad=4.58  patience=1/30
2026-10-09 06:45:14,979  gsv3.training             INFO     [group_holdout:variational] epoch 0014  count_mse=0.2376  count_rel_err_2q=0.341
2026-10-09 06:45:14,979  gsv3.training             INFO     [group_holdout:variational] epoch 0014  region_bce=0.3057  dist_mse=0.1339  region_overlap=0.750
2026-10-09 06:45:14,979  gsv3.training             INFO     [group_holdout:variational] epoch 0014  train_log_mse=0.01159  val_log_mse=0.20256  val_mse=0.000965  max_grad=3.13  patience=2/30
2026-10-09 06:46:07,206  gsv3.training             INFO     [group_holdout:variational] epoch 0015  count_mse=0.2454  count_rel_err_2q=0.338
2026-10-09 06:46:07,206  gsv3.training             INFO     [group_holdout:variational] epoch 0015  region_bce=0.3030  dist_mse=0.1336  region_overlap=0.753
2026-10-09 06:46:07,206  gsv3.training             INFO     [group_holdout:variational] epoch 0015  train_log_mse=0.01311  val_log_mse=0.21040  val_mse=0.000919  max_grad=3.61  patience=3/30
2026-10-09 06:46:59,429  gsv3.training             INFO     [group_holdout:variational] epoch 0016  count_mse=0.2248  count_rel_err_2q=0.337
2026-10-09 06:46:59,429  gsv3.training             INFO     [group_holdout:variational] epoch 0016  region_bce=0.2904  dist_mse=0.1321  region_overlap=0.762
2026-10-09 06:46:59,431  gsv3.training             INFO     [group_holdout:variational] epoch 0016  train_log_mse=0.01118  val_log_mse=0.09651  val_mse=0.000864  max_grad=2.80  patience=0/30
2026-10-09 06:47:51,754  gsv3.training             INFO     [group_holdout:variational] epoch 0017  count_mse=0.2180  count_rel_err_2q=0.332
2026-10-09 06:47:51,754  gsv3.training             INFO     [group_holdout:variational] epoch 0017  region_bce=0.2890  dist_mse=0.1312  region_overlap=0.764
2026-10-09 06:47:51,755  gsv3.training             INFO     [group_holdout:variational] epoch 0017  train_log_mse=0.01124  val_log_mse=0.18225  val_mse=0.000925  max_grad=3.83  patience=1/30
2026-10-09 06:48:44,269  gsv3.training             INFO     [group_holdout:variational] epoch 0018  count_mse=0.2134  count_rel_err_2q=0.331
2026-10-09 06:48:44,269  gsv3.training             INFO     [group_holdout:variational] epoch 0018  region_bce=0.2793  dist_mse=0.1288  region_overlap=0.773
2026-10-09 06:48:44,270  gsv3.training             INFO     [group_holdout:variational] epoch 0018  train_log_mse=0.01097  val_log_mse=0.12014  val_mse=0.000866  max_grad=3.91  patience=2/30
2026-10-09 06:49:36,664  gsv3.training             INFO     [group_holdout:variational] epoch 0019  count_mse=0.2087  count_rel_err_2q=0.327
2026-10-09 06:49:36,664  gsv3.training             INFO     [group_holdout:variational] epoch 0019  region_bce=0.2729  dist_mse=0.1275  region_overlap=0.777
2026-10-09 06:49:36,664  gsv3.training             INFO     [group_holdout:variational] epoch 0019  train_log_mse=0.01097  val_log_mse=0.16149  val_mse=0.000904  max_grad=2.92  patience=3/30
2026-10-09 06:50:29,192  gsv3.training             INFO     [group_holdout:variational] epoch 0020  count_mse=0.2027  count_rel_err_2q=0.323
2026-10-09 06:50:29,192  gsv3.training             INFO     [group_holdout:variational] epoch 0020  region_bce=0.2621  dist_mse=0.1267  region_overlap=0.784
2026-10-09 06:50:29,192  gsv3.training             INFO     [group_holdout:variational] epoch 0020  train_log_mse=0.00972  val_log_mse=0.11264  val_mse=0.000896  max_grad=2.15  patience=4/30
2026-10-09 06:51:21,659  gsv3.training             INFO     [group_holdout:variational] epoch 0021  count_mse=0.1965  count_rel_err_2q=0.320
2026-10-09 06:51:21,659  gsv3.training             INFO     [group_holdout:variational] epoch 0021  region_bce=0.2544  dist_mse=0.1248  region_overlap=0.792
2026-10-09 06:51:21,659  gsv3.training             INFO     [group_holdout:variational] epoch 0021  train_log_mse=0.00956  val_log_mse=0.10659  val_mse=0.000980  max_grad=2.30  patience=5/30
2026-10-09 06:52:13,852  gsv3.training             INFO     [group_holdout:variational] epoch 0022  count_mse=0.1953  count_rel_err_2q=0.321
2026-10-09 06:52:13,852  gsv3.training             INFO     [group_holdout:variational] epoch 0022  region_bce=0.2505  dist_mse=0.1244  region_overlap=0.795
2026-10-09 06:52:13,854  gsv3.training             INFO     [group_holdout:variational] epoch 0022  train_log_mse=0.01009  val_log_mse=0.14082  val_mse=0.000813  max_grad=2.57  patience=0/30
2026-10-09 06:53:06,650  gsv3.training             INFO     [group_holdout:variational] epoch 0023  count_mse=0.1897  count_rel_err_2q=0.316
2026-10-09 06:53:06,650  gsv3.training             INFO     [group_holdout:variational] epoch 0023  region_bce=0.2445  dist_mse=0.1236  region_overlap=0.799
2026-10-09 06:53:06,650  gsv3.training             INFO     [group_holdout:variational] epoch 0023  train_log_mse=0.00887  val_log_mse=0.11939  val_mse=0.000819  max_grad=2.61  patience=1/30
2026-10-09 06:53:59,563  gsv3.training             INFO     [group_holdout:variational] epoch 0024  count_mse=0.1852  count_rel_err_2q=0.314
2026-10-09 06:53:59,563  gsv3.training             INFO     [group_holdout:variational] epoch 0024  region_bce=0.2384  dist_mse=0.1223  region_overlap=0.804
2026-10-09 06:53:59,564  gsv3.training             INFO     [group_holdout:variational] epoch 0024  train_log_mse=0.00855  val_log_mse=0.11465  val_mse=0.000774  max_grad=1.83  patience=0/30
2026-10-09 06:54:52,452  gsv3.training             INFO     [group_holdout:variational] epoch 0025  count_mse=0.1837  count_rel_err_2q=0.311
2026-10-09 06:54:52,452  gsv3.training             INFO     [group_holdout:variational] epoch 0025  region_bce=0.2373  dist_mse=0.1218  region_overlap=0.805
2026-10-09 06:54:52,454  gsv3.training             INFO     [group_holdout:variational] epoch 0025  train_log_mse=0.00919  val_log_mse=0.16483  val_mse=0.000714  max_grad=2.14  patience=0/30
2026-10-09 06:55:45,547  gsv3.training             INFO     [group_holdout:variational] epoch 0026  count_mse=0.1790  count_rel_err_2q=0.311
2026-10-09 06:55:45,547  gsv3.training             INFO     [group_holdout:variational] epoch 0026  region_bce=0.2299  dist_mse=0.1204  region_overlap=0.810
2026-10-09 06:55:45,547  gsv3.training             INFO     [group_holdout:variational] epoch 0026  train_log_mse=0.00886  val_log_mse=0.09586  val_mse=0.000731  max_grad=2.19  patience=1/30
2026-10-09 06:56:38,677  gsv3.training             INFO     [group_holdout:variational] epoch 0027  count_mse=0.1792  count_rel_err_2q=0.308
2026-10-09 06:56:38,677  gsv3.training             INFO     [group_holdout:variational] epoch 0027  region_bce=0.2269  dist_mse=0.1202  region_overlap=0.813
2026-10-09 06:56:38,677  gsv3.training             INFO     [group_holdout:variational] epoch 0027  train_log_mse=0.00927  val_log_mse=0.09539  val_mse=0.000759  max_grad=2.09  patience=2/30
2026-10-09 06:57:31,621  gsv3.training             INFO     [group_holdout:variational] epoch 0028  count_mse=0.1713  count_rel_err_2q=0.303
2026-10-09 06:57:31,622  gsv3.training             INFO     [group_holdout:variational] epoch 0028  region_bce=0.2212  dist_mse=0.1190  region_overlap=0.817
2026-10-09 06:57:31,622  gsv3.training             INFO     [group_holdout:variational] epoch 0028  train_log_mse=0.00698  val_log_mse=0.09337  val_mse=0.000752  max_grad=1.38  patience=3/30
2026-10-09 06:58:24,473  gsv3.training             INFO     [group_holdout:variational] epoch 0029  count_mse=0.1704  count_rel_err_2q=0.304
2026-10-09 06:58:24,473  gsv3.training             INFO     [group_holdout:variational] epoch 0029  region_bce=0.2194  dist_mse=0.1184  region_overlap=0.818
2026-10-09 06:58:24,474  gsv3.training             INFO     [group_holdout:variational] epoch 0029  train_log_mse=0.00861  val_log_mse=0.08672  val_mse=0.000685  max_grad=1.82  patience=0/30
2026-10-09 06:59:17,093  gsv3.training             INFO     [group_holdout:variational] epoch 0030  count_mse=0.1702  count_rel_err_2q=0.303
2026-10-09 06:59:17,093  gsv3.training             INFO     [group_holdout:variational] epoch 0030  region_bce=0.2161  dist_mse=0.1176  region_overlap=0.822
2026-10-09 06:59:17,093  gsv3.training             INFO     [group_holdout:variational] epoch 0030  train_log_mse=0.00837  val_log_mse=0.09288  val_mse=0.000724  max_grad=2.34  patience=1/30
2026-10-09 07:00:09,890  gsv3.training             INFO     [group_holdout:variational] epoch 0031  count_mse=0.1668  count_rel_err_2q=0.301
2026-10-09 07:00:09,890  gsv3.training             INFO     [group_holdout:variational] epoch 0031  region_bce=0.2141  dist_mse=0.1163  region_overlap=0.823
2026-10-09 07:00:09,890  gsv3.training             INFO     [group_holdout:variational] epoch 0031  train_log_mse=0.00800  val_log_mse=0.11485  val_mse=0.000791  max_grad=2.74  patience=2/30
2026-10-09 07:01:02,736  gsv3.training             INFO     [group_holdout:variational] epoch 0032  count_mse=0.1634  count_rel_err_2q=0.298
2026-10-09 07:01:02,736  gsv3.training             INFO     [group_holdout:variational] epoch 0032  region_bce=0.2088  dist_mse=0.1149  region_overlap=0.826
2026-10-09 07:01:02,736  gsv3.training             INFO     [group_holdout:variational] epoch 0032  train_log_mse=0.00836  val_log_mse=0.16444  val_mse=0.000700  max_grad=2.49  patience=3/30
2026-10-09 07:01:55,500  gsv3.training             INFO     [group_holdout:variational] epoch 0033  count_mse=0.1630  count_rel_err_2q=0.298
2026-10-09 07:01:55,500  gsv3.training             INFO     [group_holdout:variational] epoch 0033  region_bce=0.2048  dist_mse=0.1138  region_overlap=0.830
2026-10-09 07:01:55,500  gsv3.training             INFO     [group_holdout:variational] epoch 0033  train_log_mse=0.00797  val_log_mse=0.08192  val_mse=0.000775  max_grad=1.88  patience=4/30
2026-10-09 07:02:48,050  gsv3.training             INFO     [group_holdout:variational] epoch 0034  count_mse=0.1610  count_rel_err_2q=0.296
2026-10-09 07:02:48,051  gsv3.training             INFO     [group_holdout:variational] epoch 0034  region_bce=0.2013  dist_mse=0.1120  region_overlap=0.832
2026-10-09 07:02:48,052  gsv3.training             INFO     [group_holdout:variational] epoch 0034  train_log_mse=0.00680  val_log_mse=0.10064  val_mse=0.000669  max_grad=1.13  patience=0/30
2026-10-09 07:03:40,184  gsv3.training             INFO     [group_holdout:variational] epoch 0035  count_mse=0.1586  count_rel_err_2q=0.295
2026-10-09 07:03:40,184  gsv3.training             INFO     [group_holdout:variational] epoch 0035  region_bce=0.1983  dist_mse=0.1109  region_overlap=0.834
2026-10-09 07:03:40,184  gsv3.training             INFO     [group_holdout:variational] epoch 0035  train_log_mse=0.00748  val_log_mse=0.09548  val_mse=0.000715  max_grad=1.50  patience=1/30
2026-10-09 07:04:32,232  gsv3.training             INFO     [group_holdout:variational] epoch 0036  count_mse=0.1550  count_rel_err_2q=0.291
2026-10-09 07:04:32,232  gsv3.training             INFO     [group_holdout:variational] epoch 0036  region_bce=0.1935  dist_mse=0.1089  region_overlap=0.838
2026-10-09 07:04:32,232  gsv3.training             INFO     [group_holdout:variational] epoch 0036  train_log_mse=0.00673  val_log_mse=0.09121  val_mse=0.000710  max_grad=1.63  patience=2/30
2026-10-09 07:05:24,408  gsv3.training             INFO     [group_holdout:variational] epoch 0037  count_mse=0.1550  count_rel_err_2q=0.293
2026-10-09 07:05:24,408  gsv3.training             INFO     [group_holdout:variational] epoch 0037  region_bce=0.1892  dist_mse=0.1079  region_overlap=0.841
2026-10-09 07:05:24,408  gsv3.training             INFO     [group_holdout:variational] epoch 0037  train_log_mse=0.00699  val_log_mse=0.08832  val_mse=0.000706  max_grad=1.87  patience=3/30
2026-10-09 07:06:16,157  gsv3.training             INFO     [group_holdout:variational] epoch 0038  count_mse=0.1510  count_rel_err_2q=0.288
2026-10-09 07:06:16,157  gsv3.training             INFO     [group_holdout:variational] epoch 0038  region_bce=0.1853  dist_mse=0.1059  region_overlap=0.844
2026-10-09 07:06:16,157  gsv3.training             INFO     [group_holdout:variational] epoch 0038  train_log_mse=0.00638  val_log_mse=0.15694  val_mse=0.000764  max_grad=1.28  patience=4/30
2026-10-09 07:07:07,914  gsv3.training             INFO     [group_holdout:variational] epoch 0039  count_mse=0.1512  count_rel_err_2q=0.290
2026-10-09 07:07:07,914  gsv3.training             INFO     [group_holdout:variational] epoch 0039  region_bce=0.1870  dist_mse=0.1061  region_overlap=0.843
2026-10-09 07:07:07,916  gsv3.training             INFO     [group_holdout:variational] epoch 0039  train_log_mse=0.00692  val_log_mse=0.09328  val_mse=0.000652  max_grad=1.54  patience=0/30
2026-10-09 07:07:59,906  gsv3.training             INFO     [group_holdout:variational] epoch 0040  count_mse=0.1492  count_rel_err_2q=0.287
2026-10-09 07:07:59,906  gsv3.training             INFO     [group_holdout:variational] epoch 0040  region_bce=0.1828  dist_mse=0.1044  region_overlap=0.847
2026-10-09 07:07:59,906  gsv3.training             INFO     [group_holdout:variational] epoch 0040  train_log_mse=0.00761  val_log_mse=0.09740  val_mse=0.000722  max_grad=1.96  patience=1/30
2026-10-09 07:08:52,067  gsv3.training             INFO     [group_holdout:variational] epoch 0041  count_mse=0.1483  count_rel_err_2q=0.287
2026-10-09 07:08:52,067  gsv3.training             INFO     [group_holdout:variational] epoch 0041  region_bce=0.1765  dist_mse=0.1035  region_overlap=0.850
2026-10-09 07:08:52,068  gsv3.training             INFO     [group_holdout:variational] epoch 0041  train_log_mse=0.00642  val_log_mse=0.09582  val_mse=0.000734  max_grad=1.19  patience=2/30
2026-10-09 07:09:44,014  gsv3.training             INFO     [group_holdout:variational] epoch 0042  count_mse=0.1482  count_rel_err_2q=0.286
2026-10-09 07:09:44,014  gsv3.training             INFO     [group_holdout:variational] epoch 0042  region_bce=0.1744  dist_mse=0.1033  region_overlap=0.852
2026-10-09 07:09:44,014  gsv3.training             INFO     [group_holdout:variational] epoch 0042  train_log_mse=0.00738  val_log_mse=0.09078  val_mse=0.000704  max_grad=1.72  patience=3/30
2026-10-09 07:10:35,984  gsv3.training             INFO     [group_holdout:variational] epoch 0043  count_mse=0.1467  count_rel_err_2q=0.286
2026-10-09 07:10:35,984  gsv3.training             INFO     [group_holdout:variational] epoch 0043  region_bce=0.1724  dist_mse=0.1027  region_overlap=0.853
2026-10-09 07:10:35,984  gsv3.training             INFO     [group_holdout:variational] epoch 0043  train_log_mse=0.00713  val_log_mse=0.10957  val_mse=0.000844  max_grad=1.62  patience=4/30
2026-10-09 07:11:28,277  gsv3.training             INFO     [group_holdout:variational] epoch 0044  count_mse=0.1482  count_rel_err_2q=0.285
2026-10-09 07:11:28,277  gsv3.training             INFO     [group_holdout:variational] epoch 0044  region_bce=0.1752  dist_mse=0.1024  region_overlap=0.852
2026-10-09 07:11:28,277  gsv3.training             INFO     [group_holdout:variational] epoch 0044  train_log_mse=0.00790  val_log_mse=0.21490  val_mse=0.000772  max_grad=2.01  patience=5/30
2026-10-09 07:12:20,348  gsv3.training             INFO     [group_holdout:variational] epoch 0045  count_mse=0.1475  count_rel_err_2q=0.283
2026-10-09 07:12:20,348  gsv3.training             INFO     [group_holdout:variational] epoch 0045  region_bce=0.1733  dist_mse=0.1027  region_overlap=0.854
2026-10-09 07:12:20,348  gsv3.training             INFO     [group_holdout:variational] epoch 0045  train_log_mse=0.00822  val_log_mse=0.15361  val_mse=0.000865  max_grad=2.09  patience=6/30
2026-10-09 07:13:12,387  gsv3.training             INFO     [group_holdout:variational] epoch 0046  count_mse=0.1420  count_rel_err_2q=0.281
2026-10-09 07:13:12,387  gsv3.training             INFO     [group_holdout:variational] epoch 0046  region_bce=0.1620  dist_mse=0.1011  region_overlap=0.860
2026-10-09 07:13:12,387  gsv3.training             INFO     [group_holdout:variational] epoch 0046  train_log_mse=0.00634  val_log_mse=0.09671  val_mse=0.000668  max_grad=1.16  patience=7/30
2026-10-09 07:14:04,657  gsv3.training             INFO     [group_holdout:variational] epoch 0047  count_mse=0.1410  count_rel_err_2q=0.280
2026-10-09 07:14:04,657  gsv3.training             INFO     [group_holdout:variational] epoch 0047  region_bce=0.1583  dist_mse=0.1004  region_overlap=0.863
2026-10-09 07:14:04,657  gsv3.training             INFO     [group_holdout:variational] epoch 0047  train_log_mse=0.00668  val_log_mse=0.12648  val_mse=0.000680  max_grad=1.39  patience=8/30
2026-10-09 07:14:56,862  gsv3.training             INFO     [group_holdout:variational] epoch 0048  count_mse=0.1395  count_rel_err_2q=0.276
2026-10-09 07:14:56,863  gsv3.training             INFO     [group_holdout:variational] epoch 0048  region_bce=0.1566  dist_mse=0.0998  region_overlap=0.864
2026-10-09 07:14:56,863  gsv3.training             INFO     [group_holdout:variational] epoch 0048  train_log_mse=0.00622  val_log_mse=0.09615  val_mse=0.000727  max_grad=1.15  patience=9/30
2026-10-09 07:15:49,168  gsv3.training             INFO     [group_holdout:variational] epoch 0049  count_mse=0.1381  count_rel_err_2q=0.277
2026-10-09 07:15:49,168  gsv3.training             INFO     [group_holdout:variational] epoch 0049  region_bce=0.1490  dist_mse=0.0990  region_overlap=0.869
2026-10-09 07:15:49,168  gsv3.training             INFO     [group_holdout:variational] epoch 0049  train_log_mse=0.00553  val_log_mse=0.08636  val_mse=0.000731  max_grad=0.94  patience=10/30
2026-10-09 07:16:41,344  gsv3.training             INFO     [group_holdout:variational] epoch 0050  count_mse=0.1363  count_rel_err_2q=0.277
2026-10-09 07:16:41,345  gsv3.training             INFO     [group_holdout:variational] epoch 0050  region_bce=0.1483  dist_mse=0.0987  region_overlap=0.869
2026-10-09 07:16:41,345  gsv3.training             INFO     [group_holdout:variational] epoch 0050  train_log_mse=0.00635  val_log_mse=0.12733  val_mse=0.000923  max_grad=1.22  patience=11/30
2026-10-09 07:17:33,478  gsv3.training             INFO     [group_holdout:variational] epoch 0051  count_mse=0.1378  count_rel_err_2q=0.276
2026-10-09 07:17:33,478  gsv3.training             INFO     [group_holdout:variational] epoch 0051  region_bce=0.1509  dist_mse=0.0989  region_overlap=0.868
2026-10-09 07:17:33,478  gsv3.training             INFO     [group_holdout:variational] epoch 0051  train_log_mse=0.00742  val_log_mse=0.09358  val_mse=0.000802  max_grad=3.04  patience=12/30
2026-10-09 07:18:25,776  gsv3.training             INFO     [group_holdout:variational] epoch 0052  count_mse=0.1365  count_rel_err_2q=0.275
2026-10-09 07:18:25,776  gsv3.training             INFO     [group_holdout:variational] epoch 0052  region_bce=0.1458  dist_mse=0.0982  region_overlap=0.872
2026-10-09 07:18:25,776  gsv3.training             INFO     [group_holdout:variational] epoch 0052  train_log_mse=0.00686  val_log_mse=0.12293  val_mse=0.000770  max_grad=1.69  patience=13/30
2026-10-09 07:19:18,034  gsv3.training             INFO     [group_holdout:variational] epoch 0053  count_mse=0.1371  count_rel_err_2q=0.275
2026-10-09 07:19:18,034  gsv3.training             INFO     [group_holdout:variational] epoch 0053  region_bce=0.1452  dist_mse=0.0987  region_overlap=0.872
2026-10-09 07:19:18,034  gsv3.training             INFO     [group_holdout:variational] epoch 0053  train_log_mse=0.00763  val_log_mse=0.13840  val_mse=0.000687  max_grad=1.99  patience=14/30
2026-10-09 07:20:10,600  gsv3.training             INFO     [group_holdout:variational] epoch 0054  count_mse=0.1346  count_rel_err_2q=0.272
2026-10-09 07:20:10,600  gsv3.training             INFO     [group_holdout:variational] epoch 0054  region_bce=0.1375  dist_mse=0.0977  region_overlap=0.877
2026-10-09 07:20:10,600  gsv3.training             INFO     [group_holdout:variational] epoch 0054  train_log_mse=0.00692  val_log_mse=0.08620  val_mse=0.000667  max_grad=1.69  patience=15/30
2026-10-09 07:21:02,990  gsv3.training             INFO     [group_holdout:variational] epoch 0055  count_mse=0.1315  count_rel_err_2q=0.271
2026-10-09 07:21:02,990  gsv3.training             INFO     [group_holdout:variational] epoch 0055  region_bce=0.1330  dist_mse=0.0970  region_overlap=0.879
2026-10-09 07:21:02,992  gsv3.training             INFO     [group_holdout:variational] epoch 0055  train_log_mse=0.00563  val_log_mse=0.09178  val_mse=0.000627  max_grad=3.41  patience=0/30
2026-10-09 07:21:55,238  gsv3.training             INFO     [group_holdout:variational] epoch 0056  count_mse=0.1357  count_rel_err_2q=0.273
2026-10-09 07:21:55,239  gsv3.training             INFO     [group_holdout:variational] epoch 0056  region_bce=0.1426  dist_mse=0.0988  region_overlap=0.875
2026-10-09 07:21:55,239  gsv3.training             INFO     [group_holdout:variational] epoch 0056  train_log_mse=0.00833  val_log_mse=0.08482  val_mse=0.000645  max_grad=1.97  patience=1/30
2026-10-09 07:22:47,635  gsv3.training             INFO     [group_holdout:variational] epoch 0057  count_mse=0.1311  count_rel_err_2q=0.269
2026-10-09 07:22:47,635  gsv3.training             INFO     [group_holdout:variational] epoch 0057  region_bce=0.1300  dist_mse=0.0970  region_overlap=0.882
2026-10-09 07:22:47,635  gsv3.training             INFO     [group_holdout:variational] epoch 0057  train_log_mse=0.00689  val_log_mse=0.10263  val_mse=0.000699  max_grad=1.82  patience=2/30
2026-10-09 07:23:39,874  gsv3.training             INFO     [group_holdout:variational] epoch 0058  count_mse=0.1311  count_rel_err_2q=0.272
2026-10-09 07:23:39,875  gsv3.training             INFO     [group_holdout:variational] epoch 0058  region_bce=0.1265  dist_mse=0.0961  region_overlap=0.885
2026-10-09 07:23:39,875  gsv3.training             INFO     [group_holdout:variational] epoch 0058  train_log_mse=0.00602  val_log_mse=0.12141  val_mse=0.000727  max_grad=0.86  patience=3/30
2026-10-09 07:24:32,025  gsv3.training             INFO     [group_holdout:variational] epoch 0059  count_mse=0.1300  count_rel_err_2q=0.269
2026-10-09 07:24:32,025  gsv3.training             INFO     [group_holdout:variational] epoch 0059  region_bce=0.1255  dist_mse=0.0962  region_overlap=0.886
2026-10-09 07:24:32,025  gsv3.training             INFO     [group_holdout:variational] epoch 0059  train_log_mse=0.00622  val_log_mse=0.08237  val_mse=0.000635  max_grad=1.28  patience=4/30
2026-10-09 07:25:24,271  gsv3.training             INFO     [group_holdout:variational] epoch 0060  count_mse=0.1275  count_rel_err_2q=0.267
2026-10-09 07:25:24,271  gsv3.training             INFO     [group_holdout:variational] epoch 0060  region_bce=0.1179  dist_mse=0.0953  region_overlap=0.890
2026-10-09 07:25:24,271  gsv3.training             INFO     [group_holdout:variational] epoch 0060  train_log_mse=0.00581  val_log_mse=0.08924  val_mse=0.000707  max_grad=1.44  patience=5/30
2026-10-09 07:26:16,929  gsv3.training             INFO     [group_holdout:variational] epoch 0061  count_mse=0.1269  count_rel_err_2q=0.266
2026-10-09 07:26:16,929  gsv3.training             INFO     [group_holdout:variational] epoch 0061  region_bce=0.1146  dist_mse=0.0949  region_overlap=0.893
2026-10-09 07:26:16,929  gsv3.training             INFO     [group_holdout:variational] epoch 0061  train_log_mse=0.00558  val_log_mse=0.08169  val_mse=0.000659  max_grad=1.00  patience=6/30
2026-10-09 07:27:09,334  gsv3.training             INFO     [group_holdout:variational] epoch 0062  count_mse=0.1249  count_rel_err_2q=0.266
2026-10-09 07:27:09,334  gsv3.training             INFO     [group_holdout:variational] epoch 0062  region_bce=0.1111  dist_mse=0.0938  region_overlap=0.895
2026-10-09 07:27:09,335  gsv3.training             INFO     [group_holdout:variational] epoch 0062  train_log_mse=0.00525  val_log_mse=0.08198  val_mse=0.000655  max_grad=0.74  patience=7/30
2026-10-09 07:28:01,757  gsv3.training             INFO     [group_holdout:variational] epoch 0063  count_mse=0.1249  count_rel_err_2q=0.265
2026-10-09 07:28:01,757  gsv3.training             INFO     [group_holdout:variational] epoch 0063  region_bce=0.1093  dist_mse=0.0934  region_overlap=0.896
2026-10-09 07:28:01,757  gsv3.training             INFO     [group_holdout:variational] epoch 0063  train_log_mse=0.00567  val_log_mse=0.16487  val_mse=0.000708  max_grad=2.09  patience=8/30
2026-10-09 07:28:54,064  gsv3.training             INFO     [group_holdout:variational] epoch 0064  count_mse=0.1258  count_rel_err_2q=0.267
2026-10-09 07:28:54,064  gsv3.training             INFO     [group_holdout:variational] epoch 0064  region_bce=0.1155  dist_mse=0.0941  region_overlap=0.892
2026-10-09 07:28:54,064  gsv3.training             INFO     [group_holdout:variational] epoch 0064  train_log_mse=0.00654  val_log_mse=0.09189  val_mse=0.000684  max_grad=1.41  patience=9/30
2026-10-09 07:29:46,461  gsv3.training             INFO     [group_holdout:variational] epoch 0065  count_mse=0.1247  count_rel_err_2q=0.267
2026-10-09 07:29:46,461  gsv3.training             INFO     [group_holdout:variational] epoch 0065  region_bce=0.1082  dist_mse=0.0937  region_overlap=0.897
2026-10-09 07:29:46,461  gsv3.training             INFO     [group_holdout:variational] epoch 0065  train_log_mse=0.00603  val_log_mse=0.09235  val_mse=0.000704  max_grad=1.35  patience=10/30
2026-10-09 07:30:38,972  gsv3.training             INFO     [group_holdout:variational] epoch 0066  count_mse=0.1264  count_rel_err_2q=0.267
2026-10-09 07:30:38,972  gsv3.training             INFO     [group_holdout:variational] epoch 0066  region_bce=0.1093  dist_mse=0.0935  region_overlap=0.896
2026-10-09 07:30:38,972  gsv3.training             INFO     [group_holdout:variational] epoch 0066  train_log_mse=0.00773  val_log_mse=0.10324  val_mse=0.000653  max_grad=2.32  patience=11/30
2026-10-09 07:31:31,409  gsv3.training             INFO     [group_holdout:variational] epoch 0067  count_mse=0.1235  count_rel_err_2q=0.265
2026-10-09 07:31:31,409  gsv3.training             INFO     [group_holdout:variational] epoch 0067  region_bce=0.1011  dist_mse=0.0922  region_overlap=0.902
2026-10-09 07:31:31,409  gsv3.training             INFO     [group_holdout:variational] epoch 0067  train_log_mse=0.00619  val_log_mse=0.11261  val_mse=0.000698  max_grad=1.21  patience=12/30
2026-10-09 07:32:23,753  gsv3.training             INFO     [group_holdout:variational] epoch 0068  count_mse=0.1224  count_rel_err_2q=0.263
2026-10-09 07:32:23,753  gsv3.training             INFO     [group_holdout:variational] epoch 0068  region_bce=0.1015  dist_mse=0.0920  region_overlap=0.902
2026-10-09 07:32:23,753  gsv3.training             INFO     [group_holdout:variational] epoch 0068  train_log_mse=0.00554  val_log_mse=0.09593  val_mse=0.000636  max_grad=1.28  patience=13/30
2026-10-09 07:33:16,459  gsv3.training             INFO     [group_holdout:variational] epoch 0069  count_mse=0.1192  count_rel_err_2q=0.263
2026-10-09 07:33:16,459  gsv3.training             INFO     [group_holdout:variational] epoch 0069  region_bce=0.0973  dist_mse=0.0911  region_overlap=0.905
2026-10-09 07:33:16,459  gsv3.training             INFO     [group_holdout:variational] epoch 0069  train_log_mse=0.00533  val_log_mse=0.08498  val_mse=0.000630  max_grad=0.89  patience=14/30
2026-10-09 07:34:08,977  gsv3.training             INFO     [group_holdout:variational] epoch 0070  count_mse=0.1219  count_rel_err_2q=0.266
2026-10-09 07:34:08,977  gsv3.training             INFO     [group_holdout:variational] epoch 0070  region_bce=0.1088  dist_mse=0.0931  region_overlap=0.898
2026-10-09 07:34:08,977  gsv3.training             INFO     [group_holdout:variational] epoch 0070  train_log_mse=0.00671  val_log_mse=0.09185  val_mse=0.000870  max_grad=2.07  patience=15/30
2026-10-09 07:35:01,387  gsv3.training             INFO     [group_holdout:variational] epoch 0071  count_mse=0.1195  count_rel_err_2q=0.263
2026-10-09 07:35:01,388  gsv3.training             INFO     [group_holdout:variational] epoch 0071  region_bce=0.0948  dist_mse=0.0912  region_overlap=0.906
2026-10-09 07:35:01,388  gsv3.training             INFO     [group_holdout:variational] epoch 0071  train_log_mse=0.00565  val_log_mse=0.09958  val_mse=0.000644  max_grad=1.04  patience=16/30
2026-10-09 07:35:53,645  gsv3.training             INFO     [group_holdout:variational] epoch 0072  count_mse=0.1193  count_rel_err_2q=0.263
2026-10-09 07:35:53,646  gsv3.training             INFO     [group_holdout:variational] epoch 0072  region_bce=0.0903  dist_mse=0.0905  region_overlap=0.909
2026-10-09 07:35:53,646  gsv3.training             INFO     [group_holdout:variational] epoch 0072  train_log_mse=0.00577  val_log_mse=0.08605  val_mse=0.000681  max_grad=1.02  patience=17/30
2026-10-09 07:36:46,145  gsv3.training             INFO     [group_holdout:variational] epoch 0073  count_mse=0.1169  count_rel_err_2q=0.261
2026-10-09 07:36:46,145  gsv3.training             INFO     [group_holdout:variational] epoch 0073  region_bce=0.0959  dist_mse=0.0903  region_overlap=0.906
2026-10-09 07:36:46,145  gsv3.training             INFO     [group_holdout:variational] epoch 0073  train_log_mse=0.00513  val_log_mse=0.09168  val_mse=0.000630  max_grad=1.35  patience=18/30
2026-10-09 07:37:38,468  gsv3.training             INFO     [group_holdout:variational] epoch 0074  count_mse=0.1176  count_rel_err_2q=0.262
2026-10-09 07:37:38,468  gsv3.training             INFO     [group_holdout:variational] epoch 0074  region_bce=0.0878  dist_mse=0.0898  region_overlap=0.911
2026-10-09 07:37:38,469  gsv3.training             INFO     [group_holdout:variational] epoch 0074  train_log_mse=0.00537  val_log_mse=0.07782  val_mse=0.000650  max_grad=0.85  patience=19/30
2026-10-09 07:38:30,992  gsv3.training             INFO     [group_holdout:variational] epoch 0075  count_mse=0.1147  count_rel_err_2q=0.258
2026-10-09 07:38:30,992  gsv3.training             INFO     [group_holdout:variational] epoch 0075  region_bce=0.0829  dist_mse=0.0887  region_overlap=0.915
2026-10-09 07:38:30,994  gsv3.training             INFO     [group_holdout:variational] epoch 0075  train_log_mse=0.00469  val_log_mse=0.08356  val_mse=0.000626  max_grad=0.82  patience=0/30
2026-10-09 07:39:23,454  gsv3.training             INFO     [group_holdout:variational] epoch 0076  count_mse=0.1154  count_rel_err_2q=0.262
2026-10-09 07:39:23,454  gsv3.training             INFO     [group_holdout:variational] epoch 0076  region_bce=0.0836  dist_mse=0.0888  region_overlap=0.914
2026-10-09 07:39:23,454  gsv3.training             INFO     [group_holdout:variational] epoch 0076  train_log_mse=0.00538  val_log_mse=0.08518  val_mse=0.000729  max_grad=1.21  patience=1/30
2026-10-09 07:40:15,666  gsv3.training             INFO     [group_holdout:variational] epoch 0077  count_mse=0.1140  count_rel_err_2q=0.260
2026-10-09 07:40:15,667  gsv3.training             INFO     [group_holdout:variational] epoch 0077  region_bce=0.0811  dist_mse=0.0884  region_overlap=0.916
2026-10-09 07:40:15,667  gsv3.training             INFO     [group_holdout:variational] epoch 0077  train_log_mse=0.00521  val_log_mse=0.08772  val_mse=0.000626  max_grad=1.00  patience=2/30
2026-10-09 07:41:07,932  gsv3.training             INFO     [group_holdout:variational] epoch 0078  count_mse=0.1169  count_rel_err_2q=0.263
2026-10-09 07:41:07,932  gsv3.training             INFO     [group_holdout:variational] epoch 0078  region_bce=0.0932  dist_mse=0.0900  region_overlap=0.908
2026-10-09 07:41:07,932  gsv3.training             INFO     [group_holdout:variational] epoch 0078  train_log_mse=0.00726  val_log_mse=0.12661  val_mse=0.000632  max_grad=1.71  patience=3/30
2026-10-09 07:42:00,157  gsv3.training             INFO     [group_holdout:variational] epoch 0079  count_mse=0.1154  count_rel_err_2q=0.263
2026-10-09 07:42:00,157  gsv3.training             INFO     [group_holdout:variational] epoch 0079  region_bce=0.0895  dist_mse=0.0895  region_overlap=0.911
2026-10-09 07:42:00,157  gsv3.training             INFO     [group_holdout:variational] epoch 0079  train_log_mse=0.00767  val_log_mse=0.10053  val_mse=0.000684  max_grad=2.16  patience=4/30
2026-10-09 07:42:52,229  gsv3.training             INFO     [group_holdout:variational] epoch 0080  count_mse=0.1137  count_rel_err_2q=0.260
2026-10-09 07:42:52,229  gsv3.training             INFO     [group_holdout:variational] epoch 0080  region_bce=0.0772  dist_mse=0.0873  region_overlap=0.919
2026-10-09 07:42:52,230  gsv3.training             INFO     [group_holdout:variational] epoch 0080  train_log_mse=0.00507  val_log_mse=0.08594  val_mse=0.000592  max_grad=0.74  patience=0/30
2026-10-09 07:43:45,352  gsv3.training             INFO     [group_holdout:variational] epoch 0081  count_mse=0.1100  count_rel_err_2q=0.257
2026-10-09 07:43:45,352  gsv3.training             INFO     [group_holdout:variational] epoch 0081  region_bce=0.0736  dist_mse=0.0862  region_overlap=0.921
2026-10-09 07:43:45,352  gsv3.training             INFO     [group_holdout:variational] epoch 0081  train_log_mse=0.00432  val_log_mse=0.10874  val_mse=0.000645  max_grad=0.51  patience=1/30
2026-10-09 07:44:38,410  gsv3.training             INFO     [group_holdout:variational] epoch 0082  count_mse=0.1093  count_rel_err_2q=0.258
2026-10-09 07:44:38,410  gsv3.training             INFO     [group_holdout:variational] epoch 0082  region_bce=0.0744  dist_mse=0.0861  region_overlap=0.920
2026-10-09 07:44:38,410  gsv3.training             INFO     [group_holdout:variational] epoch 0082  train_log_mse=0.00454  val_log_mse=0.08294  val_mse=0.000664  max_grad=0.72  patience=2/30
2026-10-09 07:45:31,498  gsv3.training             INFO     [group_holdout:variational] epoch 0083  count_mse=0.1104  count_rel_err_2q=0.259
2026-10-09 07:45:31,498  gsv3.training             INFO     [group_holdout:variational] epoch 0083  region_bce=0.0772  dist_mse=0.0860  region_overlap=0.919
2026-10-09 07:45:31,498  gsv3.training             INFO     [group_holdout:variational] epoch 0083  train_log_mse=0.00543  val_log_mse=0.08519  val_mse=0.000643  max_grad=1.49  patience=3/30
2026-10-09 07:46:24,400  gsv3.training             INFO     [group_holdout:variational] epoch 0084  count_mse=0.1088  count_rel_err_2q=0.257
2026-10-09 07:46:24,400  gsv3.training             INFO     [group_holdout:variational] epoch 0084  region_bce=0.0733  dist_mse=0.0856  region_overlap=0.921
2026-10-09 07:46:24,400  gsv3.training             INFO     [group_holdout:variational] epoch 0084  train_log_mse=0.00473  val_log_mse=0.07984  val_mse=0.000678  max_grad=0.68  patience=4/30
2026-10-09 07:47:17,467  gsv3.training             INFO     [group_holdout:variational] epoch 0085  count_mse=0.1087  count_rel_err_2q=0.256
2026-10-09 07:47:17,467  gsv3.training             INFO     [group_holdout:variational] epoch 0085  region_bce=0.0733  dist_mse=0.0849  region_overlap=0.921
2026-10-09 07:47:17,467  gsv3.training             INFO     [group_holdout:variational] epoch 0085  train_log_mse=0.00493  val_log_mse=0.10275  val_mse=0.000653  max_grad=0.67  patience=5/30
2026-10-09 07:48:10,774  gsv3.training             INFO     [group_holdout:variational] epoch 0086  count_mse=0.1089  count_rel_err_2q=0.257
2026-10-09 07:48:10,774  gsv3.training             INFO     [group_holdout:variational] epoch 0086  region_bce=0.0727  dist_mse=0.0847  region_overlap=0.922
2026-10-09 07:48:10,776  gsv3.training             INFO     [group_holdout:variational] epoch 0086  train_log_mse=0.00513  val_log_mse=0.08168  val_mse=0.000567  max_grad=0.85  patience=0/30
2026-10-09 07:49:04,125  gsv3.training             INFO     [group_holdout:variational] epoch 0087  count_mse=0.1087  count_rel_err_2q=0.258
2026-10-09 07:49:04,126  gsv3.training             INFO     [group_holdout:variational] epoch 0087  region_bce=0.0762  dist_mse=0.0849  region_overlap=0.920
2026-10-09 07:49:04,126  gsv3.training             INFO     [group_holdout:variational] epoch 0087  train_log_mse=0.00520  val_log_mse=0.09338  val_mse=0.000639  max_grad=2.57  patience=1/30
2026-10-09 07:49:57,460  gsv3.training             INFO     [group_holdout:variational] epoch 0088  count_mse=0.1083  count_rel_err_2q=0.259
2026-10-09 07:49:57,461  gsv3.training             INFO     [group_holdout:variational] epoch 0088  region_bce=0.0737  dist_mse=0.0844  region_overlap=0.922
2026-10-09 07:49:57,461  gsv3.training             INFO     [group_holdout:variational] epoch 0088  train_log_mse=0.00508  val_log_mse=0.08703  val_mse=0.000619  max_grad=1.24  patience=2/30
2026-10-09 07:50:50,652  gsv3.training             INFO     [group_holdout:variational] epoch 0089  count_mse=0.1063  count_rel_err_2q=0.257
2026-10-09 07:50:50,653  gsv3.training             INFO     [group_holdout:variational] epoch 0089  region_bce=0.0702  dist_mse=0.0839  region_overlap=0.924
2026-10-09 07:50:50,653  gsv3.training             INFO     [group_holdout:variational] epoch 0089  train_log_mse=0.00508  val_log_mse=0.10805  val_mse=0.000637  max_grad=1.67  patience=3/30
2026-10-09 07:51:43,985  gsv3.training             INFO     [group_holdout:variational] epoch 0090  count_mse=0.1068  count_rel_err_2q=0.257
2026-10-09 07:51:43,985  gsv3.training             INFO     [group_holdout:variational] epoch 0090  region_bce=0.0756  dist_mse=0.0849  region_overlap=0.921
2026-10-09 07:51:43,986  gsv3.training             INFO     [group_holdout:variational] epoch 0090  train_log_mse=0.00565  val_log_mse=0.09291  val_mse=0.000563  max_grad=0.98  patience=0/30
2026-10-09 07:52:37,127  gsv3.training             INFO     [group_holdout:variational] epoch 0091  count_mse=0.1073  count_rel_err_2q=0.259
2026-10-09 07:52:37,127  gsv3.training             INFO     [group_holdout:variational] epoch 0091  region_bce=0.0705  dist_mse=0.0841  region_overlap=0.924
2026-10-09 07:52:37,127  gsv3.training             INFO     [group_holdout:variational] epoch 0091  train_log_mse=0.00596  val_log_mse=0.09395  val_mse=0.000618  max_grad=0.88  patience=1/30
2026-10-09 07:53:30,466  gsv3.training             INFO     [group_holdout:variational] epoch 0092  count_mse=0.1065  count_rel_err_2q=0.258
2026-10-09 07:53:30,466  gsv3.training             INFO     [group_holdout:variational] epoch 0092  region_bce=0.0696  dist_mse=0.0829  region_overlap=0.925
2026-10-09 07:53:30,466  gsv3.training             INFO     [group_holdout:variational] epoch 0092  train_log_mse=0.00479  val_log_mse=0.08875  val_mse=0.000599  max_grad=0.68  patience=2/30
2026-10-09 07:54:23,712  gsv3.training             INFO     [group_holdout:variational] epoch 0093  count_mse=0.1053  count_rel_err_2q=0.257
2026-10-09 07:54:23,712  gsv3.training             INFO     [group_holdout:variational] epoch 0093  region_bce=0.0681  dist_mse=0.0826  region_overlap=0.925
2026-10-09 07:54:23,712  gsv3.training             INFO     [group_holdout:variational] epoch 0093  train_log_mse=0.00510  val_log_mse=0.08121  val_mse=0.000638  max_grad=0.81  patience=3/30
2026-10-09 07:55:16,717  gsv3.training             INFO     [group_holdout:variational] epoch 0094  count_mse=0.1034  count_rel_err_2q=0.255
2026-10-09 07:55:16,717  gsv3.training             INFO     [group_holdout:variational] epoch 0094  region_bce=0.0659  dist_mse=0.0817  region_overlap=0.927
2026-10-09 07:55:16,717  gsv3.training             INFO     [group_holdout:variational] epoch 0094  train_log_mse=0.00457  val_log_mse=0.10192  val_mse=0.000588  max_grad=0.63  patience=4/30
2026-10-09 07:56:09,898  gsv3.training             INFO     [group_holdout:variational] epoch 0095  count_mse=0.1031  count_rel_err_2q=0.254
2026-10-09 07:56:09,899  gsv3.training             INFO     [group_holdout:variational] epoch 0095  region_bce=0.0664  dist_mse=0.0812  region_overlap=0.927
2026-10-09 07:56:09,899  gsv3.training             INFO     [group_holdout:variational] epoch 0095  train_log_mse=0.00471  val_log_mse=0.08792  val_mse=0.000633  max_grad=0.58  patience=5/30
2026-10-09 07:57:02,537  gsv3.training             INFO     [group_holdout:variational] epoch 0096  count_mse=0.1038  count_rel_err_2q=0.255
2026-10-09 07:57:02,537  gsv3.training             INFO     [group_holdout:variational] epoch 0096  region_bce=0.0664  dist_mse=0.0817  region_overlap=0.927
2026-10-09 07:57:02,537  gsv3.training             INFO     [group_holdout:variational] epoch 0096  train_log_mse=0.00541  val_log_mse=0.09950  val_mse=0.000773  max_grad=0.99  patience=6/30
2026-10-09 07:57:55,638  gsv3.training             INFO     [group_holdout:variational] epoch 0097  count_mse=0.1041  count_rel_err_2q=0.257
2026-10-09 07:57:55,638  gsv3.training             INFO     [group_holdout:variational] epoch 0097  region_bce=0.0717  dist_mse=0.0820  region_overlap=0.924
2026-10-09 07:57:55,638  gsv3.training             INFO     [group_holdout:variational] epoch 0097  train_log_mse=0.00519  val_log_mse=0.08693  val_mse=0.000606  max_grad=0.75  patience=7/30
2026-10-09 07:58:48,658  gsv3.training             INFO     [group_holdout:variational] epoch 0098  count_mse=0.1024  count_rel_err_2q=0.255
2026-10-09 07:58:48,658  gsv3.training             INFO     [group_holdout:variational] epoch 0098  region_bce=0.0632  dist_mse=0.0799  region_overlap=0.929
2026-10-09 07:58:48,658  gsv3.training             INFO     [group_holdout:variational] epoch 0098  train_log_mse=0.00433  val_log_mse=0.10250  val_mse=0.000580  max_grad=0.74  patience=8/30
2026-10-09 07:59:41,779  gsv3.training             INFO     [group_holdout:variational] epoch 0099  count_mse=0.1026  count_rel_err_2q=0.257
2026-10-09 07:59:41,779  gsv3.training             INFO     [group_holdout:variational] epoch 0099  region_bce=0.0633  dist_mse=0.0801  region_overlap=0.929
2026-10-09 07:59:41,779  gsv3.training             INFO     [group_holdout:variational] epoch 0099  train_log_mse=0.00463  val_log_mse=0.08244  val_mse=0.000581  max_grad=0.76  patience=9/30
2026-10-09 08:00:34,714  gsv3.training             INFO     [group_holdout:variational] epoch 0100  count_mse=0.1014  count_rel_err_2q=0.255
2026-10-09 08:00:34,714  gsv3.training             INFO     [group_holdout:variational] epoch 0100  region_bce=0.0603  dist_mse=0.0792  region_overlap=0.931
2026-10-09 08:00:34,714  gsv3.training             INFO     [group_holdout:variational] epoch 0100  train_log_mse=0.00448  val_log_mse=0.08851  val_mse=0.000588  max_grad=0.72  patience=10/30
2026-10-09 08:01:27,791  gsv3.training             INFO     [group_holdout:variational] epoch 0101  count_mse=0.1007  count_rel_err_2q=0.255
2026-10-09 08:01:27,791  gsv3.training             INFO     [group_holdout:variational] epoch 0101  region_bce=0.0624  dist_mse=0.0793  region_overlap=0.930
2026-10-09 08:01:27,791  gsv3.training             INFO     [group_holdout:variational] epoch 0101  train_log_mse=0.00496  val_log_mse=0.09686  val_mse=0.000594  max_grad=0.83  patience=11/30
2026-10-09 08:02:20,955  gsv3.training             INFO     [group_holdout:variational] epoch 0102  count_mse=0.0999  count_rel_err_2q=0.255
2026-10-09 08:02:20,955  gsv3.training             INFO     [group_holdout:variational] epoch 0102  region_bce=0.0608  dist_mse=0.0781  region_overlap=0.931
2026-10-09 08:02:20,955  gsv3.training             INFO     [group_holdout:variational] epoch 0102  train_log_mse=0.00423  val_log_mse=0.08434  val_mse=0.000601  max_grad=0.52  patience=12/30
2026-10-09 08:03:13,965  gsv3.training             INFO     [group_holdout:variational] epoch 0103  count_mse=0.1012  count_rel_err_2q=0.257
2026-10-09 08:03:13,965  gsv3.training             INFO     [group_holdout:variational] epoch 0103  region_bce=0.0653  dist_mse=0.0791  region_overlap=0.928
2026-10-09 08:03:13,965  gsv3.training             INFO     [group_holdout:variational] epoch 0103  train_log_mse=0.00499  val_log_mse=0.08005  val_mse=0.000601  max_grad=1.72  patience=13/30
2026-10-09 08:04:06,976  gsv3.training             INFO     [group_holdout:variational] epoch 0104  count_mse=0.1001  count_rel_err_2q=0.257
2026-10-09 08:04:06,976  gsv3.training             INFO     [group_holdout:variational] epoch 0104  region_bce=0.0684  dist_mse=0.0791  region_overlap=0.927
2026-10-09 08:04:06,976  gsv3.training             INFO     [group_holdout:variational] epoch 0104  train_log_mse=0.00510  val_log_mse=0.09207  val_mse=0.000624  max_grad=1.40  patience=14/30
2026-10-09 08:04:59,685  gsv3.training             INFO     [group_holdout:variational] epoch 0105  count_mse=0.0992  count_rel_err_2q=0.256
2026-10-09 08:04:59,685  gsv3.training             INFO     [group_holdout:variational] epoch 0105  region_bce=0.0615  dist_mse=0.0781  region_overlap=0.931
2026-10-09 08:04:59,685  gsv3.training             INFO     [group_holdout:variational] epoch 0105  train_log_mse=0.00448  val_log_mse=0.08241  val_mse=0.000590  max_grad=0.74  patience=15/30
2026-10-09 08:05:52,856  gsv3.training             INFO     [group_holdout:variational] epoch 0106  count_mse=0.0992  count_rel_err_2q=0.255
2026-10-09 08:05:52,856  gsv3.training             INFO     [group_holdout:variational] epoch 0106  region_bce=0.0604  dist_mse=0.0777  region_overlap=0.931
2026-10-09 08:05:52,856  gsv3.training             INFO     [group_holdout:variational] epoch 0106  train_log_mse=0.00470  val_log_mse=0.11004  val_mse=0.000626  max_grad=0.89  patience=16/30
2026-10-09 08:06:46,097  gsv3.training             INFO     [group_holdout:variational] epoch 0107  count_mse=0.1004  count_rel_err_2q=0.258
2026-10-09 08:06:46,097  gsv3.training             INFO     [group_holdout:variational] epoch 0107  region_bce=0.0656  dist_mse=0.0790  region_overlap=0.928
2026-10-09 08:06:46,097  gsv3.training             INFO     [group_holdout:variational] epoch 0107  train_log_mse=0.00592  val_log_mse=0.08976  val_mse=0.000625  max_grad=1.99  patience=17/30
2026-10-09 08:07:38,983  gsv3.training             INFO     [group_holdout:variational] epoch 0108  count_mse=0.0995  count_rel_err_2q=0.257
2026-10-09 08:07:38,983  gsv3.training             INFO     [group_holdout:variational] epoch 0108  region_bce=0.0619  dist_mse=0.0780  region_overlap=0.931
2026-10-09 08:07:38,983  gsv3.training             INFO     [group_holdout:variational] epoch 0108  train_log_mse=0.00524  val_log_mse=0.12472  val_mse=0.000696  max_grad=2.05  patience=18/30
2026-10-09 08:08:32,007  gsv3.training             INFO     [group_holdout:variational] epoch 0109  count_mse=0.0988  count_rel_err_2q=0.257
2026-10-09 08:08:32,007  gsv3.training             INFO     [group_holdout:variational] epoch 0109  region_bce=0.0604  dist_mse=0.0777  region_overlap=0.932
2026-10-09 08:08:32,007  gsv3.training             INFO     [group_holdout:variational] epoch 0109  train_log_mse=0.00501  val_log_mse=0.08930  val_mse=0.000656  max_grad=0.74  patience=19/30
2026-10-09 08:09:25,373  gsv3.training             INFO     [group_holdout:variational] epoch 0110  count_mse=0.0983  count_rel_err_2q=0.257
2026-10-09 08:09:25,373  gsv3.training             INFO     [group_holdout:variational] epoch 0110  region_bce=0.0609  dist_mse=0.0771  region_overlap=0.932
2026-10-09 08:09:25,373  gsv3.training             INFO     [group_holdout:variational] epoch 0110  train_log_mse=0.00473  val_log_mse=0.08596  val_mse=0.000635  max_grad=0.96  patience=20/30
2026-10-09 08:10:18,809  gsv3.training             INFO     [group_holdout:variational] epoch 0111  count_mse=0.0981  count_rel_err_2q=0.257
2026-10-09 08:10:18,809  gsv3.training             INFO     [group_holdout:variational] epoch 0111  region_bce=0.0612  dist_mse=0.0765  region_overlap=0.932
2026-10-09 08:10:18,809  gsv3.training             INFO     [group_holdout:variational] epoch 0111  train_log_mse=0.00428  val_log_mse=0.10739  val_mse=0.000591  max_grad=0.53  patience=21/30
2026-10-09 08:11:12,048  gsv3.training             INFO     [group_holdout:variational] epoch 0112  count_mse=0.0974  count_rel_err_2q=0.256
2026-10-09 08:11:12,048  gsv3.training             INFO     [group_holdout:variational] epoch 0112  region_bce=0.0598  dist_mse=0.0759  region_overlap=0.933
2026-10-09 08:11:12,048  gsv3.training             INFO     [group_holdout:variational] epoch 0112  train_log_mse=0.00442  val_log_mse=0.10097  val_mse=0.000601  max_grad=0.63  patience=22/30
2026-10-09 08:12:04,450  gsv3.training             INFO     [group_holdout:variational] epoch 0113  count_mse=0.0960  count_rel_err_2q=0.255
2026-10-09 08:12:04,450  gsv3.training             INFO     [group_holdout:variational] epoch 0113  region_bce=0.0582  dist_mse=0.0758  region_overlap=0.933
2026-10-09 08:12:04,450  gsv3.training             INFO     [group_holdout:variational] epoch 0113  train_log_mse=0.00455  val_log_mse=0.08184  val_mse=0.000594  max_grad=1.19  patience=23/30
2026-10-09 08:12:57,350  gsv3.training             INFO     [group_holdout:variational] epoch 0114  count_mse=0.0954  count_rel_err_2q=0.255
2026-10-09 08:12:57,350  gsv3.training             INFO     [group_holdout:variational] epoch 0114  region_bce=0.0555  dist_mse=0.0739  region_overlap=0.935
2026-10-09 08:12:57,350  gsv3.training             INFO     [group_holdout:variational] epoch 0114  train_log_mse=0.00403  val_log_mse=0.08058  val_mse=0.000572  max_grad=0.64  patience=24/30
2026-10-09 08:13:49,600  gsv3.training             INFO     [group_holdout:variational] epoch 0115  count_mse=0.0948  count_rel_err_2q=0.254
2026-10-09 08:13:49,600  gsv3.training             INFO     [group_holdout:variational] epoch 0115  region_bce=0.0555  dist_mse=0.0734  region_overlap=0.935
2026-10-09 08:13:49,600  gsv3.training             INFO     [group_holdout:variational] epoch 0115  train_log_mse=0.00385  val_log_mse=0.08012  val_mse=0.000588  max_grad=0.49  patience=25/30
2026-10-09 08:14:41,726  gsv3.training             INFO     [group_holdout:variational] epoch 0116  count_mse=0.0949  count_rel_err_2q=0.255
2026-10-09 08:14:41,726  gsv3.training             INFO     [group_holdout:variational] epoch 0116  region_bce=0.0617  dist_mse=0.0745  region_overlap=0.932
2026-10-09 08:14:41,726  gsv3.training             INFO     [group_holdout:variational] epoch 0116  train_log_mse=0.00502  val_log_mse=0.10818  val_mse=0.000626  max_grad=0.93  patience=26/30
2026-10-09 08:15:34,602  gsv3.training             INFO     [group_holdout:variational] epoch 0117  count_mse=0.0959  count_rel_err_2q=0.256
2026-10-09 08:15:34,602  gsv3.training             INFO     [group_holdout:variational] epoch 0117  region_bce=0.0648  dist_mse=0.0769  region_overlap=0.929
2026-10-09 08:15:34,602  gsv3.training             INFO     [group_holdout:variational] epoch 0117  train_log_mse=0.00552  val_log_mse=0.08813  val_mse=0.000578  max_grad=0.95  patience=27/30
2026-10-09 08:16:27,306  gsv3.training             INFO     [group_holdout:variational] epoch 0118  count_mse=0.0952  count_rel_err_2q=0.255
2026-10-09 08:16:27,307  gsv3.training             INFO     [group_holdout:variational] epoch 0118  region_bce=0.0564  dist_mse=0.0744  region_overlap=0.935
2026-10-09 08:16:27,307  gsv3.training             INFO     [group_holdout:variational] epoch 0118  train_log_mse=0.00463  val_log_mse=0.08177  val_mse=0.000581  max_grad=0.93  patience=28/30
2026-10-09 08:17:20,339  gsv3.training             INFO     [group_holdout:variational] epoch 0119  count_mse=0.0935  count_rel_err_2q=0.255
2026-10-09 08:17:20,339  gsv3.training             INFO     [group_holdout:variational] epoch 0119  region_bce=0.0540  dist_mse=0.0726  region_overlap=0.937
2026-10-09 08:17:20,339  gsv3.training             INFO     [group_holdout:variational] epoch 0119  train_log_mse=0.00420  val_log_mse=0.08032  val_mse=0.000600  max_grad=0.53  patience=29/30
2026-10-09 08:18:13,100  gsv3.training             INFO     [group_holdout:variational] epoch 0120  count_mse=0.0932  count_rel_err_2q=0.254
2026-10-09 08:18:13,100  gsv3.training             INFO     [group_holdout:variational] epoch 0120  region_bce=0.0549  dist_mse=0.0730  region_overlap=0.936
2026-10-09 08:18:13,100  gsv3.training             INFO     [group_holdout:variational] epoch 0120  train_log_mse=0.00422  val_log_mse=0.07859  val_mse=0.000587  max_grad=0.73  patience=30/30
2026-10-09 08:18:30,456  gsv3.experiment           INFO     [variational] TEST  n=9928  MAE=0.0831  R2=0.8383  device-acc=0.603  regret=0.0143
2026-10-09 08:18:30,459  genstudy.io               INFO     Wrote evaluations/generalization_v8/results/v8a_c001_s7/leave_one_group_out/variational/metrics.json
2026-10-09 08:18:30,506  genstudy.io               INFO     Wrote evaluations/generalization_v8/results/v8a_c001_s7/leave_one_group_out/variational/predictions.json
2026-10-09 08:18:30,520  genstudy.io               INFO     Wrote evaluations/generalization_v8/results/v8a_c001_s7/leave_one_group_out/variational/history.json
2026-10-09 08:18:30,540  run_experiment            INFO     leave_one_group_out finished: 1 complete, 0 skipped
