2026-10-08 05:40:23,406  genstudy.io               INFO     Logging to evaluations/generalization_v3/results/v1_s6/leave_one_group_out/run.log
2026-10-08 05:40:23,406  run_experiment            INFO     Command line: evaluations/generalization_v3/scripts/run_experiment.py logo --model v1 --balance-alpha 0 --lr 3e-4 --grad-clip 1.0 --seed 6 --families large --groups variational --results-dir evaluations/generalization_v3/results/v1_s6
2026-10-08 05:40:23,406  gsv2.gpu                  WARNING  No CUDA device available — running on the CPU.
2026-10-08 05:40:23,407  genstudy.model            INFO     Hyper-parameters from /home/atudisco/pred-distr-tool/src/model/best_params.json: {'hidden_dim': 142, 'num_conv_wo_resnet': 3, 'num_resnet_layers': 1, 'dropout': 0.0, 'bidirectional': True, 'mlp': [512, 256, 128], 'lr': 0.001, 'readout': 'meanmaxsum'}
2026-10-08 05:40:23,407  genstudy.data             INFO     Loading graph dataset: /home/atudisco/compileCircuits/graph_dataset_expected_fidelity.pt
2026-10-08 05:40:23,416  genstudy.io               INFO     Logging to evaluations/generalization_v3/results/v1_s6/leave_one_group_out/run.log
2026-10-08 05:40:23,417  run_experiment            INFO     Command line: evaluations/generalization_v3/scripts/run_experiment.py logo --model v1 --balance-alpha 0 --lr 3e-4 --grad-clip 1.0 --seed 6 --families large --groups fourier --results-dir evaluations/generalization_v3/results/v1_s6
2026-10-08 05:40:23,417  gsv2.gpu                  WARNING  No CUDA device available — running on the CPU.
2026-10-08 05:40:23,417  genstudy.model            INFO     Hyper-parameters from /home/atudisco/pred-distr-tool/src/model/best_params.json: {'hidden_dim': 142, 'num_conv_wo_resnet': 3, 'num_resnet_layers': 1, 'dropout': 0.0, 'bidirectional': True, 'mlp': [512, 256, 128], 'lr': 0.001, 'readout': 'meanmaxsum'}
2026-10-08 05:40:23,417  genstudy.data             INFO     Loading graph dataset: /home/atudisco/compileCircuits/graph_dataset_expected_fidelity.pt
2026-10-08 05:40:23,449  genstudy.io               INFO     Logging to evaluations/generalization_v3/results/v1_s6/leave_one_group_out/run.log
2026-10-08 05:40:23,450  run_experiment            INFO     Command line: evaluations/generalization_v3/scripts/run_experiment.py logo --model v1 --balance-alpha 0 --lr 3e-4 --grad-clip 1.0 --seed 6 --families large --groups vqe --results-dir evaluations/generalization_v3/results/v1_s6
2026-10-08 05:40:23,450  gsv2.gpu                  WARNING  No CUDA device available — running on the CPU.
2026-10-08 05:40:23,450  genstudy.model            INFO     Hyper-parameters from /home/atudisco/pred-distr-tool/src/model/best_params.json: {'hidden_dim': 142, 'num_conv_wo_resnet': 3, 'num_resnet_layers': 1, 'dropout': 0.0, 'bidirectional': True, 'mlp': [512, 256, 128], 'lr': 0.001, 'readout': 'meanmaxsum'}
2026-10-08 05:40:23,451  genstudy.data             INFO     Loading graph dataset: /home/atudisco/compileCircuits/graph_dataset_expected_fidelity.pt
2026-10-08 05:40:26,276  genstudy.data             INFO     Loaded 17056 graphs
2026-10-08 05:40:26,281  genstudy.data             INFO     Loaded 17056 graphs
2026-10-08 05:40:26,304  genstudy.data             INFO     Loaded 17056 graphs
2026-10-08 05:40:26,308  genstudy.io               INFO     Wrote evaluations/generalization_v3/results/v1_s6/leave_one_group_out/dataset_summary.json
2026-10-08 05:40:26,310  run_experiment            INFO     [1/1] fourier
2026-10-08 05:40:26,312  genstudy.io               INFO     Wrote evaluations/generalization_v3/results/v1_s6/leave_one_group_out/dataset_summary.json
2026-10-08 05:40:26,316  run_experiment            INFO     [1/1] variational
2026-10-08 05:40:26,318  genstudy.experiment       INFO     === group_holdout / fourier ===
2026-10-08 05:40:26,318  genstudy.experiment       INFO     Leave-one-group-out: test = all 2904 circuits of group 'fourier' (ae, draper_qft_adder, dynamic_qft, iqpe, qft, qftentangled, qpeexact, qpeinexact, rg_qft_multiplier), train = 14152 circuits from the other 26 families.
2026-10-08 05:40:26,319  genstudy.experiment       INFO     === group_holdout / variational ===
2026-10-08 05:40:26,319  genstudy.experiment       INFO     Leave-one-group-out: test = all 9928 circuits of group 'variational' (qnn, vqe_real_amp, vqe_su2, vqe_two_local), train = 7128 circuits from the other 31 families.
2026-10-08 05:40:26,320  genstudy.experiment       INFO     train=11322  val=2830  test=2904
2026-10-08 05:40:26,320  genstudy.experiment       INFO     train=5702  val=1426  test=9928
2026-10-08 05:40:26,337  genstudy.io               INFO     Wrote evaluations/generalization_v3/results/v1_s6/leave_one_group_out/dataset_summary.json
2026-10-08 05:40:26,340  run_experiment            INFO     [1/1] vqe
2026-10-08 05:40:26,343  genstudy.experiment       INFO     === group_holdout / vqe ===
2026-10-08 05:40:26,343  genstudy.experiment       INFO     Leave-one-group-out: test = all 9168 circuits of group 'vqe' (vqe_real_amp, vqe_su2, vqe_two_local), train = 7888 circuits from the other 32 families.
2026-10-08 05:40:26,343  genstudy.experiment       INFO     train=6310  val=1578  test=9168
2026-10-08 05:40:26,359  genstudy.model            INFO     [group_holdout:variational] training on 5702 graphs, validating on 1426, epochs 1-1000 (patience 30)
2026-10-08 05:40:26,385  genstudy.model            INFO     [group_holdout:vqe] training on 6310 graphs, validating on 1578, epochs 1-1000 (patience 30)
2026-10-08 05:40:26,463  genstudy.model            INFO     [group_holdout:fourier] training on 11322 graphs, validating on 2830, epochs 1-1000 (patience 30)
2026-10-08 05:40:38,473  genstudy.model            INFO     [group_holdout:variational] epoch 0001/1000  train_mse=2.027348  val_mse=0.081451  val_r2=0.2655  patience=0/30
2026-10-08 05:40:39,491  genstudy.model            INFO     [group_holdout:vqe] epoch 0001/1000  train_mse=1.064039  val_mse=0.040026  val_r2=0.6557  patience=0/30
2026-10-08 05:40:45,851  genstudy.model            INFO     [group_holdout:fourier] epoch 0001/1000  train_mse=0.940249  val_mse=0.007861  val_r2=0.9218  patience=0/30
2026-10-08 05:40:50,585  genstudy.model            INFO     [group_holdout:variational] epoch 0002/1000  train_mse=0.113870  val_mse=0.005995  val_r2=0.9463  patience=0/30
2026-10-08 05:40:52,341  genstudy.model            INFO     [group_holdout:vqe] epoch 0002/1000  train_mse=0.051382  val_mse=0.165447  val_r2=-0.6601  patience=1/30
2026-10-08 05:41:02,811  genstudy.model            INFO     [group_holdout:variational] epoch 0003/1000  train_mse=0.004872  val_mse=0.003818  val_r2=0.9655  patience=0/30
2026-10-08 05:41:05,058  genstudy.model            INFO     [group_holdout:vqe] epoch 0003/1000  train_mse=0.023428  val_mse=0.004335  val_r2=0.9609  patience=0/30
2026-10-08 05:41:05,065  genstudy.model            INFO     [group_holdout:fourier] epoch 0002/1000  train_mse=0.010530  val_mse=0.003959  val_r2=0.9605  patience=0/30
2026-10-08 05:41:14,815  genstudy.model            INFO     [group_holdout:variational] epoch 0004/1000  train_mse=0.003672  val_mse=0.002643  val_r2=0.9761  patience=0/30
2026-10-08 05:41:17,678  genstudy.model            INFO     [group_holdout:vqe] epoch 0004/1000  train_mse=0.003559  val_mse=0.002036  val_r2=0.9812  patience=0/30
2026-10-08 05:41:23,813  genstudy.model            INFO     [group_holdout:fourier] epoch 0003/1000  train_mse=0.006801  val_mse=0.004315  val_r2=0.9556  patience=1/30
2026-10-08 05:41:26,297  genstudy.model            INFO     [group_holdout:variational] epoch 0005/1000  train_mse=0.010331  val_mse=0.002899  val_r2=0.9737  patience=1/30
2026-10-08 05:41:30,077  genstudy.model            INFO     [group_holdout:vqe] epoch 0005/1000  train_mse=0.002714  val_mse=0.002569  val_r2=0.9771  patience=1/30
2026-10-08 05:41:38,493  genstudy.model            INFO     [group_holdout:variational] epoch 0006/1000  train_mse=0.003692  val_mse=0.002134  val_r2=0.9807  patience=0/30
2026-10-08 05:41:42,861  genstudy.model            INFO     [group_holdout:vqe] epoch 0006/1000  train_mse=0.003052  val_mse=0.002672  val_r2=0.9754  patience=2/30
2026-10-08 05:41:43,134  genstudy.model            INFO     [group_holdout:fourier] epoch 0004/1000  train_mse=0.005174  val_mse=0.018954  val_r2=0.8095  patience=2/30
2026-10-08 05:41:50,798  genstudy.model            INFO     [group_holdout:variational] epoch 0007/1000  train_mse=0.003260  val_mse=0.002665  val_r2=0.9762  patience=1/30
2026-10-08 05:41:55,596  genstudy.model            INFO     [group_holdout:vqe] epoch 0007/1000  train_mse=0.020325  val_mse=0.003298  val_r2=0.9700  patience=3/30
2026-10-08 05:42:02,402  genstudy.model            INFO     [group_holdout:fourier] epoch 0005/1000  train_mse=0.006460  val_mse=0.001827  val_r2=0.9817  patience=0/30
2026-10-08 05:42:03,105  genstudy.model            INFO     [group_holdout:variational] epoch 0008/1000  train_mse=0.008927  val_mse=0.002234  val_r2=0.9797  patience=2/30
2026-10-08 05:42:08,381  genstudy.model            INFO     [group_holdout:vqe] epoch 0008/1000  train_mse=0.002021  val_mse=0.001127  val_r2=0.9897  patience=0/30
2026-10-08 05:42:15,304  genstudy.model            INFO     [group_holdout:variational] epoch 0009/1000  train_mse=0.004017  val_mse=0.013579  val_r2=0.8703  patience=3/30
2026-10-08 05:42:21,150  genstudy.model            INFO     [group_holdout:vqe] epoch 0009/1000  train_mse=0.001131  val_mse=0.001118  val_r2=0.9898  patience=0/30
2026-10-08 05:42:21,824  genstudy.model            INFO     [group_holdout:fourier] epoch 0006/1000  train_mse=0.003726  val_mse=0.001862  val_r2=0.9814  patience=1/30
2026-10-08 05:42:27,518  genstudy.model            INFO     [group_holdout:variational] epoch 0010/1000  train_mse=0.016660  val_mse=0.002173  val_r2=0.9804  patience=4/30
2026-10-08 05:42:34,149  genstudy.model            INFO     [group_holdout:vqe] epoch 0010/1000  train_mse=0.000944  val_mse=0.001108  val_r2=0.9900  patience=0/30
2026-10-08 05:42:39,806  genstudy.model            INFO     [group_holdout:variational] epoch 0011/1000  train_mse=0.001696  val_mse=0.001118  val_r2=0.9900  patience=0/30
2026-10-08 05:42:41,434  genstudy.model            INFO     [group_holdout:fourier] epoch 0007/1000  train_mse=0.005444  val_mse=0.001597  val_r2=0.9840  patience=0/30
2026-10-08 05:42:46,851  genstudy.model            INFO     [group_holdout:vqe] epoch 0011/1000  train_mse=0.001482  val_mse=0.001732  val_r2=0.9844  patience=1/30
2026-10-08 05:42:52,081  genstudy.model            INFO     [group_holdout:variational] epoch 0012/1000  train_mse=0.002393  val_mse=0.060445  val_r2=0.4853  patience=1/30
2026-10-08 05:42:59,613  genstudy.model            INFO     [group_holdout:vqe] epoch 0012/1000  train_mse=0.001295  val_mse=0.000693  val_r2=0.9937  patience=0/30
2026-10-08 05:43:00,689  genstudy.model            INFO     [group_holdout:fourier] epoch 0008/1000  train_mse=0.002214  val_mse=0.001799  val_r2=0.9821  patience=1/30
2026-10-08 05:43:04,453  genstudy.model            INFO     [group_holdout:variational] epoch 0013/1000  train_mse=0.014126  val_mse=0.001173  val_r2=0.9895  patience=2/30
2026-10-08 05:43:12,609  genstudy.model            INFO     [group_holdout:vqe] epoch 0013/1000  train_mse=0.000672  val_mse=0.000970  val_r2=0.9911  patience=1/30
2026-10-08 05:43:16,739  genstudy.model            INFO     [group_holdout:variational] epoch 0014/1000  train_mse=0.001048  val_mse=0.001932  val_r2=0.9825  patience=3/30
2026-10-08 05:43:19,880  genstudy.model            INFO     [group_holdout:fourier] epoch 0009/1000  train_mse=0.005047  val_mse=0.001331  val_r2=0.9867  patience=0/30
2026-10-08 05:43:25,508  genstudy.model            INFO     [group_holdout:vqe] epoch 0014/1000  train_mse=0.000710  val_mse=0.001145  val_r2=0.9895  patience=2/30
2026-10-08 05:43:29,031  genstudy.model            INFO     [group_holdout:variational] epoch 0015/1000  train_mse=0.000849  val_mse=0.000994  val_r2=0.9911  patience=0/30
2026-10-08 05:43:38,426  genstudy.model            INFO     [group_holdout:vqe] epoch 0015/1000  train_mse=0.003506  val_mse=0.001728  val_r2=0.9840  patience=3/30
2026-10-08 05:43:39,053  genstudy.model            INFO     [group_holdout:fourier] epoch 0010/1000  train_mse=0.001204  val_mse=0.001375  val_r2=0.9863  patience=1/30
2026-10-08 05:43:41,306  genstudy.model            INFO     [group_holdout:variational] epoch 0016/1000  train_mse=0.000851  val_mse=0.000986  val_r2=0.9912  patience=0/30
2026-10-08 05:43:51,389  genstudy.model            INFO     [group_holdout:vqe] epoch 0016/1000  train_mse=0.001869  val_mse=0.000786  val_r2=0.9928  patience=4/30
2026-10-08 05:43:53,596  genstudy.model            INFO     [group_holdout:variational] epoch 0017/1000  train_mse=0.000701  val_mse=0.001065  val_r2=0.9905  patience=1/30
2026-10-08 05:43:58,383  genstudy.model            INFO     [group_holdout:fourier] epoch 0011/1000  train_mse=0.001155  val_mse=0.001182  val_r2=0.9881  patience=0/30
2026-10-08 05:44:04,104  genstudy.model            INFO     [group_holdout:vqe] epoch 0017/1000  train_mse=0.000694  val_mse=0.000772  val_r2=0.9930  patience=5/30
2026-10-08 05:44:05,916  genstudy.model            INFO     [group_holdout:variational] epoch 0018/1000  train_mse=0.000684  val_mse=0.000922  val_r2=0.9917  patience=0/30
2026-10-08 05:44:17,080  genstudy.model            INFO     [group_holdout:vqe] epoch 0018/1000  train_mse=0.000548  val_mse=0.000711  val_r2=0.9936  patience=6/30
2026-10-08 05:44:18,059  genstudy.model            INFO     [group_holdout:variational] epoch 0019/1000  train_mse=0.000828  val_mse=0.002626  val_r2=0.9762  patience=1/30
2026-10-08 05:44:18,092  genstudy.model            INFO     [group_holdout:fourier] epoch 0012/1000  train_mse=0.001263  val_mse=0.001752  val_r2=0.9827  patience=1/30
2026-10-08 05:44:29,989  genstudy.model            INFO     [group_holdout:vqe] epoch 0019/1000  train_mse=0.000757  val_mse=0.005507  val_r2=0.9490  patience=7/30
2026-10-08 05:44:30,302  genstudy.model            INFO     [group_holdout:variational] epoch 0020/1000  train_mse=0.001630  val_mse=0.000932  val_r2=0.9917  patience=2/30
2026-10-08 05:44:37,778  genstudy.model            INFO     [group_holdout:fourier] epoch 0013/1000  train_mse=0.001000  val_mse=0.002648  val_r2=0.9737  patience=2/30
2026-10-08 05:44:42,420  genstudy.model            INFO     [group_holdout:variational] epoch 0021/1000  train_mse=0.004796  val_mse=0.001527  val_r2=0.9863  patience=3/30
2026-10-08 05:44:42,953  genstudy.model            INFO     [group_holdout:vqe] epoch 0020/1000  train_mse=0.001828  val_mse=0.000806  val_r2=0.9926  patience=8/30
2026-10-08 05:44:54,436  genstudy.model            INFO     [group_holdout:variational] epoch 0022/1000  train_mse=0.002257  val_mse=0.001135  val_r2=0.9897  patience=4/30
2026-10-08 05:44:55,949  genstudy.model            INFO     [group_holdout:vqe] epoch 0021/1000  train_mse=0.000719  val_mse=0.000897  val_r2=0.9918  patience=9/30
2026-10-08 05:44:57,419  genstudy.model            INFO     [group_holdout:fourier] epoch 0014/1000  train_mse=0.001562  val_mse=0.001219  val_r2=0.9877  patience=3/30
2026-10-08 05:45:06,567  genstudy.model            INFO     [group_holdout:variational] epoch 0023/1000  train_mse=0.000624  val_mse=0.000819  val_r2=0.9927  patience=0/30
2026-10-08 05:45:09,073  genstudy.model            INFO     [group_holdout:vqe] epoch 0022/1000  train_mse=0.001391  val_mse=0.005959  val_r2=0.9486  patience=10/30
2026-10-08 05:45:17,116  genstudy.model            INFO     [group_holdout:fourier] epoch 0015/1000  train_mse=0.001176  val_mse=0.001817  val_r2=0.9817  patience=4/30
2026-10-08 05:45:18,605  genstudy.model            INFO     [group_holdout:variational] epoch 0024/1000  train_mse=0.000513  val_mse=0.001044  val_r2=0.9907  patience=1/30
2026-10-08 05:45:22,007  genstudy.model            INFO     [group_holdout:vqe] epoch 0023/1000  train_mse=0.001298  val_mse=0.000996  val_r2=0.9910  patience=11/30
2026-10-08 05:45:30,640  genstudy.model            INFO     [group_holdout:variational] epoch 0025/1000  train_mse=0.000851  val_mse=0.001067  val_r2=0.9905  patience=2/30
2026-10-08 05:45:35,001  genstudy.model            INFO     [group_holdout:vqe] epoch 0024/1000  train_mse=0.000959  val_mse=0.000906  val_r2=0.9918  patience=12/30
2026-10-08 05:45:36,810  genstudy.model            INFO     [group_holdout:fourier] epoch 0016/1000  train_mse=0.000837  val_mse=0.001217  val_r2=0.9879  patience=5/30
2026-10-08 05:45:42,814  genstudy.model            INFO     [group_holdout:variational] epoch 0026/1000  train_mse=0.000649  val_mse=0.000790  val_r2=0.9929  patience=0/30
2026-10-08 05:45:47,981  genstudy.model            INFO     [group_holdout:vqe] epoch 0025/1000  train_mse=0.000683  val_mse=0.000686  val_r2=0.9938  patience=0/30
2026-10-08 05:45:54,928  genstudy.model            INFO     [group_holdout:variational] epoch 0027/1000  train_mse=0.000879  val_mse=0.001424  val_r2=0.9872  patience=1/30
2026-10-08 05:45:56,496  genstudy.model            INFO     [group_holdout:fourier] epoch 0017/1000  train_mse=0.000904  val_mse=0.000913  val_r2=0.9909  patience=0/30
2026-10-08 05:46:01,111  genstudy.model            INFO     [group_holdout:vqe] epoch 0026/1000  train_mse=0.000576  val_mse=0.000798  val_r2=0.9927  patience=1/30
2026-10-08 05:46:06,896  genstudy.model            INFO     [group_holdout:variational] epoch 0028/1000  train_mse=0.000661  val_mse=0.000851  val_r2=0.9924  patience=2/30
2026-10-08 05:46:14,251  genstudy.model            INFO     [group_holdout:vqe] epoch 0027/1000  train_mse=0.000829  val_mse=0.001431  val_r2=0.9867  patience=2/30
2026-10-08 05:46:16,208  genstudy.model            INFO     [group_holdout:fourier] epoch 0018/1000  train_mse=0.001022  val_mse=0.001623  val_r2=0.9841  patience=1/30
2026-10-08 05:46:18,959  genstudy.model            INFO     [group_holdout:variational] epoch 0029/1000  train_mse=0.001654  val_mse=0.001665  val_r2=0.9850  patience=3/30
2026-10-08 05:46:27,403  genstudy.model            INFO     [group_holdout:vqe] epoch 0028/1000  train_mse=0.000950  val_mse=0.001407  val_r2=0.9871  patience=3/30
2026-10-08 05:46:31,027  genstudy.model            INFO     [group_holdout:variational] epoch 0030/1000  train_mse=0.000858  val_mse=0.000794  val_r2=0.9929  patience=4/30
2026-10-08 05:46:35,506  genstudy.model            INFO     [group_holdout:fourier] epoch 0019/1000  train_mse=0.000825  val_mse=0.001041  val_r2=0.9897  patience=2/30
2026-10-08 05:46:40,543  genstudy.model            INFO     [group_holdout:vqe] epoch 0029/1000  train_mse=0.001182  val_mse=0.001551  val_r2=0.9857  patience=4/30
2026-10-08 05:46:43,088  genstudy.model            INFO     [group_holdout:variational] epoch 0031/1000  train_mse=0.000727  val_mse=0.000976  val_r2=0.9912  patience=5/30
2026-10-08 05:46:53,592  genstudy.model            INFO     [group_holdout:vqe] epoch 0030/1000  train_mse=0.000643  val_mse=0.000743  val_r2=0.9933  patience=5/30
2026-10-08 05:46:55,159  genstudy.model            INFO     [group_holdout:variational] epoch 0032/1000  train_mse=0.000641  val_mse=0.000879  val_r2=0.9921  patience=6/30
2026-10-08 05:46:55,188  genstudy.model            INFO     [group_holdout:fourier] epoch 0020/1000  train_mse=0.000864  val_mse=0.000817  val_r2=0.9919  patience=0/30
2026-10-08 05:47:06,705  genstudy.model            INFO     [group_holdout:vqe] epoch 0031/1000  train_mse=0.001058  val_mse=0.001431  val_r2=0.9873  patience=6/30
2026-10-08 05:47:07,347  genstudy.model            INFO     [group_holdout:variational] epoch 0033/1000  train_mse=0.000512  val_mse=0.001151  val_r2=0.9897  patience=7/30
2026-10-08 05:47:14,986  genstudy.model            INFO     [group_holdout:fourier] epoch 0021/1000  train_mse=0.000849  val_mse=0.001224  val_r2=0.9878  patience=1/30
2026-10-08 05:47:19,389  genstudy.model            INFO     [group_holdout:variational] epoch 0034/1000  train_mse=0.000542  val_mse=0.000686  val_r2=0.9939  patience=0/30
2026-10-08 05:47:19,805  genstudy.model            INFO     [group_holdout:vqe] epoch 0032/1000  train_mse=0.000675  val_mse=0.000605  val_r2=0.9945  patience=0/30
2026-10-08 05:47:31,420  genstudy.model            INFO     [group_holdout:variational] epoch 0035/1000  train_mse=2.228195  val_mse=0.068003  val_r2=0.3857  patience=1/30
2026-10-08 05:47:32,619  genstudy.model            INFO     [group_holdout:vqe] epoch 0033/1000  train_mse=0.000441  val_mse=0.000792  val_r2=0.9928  patience=1/30
2026-10-08 05:47:34,374  genstudy.model            INFO     [group_holdout:fourier] epoch 0022/1000  train_mse=0.001309  val_mse=0.000860  val_r2=0.9914  patience=2/30
2026-10-08 05:47:43,509  genstudy.model            INFO     [group_holdout:variational] epoch 0036/1000  train_mse=0.018285  val_mse=0.008731  val_r2=0.9210  patience=2/30
2026-10-08 05:47:45,790  genstudy.model            INFO     [group_holdout:vqe] epoch 0034/1000  train_mse=0.000500  val_mse=0.001038  val_r2=0.9906  patience=2/30
2026-10-08 05:47:54,106  genstudy.model            INFO     [group_holdout:fourier] epoch 0023/1000  train_mse=0.000815  val_mse=0.000980  val_r2=0.9902  patience=3/30
2026-10-08 05:47:55,528  genstudy.model            INFO     [group_holdout:variational] epoch 0037/1000  train_mse=0.007535  val_mse=0.005816  val_r2=0.9475  patience=3/30
2026-10-08 05:47:58,546  genstudy.model            INFO     [group_holdout:vqe] epoch 0035/1000  train_mse=0.000572  val_mse=0.000589  val_r2=0.9946  patience=0/30
2026-10-08 05:48:07,747  genstudy.model            INFO     [group_holdout:variational] epoch 0038/1000  train_mse=0.005578  val_mse=0.003791  val_r2=0.9657  patience=4/30
2026-10-08 05:48:11,584  genstudy.model            INFO     [group_holdout:vqe] epoch 0036/1000  train_mse=0.000706  val_mse=0.000884  val_r2=0.9920  patience=1/30
2026-10-08 05:48:13,741  genstudy.model            INFO     [group_holdout:fourier] epoch 0024/1000  train_mse=0.000632  val_mse=0.000704  val_r2=0.9930  patience=0/30
2026-10-08 05:48:19,969  genstudy.model            INFO     [group_holdout:variational] epoch 0039/1000  train_mse=0.004686  val_mse=0.003368  val_r2=0.9695  patience=5/30
2026-10-08 05:48:24,325  genstudy.model            INFO     [group_holdout:vqe] epoch 0037/1000  train_mse=0.000711  val_mse=0.001098  val_r2=0.9897  patience=2/30
2026-10-08 05:48:31,967  genstudy.model            INFO     [group_holdout:variational] epoch 0040/1000  train_mse=0.004024  val_mse=0.004423  val_r2=0.9605  patience=6/30
2026-10-08 05:48:32,650  genstudy.model            INFO     [group_holdout:fourier] epoch 0025/1000  train_mse=0.000773  val_mse=0.000826  val_r2=0.9918  patience=1/30
2026-10-08 05:48:37,292  genstudy.model            INFO     [group_holdout:vqe] epoch 0038/1000  train_mse=0.000510  val_mse=0.000715  val_r2=0.9935  patience=3/30
2026-10-08 05:48:44,203  genstudy.model            INFO     [group_holdout:variational] epoch 0041/1000  train_mse=0.003803  val_mse=0.013671  val_r2=0.8764  patience=7/30
2026-10-08 05:48:50,466  genstudy.model            INFO     [group_holdout:vqe] epoch 0039/1000  train_mse=0.000515  val_mse=0.000736  val_r2=0.9933  patience=4/30
2026-10-08 05:48:51,842  genstudy.model            INFO     [group_holdout:fourier] epoch 0026/1000  train_mse=0.000770  val_mse=0.001478  val_r2=0.9852  patience=2/30
2026-10-08 05:48:56,463  genstudy.model            INFO     [group_holdout:variational] epoch 0042/1000  train_mse=0.003771  val_mse=0.002614  val_r2=0.9765  patience=8/30
2026-10-08 05:49:03,686  genstudy.model            INFO     [group_holdout:vqe] epoch 0040/1000  train_mse=1.036060  val_mse=0.030705  val_r2=0.7204  patience=5/30
2026-10-08 05:49:08,660  genstudy.model            INFO     [group_holdout:variational] epoch 0043/1000  train_mse=0.003211  val_mse=0.002594  val_r2=0.9767  patience=9/30
2026-10-08 05:49:11,012  genstudy.model            INFO     [group_holdout:fourier] epoch 0027/1000  train_mse=0.000648  val_mse=0.000726  val_r2=0.9927  patience=3/30
2026-10-08 05:49:16,616  genstudy.model            INFO     [group_holdout:vqe] epoch 0041/1000  train_mse=0.023325  val_mse=0.012209  val_r2=0.8894  patience=6/30
2026-10-08 05:49:20,801  genstudy.model            INFO     [group_holdout:variational] epoch 0044/1000  train_mse=0.003128  val_mse=0.003477  val_r2=0.9687  patience=10/30
2026-10-08 05:49:29,665  genstudy.model            INFO     [group_holdout:vqe] epoch 0042/1000  train_mse=0.011076  val_mse=0.007433  val_r2=0.9319  patience=7/30
2026-10-08 05:49:30,055  genstudy.model            INFO     [group_holdout:fourier] epoch 0028/1000  train_mse=0.000592  val_mse=0.000990  val_r2=0.9901  patience=4/30
2026-10-08 05:49:33,076  genstudy.model            INFO     [group_holdout:variational] epoch 0045/1000  train_mse=0.003260  val_mse=0.002557  val_r2=0.9770  patience=11/30
2026-10-08 05:49:42,830  genstudy.model            INFO     [group_holdout:vqe] epoch 0043/1000  train_mse=0.006103  val_mse=0.003259  val_r2=0.9700  patience=8/30
2026-10-08 05:49:45,360  genstudy.model            INFO     [group_holdout:variational] epoch 0046/1000  train_mse=0.002965  val_mse=0.003022  val_r2=0.9730  patience=12/30
2026-10-08 05:49:49,101  genstudy.model            INFO     [group_holdout:fourier] epoch 0029/1000  train_mse=0.000687  val_mse=0.000869  val_r2=0.9914  patience=5/30
2026-10-08 05:49:55,954  genstudy.model            INFO     [group_holdout:vqe] epoch 0044/1000  train_mse=0.004012  val_mse=0.002508  val_r2=0.9768  patience=9/30
2026-10-08 05:49:57,736  genstudy.model            INFO     [group_holdout:variational] epoch 0047/1000  train_mse=0.002805  val_mse=0.002316  val_r2=0.9791  patience=13/30
2026-10-08 05:50:08,345  genstudy.model            INFO     [group_holdout:fourier] epoch 0030/1000  train_mse=0.595563  val_mse=0.017361  val_r2=0.8268  patience=6/30
2026-10-08 05:50:08,960  genstudy.model            INFO     [group_holdout:vqe] epoch 0045/1000  train_mse=0.003510  val_mse=0.003112  val_r2=0.9715  patience=10/30
2026-10-08 05:50:09,928  genstudy.model            INFO     [group_holdout:variational] epoch 0048/1000  train_mse=0.003119  val_mse=0.002468  val_r2=0.9777  patience=14/30
2026-10-08 05:50:21,988  genstudy.model            INFO     [group_holdout:vqe] epoch 0046/1000  train_mse=0.003173  val_mse=0.002337  val_r2=0.9785  patience=11/30
2026-10-08 05:50:22,251  genstudy.model            INFO     [group_holdout:variational] epoch 0049/1000  train_mse=0.002876  val_mse=0.004290  val_r2=0.9613  patience=15/30
2026-10-08 05:50:27,403  genstudy.model            INFO     [group_holdout:fourier] epoch 0031/1000  train_mse=0.013636  val_mse=0.010084  val_r2=0.8997  patience=7/30
2026-10-08 05:50:34,558  genstudy.model            INFO     [group_holdout:variational] epoch 0050/1000  train_mse=0.002969  val_mse=0.001610  val_r2=0.9855  patience=16/30
2026-10-08 05:50:35,121  genstudy.model            INFO     [group_holdout:vqe] epoch 0047/1000  train_mse=0.002700  val_mse=0.002264  val_r2=0.9792  patience=12/30
2026-10-08 05:50:46,547  genstudy.model            INFO     [group_holdout:fourier] epoch 0032/1000  train_mse=0.007954  val_mse=0.006868  val_r2=0.9315  patience=8/30
2026-10-08 05:50:46,729  genstudy.model            INFO     [group_holdout:variational] epoch 0051/1000  train_mse=0.002903  val_mse=0.002345  val_r2=0.9785  patience=17/30
2026-10-08 05:50:48,251  genstudy.model            INFO     [group_holdout:vqe] epoch 0048/1000  train_mse=0.002691  val_mse=0.002717  val_r2=0.9748  patience=13/30
2026-10-08 05:50:58,981  genstudy.model            INFO     [group_holdout:variational] epoch 0052/1000  train_mse=0.002568  val_mse=0.003894  val_r2=0.9647  patience=18/30
2026-10-08 05:51:01,334  genstudy.model            INFO     [group_holdout:vqe] epoch 0049/1000  train_mse=0.002626  val_mse=0.003191  val_r2=0.9710  patience=14/30
2026-10-08 05:51:05,675  genstudy.model            INFO     [group_holdout:fourier] epoch 0033/1000  train_mse=0.004845  val_mse=0.004399  val_r2=0.9560  patience=9/30
2026-10-08 05:51:11,253  genstudy.model            INFO     [group_holdout:variational] epoch 0053/1000  train_mse=0.003005  val_mse=0.002230  val_r2=0.9799  patience=19/30
2026-10-08 05:51:14,340  genstudy.model            INFO     [group_holdout:vqe] epoch 0050/1000  train_mse=0.002790  val_mse=0.001902  val_r2=0.9824  patience=15/30
2026-10-08 05:51:23,492  genstudy.model            INFO     [group_holdout:variational] epoch 0054/1000  train_mse=0.002289  val_mse=0.002592  val_r2=0.9770  patience=20/30
2026-10-08 05:51:24,715  genstudy.model            INFO     [group_holdout:fourier] epoch 0034/1000  train_mse=0.003779  val_mse=0.003272  val_r2=0.9671  patience=10/30
2026-10-08 05:51:27,400  genstudy.model            INFO     [group_holdout:vqe] epoch 0051/1000  train_mse=0.002292  val_mse=0.002006  val_r2=0.9816  patience=16/30
2026-10-08 05:51:35,718  genstudy.model            INFO     [group_holdout:variational] epoch 0055/1000  train_mse=0.002365  val_mse=0.001661  val_r2=0.9851  patience=21/30
2026-10-08 05:51:40,528  genstudy.model            INFO     [group_holdout:vqe] epoch 0052/1000  train_mse=0.002291  val_mse=0.002090  val_r2=0.9811  patience=17/30
2026-10-08 05:51:43,809  genstudy.model            INFO     [group_holdout:fourier] epoch 0035/1000  train_mse=0.003444  val_mse=0.002543  val_r2=0.9746  patience=11/30
2026-10-08 05:51:47,966  genstudy.model            INFO     [group_holdout:variational] epoch 0056/1000  train_mse=0.002134  val_mse=0.002156  val_r2=0.9805  patience=22/30
2026-10-08 05:51:53,325  genstudy.model            INFO     [group_holdout:vqe] epoch 0053/1000  train_mse=0.002263  val_mse=0.002637  val_r2=0.9758  patience=18/30
2026-10-08 05:52:00,252  genstudy.model            INFO     [group_holdout:variational] epoch 0057/1000  train_mse=0.001885  val_mse=0.001587  val_r2=0.9858  patience=23/30
2026-10-08 05:52:02,882  genstudy.model            INFO     [group_holdout:fourier] epoch 0036/1000  train_mse=0.002687  val_mse=0.002212  val_r2=0.9778  patience=12/30
2026-10-08 05:52:06,509  genstudy.model            INFO     [group_holdout:vqe] epoch 0054/1000  train_mse=0.001891  val_mse=0.001434  val_r2=0.9868  patience=19/30
2026-10-08 05:52:12,452  genstudy.model            INFO     [group_holdout:variational] epoch 0058/1000  train_mse=0.002138  val_mse=0.001463  val_r2=0.9869  patience=24/30
2026-10-08 05:52:19,573  genstudy.model            INFO     [group_holdout:vqe] epoch 0055/1000  train_mse=0.002168  val_mse=0.001579  val_r2=0.9854  patience=20/30
2026-10-08 05:52:21,972  genstudy.model            INFO     [group_holdout:fourier] epoch 0037/1000  train_mse=0.002832  val_mse=0.002040  val_r2=0.9795  patience=13/30
2026-10-08 05:52:24,675  genstudy.model            INFO     [group_holdout:variational] epoch 0059/1000  train_mse=0.003569  val_mse=0.001308  val_r2=0.9882  patience=25/30
2026-10-08 05:52:32,589  genstudy.model            INFO     [group_holdout:vqe] epoch 0056/1000  train_mse=0.001981  val_mse=0.001389  val_r2=0.9873  patience=21/30
2026-10-08 05:52:36,931  genstudy.model            INFO     [group_holdout:variational] epoch 0060/1000  train_mse=0.001661  val_mse=0.001806  val_r2=0.9836  patience=26/30
2026-10-08 05:52:41,073  genstudy.model            INFO     [group_holdout:fourier] epoch 0038/1000  train_mse=0.002296  val_mse=0.001882  val_r2=0.9810  patience=14/30
2026-10-08 05:52:45,632  genstudy.model            INFO     [group_holdout:vqe] epoch 0057/1000  train_mse=0.001783  val_mse=0.001177  val_r2=0.9892  patience=22/30
2026-10-08 05:52:49,113  genstudy.model            INFO     [group_holdout:variational] epoch 0061/1000  train_mse=0.001902  val_mse=0.001340  val_r2=0.9879  patience=27/30
2026-10-08 05:52:58,639  genstudy.model            INFO     [group_holdout:vqe] epoch 0058/1000  train_mse=0.001596  val_mse=0.001183  val_r2=0.9891  patience=23/30
2026-10-08 05:53:00,084  genstudy.model            INFO     [group_holdout:fourier] epoch 0039/1000  train_mse=0.002141  val_mse=0.001954  val_r2=0.9803  patience=15/30
2026-10-08 05:53:01,218  genstudy.model            INFO     [group_holdout:variational] epoch 0062/1000  train_mse=0.001580  val_mse=0.008434  val_r2=0.9232  patience=28/30
2026-10-08 05:53:11,696  genstudy.model            INFO     [group_holdout:vqe] epoch 0059/1000  train_mse=0.001672  val_mse=0.001270  val_r2=0.9883  patience=24/30
2026-10-08 05:53:13,487  genstudy.model            INFO     [group_holdout:variational] epoch 0063/1000  train_mse=0.002441  val_mse=0.001958  val_r2=0.9823  patience=29/30
2026-10-08 05:53:19,204  genstudy.model            INFO     [group_holdout:fourier] epoch 0040/1000  train_mse=0.001727  val_mse=0.002125  val_r2=0.9785  patience=16/30
2026-10-08 05:53:24,793  genstudy.model            INFO     [group_holdout:vqe] epoch 0060/1000  train_mse=0.001657  val_mse=0.001537  val_r2=0.9858  patience=25/30
2026-10-08 05:53:25,702  genstudy.model            INFO     [group_holdout:variational] epoch 0064/1000  train_mse=0.001359  val_mse=0.001369  val_r2=0.9878  patience=30/30
2026-10-08 05:53:25,730  genstudy.model            INFO     [group_holdout:variational] early stop at epoch 64; best epoch 34
2026-10-08 05:53:29,925  genstudy.experiment       INFO     [variational] TEST  n=9928  MAE=0.1596  RMSE=0.1990  R2=0.5284  device-acc=0.356  regret=0.0601
2026-10-08 05:53:29,928  genstudy.io               INFO     Wrote evaluations/generalization_v3/results/v1_s6/leave_one_group_out/variational/metrics.json
2026-10-08 05:53:29,976  genstudy.io               INFO     Wrote evaluations/generalization_v3/results/v1_s6/leave_one_group_out/variational/predictions.json
2026-10-08 05:53:29,989  genstudy.io               INFO     Wrote evaluations/generalization_v3/results/v1_s6/leave_one_group_out/variational/history.json
2026-10-08 05:53:30,000  genstudy.experiment       INFO     Wrote evaluations/generalization_v3/results/v1_s6/leave_one_group_out/variational/model.pth
2026-10-08 05:53:30,002  genstudy.experiment       INFO     Removed evaluations/generalization_v3/results/v1_s6/leave_one_group_out/variational/checkpoint.pt (split finished)
2026-10-08 05:53:30,004  run_experiment            INFO     leave_one_group_out finished: 1 complete, 0 skipped
2026-10-08 05:53:37,480  genstudy.model            INFO     [group_holdout:fourier] epoch 0041/1000  train_mse=0.001970  val_mse=0.002497  val_r2=0.9750  patience=17/30
2026-10-08 05:53:37,938  genstudy.model            INFO     [group_holdout:vqe] epoch 0061/1000  train_mse=0.001307  val_mse=0.000930  val_r2=0.9914  patience=26/30
2026-10-08 05:53:50,827  genstudy.model            INFO     [group_holdout:vqe] epoch 0062/1000  train_mse=0.001317  val_mse=0.001287  val_r2=0.9882  patience=27/30
2026-10-08 05:53:55,032  genstudy.model            INFO     [group_holdout:fourier] epoch 0042/1000  train_mse=0.001844  val_mse=0.001659  val_r2=0.9832  patience=18/30
2026-10-08 05:54:03,950  genstudy.model            INFO     [group_holdout:vqe] epoch 0063/1000  train_mse=0.001187  val_mse=0.001677  val_r2=0.9847  patience=28/30
2026-10-08 05:54:13,449  genstudy.model            INFO     [group_holdout:fourier] epoch 0043/1000  train_mse=0.001883  val_mse=0.001253  val_r2=0.9874  patience=19/30
2026-10-08 05:54:16,936  genstudy.model            INFO     [group_holdout:vqe] epoch 0064/1000  train_mse=0.001570  val_mse=0.001672  val_r2=0.9850  patience=29/30
2026-10-08 05:54:30,046  genstudy.model            INFO     [group_holdout:vqe] epoch 0065/1000  train_mse=0.001339  val_mse=0.001513  val_r2=0.9862  patience=30/30
2026-10-08 05:54:30,081  genstudy.model            INFO     [group_holdout:vqe] early stop at epoch 65; best epoch 35
2026-10-08 05:54:32,278  genstudy.model            INFO     [group_holdout:fourier] epoch 0044/1000  train_mse=0.001309  val_mse=0.001216  val_r2=0.9878  patience=20/30
2026-10-08 05:54:34,137  genstudy.experiment       INFO     [vqe] TEST  n=9168  MAE=0.0994  RMSE=0.1257  R2=0.8125  device-acc=0.511  regret=0.0226
2026-10-08 05:54:34,144  genstudy.io               INFO     Wrote evaluations/generalization_v3/results/v1_s6/leave_one_group_out/vqe/metrics.json
2026-10-08 05:54:34,191  genstudy.io               INFO     Wrote evaluations/generalization_v3/results/v1_s6/leave_one_group_out/vqe/predictions.json
2026-10-08 05:54:34,203  genstudy.io               INFO     Wrote evaluations/generalization_v3/results/v1_s6/leave_one_group_out/vqe/history.json
2026-10-08 05:54:34,214  genstudy.experiment       INFO     Wrote evaluations/generalization_v3/results/v1_s6/leave_one_group_out/vqe/model.pth
2026-10-08 05:54:34,216  genstudy.experiment       INFO     Removed evaluations/generalization_v3/results/v1_s6/leave_one_group_out/vqe/checkpoint.pt (split finished)
2026-10-08 05:54:34,218  run_experiment            INFO     leave_one_group_out finished: 1 complete, 0 skipped
2026-10-08 05:54:51,146  genstudy.model            INFO     [group_holdout:fourier] epoch 0045/1000  train_mse=0.001294  val_mse=0.001163  val_r2=0.9883  patience=21/30
2026-10-08 05:55:10,123  genstudy.model            INFO     [group_holdout:fourier] epoch 0046/1000  train_mse=0.001648  val_mse=0.001380  val_r2=0.9861  patience=22/30
2026-10-08 05:55:28,979  genstudy.model            INFO     [group_holdout:fourier] epoch 0047/1000  train_mse=0.001197  val_mse=0.001122  val_r2=0.9887  patience=23/30
2026-10-08 05:55:47,944  genstudy.model            INFO     [group_holdout:fourier] epoch 0048/1000  train_mse=0.001152  val_mse=0.000993  val_r2=0.9900  patience=24/30
2026-10-08 05:56:06,971  genstudy.model            INFO     [group_holdout:fourier] epoch 0049/1000  train_mse=0.001289  val_mse=0.000970  val_r2=0.9903  patience=25/30
2026-10-08 05:56:26,034  genstudy.model            INFO     [group_holdout:fourier] epoch 0050/1000  train_mse=0.001185  val_mse=0.000971  val_r2=0.9902  patience=26/30
2026-10-08 05:56:45,148  genstudy.model            INFO     [group_holdout:fourier] epoch 0051/1000  train_mse=0.001101  val_mse=0.001207  val_r2=0.9878  patience=27/30
2026-10-08 05:57:04,180  genstudy.model            INFO     [group_holdout:fourier] epoch 0052/1000  train_mse=0.000965  val_mse=0.000968  val_r2=0.9902  patience=28/30
2026-10-08 05:57:23,305  genstudy.model            INFO     [group_holdout:fourier] epoch 0053/1000  train_mse=0.001290  val_mse=0.000933  val_r2=0.9906  patience=29/30
2026-10-08 05:57:42,418  genstudy.model            INFO     [group_holdout:fourier] epoch 0054/1000  train_mse=0.000841  val_mse=0.000765  val_r2=0.9924  patience=30/30
2026-10-08 05:57:42,451  genstudy.model            INFO     [group_holdout:fourier] early stop at epoch 54; best epoch 24
2026-10-08 05:57:43,935  genstudy.experiment       INFO     [fourier] TEST  n=2904  MAE=0.1122  RMSE=0.1757  R2=0.7185  device-acc=0.387  regret=0.0213
2026-10-08 05:57:43,939  genstudy.io               INFO     Wrote evaluations/generalization_v3/results/v1_s6/leave_one_group_out/fourier/metrics.json
2026-10-08 05:57:43,955  genstudy.io               INFO     Wrote evaluations/generalization_v3/results/v1_s6/leave_one_group_out/fourier/predictions.json
2026-10-08 05:57:43,966  genstudy.io               INFO     Wrote evaluations/generalization_v3/results/v1_s6/leave_one_group_out/fourier/history.json
2026-10-08 05:57:43,975  genstudy.experiment       INFO     Wrote evaluations/generalization_v3/results/v1_s6/leave_one_group_out/fourier/model.pth
2026-10-08 05:57:43,977  genstudy.experiment       INFO     Removed evaluations/generalization_v3/results/v1_s6/leave_one_group_out/fourier/checkpoint.pt (split finished)
2026-10-08 05:57:43,979  run_experiment            INFO     leave_one_group_out finished: 1 complete, 0 skipped
