2026-10-07 17:56:23,247  genstudy.io               INFO     Logging to evaluations/generalization_v3/results/xattn_a05/leave_one_family_out/run.log
2026-10-07 17:56:23,247  run_experiment            INFO     Command line: evaluations/generalization_v3/scripts/run_experiment.py lofo --model xattn --balance-alpha 0.5 --lr 3e-4 --grad-clip 1.0 --families large --max-train-qubits 14 --results-dir evaluations/generalization_v3/results/xattn_a05
2026-10-07 17:56:23,418  gsv2.gpu                  INFO     GPU: NVIDIA H200
2026-10-07 17:56:23,419  gsv3.model                INFO     Hyper-parameters (/home/atudisco/pred-distr-tool/src/model/best_params.json + v3 defaults): {'device_hidden': 64, 'device_layers': 3, 'fusion_dim': 128, 'qubit_layers': 2, 'attn_heads': 4, 'lap_pe': 8, 'cost_bias_init': -6.0, 'hidden_dim': 142, 'num_conv_wo_resnet': 3, 'num_resnet_layers': 1, 'dropout': 0.0, 'bidirectional': True, 'mlp': [512, 256, 128], 'lr': 0.001, 'readout': 'meanmaxsum'}
2026-10-07 17:56:23,443  gsv3.devices              INFO     Device graphs with 8 Laplacian PE dims: node features 13
2026-10-07 17:56:23,444  genstudy.data             INFO     Loading graph dataset: /home/atudisco/pred-distr-tool/evaluations/generalization_v3/data/graph_dataset_expected_fidelity.pt
2026-10-07 17:56:26,659  genstudy.data             INFO     Loaded 17056 graphs
2026-10-07 17:56:26,686  genstudy.io               INFO     Wrote evaluations/generalization_v3/results/xattn_a05/leave_one_family_out/dataset_summary.json
2026-10-07 17:56:26,687  genstudy.data             INFO     Holding out 10 families: vqe_two_local, vqe_real_amp, vqe_su2, qaoa, randomcircuit, qft, qnn, ae, qftentangled, iqpe
2026-10-07 17:56:26,700  run_experiment            INFO     [1/10] vqe_two_local
2026-10-07 17:56:26,704  gsv3.experiment           INFO     === family_holdout / vqe_two_local ===
2026-10-07 17:56:26,704  gsv3.experiment           INFO     Leave-one-family-out: test = all 3449 'vqe_two_local' circuits, train = 13607 circuits from 34 other families.
2026-10-07 17:56:26,705  gsv3.experiment           INFO     train=10710  val=2897 ({'mode': 'family', 'val_families': ['bmw_quark_copula', 'draper_qft_adder', 'dynamic_qft', 'ghz', 'graphstate', 'grover', 'qft', 'qftentangled', 'qpeinexact', 'randomcircuit']})  test=3449
2026-10-07 17:56:26,775  gsv3.training             INFO     [family_holdout:vqe_two_local] model=xattn (945113 params) train=10710 val=2897 lr=0.0003 clip=1.0 alpha=0.50
2026-10-07 17:56:33,282  gsv3.training             INFO     [family_holdout:vqe_two_local] epoch 0001  train_log_mse=3.44576  val_log_mse=5.76993  val_mse=0.004654  max_grad=8175.88  patience=0/30
2026-10-07 17:56:39,477  gsv3.training             INFO     [family_holdout:vqe_two_local] epoch 0002  train_log_mse=0.70219  val_log_mse=3.90148  val_mse=0.005983  max_grad=423.46  patience=0/30
2026-10-07 17:56:45,668  gsv3.training             INFO     [family_holdout:vqe_two_local] epoch 0003  train_log_mse=0.45863  val_log_mse=6.22369  val_mse=0.004288  max_grad=250.60  patience=1/30
2026-10-07 17:56:51,846  gsv3.training             INFO     [family_holdout:vqe_two_local] epoch 0004  train_log_mse=0.25721  val_log_mse=5.61858  val_mse=0.003431  max_grad=104.19  patience=2/30
2026-10-07 17:56:57,984  gsv3.training             INFO     [family_holdout:vqe_two_local] epoch 0005  train_log_mse=0.22281  val_log_mse=5.18866  val_mse=0.003429  max_grad=74.71  patience=3/30
2026-10-07 17:57:04,194  gsv3.training             INFO     [family_holdout:vqe_two_local] epoch 0006  train_log_mse=0.21327  val_log_mse=4.57051  val_mse=0.003657  max_grad=112.20  patience=4/30
2026-10-07 17:57:10,373  gsv3.training             INFO     [family_holdout:vqe_two_local] epoch 0007  train_log_mse=0.18894  val_log_mse=4.98649  val_mse=0.003576  max_grad=60.92  patience=5/30
2026-10-07 17:57:16,544  gsv3.training             INFO     [family_holdout:vqe_two_local] epoch 0008  train_log_mse=0.17632  val_log_mse=4.84426  val_mse=0.003420  max_grad=94.99  patience=6/30
2026-10-07 17:57:22,784  gsv3.training             INFO     [family_holdout:vqe_two_local] epoch 0009  train_log_mse=0.18833  val_log_mse=4.69838  val_mse=0.003726  max_grad=76.92  patience=7/30
2026-10-07 17:57:29,035  gsv3.training             INFO     [family_holdout:vqe_two_local] epoch 0010  train_log_mse=0.14555  val_log_mse=4.45829  val_mse=0.003696  max_grad=61.23  patience=8/30
2026-10-07 17:57:35,192  gsv3.training             INFO     [family_holdout:vqe_two_local] epoch 0011  train_log_mse=0.14955  val_log_mse=4.64467  val_mse=0.004620  max_grad=122.82  patience=9/30
2026-10-07 17:57:41,407  gsv3.training             INFO     [family_holdout:vqe_two_local] epoch 0012  train_log_mse=0.12462  val_log_mse=4.46548  val_mse=0.004754  max_grad=63.35  patience=10/30
2026-10-07 17:57:47,572  gsv3.training             INFO     [family_holdout:vqe_two_local] epoch 0013  train_log_mse=0.12895  val_log_mse=4.38512  val_mse=0.004759  max_grad=52.89  patience=11/30
2026-10-07 17:57:53,799  gsv3.training             INFO     [family_holdout:vqe_two_local] epoch 0014  train_log_mse=0.10267  val_log_mse=4.31916  val_mse=0.003987  max_grad=35.29  patience=12/30
2026-10-07 17:58:00,031  gsv3.training             INFO     [family_holdout:vqe_two_local] epoch 0015  train_log_mse=0.11581  val_log_mse=4.89100  val_mse=0.004231  max_grad=75.54  patience=13/30
2026-10-07 17:58:06,252  gsv3.training             INFO     [family_holdout:vqe_two_local] epoch 0016  train_log_mse=0.10307  val_log_mse=4.29412  val_mse=0.003935  max_grad=52.63  patience=14/30
2026-10-07 17:58:12,400  gsv3.training             INFO     [family_holdout:vqe_two_local] epoch 0017  train_log_mse=0.10127  val_log_mse=4.39088  val_mse=0.004356  max_grad=92.78  patience=15/30
2026-10-07 17:58:18,605  gsv3.training             INFO     [family_holdout:vqe_two_local] epoch 0018  train_log_mse=0.09988  val_log_mse=4.74526  val_mse=0.005197  max_grad=69.03  patience=16/30
2026-10-07 17:58:24,771  gsv3.training             INFO     [family_holdout:vqe_two_local] epoch 0019  train_log_mse=0.10929  val_log_mse=4.77335  val_mse=0.003647  max_grad=48.82  patience=17/30
2026-10-07 17:58:30,893  gsv3.training             INFO     [family_holdout:vqe_two_local] epoch 0020  train_log_mse=0.08925  val_log_mse=4.42184  val_mse=0.004694  max_grad=37.46  patience=18/30
2026-10-07 17:58:37,026  gsv3.training             INFO     [family_holdout:vqe_two_local] epoch 0021  train_log_mse=0.08972  val_log_mse=4.78360  val_mse=0.003487  max_grad=44.97  patience=19/30
2026-10-07 17:58:43,191  gsv3.training             INFO     [family_holdout:vqe_two_local] epoch 0022  train_log_mse=0.09432  val_log_mse=4.36836  val_mse=0.003833  max_grad=61.55  patience=20/30
2026-10-07 17:58:49,541  gsv3.training             INFO     [family_holdout:vqe_two_local] epoch 0023  train_log_mse=0.07988  val_log_mse=4.22470  val_mse=0.003664  max_grad=60.87  patience=21/30
2026-10-07 17:58:55,896  gsv3.training             INFO     [family_holdout:vqe_two_local] epoch 0024  train_log_mse=0.08670  val_log_mse=4.48587  val_mse=0.003530  max_grad=55.61  patience=22/30
2026-10-07 17:59:02,093  gsv3.training             INFO     [family_holdout:vqe_two_local] epoch 0025  train_log_mse=0.10137  val_log_mse=4.31679  val_mse=0.003610  max_grad=58.12  patience=23/30
2026-10-07 17:59:08,313  gsv3.training             INFO     [family_holdout:vqe_two_local] epoch 0026  train_log_mse=0.07830  val_log_mse=4.67221  val_mse=0.003662  max_grad=40.55  patience=24/30
2026-10-07 17:59:14,533  gsv3.training             INFO     [family_holdout:vqe_two_local] epoch 0027  train_log_mse=0.08470  val_log_mse=4.73655  val_mse=0.004648  max_grad=68.38  patience=25/30
2026-10-07 17:59:20,757  gsv3.training             INFO     [family_holdout:vqe_two_local] epoch 0028  train_log_mse=0.07368  val_log_mse=4.99550  val_mse=0.003391  max_grad=44.77  patience=26/30
2026-10-07 17:59:26,910  gsv3.training             INFO     [family_holdout:vqe_two_local] epoch 0029  train_log_mse=0.07213  val_log_mse=4.32366  val_mse=0.003763  max_grad=36.31  patience=27/30
2026-10-07 17:59:33,339  gsv3.training             INFO     [family_holdout:vqe_two_local] epoch 0030  train_log_mse=0.06737  val_log_mse=4.52203  val_mse=0.003591  max_grad=37.25  patience=28/30
2026-10-07 17:59:39,510  gsv3.training             INFO     [family_holdout:vqe_two_local] epoch 0031  train_log_mse=0.06227  val_log_mse=4.32521  val_mse=0.004218  max_grad=36.76  patience=29/30
2026-10-07 17:59:45,781  gsv3.training             INFO     [family_holdout:vqe_two_local] epoch 0032  train_log_mse=0.05903  val_log_mse=4.51223  val_mse=0.003685  max_grad=29.69  patience=30/30
2026-10-07 17:59:46,752  gsv3.experiment           INFO     [vqe_two_local] TEST  n=3449  MAE=0.0543  R2=0.9385  device-acc=0.741  regret=0.0080
2026-10-07 17:59:46,756  genstudy.io               INFO     Wrote evaluations/generalization_v3/results/xattn_a05/leave_one_family_out/vqe_two_local/metrics.json
2026-10-07 17:59:46,776  genstudy.io               INFO     Wrote evaluations/generalization_v3/results/xattn_a05/leave_one_family_out/vqe_two_local/predictions.json
2026-10-07 17:59:46,786  genstudy.io               INFO     Wrote evaluations/generalization_v3/results/xattn_a05/leave_one_family_out/vqe_two_local/history.json
2026-10-07 17:59:46,831  run_experiment            INFO     [2/10] vqe_real_amp
2026-10-07 17:59:46,834  gsv3.experiment           INFO     === family_holdout / vqe_real_amp ===
2026-10-07 17:59:46,834  gsv3.experiment           INFO     Leave-one-family-out: test = all 2861 'vqe_real_amp' circuits, train = 14195 circuits from 34 other families.
2026-10-07 17:59:46,836  gsv3.experiment           INFO     train=11298  val=2897 ({'mode': 'family', 'val_families': ['bmw_quark_copula', 'draper_qft_adder', 'dynamic_qft', 'ghz', 'graphstate', 'grover', 'qft', 'qftentangled', 'qpeinexact', 'randomcircuit']})  test=2861
2026-10-07 17:59:46,856  gsv3.training             INFO     [family_holdout:vqe_real_amp] model=xattn (945113 params) train=11298 val=2897 lr=0.0003 clip=1.0 alpha=0.50
2026-10-07 17:59:53,247  gsv3.training             INFO     [family_holdout:vqe_real_amp] epoch 0001  train_log_mse=3.47502  val_log_mse=5.71640  val_mse=0.004925  max_grad=9292.40  patience=0/30
2026-10-07 17:59:59,753  gsv3.training             INFO     [family_holdout:vqe_real_amp] epoch 0002  train_log_mse=0.57254  val_log_mse=5.56247  val_mse=0.005523  max_grad=345.54  patience=0/30
2026-10-07 18:00:06,312  gsv3.training             INFO     [family_holdout:vqe_real_amp] epoch 0003  train_log_mse=0.31507  val_log_mse=7.03857  val_mse=0.004226  max_grad=143.40  patience=1/30
2026-10-07 18:00:12,814  gsv3.training             INFO     [family_holdout:vqe_real_amp] epoch 0004  train_log_mse=0.29788  val_log_mse=5.05600  val_mse=0.004610  max_grad=214.90  patience=0/30
2026-10-07 18:00:19,576  gsv3.training             INFO     [family_holdout:vqe_real_amp] epoch 0005  train_log_mse=0.20679  val_log_mse=5.41394  val_mse=0.006499  max_grad=99.06  patience=1/30
2026-10-07 18:00:26,011  gsv3.training             INFO     [family_holdout:vqe_real_amp] epoch 0006  train_log_mse=0.25535  val_log_mse=4.89444  val_mse=0.005108  max_grad=128.76  patience=0/30
2026-10-07 18:00:32,487  gsv3.training             INFO     [family_holdout:vqe_real_amp] epoch 0007  train_log_mse=0.17674  val_log_mse=5.26292  val_mse=0.006285  max_grad=100.20  patience=1/30
2026-10-07 18:00:38,946  gsv3.training             INFO     [family_holdout:vqe_real_amp] epoch 0008  train_log_mse=0.15180  val_log_mse=5.11158  val_mse=0.007353  max_grad=65.16  patience=2/30
2026-10-07 18:00:45,383  gsv3.training             INFO     [family_holdout:vqe_real_amp] epoch 0009  train_log_mse=0.16741  val_log_mse=4.61127  val_mse=0.004782  max_grad=79.63  patience=0/30
2026-10-07 18:00:51,820  gsv3.training             INFO     [family_holdout:vqe_real_amp] epoch 0010  train_log_mse=0.15113  val_log_mse=4.49066  val_mse=0.004263  max_grad=69.32  patience=0/30
2026-10-07 18:00:58,263  gsv3.training             INFO     [family_holdout:vqe_real_amp] epoch 0011  train_log_mse=0.13836  val_log_mse=5.14744  val_mse=0.005008  max_grad=54.84  patience=1/30
2026-10-07 18:01:04,730  gsv3.training             INFO     [family_holdout:vqe_real_amp] epoch 0012  train_log_mse=0.12362  val_log_mse=4.92631  val_mse=0.005163  max_grad=81.93  patience=2/30
2026-10-07 18:01:11,195  gsv3.training             INFO     [family_holdout:vqe_real_amp] epoch 0013  train_log_mse=0.13911  val_log_mse=4.53487  val_mse=0.006325  max_grad=79.64  patience=3/30
2026-10-07 18:01:17,662  gsv3.training             INFO     [family_holdout:vqe_real_amp] epoch 0014  train_log_mse=0.11198  val_log_mse=4.77426  val_mse=0.005544  max_grad=49.27  patience=4/30
2026-10-07 18:01:24,130  gsv3.training             INFO     [family_holdout:vqe_real_amp] epoch 0015  train_log_mse=0.10753  val_log_mse=5.34759  val_mse=0.007443  max_grad=60.33  patience=5/30
2026-10-07 18:01:30,580  gsv3.training             INFO     [family_holdout:vqe_real_amp] epoch 0016  train_log_mse=0.10997  val_log_mse=5.08254  val_mse=0.005881  max_grad=43.28  patience=6/30
2026-10-07 18:01:37,113  gsv3.training             INFO     [family_holdout:vqe_real_amp] epoch 0017  train_log_mse=0.10211  val_log_mse=5.03666  val_mse=0.004653  max_grad=42.67  patience=7/30
2026-10-07 18:01:43,602  gsv3.training             INFO     [family_holdout:vqe_real_amp] epoch 0018  train_log_mse=0.11064  val_log_mse=4.81279  val_mse=0.004019  max_grad=50.40  patience=8/30
2026-10-07 18:01:50,064  gsv3.training             INFO     [family_holdout:vqe_real_amp] epoch 0019  train_log_mse=0.08602  val_log_mse=4.77891  val_mse=0.005686  max_grad=60.26  patience=9/30
