2026-10-08 05:42:18,773  genstudy.io               INFO     Logging to evaluations/generalization_v3/results/xattn_a00/leave_one_group_out/run.log
2026-10-08 05:42:18,774  run_experiment            INFO     Command line: evaluations/generalization_v3/scripts/run_experiment.py logo --model xattn --balance-alpha 0 --lr 3e-4 --grad-clip 1.0 --seed 5 --families large --groups vqe --results-dir evaluations/generalization_v3/results/xattn_a00
2026-10-08 05:42:18,774  gsv2.gpu                  WARNING  No CUDA device available — running on the CPU.
2026-10-08 05:42:18,775  gsv3.model                INFO     Hyper-parameters (/home/atudisco/pred-distr-tool/src/model/best_params.json + v3 defaults): {'device_hidden': 64, 'device_layers': 3, 'fusion_dim': 128, 'qubit_layers': 2, 'attn_heads': 4, 'lap_pe': 8, 'cost_bias_init': -6.0, 'hidden_dim': 142, 'num_conv_wo_resnet': 3, 'num_resnet_layers': 1, 'dropout': 0.0, 'bidirectional': True, 'mlp': [512, 256, 128], 'lr': 0.001, 'readout': 'meanmaxsum'}
2026-10-08 05:42:18,798  genstudy.io               INFO     Logging to evaluations/generalization_v3/results/xattn_a00/leave_one_group_out/run.log
2026-10-08 05:42:18,798  run_experiment            INFO     Command line: evaluations/generalization_v3/scripts/run_experiment.py logo --model xattn --balance-alpha 0 --lr 3e-4 --grad-clip 1.0 --seed 5 --families large --groups variational --results-dir evaluations/generalization_v3/results/xattn_a00
2026-10-08 05:42:18,798  gsv2.gpu                  WARNING  No CUDA device available — running on the CPU.
2026-10-08 05:42:18,800  gsv3.model                INFO     Hyper-parameters (/home/atudisco/pred-distr-tool/src/model/best_params.json + v3 defaults): {'device_hidden': 64, 'device_layers': 3, 'fusion_dim': 128, 'qubit_layers': 2, 'attn_heads': 4, 'lap_pe': 8, 'cost_bias_init': -6.0, 'hidden_dim': 142, 'num_conv_wo_resnet': 3, 'num_resnet_layers': 1, 'dropout': 0.0, 'bidirectional': True, 'mlp': [512, 256, 128], 'lr': 0.001, 'readout': 'meanmaxsum'}
2026-10-08 05:42:18,858  gsv3.devices              INFO     Device graphs: node features 13 (Laplacian PE 8), physical errors False
2026-10-08 05:42:18,858  gsv3.devices              INFO     Device graphs: node features 13 (Laplacian PE 8), physical errors False
2026-10-08 05:42:18,860  genstudy.data             INFO     Loading graph dataset: /home/atudisco/pred-distr-tool/evaluations/generalization_v3/data/graph_dataset_expected_fidelity.pt
2026-10-08 05:42:18,860  genstudy.data             INFO     Loading graph dataset: /home/atudisco/pred-distr-tool/evaluations/generalization_v3/data/graph_dataset_expected_fidelity.pt
2026-10-08 05:42:19,006  genstudy.io               INFO     Logging to evaluations/generalization_v3/results/xattn_a00/leave_one_group_out/run.log
2026-10-08 05:42:19,007  run_experiment            INFO     Command line: evaluations/generalization_v3/scripts/run_experiment.py logo --model xattn --balance-alpha 0 --lr 3e-4 --grad-clip 1.0 --seed 5 --families large --groups fourier --results-dir evaluations/generalization_v3/results/xattn_a00
2026-10-08 05:42:19,007  gsv2.gpu                  WARNING  No CUDA device available — running on the CPU.
2026-10-08 05:42:19,008  gsv3.model                INFO     Hyper-parameters (/home/atudisco/pred-distr-tool/src/model/best_params.json + v3 defaults): {'device_hidden': 64, 'device_layers': 3, 'fusion_dim': 128, 'qubit_layers': 2, 'attn_heads': 4, 'lap_pe': 8, 'cost_bias_init': -6.0, 'hidden_dim': 142, 'num_conv_wo_resnet': 3, 'num_resnet_layers': 1, 'dropout': 0.0, 'bidirectional': True, 'mlp': [512, 256, 128], 'lr': 0.001, 'readout': 'meanmaxsum'}
2026-10-08 05:42:19,018  gsv3.devices              INFO     Device graphs: node features 13 (Laplacian PE 8), physical errors False
2026-10-08 05:42:19,019  genstudy.data             INFO     Loading graph dataset: /home/atudisco/pred-distr-tool/evaluations/generalization_v3/data/graph_dataset_expected_fidelity.pt
2026-10-08 05:42:23,563  genstudy.data             INFO     Loaded 17056 graphs
2026-10-08 05:42:23,586  genstudy.data             INFO     Loaded 17056 graphs
2026-10-08 05:42:23,592  genstudy.data             INFO     Loaded 17056 graphs
2026-10-08 05:42:23,592  genstudy.io               INFO     Wrote evaluations/generalization_v3/results/xattn_a00/leave_one_group_out/dataset_summary.json
2026-10-08 05:42:23,595  run_experiment            INFO     [1/1] vqe
2026-10-08 05:42:23,597  gsv3.experiment           INFO     === group_holdout / vqe ===
2026-10-08 05:42:23,597  gsv3.experiment           INFO     Leave-one-group-out: test = all 9168 circuits of group 'vqe' (vqe_real_amp, vqe_su2, vqe_two_local), train = 7888 circuits from the other 32 families.
2026-10-08 05:42:23,598  gsv3.experiment           INFO     train=5581  val=2307 ({'mode': 'family', 'val_families': ['bmw_quark_cardinality', 'bmw_quark_copula', 'bv', 'draper_qft_adder', 'dynamic_qft', 'ghz', 'graphstate', 'grover', 'iqpe', 'modular_adder', 'qft', 'qftentangled', 'qpeinexact', 'qwalk', 'rg_qft_multiplier', 'shors_nine_qubit_code', 'wstate']})  test=9168
2026-10-08 05:42:23,621  genstudy.io               INFO     Wrote evaluations/generalization_v3/results/xattn_a00/leave_one_group_out/dataset_summary.json
2026-10-08 05:42:23,623  run_experiment            INFO     [1/1] fourier
2026-10-08 05:42:23,626  gsv3.experiment           INFO     === group_holdout / fourier ===
2026-10-08 05:42:23,626  gsv3.experiment           INFO     Leave-one-group-out: test = all 2904 circuits of group 'fourier' (ae, draper_qft_adder, dynamic_qft, iqpe, qft, qftentangled, qpeexact, qpeinexact, rg_qft_multiplier), train = 14152 circuits from the other 26 families.
2026-10-08 05:42:23,627  gsv3.experiment           INFO     train=11874  val=2278 ({'mode': 'family', 'val_families': ['bmw_quark_cardinality', 'bmw_quark_copula', 'bv', 'cdkm_ripple_carry_adder', 'dj', 'full_adder', 'ghz', 'ghz_dynamic', 'graphstate', 'grover', 'half_adder', 'hhl', 'hrs_cumulative_multiplier', 'modular_adder', 'multiplier', 'qnn', 'qwalk', 'randomcircuit', 'seven_qubit_steane_code', 'shors_nine_qubit_code', 'vbe_ripple_carry_adder', 'wstate']})  test=2904
2026-10-08 05:42:23,628  genstudy.io               INFO     Wrote evaluations/generalization_v3/results/xattn_a00/leave_one_group_out/dataset_summary.json
2026-10-08 05:42:23,630  run_experiment            INFO     [1/1] variational
2026-10-08 05:42:23,633  gsv3.experiment           INFO     === group_holdout / variational ===
2026-10-08 05:42:23,633  gsv3.experiment           INFO     Leave-one-group-out: test = all 9928 circuits of group 'variational' (qnn, vqe_real_amp, vqe_su2, vqe_two_local), train = 7128 circuits from the other 31 families.
2026-10-08 05:42:23,634  gsv3.experiment           INFO     train=6204  val=924 ({'mode': 'family', 'val_families': ['bmw_quark_cardinality', 'bmw_quark_copula', 'bv', 'cdkm_ripple_carry_adder', 'dj', 'draper_qft_adder', 'dynamic_qft', 'full_adder', 'ghz', 'ghz_dynamic', 'graphstate', 'grover', 'half_adder', 'hhl', 'hrs_cumulative_multiplier', 'iqpe', 'modular_adder', 'multiplier', 'qpeexact', 'qpeinexact', 'qwalk', 'rg_qft_multiplier', 'seven_qubit_steane_code', 'shors_nine_qubit_code', 'vbe_ripple_carry_adder', 'wstate']})  test=9928
2026-10-08 05:42:23,699  gsv3.training             INFO     [group_holdout:fourier] model=xattn (945113 params) train=11874 val=2278 lr=0.0003 clip=1.0 alpha=0.00
2026-10-08 05:42:23,704  gsv3.training             INFO     [group_holdout:variational] model=xattn (945113 params) train=6204 val=924 lr=0.0003 clip=1.0 alpha=0.00
2026-10-08 05:42:23,775  gsv3.training             INFO     [group_holdout:vqe] model=xattn (945113 params) train=5581 val=2307 lr=0.0003 clip=1.0 alpha=0.00
2026-10-08 05:43:21,312  gsv3.training             INFO     [group_holdout:vqe] epoch 0001  train_log_mse=3.59080  val_log_mse=7.38323  val_mse=0.035271  max_grad=997.70  patience=0/30
2026-10-08 05:43:22,934  gsv3.training             INFO     [group_holdout:variational] epoch 0001  train_log_mse=11.89090  val_log_mse=12.45750  val_mse=0.095610  max_grad=27460.95  patience=0/30
2026-10-08 05:43:46,102  gsv3.training             INFO     [group_holdout:fourier] epoch 0001  train_log_mse=2.81715  val_log_mse=3.64364  val_mse=0.021899  max_grad=10474.24  patience=0/30
2026-10-08 05:44:19,018  gsv3.training             INFO     [group_holdout:vqe] epoch 0002  train_log_mse=1.73971  val_log_mse=5.44698  val_mse=0.028118  max_grad=446.38  patience=0/30
2026-10-08 05:44:22,296  gsv3.training             INFO     [group_holdout:variational] epoch 0002  train_log_mse=1.49923  val_log_mse=17.28886  val_mse=0.075151  max_grad=451.29  patience=0/30
2026-10-08 05:45:08,398  gsv3.training             INFO     [group_holdout:fourier] epoch 0002  train_log_mse=0.40761  val_log_mse=3.55660  val_mse=0.025152  max_grad=185.92  patience=1/30
2026-10-08 05:45:16,830  gsv3.training             INFO     [group_holdout:vqe] epoch 0003  train_log_mse=0.91759  val_log_mse=6.90874  val_mse=0.017471  max_grad=289.80  patience=0/30
2026-10-08 05:45:21,261  gsv3.training             INFO     [group_holdout:variational] epoch 0003  train_log_mse=0.90140  val_log_mse=5.38982  val_mse=0.061355  max_grad=247.05  patience=0/30
2026-10-08 05:46:14,054  gsv3.training             INFO     [group_holdout:vqe] epoch 0004  train_log_mse=0.60259  val_log_mse=5.79456  val_mse=0.014968  max_grad=157.15  patience=0/30
2026-10-08 05:46:20,486  gsv3.training             INFO     [group_holdout:variational] epoch 0004  train_log_mse=0.63349  val_log_mse=11.35923  val_mse=0.067670  max_grad=242.30  patience=1/30
2026-10-08 05:46:30,575  gsv3.training             INFO     [group_holdout:fourier] epoch 0003  train_log_mse=0.24453  val_log_mse=5.12043  val_mse=0.022385  max_grad=113.94  patience=2/30
2026-10-08 05:47:11,823  gsv3.training             INFO     [group_holdout:vqe] epoch 0005  train_log_mse=0.65465  val_log_mse=5.69365  val_mse=0.013203  max_grad=235.44  patience=0/30
2026-10-08 05:47:19,242  gsv3.training             INFO     [group_holdout:variational] epoch 0005  train_log_mse=0.53393  val_log_mse=8.45971  val_mse=0.064172  max_grad=185.97  patience=2/30
2026-10-08 05:47:52,811  gsv3.training             INFO     [group_holdout:fourier] epoch 0004  train_log_mse=0.17961  val_log_mse=3.50443  val_mse=0.022729  max_grad=97.01  patience=3/30
2026-10-08 05:48:09,463  gsv3.training             INFO     [group_holdout:vqe] epoch 0006  train_log_mse=0.54569  val_log_mse=7.50609  val_mse=0.013162  max_grad=186.15  patience=0/30
2026-10-08 05:48:17,956  gsv3.training             INFO     [group_holdout:variational] epoch 0006  train_log_mse=0.39909  val_log_mse=11.85224  val_mse=0.071832  max_grad=110.91  patience=3/30
2026-10-08 05:49:07,227  gsv3.training             INFO     [group_holdout:vqe] epoch 0007  train_log_mse=0.48714  val_log_mse=5.22489  val_mse=0.013265  max_grad=179.46  patience=1/30
2026-10-08 05:49:15,056  gsv3.training             INFO     [group_holdout:fourier] epoch 0005  train_log_mse=0.16652  val_log_mse=3.66898  val_mse=0.022374  max_grad=141.66  patience=4/30
2026-10-08 05:49:16,747  gsv3.training             INFO     [group_holdout:variational] epoch 0007  train_log_mse=0.43092  val_log_mse=9.98634  val_mse=0.070680  max_grad=140.82  patience=4/30
2026-10-08 05:50:05,152  gsv3.training             INFO     [group_holdout:vqe] epoch 0008  train_log_mse=0.41088  val_log_mse=7.19398  val_mse=0.011357  max_grad=152.77  patience=0/30
2026-10-08 05:50:15,373  gsv3.training             INFO     [group_holdout:variational] epoch 0008  train_log_mse=0.38107  val_log_mse=9.82823  val_mse=0.065010  max_grad=149.27  patience=5/30
2026-10-08 05:50:37,479  gsv3.training             INFO     [group_holdout:fourier] epoch 0006  train_log_mse=0.13551  val_log_mse=4.05418  val_mse=0.026325  max_grad=55.21  patience=5/30
2026-10-08 05:51:02,812  gsv3.training             INFO     [group_holdout:vqe] epoch 0009  train_log_mse=0.56657  val_log_mse=6.83827  val_mse=0.010909  max_grad=186.87  patience=0/30
2026-10-08 05:51:14,215  gsv3.training             INFO     [group_holdout:variational] epoch 0009  train_log_mse=0.35349  val_log_mse=8.93117  val_mse=0.068244  max_grad=116.35  patience=6/30
2026-10-08 05:51:59,850  gsv3.training             INFO     [group_holdout:fourier] epoch 0007  train_log_mse=0.11980  val_log_mse=4.31215  val_mse=0.029694  max_grad=61.06  patience=6/30
2026-10-08 05:52:00,099  gsv3.training             INFO     [group_holdout:vqe] epoch 0010  train_log_mse=0.31892  val_log_mse=5.37986  val_mse=0.012617  max_grad=91.33  patience=1/30
2026-10-08 05:52:12,969  gsv3.training             INFO     [group_holdout:variational] epoch 0010  train_log_mse=0.32294  val_log_mse=10.83156  val_mse=0.067859  max_grad=126.00  patience=7/30
2026-10-08 05:52:57,156  gsv3.training             INFO     [group_holdout:vqe] epoch 0011  train_log_mse=0.31130  val_log_mse=5.25689  val_mse=0.010744  max_grad=80.58  patience=0/30
2026-10-08 05:53:11,661  gsv3.training             INFO     [group_holdout:variational] epoch 0011  train_log_mse=0.33774  val_log_mse=6.34658  val_mse=0.060603  max_grad=109.38  patience=0/30
2026-10-08 05:53:22,270  gsv3.training             INFO     [group_holdout:fourier] epoch 0008  train_log_mse=0.12414  val_log_mse=4.05087  val_mse=0.029190  max_grad=178.55  patience=7/30
2026-10-08 05:53:54,608  gsv3.training             INFO     [group_holdout:vqe] epoch 0012  train_log_mse=0.29040  val_log_mse=5.78131  val_mse=0.009786  max_grad=112.40  patience=0/30
2026-10-08 05:54:10,743  gsv3.training             INFO     [group_holdout:variational] epoch 0012  train_log_mse=0.29620  val_log_mse=14.66308  val_mse=0.064599  max_grad=127.53  patience=1/30
2026-10-08 05:54:44,448  gsv3.training             INFO     [group_holdout:fourier] epoch 0009  train_log_mse=0.10641  val_log_mse=4.21419  val_mse=0.024246  max_grad=63.86  patience=8/30
2026-10-08 05:54:51,818  gsv3.training             INFO     [group_holdout:vqe] epoch 0013  train_log_mse=0.27090  val_log_mse=7.46442  val_mse=0.012579  max_grad=79.25  patience=1/30
2026-10-08 05:55:10,138  gsv3.training             INFO     [group_holdout:variational] epoch 0013  train_log_mse=0.22959  val_log_mse=6.30281  val_mse=0.054648  max_grad=51.26  patience=0/30
2026-10-08 05:55:49,098  gsv3.training             INFO     [group_holdout:vqe] epoch 0014  train_log_mse=0.23803  val_log_mse=5.73193  val_mse=0.011487  max_grad=116.72  patience=2/30
2026-10-08 05:56:06,783  gsv3.training             INFO     [group_holdout:fourier] epoch 0010  train_log_mse=0.09929  val_log_mse=3.91234  val_mse=0.027851  max_grad=57.79  patience=9/30
2026-10-08 05:56:09,974  gsv3.training             INFO     [group_holdout:variational] epoch 0014  train_log_mse=0.27809  val_log_mse=8.28631  val_mse=0.055327  max_grad=103.95  patience=1/30
2026-10-08 05:56:46,185  gsv3.training             INFO     [group_holdout:vqe] epoch 0015  train_log_mse=0.23490  val_log_mse=5.57482  val_mse=0.012347  max_grad=78.69  patience=3/30
2026-10-08 05:57:09,927  gsv3.training             INFO     [group_holdout:variational] epoch 0015  train_log_mse=0.23741  val_log_mse=7.63236  val_mse=0.058692  max_grad=110.77  patience=2/30
2026-10-08 05:57:30,448  gsv3.training             INFO     [group_holdout:fourier] epoch 0011  train_log_mse=0.08908  val_log_mse=3.49539  val_mse=0.024186  max_grad=37.62  patience=10/30
2026-10-08 05:57:43,568  gsv3.training             INFO     [group_holdout:vqe] epoch 0016  train_log_mse=0.24277  val_log_mse=5.43587  val_mse=0.009228  max_grad=192.87  patience=0/30
2026-10-08 05:58:09,697  gsv3.training             INFO     [group_holdout:variational] epoch 0016  train_log_mse=0.19773  val_log_mse=4.95749  val_mse=0.039828  max_grad=57.28  patience=0/30
2026-10-08 05:58:40,530  gsv3.training             INFO     [group_holdout:vqe] epoch 0017  train_log_mse=0.24389  val_log_mse=6.58882  val_mse=0.011689  max_grad=92.16  patience=1/30
2026-10-08 05:58:52,927  gsv3.training             INFO     [group_holdout:fourier] epoch 0012  train_log_mse=0.08654  val_log_mse=3.78218  val_mse=0.025856  max_grad=41.15  patience=11/30
2026-10-08 05:59:09,622  gsv3.training             INFO     [group_holdout:variational] epoch 0017  train_log_mse=0.22741  val_log_mse=7.67109  val_mse=0.049667  max_grad=72.35  patience=1/30
2026-10-08 05:59:37,703  gsv3.training             INFO     [group_holdout:vqe] epoch 0018  train_log_mse=0.21543  val_log_mse=4.88415  val_mse=0.011225  max_grad=90.29  patience=2/30
2026-10-08 06:00:09,227  gsv3.training             INFO     [group_holdout:variational] epoch 0018  train_log_mse=0.19115  val_log_mse=5.93912  val_mse=0.048490  max_grad=50.22  patience=2/30
2026-10-08 06:00:15,399  gsv3.training             INFO     [group_holdout:fourier] epoch 0013  train_log_mse=0.06766  val_log_mse=4.05976  val_mse=0.021911  max_grad=43.67  patience=12/30
2026-10-08 06:00:34,860  gsv3.training             INFO     [group_holdout:vqe] epoch 0019  train_log_mse=0.21852  val_log_mse=5.13100  val_mse=0.013734  max_grad=81.00  patience=3/30
2026-10-08 06:01:08,823  gsv3.training             INFO     [group_holdout:variational] epoch 0019  train_log_mse=0.19516  val_log_mse=6.84654  val_mse=0.043923  max_grad=65.16  patience=3/30
2026-10-08 06:01:32,004  gsv3.training             INFO     [group_holdout:vqe] epoch 0020  train_log_mse=0.16558  val_log_mse=3.62613  val_mse=0.013386  max_grad=63.44  patience=4/30
2026-10-08 06:01:37,792  gsv3.training             INFO     [group_holdout:fourier] epoch 0014  train_log_mse=0.07201  val_log_mse=3.59545  val_mse=0.023765  max_grad=39.18  patience=13/30
2026-10-08 06:02:08,367  gsv3.training             INFO     [group_holdout:variational] epoch 0020  train_log_mse=0.18476  val_log_mse=8.72792  val_mse=0.048917  max_grad=65.89  patience=4/30
2026-10-08 06:02:29,220  gsv3.training             INFO     [group_holdout:vqe] epoch 0021  train_log_mse=0.19606  val_log_mse=5.40756  val_mse=0.015115  max_grad=76.30  patience=5/30
2026-10-08 06:03:00,239  gsv3.training             INFO     [group_holdout:fourier] epoch 0015  train_log_mse=0.07093  val_log_mse=3.75836  val_mse=0.021209  max_grad=40.64  patience=0/30
2026-10-08 06:03:08,102  gsv3.training             INFO     [group_holdout:variational] epoch 0021  train_log_mse=0.16476  val_log_mse=6.50052  val_mse=0.053375  max_grad=98.06  patience=5/30
2026-10-08 06:03:26,594  gsv3.training             INFO     [group_holdout:vqe] epoch 0022  train_log_mse=0.16119  val_log_mse=4.93627  val_mse=0.015402  max_grad=50.20  patience=6/30
2026-10-08 06:04:07,653  gsv3.training             INFO     [group_holdout:variational] epoch 0022  train_log_mse=0.17420  val_log_mse=5.72415  val_mse=0.048878  max_grad=88.55  patience=6/30
2026-10-08 06:04:22,755  gsv3.training             INFO     [group_holdout:fourier] epoch 0016  train_log_mse=0.05724  val_log_mse=3.75775  val_mse=0.020466  max_grad=34.81  patience=0/30
2026-10-08 06:04:23,855  gsv3.training             INFO     [group_holdout:vqe] epoch 0023  train_log_mse=0.17524  val_log_mse=5.62381  val_mse=0.015271  max_grad=90.19  patience=7/30
2026-10-08 06:05:07,356  gsv3.training             INFO     [group_holdout:variational] epoch 0023  train_log_mse=0.17931  val_log_mse=10.75436  val_mse=0.068202  max_grad=77.48  patience=7/30
2026-10-08 06:05:21,100  gsv3.training             INFO     [group_holdout:vqe] epoch 0024  train_log_mse=0.14262  val_log_mse=5.14178  val_mse=0.015729  max_grad=43.95  patience=8/30
2026-10-08 06:05:45,161  gsv3.training             INFO     [group_holdout:fourier] epoch 0017  train_log_mse=0.06837  val_log_mse=3.67092  val_mse=0.025353  max_grad=33.38  patience=1/30
2026-10-08 06:06:07,055  gsv3.training             INFO     [group_holdout:variational] epoch 0024  train_log_mse=0.16959  val_log_mse=5.55065  val_mse=0.052339  max_grad=124.89  patience=8/30
2026-10-08 06:06:18,350  gsv3.training             INFO     [group_holdout:vqe] epoch 0025  train_log_mse=0.15886  val_log_mse=4.14304  val_mse=0.014025  max_grad=57.00  patience=9/30
2026-10-08 06:07:06,641  gsv3.training             INFO     [group_holdout:variational] epoch 0025  train_log_mse=0.17982  val_log_mse=6.75024  val_mse=0.059159  max_grad=108.07  patience=9/30
2026-10-08 06:07:07,540  gsv3.training             INFO     [group_holdout:fourier] epoch 0018  train_log_mse=0.06663  val_log_mse=3.75996  val_mse=0.022800  max_grad=40.10  patience=2/30
2026-10-08 06:07:15,675  gsv3.training             INFO     [group_holdout:vqe] epoch 0026  train_log_mse=0.14006  val_log_mse=4.04308  val_mse=0.015544  max_grad=41.14  patience=10/30
2026-10-08 06:08:06,094  gsv3.training             INFO     [group_holdout:variational] epoch 0026  train_log_mse=0.18438  val_log_mse=5.24499  val_mse=0.053493  max_grad=72.12  patience=10/30
2026-10-08 06:08:12,539  gsv3.training             INFO     [group_holdout:vqe] epoch 0027  train_log_mse=0.14659  val_log_mse=4.62075  val_mse=0.015198  max_grad=68.94  patience=11/30
2026-10-08 06:08:30,121  gsv3.training             INFO     [group_holdout:fourier] epoch 0019  train_log_mse=0.05777  val_log_mse=3.90859  val_mse=0.022411  max_grad=37.26  patience=3/30
2026-10-08 06:09:05,716  gsv3.training             INFO     [group_holdout:variational] epoch 0027  train_log_mse=0.15929  val_log_mse=6.98106  val_mse=0.054354  max_grad=55.19  patience=11/30
2026-10-08 06:09:09,784  gsv3.training             INFO     [group_holdout:vqe] epoch 0028  train_log_mse=0.15929  val_log_mse=4.72648  val_mse=0.015769  max_grad=68.29  patience=12/30
2026-10-08 06:09:52,578  gsv3.training             INFO     [group_holdout:fourier] epoch 0020  train_log_mse=0.05149  val_log_mse=3.70186  val_mse=0.021196  max_grad=28.92  patience=4/30
2026-10-08 06:10:05,415  gsv3.training             INFO     [group_holdout:variational] epoch 0028  train_log_mse=0.14951  val_log_mse=8.45366  val_mse=0.052369  max_grad=48.07  patience=12/30
2026-10-08 06:10:06,961  gsv3.training             INFO     [group_holdout:vqe] epoch 0029  train_log_mse=0.12720  val_log_mse=4.12621  val_mse=0.014824  max_grad=70.65  patience=13/30
2026-10-08 06:11:04,177  gsv3.training             INFO     [group_holdout:vqe] epoch 0030  train_log_mse=0.12258  val_log_mse=3.48702  val_mse=0.013393  max_grad=52.02  patience=14/30
2026-10-08 06:11:05,190  gsv3.training             INFO     [group_holdout:variational] epoch 0029  train_log_mse=0.12844  val_log_mse=5.83069  val_mse=0.052853  max_grad=57.29  patience=13/30
2026-10-08 06:11:14,877  gsv3.training             INFO     [group_holdout:fourier] epoch 0021  train_log_mse=0.06372  val_log_mse=3.65190  val_mse=0.022438  max_grad=44.98  patience=5/30
2026-10-08 06:12:01,485  gsv3.training             INFO     [group_holdout:vqe] epoch 0031  train_log_mse=0.13634  val_log_mse=3.63070  val_mse=0.014144  max_grad=54.50  patience=15/30
2026-10-08 06:12:04,560  gsv3.training             INFO     [group_holdout:variational] epoch 0030  train_log_mse=0.15263  val_log_mse=4.45186  val_mse=0.044835  max_grad=81.58  patience=14/30
2026-10-08 06:12:37,434  gsv3.training             INFO     [group_holdout:fourier] epoch 0022  train_log_mse=0.05333  val_log_mse=4.25295  val_mse=0.022712  max_grad=21.25  patience=6/30
2026-10-08 06:12:58,634  gsv3.training             INFO     [group_holdout:vqe] epoch 0032  train_log_mse=0.13994  val_log_mse=4.35376  val_mse=0.015364  max_grad=78.29  patience=16/30
2026-10-08 06:13:04,073  gsv3.training             INFO     [group_holdout:variational] epoch 0031  train_log_mse=0.13515  val_log_mse=6.85855  val_mse=0.051829  max_grad=51.30  patience=15/30
2026-10-08 06:13:55,646  gsv3.training             INFO     [group_holdout:vqe] epoch 0033  train_log_mse=0.13219  val_log_mse=4.19812  val_mse=0.012792  max_grad=51.84  patience=17/30
2026-10-08 06:13:59,873  gsv3.training             INFO     [group_holdout:fourier] epoch 0023  train_log_mse=0.05247  val_log_mse=3.79539  val_mse=0.018591  max_grad=46.33  patience=0/30
2026-10-08 06:14:03,511  gsv3.training             INFO     [group_holdout:variational] epoch 0032  train_log_mse=0.12239  val_log_mse=7.89556  val_mse=0.052707  max_grad=40.39  patience=16/30
2026-10-08 06:14:52,905  gsv3.training             INFO     [group_holdout:vqe] epoch 0034  train_log_mse=0.12123  val_log_mse=4.38382  val_mse=0.014669  max_grad=35.09  patience=18/30
2026-10-08 06:15:03,186  gsv3.training             INFO     [group_holdout:variational] epoch 0033  train_log_mse=0.15461  val_log_mse=5.35905  val_mse=0.045224  max_grad=56.87  patience=17/30
2026-10-08 06:15:22,224  gsv3.training             INFO     [group_holdout:fourier] epoch 0024  train_log_mse=0.05524  val_log_mse=4.40369  val_mse=0.019039  max_grad=49.33  patience=1/30
2026-10-08 06:15:50,055  gsv3.training             INFO     [group_holdout:vqe] epoch 0035  train_log_mse=0.12666  val_log_mse=4.79476  val_mse=0.013648  max_grad=83.01  patience=19/30
2026-10-08 06:16:02,924  gsv3.training             INFO     [group_holdout:variational] epoch 0034  train_log_mse=0.13979  val_log_mse=4.98953  val_mse=0.043697  max_grad=84.87  patience=18/30
2026-10-08 06:16:44,402  gsv3.training             INFO     [group_holdout:fourier] epoch 0025  train_log_mse=0.05328  val_log_mse=3.94009  val_mse=0.020524  max_grad=22.20  patience=2/30
2026-10-08 06:16:47,082  gsv3.training             INFO     [group_holdout:vqe] epoch 0036  train_log_mse=0.10829  val_log_mse=3.90291  val_mse=0.013914  max_grad=32.33  patience=20/30
2026-10-08 06:17:02,435  gsv3.training             INFO     [group_holdout:variational] epoch 0035  train_log_mse=0.13106  val_log_mse=5.29201  val_mse=0.054480  max_grad=66.62  patience=19/30
2026-10-08 06:17:44,188  gsv3.training             INFO     [group_holdout:vqe] epoch 0037  train_log_mse=0.11219  val_log_mse=3.86061  val_mse=0.010337  max_grad=43.28  patience=21/30
2026-10-08 06:18:01,885  gsv3.training             INFO     [group_holdout:variational] epoch 0036  train_log_mse=0.12802  val_log_mse=4.91562  val_mse=0.055160  max_grad=90.52  patience=20/30
2026-10-08 06:18:06,444  gsv3.training             INFO     [group_holdout:fourier] epoch 0026  train_log_mse=0.05375  val_log_mse=3.84373  val_mse=0.018826  max_grad=34.68  patience=3/30
2026-10-08 06:18:41,205  gsv3.training             INFO     [group_holdout:vqe] epoch 0038  train_log_mse=0.10135  val_log_mse=3.86031  val_mse=0.013459  max_grad=52.09  patience=22/30
2026-10-08 06:19:01,386  gsv3.training             INFO     [group_holdout:variational] epoch 0037  train_log_mse=0.11633  val_log_mse=5.83502  val_mse=0.061355  max_grad=42.30  patience=21/30
2026-10-08 06:19:28,489  gsv3.training             INFO     [group_holdout:fourier] epoch 0027  train_log_mse=0.05918  val_log_mse=3.65072  val_mse=0.019927  max_grad=32.83  patience=4/30
2026-10-08 06:19:38,257  gsv3.training             INFO     [group_holdout:vqe] epoch 0039  train_log_mse=0.16836  val_log_mse=3.65503  val_mse=0.015163  max_grad=95.49  patience=23/30
2026-10-08 06:20:00,862  gsv3.training             INFO     [group_holdout:variational] epoch 0038  train_log_mse=0.16487  val_log_mse=5.06616  val_mse=0.049026  max_grad=74.10  patience=22/30
2026-10-08 06:20:35,251  gsv3.training             INFO     [group_holdout:vqe] epoch 0040  train_log_mse=0.12933  val_log_mse=3.80465  val_mse=0.015358  max_grad=72.68  patience=24/30
2026-10-08 06:20:50,814  gsv3.training             INFO     [group_holdout:fourier] epoch 0028  train_log_mse=0.05217  val_log_mse=3.99791  val_mse=0.019241  max_grad=27.23  patience=5/30
2026-10-08 06:21:00,467  gsv3.training             INFO     [group_holdout:variational] epoch 0039  train_log_mse=0.10987  val_log_mse=4.24917  val_mse=0.046458  max_grad=48.05  patience=23/30
2026-10-08 06:21:32,379  gsv3.training             INFO     [group_holdout:vqe] epoch 0041  train_log_mse=0.10671  val_log_mse=4.14040  val_mse=0.013878  max_grad=65.51  patience=25/30
2026-10-08 06:21:59,908  gsv3.training             INFO     [group_holdout:variational] epoch 0040  train_log_mse=0.09711  val_log_mse=3.96252  val_mse=0.044399  max_grad=60.61  patience=24/30
2026-10-08 06:22:13,013  gsv3.training             INFO     [group_holdout:fourier] epoch 0029  train_log_mse=0.04574  val_log_mse=3.92480  val_mse=0.018666  max_grad=26.94  patience=6/30
2026-10-08 06:22:29,583  gsv3.training             INFO     [group_holdout:vqe] epoch 0042  train_log_mse=0.10872  val_log_mse=3.30778  val_mse=0.014569  max_grad=53.92  patience=26/30
2026-10-08 06:22:59,557  gsv3.training             INFO     [group_holdout:variational] epoch 0041  train_log_mse=0.14376  val_log_mse=4.00981  val_mse=0.051984  max_grad=69.45  patience=25/30
2026-10-08 06:23:26,683  gsv3.training             INFO     [group_holdout:vqe] epoch 0043  train_log_mse=0.11568  val_log_mse=3.45950  val_mse=0.014073  max_grad=48.24  patience=27/30
2026-10-08 06:23:34,727  gsv3.training             INFO     [group_holdout:fourier] epoch 0030  train_log_mse=0.04652  val_log_mse=3.68467  val_mse=0.019417  max_grad=25.19  patience=7/30
2026-10-08 06:23:59,185  gsv3.training             INFO     [group_holdout:variational] epoch 0042  train_log_mse=0.11256  val_log_mse=4.39164  val_mse=0.045163  max_grad=55.61  patience=26/30
2026-10-08 06:24:23,469  gsv3.training             INFO     [group_holdout:vqe] epoch 0044  train_log_mse=0.10309  val_log_mse=3.55500  val_mse=0.015377  max_grad=53.96  patience=28/30
2026-10-08 06:24:56,699  gsv3.training             INFO     [group_holdout:fourier] epoch 0031  train_log_mse=0.04428  val_log_mse=3.74560  val_mse=0.018819  max_grad=25.63  patience=8/30
2026-10-08 06:24:58,352  gsv3.training             INFO     [group_holdout:variational] epoch 0043  train_log_mse=0.12654  val_log_mse=5.07332  val_mse=0.053308  max_grad=52.93  patience=27/30
2026-10-08 06:25:20,467  gsv3.training             INFO     [group_holdout:vqe] epoch 0045  train_log_mse=0.09289  val_log_mse=4.03746  val_mse=0.015767  max_grad=42.08  patience=29/30
2026-10-08 06:25:57,909  gsv3.training             INFO     [group_holdout:variational] epoch 0044  train_log_mse=0.10552  val_log_mse=4.56506  val_mse=0.048675  max_grad=47.50  patience=28/30
2026-10-08 06:26:17,753  gsv3.training             INFO     [group_holdout:vqe] epoch 0046  train_log_mse=0.12359  val_log_mse=3.81404  val_mse=0.012870  max_grad=92.54  patience=30/30
2026-10-08 06:26:19,053  gsv3.training             INFO     [group_holdout:fourier] epoch 0032  train_log_mse=0.04122  val_log_mse=3.68340  val_mse=0.017839  max_grad=29.31  patience=0/30
2026-10-08 06:26:32,171  gsv3.experiment           INFO     [vqe] TEST  n=9168  MAE=0.0917  R2=0.8309  device-acc=0.792  regret=0.0069
2026-10-08 06:26:32,174  genstudy.io               INFO     Wrote evaluations/generalization_v3/results/xattn_a00/leave_one_group_out/vqe/metrics.json
2026-10-08 06:26:32,220  genstudy.io               INFO     Wrote evaluations/generalization_v3/results/xattn_a00/leave_one_group_out/vqe/predictions.json
2026-10-08 06:26:32,233  genstudy.io               INFO     Wrote evaluations/generalization_v3/results/xattn_a00/leave_one_group_out/vqe/history.json
2026-10-08 06:26:32,252  run_experiment            INFO     leave_one_group_out finished: 1 complete, 0 skipped
2026-10-08 06:26:55,905  gsv3.training             INFO     [group_holdout:variational] epoch 0045  train_log_mse=0.10993  val_log_mse=5.23009  val_mse=0.045748  max_grad=68.00  patience=29/30
2026-10-08 06:27:37,006  gsv3.training             INFO     [group_holdout:fourier] epoch 0033  train_log_mse=0.04522  val_log_mse=3.57096  val_mse=0.019090  max_grad=21.35  patience=1/30
2026-10-08 06:27:51,639  gsv3.training             INFO     [group_holdout:variational] epoch 0046  train_log_mse=0.12300  val_log_mse=4.23533  val_mse=0.048439  max_grad=53.80  patience=30/30
2026-10-08 06:28:05,965  gsv3.experiment           INFO     [variational] TEST  n=9928  MAE=0.1148  R2=0.7504  device-acc=0.255  regret=0.0640
2026-10-08 06:28:05,969  genstudy.io               INFO     Wrote evaluations/generalization_v3/results/xattn_a00/leave_one_group_out/variational/metrics.json
2026-10-08 06:28:06,023  genstudy.io               INFO     Wrote evaluations/generalization_v3/results/xattn_a00/leave_one_group_out/variational/predictions.json
2026-10-08 06:28:06,036  genstudy.io               INFO     Wrote evaluations/generalization_v3/results/xattn_a00/leave_one_group_out/variational/history.json
2026-10-08 06:28:06,075  run_experiment            INFO     leave_one_group_out finished: 1 complete, 0 skipped
2026-10-08 06:28:50,160  gsv3.training             INFO     [group_holdout:fourier] epoch 0034  train_log_mse=0.04823  val_log_mse=4.70043  val_mse=0.017785  max_grad=31.14  patience=0/30
2026-10-08 06:30:00,573  gsv3.training             INFO     [group_holdout:fourier] epoch 0035  train_log_mse=0.04698  val_log_mse=4.28690  val_mse=0.017882  max_grad=36.95  patience=1/30
2026-10-08 06:31:11,223  gsv3.training             INFO     [group_holdout:fourier] epoch 0036  train_log_mse=0.04191  val_log_mse=4.75244  val_mse=0.017065  max_grad=22.95  patience=0/30
2026-10-08 06:32:21,960  gsv3.training             INFO     [group_holdout:fourier] epoch 0037  train_log_mse=0.04371  val_log_mse=3.66086  val_mse=0.018661  max_grad=27.06  patience=1/30
2026-10-08 06:33:32,653  gsv3.training             INFO     [group_holdout:fourier] epoch 0038  train_log_mse=0.03805  val_log_mse=3.88612  val_mse=0.020198  max_grad=19.08  patience=2/30
2026-10-08 06:34:43,547  gsv3.training             INFO     [group_holdout:fourier] epoch 0039  train_log_mse=0.04600  val_log_mse=3.83502  val_mse=0.019495  max_grad=29.52  patience=3/30
2026-10-08 06:35:54,371  gsv3.training             INFO     [group_holdout:fourier] epoch 0040  train_log_mse=0.03909  val_log_mse=3.84987  val_mse=0.018600  max_grad=30.73  patience=4/30
2026-10-08 06:37:05,162  gsv3.training             INFO     [group_holdout:fourier] epoch 0041  train_log_mse=0.04206  val_log_mse=3.87937  val_mse=0.017754  max_grad=28.42  patience=5/30
2026-10-08 06:38:15,782  gsv3.training             INFO     [group_holdout:fourier] epoch 0042  train_log_mse=0.03830  val_log_mse=3.71004  val_mse=0.019422  max_grad=25.94  patience=6/30
2026-10-08 06:39:26,380  gsv3.training             INFO     [group_holdout:fourier] epoch 0043  train_log_mse=0.03866  val_log_mse=3.83888  val_mse=0.019928  max_grad=22.67  patience=7/30
2026-10-08 06:40:37,557  gsv3.training             INFO     [group_holdout:fourier] epoch 0044  train_log_mse=0.04047  val_log_mse=4.28711  val_mse=0.017187  max_grad=27.04  patience=8/30
2026-10-08 06:41:49,144  gsv3.training             INFO     [group_holdout:fourier] epoch 0045  train_log_mse=0.03924  val_log_mse=3.59592  val_mse=0.018381  max_grad=22.51  patience=9/30
2026-10-08 06:43:00,788  gsv3.training             INFO     [group_holdout:fourier] epoch 0046  train_log_mse=0.03928  val_log_mse=4.12882  val_mse=0.017501  max_grad=27.96  patience=10/30
2026-10-08 06:44:11,497  gsv3.training             INFO     [group_holdout:fourier] epoch 0047  train_log_mse=0.04089  val_log_mse=3.72078  val_mse=0.019071  max_grad=30.33  patience=11/30
2026-10-08 06:45:22,131  gsv3.training             INFO     [group_holdout:fourier] epoch 0048  train_log_mse=0.03238  val_log_mse=4.04804  val_mse=0.017769  max_grad=20.44  patience=12/30
2026-10-08 06:46:32,902  gsv3.training             INFO     [group_holdout:fourier] epoch 0049  train_log_mse=0.03667  val_log_mse=3.75961  val_mse=0.017216  max_grad=19.81  patience=13/30
2026-10-08 06:47:43,518  gsv3.training             INFO     [group_holdout:fourier] epoch 0050  train_log_mse=0.03697  val_log_mse=3.63957  val_mse=0.019374  max_grad=29.35  patience=14/30
2026-10-08 06:48:53,976  gsv3.training             INFO     [group_holdout:fourier] epoch 0051  train_log_mse=0.03689  val_log_mse=4.52706  val_mse=0.017936  max_grad=19.04  patience=15/30
2026-10-08 06:50:04,509  gsv3.training             INFO     [group_holdout:fourier] epoch 0052  train_log_mse=0.03223  val_log_mse=3.87614  val_mse=0.018926  max_grad=15.09  patience=16/30
2026-10-08 06:51:15,149  gsv3.training             INFO     [group_holdout:fourier] epoch 0053  train_log_mse=0.03946  val_log_mse=3.74797  val_mse=0.019011  max_grad=22.69  patience=17/30
2026-10-08 06:52:25,733  gsv3.training             INFO     [group_holdout:fourier] epoch 0054  train_log_mse=0.03627  val_log_mse=4.07122  val_mse=0.017790  max_grad=20.74  patience=18/30
2026-10-08 06:53:36,446  gsv3.training             INFO     [group_holdout:fourier] epoch 0055  train_log_mse=0.03031  val_log_mse=3.79865  val_mse=0.018335  max_grad=18.85  patience=19/30
2026-10-08 06:54:46,877  gsv3.training             INFO     [group_holdout:fourier] epoch 0056  train_log_mse=0.02975  val_log_mse=4.11510  val_mse=0.017398  max_grad=20.94  patience=20/30
2026-10-08 06:55:57,709  gsv3.training             INFO     [group_holdout:fourier] epoch 0057  train_log_mse=0.03192  val_log_mse=4.27822  val_mse=0.018393  max_grad=24.99  patience=21/30
2026-10-08 06:57:08,810  gsv3.training             INFO     [group_holdout:fourier] epoch 0058  train_log_mse=0.04405  val_log_mse=3.71691  val_mse=0.017911  max_grad=36.61  patience=22/30
2026-10-08 06:58:20,292  gsv3.training             INFO     [group_holdout:fourier] epoch 0059  train_log_mse=0.03332  val_log_mse=4.16436  val_mse=0.018223  max_grad=19.60  patience=23/30
2026-10-08 06:59:30,844  gsv3.training             INFO     [group_holdout:fourier] epoch 0060  train_log_mse=0.03274  val_log_mse=3.95063  val_mse=0.018518  max_grad=30.25  patience=24/30
2026-10-08 07:00:41,577  gsv3.training             INFO     [group_holdout:fourier] epoch 0061  train_log_mse=0.03295  val_log_mse=3.70874  val_mse=0.017539  max_grad=18.96  patience=25/30
2026-10-08 07:01:52,350  gsv3.training             INFO     [group_holdout:fourier] epoch 0062  train_log_mse=0.03099  val_log_mse=3.90725  val_mse=0.019168  max_grad=16.84  patience=26/30
2026-10-08 07:03:03,089  gsv3.training             INFO     [group_holdout:fourier] epoch 0063  train_log_mse=0.03238  val_log_mse=3.66336  val_mse=0.017727  max_grad=17.35  patience=27/30
2026-10-08 07:04:13,673  gsv3.training             INFO     [group_holdout:fourier] epoch 0064  train_log_mse=0.03509  val_log_mse=3.60470  val_mse=0.018039  max_grad=30.96  patience=28/30
2026-10-08 07:05:24,178  gsv3.training             INFO     [group_holdout:fourier] epoch 0065  train_log_mse=0.03256  val_log_mse=3.85323  val_mse=0.017246  max_grad=20.79  patience=29/30
2026-10-08 07:06:34,701  gsv3.training             INFO     [group_holdout:fourier] epoch 0066  train_log_mse=0.03199  val_log_mse=3.95703  val_mse=0.016581  max_grad=16.24  patience=0/30
2026-10-08 07:07:45,180  gsv3.training             INFO     [group_holdout:fourier] epoch 0067  train_log_mse=0.02891  val_log_mse=4.10575  val_mse=0.016875  max_grad=15.70  patience=1/30
2026-10-08 07:09:01,009  gsv3.training             INFO     [group_holdout:fourier] epoch 0068  train_log_mse=0.03176  val_log_mse=4.02899  val_mse=0.017488  max_grad=20.79  patience=2/30
2026-10-08 07:10:23,362  gsv3.training             INFO     [group_holdout:fourier] epoch 0069  train_log_mse=0.02851  val_log_mse=3.84012  val_mse=0.017544  max_grad=14.73  patience=3/30
2026-10-08 07:11:45,514  gsv3.training             INFO     [group_holdout:fourier] epoch 0070  train_log_mse=0.03301  val_log_mse=4.23636  val_mse=0.018315  max_grad=22.91  patience=4/30
2026-10-08 07:13:07,536  gsv3.training             INFO     [group_holdout:fourier] epoch 0071  train_log_mse=0.03147  val_log_mse=4.09348  val_mse=0.016929  max_grad=21.40  patience=5/30
2026-10-08 07:14:29,688  gsv3.training             INFO     [group_holdout:fourier] epoch 0072  train_log_mse=0.03031  val_log_mse=4.09146  val_mse=0.017982  max_grad=16.98  patience=6/30
2026-10-08 07:15:51,967  gsv3.training             INFO     [group_holdout:fourier] epoch 0073  train_log_mse=0.02916  val_log_mse=4.10767  val_mse=0.018703  max_grad=17.19  patience=7/30
2026-10-08 07:17:13,913  gsv3.training             INFO     [group_holdout:fourier] epoch 0074  train_log_mse=0.02947  val_log_mse=4.08877  val_mse=0.016981  max_grad=21.84  patience=8/30
2026-10-08 07:18:36,142  gsv3.training             INFO     [group_holdout:fourier] epoch 0075  train_log_mse=0.03014  val_log_mse=4.15573  val_mse=0.017742  max_grad=16.20  patience=9/30
2026-10-08 07:19:58,418  gsv3.training             INFO     [group_holdout:fourier] epoch 0076  train_log_mse=0.02927  val_log_mse=4.13251  val_mse=0.018688  max_grad=15.78  patience=10/30
2026-10-08 07:21:20,614  gsv3.training             INFO     [group_holdout:fourier] epoch 0077  train_log_mse=0.02758  val_log_mse=4.19245  val_mse=0.018176  max_grad=18.69  patience=11/30
2026-10-08 07:22:42,870  gsv3.training             INFO     [group_holdout:fourier] epoch 0078  train_log_mse=0.03034  val_log_mse=3.86586  val_mse=0.017732  max_grad=24.45  patience=12/30
2026-10-08 07:24:05,074  gsv3.training             INFO     [group_holdout:fourier] epoch 0079  train_log_mse=0.02913  val_log_mse=4.00381  val_mse=0.017569  max_grad=21.84  patience=13/30
2026-10-08 07:25:27,004  gsv3.training             INFO     [group_holdout:fourier] epoch 0080  train_log_mse=0.02936  val_log_mse=4.33057  val_mse=0.017903  max_grad=15.97  patience=14/30
2026-10-08 07:26:49,731  gsv3.training             INFO     [group_holdout:fourier] epoch 0081  train_log_mse=0.02757  val_log_mse=4.12013  val_mse=0.017873  max_grad=14.96  patience=15/30
2026-10-08 07:28:11,890  gsv3.training             INFO     [group_holdout:fourier] epoch 0082  train_log_mse=0.02781  val_log_mse=3.90044  val_mse=0.017854  max_grad=17.12  patience=16/30
2026-10-08 07:29:34,030  gsv3.training             INFO     [group_holdout:fourier] epoch 0083  train_log_mse=0.02773  val_log_mse=3.94326  val_mse=0.018598  max_grad=16.39  patience=17/30
2026-10-08 07:30:56,144  gsv3.training             INFO     [group_holdout:fourier] epoch 0084  train_log_mse=0.03563  val_log_mse=3.63072  val_mse=0.017409  max_grad=20.15  patience=18/30
2026-10-08 07:32:18,502  gsv3.training             INFO     [group_holdout:fourier] epoch 0085  train_log_mse=0.02892  val_log_mse=3.65373  val_mse=0.016994  max_grad=28.48  patience=19/30
2026-10-08 07:33:40,586  gsv3.training             INFO     [group_holdout:fourier] epoch 0086  train_log_mse=0.02669  val_log_mse=3.65910  val_mse=0.016774  max_grad=21.22  patience=20/30
2026-10-08 07:35:02,968  gsv3.training             INFO     [group_holdout:fourier] epoch 0087  train_log_mse=0.02734  val_log_mse=3.87269  val_mse=0.018005  max_grad=18.88  patience=21/30
2026-10-08 07:36:25,515  gsv3.training             INFO     [group_holdout:fourier] epoch 0088  train_log_mse=0.02927  val_log_mse=3.84601  val_mse=0.018777  max_grad=15.71  patience=22/30
2026-10-08 07:37:48,022  gsv3.training             INFO     [group_holdout:fourier] epoch 0089  train_log_mse=0.02996  val_log_mse=4.14161  val_mse=0.017082  max_grad=18.68  patience=23/30
2026-10-08 07:39:10,412  gsv3.training             INFO     [group_holdout:fourier] epoch 0090  train_log_mse=0.02759  val_log_mse=3.75609  val_mse=0.017348  max_grad=18.98  patience=24/30
2026-10-08 07:40:32,706  gsv3.training             INFO     [group_holdout:fourier] epoch 0091  train_log_mse=0.02920  val_log_mse=3.75474  val_mse=0.017976  max_grad=20.08  patience=25/30
2026-10-08 07:41:54,782  gsv3.training             INFO     [group_holdout:fourier] epoch 0092  train_log_mse=0.02688  val_log_mse=3.79345  val_mse=0.017932  max_grad=14.97  patience=26/30
2026-10-08 07:43:17,099  gsv3.training             INFO     [group_holdout:fourier] epoch 0093  train_log_mse=0.02800  val_log_mse=3.69985  val_mse=0.017153  max_grad=16.47  patience=27/30
2026-10-08 07:44:39,260  gsv3.training             INFO     [group_holdout:fourier] epoch 0094  train_log_mse=0.02678  val_log_mse=4.39750  val_mse=0.017442  max_grad=16.89  patience=28/30
2026-10-08 07:46:01,504  gsv3.training             INFO     [group_holdout:fourier] epoch 0095  train_log_mse=0.02430  val_log_mse=4.02910  val_mse=0.017660  max_grad=12.30  patience=29/30
2026-10-08 07:47:23,875  gsv3.training             INFO     [group_holdout:fourier] epoch 0096  train_log_mse=0.02577  val_log_mse=3.91533  val_mse=0.017243  max_grad=11.34  patience=30/30
2026-10-08 07:47:29,220  gsv3.experiment           INFO     [fourier] TEST  n=2904  MAE=0.1117  R2=0.7744  device-acc=0.608  regret=0.0249
2026-10-08 07:47:29,224  genstudy.io               INFO     Wrote evaluations/generalization_v3/results/xattn_a00/leave_one_group_out/fourier/metrics.json
2026-10-08 07:47:29,240  genstudy.io               INFO     Wrote evaluations/generalization_v3/results/xattn_a00/leave_one_group_out/fourier/predictions.json
2026-10-08 07:47:29,253  genstudy.io               INFO     Wrote evaluations/generalization_v3/results/xattn_a00/leave_one_group_out/fourier/history.json
2026-10-08 07:47:29,272  run_experiment            INFO     leave_one_group_out finished: 1 complete, 0 skipped
