2026-10-08 13:58:43,607  genstudy.io               INFO     Logging to evaluations/generalization_v5/results/v5b_sinkhorn_s7/leave_one_group_out/run.log
2026-10-08 13:58:43,607  run_experiment            INFO     Command line: evaluations/generalization_v3/scripts/run_experiment.py logo --model sinkhorn --balance-alpha 0 --lr 3e-4 --grad-clip 1.0 --seed 7 --families large --groups variational --loss mixed --val-mode random --epoch-budget 150 --swa-frac 0.25 --tau-start 1.0 --results-dir evaluations/generalization_v5/results/v5b_sinkhorn_s7
2026-10-08 13:58:43,607  gsv2.gpu                  WARNING  No CUDA device available — running on the CPU.
2026-10-08 13:58:43,608  gsv3.model                INFO     Hyper-parameters (/home/atudisco/pred-distr-tool/src/model/best_params.json + v3 defaults): {'device_hidden': 64, 'device_layers': 3, 'fusion_dim': 128, 'qubit_layers': 2, 'attn_heads': 4, 'lap_pe': 8, 'cost_bias_init': -6.0, 'hidden_dim': 142, 'num_conv_wo_resnet': 3, 'num_resnet_layers': 1, 'dropout': 0.0, 'bidirectional': True, 'mlp': [512, 256, 128], 'lr': 0.001, 'readout': 'meanmaxsum'}
2026-10-08 13:58:43,622  gsv3.devices              INFO     Device graphs: node features 13 (Laplacian PE 8), physical errors True
2026-10-08 13:58:43,623  genstudy.data             INFO     Loading graph dataset: /home/atudisco/pred-distr-tool/evaluations/generalization_v3/data/graph_dataset_expected_fidelity.pt
2026-10-08 13:58:47,327  genstudy.data             INFO     Loaded 17056 graphs
2026-10-08 13:58:47,358  genstudy.io               INFO     Wrote evaluations/generalization_v5/results/v5b_sinkhorn_s7/leave_one_group_out/dataset_summary.json
2026-10-08 13:58:47,360  run_experiment            INFO     [1/1] variational
2026-10-08 13:58:47,363  gsv3.experiment           INFO     === group_holdout / variational ===
2026-10-08 13:58:47,363  gsv3.experiment           INFO     Leave-one-group-out: test = all 9928 circuits of group 'variational' (qnn, vqe_real_amp, vqe_su2, vqe_two_local), train = 7128 circuits from the other 31 families.
2026-10-08 13:58:47,364  gsv3.experiment           INFO     train=5702  val=1426 ({'mode': 'random'})  test=9928
2026-10-08 13:58:47,447  gsv3.training             INFO     [group_holdout:variational] model=sinkhorn (979423 params) train=5702 val=1426 lr=0.0003 clip=1.0 alpha=0.00
2026-10-08 13:59:44,726  gsv3.training             INFO     [group_holdout:variational] epoch 0001  train_log_mse=0.49011  val_log_mse=0.98610  val_mse=0.007977  max_grad=639.14  patience=0/30
2026-10-08 14:00:41,248  gsv3.training             INFO     [group_holdout:variational] epoch 0002  train_log_mse=0.05089  val_log_mse=0.32347  val_mse=0.002263  max_grad=15.75  patience=0/30
2026-10-08 14:01:37,420  gsv3.training             INFO     [group_holdout:variational] epoch 0003  train_log_mse=0.02660  val_log_mse=0.22673  val_mse=0.001601  max_grad=10.50  patience=0/30
2026-10-08 14:02:33,539  gsv3.training             INFO     [group_holdout:variational] epoch 0004  train_log_mse=0.02033  val_log_mse=0.17115  val_mse=0.001264  max_grad=2.52  patience=0/30
2026-10-08 14:03:30,121  gsv3.training             INFO     [group_holdout:variational] epoch 0005  train_log_mse=0.01612  val_log_mse=0.21664  val_mse=0.001272  max_grad=9.02  patience=1/30
2026-10-08 14:04:26,382  gsv3.training             INFO     [group_holdout:variational] epoch 0006  train_log_mse=0.01480  val_log_mse=0.12189  val_mse=0.001025  max_grad=13.12  patience=0/30
2026-10-08 14:05:22,941  gsv3.training             INFO     [group_holdout:variational] epoch 0007  train_log_mse=0.01402  val_log_mse=0.12225  val_mse=0.000941  max_grad=5.62  patience=0/30
2026-10-08 14:06:19,663  gsv3.training             INFO     [group_holdout:variational] epoch 0008  train_log_mse=0.01261  val_log_mse=0.10893  val_mse=0.001202  max_grad=1.52  patience=1/30
2026-10-08 14:07:16,164  gsv3.training             INFO     [group_holdout:variational] epoch 0009  train_log_mse=0.01009  val_log_mse=0.09178  val_mse=0.000918  max_grad=1.97  patience=0/30
2026-10-08 14:08:13,281  gsv3.training             INFO     [group_holdout:variational] epoch 0010  train_log_mse=0.00957  val_log_mse=0.17058  val_mse=0.000947  max_grad=1.68  patience=1/30
2026-10-08 14:09:10,315  gsv3.training             INFO     [group_holdout:variational] epoch 0011  train_log_mse=0.01095  val_log_mse=0.08400  val_mse=0.000842  max_grad=2.48  patience=0/30
2026-10-08 14:10:08,000  gsv3.training             INFO     [group_holdout:variational] epoch 0012  train_log_mse=0.00945  val_log_mse=0.07721  val_mse=0.000707  max_grad=6.06  patience=0/30
2026-10-08 14:11:05,621  gsv3.training             INFO     [group_holdout:variational] epoch 0013  train_log_mse=0.00879  val_log_mse=0.09956  val_mse=0.000705  max_grad=1.05  patience=0/30
2026-10-08 14:12:03,192  gsv3.training             INFO     [group_holdout:variational] epoch 0014  train_log_mse=0.00726  val_log_mse=0.13296  val_mse=0.000902  max_grad=0.99  patience=1/30
2026-10-08 14:13:00,405  gsv3.training             INFO     [group_holdout:variational] epoch 0015  train_log_mse=0.00863  val_log_mse=0.08625  val_mse=0.000648  max_grad=0.97  patience=0/30
