2026-10-07 21:45:57,312  genstudy.io               INFO     Logging to evaluations/generalization_v3/results/xattn_a00/size_extrapolation/run.log
2026-10-07 21:45:57,312  run_experiment            INFO     Command line: evaluations/generalization_v3/scripts/run_experiment.py size --model xattn --balance-alpha 0 --lr 3e-4 --grad-clip 1.0 --results-dir evaluations/generalization_v3/results/xattn_a00
2026-10-07 21:45:57,587  gsv2.gpu                  INFO     GPU: NVIDIA H200
2026-10-07 21:45:57,588  gsv3.model                INFO     Hyper-parameters (/home/atudisco/pred-distr-tool/src/model/best_params.json + v3 defaults): {'device_hidden': 64, 'device_layers': 3, 'fusion_dim': 128, 'qubit_layers': 2, 'attn_heads': 4, 'lap_pe': 8, 'cost_bias_init': -6.0, 'hidden_dim': 142, 'num_conv_wo_resnet': 3, 'num_resnet_layers': 1, 'dropout': 0.0, 'bidirectional': True, 'mlp': [512, 256, 128], 'lr': 0.001, 'readout': 'meanmaxsum'}
2026-10-07 21:45:57,598  gsv3.devices              INFO     Device graphs with 8 Laplacian PE dims: node features 13
2026-10-07 21:45:57,599  genstudy.data             INFO     Loading graph dataset: /home/atudisco/pred-distr-tool/evaluations/generalization_v3/data/graph_dataset_expected_fidelity.pt
2026-10-07 21:46:00,878  genstudy.data             INFO     Loaded 17056 graphs
2026-10-07 21:46:00,906  genstudy.io               INFO     Wrote evaluations/generalization_v3/results/xattn_a00/size_extrapolation/dataset_summary.json
2026-10-07 21:46:00,908  run_experiment            INFO     [1/1] qmax_14
2026-10-07 21:46:00,911  gsv3.experiment           INFO     === size_holdout / qmax_14 ===
2026-10-07 21:46:00,911  gsv3.experiment           INFO     Size extrapolation: train = 12470 circuits with 2-14 qubits, test = 4586 circuits with 15-20 qubits.
2026-10-07 21:46:00,912  gsv3.experiment           INFO     train=9767  val=2703 ({'mode': 'size', 'val_qubits': [12, 13, 14]})  test=4586
2026-10-07 21:46:01,027  gsv3.training             INFO     [size_holdout:qmax_14] model=xattn (945113 params) train=9767 val=2703 lr=0.0003 clip=1.0 alpha=0.00
2026-10-07 21:46:23,172  gsv3.training             INFO     [size_holdout:qmax_14] epoch 0001  train_log_mse=2.19027  val_log_mse=2.58866  val_mse=0.008431  max_grad=3055.03  patience=0/30
2026-10-07 21:46:43,401  gsv3.training             INFO     [size_holdout:qmax_14] epoch 0002  train_log_mse=0.54787  val_log_mse=2.41282  val_mse=0.004628  max_grad=322.05  patience=0/30
2026-10-07 21:47:03,527  gsv3.training             INFO     [size_holdout:qmax_14] epoch 0003  train_log_mse=0.30294  val_log_mse=2.54083  val_mse=0.002743  max_grad=123.76  patience=0/30
2026-10-07 21:47:23,475  gsv3.training             INFO     [size_holdout:qmax_14] epoch 0004  train_log_mse=0.27118  val_log_mse=3.01783  val_mse=0.001789  max_grad=118.62  patience=0/30
2026-10-07 21:47:44,107  gsv3.training             INFO     [size_holdout:qmax_14] epoch 0005  train_log_mse=0.20125  val_log_mse=1.89535  val_mse=0.002069  max_grad=58.47  patience=1/30
2026-10-07 21:48:04,677  gsv3.training             INFO     [size_holdout:qmax_14] epoch 0006  train_log_mse=0.20294  val_log_mse=2.75702  val_mse=0.001648  max_grad=94.55  patience=0/30
2026-10-07 21:48:24,748  gsv3.training             INFO     [size_holdout:qmax_14] epoch 0007  train_log_mse=0.17382  val_log_mse=2.69602  val_mse=0.001377  max_grad=101.26  patience=0/30
2026-10-07 21:48:44,749  gsv3.training             INFO     [size_holdout:qmax_14] epoch 0008  train_log_mse=0.14963  val_log_mse=2.06893  val_mse=0.002379  max_grad=46.93  patience=1/30
2026-10-07 21:49:04,915  gsv3.training             INFO     [size_holdout:qmax_14] epoch 0009  train_log_mse=0.15427  val_log_mse=3.68378  val_mse=0.001410  max_grad=101.82  patience=2/30
2026-10-07 21:49:25,804  gsv3.training             INFO     [size_holdout:qmax_14] epoch 0010  train_log_mse=0.14878  val_log_mse=1.58097  val_mse=0.002141  max_grad=57.86  patience=3/30
2026-10-07 21:49:45,825  gsv3.training             INFO     [size_holdout:qmax_14] epoch 0011  train_log_mse=0.13242  val_log_mse=1.69095  val_mse=0.001844  max_grad=54.47  patience=4/30
2026-10-07 21:50:06,124  gsv3.training             INFO     [size_holdout:qmax_14] epoch 0012  train_log_mse=0.13113  val_log_mse=2.73939  val_mse=0.001235  max_grad=116.93  patience=0/30
2026-10-07 21:50:26,306  gsv3.training             INFO     [size_holdout:qmax_14] epoch 0013  train_log_mse=0.14510  val_log_mse=2.40014  val_mse=0.001143  max_grad=75.64  patience=0/30
2026-10-07 21:50:46,846  gsv3.training             INFO     [size_holdout:qmax_14] epoch 0014  train_log_mse=0.13010  val_log_mse=3.13026  val_mse=0.001215  max_grad=54.10  patience=1/30
2026-10-07 21:51:07,174  gsv3.training             INFO     [size_holdout:qmax_14] epoch 0015  train_log_mse=0.13308  val_log_mse=2.60757  val_mse=0.001709  max_grad=52.27  patience=2/30
2026-10-07 21:51:27,438  gsv3.training             INFO     [size_holdout:qmax_14] epoch 0016  train_log_mse=0.12430  val_log_mse=3.95129  val_mse=0.000991  max_grad=72.57  patience=0/30
2026-10-07 21:51:47,497  gsv3.training             INFO     [size_holdout:qmax_14] epoch 0017  train_log_mse=0.11102  val_log_mse=2.07970  val_mse=0.001437  max_grad=51.51  patience=1/30
2026-10-07 21:52:07,037  gsv3.training             INFO     [size_holdout:qmax_14] epoch 0018  train_log_mse=0.09915  val_log_mse=3.96882  val_mse=0.001084  max_grad=34.98  patience=2/30
2026-10-07 21:52:23,138  gsv3.training             INFO     [size_holdout:qmax_14] epoch 0019  train_log_mse=0.11217  val_log_mse=2.72926  val_mse=0.001447  max_grad=51.05  patience=3/30
2026-10-07 21:52:38,596  gsv3.training             INFO     [size_holdout:qmax_14] epoch 0020  train_log_mse=0.09730  val_log_mse=2.11579  val_mse=0.001399  max_grad=35.08  patience=4/30
2026-10-07 21:52:54,268  gsv3.training             INFO     [size_holdout:qmax_14] epoch 0021  train_log_mse=0.10455  val_log_mse=3.42112  val_mse=0.001045  max_grad=68.10  patience=5/30
2026-10-07 21:53:09,914  gsv3.training             INFO     [size_holdout:qmax_14] epoch 0022  train_log_mse=0.09262  val_log_mse=2.98601  val_mse=0.000941  max_grad=34.96  patience=0/30
2026-10-07 21:53:26,304  gsv3.training             INFO     [size_holdout:qmax_14] epoch 0023  train_log_mse=0.09063  val_log_mse=3.66005  val_mse=0.000892  max_grad=36.19  patience=0/30
2026-10-07 21:53:41,880  gsv3.training             INFO     [size_holdout:qmax_14] epoch 0024  train_log_mse=0.10784  val_log_mse=4.85287  val_mse=0.001092  max_grad=95.96  patience=1/30
2026-10-07 21:53:57,279  gsv3.training             INFO     [size_holdout:qmax_14] epoch 0025  train_log_mse=0.09119  val_log_mse=1.57432  val_mse=0.001108  max_grad=45.27  patience=2/30
2026-10-07 21:54:12,784  gsv3.training             INFO     [size_holdout:qmax_14] epoch 0026  train_log_mse=0.10340  val_log_mse=4.26673  val_mse=0.001063  max_grad=66.52  patience=3/30
2026-10-07 21:54:28,809  gsv3.training             INFO     [size_holdout:qmax_14] epoch 0027  train_log_mse=0.08422  val_log_mse=2.94425  val_mse=0.000877  max_grad=36.75  patience=0/30
2026-10-07 21:54:44,655  gsv3.training             INFO     [size_holdout:qmax_14] epoch 0028  train_log_mse=0.08718  val_log_mse=2.17356  val_mse=0.001054  max_grad=36.64  patience=1/30
2026-10-07 21:55:00,180  gsv3.training             INFO     [size_holdout:qmax_14] epoch 0029  train_log_mse=0.07700  val_log_mse=2.96415  val_mse=0.000887  max_grad=30.01  patience=2/30
2026-10-07 21:55:15,872  gsv3.training             INFO     [size_holdout:qmax_14] epoch 0030  train_log_mse=0.07340  val_log_mse=2.36115  val_mse=0.001284  max_grad=34.53  patience=3/30
2026-10-07 21:55:31,690  gsv3.training             INFO     [size_holdout:qmax_14] epoch 0031  train_log_mse=0.07495  val_log_mse=2.40629  val_mse=0.000886  max_grad=23.98  patience=4/30
2026-10-07 21:55:48,041  gsv3.training             INFO     [size_holdout:qmax_14] epoch 0032  train_log_mse=0.07709  val_log_mse=1.95807  val_mse=0.001062  max_grad=24.25  patience=5/30
2026-10-07 21:55:59,633  gsv3.training             INFO     [size_holdout:qmax_14] epoch 0033  train_log_mse=0.07031  val_log_mse=4.68910  val_mse=0.000904  max_grad=32.85  patience=6/30
2026-10-07 21:56:10,676  gsv3.training             INFO     [size_holdout:qmax_14] epoch 0034  train_log_mse=0.07280  val_log_mse=2.36856  val_mse=0.000939  max_grad=24.87  patience=7/30
2026-10-07 21:56:21,619  gsv3.training             INFO     [size_holdout:qmax_14] epoch 0035  train_log_mse=0.06900  val_log_mse=2.37304  val_mse=0.000845  max_grad=62.70  patience=0/30
2026-10-07 21:56:33,528  gsv3.training             INFO     [size_holdout:qmax_14] epoch 0036  train_log_mse=0.07112  val_log_mse=3.61101  val_mse=0.001082  max_grad=52.67  patience=1/30
2026-10-07 21:56:39,695  gsv3.training             INFO     [size_holdout:qmax_14] epoch 0037  train_log_mse=0.06547  val_log_mse=2.51097  val_mse=0.000840  max_grad=38.29  patience=0/30
2026-10-07 21:56:44,946  gsv3.training             INFO     [size_holdout:qmax_14] epoch 0038  train_log_mse=0.06380  val_log_mse=3.73922  val_mse=0.001561  max_grad=30.27  patience=1/30
2026-10-07 21:56:50,285  gsv3.training             INFO     [size_holdout:qmax_14] epoch 0039  train_log_mse=0.06122  val_log_mse=2.42199  val_mse=0.001210  max_grad=29.83  patience=2/30
2026-10-07 21:56:55,564  gsv3.training             INFO     [size_holdout:qmax_14] epoch 0040  train_log_mse=0.06753  val_log_mse=2.35746  val_mse=0.000817  max_grad=42.94  patience=0/30
2026-10-07 21:57:00,805  gsv3.training             INFO     [size_holdout:qmax_14] epoch 0041  train_log_mse=0.05669  val_log_mse=2.37067  val_mse=0.000877  max_grad=24.83  patience=1/30
2026-10-07 21:57:06,027  gsv3.training             INFO     [size_holdout:qmax_14] epoch 0042  train_log_mse=0.05567  val_log_mse=1.71384  val_mse=0.000849  max_grad=29.43  patience=2/30
2026-10-07 21:57:11,205  gsv3.training             INFO     [size_holdout:qmax_14] epoch 0043  train_log_mse=0.05440  val_log_mse=2.33174  val_mse=0.000871  max_grad=29.56  patience=3/30
2026-10-07 21:57:16,433  gsv3.training             INFO     [size_holdout:qmax_14] epoch 0044  train_log_mse=0.05659  val_log_mse=1.80554  val_mse=0.000764  max_grad=24.59  patience=0/30
2026-10-07 21:57:21,655  gsv3.training             INFO     [size_holdout:qmax_14] epoch 0045  train_log_mse=0.05225  val_log_mse=2.70647  val_mse=0.001461  max_grad=30.01  patience=1/30
2026-10-07 21:57:26,879  gsv3.training             INFO     [size_holdout:qmax_14] epoch 0046  train_log_mse=0.05376  val_log_mse=3.28639  val_mse=0.000731  max_grad=23.54  patience=0/30
2026-10-07 21:57:32,102  gsv3.training             INFO     [size_holdout:qmax_14] epoch 0047  train_log_mse=0.05185  val_log_mse=2.86416  val_mse=0.000740  max_grad=22.44  patience=1/30
2026-10-07 21:57:37,310  gsv3.training             INFO     [size_holdout:qmax_14] epoch 0048  train_log_mse=0.05010  val_log_mse=1.95208  val_mse=0.000851  max_grad=22.00  patience=2/30
2026-10-07 21:57:42,531  gsv3.training             INFO     [size_holdout:qmax_14] epoch 0049  train_log_mse=0.04809  val_log_mse=2.26197  val_mse=0.000832  max_grad=37.07  patience=3/30
2026-10-07 21:57:47,709  gsv3.training             INFO     [size_holdout:qmax_14] epoch 0050  train_log_mse=0.04876  val_log_mse=2.00120  val_mse=0.000738  max_grad=32.45  patience=4/30
2026-10-07 21:57:52,870  gsv3.training             INFO     [size_holdout:qmax_14] epoch 0051  train_log_mse=0.04821  val_log_mse=2.45534  val_mse=0.000719  max_grad=21.78  patience=0/30
2026-10-07 21:57:58,054  gsv3.training             INFO     [size_holdout:qmax_14] epoch 0052  train_log_mse=0.05511  val_log_mse=2.63253  val_mse=0.000805  max_grad=27.78  patience=1/30
2026-10-07 21:58:03,213  gsv3.training             INFO     [size_holdout:qmax_14] epoch 0053  train_log_mse=0.05215  val_log_mse=3.01866  val_mse=0.000680  max_grad=34.82  patience=0/30
2026-10-07 21:58:08,403  gsv3.training             INFO     [size_holdout:qmax_14] epoch 0054  train_log_mse=0.04897  val_log_mse=1.72197  val_mse=0.001107  max_grad=22.88  patience=1/30
2026-10-07 21:58:13,661  gsv3.training             INFO     [size_holdout:qmax_14] epoch 0055  train_log_mse=0.05292  val_log_mse=2.41239  val_mse=0.000777  max_grad=32.92  patience=2/30
2026-10-07 21:58:18,870  gsv3.training             INFO     [size_holdout:qmax_14] epoch 0056  train_log_mse=0.04570  val_log_mse=3.14186  val_mse=0.000730  max_grad=23.94  patience=3/30
2026-10-07 21:58:24,053  gsv3.training             INFO     [size_holdout:qmax_14] epoch 0057  train_log_mse=0.04622  val_log_mse=1.82524  val_mse=0.000708  max_grad=20.28  patience=4/30
2026-10-07 21:58:29,248  gsv3.training             INFO     [size_holdout:qmax_14] epoch 0058  train_log_mse=0.05451  val_log_mse=2.05590  val_mse=0.000761  max_grad=34.50  patience=5/30
2026-10-07 21:58:34,447  gsv3.training             INFO     [size_holdout:qmax_14] epoch 0059  train_log_mse=0.05091  val_log_mse=2.93338  val_mse=0.000587  max_grad=21.68  patience=0/30
2026-10-07 21:58:39,642  gsv3.training             INFO     [size_holdout:qmax_14] epoch 0060  train_log_mse=0.04261  val_log_mse=3.25802  val_mse=0.000690  max_grad=20.80  patience=1/30
2026-10-07 21:58:44,839  gsv3.training             INFO     [size_holdout:qmax_14] epoch 0061  train_log_mse=0.04594  val_log_mse=1.69482  val_mse=0.000757  max_grad=24.99  patience=2/30
2026-10-07 21:58:50,041  gsv3.training             INFO     [size_holdout:qmax_14] epoch 0062  train_log_mse=0.04635  val_log_mse=2.51669  val_mse=0.000665  max_grad=37.39  patience=3/30
2026-10-07 21:58:55,486  gsv3.training             INFO     [size_holdout:qmax_14] epoch 0063  train_log_mse=0.04380  val_log_mse=1.84115  val_mse=0.000611  max_grad=22.68  patience=4/30
2026-10-07 21:59:00,808  gsv3.training             INFO     [size_holdout:qmax_14] epoch 0064  train_log_mse=0.04453  val_log_mse=2.67572  val_mse=0.000702  max_grad=24.10  patience=5/30
2026-10-07 21:59:06,007  gsv3.training             INFO     [size_holdout:qmax_14] epoch 0065  train_log_mse=0.04402  val_log_mse=4.91027  val_mse=0.000938  max_grad=44.66  patience=6/30
2026-10-07 21:59:11,207  gsv3.training             INFO     [size_holdout:qmax_14] epoch 0066  train_log_mse=0.04914  val_log_mse=2.01440  val_mse=0.000816  max_grad=36.37  patience=7/30
2026-10-07 21:59:16,500  gsv3.training             INFO     [size_holdout:qmax_14] epoch 0067  train_log_mse=0.04175  val_log_mse=2.68065  val_mse=0.000589  max_grad=25.33  patience=8/30
2026-10-07 21:59:21,689  gsv3.training             INFO     [size_holdout:qmax_14] epoch 0068  train_log_mse=0.04414  val_log_mse=1.94356  val_mse=0.000684  max_grad=21.00  patience=9/30
2026-10-07 21:59:26,868  gsv3.training             INFO     [size_holdout:qmax_14] epoch 0069  train_log_mse=0.04286  val_log_mse=3.42811  val_mse=0.000776  max_grad=29.37  patience=10/30
2026-10-07 21:59:32,038  gsv3.training             INFO     [size_holdout:qmax_14] epoch 0070  train_log_mse=0.03697  val_log_mse=2.87437  val_mse=0.000921  max_grad=25.40  patience=11/30
2026-10-07 21:59:37,220  gsv3.training             INFO     [size_holdout:qmax_14] epoch 0071  train_log_mse=0.04783  val_log_mse=3.18509  val_mse=0.000594  max_grad=35.33  patience=12/30
2026-10-07 21:59:42,393  gsv3.training             INFO     [size_holdout:qmax_14] epoch 0072  train_log_mse=0.04379  val_log_mse=2.93552  val_mse=0.000596  max_grad=24.61  patience=13/30
2026-10-07 21:59:47,551  gsv3.training             INFO     [size_holdout:qmax_14] epoch 0073  train_log_mse=0.04109  val_log_mse=2.11043  val_mse=0.000552  max_grad=22.13  patience=0/30
2026-10-07 21:59:52,732  gsv3.training             INFO     [size_holdout:qmax_14] epoch 0074  train_log_mse=0.03807  val_log_mse=1.87931  val_mse=0.000609  max_grad=21.94  patience=1/30
2026-10-07 21:59:57,897  gsv3.training             INFO     [size_holdout:qmax_14] epoch 0075  train_log_mse=0.04303  val_log_mse=1.62768  val_mse=0.000640  max_grad=25.32  patience=2/30
2026-10-07 22:00:03,058  gsv3.training             INFO     [size_holdout:qmax_14] epoch 0076  train_log_mse=0.04029  val_log_mse=1.76238  val_mse=0.000582  max_grad=18.53  patience=3/30
2026-10-07 22:00:08,216  gsv3.training             INFO     [size_holdout:qmax_14] epoch 0077  train_log_mse=0.03990  val_log_mse=2.83836  val_mse=0.000488  max_grad=22.57  patience=0/30
2026-10-07 22:00:13,376  gsv3.training             INFO     [size_holdout:qmax_14] epoch 0078  train_log_mse=0.04037  val_log_mse=2.27211  val_mse=0.000584  max_grad=25.34  patience=1/30
2026-10-07 22:00:18,548  gsv3.training             INFO     [size_holdout:qmax_14] epoch 0079  train_log_mse=0.03698  val_log_mse=2.51616  val_mse=0.000604  max_grad=18.24  patience=2/30
2026-10-07 22:00:23,732  gsv3.training             INFO     [size_holdout:qmax_14] epoch 0080  train_log_mse=0.04169  val_log_mse=1.84417  val_mse=0.000675  max_grad=23.65  patience=3/30
2026-10-07 22:00:28,882  gsv3.training             INFO     [size_holdout:qmax_14] epoch 0081  train_log_mse=0.04686  val_log_mse=1.61347  val_mse=0.000558  max_grad=22.66  patience=4/30
2026-10-07 22:00:34,055  gsv3.training             INFO     [size_holdout:qmax_14] epoch 0082  train_log_mse=0.03766  val_log_mse=2.07593  val_mse=0.000599  max_grad=20.01  patience=5/30
2026-10-07 22:00:39,226  gsv3.training             INFO     [size_holdout:qmax_14] epoch 0083  train_log_mse=0.03776  val_log_mse=2.51221  val_mse=0.000573  max_grad=30.00  patience=6/30
2026-10-07 22:00:44,402  gsv3.training             INFO     [size_holdout:qmax_14] epoch 0084  train_log_mse=0.03938  val_log_mse=2.24936  val_mse=0.000547  max_grad=23.24  patience=7/30
2026-10-07 22:00:49,583  gsv3.training             INFO     [size_holdout:qmax_14] epoch 0085  train_log_mse=0.04188  val_log_mse=2.23094  val_mse=0.000568  max_grad=30.24  patience=8/30
2026-10-07 22:00:54,760  gsv3.training             INFO     [size_holdout:qmax_14] epoch 0086  train_log_mse=0.03873  val_log_mse=2.69009  val_mse=0.000617  max_grad=27.55  patience=9/30
2026-10-07 22:00:59,928  gsv3.training             INFO     [size_holdout:qmax_14] epoch 0087  train_log_mse=0.03561  val_log_mse=2.08984  val_mse=0.000730  max_grad=102.52  patience=10/30
2026-10-07 22:01:05,099  gsv3.training             INFO     [size_holdout:qmax_14] epoch 0088  train_log_mse=0.03737  val_log_mse=2.18427  val_mse=0.000741  max_grad=23.18  patience=11/30
2026-10-07 22:01:10,288  gsv3.training             INFO     [size_holdout:qmax_14] epoch 0089  train_log_mse=0.03878  val_log_mse=2.57634  val_mse=0.000633  max_grad=27.89  patience=12/30
2026-10-07 22:01:15,456  gsv3.training             INFO     [size_holdout:qmax_14] epoch 0090  train_log_mse=0.04030  val_log_mse=2.67059  val_mse=0.000562  max_grad=31.11  patience=13/30
2026-10-07 22:01:20,634  gsv3.training             INFO     [size_holdout:qmax_14] epoch 0091  train_log_mse=0.03455  val_log_mse=1.99987  val_mse=0.000555  max_grad=20.21  patience=14/30
2026-10-07 22:01:25,828  gsv3.training             INFO     [size_holdout:qmax_14] epoch 0092  train_log_mse=0.03745  val_log_mse=2.20992  val_mse=0.000605  max_grad=21.37  patience=15/30
2026-10-07 22:01:31,011  gsv3.training             INFO     [size_holdout:qmax_14] epoch 0093  train_log_mse=0.03494  val_log_mse=2.13599  val_mse=0.000508  max_grad=18.21  patience=16/30
2026-10-07 22:01:36,226  gsv3.training             INFO     [size_holdout:qmax_14] epoch 0094  train_log_mse=0.03560  val_log_mse=1.79963  val_mse=0.000745  max_grad=22.15  patience=17/30
2026-10-07 22:01:41,422  gsv3.training             INFO     [size_holdout:qmax_14] epoch 0095  train_log_mse=0.03819  val_log_mse=2.15640  val_mse=0.000512  max_grad=23.95  patience=18/30
2026-10-07 22:01:46,631  gsv3.training             INFO     [size_holdout:qmax_14] epoch 0096  train_log_mse=0.03451  val_log_mse=3.45541  val_mse=0.000752  max_grad=19.39  patience=19/30
2026-10-07 22:01:51,832  gsv3.training             INFO     [size_holdout:qmax_14] epoch 0097  train_log_mse=0.03165  val_log_mse=2.24410  val_mse=0.000569  max_grad=15.98  patience=20/30
2026-10-07 22:01:57,031  gsv3.training             INFO     [size_holdout:qmax_14] epoch 0098  train_log_mse=0.03414  val_log_mse=1.72384  val_mse=0.000511  max_grad=16.33  patience=21/30
2026-10-07 22:02:02,220  gsv3.training             INFO     [size_holdout:qmax_14] epoch 0099  train_log_mse=0.03563  val_log_mse=1.97046  val_mse=0.000711  max_grad=18.55  patience=22/30
2026-10-07 22:02:07,420  gsv3.training             INFO     [size_holdout:qmax_14] epoch 0100  train_log_mse=0.03158  val_log_mse=1.51952  val_mse=0.000776  max_grad=33.62  patience=23/30
2026-10-07 22:02:12,625  gsv3.training             INFO     [size_holdout:qmax_14] epoch 0101  train_log_mse=0.03302  val_log_mse=1.66352  val_mse=0.001112  max_grad=25.03  patience=24/30
2026-10-07 22:02:17,834  gsv3.training             INFO     [size_holdout:qmax_14] epoch 0102  train_log_mse=nan  val_log_mse=nan  val_mse=nan  max_grad=inf  patience=25/30
2026-10-07 22:02:23,035  gsv3.training             INFO     [size_holdout:qmax_14] epoch 0103  train_log_mse=nan  val_log_mse=nan  val_mse=nan  max_grad=0.00  patience=26/30
2026-10-07 22:02:28,240  gsv3.training             INFO     [size_holdout:qmax_14] epoch 0104  train_log_mse=nan  val_log_mse=nan  val_mse=nan  max_grad=0.00  patience=27/30
2026-10-07 22:02:33,449  gsv3.training             INFO     [size_holdout:qmax_14] epoch 0105  train_log_mse=nan  val_log_mse=nan  val_mse=nan  max_grad=0.00  patience=28/30
2026-10-07 22:02:38,650  gsv3.training             INFO     [size_holdout:qmax_14] epoch 0106  train_log_mse=nan  val_log_mse=nan  val_mse=nan  max_grad=0.00  patience=29/30
2026-10-07 22:02:43,833  gsv3.training             INFO     [size_holdout:qmax_14] epoch 0107  train_log_mse=nan  val_log_mse=nan  val_mse=nan  max_grad=0.00  patience=30/30
2026-10-07 22:02:45,157  gsv3.experiment           INFO     [qmax_14] TEST  n=4586  MAE=0.0244  R2=0.9018  device-acc=0.745  regret=0.0060
2026-10-07 22:02:45,160  genstudy.io               INFO     Wrote evaluations/generalization_v3/results/xattn_a00/size_extrapolation/qmax_14/metrics.json
2026-10-07 22:02:45,186  genstudy.io               INFO     Wrote evaluations/generalization_v3/results/xattn_a00/size_extrapolation/qmax_14/predictions.json
2026-10-07 22:02:45,197  genstudy.io               INFO     Wrote evaluations/generalization_v3/results/xattn_a00/size_extrapolation/qmax_14/history.json
2026-10-07 22:02:45,241  run_experiment            INFO     size_extrapolation finished: 1 complete, 0 skipped
2026-10-07 22:40:44,467  genstudy.io               INFO     Logging to evaluations/generalization_v3/results/xattn_a00/size_extrapolation/run.log
2026-10-07 22:40:44,468  run_experiment            INFO     Command line: evaluations/generalization_v3/scripts/run_experiment.py size --model xattn --balance-alpha 0 --lr 3e-4 --grad-clip 1.0 --results-dir evaluations/generalization_v3/results/xattn_a00
2026-10-07 22:40:44,468  gsv2.gpu                  WARNING  No CUDA device available — running on the CPU.
2026-10-07 22:40:44,468  gsv3.model                INFO     Hyper-parameters (/home/atudisco/pred-distr-tool/src/model/best_params.json + v3 defaults): {'device_hidden': 64, 'device_layers': 3, 'fusion_dim': 128, 'qubit_layers': 2, 'attn_heads': 4, 'lap_pe': 8, 'cost_bias_init': -6.0, 'hidden_dim': 142, 'num_conv_wo_resnet': 3, 'num_resnet_layers': 1, 'dropout': 0.0, 'bidirectional': True, 'mlp': [512, 256, 128], 'lr': 0.001, 'readout': 'meanmaxsum'}
2026-10-07 22:40:44,478  gsv3.devices              INFO     Device graphs with 8 Laplacian PE dims: node features 13
2026-10-07 22:40:44,479  genstudy.data             INFO     Loading graph dataset: /home/atudisco/pred-distr-tool/evaluations/generalization_v3/data/graph_dataset_expected_fidelity.pt
2026-10-07 22:40:48,206  genstudy.data             INFO     Loaded 17056 graphs
2026-10-07 22:40:48,236  genstudy.io               INFO     Wrote evaluations/generalization_v3/results/xattn_a00/size_extrapolation/dataset_summary.json
2026-10-07 22:40:48,240  run_experiment            INFO     [1/1] qmax_14 already done — skipping
2026-10-07 22:40:48,240  run_experiment            INFO     size_extrapolation finished: 1 complete, 0 skipped
2026-10-07 22:45:12,215  genstudy.io               INFO     Logging to evaluations/generalization_v3/results/xattn_a00/size_extrapolation/run.log
2026-10-07 22:45:12,215  run_experiment            INFO     Command line: evaluations/generalization_v3/scripts/run_experiment.py size --model xattn --balance-alpha 0 --lr 3e-4 --grad-clip 1.0 --results-dir evaluations/generalization_v3/results/xattn_a00
2026-10-07 22:45:12,215  gsv2.gpu                  WARNING  No CUDA device available — running on the CPU.
2026-10-07 22:45:12,216  gsv3.model                INFO     Hyper-parameters (/home/atudisco/pred-distr-tool/src/model/best_params.json + v3 defaults): {'device_hidden': 64, 'device_layers': 3, 'fusion_dim': 128, 'qubit_layers': 2, 'attn_heads': 4, 'lap_pe': 8, 'cost_bias_init': -6.0, 'hidden_dim': 142, 'num_conv_wo_resnet': 3, 'num_resnet_layers': 1, 'dropout': 0.0, 'bidirectional': True, 'mlp': [512, 256, 128], 'lr': 0.001, 'readout': 'meanmaxsum'}
2026-10-07 22:45:12,225  gsv3.devices              INFO     Device graphs with 8 Laplacian PE dims: node features 13
2026-10-07 22:45:12,226  genstudy.data             INFO     Loading graph dataset: /home/atudisco/pred-distr-tool/evaluations/generalization_v3/data/graph_dataset_expected_fidelity.pt
2026-10-07 22:45:15,499  genstudy.data             INFO     Loaded 17056 graphs
2026-10-07 22:45:15,541  genstudy.io               INFO     Wrote evaluations/generalization_v3/results/xattn_a00/size_extrapolation/dataset_summary.json
2026-10-07 22:45:15,543  run_experiment            INFO     [1/1] qmax_14 already done — skipping
2026-10-07 22:45:15,543  run_experiment            INFO     size_extrapolation finished: 1 complete, 0 skipped
2026-10-07 22:53:45,841  genstudy.io               INFO     Logging to evaluations/generalization_v3/results/xattn_a00/size_extrapolation/run.log
2026-10-07 22:53:45,841  run_experiment            INFO     Command line: evaluations/generalization_v3/scripts/run_experiment.py size --model xattn --balance-alpha 0 --lr 3e-4 --grad-clip 1.0 --results-dir evaluations/generalization_v3/results/xattn_a00
2026-10-07 22:53:45,841  gsv2.gpu                  WARNING  No CUDA device available — running on the CPU.
2026-10-07 22:53:45,842  gsv3.model                INFO     Hyper-parameters (/home/atudisco/pred-distr-tool/src/model/best_params.json + v3 defaults): {'device_hidden': 64, 'device_layers': 3, 'fusion_dim': 128, 'qubit_layers': 2, 'attn_heads': 4, 'lap_pe': 8, 'cost_bias_init': -6.0, 'hidden_dim': 142, 'num_conv_wo_resnet': 3, 'num_resnet_layers': 1, 'dropout': 0.0, 'bidirectional': True, 'mlp': [512, 256, 128], 'lr': 0.001, 'readout': 'meanmaxsum'}
2026-10-07 22:53:45,895  gsv3.devices              INFO     Device graphs with 8 Laplacian PE dims: node features 13
2026-10-07 22:53:45,897  genstudy.data             INFO     Loading graph dataset: /home/atudisco/pred-distr-tool/evaluations/generalization_v3/data/graph_dataset_expected_fidelity.pt
2026-10-07 22:53:52,777  genstudy.data             INFO     Loaded 17056 graphs
2026-10-07 22:53:52,827  genstudy.io               INFO     Wrote evaluations/generalization_v3/results/xattn_a00/size_extrapolation/dataset_summary.json
2026-10-07 22:53:52,832  run_experiment            INFO     [1/1] qmax_14 already done — skipping
2026-10-07 22:53:52,832  run_experiment            INFO     size_extrapolation finished: 1 complete, 0 skipped
2026-10-07 23:45:20,833  genstudy.io               INFO     Logging to evaluations/generalization_v3/results/xattn_a00/size_extrapolation/run.log
2026-10-07 23:45:20,833  run_experiment            INFO     Command line: evaluations/generalization_v3/scripts/run_experiment.py size --model xattn --balance-alpha 0 --lr 3e-4 --grad-clip 1.0 --results-dir evaluations/generalization_v3/results/xattn_a00
2026-10-07 23:45:20,833  gsv2.gpu                  WARNING  No CUDA device available — running on the CPU.
2026-10-07 23:45:20,834  gsv3.model                INFO     Hyper-parameters (/home/atudisco/pred-distr-tool/src/model/best_params.json + v3 defaults): {'device_hidden': 64, 'device_layers': 3, 'fusion_dim': 128, 'qubit_layers': 2, 'attn_heads': 4, 'lap_pe': 8, 'cost_bias_init': -6.0, 'hidden_dim': 142, 'num_conv_wo_resnet': 3, 'num_resnet_layers': 1, 'dropout': 0.0, 'bidirectional': True, 'mlp': [512, 256, 128], 'lr': 0.001, 'readout': 'meanmaxsum'}
2026-10-07 23:45:20,849  gsv3.devices              INFO     Device graphs with 8 Laplacian PE dims: node features 13
2026-10-07 23:45:20,850  genstudy.data             INFO     Loading graph dataset: /home/atudisco/pred-distr-tool/evaluations/generalization_v3/data/graph_dataset_expected_fidelity.pt
2026-10-07 23:45:24,742  genstudy.data             INFO     Loaded 17056 graphs
2026-10-07 23:45:24,786  genstudy.io               INFO     Wrote evaluations/generalization_v3/results/xattn_a00/size_extrapolation/dataset_summary.json
2026-10-07 23:45:24,790  run_experiment            INFO     [1/1] qmax_14 already done — skipping
2026-10-07 23:45:24,790  run_experiment            INFO     size_extrapolation finished: 1 complete, 0 skipped
2026-10-07 23:59:37,425  genstudy.io               INFO     Logging to evaluations/generalization_v3/results/xattn_a00/size_extrapolation/run.log
2026-10-07 23:59:37,425  run_experiment            INFO     Command line: evaluations/generalization_v3/scripts/run_experiment.py size --model xattn --balance-alpha 0 --lr 3e-4 --grad-clip 1.0 --results-dir evaluations/generalization_v3/results/xattn_a00
2026-10-07 23:59:37,605  gsv2.gpu                  INFO     GPU: NVIDIA A100 80GB PCIe
2026-10-07 23:59:37,606  gsv3.model                INFO     Hyper-parameters (/home/atudisco/pred-distr-tool/src/model/best_params.json + v3 defaults): {'device_hidden': 64, 'device_layers': 3, 'fusion_dim': 128, 'qubit_layers': 2, 'attn_heads': 4, 'lap_pe': 8, 'cost_bias_init': -6.0, 'hidden_dim': 142, 'num_conv_wo_resnet': 3, 'num_resnet_layers': 1, 'dropout': 0.0, 'bidirectional': True, 'mlp': [512, 256, 128], 'lr': 0.001, 'readout': 'meanmaxsum'}
2026-10-07 23:59:37,614  gsv3.devices              INFO     Device graphs with 8 Laplacian PE dims: node features 13
2026-10-07 23:59:37,615  genstudy.data             INFO     Loading graph dataset: /home/atudisco/pred-distr-tool/evaluations/generalization_v3/data/graph_dataset_expected_fidelity.pt
2026-10-07 23:59:40,590  genstudy.data             INFO     Loaded 17056 graphs
2026-10-07 23:59:40,614  genstudy.io               INFO     Wrote evaluations/generalization_v3/results/xattn_a00/size_extrapolation/dataset_summary.json
2026-10-07 23:59:40,617  run_experiment            INFO     [1/1] qmax_14 already done — skipping
2026-10-07 23:59:40,617  run_experiment            INFO     size_extrapolation finished: 1 complete, 0 skipped
2026-10-08 00:12:14,409  genstudy.io               INFO     Logging to evaluations/generalization_v3/results/xattn_a00/size_extrapolation/run.log
2026-10-08 00:12:14,410  run_experiment            INFO     Command line: evaluations/generalization_v3/scripts/run_experiment.py size --model xattn --balance-alpha 0 --lr 3e-4 --grad-clip 1.0 --results-dir evaluations/generalization_v3/results/xattn_a00
2026-10-08 00:12:14,590  gsv2.gpu                  INFO     GPU: NVIDIA H200
2026-10-08 00:12:14,591  gsv3.model                INFO     Hyper-parameters (/home/atudisco/pred-distr-tool/src/model/best_params.json + v3 defaults): {'device_hidden': 64, 'device_layers': 3, 'fusion_dim': 128, 'qubit_layers': 2, 'attn_heads': 4, 'lap_pe': 8, 'cost_bias_init': -6.0, 'hidden_dim': 142, 'num_conv_wo_resnet': 3, 'num_resnet_layers': 1, 'dropout': 0.0, 'bidirectional': True, 'mlp': [512, 256, 128], 'lr': 0.001, 'readout': 'meanmaxsum'}
2026-10-08 00:12:14,599  gsv3.devices              INFO     Device graphs with 8 Laplacian PE dims: node features 13
2026-10-08 00:12:14,600  genstudy.data             INFO     Loading graph dataset: /home/atudisco/pred-distr-tool/evaluations/generalization_v3/data/graph_dataset_expected_fidelity.pt
2026-10-08 00:12:17,877  genstudy.data             INFO     Loaded 17056 graphs
2026-10-08 00:12:17,903  genstudy.io               INFO     Wrote evaluations/generalization_v3/results/xattn_a00/size_extrapolation/dataset_summary.json
2026-10-08 00:12:17,906  run_experiment            INFO     [1/1] qmax_14 already done — skipping
2026-10-08 00:12:17,906  run_experiment            INFO     size_extrapolation finished: 1 complete, 0 skipped
2026-10-08 00:39:30,986  genstudy.io               INFO     Logging to evaluations/generalization_v3/results/xattn_a00/size_extrapolation/run.log
2026-10-08 00:39:30,986  run_experiment            INFO     Command line: evaluations/generalization_v3/scripts/run_experiment.py size --model xattn --balance-alpha 0 --lr 3e-4 --grad-clip 1.0 --results-dir evaluations/generalization_v3/results/xattn_a00
2026-10-08 00:39:30,986  gsv2.gpu                  WARNING  No CUDA device available — running on the CPU.
2026-10-08 00:39:30,987  gsv3.model                INFO     Hyper-parameters (/home/atudisco/pred-distr-tool/src/model/best_params.json + v3 defaults): {'device_hidden': 64, 'device_layers': 3, 'fusion_dim': 128, 'qubit_layers': 2, 'attn_heads': 4, 'lap_pe': 8, 'cost_bias_init': -6.0, 'hidden_dim': 142, 'num_conv_wo_resnet': 3, 'num_resnet_layers': 1, 'dropout': 0.0, 'bidirectional': True, 'mlp': [512, 256, 128], 'lr': 0.001, 'readout': 'meanmaxsum'}
2026-10-08 00:39:30,997  gsv3.devices              INFO     Device graphs with 8 Laplacian PE dims: node features 13
2026-10-08 00:39:30,998  genstudy.data             INFO     Loading graph dataset: /home/atudisco/pred-distr-tool/evaluations/generalization_v3/data/graph_dataset_expected_fidelity.pt
2026-10-08 00:39:34,689  genstudy.data             INFO     Loaded 17056 graphs
2026-10-08 00:39:34,726  genstudy.io               INFO     Wrote evaluations/generalization_v3/results/xattn_a00/size_extrapolation/dataset_summary.json
2026-10-08 00:39:34,729  run_experiment            INFO     [1/1] qmax_14 already done — skipping
2026-10-08 00:39:34,729  run_experiment            INFO     size_extrapolation finished: 1 complete, 0 skipped
