2026-10-08 19:31:20,487  genstudy.io               INFO     Logging to evaluations/generalization_v7/results/v7_l01/leave_one_family_out/run.log
2026-10-08 19:31:20,487  run_experiment            INFO     Command line: evaluations/generalization_v3/scripts/run_experiment.py lofo --model sinkhorn --balance-alpha 0 --lr 3e-4 --grad-clip 1.0 --seed 5 --families qaoa --groups qaoa --loss mixed --val-mode random --layout-lambda 0.1 --layout-loss region_dist --layouts-path evaluations/compile_check/results/compiler_layouts_v6pilot.pt --results-dir evaluations/generalization_v7/results/v7_l01
2026-10-08 19:31:20,487  gsv2.gpu                  WARNING  No CUDA device available — running on the CPU.
2026-10-08 19:31:20,488  gsv3.model                INFO     Hyper-parameters (/home/atudisco/pred-distr-tool/src/model/best_params.json + v3 defaults): {'device_hidden': 64, 'device_layers': 3, 'fusion_dim': 128, 'qubit_layers': 2, 'attn_heads': 4, 'lap_pe': 8, 'cost_bias_init': -6.0, 'hidden_dim': 142, 'num_conv_wo_resnet': 3, 'num_resnet_layers': 1, 'dropout': 0.0, 'bidirectional': True, 'mlp': [512, 256, 128], 'lr': 0.001, 'readout': 'meanmaxsum'}
2026-10-08 19:31:20,505  gsv3.devices              INFO     Device graphs: node features 13 (Laplacian PE 8), physical errors True
2026-10-08 19:31:20,506  genstudy.data             INFO     Loading graph dataset: /home/atudisco/pred-distr-tool/evaluations/generalization_v3/data/graph_dataset_expected_fidelity.pt
2026-10-08 19:31:20,549  genstudy.io               INFO     Logging to evaluations/generalization_v7/results/v7_l01/leave_one_family_out/run.log
2026-10-08 19:31:20,550  run_experiment            INFO     Command line: evaluations/generalization_v3/scripts/run_experiment.py lofo --model sinkhorn --balance-alpha 0 --lr 3e-4 --grad-clip 1.0 --seed 5 --families qnn --groups qnn --loss mixed --val-mode random --layout-lambda 0.1 --layout-loss region_dist --layouts-path evaluations/compile_check/results/compiler_layouts_v6pilot.pt --results-dir evaluations/generalization_v7/results/v7_l01
2026-10-08 19:31:20,550  gsv2.gpu                  WARNING  No CUDA device available — running on the CPU.
2026-10-08 19:31:20,550  gsv3.model                INFO     Hyper-parameters (/home/atudisco/pred-distr-tool/src/model/best_params.json + v3 defaults): {'device_hidden': 64, 'device_layers': 3, 'fusion_dim': 128, 'qubit_layers': 2, 'attn_heads': 4, 'lap_pe': 8, 'cost_bias_init': -6.0, 'hidden_dim': 142, 'num_conv_wo_resnet': 3, 'num_resnet_layers': 1, 'dropout': 0.0, 'bidirectional': True, 'mlp': [512, 256, 128], 'lr': 0.001, 'readout': 'meanmaxsum'}
2026-10-08 19:31:20,564  gsv3.devices              INFO     Device graphs: node features 13 (Laplacian PE 8), physical errors True
2026-10-08 19:31:20,565  genstudy.data             INFO     Loading graph dataset: /home/atudisco/pred-distr-tool/evaluations/generalization_v3/data/graph_dataset_expected_fidelity.pt
2026-10-08 19:31:23,911  genstudy.data             INFO     Loaded 17056 graphs
2026-10-08 19:31:24,008  genstudy.data             INFO     Loaded 17056 graphs
2026-10-08 19:31:24,443  run_experiment            INFO     Compiler layouts (evaluations/compile_check/results/compiler_layouts_v6pilot.pt): 16994/17056 circuits
2026-10-08 19:31:24,462  genstudy.io               INFO     Wrote evaluations/generalization_v7/results/v7_l01/leave_one_family_out/dataset_summary.json
2026-10-08 19:31:24,463  genstudy.data             INFO     Holding out 1 families: qaoa
2026-10-08 19:31:24,465  run_experiment            INFO     [1/1] qaoa
2026-10-08 19:31:24,468  gsv3.experiment           INFO     === family_holdout / qaoa ===
2026-10-08 19:31:24,468  gsv3.experiment           INFO     Leave-one-family-out: test = all 2706 'qaoa' circuits, train = 14350 circuits from 34 other families.
2026-10-08 19:31:24,469  gsv3.experiment           INFO     train=11480  val=2870 ({'mode': 'random'})  test=2706
2026-10-08 19:31:24,543  gsv3.training             INFO     [family_holdout:qaoa] model=sinkhorn (979423 params) train=11480 val=2870 lr=0.0003 clip=1.0 alpha=0.00
2026-10-08 19:31:24,555  run_experiment            INFO     Compiler layouts (evaluations/compile_check/results/compiler_layouts_v6pilot.pt): 16994/17056 circuits
2026-10-08 19:31:24,578  genstudy.io               INFO     Wrote evaluations/generalization_v7/results/v7_l01/leave_one_family_out/dataset_summary.json
2026-10-08 19:31:24,579  genstudy.data             INFO     Holding out 1 families: qnn
2026-10-08 19:31:24,581  run_experiment            INFO     [1/1] qnn
2026-10-08 19:31:24,583  gsv3.experiment           INFO     === family_holdout / qnn ===
2026-10-08 19:31:24,583  gsv3.experiment           INFO     Leave-one-family-out: test = all 760 'qnn' circuits, train = 16296 circuits from 34 other families.
2026-10-08 19:31:24,584  gsv3.experiment           INFO     train=13037  val=3259 ({'mode': 'random'})  test=760
2026-10-08 19:31:24,673  gsv3.training             INFO     [family_holdout:qnn] model=sinkhorn (979423 params) train=13037 val=3259 lr=0.0003 clip=1.0 alpha=0.00
2026-10-08 19:32:45,959  gsv3.training             INFO     [family_holdout:qaoa] epoch 0001  region_bce=0.6442  dist_mse=0.2789  region_overlap=0.655
2026-10-08 19:32:45,961  gsv3.training             INFO     [family_holdout:qaoa] epoch 0001  train_log_mse=0.28542  val_log_mse=0.27464  val_mse=0.001679  max_grad=546.74  patience=0/30
2026-10-08 19:33:08,442  gsv3.training             INFO     [family_holdout:qnn] epoch 0001  region_bce=0.6209  dist_mse=0.2380  region_overlap=0.643
2026-10-08 19:33:08,444  gsv3.training             INFO     [family_holdout:qnn] epoch 0001  train_log_mse=0.30963  val_log_mse=0.24730  val_mse=0.001982  max_grad=413.31  patience=0/30
2026-10-08 19:34:06,937  gsv3.training             INFO     [family_holdout:qaoa] epoch 0002  region_bce=0.3807  dist_mse=0.1907  region_overlap=0.729
2026-10-08 19:34:06,938  gsv3.training             INFO     [family_holdout:qaoa] epoch 0002  train_log_mse=0.02854  val_log_mse=0.18812  val_mse=0.001735  max_grad=8.85  patience=1/30
2026-10-08 19:34:52,028  gsv3.training             INFO     [family_holdout:qnn] epoch 0002  region_bce=0.4053  dist_mse=0.1951  region_overlap=0.711
2026-10-08 19:34:52,028  gsv3.training             INFO     [family_holdout:qnn] epoch 0002  train_log_mse=0.03702  val_log_mse=0.38356  val_mse=0.002277  max_grad=9.04  patience=1/30
2026-10-08 19:35:27,412  gsv3.training             INFO     [family_holdout:qaoa] epoch 0003  region_bce=0.3299  dist_mse=0.1677  region_overlap=0.762
2026-10-08 19:35:27,414  gsv3.training             INFO     [family_holdout:qaoa] epoch 0003  train_log_mse=0.01854  val_log_mse=0.14304  val_mse=0.001118  max_grad=5.14  patience=0/30
2026-10-08 19:36:34,690  gsv3.training             INFO     [family_holdout:qnn] epoch 0003  region_bce=0.3486  dist_mse=0.1708  region_overlap=0.745
2026-10-08 19:36:34,692  gsv3.training             INFO     [family_holdout:qnn] epoch 0003  train_log_mse=0.01841  val_log_mse=0.11220  val_mse=0.001057  max_grad=3.90  patience=0/30
2026-10-08 19:36:47,095  gsv3.training             INFO     [family_holdout:qaoa] epoch 0004  region_bce=0.3026  dist_mse=0.1570  region_overlap=0.778
2026-10-08 19:36:47,096  gsv3.training             INFO     [family_holdout:qaoa] epoch 0004  train_log_mse=0.01636  val_log_mse=0.09979  val_mse=0.001137  max_grad=5.90  patience=1/30
2026-10-08 19:38:06,990  gsv3.training             INFO     [family_holdout:qaoa] epoch 0005  region_bce=0.2865  dist_mse=0.1500  region_overlap=0.788
2026-10-08 19:38:06,993  gsv3.training             INFO     [family_holdout:qaoa] epoch 0005  train_log_mse=0.01450  val_log_mse=0.11227  val_mse=0.001012  max_grad=3.19  patience=0/30
2026-10-08 19:38:16,613  gsv3.training             INFO     [family_holdout:qnn] epoch 0004  region_bce=0.3178  dist_mse=0.1561  region_overlap=0.766
2026-10-08 19:38:16,613  gsv3.training             INFO     [family_holdout:qnn] epoch 0004  train_log_mse=0.01571  val_log_mse=0.12172  val_mse=0.001457  max_grad=4.82  patience=1/30
2026-10-08 19:39:27,094  gsv3.training             INFO     [family_holdout:qaoa] epoch 0006  region_bce=0.2683  dist_mse=0.1427  region_overlap=0.799
2026-10-08 19:39:27,096  gsv3.training             INFO     [family_holdout:qaoa] epoch 0006  train_log_mse=0.01150  val_log_mse=0.09643  val_mse=0.000981  max_grad=2.59  patience=0/30
2026-10-08 19:39:59,282  gsv3.training             INFO     [family_holdout:qnn] epoch 0005  region_bce=0.3030  dist_mse=0.1481  region_overlap=0.774
2026-10-08 19:39:59,285  gsv3.training             INFO     [family_holdout:qnn] epoch 0005  train_log_mse=0.01307  val_log_mse=0.12554  val_mse=0.000950  max_grad=3.76  patience=0/30
2026-10-08 19:40:47,135  gsv3.training             INFO     [family_holdout:qaoa] epoch 0007  region_bce=0.2523  dist_mse=0.1369  region_overlap=0.809
2026-10-08 19:40:47,137  gsv3.training             INFO     [family_holdout:qaoa] epoch 0007  train_log_mse=0.00944  val_log_mse=0.10689  val_mse=0.000834  max_grad=2.11  patience=0/30
2026-10-08 19:41:42,089  gsv3.training             INFO     [family_holdout:qnn] epoch 0006  region_bce=0.2836  dist_mse=0.1404  region_overlap=0.786
2026-10-08 19:41:42,091  gsv3.training             INFO     [family_holdout:qnn] epoch 0006  train_log_mse=0.01256  val_log_mse=0.12389  val_mse=0.000815  max_grad=3.74  patience=0/30
2026-10-08 19:42:08,103  gsv3.training             INFO     [family_holdout:qaoa] epoch 0008  region_bce=0.2411  dist_mse=0.1311  region_overlap=0.818
2026-10-08 19:42:08,105  gsv3.training             INFO     [family_holdout:qaoa] epoch 0008  train_log_mse=0.00938  val_log_mse=0.08392  val_mse=0.000786  max_grad=2.23  patience=0/30
2026-10-08 19:43:24,844  gsv3.training             INFO     [family_holdout:qnn] epoch 0007  region_bce=0.2670  dist_mse=0.1327  region_overlap=0.797
2026-10-08 19:43:24,847  gsv3.training             INFO     [family_holdout:qnn] epoch 0007  train_log_mse=0.01154  val_log_mse=0.06962  val_mse=0.000810  max_grad=2.79  patience=0/30
2026-10-08 19:43:28,526  gsv3.training             INFO     [family_holdout:qaoa] epoch 0009  region_bce=0.2272  dist_mse=0.1234  region_overlap=0.828
2026-10-08 19:43:28,526  gsv3.training             INFO     [family_holdout:qaoa] epoch 0009  train_log_mse=0.00899  val_log_mse=0.07973  val_mse=0.001013  max_grad=4.64  patience=1/30
2026-10-08 19:44:48,404  gsv3.training             INFO     [family_holdout:qaoa] epoch 0010  region_bce=0.2196  dist_mse=0.1175  region_overlap=0.833
2026-10-08 19:44:48,405  gsv3.training             INFO     [family_holdout:qaoa] epoch 0010  train_log_mse=0.00878  val_log_mse=0.09057  val_mse=0.000817  max_grad=2.08  patience=2/30
2026-10-08 19:45:07,861  gsv3.training             INFO     [family_holdout:qnn] epoch 0008  region_bce=0.2493  dist_mse=0.1262  region_overlap=0.809
2026-10-08 19:45:07,864  gsv3.training             INFO     [family_holdout:qnn] epoch 0008  train_log_mse=0.00880  val_log_mse=0.08399  val_mse=0.000705  max_grad=2.76  patience=0/30
2026-10-08 19:46:08,318  gsv3.training             INFO     [family_holdout:qaoa] epoch 0011  region_bce=0.2117  dist_mse=0.1121  region_overlap=0.839
2026-10-08 19:46:08,319  gsv3.training             INFO     [family_holdout:qaoa] epoch 0011  train_log_mse=0.00780  val_log_mse=0.09411  val_mse=0.000814  max_grad=2.57  patience=3/30
2026-10-08 19:46:50,724  gsv3.training             INFO     [family_holdout:qnn] epoch 0009  region_bce=0.2408  dist_mse=0.1227  region_overlap=0.815
2026-10-08 19:46:50,725  gsv3.training             INFO     [family_holdout:qnn] epoch 0009  train_log_mse=0.00952  val_log_mse=0.09634  val_mse=0.000869  max_grad=3.11  patience=1/30
2026-10-08 19:47:27,902  gsv3.training             INFO     [family_holdout:qaoa] epoch 0012  region_bce=0.2032  dist_mse=0.1085  region_overlap=0.843
2026-10-08 19:47:27,903  gsv3.training             INFO     [family_holdout:qaoa] epoch 0012  train_log_mse=0.00842  val_log_mse=0.06650  val_mse=0.000929  max_grad=2.20  patience=4/30
2026-10-08 19:48:32,252  gsv3.training             INFO     [family_holdout:qnn] epoch 0010  region_bce=0.2314  dist_mse=0.1198  region_overlap=0.822
2026-10-08 19:48:32,253  gsv3.training             INFO     [family_holdout:qnn] epoch 0010  train_log_mse=0.00924  val_log_mse=0.07979  val_mse=0.000778  max_grad=2.61  patience=2/30
2026-10-08 19:48:47,120  gsv3.training             INFO     [family_holdout:qaoa] epoch 0013  region_bce=0.1969  dist_mse=0.1049  region_overlap=0.847
2026-10-08 19:48:47,122  gsv3.training             INFO     [family_holdout:qaoa] epoch 0013  train_log_mse=0.00771  val_log_mse=0.04917  val_mse=0.000670  max_grad=3.42  patience=0/30
2026-10-08 19:50:06,723  gsv3.training             INFO     [family_holdout:qaoa] epoch 0014  region_bce=0.1922  dist_mse=0.1019  region_overlap=0.851
2026-10-08 19:50:06,723  gsv3.training             INFO     [family_holdout:qaoa] epoch 0014  train_log_mse=0.00697  val_log_mse=0.06373  val_mse=0.000758  max_grad=2.37  patience=1/30
2026-10-08 19:50:13,915  gsv3.training             INFO     [family_holdout:qnn] epoch 0011  region_bce=0.2211  dist_mse=0.1168  region_overlap=0.828
2026-10-08 19:50:13,916  gsv3.training             INFO     [family_holdout:qnn] epoch 0011  train_log_mse=0.00785  val_log_mse=0.08399  val_mse=0.000737  max_grad=1.99  patience=3/30
2026-10-08 19:51:25,238  gsv3.training             INFO     [family_holdout:qaoa] epoch 0015  region_bce=0.1876  dist_mse=0.0994  region_overlap=0.853
2026-10-08 19:51:25,240  gsv3.training             INFO     [family_holdout:qaoa] epoch 0015  train_log_mse=0.00670  val_log_mse=0.05930  val_mse=0.000629  max_grad=1.32  patience=0/30
2026-10-08 19:51:54,889  gsv3.training             INFO     [family_holdout:qnn] epoch 0012  region_bce=0.2152  dist_mse=0.1155  region_overlap=0.833
2026-10-08 19:51:54,891  gsv3.training             INFO     [family_holdout:qnn] epoch 0012  train_log_mse=0.00833  val_log_mse=0.06924  val_mse=0.000634  max_grad=2.06  patience=0/30
2026-10-08 19:52:43,055  gsv3.training             INFO     [family_holdout:qaoa] epoch 0016  region_bce=0.1832  dist_mse=0.0977  region_overlap=0.856
2026-10-08 19:52:43,057  gsv3.training             INFO     [family_holdout:qaoa] epoch 0016  train_log_mse=0.00612  val_log_mse=0.05952  val_mse=0.000625  max_grad=1.78  patience=0/30
2026-10-08 19:53:34,913  gsv3.training             INFO     [family_holdout:qnn] epoch 0013  region_bce=0.2069  dist_mse=0.1127  region_overlap=0.838
2026-10-08 19:53:34,915  gsv3.training             INFO     [family_holdout:qnn] epoch 0013  train_log_mse=0.00729  val_log_mse=0.06210  val_mse=0.000616  max_grad=1.52  patience=0/30
2026-10-08 19:54:01,548  gsv3.training             INFO     [family_holdout:qaoa] epoch 0017  region_bce=0.1804  dist_mse=0.0963  region_overlap=0.857
2026-10-08 19:54:01,548  gsv3.training             INFO     [family_holdout:qaoa] epoch 0017  train_log_mse=0.00656  val_log_mse=0.06448  val_mse=0.000667  max_grad=1.80  patience=1/30
2026-10-08 19:55:14,295  gsv3.training             INFO     [family_holdout:qnn] epoch 0014  region_bce=0.2053  dist_mse=0.1116  region_overlap=0.840
2026-10-08 19:55:14,295  gsv3.training             INFO     [family_holdout:qnn] epoch 0014  train_log_mse=0.00884  val_log_mse=0.09322  val_mse=0.000664  max_grad=1.93  patience=1/30
2026-10-08 19:55:18,460  gsv3.training             INFO     [family_holdout:qaoa] epoch 0018  region_bce=0.1750  dist_mse=0.0943  region_overlap=0.861
2026-10-08 19:55:18,462  gsv3.training             INFO     [family_holdout:qaoa] epoch 0018  train_log_mse=0.00661  val_log_mse=0.05215  val_mse=0.000599  max_grad=1.31  patience=0/30
2026-10-08 19:56:35,661  gsv3.training             INFO     [family_holdout:qaoa] epoch 0019  region_bce=0.1705  dist_mse=0.0929  region_overlap=0.864
2026-10-08 19:56:35,661  gsv3.training             INFO     [family_holdout:qaoa] epoch 0019  train_log_mse=0.00690  val_log_mse=0.06495  val_mse=0.000606  max_grad=1.72  patience=1/30
2026-10-08 19:56:53,718  gsv3.training             INFO     [family_holdout:qnn] epoch 0015  region_bce=0.1967  dist_mse=0.1088  region_overlap=0.845
2026-10-08 19:56:53,719  gsv3.training             INFO     [family_holdout:qnn] epoch 0015  train_log_mse=0.00695  val_log_mse=0.07533  val_mse=0.000717  max_grad=3.07  patience=2/30
2026-10-08 19:57:52,767  gsv3.training             INFO     [family_holdout:qaoa] epoch 0020  region_bce=0.1672  dist_mse=0.0917  region_overlap=0.866
2026-10-08 19:57:52,767  gsv3.training             INFO     [family_holdout:qaoa] epoch 0020  train_log_mse=0.00636  val_log_mse=0.06009  val_mse=0.000622  max_grad=2.84  patience=2/30
2026-10-08 19:58:32,558  gsv3.training             INFO     [family_holdout:qnn] epoch 0016  region_bce=0.1922  dist_mse=0.1070  region_overlap=0.848
2026-10-08 19:58:32,558  gsv3.training             INFO     [family_holdout:qnn] epoch 0016  train_log_mse=0.00677  val_log_mse=0.07390  val_mse=0.000670  max_grad=2.00  patience=3/30
2026-10-08 19:59:10,299  gsv3.training             INFO     [family_holdout:qaoa] epoch 0021  region_bce=0.1624  dist_mse=0.0902  region_overlap=0.869
2026-10-08 19:59:10,299  gsv3.training             INFO     [family_holdout:qaoa] epoch 0021  train_log_mse=0.00585  val_log_mse=0.05144  val_mse=0.000681  max_grad=1.29  patience=3/30
2026-10-08 20:00:11,377  gsv3.training             INFO     [family_holdout:qnn] epoch 0017  region_bce=0.1897  dist_mse=0.1046  region_overlap=0.850
2026-10-08 20:00:11,379  gsv3.training             INFO     [family_holdout:qnn] epoch 0017  train_log_mse=0.00681  val_log_mse=0.07027  val_mse=0.000533  max_grad=2.12  patience=0/30
2026-10-08 20:00:27,949  gsv3.training             INFO     [family_holdout:qaoa] epoch 0022  region_bce=0.1573  dist_mse=0.0894  region_overlap=0.872
2026-10-08 20:00:27,951  gsv3.training             INFO     [family_holdout:qaoa] epoch 0022  train_log_mse=0.00550  val_log_mse=0.05238  val_mse=0.000529  max_grad=1.20  patience=0/30
2026-10-08 20:01:44,947  gsv3.training             INFO     [family_holdout:qaoa] epoch 0023  region_bce=0.1525  dist_mse=0.0882  region_overlap=0.875
2026-10-08 20:01:44,948  gsv3.training             INFO     [family_holdout:qaoa] epoch 0023  train_log_mse=0.00568  val_log_mse=0.06319  val_mse=0.000584  max_grad=1.98  patience=1/30
2026-10-08 20:01:49,383  gsv3.training             INFO     [family_holdout:qnn] epoch 0018  region_bce=0.1848  dist_mse=0.1030  region_overlap=0.854
2026-10-08 20:01:49,384  gsv3.training             INFO     [family_holdout:qnn] epoch 0018  train_log_mse=0.00704  val_log_mse=0.05613  val_mse=0.000543  max_grad=1.80  patience=1/30
2026-10-08 20:03:01,502  gsv3.training             INFO     [family_holdout:qaoa] epoch 0024  region_bce=0.1484  dist_mse=0.0870  region_overlap=0.877
2026-10-08 20:03:01,504  gsv3.training             INFO     [family_holdout:qaoa] epoch 0024  train_log_mse=0.00481  val_log_mse=0.04384  val_mse=0.000513  max_grad=0.99  patience=0/30
2026-10-08 20:03:27,090  gsv3.training             INFO     [family_holdout:qnn] epoch 0019  region_bce=0.1770  dist_mse=0.0997  region_overlap=0.858
2026-10-08 20:03:27,093  gsv3.training             INFO     [family_holdout:qnn] epoch 0019  train_log_mse=0.00629  val_log_mse=0.06645  val_mse=0.000493  max_grad=1.85  patience=0/30
2026-10-08 20:04:18,246  gsv3.training             INFO     [family_holdout:qaoa] epoch 0025  region_bce=0.1535  dist_mse=0.0879  region_overlap=0.875
2026-10-08 20:04:18,247  gsv3.training             INFO     [family_holdout:qaoa] epoch 0025  train_log_mse=0.00650  val_log_mse=0.07795  val_mse=0.000639  max_grad=4.18  patience=1/30
2026-10-08 20:05:04,933  gsv3.training             INFO     [family_holdout:qnn] epoch 0020  region_bce=0.1743  dist_mse=0.0981  region_overlap=0.860
2026-10-08 20:05:04,933  gsv3.training             INFO     [family_holdout:qnn] epoch 0020  train_log_mse=0.00627  val_log_mse=0.05422  val_mse=0.000496  max_grad=9.12  patience=1/30
2026-10-08 20:05:35,199  gsv3.training             INFO     [family_holdout:qaoa] epoch 0026  region_bce=0.1436  dist_mse=0.0862  region_overlap=0.880
2026-10-08 20:05:35,201  gsv3.training             INFO     [family_holdout:qaoa] epoch 0026  train_log_mse=0.00506  val_log_mse=0.06722  val_mse=0.000498  max_grad=1.86  patience=0/30
2026-10-08 20:06:42,090  gsv3.training             INFO     [family_holdout:qnn] epoch 0021  region_bce=0.1701  dist_mse=0.0962  region_overlap=0.863
2026-10-08 20:06:42,091  gsv3.training             INFO     [family_holdout:qnn] epoch 0021  train_log_mse=0.00582  val_log_mse=0.10679  val_mse=0.000527  max_grad=1.23  patience=2/30
2026-10-08 20:06:52,141  gsv3.training             INFO     [family_holdout:qaoa] epoch 0027  region_bce=0.1403  dist_mse=0.0850  region_overlap=0.883
2026-10-08 20:06:52,141  gsv3.training             INFO     [family_holdout:qaoa] epoch 0027  train_log_mse=0.00508  val_log_mse=0.05543  val_mse=0.000509  max_grad=0.99  patience=1/30
2026-10-08 20:08:08,979  gsv3.training             INFO     [family_holdout:qaoa] epoch 0028  region_bce=0.1343  dist_mse=0.0841  region_overlap=0.886
2026-10-08 20:08:08,981  gsv3.training             INFO     [family_holdout:qaoa] epoch 0028  train_log_mse=0.00458  val_log_mse=0.04649  val_mse=0.000485  max_grad=1.42  patience=0/30
2026-10-08 20:08:19,330  gsv3.training             INFO     [family_holdout:qnn] epoch 0022  region_bce=0.1668  dist_mse=0.0953  region_overlap=0.866
2026-10-08 20:08:19,330  gsv3.training             INFO     [family_holdout:qnn] epoch 0022  train_log_mse=0.00627  val_log_mse=0.06166  val_mse=0.000653  max_grad=1.86  patience=3/30
2026-10-08 20:09:25,339  gsv3.training             INFO     [family_holdout:qaoa] epoch 0029  region_bce=0.1332  dist_mse=0.0839  region_overlap=0.888
2026-10-08 20:09:25,339  gsv3.training             INFO     [family_holdout:qaoa] epoch 0029  train_log_mse=0.00530  val_log_mse=0.05377  val_mse=0.000655  max_grad=2.09  patience=1/30
2026-10-08 20:09:55,464  gsv3.training             INFO     [family_holdout:qnn] epoch 0023  region_bce=0.1608  dist_mse=0.0935  region_overlap=0.869
2026-10-08 20:09:55,469  gsv3.training             INFO     [family_holdout:qnn] epoch 0023  train_log_mse=0.00568  val_log_mse=0.05669  val_mse=0.000464  max_grad=1.11  patience=0/30
2026-10-08 20:10:40,767  gsv3.training             INFO     [family_holdout:qaoa] epoch 0030  region_bce=0.1281  dist_mse=0.0827  region_overlap=0.891
2026-10-08 20:10:40,768  gsv3.training             INFO     [family_holdout:qaoa] epoch 0030  train_log_mse=0.00435  val_log_mse=0.05782  val_mse=0.000514  max_grad=0.71  patience=2/30
2026-10-08 20:11:31,039  gsv3.training             INFO     [family_holdout:qnn] epoch 0024  region_bce=0.1573  dist_mse=0.0924  region_overlap=0.872
2026-10-08 20:11:31,040  gsv3.training             INFO     [family_holdout:qnn] epoch 0024  train_log_mse=0.00580  val_log_mse=0.04849  val_mse=0.000500  max_grad=1.69  patience=1/30
2026-10-08 20:11:56,574  gsv3.training             INFO     [family_holdout:qaoa] epoch 0031  region_bce=0.1256  dist_mse=0.0822  region_overlap=0.892
2026-10-08 20:11:56,576  gsv3.training             INFO     [family_holdout:qaoa] epoch 0031  train_log_mse=0.00436  val_log_mse=0.04908  val_mse=0.000470  max_grad=0.98  patience=0/30
2026-10-08 20:13:07,332  gsv3.training             INFO     [family_holdout:qnn] epoch 0025  region_bce=0.1536  dist_mse=0.0916  region_overlap=0.874
2026-10-08 20:13:07,335  gsv3.training             INFO     [family_holdout:qnn] epoch 0025  train_log_mse=0.00534  val_log_mse=0.07384  val_mse=0.000413  max_grad=1.19  patience=0/30
2026-10-08 20:13:12,335  gsv3.training             INFO     [family_holdout:qaoa] epoch 0032  region_bce=0.1197  dist_mse=0.0813  region_overlap=0.896
2026-10-08 20:13:12,338  gsv3.training             INFO     [family_holdout:qaoa] epoch 0032  train_log_mse=0.00380  val_log_mse=0.05131  val_mse=0.000467  max_grad=0.59  patience=0/30
2026-10-08 20:14:27,581  gsv3.training             INFO     [family_holdout:qaoa] epoch 0033  region_bce=0.1203  dist_mse=0.0811  region_overlap=0.896
2026-10-08 20:14:27,583  gsv3.training             INFO     [family_holdout:qaoa] epoch 0033  train_log_mse=0.00441  val_log_mse=0.09612  val_mse=0.000642  max_grad=0.99  patience=1/30
2026-10-08 20:14:43,650  gsv3.training             INFO     [family_holdout:qnn] epoch 0026  region_bce=0.1525  dist_mse=0.0910  region_overlap=0.875
2026-10-08 20:14:43,651  gsv3.training             INFO     [family_holdout:qnn] epoch 0026  train_log_mse=0.00583  val_log_mse=0.07243  val_mse=0.000458  max_grad=1.03  patience=1/30
2026-10-08 20:15:43,352  gsv3.training             INFO     [family_holdout:qaoa] epoch 0034  region_bce=0.1212  dist_mse=0.0818  region_overlap=0.896
2026-10-08 20:15:43,352  gsv3.training             INFO     [family_holdout:qaoa] epoch 0034  train_log_mse=0.00600  val_log_mse=0.06073  val_mse=0.000517  max_grad=1.48  patience=2/30
2026-10-08 20:16:19,929  gsv3.training             INFO     [family_holdout:qnn] epoch 0027  region_bce=0.1464  dist_mse=0.0897  region_overlap=0.879
2026-10-08 20:16:19,930  gsv3.training             INFO     [family_holdout:qnn] epoch 0027  train_log_mse=0.00502  val_log_mse=0.07039  val_mse=0.000415  max_grad=1.42  patience=2/30
2026-10-08 20:16:58,878  gsv3.training             INFO     [family_holdout:qaoa] epoch 0035  region_bce=0.1144  dist_mse=0.0803  region_overlap=0.900
2026-10-08 20:16:58,879  gsv3.training             INFO     [family_holdout:qaoa] epoch 0035  train_log_mse=0.00433  val_log_mse=0.04997  val_mse=0.000572  max_grad=0.99  patience=3/30
2026-10-08 20:17:56,283  gsv3.training             INFO     [family_holdout:qnn] epoch 0028  region_bce=0.1419  dist_mse=0.0888  region_overlap=0.882
2026-10-08 20:17:56,284  gsv3.training             INFO     [family_holdout:qnn] epoch 0028  train_log_mse=0.00530  val_log_mse=0.05041  val_mse=0.000419  max_grad=1.33  patience=3/30
2026-10-08 20:18:14,701  gsv3.training             INFO     [family_holdout:qaoa] epoch 0036  region_bce=0.1108  dist_mse=0.0796  region_overlap=0.902
2026-10-08 20:18:14,703  gsv3.training             INFO     [family_holdout:qaoa] epoch 0036  train_log_mse=0.00418  val_log_mse=0.04551  val_mse=0.000444  max_grad=0.74  patience=0/30
2026-10-08 20:19:29,825  gsv3.training             INFO     [family_holdout:qaoa] epoch 0037  region_bce=0.1096  dist_mse=0.0793  region_overlap=0.903
2026-10-08 20:19:29,825  gsv3.training             INFO     [family_holdout:qaoa] epoch 0037  train_log_mse=0.00400  val_log_mse=0.06302  val_mse=0.000619  max_grad=1.60  patience=1/30
2026-10-08 20:19:32,246  gsv3.training             INFO     [family_holdout:qnn] epoch 0029  region_bce=0.1400  dist_mse=0.0884  region_overlap=0.883
2026-10-08 20:19:32,248  gsv3.training             INFO     [family_holdout:qnn] epoch 0029  train_log_mse=0.00497  val_log_mse=0.04950  val_mse=0.000403  max_grad=1.67  patience=0/30
2026-10-08 20:20:45,383  gsv3.training             INFO     [family_holdout:qaoa] epoch 0038  region_bce=0.1062  dist_mse=0.0788  region_overlap=0.905
2026-10-08 20:20:45,387  gsv3.training             INFO     [family_holdout:qaoa] epoch 0038  train_log_mse=0.00425  val_log_mse=0.06539  val_mse=0.000471  max_grad=1.36  patience=2/30
2026-10-08 20:21:08,693  gsv3.training             INFO     [family_holdout:qnn] epoch 0030  region_bce=0.1339  dist_mse=0.0868  region_overlap=0.887
2026-10-08 20:21:08,693  gsv3.training             INFO     [family_holdout:qnn] epoch 0030  train_log_mse=0.00476  val_log_mse=0.05859  val_mse=0.000453  max_grad=0.94  patience=1/30
2026-10-08 20:22:00,724  gsv3.training             INFO     [family_holdout:qaoa] epoch 0039  region_bce=0.1056  dist_mse=0.0788  region_overlap=0.906
2026-10-08 20:22:00,726  gsv3.training             INFO     [family_holdout:qaoa] epoch 0039  train_log_mse=0.00419  val_log_mse=0.04739  val_mse=0.000437  max_grad=1.04  patience=0/30
2026-10-08 20:22:44,975  gsv3.training             INFO     [family_holdout:qnn] epoch 0031  region_bce=0.1310  dist_mse=0.0866  region_overlap=0.888
2026-10-08 20:22:44,975  gsv3.training             INFO     [family_holdout:qnn] epoch 0031  train_log_mse=0.00501  val_log_mse=0.05090  val_mse=0.000414  max_grad=1.81  patience=2/30
2026-10-08 20:23:15,883  gsv3.training             INFO     [family_holdout:qaoa] epoch 0040  region_bce=0.0994  dist_mse=0.0774  region_overlap=0.909
2026-10-08 20:23:15,883  gsv3.training             INFO     [family_holdout:qaoa] epoch 0040  train_log_mse=0.00359  val_log_mse=0.05023  val_mse=0.000449  max_grad=0.80  patience=1/30
2026-10-08 20:24:21,417  gsv3.training             INFO     [family_holdout:qnn] epoch 0032  region_bce=0.1267  dist_mse=0.0852  region_overlap=0.891
2026-10-08 20:24:21,418  gsv3.training             INFO     [family_holdout:qnn] epoch 0032  train_log_mse=0.00436  val_log_mse=0.05724  val_mse=0.000425  max_grad=0.79  patience=3/30
2026-10-08 20:24:31,375  gsv3.training             INFO     [family_holdout:qaoa] epoch 0041  region_bce=0.0993  dist_mse=0.0776  region_overlap=0.910
2026-10-08 20:24:31,377  gsv3.training             INFO     [family_holdout:qaoa] epoch 0041  train_log_mse=0.00420  val_log_mse=0.05273  val_mse=0.000410  max_grad=1.28  patience=0/30
2026-10-08 20:25:46,979  gsv3.training             INFO     [family_holdout:qaoa] epoch 0042  region_bce=0.0943  dist_mse=0.0766  region_overlap=0.912
2026-10-08 20:25:46,979  gsv3.training             INFO     [family_holdout:qaoa] epoch 0042  train_log_mse=0.00381  val_log_mse=0.04657  val_mse=0.000468  max_grad=1.50  patience=1/30
2026-10-08 20:25:56,940  gsv3.training             INFO     [family_holdout:qnn] epoch 0033  region_bce=0.1281  dist_mse=0.0853  region_overlap=0.891
2026-10-08 20:25:56,941  gsv3.training             INFO     [family_holdout:qnn] epoch 0033  train_log_mse=0.00551  val_log_mse=0.07612  val_mse=0.000505  max_grad=1.19  patience=4/30
2026-10-08 20:27:02,516  gsv3.training             INFO     [family_holdout:qaoa] epoch 0043  region_bce=0.0951  dist_mse=0.0765  region_overlap=0.912
2026-10-08 20:27:02,517  gsv3.training             INFO     [family_holdout:qaoa] epoch 0043  train_log_mse=0.00413  val_log_mse=0.08466  val_mse=0.000470  max_grad=1.23  patience=2/30
2026-10-08 20:27:32,600  gsv3.training             INFO     [family_holdout:qnn] epoch 0034  region_bce=0.1265  dist_mse=0.0861  region_overlap=0.891
2026-10-08 20:27:32,600  gsv3.training             INFO     [family_holdout:qnn] epoch 0034  train_log_mse=0.00595  val_log_mse=0.07211  val_mse=0.000481  max_grad=1.77  patience=5/30
2026-10-08 20:28:18,035  gsv3.training             INFO     [family_holdout:qaoa] epoch 0044  region_bce=0.0915  dist_mse=0.0761  region_overlap=0.914
2026-10-08 20:28:18,037  gsv3.training             INFO     [family_holdout:qaoa] epoch 0044  train_log_mse=0.00385  val_log_mse=0.04689  val_mse=0.000407  max_grad=1.05  patience=0/30
2026-10-08 20:29:08,325  gsv3.training             INFO     [family_holdout:qnn] epoch 0035  region_bce=0.1176  dist_mse=0.0838  region_overlap=0.897
2026-10-08 20:29:08,326  gsv3.training             INFO     [family_holdout:qnn] epoch 0035  train_log_mse=0.00461  val_log_mse=0.06779  val_mse=0.000421  max_grad=0.87  patience=6/30
2026-10-08 20:29:33,545  gsv3.training             INFO     [family_holdout:qaoa] epoch 0045  region_bce=0.0878  dist_mse=0.0750  region_overlap=0.917
2026-10-08 20:29:33,545  gsv3.training             INFO     [family_holdout:qaoa] epoch 0045  train_log_mse=0.00367  val_log_mse=0.04429  val_mse=0.000417  max_grad=0.92  patience=1/30
2026-10-08 20:30:44,407  gsv3.training             INFO     [family_holdout:qnn] epoch 0036  region_bce=0.1173  dist_mse=0.0835  region_overlap=0.898
2026-10-08 20:30:44,408  gsv3.training             INFO     [family_holdout:qnn] epoch 0036  train_log_mse=0.00483  val_log_mse=0.05371  val_mse=0.000434  max_grad=1.37  patience=7/30
2026-10-08 20:30:49,256  gsv3.training             INFO     [family_holdout:qaoa] epoch 0046  region_bce=0.0887  dist_mse=0.0753  region_overlap=0.916
2026-10-08 20:30:49,257  gsv3.training             INFO     [family_holdout:qaoa] epoch 0046  train_log_mse=0.00412  val_log_mse=0.09598  val_mse=0.000540  max_grad=0.86  patience=2/30
2026-10-08 20:32:04,820  gsv3.training             INFO     [family_holdout:qaoa] epoch 0047  region_bce=0.0836  dist_mse=0.0747  region_overlap=0.919
2026-10-08 20:32:04,821  gsv3.training             INFO     [family_holdout:qaoa] epoch 0047  train_log_mse=0.00380  val_log_mse=0.07014  val_mse=0.000456  max_grad=0.71  patience=3/30
2026-10-08 20:32:20,135  gsv3.training             INFO     [family_holdout:qnn] epoch 0037  region_bce=0.1092  dist_mse=0.0818  region_overlap=0.902
2026-10-08 20:32:20,136  gsv3.training             INFO     [family_holdout:qnn] epoch 0037  train_log_mse=0.00407  val_log_mse=0.05265  val_mse=0.000405  max_grad=0.80  patience=8/30
2026-10-08 20:33:20,514  gsv3.training             INFO     [family_holdout:qaoa] epoch 0048  region_bce=0.0860  dist_mse=0.0751  region_overlap=0.918
2026-10-08 20:33:20,515  gsv3.training             INFO     [family_holdout:qaoa] epoch 0048  train_log_mse=0.00395  val_log_mse=0.04740  val_mse=0.000474  max_grad=1.07  patience=4/30
2026-10-08 20:33:56,147  gsv3.training             INFO     [family_holdout:qnn] epoch 0038  region_bce=0.1084  dist_mse=0.0814  region_overlap=0.903
2026-10-08 20:33:56,147  gsv3.training             INFO     [family_holdout:qnn] epoch 0038  train_log_mse=0.00445  val_log_mse=0.05037  val_mse=0.000419  max_grad=0.89  patience=9/30
2026-10-08 20:34:36,161  gsv3.training             INFO     [family_holdout:qaoa] epoch 0049  region_bce=0.0808  dist_mse=0.0735  region_overlap=0.921
2026-10-08 20:34:36,161  gsv3.training             INFO     [family_holdout:qaoa] epoch 0049  train_log_mse=0.00355  val_log_mse=0.05913  val_mse=0.000430  max_grad=0.76  patience=5/30
2026-10-08 20:35:32,259  gsv3.training             INFO     [family_holdout:qnn] epoch 0039  region_bce=0.1111  dist_mse=0.0823  region_overlap=0.902
2026-10-08 20:35:32,259  gsv3.training             INFO     [family_holdout:qnn] epoch 0039  train_log_mse=0.00552  val_log_mse=0.08653  val_mse=0.000448  max_grad=1.28  patience=10/30
2026-10-08 20:35:52,023  gsv3.training             INFO     [family_holdout:qaoa] epoch 0050  region_bce=0.0808  dist_mse=0.0739  region_overlap=0.921
2026-10-08 20:35:52,023  gsv3.training             INFO     [family_holdout:qaoa] epoch 0050  train_log_mse=0.00432  val_log_mse=0.04638  val_mse=0.000431  max_grad=1.55  patience=6/30
2026-10-08 20:37:07,405  gsv3.training             INFO     [family_holdout:qaoa] epoch 0051  region_bce=0.0764  dist_mse=0.0728  region_overlap=0.925
2026-10-08 20:37:07,406  gsv3.training             INFO     [family_holdout:qaoa] epoch 0051  train_log_mse=0.00345  val_log_mse=0.07655  val_mse=0.000491  max_grad=0.81  patience=7/30
2026-10-08 20:37:08,866  gsv3.training             INFO     [family_holdout:qnn] epoch 0040  region_bce=0.1099  dist_mse=0.0824  region_overlap=0.902
2026-10-08 20:37:08,868  gsv3.training             INFO     [family_holdout:qnn] epoch 0040  train_log_mse=0.00474  val_log_mse=0.04964  val_mse=0.000392  max_grad=2.82  patience=0/30
2026-10-08 20:38:22,785  gsv3.training             INFO     [family_holdout:qaoa] epoch 0052  region_bce=0.0741  dist_mse=0.0721  region_overlap=0.926
2026-10-08 20:38:22,786  gsv3.training             INFO     [family_holdout:qaoa] epoch 0052  train_log_mse=0.00330  val_log_mse=0.05253  val_mse=0.000414  max_grad=0.54  patience=8/30
2026-10-08 20:38:44,863  gsv3.training             INFO     [family_holdout:qnn] epoch 0041  region_bce=0.1031  dist_mse=0.0804  region_overlap=0.906
2026-10-08 20:38:44,863  gsv3.training             INFO     [family_holdout:qnn] epoch 0041  train_log_mse=0.00459  val_log_mse=0.04982  val_mse=0.000462  max_grad=1.24  patience=1/30
2026-10-08 20:39:37,264  gsv3.training             INFO     [family_holdout:qaoa] epoch 0053  region_bce=0.0738  dist_mse=0.0722  region_overlap=0.926
2026-10-08 20:39:37,267  gsv3.training             INFO     [family_holdout:qaoa] epoch 0053  train_log_mse=0.00361  val_log_mse=0.04335  val_mse=0.000390  max_grad=0.94  patience=0/30
2026-10-08 20:40:18,920  gsv3.training             INFO     [family_holdout:qnn] epoch 0042  region_bce=0.0999  dist_mse=0.0798  region_overlap=0.909
2026-10-08 20:40:18,920  gsv3.training             INFO     [family_holdout:qnn] epoch 0042  train_log_mse=0.00430  val_log_mse=0.05601  val_mse=0.000426  max_grad=1.24  patience=2/30
2026-10-08 20:40:50,814  gsv3.training             INFO     [family_holdout:qaoa] epoch 0054  region_bce=0.0723  dist_mse=0.0711  region_overlap=0.927
2026-10-08 20:40:50,814  gsv3.training             INFO     [family_holdout:qaoa] epoch 0054  train_log_mse=0.00316  val_log_mse=0.05141  val_mse=0.000428  max_grad=0.61  patience=1/30
2026-10-08 20:41:52,351  gsv3.training             INFO     [family_holdout:qnn] epoch 0043  region_bce=0.0955  dist_mse=0.0788  region_overlap=0.911
2026-10-08 20:41:52,352  gsv3.training             INFO     [family_holdout:qnn] epoch 0043  train_log_mse=0.00407  val_log_mse=0.05389  val_mse=0.000412  max_grad=2.43  patience=3/30
2026-10-08 20:42:04,177  gsv3.training             INFO     [family_holdout:qaoa] epoch 0055  region_bce=0.0743  dist_mse=0.0721  region_overlap=0.926
2026-10-08 20:42:04,177  gsv3.training             INFO     [family_holdout:qaoa] epoch 0055  train_log_mse=0.00403  val_log_mse=0.04758  val_mse=0.000466  max_grad=1.02  patience=2/30
2026-10-08 20:43:18,127  gsv3.training             INFO     [family_holdout:qaoa] epoch 0056  region_bce=0.0673  dist_mse=0.0696  region_overlap=0.931
2026-10-08 20:43:18,128  gsv3.training             INFO     [family_holdout:qaoa] epoch 0056  train_log_mse=0.00291  val_log_mse=0.04734  val_mse=0.000434  max_grad=0.48  patience=3/30
2026-10-08 20:43:25,933  gsv3.training             INFO     [family_holdout:qnn] epoch 0044  region_bce=0.0919  dist_mse=0.0778  region_overlap=0.914
2026-10-08 20:43:25,935  gsv3.training             INFO     [family_holdout:qnn] epoch 0044  train_log_mse=0.00410  val_log_mse=0.05028  val_mse=0.000380  max_grad=0.84  patience=0/30
2026-10-08 20:44:33,133  gsv3.training             INFO     [family_holdout:qaoa] epoch 0057  region_bce=0.0706  dist_mse=0.0704  region_overlap=0.929
2026-10-08 20:44:33,134  gsv3.training             INFO     [family_holdout:qaoa] epoch 0057  train_log_mse=0.00329  val_log_mse=0.05133  val_mse=0.000429  max_grad=1.14  patience=4/30
2026-10-08 20:45:00,205  gsv3.training             INFO     [family_holdout:qnn] epoch 0045  region_bce=0.0909  dist_mse=0.0776  region_overlap=0.914
2026-10-08 20:45:00,205  gsv3.training             INFO     [family_holdout:qnn] epoch 0045  train_log_mse=0.00398  val_log_mse=0.05581  val_mse=0.000390  max_grad=1.00  patience=1/30
2026-10-08 20:45:47,589  gsv3.training             INFO     [family_holdout:qaoa] epoch 0058  region_bce=0.0687  dist_mse=0.0699  region_overlap=0.930
2026-10-08 20:45:47,589  gsv3.training             INFO     [family_holdout:qaoa] epoch 0058  train_log_mse=0.00353  val_log_mse=0.05149  val_mse=0.000460  max_grad=0.75  patience=5/30
2026-10-08 20:46:33,753  gsv3.training             INFO     [family_holdout:qnn] epoch 0046  region_bce=0.0896  dist_mse=0.0772  region_overlap=0.915
2026-10-08 20:46:33,754  gsv3.training             INFO     [family_holdout:qnn] epoch 0046  train_log_mse=0.00412  val_log_mse=0.05119  val_mse=0.000402  max_grad=0.99  patience=2/30
2026-10-08 20:47:01,841  gsv3.training             INFO     [family_holdout:qaoa] epoch 0059  region_bce=0.0667  dist_mse=0.0694  region_overlap=0.931
2026-10-08 20:47:01,841  gsv3.training             INFO     [family_holdout:qaoa] epoch 0059  train_log_mse=0.00341  val_log_mse=0.04845  val_mse=0.000413  max_grad=2.94  patience=6/30
2026-10-08 20:48:06,961  gsv3.training             INFO     [family_holdout:qnn] epoch 0047  region_bce=0.0916  dist_mse=0.0777  region_overlap=0.914
2026-10-08 20:48:06,961  gsv3.training             INFO     [family_holdout:qnn] epoch 0047  train_log_mse=0.00495  val_log_mse=0.06691  val_mse=0.000411  max_grad=1.34  patience=3/30
2026-10-08 20:48:15,854  gsv3.training             INFO     [family_holdout:qaoa] epoch 0060  region_bce=0.0686  dist_mse=0.0694  region_overlap=0.930
2026-10-08 20:48:15,855  gsv3.training             INFO     [family_holdout:qaoa] epoch 0060  train_log_mse=0.00358  val_log_mse=0.05413  val_mse=0.000419  max_grad=1.14  patience=7/30
2026-10-08 20:49:29,746  gsv3.training             INFO     [family_holdout:qaoa] epoch 0061  region_bce=0.0609  dist_mse=0.0674  region_overlap=0.935
2026-10-08 20:49:29,747  gsv3.training             INFO     [family_holdout:qaoa] epoch 0061  train_log_mse=0.00299  val_log_mse=0.04347  val_mse=0.000414  max_grad=0.83  patience=8/30
2026-10-08 20:49:40,324  gsv3.training             INFO     [family_holdout:qnn] epoch 0048  region_bce=0.0861  dist_mse=0.0766  region_overlap=0.918
2026-10-08 20:49:40,326  gsv3.training             INFO     [family_holdout:qnn] epoch 0048  train_log_mse=0.00443  val_log_mse=0.05102  val_mse=0.000371  max_grad=0.83  patience=0/30
2026-10-08 20:50:43,841  gsv3.training             INFO     [family_holdout:qaoa] epoch 0062  region_bce=0.0630  dist_mse=0.0677  region_overlap=0.934
2026-10-08 20:50:43,842  gsv3.training             INFO     [family_holdout:qaoa] epoch 0062  train_log_mse=0.00341  val_log_mse=0.05078  val_mse=0.000421  max_grad=0.77  patience=9/30
2026-10-08 20:51:13,759  gsv3.training             INFO     [family_holdout:qnn] epoch 0049  region_bce=0.0850  dist_mse=0.0759  region_overlap=0.919
2026-10-08 20:51:13,759  gsv3.training             INFO     [family_holdout:qnn] epoch 0049  train_log_mse=0.00412  val_log_mse=0.04975  val_mse=0.000372  max_grad=0.59  patience=1/30
2026-10-08 20:51:57,610  gsv3.training             INFO     [family_holdout:qaoa] epoch 0063  region_bce=0.0611  dist_mse=0.0670  region_overlap=0.935
2026-10-08 20:51:57,610  gsv3.training             INFO     [family_holdout:qaoa] epoch 0063  train_log_mse=0.00347  val_log_mse=0.08034  val_mse=0.000450  max_grad=1.26  patience=10/30
2026-10-08 20:52:47,277  gsv3.training             INFO     [family_holdout:qnn] epoch 0050  region_bce=0.0799  dist_mse=0.0747  region_overlap=0.922
2026-10-08 20:52:47,279  gsv3.training             INFO     [family_holdout:qnn] epoch 0050  train_log_mse=0.00380  val_log_mse=0.05344  val_mse=0.000363  max_grad=0.63  patience=0/30
2026-10-08 20:53:12,121  gsv3.training             INFO     [family_holdout:qaoa] epoch 0064  region_bce=0.0597  dist_mse=0.0664  region_overlap=0.936
2026-10-08 20:53:12,123  gsv3.training             INFO     [family_holdout:qaoa] epoch 0064  train_log_mse=0.00311  val_log_mse=0.04717  val_mse=0.000386  max_grad=0.48  patience=0/30
2026-10-08 20:54:21,737  gsv3.training             INFO     [family_holdout:qnn] epoch 0051  region_bce=0.0797  dist_mse=0.0747  region_overlap=0.921
2026-10-08 20:54:21,739  gsv3.training             INFO     [family_holdout:qnn] epoch 0051  train_log_mse=0.00378  val_log_mse=0.05071  val_mse=0.000357  max_grad=0.78  patience=0/30
2026-10-08 20:54:25,711  gsv3.training             INFO     [family_holdout:qaoa] epoch 0065  region_bce=0.0590  dist_mse=0.0659  region_overlap=0.936
2026-10-08 20:54:25,712  gsv3.training             INFO     [family_holdout:qaoa] epoch 0065  train_log_mse=0.00293  val_log_mse=0.04469  val_mse=0.000394  max_grad=0.48  patience=1/30
2026-10-08 20:55:38,950  gsv3.training             INFO     [family_holdout:qaoa] epoch 0066  region_bce=0.0585  dist_mse=0.0652  region_overlap=0.937
2026-10-08 20:55:38,950  gsv3.training             INFO     [family_holdout:qaoa] epoch 0066  train_log_mse=0.00286  val_log_mse=0.05369  val_mse=0.000446  max_grad=0.55  patience=2/30
2026-10-08 20:55:55,356  gsv3.training             INFO     [family_holdout:qnn] epoch 0052  region_bce=0.0754  dist_mse=0.0737  region_overlap=0.924
2026-10-08 20:55:55,356  gsv3.training             INFO     [family_holdout:qnn] epoch 0052  train_log_mse=0.00385  val_log_mse=0.05145  val_mse=0.000418  max_grad=0.70  patience=1/30
2026-10-08 20:56:52,604  gsv3.training             INFO     [family_holdout:qaoa] epoch 0067  region_bce=0.0570  dist_mse=0.0649  region_overlap=0.938
2026-10-08 20:56:52,605  gsv3.training             INFO     [family_holdout:qaoa] epoch 0067  train_log_mse=0.00316  val_log_mse=0.04867  val_mse=0.000463  max_grad=0.77  patience=3/30
2026-10-08 20:57:28,879  gsv3.training             INFO     [family_holdout:qnn] epoch 0053  region_bce=0.0773  dist_mse=0.0738  region_overlap=0.924
2026-10-08 20:57:28,880  gsv3.training             INFO     [family_holdout:qnn] epoch 0053  train_log_mse=0.00405  val_log_mse=0.04858  val_mse=0.000380  max_grad=0.97  patience=2/30
2026-10-08 21:42:42,149  genstudy.io               INFO     Logging to evaluations/generalization_v7/results/v7_l01/leave_one_family_out/run.log
2026-10-08 21:42:42,149  run_experiment            INFO     Command line: evaluations/generalization_v3/scripts/run_experiment.py lofo --model sinkhorn --balance-alpha 0 --lr 3e-4 --grad-clip 1.0 --seed 5 --families qnn --groups qnn --loss mixed --val-mode random --layout-lambda 0.1 --layout-loss region_dist --layouts-path evaluations/compile_check/results/compiler_layouts_v6pilot.pt --results-dir evaluations/generalization_v7/results/v7_l01
2026-10-08 21:42:42,149  gsv2.gpu                  WARNING  No CUDA device available — running on the CPU.
2026-10-08 21:42:42,149  genstudy.io               INFO     Logging to evaluations/generalization_v7/results/v7_l01/leave_one_family_out/run.log
2026-10-08 21:42:42,149  run_experiment            INFO     Command line: evaluations/generalization_v3/scripts/run_experiment.py lofo --model sinkhorn --balance-alpha 0 --lr 3e-4 --grad-clip 1.0 --seed 5 --families qaoa --groups qaoa --loss mixed --val-mode random --layout-lambda 0.1 --layout-loss region_dist --layouts-path evaluations/compile_check/results/compiler_layouts_v6pilot.pt --results-dir evaluations/generalization_v7/results/v7_l01
2026-10-08 21:42:42,149  gsv2.gpu                  WARNING  No CUDA device available — running on the CPU.
2026-10-08 21:42:42,149  gsv3.model                INFO     Hyper-parameters (/home/atudisco/pred-distr-tool/src/model/best_params.json + v3 defaults): {'device_hidden': 64, 'device_layers': 3, 'fusion_dim': 128, 'qubit_layers': 2, 'attn_heads': 4, 'lap_pe': 8, 'cost_bias_init': -6.0, 'hidden_dim': 142, 'num_conv_wo_resnet': 3, 'num_resnet_layers': 1, 'dropout': 0.0, 'bidirectional': True, 'mlp': [512, 256, 128], 'lr': 0.001, 'readout': 'meanmaxsum'}
2026-10-08 21:42:42,150  gsv3.model                INFO     Hyper-parameters (/home/atudisco/pred-distr-tool/src/model/best_params.json + v3 defaults): {'device_hidden': 64, 'device_layers': 3, 'fusion_dim': 128, 'qubit_layers': 2, 'attn_heads': 4, 'lap_pe': 8, 'cost_bias_init': -6.0, 'hidden_dim': 142, 'num_conv_wo_resnet': 3, 'num_resnet_layers': 1, 'dropout': 0.0, 'bidirectional': True, 'mlp': [512, 256, 128], 'lr': 0.001, 'readout': 'meanmaxsum'}
2026-10-08 21:42:42,532  gsv3.devices              INFO     Device graphs: node features 13 (Laplacian PE 8), physical errors True
2026-10-08 21:42:42,532  gsv3.devices              INFO     Device graphs: node features 13 (Laplacian PE 8), physical errors True
2026-10-08 21:42:42,533  genstudy.data             INFO     Loading graph dataset: /home/atudisco/pred-distr-tool/evaluations/generalization_v3/data/graph_dataset_expected_fidelity.pt
2026-10-08 21:42:42,533  genstudy.data             INFO     Loading graph dataset: /home/atudisco/pred-distr-tool/evaluations/generalization_v3/data/graph_dataset_expected_fidelity.pt
2026-10-08 21:42:50,343  genstudy.data             INFO     Loaded 17056 graphs
2026-10-08 21:42:50,345  genstudy.data             INFO     Loaded 17056 graphs
2026-10-08 21:42:50,956  run_experiment            INFO     Compiler layouts (evaluations/compile_check/results/compiler_layouts_v6pilot.pt): 16994/17056 circuits
2026-10-08 21:42:50,962  run_experiment            INFO     Compiler layouts (evaluations/compile_check/results/compiler_layouts_v6pilot.pt): 16994/17056 circuits
2026-10-08 21:42:50,972  genstudy.io               INFO     Wrote evaluations/generalization_v7/results/v7_l01/leave_one_family_out/dataset_summary.json
2026-10-08 21:42:50,972  genstudy.data             INFO     Holding out 1 families: qnn
2026-10-08 21:42:50,976  run_experiment            INFO     [1/1] qnn
2026-10-08 21:42:50,979  gsv3.experiment           INFO     === family_holdout / qnn ===
2026-10-08 21:42:50,979  gsv3.experiment           INFO     Leave-one-family-out: test = all 760 'qnn' circuits, train = 16296 circuits from 34 other families.
2026-10-08 21:42:50,980  gsv3.experiment           INFO     train=13037  val=3259 ({'mode': 'random'})  test=760
2026-10-08 21:42:50,980  genstudy.io               INFO     Wrote evaluations/generalization_v7/results/v7_l01/leave_one_family_out/dataset_summary.json
2026-10-08 21:42:50,981  genstudy.data             INFO     Holding out 1 families: qaoa
2026-10-08 21:42:50,984  run_experiment            INFO     [1/1] qaoa
2026-10-08 21:42:50,986  gsv3.experiment           INFO     === family_holdout / qaoa ===
2026-10-08 21:42:50,986  gsv3.experiment           INFO     Leave-one-family-out: test = all 2706 'qaoa' circuits, train = 14350 circuits from 34 other families.
2026-10-08 21:42:50,987  gsv3.experiment           INFO     train=11480  val=2870 ({'mode': 'random'})  test=2706
2026-10-08 21:42:51,314  gsv3.training             INFO     [family_holdout:qaoa] resumed at epoch 68 (best 64, val=0.00039)
2026-10-08 21:42:51,314  gsv3.training             INFO     [family_holdout:qaoa] model=sinkhorn (979423 params) train=11480 val=2870 lr=0.0003 clip=1.0 alpha=0.00
2026-10-08 21:42:51,476  gsv3.training             INFO     [family_holdout:qnn] resumed at epoch 53 (best 51, val=0.00036)
2026-10-08 21:42:51,476  gsv3.training             INFO     [family_holdout:qnn] model=sinkhorn (979423 params) train=13037 val=3259 lr=0.0003 clip=1.0 alpha=0.00
2026-10-08 21:44:05,239  gsv3.training             INFO     [family_holdout:qaoa] epoch 0069  region_bce=0.0649  dist_mse=0.0668  region_overlap=0.933
2026-10-08 21:44:05,240  gsv3.training             INFO     [family_holdout:qaoa] epoch 0069  train_log_mse=0.00400  val_log_mse=0.04541  val_mse=0.000410  max_grad=3.69  patience=5/30
2026-10-08 21:44:23,419  gsv3.training             INFO     [family_holdout:qnn] epoch 0054  region_bce=0.0741  dist_mse=0.0728  region_overlap=0.925
2026-10-08 21:44:23,420  gsv3.training             INFO     [family_holdout:qnn] epoch 0054  train_log_mse=0.00397  val_log_mse=0.05275  val_mse=0.000366  max_grad=1.01  patience=3/30
2026-10-08 21:45:12,655  gsv3.training             INFO     [family_holdout:qaoa] epoch 0070  region_bce=0.0545  dist_mse=0.0636  region_overlap=0.940
2026-10-08 21:45:12,656  gsv3.training             INFO     [family_holdout:qaoa] epoch 0070  train_log_mse=0.00298  val_log_mse=0.04294  val_mse=0.000407  max_grad=0.57  patience=6/30
2026-10-08 21:45:48,485  gsv3.training             INFO     [family_holdout:qnn] epoch 0055  region_bce=0.0711  dist_mse=0.0724  region_overlap=0.927
2026-10-08 21:45:48,486  gsv3.training             INFO     [family_holdout:qnn] epoch 0055  train_log_mse=0.00385  val_log_mse=0.05007  val_mse=0.000383  max_grad=0.79  patience=4/30
2026-10-08 21:46:20,062  gsv3.training             INFO     [family_holdout:qaoa] epoch 0071  region_bce=0.0545  dist_mse=0.0630  region_overlap=0.940
2026-10-08 21:46:20,063  gsv3.training             INFO     [family_holdout:qaoa] epoch 0071  train_log_mse=0.00267  val_log_mse=0.05392  val_mse=0.000432  max_grad=0.67  patience=7/30
2026-10-08 21:47:13,528  gsv3.training             INFO     [family_holdout:qnn] epoch 0056  region_bce=0.0687  dist_mse=0.0715  region_overlap=0.929
2026-10-08 21:47:13,528  gsv3.training             INFO     [family_holdout:qnn] epoch 0056  train_log_mse=0.00364  val_log_mse=0.04603  val_mse=0.000376  max_grad=0.77  patience=5/30
2026-10-08 21:47:27,719  gsv3.training             INFO     [family_holdout:qaoa] epoch 0072  region_bce=0.0516  dist_mse=0.0617  region_overlap=0.942
2026-10-08 21:47:27,719  gsv3.training             INFO     [family_holdout:qaoa] epoch 0072  train_log_mse=0.00263  val_log_mse=0.04675  val_mse=0.000400  max_grad=0.48  patience=8/30
2026-10-08 21:48:35,456  gsv3.training             INFO     [family_holdout:qaoa] epoch 0073  region_bce=0.0538  dist_mse=0.0628  region_overlap=0.940
2026-10-08 21:48:35,457  gsv3.training             INFO     [family_holdout:qaoa] epoch 0073  train_log_mse=0.00329  val_log_mse=0.05002  val_mse=0.000387  max_grad=0.73  patience=9/30
2026-10-08 21:48:38,937  gsv3.training             INFO     [family_holdout:qnn] epoch 0057  region_bce=0.0684  dist_mse=0.0710  region_overlap=0.929
2026-10-08 21:48:38,937  gsv3.training             INFO     [family_holdout:qnn] epoch 0057  train_log_mse=0.00361  val_log_mse=0.04720  val_mse=0.000373  max_grad=0.59  patience=6/30
2026-10-08 21:49:45,309  gsv3.training             INFO     [family_holdout:qaoa] epoch 0074  region_bce=0.0534  dist_mse=0.0621  region_overlap=0.941
2026-10-08 21:49:45,309  gsv3.training             INFO     [family_holdout:qaoa] epoch 0074  train_log_mse=0.00302  val_log_mse=0.05063  val_mse=0.000460  max_grad=0.86  patience=10/30
2026-10-08 21:50:08,228  gsv3.training             INFO     [family_holdout:qnn] epoch 0058  region_bce=0.0681  dist_mse=0.0707  region_overlap=0.929
2026-10-08 21:50:08,229  gsv3.training             INFO     [family_holdout:qnn] epoch 0058  train_log_mse=0.00371  val_log_mse=0.06935  val_mse=0.000376  max_grad=0.68  patience=7/30
2026-10-08 21:51:00,956  gsv3.training             INFO     [family_holdout:qaoa] epoch 0075  region_bce=0.0561  dist_mse=0.0631  region_overlap=0.939
2026-10-08 21:51:00,956  gsv3.training             INFO     [family_holdout:qaoa] epoch 0075  train_log_mse=0.00340  val_log_mse=0.05242  val_mse=0.000413  max_grad=0.70  patience=11/30
2026-10-08 21:51:38,610  gsv3.training             INFO     [family_holdout:qnn] epoch 0059  region_bce=0.0657  dist_mse=0.0702  region_overlap=0.931
2026-10-08 21:51:38,612  gsv3.training             INFO     [family_holdout:qnn] epoch 0059  train_log_mse=0.00372  val_log_mse=0.04951  val_mse=0.000350  max_grad=0.51  patience=0/30
2026-10-08 21:52:08,656  gsv3.training             INFO     [family_holdout:qaoa] epoch 0076  region_bce=0.0510  dist_mse=0.0614  region_overlap=0.942
2026-10-08 21:52:08,657  gsv3.training             INFO     [family_holdout:qaoa] epoch 0076  train_log_mse=0.00298  val_log_mse=0.04862  val_mse=0.000441  max_grad=0.65  patience=12/30
2026-10-08 21:53:04,423  gsv3.training             INFO     [family_holdout:qnn] epoch 0060  region_bce=0.0659  dist_mse=0.0700  region_overlap=0.931
2026-10-08 21:53:04,423  gsv3.training             INFO     [family_holdout:qnn] epoch 0060  train_log_mse=0.00400  val_log_mse=0.05031  val_mse=0.000355  max_grad=0.77  patience=1/30
2026-10-08 21:53:17,481  gsv3.training             INFO     [family_holdout:qaoa] epoch 0077  region_bce=0.0490  dist_mse=0.0599  region_overlap=0.944
2026-10-08 21:53:17,481  gsv3.training             INFO     [family_holdout:qaoa] epoch 0077  train_log_mse=0.00251  val_log_mse=0.04613  val_mse=0.000395  max_grad=1.16  patience=13/30
2026-10-08 21:54:30,879  gsv3.training             INFO     [family_holdout:qaoa] epoch 0078  region_bce=0.0489  dist_mse=0.0596  region_overlap=0.944
2026-10-08 21:54:30,880  gsv3.training             INFO     [family_holdout:qaoa] epoch 0078  train_log_mse=0.00259  val_log_mse=0.05841  val_mse=0.000509  max_grad=0.52  patience=14/30
2026-10-08 21:54:36,472  gsv3.training             INFO     [family_holdout:qnn] epoch 0061  region_bce=0.0634  dist_mse=0.0695  region_overlap=0.932
2026-10-08 21:54:36,474  gsv3.training             INFO     [family_holdout:qnn] epoch 0061  train_log_mse=0.00405  val_log_mse=0.05302  val_mse=0.000341  max_grad=0.78  patience=0/30
2026-10-08 21:55:46,025  gsv3.training             INFO     [family_holdout:qaoa] epoch 0079  region_bce=0.0489  dist_mse=0.0596  region_overlap=0.944
2026-10-08 21:55:46,025  gsv3.training             INFO     [family_holdout:qaoa] epoch 0079  train_log_mse=0.00261  val_log_mse=0.05015  val_mse=0.000404  max_grad=0.43  patience=15/30
2026-10-08 21:56:10,859  gsv3.training             INFO     [family_holdout:qnn] epoch 0062  region_bce=0.0604  dist_mse=0.0681  region_overlap=0.935
2026-10-08 21:56:10,859  gsv3.training             INFO     [family_holdout:qnn] epoch 0062  train_log_mse=0.00341  val_log_mse=0.05164  val_mse=0.000364  max_grad=0.78  patience=1/30
2026-10-08 21:56:59,844  gsv3.training             INFO     [family_holdout:qaoa] epoch 0080  region_bce=0.0508  dist_mse=0.0600  region_overlap=0.943
2026-10-08 21:56:59,844  gsv3.training             INFO     [family_holdout:qaoa] epoch 0080  train_log_mse=0.00307  val_log_mse=0.04946  val_mse=0.000498  max_grad=0.58  patience=16/30
2026-10-08 21:57:40,077  gsv3.training             INFO     [family_holdout:qnn] epoch 0063  region_bce=0.0627  dist_mse=0.0682  region_overlap=0.933
2026-10-08 21:57:40,077  gsv3.training             INFO     [family_holdout:qnn] epoch 0063  train_log_mse=0.00355  val_log_mse=0.05062  val_mse=0.000363  max_grad=0.93  patience=2/30
2026-10-08 21:58:07,376  gsv3.training             INFO     [family_holdout:qaoa] epoch 0081  region_bce=0.0530  dist_mse=0.0603  region_overlap=0.942
2026-10-08 21:58:07,376  gsv3.training             INFO     [family_holdout:qaoa] epoch 0081  train_log_mse=0.00302  val_log_mse=0.04757  val_mse=0.000467  max_grad=1.02  patience=17/30
2026-10-08 21:59:05,239  gsv3.training             INFO     [family_holdout:qnn] epoch 0064  region_bce=0.0594  dist_mse=0.0675  region_overlap=0.935
2026-10-08 21:59:05,240  gsv3.training             INFO     [family_holdout:qnn] epoch 0064  train_log_mse=0.00337  val_log_mse=0.05011  val_mse=0.000354  max_grad=0.74  patience=3/30
2026-10-08 21:59:15,351  gsv3.training             INFO     [family_holdout:qaoa] epoch 0082  region_bce=0.0491  dist_mse=0.0590  region_overlap=0.944
2026-10-08 21:59:15,352  gsv3.training             INFO     [family_holdout:qaoa] epoch 0082  train_log_mse=0.00278  val_log_mse=0.04888  val_mse=0.000425  max_grad=0.45  patience=18/30
2026-10-08 22:00:24,173  gsv3.training             INFO     [family_holdout:qaoa] epoch 0083  region_bce=0.0500  dist_mse=0.0589  region_overlap=0.943
2026-10-08 22:00:24,174  gsv3.training             INFO     [family_holdout:qaoa] epoch 0083  train_log_mse=0.00282  val_log_mse=0.04760  val_mse=0.000417  max_grad=0.49  patience=19/30
2026-10-08 22:00:30,728  gsv3.training             INFO     [family_holdout:qnn] epoch 0065  region_bce=0.0592  dist_mse=0.0671  region_overlap=0.936
2026-10-08 22:00:30,729  gsv3.training             INFO     [family_holdout:qnn] epoch 0065  train_log_mse=0.00343  val_log_mse=0.05473  val_mse=0.000369  max_grad=0.55  patience=4/30
2026-10-08 22:01:33,739  gsv3.training             INFO     [family_holdout:qaoa] epoch 0084  region_bce=0.0478  dist_mse=0.0580  region_overlap=0.945
2026-10-08 22:01:33,739  gsv3.training             INFO     [family_holdout:qaoa] epoch 0084  train_log_mse=0.00279  val_log_mse=0.05000  val_mse=0.000411  max_grad=0.69  patience=20/30
2026-10-08 22:01:58,558  gsv3.training             INFO     [family_holdout:qnn] epoch 0066  region_bce=0.0592  dist_mse=0.0668  region_overlap=0.936
2026-10-08 22:01:58,559  gsv3.training             INFO     [family_holdout:qnn] epoch 0066  train_log_mse=0.00355  val_log_mse=0.05076  val_mse=0.000390  max_grad=0.58  patience=5/30
2026-10-08 22:02:44,532  gsv3.training             INFO     [family_holdout:qaoa] epoch 0085  region_bce=0.0473  dist_mse=0.0575  region_overlap=0.945
2026-10-08 22:02:44,533  gsv3.training             INFO     [family_holdout:qaoa] epoch 0085  train_log_mse=0.00258  val_log_mse=0.04842  val_mse=0.000452  max_grad=0.44  patience=21/30
2026-10-08 22:03:30,506  gsv3.training             INFO     [family_holdout:qnn] epoch 0067  region_bce=0.0583  dist_mse=0.0663  region_overlap=0.936
2026-10-08 22:03:30,507  gsv3.training             INFO     [family_holdout:qnn] epoch 0067  train_log_mse=0.00363  val_log_mse=0.05344  val_mse=0.000382  max_grad=0.91  patience=6/30
2026-10-08 22:03:59,286  gsv3.training             INFO     [family_holdout:qaoa] epoch 0086  region_bce=0.0503  dist_mse=0.0584  region_overlap=0.944
2026-10-08 22:03:59,287  gsv3.training             INFO     [family_holdout:qaoa] epoch 0086  train_log_mse=0.00315  val_log_mse=0.06545  val_mse=0.000441  max_grad=0.64  patience=22/30
2026-10-08 22:05:04,989  gsv3.training             INFO     [family_holdout:qnn] epoch 0068  region_bce=0.0573  dist_mse=0.0657  region_overlap=0.937
2026-10-08 22:05:04,990  gsv3.training             INFO     [family_holdout:qnn] epoch 0068  train_log_mse=0.00351  val_log_mse=0.05245  val_mse=0.000391  max_grad=0.71  patience=7/30
2026-10-08 22:05:14,195  gsv3.training             INFO     [family_holdout:qaoa] epoch 0087  region_bce=0.0463  dist_mse=0.0570  region_overlap=0.946
2026-10-08 22:05:14,195  gsv3.training             INFO     [family_holdout:qaoa] epoch 0087  train_log_mse=0.00278  val_log_mse=0.04936  val_mse=0.000439  max_grad=0.60  patience=23/30
2026-10-08 22:06:29,205  gsv3.training             INFO     [family_holdout:qaoa] epoch 0088  region_bce=0.0475  dist_mse=0.0566  region_overlap=0.946
2026-10-08 22:06:29,205  gsv3.training             INFO     [family_holdout:qaoa] epoch 0088  train_log_mse=0.00252  val_log_mse=0.05319  val_mse=0.000456  max_grad=0.42  patience=24/30
2026-10-08 22:06:38,130  gsv3.training             INFO     [family_holdout:qnn] epoch 0069  region_bce=0.0548  dist_mse=0.0647  region_overlap=0.939
2026-10-08 22:06:38,130  gsv3.training             INFO     [family_holdout:qnn] epoch 0069  train_log_mse=0.00322  val_log_mse=0.05634  val_mse=0.000440  max_grad=0.57  patience=8/30
2026-10-08 22:07:37,482  gsv3.training             INFO     [family_holdout:qaoa] epoch 0089  region_bce=0.0458  dist_mse=0.0562  region_overlap=0.946
2026-10-08 22:07:37,483  gsv3.training             INFO     [family_holdout:qaoa] epoch 0089  train_log_mse=0.00271  val_log_mse=0.04710  val_mse=0.000407  max_grad=0.56  patience=25/30
2026-10-08 22:08:03,315  gsv3.training             INFO     [family_holdout:qnn] epoch 0070  region_bce=0.0604  dist_mse=0.0671  region_overlap=0.935
2026-10-08 22:08:03,317  gsv3.training             INFO     [family_holdout:qnn] epoch 0070  train_log_mse=0.00439  val_log_mse=0.04633  val_mse=0.000334  max_grad=1.13  patience=0/30
2026-10-08 22:08:45,261  gsv3.training             INFO     [family_holdout:qaoa] epoch 0090  region_bce=0.0427  dist_mse=0.0549  region_overlap=0.948
2026-10-08 22:08:45,262  gsv3.training             INFO     [family_holdout:qaoa] epoch 0090  train_log_mse=0.00247  val_log_mse=0.04566  val_mse=0.000464  max_grad=0.37  patience=26/30
2026-10-08 22:09:29,738  gsv3.training             INFO     [family_holdout:qnn] epoch 0071  region_bce=0.0528  dist_mse=0.0645  region_overlap=0.940
2026-10-08 22:09:29,739  gsv3.training             INFO     [family_holdout:qnn] epoch 0071  train_log_mse=0.00339  val_log_mse=0.07360  val_mse=0.000372  max_grad=0.49  patience=1/30
2026-10-08 22:09:54,468  gsv3.training             INFO     [family_holdout:qaoa] epoch 0091  region_bce=0.0526  dist_mse=0.0595  region_overlap=0.942
2026-10-08 22:09:54,468  gsv3.training             INFO     [family_holdout:qaoa] epoch 0091  train_log_mse=0.00431  val_log_mse=0.08187  val_mse=0.000471  max_grad=7.76  patience=27/30
2026-10-08 22:10:57,681  gsv3.training             INFO     [family_holdout:qnn] epoch 0072  region_bce=0.0508  dist_mse=0.0631  region_overlap=0.941
2026-10-08 22:10:57,681  gsv3.training             INFO     [family_holdout:qnn] epoch 0072  train_log_mse=0.00325  val_log_mse=0.05390  val_mse=0.000361  max_grad=0.49  patience=2/30
2026-10-08 22:11:04,387  gsv3.training             INFO     [family_holdout:qaoa] epoch 0092  region_bce=0.0503  dist_mse=0.0582  region_overlap=0.943
2026-10-08 22:11:04,387  gsv3.training             INFO     [family_holdout:qaoa] epoch 0092  train_log_mse=0.00394  val_log_mse=0.05891  val_mse=0.000452  max_grad=0.70  patience=28/30
2026-10-08 22:12:14,528  gsv3.training             INFO     [family_holdout:qaoa] epoch 0093  region_bce=0.0427  dist_mse=0.0549  region_overlap=0.948
2026-10-08 22:12:14,529  gsv3.training             INFO     [family_holdout:qaoa] epoch 0093  train_log_mse=0.00258  val_log_mse=0.04967  val_mse=0.000411  max_grad=2.15  patience=29/30
2026-10-08 22:12:25,806  gsv3.training             INFO     [family_holdout:qnn] epoch 0073  region_bce=0.0546  dist_mse=0.0641  region_overlap=0.939
2026-10-08 22:12:25,807  gsv3.training             INFO     [family_holdout:qnn] epoch 0073  train_log_mse=0.00351  val_log_mse=0.05507  val_mse=0.000376  max_grad=2.55  patience=3/30
2026-10-08 22:13:28,672  gsv3.training             INFO     [family_holdout:qaoa] epoch 0094  region_bce=0.0415  dist_mse=0.0536  region_overlap=0.949
2026-10-08 22:13:28,673  gsv3.training             INFO     [family_holdout:qaoa] epoch 0094  train_log_mse=0.00230  val_log_mse=0.05138  val_mse=0.000436  max_grad=0.35  patience=30/30
2026-10-08 22:13:37,418  gsv3.experiment           INFO     [qaoa] TEST  n=2706  MAE=0.0566  R2=0.9339  device-acc=0.424  regret=0.0158
2026-10-08 22:13:37,423  genstudy.io               INFO     Wrote evaluations/generalization_v7/results/v7_l01/leave_one_family_out/qaoa/metrics.json
2026-10-08 22:13:37,439  genstudy.io               INFO     Wrote evaluations/generalization_v7/results/v7_l01/leave_one_family_out/qaoa/predictions.json
2026-10-08 22:13:37,451  genstudy.io               INFO     Wrote evaluations/generalization_v7/results/v7_l01/leave_one_family_out/qaoa/history.json
2026-10-08 22:13:37,502  genstudy.io               INFO     Wrote evaluations/generalization_v7/results/v7_l01/leave_one_family_out/folds.json
2026-10-08 22:13:37,510  genstudy.experiment       INFO     Merged held-out predictions for 2706 circuits
2026-10-08 22:13:37,524  genstudy.io               INFO     Wrote evaluations/generalization_v7/results/v7_l01/leave_one_family_out/heldout_predictions.json
2026-10-08 22:13:37,525  run_experiment            INFO     leave_one_family_out finished: 1 complete, 0 skipped
2026-10-08 22:13:58,595  gsv3.training             INFO     [family_holdout:qnn] epoch 0074  region_bce=0.0524  dist_mse=0.0633  region_overlap=0.940
2026-10-08 22:13:58,596  gsv3.training             INFO     [family_holdout:qnn] epoch 0074  train_log_mse=0.00332  val_log_mse=0.06967  val_mse=0.000357  max_grad=0.75  patience=4/30
2026-10-08 22:15:28,488  gsv3.training             INFO     [family_holdout:qnn] epoch 0075  region_bce=0.0604  dist_mse=0.0657  region_overlap=0.935
2026-10-08 22:15:28,489  gsv3.training             INFO     [family_holdout:qnn] epoch 0075  train_log_mse=0.00465  val_log_mse=0.06055  val_mse=0.000417  max_grad=1.93  patience=5/30
2026-10-08 22:16:52,122  gsv3.training             INFO     [family_holdout:qnn] epoch 0076  region_bce=0.0546  dist_mse=0.0639  region_overlap=0.939
2026-10-08 22:16:52,123  gsv3.training             INFO     [family_holdout:qnn] epoch 0076  train_log_mse=0.00367  val_log_mse=0.05783  val_mse=0.000405  max_grad=0.79  patience=6/30
2026-10-08 22:18:09,080  gsv3.training             INFO     [family_holdout:qnn] epoch 0077  region_bce=0.0499  dist_mse=0.0618  region_overlap=0.942
2026-10-08 22:18:09,080  gsv3.training             INFO     [family_holdout:qnn] epoch 0077  train_log_mse=0.00333  val_log_mse=0.05046  val_mse=0.000387  max_grad=3.33  patience=7/30
2026-10-08 22:19:26,164  gsv3.training             INFO     [family_holdout:qnn] epoch 0078  region_bce=0.0515  dist_mse=0.0623  region_overlap=0.941
2026-10-08 22:19:26,164  gsv3.training             INFO     [family_holdout:qnn] epoch 0078  train_log_mse=0.00310  val_log_mse=0.04796  val_mse=0.000349  max_grad=0.57  patience=8/30
2026-10-08 22:20:43,455  gsv3.training             INFO     [family_holdout:qnn] epoch 0079  region_bce=0.0483  dist_mse=0.0611  region_overlap=0.943
2026-10-08 22:20:43,455  gsv3.training             INFO     [family_holdout:qnn] epoch 0079  train_log_mse=0.00321  val_log_mse=0.05415  val_mse=0.000382  max_grad=1.09  patience=9/30
2026-10-08 22:22:00,486  gsv3.training             INFO     [family_holdout:qnn] epoch 0080  region_bce=0.0529  dist_mse=0.0626  region_overlap=0.940
2026-10-08 22:22:00,487  gsv3.training             INFO     [family_holdout:qnn] epoch 0080  train_log_mse=0.00364  val_log_mse=0.04762  val_mse=0.000339  max_grad=0.65  patience=10/30
2026-10-08 22:23:17,913  gsv3.training             INFO     [family_holdout:qnn] epoch 0081  region_bce=0.0530  dist_mse=0.0619  region_overlap=0.941
2026-10-08 22:23:17,914  gsv3.training             INFO     [family_holdout:qnn] epoch 0081  train_log_mse=0.00358  val_log_mse=0.05073  val_mse=0.000380  max_grad=0.75  patience=11/30
2026-10-08 22:24:35,283  gsv3.training             INFO     [family_holdout:qnn] epoch 0082  region_bce=0.0492  dist_mse=0.0602  region_overlap=0.943
2026-10-08 22:24:35,283  gsv3.training             INFO     [family_holdout:qnn] epoch 0082  train_log_mse=0.00301  val_log_mse=0.05016  val_mse=0.000341  max_grad=0.48  patience=12/30
2026-10-08 22:25:52,715  gsv3.training             INFO     [family_holdout:qnn] epoch 0083  region_bce=0.0471  dist_mse=0.0598  region_overlap=0.945
2026-10-08 22:25:52,715  gsv3.training             INFO     [family_holdout:qnn] epoch 0083  train_log_mse=0.00341  val_log_mse=0.05307  val_mse=0.000365  max_grad=0.64  patience=13/30
2026-10-08 22:27:09,887  gsv3.training             INFO     [family_holdout:qnn] epoch 0084  region_bce=0.0481  dist_mse=0.0602  region_overlap=0.944
2026-10-08 22:27:09,887  gsv3.training             INFO     [family_holdout:qnn] epoch 0084  train_log_mse=0.00325  val_log_mse=0.04908  val_mse=0.000367  max_grad=0.73  patience=14/30
2026-10-08 22:28:29,616  gsv3.training             INFO     [family_holdout:qnn] epoch 0085  region_bce=0.0449  dist_mse=0.0586  region_overlap=0.946
2026-10-08 22:28:29,616  gsv3.training             INFO     [family_holdout:qnn] epoch 0085  train_log_mse=0.00298  val_log_mse=0.05198  val_mse=0.000342  max_grad=0.51  patience=15/30
2026-10-08 22:29:46,603  gsv3.training             INFO     [family_holdout:qnn] epoch 0086  region_bce=0.0454  dist_mse=0.0583  region_overlap=0.946
2026-10-08 22:29:46,604  gsv3.training             INFO     [family_holdout:qnn] epoch 0086  train_log_mse=0.00289  val_log_mse=0.05562  val_mse=0.000376  max_grad=0.53  patience=16/30
2026-10-08 22:31:03,640  gsv3.training             INFO     [family_holdout:qnn] epoch 0087  region_bce=0.0495  dist_mse=0.0598  region_overlap=0.943
2026-10-08 22:31:03,641  gsv3.training             INFO     [family_holdout:qnn] epoch 0087  train_log_mse=0.00343  val_log_mse=0.04688  val_mse=0.000379  max_grad=0.55  patience=17/30
2026-10-08 22:32:20,986  gsv3.training             INFO     [family_holdout:qnn] epoch 0088  region_bce=0.0447  dist_mse=0.0584  region_overlap=0.946
2026-10-08 22:32:20,986  gsv3.training             INFO     [family_holdout:qnn] epoch 0088  train_log_mse=0.00317  val_log_mse=0.04901  val_mse=0.000339  max_grad=0.55  patience=18/30
2026-10-08 22:33:38,166  gsv3.training             INFO     [family_holdout:qnn] epoch 0089  region_bce=0.0435  dist_mse=0.0572  region_overlap=0.947
2026-10-08 22:33:38,167  gsv3.training             INFO     [family_holdout:qnn] epoch 0089  train_log_mse=0.00283  val_log_mse=0.04833  val_mse=0.000343  max_grad=0.33  patience=19/30
2026-10-08 22:34:55,284  gsv3.training             INFO     [family_holdout:qnn] epoch 0090  region_bce=0.0450  dist_mse=0.0574  region_overlap=0.946
2026-10-08 22:34:55,285  gsv3.training             INFO     [family_holdout:qnn] epoch 0090  train_log_mse=0.00321  val_log_mse=0.05713  val_mse=0.000363  max_grad=0.60  patience=20/30
2026-10-08 22:36:12,278  gsv3.training             INFO     [family_holdout:qnn] epoch 0091  region_bce=0.0465  dist_mse=0.0580  region_overlap=0.945
2026-10-08 22:36:12,278  gsv3.training             INFO     [family_holdout:qnn] epoch 0091  train_log_mse=0.00319  val_log_mse=0.05210  val_mse=0.000355  max_grad=0.70  patience=21/30
2026-10-08 22:37:29,493  gsv3.training             INFO     [family_holdout:qnn] epoch 0092  region_bce=0.0430  dist_mse=0.0565  region_overlap=0.948
2026-10-08 22:37:29,494  gsv3.training             INFO     [family_holdout:qnn] epoch 0092  train_log_mse=0.00295  val_log_mse=0.05783  val_mse=0.000398  max_grad=0.46  patience=22/30
2026-10-08 22:38:46,511  gsv3.training             INFO     [family_holdout:qnn] epoch 0093  region_bce=0.0453  dist_mse=0.0567  region_overlap=0.946
2026-10-08 22:38:46,512  gsv3.training             INFO     [family_holdout:qnn] epoch 0093  train_log_mse=0.00292  val_log_mse=0.04910  val_mse=0.000355  max_grad=0.60  patience=23/30
2026-10-08 22:40:03,355  gsv3.training             INFO     [family_holdout:qnn] epoch 0094  region_bce=0.0438  dist_mse=0.0560  region_overlap=0.947
2026-10-08 22:40:03,355  gsv3.training             INFO     [family_holdout:qnn] epoch 0094  train_log_mse=0.00275  val_log_mse=0.04906  val_mse=0.000351  max_grad=0.37  patience=24/30
2026-10-08 22:41:20,640  gsv3.training             INFO     [family_holdout:qnn] epoch 0095  region_bce=0.0426  dist_mse=0.0561  region_overlap=0.948
2026-10-08 22:41:20,640  gsv3.training             INFO     [family_holdout:qnn] epoch 0095  train_log_mse=0.00306  val_log_mse=0.05771  val_mse=0.000342  max_grad=0.49  patience=25/30
2026-10-08 22:42:38,143  gsv3.training             INFO     [family_holdout:qnn] epoch 0096  region_bce=0.0429  dist_mse=0.0558  region_overlap=0.948
2026-10-08 22:42:38,143  gsv3.training             INFO     [family_holdout:qnn] epoch 0096  train_log_mse=0.00292  val_log_mse=0.05281  val_mse=0.000363  max_grad=0.47  patience=26/30
2026-10-08 22:43:55,714  gsv3.training             INFO     [family_holdout:qnn] epoch 0097  region_bce=0.0469  dist_mse=0.0576  region_overlap=0.945
2026-10-08 22:43:55,714  gsv3.training             INFO     [family_holdout:qnn] epoch 0097  train_log_mse=0.00333  val_log_mse=0.05434  val_mse=0.000360  max_grad=1.11  patience=27/30
2026-10-08 22:45:13,339  gsv3.training             INFO     [family_holdout:qnn] epoch 0098  region_bce=0.0446  dist_mse=0.0562  region_overlap=0.947
2026-10-08 22:45:13,339  gsv3.training             INFO     [family_holdout:qnn] epoch 0098  train_log_mse=0.00312  val_log_mse=0.06177  val_mse=0.000367  max_grad=2.29  patience=28/30
2026-10-08 22:46:30,708  gsv3.training             INFO     [family_holdout:qnn] epoch 0099  region_bce=0.0419  dist_mse=0.0552  region_overlap=0.949
2026-10-08 22:46:30,708  gsv3.training             INFO     [family_holdout:qnn] epoch 0099  train_log_mse=0.00293  val_log_mse=0.04702  val_mse=0.000346  max_grad=1.56  patience=29/30
2026-10-08 22:47:47,976  gsv3.training             INFO     [family_holdout:qnn] epoch 0100  region_bce=0.0413  dist_mse=0.0546  region_overlap=0.949
2026-10-08 22:47:47,976  gsv3.training             INFO     [family_holdout:qnn] epoch 0100  train_log_mse=0.00284  val_log_mse=0.07038  val_mse=0.000406  max_grad=0.33  patience=30/30
2026-10-08 22:47:49,075  gsv3.experiment           INFO     [qnn] TEST  n=760  MAE=0.1119  R2=0.6146  device-acc=0.816  regret=0.0037
2026-10-08 22:47:49,078  genstudy.io               INFO     Wrote evaluations/generalization_v7/results/v7_l01/leave_one_family_out/qnn/metrics.json
2026-10-08 22:47:49,084  genstudy.io               INFO     Wrote evaluations/generalization_v7/results/v7_l01/leave_one_family_out/qnn/predictions.json
2026-10-08 22:47:49,095  genstudy.io               INFO     Wrote evaluations/generalization_v7/results/v7_l01/leave_one_family_out/qnn/history.json
2026-10-08 22:47:49,116  genstudy.io               INFO     Wrote evaluations/generalization_v7/results/v7_l01/leave_one_family_out/folds.json
2026-10-08 22:47:49,118  genstudy.experiment       INFO     Merged held-out predictions for 760 circuits
2026-10-08 22:47:49,123  genstudy.io               INFO     Wrote evaluations/generalization_v7/results/v7_l01/leave_one_family_out/heldout_predictions.json
2026-10-08 22:47:49,123  run_experiment            INFO     leave_one_family_out finished: 1 complete, 0 skipped
